--2026-02-13 08:58:29--  https://gitlab.gnome.org/GNOME/gucharmap/-/archive/17.0.1/gucharmap-17.0.1.tar.bz2
Resolving gitlab.gnome.org (gitlab.gnome.org)... 151.101.1.91, 151.101.65.91, 151.101.129.91, ...
Connecting to gitlab.gnome.org (gitlab.gnome.org)|151.101.1.91|:443... connected.
HTTP request sent, awaiting response... 200 OK
Length: 1511603 (1.4M) [application/octet-stream]
Saving to: ‘gucharmap-17.0.1.tar.bz2’

     0K .......... .......... .......... .......... ..........  3% 9.66M 0s
    50K .......... .......... .......... .......... ..........  6% 6.76M 0s
   100K .......... .......... .......... .......... .......... 10% 12.2M 0s
   150K .......... .......... .......... .......... .......... 13% 11.4M 0s
   200K .......... .......... .......... .......... .......... 16% 6.57M 0s
   250K .......... .......... .......... .......... .......... 20%  108M 0s
   300K .......... .......... .......... .......... .......... 23% 12.5M 0s
   350K .......... .......... .......... .......... .......... 27% 12.6M 0s
   400K .......... .......... .......... .......... .......... 30%  102M 0s
   450K .......... .......... .......... .......... .......... 33% 6.39M 0s
   500K .......... .......... .......... .......... .......... 37%  111M 0s
   550K .......... .......... .......... .......... .......... 40%  188M 0s
   600K .......... .......... .......... .......... .......... 44%  102M 0s
   650K .......... .......... .......... .......... .......... 47% 18.1M 0s
   700K .......... .......... .......... .......... .......... 50% 12.1M 0s
   750K .......... .......... .......... .......... .......... 54%  139M 0s
   800K .......... .......... .......... .......... .......... 57%  102M 0s
   850K .......... .......... .......... .......... .......... 60% 15.3M 0s
   900K .......... .......... .......... .......... .......... 64% 11.8M 0s
   950K .......... .......... .......... .......... .......... 67%  143M 0s
  1000K .......... .......... .......... .......... .......... 71%  187M 0s
  1050K .......... .......... .......... .......... .......... 74%  118M 0s
  1100K .......... .......... .......... .......... .......... 77%  109M 0s
  1150K .......... .......... .......... .......... .......... 81%  130M 0s
  1200K .......... .......... .......... .......... .......... 84% 28.9M 0s
  1250K .......... .......... .......... .......... .......... 88% 11.1M 0s
  1300K .......... .......... .......... .......... .......... 91% 99.6M 0s
  1350K .......... .......... .......... .......... .......... 94%  158M 0s
  1400K .......... .......... .......... .......... .......... 98% 88.2M 0s
  1450K .......... .......... ......                          100%  109M=0.07s

2026-02-13 08:58:29 (20.6 MB/s) - ‘gucharmap-17.0.1.tar.bz2’ saved [1511603/1511603]

--2026-02-13 08:58:29--  https://www.unicode.org/Public/7.0.1.0.0/ucd/UCD.zip
Resolving www.unicode.org (www.unicode.org)... 172.67.74.23, 104.26.10.47, 104.26.11.47, ...
Connecting to www.unicode.org (www.unicode.org)|172.67.74.23|:443... connected.
HTTP request sent, awaiting response... 404 Not Found
2026-02-13 08:58:30 ERROR 404: Not Found.

