--2026-03-01 08:47:28--  https://files.pythonhosted.org/packages/source/p/pyasn1/pyasn1-0.6.2.tar.gz
Resolving files.pythonhosted.org (files.pythonhosted.org)... 151.101.64.223, 151.101.0.223, 151.101.128.223, ...
Connecting to files.pythonhosted.org (files.pythonhosted.org)|151.101.64.223|:443... connected.
HTTP request sent, awaiting response... 302 Found
Location: https://files.pythonhosted.org/packages/fe/b6/6e630dff89739fcd427e3f72b3d905ce0acb85a45d4ec3e2678718a3487f/pyasn1-0.6.2.tar.gz [following]
--2026-03-01 08:47:28--  https://files.pythonhosted.org/packages/fe/b6/6e630dff89739fcd427e3f72b3d905ce0acb85a45d4ec3e2678718a3487f/pyasn1-0.6.2.tar.gz
Reusing existing connection to files.pythonhosted.org:443.
HTTP request sent, awaiting response... 200 OK
Length: 146586 (143K) [application/octet-stream]
Saving to: ‘pyasn1-0.6.2.tar.gz’

     0K .......... .......... .......... .......... .......... 34% 8.43M 0s
    50K .......... .......... .......... .......... .......... 69% 20.0M 0s
   100K .......... .......... .......... .......... ...       100% 11.2M=0.01s

2026-03-01 08:47:28 (11.7 MB/s) - ‘pyasn1-0.6.2.tar.gz’ saved [146586/146586]

pyasn1-0.6.2/
pyasn1-0.6.2/CHANGES.rst
pyasn1-0.6.2/LICENSE.rst
pyasn1-0.6.2/MANIFEST.in
pyasn1-0.6.2/PKG-INFO
pyasn1-0.6.2/README.md
pyasn1-0.6.2/SECURITY.md
pyasn1-0.6.2/TODO.rst
pyasn1-0.6.2/docs/
pyasn1-0.6.2/docs/Makefile
pyasn1-0.6.2/docs/source/
pyasn1-0.6.2/docs/source/.static/
pyasn1-0.6.2/docs/source/.static/logo.svg
pyasn1-0.6.2/docs/source/changelog.rst
pyasn1-0.6.2/docs/source/conf.py
pyasn1-0.6.2/docs/source/contents.rst
pyasn1-0.6.2/docs/source/download.rst
pyasn1-0.6.2/docs/source/example-use-case.rst
pyasn1-0.6.2/docs/source/index.rst
pyasn1-0.6.2/docs/source/license.rst
pyasn1-0.6.2/docs/source/pyasn1/
pyasn1-0.6.2/docs/source/pyasn1/codec/
pyasn1-0.6.2/docs/source/pyasn1/codec/ber/
pyasn1-0.6.2/docs/source/pyasn1/codec/ber/contents.rst
pyasn1-0.6.2/docs/source/pyasn1/codec/cer/
pyasn1-0.6.2/docs/source/pyasn1/codec/cer/contents.rst
pyasn1-0.6.2/docs/source/pyasn1/codec/der/
pyasn1-0.6.2/docs/source/pyasn1/codec/der/contents.rst
pyasn1-0.6.2/docs/source/pyasn1/codec/native/
pyasn1-0.6.2/docs/source/pyasn1/codec/native/contents.rst
pyasn1-0.6.2/docs/source/pyasn1/contents.rst
pyasn1-0.6.2/docs/source/pyasn1/error/
pyasn1-0.6.2/docs/source/pyasn1/error/contents.rst
pyasn1-0.6.2/docs/source/pyasn1/type/
pyasn1-0.6.2/docs/source/pyasn1/type/base/
pyasn1-0.6.2/docs/source/pyasn1/type/base/asn1type.rst
pyasn1-0.6.2/docs/source/pyasn1/type/base/constructedasn1type.rst
pyasn1-0.6.2/docs/source/pyasn1/type/base/contents.rst
pyasn1-0.6.2/docs/source/pyasn1/type/base/novalue.rst
pyasn1-0.6.2/docs/source/pyasn1/type/base/simpleasn1type.rst
pyasn1-0.6.2/docs/source/pyasn1/type/char/
pyasn1-0.6.2/docs/source/pyasn1/type/char/bmpstring.rst
pyasn1-0.6.2/docs/source/pyasn1/type/char/contents.rst
pyasn1-0.6.2/docs/source/pyasn1/type/char/generalstring.rst
pyasn1-0.6.2/docs/source/pyasn1/type/char/graphicstring.rst
pyasn1-0.6.2/docs/source/pyasn1/type/char/ia5string.rst
pyasn1-0.6.2/docs/source/pyasn1/type/char/iso646string.rst
pyasn1-0.6.2/docs/source/pyasn1/type/char/numericstring.rst
pyasn1-0.6.2/docs/source/pyasn1/type/char/printablestring.rst
pyasn1-0.6.2/docs/source/pyasn1/type/char/t61string.rst
pyasn1-0.6.2/docs/source/pyasn1/type/char/teletexstring.rst
pyasn1-0.6.2/docs/source/pyasn1/type/char/universalstring.rst
pyasn1-0.6.2/docs/source/pyasn1/type/char/utf8string.rst
pyasn1-0.6.2/docs/source/pyasn1/type/char/videotexstring.rst
pyasn1-0.6.2/docs/source/pyasn1/type/char/visiblestring.rst
pyasn1-0.6.2/docs/source/pyasn1/type/constraint/
pyasn1-0.6.2/docs/source/pyasn1/type/constraint/constraintsexclusion.rst
pyasn1-0.6.2/docs/source/pyasn1/type/constraint/constraintsintersection.rst
pyasn1-0.6.2/docs/source/pyasn1/type/constraint/constraintsunion.rst
pyasn1-0.6.2/docs/source/pyasn1/type/constraint/containedsubtype.rst
pyasn1-0.6.2/docs/source/pyasn1/type/constraint/contents.rst
pyasn1-0.6.2/docs/source/pyasn1/type/constraint/permittedalphabet.rst
pyasn1-0.6.2/docs/source/pyasn1/type/constraint/singlevalue.rst
pyasn1-0.6.2/docs/source/pyasn1/type/constraint/valuerange.rst
pyasn1-0.6.2/docs/source/pyasn1/type/constraint/valuesize.rst
pyasn1-0.6.2/docs/source/pyasn1/type/constraint/withcomponents.rst
pyasn1-0.6.2/docs/source/pyasn1/type/namedtype/
pyasn1-0.6.2/docs/source/pyasn1/type/namedtype/contents.rst
pyasn1-0.6.2/docs/source/pyasn1/type/namedtype/defaultednamedtype.rst
pyasn1-0.6.2/docs/source/pyasn1/type/namedtype/namedtype.rst
pyasn1-0.6.2/docs/source/pyasn1/type/namedtype/namedtypes.rst
pyasn1-0.6.2/docs/source/pyasn1/type/namedtype/optionalnamedtype.rst
pyasn1-0.6.2/docs/source/pyasn1/type/namedval/
pyasn1-0.6.2/docs/source/pyasn1/type/namedval/contents.rst
pyasn1-0.6.2/docs/source/pyasn1/type/namedval/namedval.rst
pyasn1-0.6.2/docs/source/pyasn1/type/opentype/
pyasn1-0.6.2/docs/source/pyasn1/type/opentype/contents.rst
pyasn1-0.6.2/docs/source/pyasn1/type/opentype/opentype.rst
pyasn1-0.6.2/docs/source/pyasn1/type/tag/
pyasn1-0.6.2/docs/source/pyasn1/type/tag/contents.rst
pyasn1-0.6.2/docs/source/pyasn1/type/tag/tag.rst
pyasn1-0.6.2/docs/source/pyasn1/type/tag/tagmap.rst
pyasn1-0.6.2/docs/source/pyasn1/type/tag/tagset.rst
pyasn1-0.6.2/docs/source/pyasn1/type/univ/
pyasn1-0.6.2/docs/source/pyasn1/type/univ/any.rst
pyasn1-0.6.2/docs/source/pyasn1/type/univ/bitstring.rst
pyasn1-0.6.2/docs/source/pyasn1/type/univ/boolean.rst
pyasn1-0.6.2/docs/source/pyasn1/type/univ/choice.rst
pyasn1-0.6.2/docs/source/pyasn1/type/univ/contents.rst
pyasn1-0.6.2/docs/source/pyasn1/type/univ/enumerated.rst
pyasn1-0.6.2/docs/source/pyasn1/type/univ/integer.rst
pyasn1-0.6.2/docs/source/pyasn1/type/univ/null.rst
pyasn1-0.6.2/docs/source/pyasn1/type/univ/objectidentifier.rst
pyasn1-0.6.2/docs/source/pyasn1/type/univ/octetstring.rst
pyasn1-0.6.2/docs/source/pyasn1/type/univ/real.rst
pyasn1-0.6.2/docs/source/pyasn1/type/univ/sequence.rst
pyasn1-0.6.2/docs/source/pyasn1/type/univ/sequenceof.rst
pyasn1-0.6.2/docs/source/pyasn1/type/univ/set.rst
pyasn1-0.6.2/docs/source/pyasn1/type/univ/setof.rst
pyasn1-0.6.2/docs/source/pyasn1/type/useful/
pyasn1-0.6.2/docs/source/pyasn1/type/useful/contents.rst
pyasn1-0.6.2/docs/source/pyasn1/type/useful/generalizedtime.rst
pyasn1-0.6.2/docs/source/pyasn1/type/useful/objectdescriptor.rst
pyasn1-0.6.2/docs/source/pyasn1/type/useful/utctime.rst
pyasn1-0.6.2/pyasn1/
pyasn1-0.6.2/pyasn1/__init__.py
pyasn1-0.6.2/pyasn1/codec/
pyasn1-0.6.2/pyasn1/codec/__init__.py
pyasn1-0.6.2/pyasn1/codec/ber/
pyasn1-0.6.2/pyasn1/codec/ber/__init__.py
pyasn1-0.6.2/pyasn1/codec/ber/decoder.py
pyasn1-0.6.2/pyasn1/codec/ber/encoder.py
pyasn1-0.6.2/pyasn1/codec/ber/eoo.py
pyasn1-0.6.2/pyasn1/codec/cer/
pyasn1-0.6.2/pyasn1/codec/cer/__init__.py
pyasn1-0.6.2/pyasn1/codec/cer/decoder.py
pyasn1-0.6.2/pyasn1/codec/cer/encoder.py
pyasn1-0.6.2/pyasn1/codec/der/
pyasn1-0.6.2/pyasn1/codec/der/__init__.py
pyasn1-0.6.2/pyasn1/codec/der/decoder.py
pyasn1-0.6.2/pyasn1/codec/der/encoder.py
pyasn1-0.6.2/pyasn1/codec/native/
pyasn1-0.6.2/pyasn1/codec/native/__init__.py
pyasn1-0.6.2/pyasn1/codec/native/decoder.py
pyasn1-0.6.2/pyasn1/codec/native/encoder.py
pyasn1-0.6.2/pyasn1/codec/streaming.py
pyasn1-0.6.2/pyasn1/compat/
pyasn1-0.6.2/pyasn1/compat/__init__.py
pyasn1-0.6.2/pyasn1/compat/integer.py
pyasn1-0.6.2/pyasn1/debug.py
pyasn1-0.6.2/pyasn1/error.py
pyasn1-0.6.2/pyasn1/type/
pyasn1-0.6.2/pyasn1/type/__init__.py
pyasn1-0.6.2/pyasn1/type/base.py
pyasn1-0.6.2/pyasn1/type/char.py
pyasn1-0.6.2/pyasn1/type/constraint.py
pyasn1-0.6.2/pyasn1/type/error.py
pyasn1-0.6.2/pyasn1/type/namedtype.py
pyasn1-0.6.2/pyasn1/type/namedval.py
pyasn1-0.6.2/pyasn1/type/opentype.py
pyasn1-0.6.2/pyasn1/type/tag.py
pyasn1-0.6.2/pyasn1/type/tagmap.py
pyasn1-0.6.2/pyasn1/type/univ.py
pyasn1-0.6.2/pyasn1/type/useful.py
pyasn1-0.6.2/pyasn1.egg-info/
pyasn1-0.6.2/pyasn1.egg-info/PKG-INFO
pyasn1-0.6.2/pyasn1.egg-info/SOURCES.txt
pyasn1-0.6.2/pyasn1.egg-info/dependency_links.txt
pyasn1-0.6.2/pyasn1.egg-info/top_level.txt
pyasn1-0.6.2/pyasn1.egg-info/zip-safe
pyasn1-0.6.2/pyproject.toml
pyasn1-0.6.2/setup.cfg
pyasn1-0.6.2/tests/
pyasn1-0.6.2/tests/__init__.py
pyasn1-0.6.2/tests/__main__.py
pyasn1-0.6.2/tests/base.py
pyasn1-0.6.2/tests/codec/
pyasn1-0.6.2/tests/codec/__init__.py
pyasn1-0.6.2/tests/codec/__main__.py
pyasn1-0.6.2/tests/codec/ber/
pyasn1-0.6.2/tests/codec/ber/__init__.py
pyasn1-0.6.2/tests/codec/ber/__main__.py
pyasn1-0.6.2/tests/codec/ber/test_decoder.py
pyasn1-0.6.2/tests/codec/ber/test_encoder.py
pyasn1-0.6.2/tests/codec/cer/
pyasn1-0.6.2/tests/codec/cer/__init__.py
pyasn1-0.6.2/tests/codec/cer/__main__.py
pyasn1-0.6.2/tests/codec/cer/test_decoder.py
pyasn1-0.6.2/tests/codec/cer/test_encoder.py
pyasn1-0.6.2/tests/codec/der/
pyasn1-0.6.2/tests/codec/der/__init__.py
pyasn1-0.6.2/tests/codec/der/__main__.py
pyasn1-0.6.2/tests/codec/der/test_decoder.py
pyasn1-0.6.2/tests/codec/der/test_encoder.py
pyasn1-0.6.2/tests/codec/native/
pyasn1-0.6.2/tests/codec/native/__init__.py
pyasn1-0.6.2/tests/codec/native/__main__.py
pyasn1-0.6.2/tests/codec/native/test_decoder.py
pyasn1-0.6.2/tests/codec/native/test_encoder.py
pyasn1-0.6.2/tests/codec/test_streaming.py
pyasn1-0.6.2/tests/test_debug.py
pyasn1-0.6.2/tests/type/
pyasn1-0.6.2/tests/type/__init__.py
pyasn1-0.6.2/tests/type/__main__.py
pyasn1-0.6.2/tests/type/test_char.py
pyasn1-0.6.2/tests/type/test_constraint.py
pyasn1-0.6.2/tests/type/test_namedtype.py
pyasn1-0.6.2/tests/type/test_namedval.py
pyasn1-0.6.2/tests/type/test_opentype.py
pyasn1-0.6.2/tests/type/test_tag.py
pyasn1-0.6.2/tests/type/test_univ.py
pyasn1-0.6.2/tests/type/test_useful.py
* Creating isolated environment: venv+pip...
* Installing packages in isolated environment:
  - setuptools
* Getting build dependencies for wheel...
/tmp/build-env-550dbd2x/lib/python3.14/site-packages/setuptools/config/_apply_pyprojecttoml.py:82: SetuptoolsDeprecationWarning: `project.license` as a TOML table is deprecated
!!

        ********************************************************************************
        Please use a simple string containing a SPDX expression for `project.license`. You can also use `project.license-files`. (Both options available on setuptools>=77.0.0).

        By 2027-Feb-18, you need to update your project and remove deprecated calls
        or your builds will no longer be supported.

        See https://packaging.python.org/en/latest/guides/writing-pyproject-toml/#license for details.
        ********************************************************************************

!!
  corresp(dist, value, root_dir)
/tmp/build-env-550dbd2x/lib/python3.14/site-packages/setuptools/config/_apply_pyprojecttoml.py:55: SetuptoolsDeprecationWarning: 'tool.setuptools.license-files' is deprecated in favor of 'project.license-files' (available on setuptools>=77.0.0).
!!

        ********************************************************************************

        By 2027-Feb-18, you need to update your project and remove deprecated calls
        or your builds will no longer be supported.

        See https://packaging.python.org/en/latest/guides/writing-pyproject-toml/#license-files for details.
        ********************************************************************************

!!
  _apply_tool_table(dist, config, filename)
running egg_info
writing pyasn1.egg-info/PKG-INFO
writing dependency_links to pyasn1.egg-info/dependency_links.txt
writing top-level names to pyasn1.egg-info/top_level.txt
reading manifest file 'pyasn1.egg-info/SOURCES.txt'
reading manifest template 'MANIFEST.in'
no previously-included directories found matching 'docs/build'
no previously-included directories found matching 'docs/source/.templates'
adding license file 'LICENSE.rst'
writing manifest file 'pyasn1.egg-info/SOURCES.txt'
* Building wheel...
/tmp/build-env-550dbd2x/lib/python3.14/site-packages/setuptools/config/_apply_pyprojecttoml.py:82: SetuptoolsDeprecationWarning: `project.license` as a TOML table is deprecated
!!

        ********************************************************************************
        Please use a simple string containing a SPDX expression for `project.license`. You can also use `project.license-files`. (Both options available on setuptools>=77.0.0).

        By 2027-Feb-18, you need to update your project and remove deprecated calls
        or your builds will no longer be supported.

        See https://packaging.python.org/en/latest/guides/writing-pyproject-toml/#license for details.
        ********************************************************************************

!!
  corresp(dist, value, root_dir)
/tmp/build-env-550dbd2x/lib/python3.14/site-packages/setuptools/config/_apply_pyprojecttoml.py:55: SetuptoolsDeprecationWarning: 'tool.setuptools.license-files' is deprecated in favor of 'project.license-files' (available on setuptools>=77.0.0).
!!

        ********************************************************************************

        By 2027-Feb-18, you need to update your project and remove deprecated calls
        or your builds will no longer be supported.

        See https://packaging.python.org/en/latest/guides/writing-pyproject-toml/#license-files for details.
        ********************************************************************************

!!
  _apply_tool_table(dist, config, filename)
running bdist_wheel
running build
running build_py
creating build/lib/pyasn1
copying pyasn1/error.py -> build/lib/pyasn1
copying pyasn1/__init__.py -> build/lib/pyasn1
copying pyasn1/debug.py -> build/lib/pyasn1
creating build/lib/pyasn1/compat
copying pyasn1/compat/__init__.py -> build/lib/pyasn1/compat
copying pyasn1/compat/integer.py -> build/lib/pyasn1/compat
creating build/lib/pyasn1/type
copying pyasn1/type/namedtype.py -> build/lib/pyasn1/type
copying pyasn1/type/char.py -> build/lib/pyasn1/type
copying pyasn1/type/error.py -> build/lib/pyasn1/type
copying pyasn1/type/tagmap.py -> build/lib/pyasn1/type
copying pyasn1/type/__init__.py -> build/lib/pyasn1/type
copying pyasn1/type/opentype.py -> build/lib/pyasn1/type
copying pyasn1/type/base.py -> build/lib/pyasn1/type
copying pyasn1/type/namedval.py -> build/lib/pyasn1/type
copying pyasn1/type/constraint.py -> build/lib/pyasn1/type
copying pyasn1/type/univ.py -> build/lib/pyasn1/type
copying pyasn1/type/useful.py -> build/lib/pyasn1/type
copying pyasn1/type/tag.py -> build/lib/pyasn1/type
creating build/lib/pyasn1/codec
copying pyasn1/codec/streaming.py -> build/lib/pyasn1/codec
copying pyasn1/codec/__init__.py -> build/lib/pyasn1/codec
creating build/lib/pyasn1/codec/der
copying pyasn1/codec/der/encoder.py -> build/lib/pyasn1/codec/der
copying pyasn1/codec/der/__init__.py -> build/lib/pyasn1/codec/der
copying pyasn1/codec/der/decoder.py -> build/lib/pyasn1/codec/der
creating build/lib/pyasn1/codec/ber
copying pyasn1/codec/ber/encoder.py -> build/lib/pyasn1/codec/ber
copying pyasn1/codec/ber/__init__.py -> build/lib/pyasn1/codec/ber
copying pyasn1/codec/ber/decoder.py -> build/lib/pyasn1/codec/ber
copying pyasn1/codec/ber/eoo.py -> build/lib/pyasn1/codec/ber
creating build/lib/pyasn1/codec/native
copying pyasn1/codec/native/encoder.py -> build/lib/pyasn1/codec/native
copying pyasn1/codec/native/__init__.py -> build/lib/pyasn1/codec/native
copying pyasn1/codec/native/decoder.py -> build/lib/pyasn1/codec/native
creating build/lib/pyasn1/codec/cer
copying pyasn1/codec/cer/encoder.py -> build/lib/pyasn1/codec/cer
copying pyasn1/codec/cer/__init__.py -> build/lib/pyasn1/codec/cer
copying pyasn1/codec/cer/decoder.py -> build/lib/pyasn1/codec/cer
running egg_info
writing pyasn1.egg-info/PKG-INFO
writing dependency_links to pyasn1.egg-info/dependency_links.txt
writing top-level names to pyasn1.egg-info/top_level.txt
reading manifest file 'pyasn1.egg-info/SOURCES.txt'
reading manifest template 'MANIFEST.in'
no previously-included directories found matching 'docs/build'
no previously-included directories found matching 'docs/source/.templates'
adding license file 'LICENSE.rst'
writing manifest file 'pyasn1.egg-info/SOURCES.txt'
installing to build/bdist.linux-x86_64/wheel
running install
running install_lib
creating build/bdist.linux-x86_64/wheel
creating build/bdist.linux-x86_64/wheel/pyasn1
creating build/bdist.linux-x86_64/wheel/pyasn1/compat
copying build/lib/pyasn1/compat/__init__.py -> build/bdist.linux-x86_64/wheel/./pyasn1/compat
copying build/lib/pyasn1/compat/integer.py -> build/bdist.linux-x86_64/wheel/./pyasn1/compat
copying build/lib/pyasn1/error.py -> build/bdist.linux-x86_64/wheel/./pyasn1
creating build/bdist.linux-x86_64/wheel/pyasn1/type
copying build/lib/pyasn1/type/namedtype.py -> build/bdist.linux-x86_64/wheel/./pyasn1/type
copying build/lib/pyasn1/type/char.py -> build/bdist.linux-x86_64/wheel/./pyasn1/type
copying build/lib/pyasn1/type/error.py -> build/bdist.linux-x86_64/wheel/./pyasn1/type
copying build/lib/pyasn1/type/tagmap.py -> build/bdist.linux-x86_64/wheel/./pyasn1/type
copying build/lib/pyasn1/type/__init__.py -> build/bdist.linux-x86_64/wheel/./pyasn1/type
copying build/lib/pyasn1/type/opentype.py -> build/bdist.linux-x86_64/wheel/./pyasn1/type
copying build/lib/pyasn1/type/base.py -> build/bdist.linux-x86_64/wheel/./pyasn1/type
copying build/lib/pyasn1/type/namedval.py -> build/bdist.linux-x86_64/wheel/./pyasn1/type
copying build/lib/pyasn1/type/constraint.py -> build/bdist.linux-x86_64/wheel/./pyasn1/type
copying build/lib/pyasn1/type/univ.py -> build/bdist.linux-x86_64/wheel/./pyasn1/type
copying build/lib/pyasn1/type/useful.py -> build/bdist.linux-x86_64/wheel/./pyasn1/type
copying build/lib/pyasn1/type/tag.py -> build/bdist.linux-x86_64/wheel/./pyasn1/type
copying build/lib/pyasn1/__init__.py -> build/bdist.linux-x86_64/wheel/./pyasn1
copying build/lib/pyasn1/debug.py -> build/bdist.linux-x86_64/wheel/./pyasn1
creating build/bdist.linux-x86_64/wheel/pyasn1/codec
creating build/bdist.linux-x86_64/wheel/pyasn1/codec/der
copying build/lib/pyasn1/codec/der/encoder.py -> build/bdist.linux-x86_64/wheel/./pyasn1/codec/der
copying build/lib/pyasn1/codec/der/__init__.py -> build/bdist.linux-x86_64/wheel/./pyasn1/codec/der
copying build/lib/pyasn1/codec/der/decoder.py -> build/bdist.linux-x86_64/wheel/./pyasn1/codec/der
copying build/lib/pyasn1/codec/streaming.py -> build/bdist.linux-x86_64/wheel/./pyasn1/codec
creating build/bdist.linux-x86_64/wheel/pyasn1/codec/ber
copying build/lib/pyasn1/codec/ber/encoder.py -> build/bdist.linux-x86_64/wheel/./pyasn1/codec/ber
copying build/lib/pyasn1/codec/ber/__init__.py -> build/bdist.linux-x86_64/wheel/./pyasn1/codec/ber
copying build/lib/pyasn1/codec/ber/decoder.py -> build/bdist.linux-x86_64/wheel/./pyasn1/codec/ber
copying build/lib/pyasn1/codec/ber/eoo.py -> build/bdist.linux-x86_64/wheel/./pyasn1/codec/ber
copying build/lib/pyasn1/codec/__init__.py -> build/bdist.linux-x86_64/wheel/./pyasn1/codec
creating build/bdist.linux-x86_64/wheel/pyasn1/codec/native
copying build/lib/pyasn1/codec/native/encoder.py -> build/bdist.linux-x86_64/wheel/./pyasn1/codec/native
copying build/lib/pyasn1/codec/native/__init__.py -> build/bdist.linux-x86_64/wheel/./pyasn1/codec/native
copying build/lib/pyasn1/codec/native/decoder.py -> build/bdist.linux-x86_64/wheel/./pyasn1/codec/native
creating build/bdist.linux-x86_64/wheel/pyasn1/codec/cer
copying build/lib/pyasn1/codec/cer/encoder.py -> build/bdist.linux-x86_64/wheel/./pyasn1/codec/cer
copying build/lib/pyasn1/codec/cer/__init__.py -> build/bdist.linux-x86_64/wheel/./pyasn1/codec/cer
copying build/lib/pyasn1/codec/cer/decoder.py -> build/bdist.linux-x86_64/wheel/./pyasn1/codec/cer
running install_egg_info
Copying pyasn1.egg-info to build/bdist.linux-x86_64/wheel/./pyasn1-0.6.2-py3.14.egg-info
running install_scripts
creating build/bdist.linux-x86_64/wheel/pyasn1-0.6.2.dist-info/WHEEL
creating '/blfs/builds/pyasn1-0.6.2/dist/.tmp-vlkfc_lk/pyasn1-0.6.2-py3-none-any.whl' and adding 'build/bdist.linux-x86_64/wheel' to it
adding 'pyasn1/__init__.py'
adding 'pyasn1/debug.py'
adding 'pyasn1/error.py'
adding 'pyasn1/codec/__init__.py'
adding 'pyasn1/codec/streaming.py'
adding 'pyasn1/codec/ber/__init__.py'
adding 'pyasn1/codec/ber/decoder.py'
adding 'pyasn1/codec/ber/encoder.py'
adding 'pyasn1/codec/ber/eoo.py'
adding 'pyasn1/codec/cer/__init__.py'
adding 'pyasn1/codec/cer/decoder.py'
adding 'pyasn1/codec/cer/encoder.py'
adding 'pyasn1/codec/der/__init__.py'
adding 'pyasn1/codec/der/decoder.py'
adding 'pyasn1/codec/der/encoder.py'
adding 'pyasn1/codec/native/__init__.py'
adding 'pyasn1/codec/native/decoder.py'
adding 'pyasn1/codec/native/encoder.py'
adding 'pyasn1/compat/__init__.py'
adding 'pyasn1/compat/integer.py'
adding 'pyasn1/type/__init__.py'
adding 'pyasn1/type/base.py'
adding 'pyasn1/type/char.py'
adding 'pyasn1/type/constraint.py'
adding 'pyasn1/type/error.py'
adding 'pyasn1/type/namedtype.py'
adding 'pyasn1/type/namedval.py'
adding 'pyasn1/type/opentype.py'
adding 'pyasn1/type/tag.py'
adding 'pyasn1/type/tagmap.py'
adding 'pyasn1/type/univ.py'
adding 'pyasn1/type/useful.py'
adding 'pyasn1-0.6.2.dist-info/licenses/LICENSE.rst'
adding 'pyasn1-0.6.2.dist-info/METADATA'
adding 'pyasn1-0.6.2.dist-info/WHEEL'
adding 'pyasn1-0.6.2.dist-info/top_level.txt'
adding 'pyasn1-0.6.2.dist-info/zip-safe'
adding 'pyasn1-0.6.2.dist-info/RECORD'
removing build/bdist.linux-x86_64/wheel
Successfully built pyasn1-0.6.2-py3-none-any.whl
'/pkgs/python-pyasn1/usr/lib/python3.14/site-packages/pyasn1' -> '/usr/lib/python3.14/site-packages/pyasn1'
'/pkgs/python-pyasn1/usr/lib/python3.14/site-packages/pyasn1/__init__.py' -> '/usr/lib/python3.14/site-packages/pyasn1/__init__.py'
'/pkgs/python-pyasn1/usr/lib/python3.14/site-packages/pyasn1/debug.py' -> '/usr/lib/python3.14/site-packages/pyasn1/debug.py'
'/pkgs/python-pyasn1/usr/lib/python3.14/site-packages/pyasn1/error.py' -> '/usr/lib/python3.14/site-packages/pyasn1/error.py'
'/pkgs/python-pyasn1/usr/lib/python3.14/site-packages/pyasn1/codec' -> '/usr/lib/python3.14/site-packages/pyasn1/codec'
'/pkgs/python-pyasn1/usr/lib/python3.14/site-packages/pyasn1/codec/__init__.py' -> '/usr/lib/python3.14/site-packages/pyasn1/codec/__init__.py'
'/pkgs/python-pyasn1/usr/lib/python3.14/site-packages/pyasn1/codec/streaming.py' -> '/usr/lib/python3.14/site-packages/pyasn1/codec/streaming.py'
'/pkgs/python-pyasn1/usr/lib/python3.14/site-packages/pyasn1/codec/ber' -> '/usr/lib/python3.14/site-packages/pyasn1/codec/ber'
'/pkgs/python-pyasn1/usr/lib/python3.14/site-packages/pyasn1/codec/ber/__init__.py' -> '/usr/lib/python3.14/site-packages/pyasn1/codec/ber/__init__.py'
'/pkgs/python-pyasn1/usr/lib/python3.14/site-packages/pyasn1/codec/ber/decoder.py' -> '/usr/lib/python3.14/site-packages/pyasn1/codec/ber/decoder.py'
'/pkgs/python-pyasn1/usr/lib/python3.14/site-packages/pyasn1/codec/ber/encoder.py' -> '/usr/lib/python3.14/site-packages/pyasn1/codec/ber/encoder.py'
'/pkgs/python-pyasn1/usr/lib/python3.14/site-packages/pyasn1/codec/ber/eoo.py' -> '/usr/lib/python3.14/site-packages/pyasn1/codec/ber/eoo.py'
'/pkgs/python-pyasn1/usr/lib/python3.14/site-packages/pyasn1/codec/ber/__pycache__' -> '/usr/lib/python3.14/site-packages/pyasn1/codec/ber/__pycache__'
'/pkgs/python-pyasn1/usr/lib/python3.14/site-packages/pyasn1/codec/ber/__pycache__/__init__.cpython-314.pyc' -> '/usr/lib/python3.14/site-packages/pyasn1/codec/ber/__pycache__/__init__.cpython-314.pyc'
'/pkgs/python-pyasn1/usr/lib/python3.14/site-packages/pyasn1/codec/ber/__pycache__/__init__.cpython-314.opt-1.pyc' -> '/usr/lib/python3.14/site-packages/pyasn1/codec/ber/__pycache__/__init__.cpython-314.opt-1.pyc'
'/pkgs/python-pyasn1/usr/lib/python3.14/site-packages/pyasn1/codec/ber/__pycache__/decoder.cpython-314.pyc' -> '/usr/lib/python3.14/site-packages/pyasn1/codec/ber/__pycache__/decoder.cpython-314.pyc'
'/pkgs/python-pyasn1/usr/lib/python3.14/site-packages/pyasn1/codec/ber/__pycache__/decoder.cpython-314.opt-1.pyc' -> '/usr/lib/python3.14/site-packages/pyasn1/codec/ber/__pycache__/decoder.cpython-314.opt-1.pyc'
'/pkgs/python-pyasn1/usr/lib/python3.14/site-packages/pyasn1/codec/ber/__pycache__/encoder.cpython-314.pyc' -> '/usr/lib/python3.14/site-packages/pyasn1/codec/ber/__pycache__/encoder.cpython-314.pyc'
'/pkgs/python-pyasn1/usr/lib/python3.14/site-packages/pyasn1/codec/ber/__pycache__/encoder.cpython-314.opt-1.pyc' -> '/usr/lib/python3.14/site-packages/pyasn1/codec/ber/__pycache__/encoder.cpython-314.opt-1.pyc'
'/pkgs/python-pyasn1/usr/lib/python3.14/site-packages/pyasn1/codec/ber/__pycache__/eoo.cpython-314.pyc' -> '/usr/lib/python3.14/site-packages/pyasn1/codec/ber/__pycache__/eoo.cpython-314.pyc'
'/pkgs/python-pyasn1/usr/lib/python3.14/site-packages/pyasn1/codec/ber/__pycache__/eoo.cpython-314.opt-1.pyc' -> '/usr/lib/python3.14/site-packages/pyasn1/codec/ber/__pycache__/eoo.cpython-314.opt-1.pyc'
'/pkgs/python-pyasn1/usr/lib/python3.14/site-packages/pyasn1/codec/cer' -> '/usr/lib/python3.14/site-packages/pyasn1/codec/cer'
'/pkgs/python-pyasn1/usr/lib/python3.14/site-packages/pyasn1/codec/cer/__init__.py' -> '/usr/lib/python3.14/site-packages/pyasn1/codec/cer/__init__.py'
'/pkgs/python-pyasn1/usr/lib/python3.14/site-packages/pyasn1/codec/cer/decoder.py' -> '/usr/lib/python3.14/site-packages/pyasn1/codec/cer/decoder.py'
'/pkgs/python-pyasn1/usr/lib/python3.14/site-packages/pyasn1/codec/cer/encoder.py' -> '/usr/lib/python3.14/site-packages/pyasn1/codec/cer/encoder.py'
'/pkgs/python-pyasn1/usr/lib/python3.14/site-packages/pyasn1/codec/cer/__pycache__' -> '/usr/lib/python3.14/site-packages/pyasn1/codec/cer/__pycache__'
'/pkgs/python-pyasn1/usr/lib/python3.14/site-packages/pyasn1/codec/cer/__pycache__/__init__.cpython-314.pyc' -> '/usr/lib/python3.14/site-packages/pyasn1/codec/cer/__pycache__/__init__.cpython-314.pyc'
'/pkgs/python-pyasn1/usr/lib/python3.14/site-packages/pyasn1/codec/cer/__pycache__/__init__.cpython-314.opt-1.pyc' -> '/usr/lib/python3.14/site-packages/pyasn1/codec/cer/__pycache__/__init__.cpython-314.opt-1.pyc'
'/pkgs/python-pyasn1/usr/lib/python3.14/site-packages/pyasn1/codec/cer/__pycache__/decoder.cpython-314.pyc' -> '/usr/lib/python3.14/site-packages/pyasn1/codec/cer/__pycache__/decoder.cpython-314.pyc'
'/pkgs/python-pyasn1/usr/lib/python3.14/site-packages/pyasn1/codec/cer/__pycache__/decoder.cpython-314.opt-1.pyc' -> '/usr/lib/python3.14/site-packages/pyasn1/codec/cer/__pycache__/decoder.cpython-314.opt-1.pyc'
'/pkgs/python-pyasn1/usr/lib/python3.14/site-packages/pyasn1/codec/cer/__pycache__/encoder.cpython-314.pyc' -> '/usr/lib/python3.14/site-packages/pyasn1/codec/cer/__pycache__/encoder.cpython-314.pyc'
'/pkgs/python-pyasn1/usr/lib/python3.14/site-packages/pyasn1/codec/cer/__pycache__/encoder.cpython-314.opt-1.pyc' -> '/usr/lib/python3.14/site-packages/pyasn1/codec/cer/__pycache__/encoder.cpython-314.opt-1.pyc'
'/pkgs/python-pyasn1/usr/lib/python3.14/site-packages/pyasn1/codec/der' -> '/usr/lib/python3.14/site-packages/pyasn1/codec/der'
'/pkgs/python-pyasn1/usr/lib/python3.14/site-packages/pyasn1/codec/der/__init__.py' -> '/usr/lib/python3.14/site-packages/pyasn1/codec/der/__init__.py'
'/pkgs/python-pyasn1/usr/lib/python3.14/site-packages/pyasn1/codec/der/decoder.py' -> '/usr/lib/python3.14/site-packages/pyasn1/codec/der/decoder.py'
'/pkgs/python-pyasn1/usr/lib/python3.14/site-packages/pyasn1/codec/der/encoder.py' -> '/usr/lib/python3.14/site-packages/pyasn1/codec/der/encoder.py'
'/pkgs/python-pyasn1/usr/lib/python3.14/site-packages/pyasn1/codec/der/__pycache__' -> '/usr/lib/python3.14/site-packages/pyasn1/codec/der/__pycache__'
'/pkgs/python-pyasn1/usr/lib/python3.14/site-packages/pyasn1/codec/der/__pycache__/__init__.cpython-314.pyc' -> '/usr/lib/python3.14/site-packages/pyasn1/codec/der/__pycache__/__init__.cpython-314.pyc'
'/pkgs/python-pyasn1/usr/lib/python3.14/site-packages/pyasn1/codec/der/__pycache__/__init__.cpython-314.opt-1.pyc' -> '/usr/lib/python3.14/site-packages/pyasn1/codec/der/__pycache__/__init__.cpython-314.opt-1.pyc'
'/pkgs/python-pyasn1/usr/lib/python3.14/site-packages/pyasn1/codec/der/__pycache__/decoder.cpython-314.pyc' -> '/usr/lib/python3.14/site-packages/pyasn1/codec/der/__pycache__/decoder.cpython-314.pyc'
'/pkgs/python-pyasn1/usr/lib/python3.14/site-packages/pyasn1/codec/der/__pycache__/decoder.cpython-314.opt-1.pyc' -> '/usr/lib/python3.14/site-packages/pyasn1/codec/der/__pycache__/decoder.cpython-314.opt-1.pyc'
'/pkgs/python-pyasn1/usr/lib/python3.14/site-packages/pyasn1/codec/der/__pycache__/encoder.cpython-314.pyc' -> '/usr/lib/python3.14/site-packages/pyasn1/codec/der/__pycache__/encoder.cpython-314.pyc'
'/pkgs/python-pyasn1/usr/lib/python3.14/site-packages/pyasn1/codec/der/__pycache__/encoder.cpython-314.opt-1.pyc' -> '/usr/lib/python3.14/site-packages/pyasn1/codec/der/__pycache__/encoder.cpython-314.opt-1.pyc'
'/pkgs/python-pyasn1/usr/lib/python3.14/site-packages/pyasn1/codec/native' -> '/usr/lib/python3.14/site-packages/pyasn1/codec/native'
'/pkgs/python-pyasn1/usr/lib/python3.14/site-packages/pyasn1/codec/native/__init__.py' -> '/usr/lib/python3.14/site-packages/pyasn1/codec/native/__init__.py'
'/pkgs/python-pyasn1/usr/lib/python3.14/site-packages/pyasn1/codec/native/decoder.py' -> '/usr/lib/python3.14/site-packages/pyasn1/codec/native/decoder.py'
'/pkgs/python-pyasn1/usr/lib/python3.14/site-packages/pyasn1/codec/native/encoder.py' -> '/usr/lib/python3.14/site-packages/pyasn1/codec/native/encoder.py'
'/pkgs/python-pyasn1/usr/lib/python3.14/site-packages/pyasn1/codec/native/__pycache__' -> '/usr/lib/python3.14/site-packages/pyasn1/codec/native/__pycache__'
'/pkgs/python-pyasn1/usr/lib/python3.14/site-packages/pyasn1/codec/native/__pycache__/__init__.cpython-314.pyc' -> '/usr/lib/python3.14/site-packages/pyasn1/codec/native/__pycache__/__init__.cpython-314.pyc'
'/pkgs/python-pyasn1/usr/lib/python3.14/site-packages/pyasn1/codec/native/__pycache__/__init__.cpython-314.opt-1.pyc' -> '/usr/lib/python3.14/site-packages/pyasn1/codec/native/__pycache__/__init__.cpython-314.opt-1.pyc'
'/pkgs/python-pyasn1/usr/lib/python3.14/site-packages/pyasn1/codec/native/__pycache__/decoder.cpython-314.pyc' -> '/usr/lib/python3.14/site-packages/pyasn1/codec/native/__pycache__/decoder.cpython-314.pyc'
'/pkgs/python-pyasn1/usr/lib/python3.14/site-packages/pyasn1/codec/native/__pycache__/decoder.cpython-314.opt-1.pyc' -> '/usr/lib/python3.14/site-packages/pyasn1/codec/native/__pycache__/decoder.cpython-314.opt-1.pyc'
'/pkgs/python-pyasn1/usr/lib/python3.14/site-packages/pyasn1/codec/native/__pycache__/encoder.cpython-314.pyc' -> '/usr/lib/python3.14/site-packages/pyasn1/codec/native/__pycache__/encoder.cpython-314.pyc'
'/pkgs/python-pyasn1/usr/lib/python3.14/site-packages/pyasn1/codec/native/__pycache__/encoder.cpython-314.opt-1.pyc' -> '/usr/lib/python3.14/site-packages/pyasn1/codec/native/__pycache__/encoder.cpython-314.opt-1.pyc'
'/pkgs/python-pyasn1/usr/lib/python3.14/site-packages/pyasn1/codec/__pycache__' -> '/usr/lib/python3.14/site-packages/pyasn1/codec/__pycache__'
'/pkgs/python-pyasn1/usr/lib/python3.14/site-packages/pyasn1/codec/__pycache__/__init__.cpython-314.pyc' -> '/usr/lib/python3.14/site-packages/pyasn1/codec/__pycache__/__init__.cpython-314.pyc'
'/pkgs/python-pyasn1/usr/lib/python3.14/site-packages/pyasn1/codec/__pycache__/__init__.cpython-314.opt-1.pyc' -> '/usr/lib/python3.14/site-packages/pyasn1/codec/__pycache__/__init__.cpython-314.opt-1.pyc'
'/pkgs/python-pyasn1/usr/lib/python3.14/site-packages/pyasn1/codec/__pycache__/streaming.cpython-314.pyc' -> '/usr/lib/python3.14/site-packages/pyasn1/codec/__pycache__/streaming.cpython-314.pyc'
'/pkgs/python-pyasn1/usr/lib/python3.14/site-packages/pyasn1/codec/__pycache__/streaming.cpython-314.opt-1.pyc' -> '/usr/lib/python3.14/site-packages/pyasn1/codec/__pycache__/streaming.cpython-314.opt-1.pyc'
'/pkgs/python-pyasn1/usr/lib/python3.14/site-packages/pyasn1/compat' -> '/usr/lib/python3.14/site-packages/pyasn1/compat'
'/pkgs/python-pyasn1/usr/lib/python3.14/site-packages/pyasn1/compat/__init__.py' -> '/usr/lib/python3.14/site-packages/pyasn1/compat/__init__.py'
'/pkgs/python-pyasn1/usr/lib/python3.14/site-packages/pyasn1/compat/integer.py' -> '/usr/lib/python3.14/site-packages/pyasn1/compat/integer.py'
'/pkgs/python-pyasn1/usr/lib/python3.14/site-packages/pyasn1/compat/__pycache__' -> '/usr/lib/python3.14/site-packages/pyasn1/compat/__pycache__'
'/pkgs/python-pyasn1/usr/lib/python3.14/site-packages/pyasn1/compat/__pycache__/__init__.cpython-314.pyc' -> '/usr/lib/python3.14/site-packages/pyasn1/compat/__pycache__/__init__.cpython-314.pyc'
'/pkgs/python-pyasn1/usr/lib/python3.14/site-packages/pyasn1/compat/__pycache__/__init__.cpython-314.opt-1.pyc' -> '/usr/lib/python3.14/site-packages/pyasn1/compat/__pycache__/__init__.cpython-314.opt-1.pyc'
'/pkgs/python-pyasn1/usr/lib/python3.14/site-packages/pyasn1/compat/__pycache__/integer.cpython-314.pyc' -> '/usr/lib/python3.14/site-packages/pyasn1/compat/__pycache__/integer.cpython-314.pyc'
'/pkgs/python-pyasn1/usr/lib/python3.14/site-packages/pyasn1/compat/__pycache__/integer.cpython-314.opt-1.pyc' -> '/usr/lib/python3.14/site-packages/pyasn1/compat/__pycache__/integer.cpython-314.opt-1.pyc'
'/pkgs/python-pyasn1/usr/lib/python3.14/site-packages/pyasn1/type' -> '/usr/lib/python3.14/site-packages/pyasn1/type'
'/pkgs/python-pyasn1/usr/lib/python3.14/site-packages/pyasn1/type/__init__.py' -> '/usr/lib/python3.14/site-packages/pyasn1/type/__init__.py'
'/pkgs/python-pyasn1/usr/lib/python3.14/site-packages/pyasn1/type/base.py' -> '/usr/lib/python3.14/site-packages/pyasn1/type/base.py'
'/pkgs/python-pyasn1/usr/lib/python3.14/site-packages/pyasn1/type/char.py' -> '/usr/lib/python3.14/site-packages/pyasn1/type/char.py'
'/pkgs/python-pyasn1/usr/lib/python3.14/site-packages/pyasn1/type/constraint.py' -> '/usr/lib/python3.14/site-packages/pyasn1/type/constraint.py'
'/pkgs/python-pyasn1/usr/lib/python3.14/site-packages/pyasn1/type/error.py' -> '/usr/lib/python3.14/site-packages/pyasn1/type/error.py'
'/pkgs/python-pyasn1/usr/lib/python3.14/site-packages/pyasn1/type/namedtype.py' -> '/usr/lib/python3.14/site-packages/pyasn1/type/namedtype.py'
'/pkgs/python-pyasn1/usr/lib/python3.14/site-packages/pyasn1/type/namedval.py' -> '/usr/lib/python3.14/site-packages/pyasn1/type/namedval.py'
'/pkgs/python-pyasn1/usr/lib/python3.14/site-packages/pyasn1/type/opentype.py' -> '/usr/lib/python3.14/site-packages/pyasn1/type/opentype.py'
'/pkgs/python-pyasn1/usr/lib/python3.14/site-packages/pyasn1/type/tag.py' -> '/usr/lib/python3.14/site-packages/pyasn1/type/tag.py'
'/pkgs/python-pyasn1/usr/lib/python3.14/site-packages/pyasn1/type/tagmap.py' -> '/usr/lib/python3.14/site-packages/pyasn1/type/tagmap.py'
'/pkgs/python-pyasn1/usr/lib/python3.14/site-packages/pyasn1/type/univ.py' -> '/usr/lib/python3.14/site-packages/pyasn1/type/univ.py'
'/pkgs/python-pyasn1/usr/lib/python3.14/site-packages/pyasn1/type/useful.py' -> '/usr/lib/python3.14/site-packages/pyasn1/type/useful.py'
'/pkgs/python-pyasn1/usr/lib/python3.14/site-packages/pyasn1/type/__pycache__' -> '/usr/lib/python3.14/site-packages/pyasn1/type/__pycache__'
'/pkgs/python-pyasn1/usr/lib/python3.14/site-packages/pyasn1/type/__pycache__/__init__.cpython-314.pyc' -> '/usr/lib/python3.14/site-packages/pyasn1/type/__pycache__/__init__.cpython-314.pyc'
'/pkgs/python-pyasn1/usr/lib/python3.14/site-packages/pyasn1/type/__pycache__/__init__.cpython-314.opt-1.pyc' -> '/usr/lib/python3.14/site-packages/pyasn1/type/__pycache__/__init__.cpython-314.opt-1.pyc'
'/pkgs/python-pyasn1/usr/lib/python3.14/site-packages/pyasn1/type/__pycache__/base.cpython-314.pyc' -> '/usr/lib/python3.14/site-packages/pyasn1/type/__pycache__/base.cpython-314.pyc'
'/pkgs/python-pyasn1/usr/lib/python3.14/site-packages/pyasn1/type/__pycache__/base.cpython-314.opt-1.pyc' -> '/usr/lib/python3.14/site-packages/pyasn1/type/__pycache__/base.cpython-314.opt-1.pyc'
'/pkgs/python-pyasn1/usr/lib/python3.14/site-packages/pyasn1/type/__pycache__/char.cpython-314.pyc' -> '/usr/lib/python3.14/site-packages/pyasn1/type/__pycache__/char.cpython-314.pyc'
'/pkgs/python-pyasn1/usr/lib/python3.14/site-packages/pyasn1/type/__pycache__/char.cpython-314.opt-1.pyc' -> '/usr/lib/python3.14/site-packages/pyasn1/type/__pycache__/char.cpython-314.opt-1.pyc'
'/pkgs/python-pyasn1/usr/lib/python3.14/site-packages/pyasn1/type/__pycache__/constraint.cpython-314.pyc' -> '/usr/lib/python3.14/site-packages/pyasn1/type/__pycache__/constraint.cpython-314.pyc'
'/pkgs/python-pyasn1/usr/lib/python3.14/site-packages/pyasn1/type/__pycache__/constraint.cpython-314.opt-1.pyc' -> '/usr/lib/python3.14/site-packages/pyasn1/type/__pycache__/constraint.cpython-314.opt-1.pyc'
'/pkgs/python-pyasn1/usr/lib/python3.14/site-packages/pyasn1/type/__pycache__/error.cpython-314.pyc' -> '/usr/lib/python3.14/site-packages/pyasn1/type/__pycache__/error.cpython-314.pyc'
'/pkgs/python-pyasn1/usr/lib/python3.14/site-packages/pyasn1/type/__pycache__/error.cpython-314.opt-1.pyc' -> '/usr/lib/python3.14/site-packages/pyasn1/type/__pycache__/error.cpython-314.opt-1.pyc'
'/pkgs/python-pyasn1/usr/lib/python3.14/site-packages/pyasn1/type/__pycache__/namedtype.cpython-314.pyc' -> '/usr/lib/python3.14/site-packages/pyasn1/type/__pycache__/namedtype.cpython-314.pyc'
'/pkgs/python-pyasn1/usr/lib/python3.14/site-packages/pyasn1/type/__pycache__/namedtype.cpython-314.opt-1.pyc' -> '/usr/lib/python3.14/site-packages/pyasn1/type/__pycache__/namedtype.cpython-314.opt-1.pyc'
'/pkgs/python-pyasn1/usr/lib/python3.14/site-packages/pyasn1/type/__pycache__/namedval.cpython-314.pyc' -> '/usr/lib/python3.14/site-packages/pyasn1/type/__pycache__/namedval.cpython-314.pyc'
'/pkgs/python-pyasn1/usr/lib/python3.14/site-packages/pyasn1/type/__pycache__/namedval.cpython-314.opt-1.pyc' -> '/usr/lib/python3.14/site-packages/pyasn1/type/__pycache__/namedval.cpython-314.opt-1.pyc'
'/pkgs/python-pyasn1/usr/lib/python3.14/site-packages/pyasn1/type/__pycache__/opentype.cpython-314.pyc' -> '/usr/lib/python3.14/site-packages/pyasn1/type/__pycache__/opentype.cpython-314.pyc'
'/pkgs/python-pyasn1/usr/lib/python3.14/site-packages/pyasn1/type/__pycache__/opentype.cpython-314.opt-1.pyc' -> '/usr/lib/python3.14/site-packages/pyasn1/type/__pycache__/opentype.cpython-314.opt-1.pyc'
'/pkgs/python-pyasn1/usr/lib/python3.14/site-packages/pyasn1/type/__pycache__/tag.cpython-314.pyc' -> '/usr/lib/python3.14/site-packages/pyasn1/type/__pycache__/tag.cpython-314.pyc'
'/pkgs/python-pyasn1/usr/lib/python3.14/site-packages/pyasn1/type/__pycache__/tag.cpython-314.opt-1.pyc' -> '/usr/lib/python3.14/site-packages/pyasn1/type/__pycache__/tag.cpython-314.opt-1.pyc'
'/pkgs/python-pyasn1/usr/lib/python3.14/site-packages/pyasn1/type/__pycache__/tagmap.cpython-314.pyc' -> '/usr/lib/python3.14/site-packages/pyasn1/type/__pycache__/tagmap.cpython-314.pyc'
'/pkgs/python-pyasn1/usr/lib/python3.14/site-packages/pyasn1/type/__pycache__/tagmap.cpython-314.opt-1.pyc' -> '/usr/lib/python3.14/site-packages/pyasn1/type/__pycache__/tagmap.cpython-314.opt-1.pyc'
'/pkgs/python-pyasn1/usr/lib/python3.14/site-packages/pyasn1/type/__pycache__/univ.cpython-314.pyc' -> '/usr/lib/python3.14/site-packages/pyasn1/type/__pycache__/univ.cpython-314.pyc'
'/pkgs/python-pyasn1/usr/lib/python3.14/site-packages/pyasn1/type/__pycache__/univ.cpython-314.opt-1.pyc' -> '/usr/lib/python3.14/site-packages/pyasn1/type/__pycache__/univ.cpython-314.opt-1.pyc'
'/pkgs/python-pyasn1/usr/lib/python3.14/site-packages/pyasn1/type/__pycache__/useful.cpython-314.pyc' -> '/usr/lib/python3.14/site-packages/pyasn1/type/__pycache__/useful.cpython-314.pyc'
'/pkgs/python-pyasn1/usr/lib/python3.14/site-packages/pyasn1/type/__pycache__/useful.cpython-314.opt-1.pyc' -> '/usr/lib/python3.14/site-packages/pyasn1/type/__pycache__/useful.cpython-314.opt-1.pyc'
'/pkgs/python-pyasn1/usr/lib/python3.14/site-packages/pyasn1/__pycache__' -> '/usr/lib/python3.14/site-packages/pyasn1/__pycache__'
'/pkgs/python-pyasn1/usr/lib/python3.14/site-packages/pyasn1/__pycache__/__init__.cpython-314.pyc' -> '/usr/lib/python3.14/site-packages/pyasn1/__pycache__/__init__.cpython-314.pyc'
'/pkgs/python-pyasn1/usr/lib/python3.14/site-packages/pyasn1/__pycache__/__init__.cpython-314.opt-1.pyc' -> '/usr/lib/python3.14/site-packages/pyasn1/__pycache__/__init__.cpython-314.opt-1.pyc'
'/pkgs/python-pyasn1/usr/lib/python3.14/site-packages/pyasn1/__pycache__/debug.cpython-314.pyc' -> '/usr/lib/python3.14/site-packages/pyasn1/__pycache__/debug.cpython-314.pyc'
'/pkgs/python-pyasn1/usr/lib/python3.14/site-packages/pyasn1/__pycache__/debug.cpython-314.opt-1.pyc' -> '/usr/lib/python3.14/site-packages/pyasn1/__pycache__/debug.cpython-314.opt-1.pyc'
'/pkgs/python-pyasn1/usr/lib/python3.14/site-packages/pyasn1/__pycache__/error.cpython-314.pyc' -> '/usr/lib/python3.14/site-packages/pyasn1/__pycache__/error.cpython-314.pyc'
'/pkgs/python-pyasn1/usr/lib/python3.14/site-packages/pyasn1/__pycache__/error.cpython-314.opt-1.pyc' -> '/usr/lib/python3.14/site-packages/pyasn1/__pycache__/error.cpython-314.opt-1.pyc'
'/pkgs/python-pyasn1/usr/lib/python3.14/site-packages/pyasn1-0.6.2.dist-info' -> '/usr/lib/python3.14/site-packages/pyasn1-0.6.2.dist-info'
'/pkgs/python-pyasn1/usr/lib/python3.14/site-packages/pyasn1-0.6.2.dist-info/licenses' -> '/usr/lib/python3.14/site-packages/pyasn1-0.6.2.dist-info/licenses'
'/pkgs/python-pyasn1/usr/lib/python3.14/site-packages/pyasn1-0.6.2.dist-info/licenses/LICENSE.rst' -> '/usr/lib/python3.14/site-packages/pyasn1-0.6.2.dist-info/licenses/LICENSE.rst'
'/pkgs/python-pyasn1/usr/lib/python3.14/site-packages/pyasn1-0.6.2.dist-info/METADATA' -> '/usr/lib/python3.14/site-packages/pyasn1-0.6.2.dist-info/METADATA'
'/pkgs/python-pyasn1/usr/lib/python3.14/site-packages/pyasn1-0.6.2.dist-info/WHEEL' -> '/usr/lib/python3.14/site-packages/pyasn1-0.6.2.dist-info/WHEEL'
'/pkgs/python-pyasn1/usr/lib/python3.14/site-packages/pyasn1-0.6.2.dist-info/top_level.txt' -> '/usr/lib/python3.14/site-packages/pyasn1-0.6.2.dist-info/top_level.txt'
'/pkgs/python-pyasn1/usr/lib/python3.14/site-packages/pyasn1-0.6.2.dist-info/zip-safe' -> '/usr/lib/python3.14/site-packages/pyasn1-0.6.2.dist-info/zip-safe'
'/pkgs/python-pyasn1/usr/lib/python3.14/site-packages/pyasn1-0.6.2.dist-info/RECORD' -> '/usr/lib/python3.14/site-packages/pyasn1-0.6.2.dist-info/RECORD'
python-pyasn1/
python-pyasn1/usr/
python-pyasn1/usr/lib/
python-pyasn1/usr/lib/python3.14/
python-pyasn1/usr/lib/python3.14/site-packages/
python-pyasn1/usr/lib/python3.14/site-packages/pyasn1/
python-pyasn1/usr/lib/python3.14/site-packages/pyasn1/compat/
python-pyasn1/usr/lib/python3.14/site-packages/pyasn1/compat/__pycache__/
python-pyasn1/usr/lib/python3.14/site-packages/pyasn1/compat/__pycache__/__init__.cpython-314.opt-1.pyc
python-pyasn1/usr/lib/python3.14/site-packages/pyasn1/compat/__pycache__/integer.cpython-314.opt-1.pyc
python-pyasn1/usr/lib/python3.14/site-packages/pyasn1/compat/__pycache__/integer.cpython-314.pyc
python-pyasn1/usr/lib/python3.14/site-packages/pyasn1/compat/__pycache__/__init__.cpython-314.pyc
python-pyasn1/usr/lib/python3.14/site-packages/pyasn1/compat/__init__.py
python-pyasn1/usr/lib/python3.14/site-packages/pyasn1/compat/integer.py
python-pyasn1/usr/lib/python3.14/site-packages/pyasn1/error.py
python-pyasn1/usr/lib/python3.14/site-packages/pyasn1/type/
python-pyasn1/usr/lib/python3.14/site-packages/pyasn1/type/namedtype.py
python-pyasn1/usr/lib/python3.14/site-packages/pyasn1/type/char.py
python-pyasn1/usr/lib/python3.14/site-packages/pyasn1/type/error.py
python-pyasn1/usr/lib/python3.14/site-packages/pyasn1/type/__pycache__/
python-pyasn1/usr/lib/python3.14/site-packages/pyasn1/type/__pycache__/base.cpython-314.opt-1.pyc
python-pyasn1/usr/lib/python3.14/site-packages/pyasn1/type/__pycache__/namedval.cpython-314.opt-1.pyc
python-pyasn1/usr/lib/python3.14/site-packages/pyasn1/type/__pycache__/tagmap.cpython-314.opt-1.pyc
python-pyasn1/usr/lib/python3.14/site-packages/pyasn1/type/__pycache__/namedval.cpython-314.pyc
python-pyasn1/usr/lib/python3.14/site-packages/pyasn1/type/__pycache__/univ.cpython-314.opt-1.pyc
python-pyasn1/usr/lib/python3.14/site-packages/pyasn1/type/__pycache__/opentype.cpython-314.pyc
python-pyasn1/usr/lib/python3.14/site-packages/pyasn1/type/__pycache__/__init__.cpython-314.opt-1.pyc
python-pyasn1/usr/lib/python3.14/site-packages/pyasn1/type/__pycache__/univ.cpython-314.pyc
python-pyasn1/usr/lib/python3.14/site-packages/pyasn1/type/__pycache__/error.cpython-314.opt-1.pyc
python-pyasn1/usr/lib/python3.14/site-packages/pyasn1/type/__pycache__/useful.cpython-314.pyc
python-pyasn1/usr/lib/python3.14/site-packages/pyasn1/type/__pycache__/base.cpython-314.pyc
python-pyasn1/usr/lib/python3.14/site-packages/pyasn1/type/__pycache__/tag.cpython-314.pyc
python-pyasn1/usr/lib/python3.14/site-packages/pyasn1/type/__pycache__/char.cpython-314.pyc
python-pyasn1/usr/lib/python3.14/site-packages/pyasn1/type/__pycache__/constraint.cpython-314.pyc
python-pyasn1/usr/lib/python3.14/site-packages/pyasn1/type/__pycache__/constraint.cpython-314.opt-1.pyc
python-pyasn1/usr/lib/python3.14/site-packages/pyasn1/type/__pycache__/namedtype.cpython-314.pyc
python-pyasn1/usr/lib/python3.14/site-packages/pyasn1/type/__pycache__/opentype.cpython-314.opt-1.pyc
python-pyasn1/usr/lib/python3.14/site-packages/pyasn1/type/__pycache__/char.cpython-314.opt-1.pyc
python-pyasn1/usr/lib/python3.14/site-packages/pyasn1/type/__pycache__/__init__.cpython-314.pyc
python-pyasn1/usr/lib/python3.14/site-packages/pyasn1/type/__pycache__/error.cpython-314.pyc
python-pyasn1/usr/lib/python3.14/site-packages/pyasn1/type/__pycache__/tagmap.cpython-314.pyc
python-pyasn1/usr/lib/python3.14/site-packages/pyasn1/type/__pycache__/namedtype.cpython-314.opt-1.pyc
python-pyasn1/usr/lib/python3.14/site-packages/pyasn1/type/__pycache__/tag.cpython-314.opt-1.pyc
python-pyasn1/usr/lib/python3.14/site-packages/pyasn1/type/__pycache__/useful.cpython-314.opt-1.pyc
python-pyasn1/usr/lib/python3.14/site-packages/pyasn1/type/tagmap.py
python-pyasn1/usr/lib/python3.14/site-packages/pyasn1/type/__init__.py
python-pyasn1/usr/lib/python3.14/site-packages/pyasn1/type/opentype.py
python-pyasn1/usr/lib/python3.14/site-packages/pyasn1/type/base.py
python-pyasn1/usr/lib/python3.14/site-packages/pyasn1/type/namedval.py
python-pyasn1/usr/lib/python3.14/site-packages/pyasn1/type/constraint.py
python-pyasn1/usr/lib/python3.14/site-packages/pyasn1/type/univ.py
python-pyasn1/usr/lib/python3.14/site-packages/pyasn1/type/useful.py
python-pyasn1/usr/lib/python3.14/site-packages/pyasn1/type/tag.py
python-pyasn1/usr/lib/python3.14/site-packages/pyasn1/__pycache__/
python-pyasn1/usr/lib/python3.14/site-packages/pyasn1/__pycache__/debug.cpython-314.pyc
python-pyasn1/usr/lib/python3.14/site-packages/pyasn1/__pycache__/__init__.cpython-314.opt-1.pyc
python-pyasn1/usr/lib/python3.14/site-packages/pyasn1/__pycache__/error.cpython-314.opt-1.pyc
python-pyasn1/usr/lib/python3.14/site-packages/pyasn1/__pycache__/debug.cpython-314.opt-1.pyc
python-pyasn1/usr/lib/python3.14/site-packages/pyasn1/__pycache__/__init__.cpython-314.pyc
python-pyasn1/usr/lib/python3.14/site-packages/pyasn1/__pycache__/error.cpython-314.pyc
python-pyasn1/usr/lib/python3.14/site-packages/pyasn1/__init__.py
python-pyasn1/usr/lib/python3.14/site-packages/pyasn1/debug.py
python-pyasn1/usr/lib/python3.14/site-packages/pyasn1/codec/
python-pyasn1/usr/lib/python3.14/site-packages/pyasn1/codec/der/
python-pyasn1/usr/lib/python3.14/site-packages/pyasn1/codec/der/__pycache__/
python-pyasn1/usr/lib/python3.14/site-packages/pyasn1/codec/der/__pycache__/encoder.cpython-314.opt-1.pyc
python-pyasn1/usr/lib/python3.14/site-packages/pyasn1/codec/der/__pycache__/encoder.cpython-314.pyc
python-pyasn1/usr/lib/python3.14/site-packages/pyasn1/codec/der/__pycache__/__init__.cpython-314.opt-1.pyc
python-pyasn1/usr/lib/python3.14/site-packages/pyasn1/codec/der/__pycache__/decoder.cpython-314.opt-1.pyc
python-pyasn1/usr/lib/python3.14/site-packages/pyasn1/codec/der/__pycache__/__init__.cpython-314.pyc
python-pyasn1/usr/lib/python3.14/site-packages/pyasn1/codec/der/__pycache__/decoder.cpython-314.pyc
python-pyasn1/usr/lib/python3.14/site-packages/pyasn1/codec/der/encoder.py
python-pyasn1/usr/lib/python3.14/site-packages/pyasn1/codec/der/__init__.py
python-pyasn1/usr/lib/python3.14/site-packages/pyasn1/codec/der/decoder.py
python-pyasn1/usr/lib/python3.14/site-packages/pyasn1/codec/__pycache__/
python-pyasn1/usr/lib/python3.14/site-packages/pyasn1/codec/__pycache__/__init__.cpython-314.opt-1.pyc
python-pyasn1/usr/lib/python3.14/site-packages/pyasn1/codec/__pycache__/streaming.cpython-314.opt-1.pyc
python-pyasn1/usr/lib/python3.14/site-packages/pyasn1/codec/__pycache__/streaming.cpython-314.pyc
python-pyasn1/usr/lib/python3.14/site-packages/pyasn1/codec/__pycache__/__init__.cpython-314.pyc
python-pyasn1/usr/lib/python3.14/site-packages/pyasn1/codec/streaming.py
python-pyasn1/usr/lib/python3.14/site-packages/pyasn1/codec/ber/
python-pyasn1/usr/lib/python3.14/site-packages/pyasn1/codec/ber/__pycache__/
python-pyasn1/usr/lib/python3.14/site-packages/pyasn1/codec/ber/__pycache__/eoo.cpython-314.opt-1.pyc
python-pyasn1/usr/lib/python3.14/site-packages/pyasn1/codec/ber/__pycache__/encoder.cpython-314.opt-1.pyc
python-pyasn1/usr/lib/python3.14/site-packages/pyasn1/codec/ber/__pycache__/encoder.cpython-314.pyc
python-pyasn1/usr/lib/python3.14/site-packages/pyasn1/codec/ber/__pycache__/__init__.cpython-314.opt-1.pyc
python-pyasn1/usr/lib/python3.14/site-packages/pyasn1/codec/ber/__pycache__/eoo.cpython-314.pyc
python-pyasn1/usr/lib/python3.14/site-packages/pyasn1/codec/ber/__pycache__/decoder.cpython-314.opt-1.pyc
python-pyasn1/usr/lib/python3.14/site-packages/pyasn1/codec/ber/__pycache__/__init__.cpython-314.pyc
python-pyasn1/usr/lib/python3.14/site-packages/pyasn1/codec/ber/__pycache__/decoder.cpython-314.pyc
python-pyasn1/usr/lib/python3.14/site-packages/pyasn1/codec/ber/encoder.py
python-pyasn1/usr/lib/python3.14/site-packages/pyasn1/codec/ber/__init__.py
python-pyasn1/usr/lib/python3.14/site-packages/pyasn1/codec/ber/decoder.py
python-pyasn1/usr/lib/python3.14/site-packages/pyasn1/codec/ber/eoo.py
python-pyasn1/usr/lib/python3.14/site-packages/pyasn1/codec/__init__.py
python-pyasn1/usr/lib/python3.14/site-packages/pyasn1/codec/native/
python-pyasn1/usr/lib/python3.14/site-packages/pyasn1/codec/native/__pycache__/
python-pyasn1/usr/lib/python3.14/site-packages/pyasn1/codec/native/__pycache__/encoder.cpython-314.opt-1.pyc
python-pyasn1/usr/lib/python3.14/site-packages/pyasn1/codec/native/__pycache__/encoder.cpython-314.pyc
python-pyasn1/usr/lib/python3.14/site-packages/pyasn1/codec/native/__pycache__/__init__.cpython-314.opt-1.pyc
python-pyasn1/usr/lib/python3.14/site-packages/pyasn1/codec/native/__pycache__/decoder.cpython-314.opt-1.pyc
python-pyasn1/usr/lib/python3.14/site-packages/pyasn1/codec/native/__pycache__/__init__.cpython-314.pyc
python-pyasn1/usr/lib/python3.14/site-packages/pyasn1/codec/native/__pycache__/decoder.cpython-314.pyc
python-pyasn1/usr/lib/python3.14/site-packages/pyasn1/codec/native/encoder.py
python-pyasn1/usr/lib/python3.14/site-packages/pyasn1/codec/native/__init__.py
python-pyasn1/usr/lib/python3.14/site-packages/pyasn1/codec/native/decoder.py
python-pyasn1/usr/lib/python3.14/site-packages/pyasn1/codec/cer/
python-pyasn1/usr/lib/python3.14/site-packages/pyasn1/codec/cer/__pycache__/
python-pyasn1/usr/lib/python3.14/site-packages/pyasn1/codec/cer/__pycache__/encoder.cpython-314.opt-1.pyc
python-pyasn1/usr/lib/python3.14/site-packages/pyasn1/codec/cer/__pycache__/encoder.cpython-314.pyc
python-pyasn1/usr/lib/python3.14/site-packages/pyasn1/codec/cer/__pycache__/__init__.cpython-314.opt-1.pyc
python-pyasn1/usr/lib/python3.14/site-packages/pyasn1/codec/cer/__pycache__/decoder.cpython-314.opt-1.pyc
python-pyasn1/usr/lib/python3.14/site-packages/pyasn1/codec/cer/__pycache__/__init__.cpython-314.pyc
python-pyasn1/usr/lib/python3.14/site-packages/pyasn1/codec/cer/__pycache__/decoder.cpython-314.pyc
python-pyasn1/usr/lib/python3.14/site-packages/pyasn1/codec/cer/encoder.py
python-pyasn1/usr/lib/python3.14/site-packages/pyasn1/codec/cer/__init__.py
python-pyasn1/usr/lib/python3.14/site-packages/pyasn1/codec/cer/decoder.py
python-pyasn1/usr/lib/python3.14/site-packages/pyasn1-0.6.2.dist-info/
python-pyasn1/usr/lib/python3.14/site-packages/pyasn1-0.6.2.dist-info/RECORD
python-pyasn1/usr/lib/python3.14/site-packages/pyasn1-0.6.2.dist-info/METADATA
python-pyasn1/usr/lib/python3.14/site-packages/pyasn1-0.6.2.dist-info/top_level.txt
python-pyasn1/usr/lib/python3.14/site-packages/pyasn1-0.6.2.dist-info/WHEEL
python-pyasn1/usr/lib/python3.14/site-packages/pyasn1-0.6.2.dist-info/zip-safe
python-pyasn1/usr/lib/python3.14/site-packages/pyasn1-0.6.2.dist-info/licenses/
python-pyasn1/usr/lib/python3.14/site-packages/pyasn1-0.6.2.dist-info/licenses/LICENSE.rst
python-pyasn1/version
python-pyasn1/depends
python-pyasn1/make-depends
