--2026-03-10 07:20:10--  https://download.videolan.org/vlc/3.0.23/vlc-3.0.23.tar.xz
Resolving download.videolan.org (download.videolan.org)... 213.36.253.2, 2a01:e0d:1:3:58bf:fa02:c0de:5
Connecting to download.videolan.org (download.videolan.org)|213.36.253.2|:443... connected.
HTTP request sent, awaiting response... 200 OK
Length: 26486988 (25M) [application/octet-stream]
Saving to: ‘vlc-3.0.23.tar.xz’

     0K .......... .......... .......... .......... ..........  0%  569K 45s
    50K .......... .......... .......... .......... ..........  0%  570K 45s
   100K .......... .......... .......... .......... ..........  0%  129M 30s
   150K .......... .......... .......... .......... ..........  0%  392K 39s
   200K .......... .......... .......... .......... ..........  0%  125M 31s
   250K .......... .......... .......... .......... ..........  1% 1.02M 30s
   300K .......... .......... .......... .......... ..........  1% 1.19M 29s
   350K .......... .......... .......... .......... ..........  1% 1.04M 28s
   400K .......... .......... .......... .......... ..........  1% 1.11M 27s
   450K .......... .......... .......... .......... ..........  1% 1.11M 27s
   500K .......... .......... .......... .......... ..........  2% 90.6M 24s
   550K .......... .......... .......... .......... ..........  2% 1.23M 24s
   600K .......... .......... .......... .......... ..........  2% 1.02M 24s
   650K .......... .......... .......... .......... ..........  2%  138M 22s
   700K .......... .......... .......... .......... ..........  2% 13.7M 21s
   750K .......... .......... .......... .......... ..........  3% 1.22M 21s
   800K .......... .......... .......... .......... ..........  3% 1.10M 21s
   850K .......... .......... .......... .......... ..........  3%  108M 20s
   900K .......... .......... .......... .......... ..........  3%  136M 18s
   950K .......... .......... .......... .......... ..........  3% 15.1M 18s
  1000K .......... .......... .......... .......... ..........  4% 1.35M 18s
  1050K .......... .......... .......... .......... ..........  4% 1.02M 18s
  1100K .......... .......... .......... .......... ..........  4% 99.2M 17s
  1150K .......... .......... .......... .......... ..........  4% 90.2M 16s
  1200K .......... .......... .......... .......... ..........  4% 15.5M 16s
  1250K .......... .......... .......... .......... ..........  5% 25.2M 15s
  1300K .......... .......... .......... .......... ..........  5% 1.43M 15s
  1350K .......... .......... .......... .......... ..........  5% 11.7M 15s
  1400K .......... .......... .......... .......... ..........  5% 1.11M 15s
  1450K .......... .......... .......... .......... ..........  5%  177M 14s
  1500K .......... .......... .......... .......... ..........  5%  103M 14s
  1550K .......... .......... .......... .......... ..........  6% 83.1M 13s
  1600K .......... .......... .......... .......... ..........  6% 19.3M 13s
  1650K .......... .......... .......... .......... ..........  6%  139M 13s
  1700K .......... .......... .......... .......... ..........  6% 14.7M 12s
  1750K .......... .......... .......... .......... ..........  6% 74.6M 12s
  1800K .......... .......... .......... .......... ..........  7% 1.36M 12s
  1850K .......... .......... .......... .......... ..........  7% 1.12M 12s
  1900K .......... .......... .......... .......... ..........  7% 83.9M 12s
  1950K .......... .......... .......... .......... ..........  7% 75.5M 12s
  2000K .......... .......... .......... .......... ..........  7%  186M 11s
  2050K .......... .......... .......... .......... ..........  8%  165M 11s
  2100K .......... .......... .......... .......... ..........  8% 18.8M 11s
  2150K .......... .......... .......... .......... ..........  8% 14.6M 10s
  2200K .......... .......... .......... .......... ..........  8%  133M 10s
  2250K .......... .......... .......... .......... ..........  8%  105M 10s
  2300K .......... .......... .......... .......... ..........  9% 90.2M 10s
  2350K .......... .......... .......... .......... ..........  9% 92.9M 10s
  2400K .......... .......... .......... .......... ..........  9% 1.42M 10s
  2450K .......... .......... .......... .......... ..........  9% 1.11M 10s
  2500K .......... .......... .......... .......... ..........  9% 86.1M 10s
  2550K .......... .......... .......... .......... .......... 10%  194M 9s
  2600K .......... .......... .......... .......... .......... 10% 92.4M 9s
  2650K .......... .......... .......... .......... .......... 10%  148M 9s
  2700K .......... .......... .......... .......... .......... 10% 21.5M 9s
  2750K .......... .......... .......... .......... .......... 10% 71.6M 9s
  2800K .......... .......... .......... .......... .......... 11%  121M 9s
  2850K .......... .......... .......... .......... .......... 11% 95.5M 8s
  2900K .......... .......... .......... .......... .......... 11%  144M 8s
  2950K .......... .......... .......... .......... .......... 11% 23.8M 8s
  3000K .......... .......... .......... .......... .......... 11% 87.9M 8s
  3050K .......... .......... .......... .......... .......... 11%  129M 8s
  3100K .......... .......... .......... .......... .......... 12% 14.5M 8s
  3150K .......... .......... .......... .......... .......... 12% 84.4M 8s
  3200K .......... .......... .......... .......... .......... 12% 1.79M 8s
  3250K .......... .......... .......... .......... .......... 12% 11.6M 8s
  3300K .......... .......... .......... .......... .......... 12% 1.11M 8s
  3350K .......... .......... .......... .......... .......... 13% 95.2M 8s
  3400K .......... .......... .......... .......... .......... 13%  176M 7s
  3450K .......... .......... .......... .......... .......... 13% 87.3M 7s
  3500K .......... .......... .......... .......... .......... 13%  146M 7s
  3550K .......... .......... .......... .......... .......... 13% 84.4M 7s
  3600K .......... .......... .......... .......... .......... 14%  128M 7s
  3650K .......... .......... .......... .......... .......... 14% 27.2M 7s
  3700K .......... .......... .......... .......... .......... 14%  126M 7s
  3750K .......... .......... .......... .......... .......... 14% 92.9M 7s
  3800K .......... .......... .......... .......... .......... 14%  134M 7s
  3850K .......... .......... .......... .......... .......... 15%  125M 6s
  3900K .......... .......... .......... .......... .......... 15%  118M 6s
  3950K .......... .......... .......... .......... .......... 15%  106M 6s
  4000K .......... .......... .......... .......... .......... 15% 36.1M 6s
  4050K .......... .......... .......... .......... .......... 15%  138M 6s
  4100K .......... .......... .......... .......... .......... 16%  112M 6s
  4150K .......... .......... .......... .......... .......... 16%  134M 6s
  4200K .......... .......... .......... .......... .......... 16% 14.0M 6s
  4250K .......... .......... .......... .......... .......... 16%  101M 6s
  4300K .......... .......... .......... .......... .......... 16%  153M 6s
  4350K .......... .......... .......... .......... .......... 17% 82.2M 6s
  4400K .......... .......... .......... .......... .......... 17% 24.7M 6s
  4450K .......... .......... .......... .......... .......... 17% 1.78M 6s
  4500K .......... .......... .......... .......... .......... 17% 1.11M 6s
  4550K .......... .......... .......... .......... .......... 17%  152M 6s
  4600K .......... .......... .......... .......... .......... 17%  103M 6s
  4650K .......... .......... .......... .......... .......... 18% 99.2M 6s
  4700K .......... .......... .......... .......... .......... 18% 18.7M 5s
  4750K .......... .......... .......... .......... .......... 18% 75.3M 5s
  4800K .......... .......... .......... .......... .......... 18% 97.4M 5s
  4850K .......... .......... .......... .......... .......... 18%  109M 5s
  4900K .......... .......... .......... .......... .......... 19%  163M 5s
  4950K .......... .......... .......... .......... .......... 19%  102M 5s
  5000K .......... .......... .......... .......... .......... 19%  147M 5s
  5050K .......... .......... .......... .......... .......... 19%  111M 5s
  5100K .......... .......... .......... .......... .......... 19% 91.6M 5s
  5150K .......... .......... .......... .......... .......... 20% 88.1M 5s
  5200K .......... .......... .......... .......... .......... 20% 86.3M 5s
  5250K .......... .......... .......... .......... .......... 20% 79.4M 5s
  5300K .......... .......... .......... .......... .......... 20%  175M 5s
  5350K .......... .......... .......... .......... .......... 20%  104M 5s
  5400K .......... .......... .......... .......... .......... 21%  140M 5s
  5450K .......... .......... .......... .......... .......... 21% 98.8M 5s
  5500K .......... .......... .......... .......... .......... 21%  132M 5s
  5550K .......... .......... .......... .......... .......... 21%  108M 4s
  5600K .......... .......... .......... .......... .......... 21% 82.6M 4s
  5650K .......... .......... .......... .......... .......... 22% 82.0M 4s
  5700K .......... .......... .......... .......... .......... 22%  112M 4s
  5750K .......... .......... .......... .......... .......... 22%  108M 4s
  5800K .......... .......... .......... .......... .......... 22% 20.9M 4s
  5850K .......... .......... .......... .......... .......... 22% 92.2M 4s
  5900K .......... .......... .......... .......... .......... 23%  148M 4s
  5950K .......... .......... .......... .......... .......... 23%  107M 4s
  6000K .......... .......... .......... .......... .......... 23% 97.1M 4s
  6050K .......... .......... .......... .......... .......... 23% 95.1M 4s
  6100K .......... .......... .......... .......... .......... 23% 2.27M 4s
  6150K .......... .......... .......... .......... .......... 23% 11.2M 4s
  6200K .......... .......... .......... .......... .......... 24% 1.12M 4s
  6250K .......... .......... .......... .......... .......... 24%  105M 4s
  6300K .......... .......... .......... .......... .......... 24%  119M 4s
  6350K .......... .......... .......... .......... .......... 24% 15.2M 4s
  6400K .......... .......... .......... .......... .......... 24%  149M 4s
  6450K .......... .......... .......... .......... .......... 25%  115M 4s
  6500K .......... .......... .......... .......... .......... 25%  122M 4s
  6550K .......... .......... .......... .......... .......... 25%  127M 4s
  6600K .......... .......... .......... .......... .......... 25%  126M 4s
  6650K .......... .......... .......... .......... .......... 25%  130M 4s
  6700K .......... .......... .......... .......... .......... 26% 85.3M 4s
  6750K .......... .......... .......... .......... .......... 26% 93.8M 4s
  6800K .......... .......... .......... .......... .......... 26%  160M 4s
  6850K .......... .......... .......... .......... .......... 26% 88.4M 4s
  6900K .......... .......... .......... .......... .......... 26%  149M 4s
  6950K .......... .......... .......... .......... .......... 27% 92.7M 4s
  7000K .......... .......... .......... .......... .......... 27%  174M 4s
  7050K .......... .......... .......... .......... .......... 27% 96.8M 4s
  7100K .......... .......... .......... .......... .......... 27% 96.7M 3s
  7150K .......... .......... .......... .......... .......... 27% 95.1M 3s
  7200K .......... .......... .......... .......... .......... 28% 78.8M 3s
  7250K .......... .......... .......... .......... .......... 28%  210M 3s
  7300K .......... .......... .......... .......... .......... 28% 93.9M 3s
  7350K .......... .......... .......... .......... .......... 28%  192M 3s
  7400K .......... .......... .......... .......... .......... 28% 92.5M 3s
  7450K .......... .......... .......... .......... .......... 28%  116M 3s
  7500K .......... .......... .......... .......... .......... 29%  128M 3s
  7550K .......... .......... .......... .......... .......... 29% 55.4M 3s
  7600K .......... .......... .......... .......... .......... 29%  125M 3s
  7650K .......... .......... .......... .......... .......... 29%  191M 3s
  7700K .......... .......... .......... .......... .......... 29% 93.5M 3s
  7750K .......... .......... .......... .......... .......... 30%  107M 3s
  7800K .......... .......... .......... .......... .......... 30%  161M 3s
  7850K .......... .......... .......... .......... .......... 30% 89.1M 3s
  7900K .......... .......... .......... .......... .......... 30%  187M 3s
  7950K .......... .......... .......... .......... .......... 30% 90.6M 3s
  8000K .......... .......... .......... .......... .......... 31% 38.4M 3s
  8050K .......... .......... .......... .......... .......... 31%  159M 3s
  8100K .......... .......... .......... .......... .......... 31%  146M 3s
  8150K .......... .......... .......... .......... .......... 31%  102M 3s
  8200K .......... .......... .......... .......... .......... 31% 19.0M 3s
  8250K .......... .......... .......... .......... .......... 32% 97.0M 3s
  8300K .......... .......... .......... .......... .......... 32%  260M 3s
  8350K .......... .......... .......... .......... .......... 32%  187M 3s
  8400K .......... .......... .......... .......... .......... 32%  175M 3s
  8450K .......... .......... .......... .......... .......... 32%  232M 3s
  8500K .......... .......... .......... .......... .......... 33% 2.54M 3s
  8550K .......... .......... .......... .......... .......... 33% 1.11M 3s
  8600K .......... .......... .......... .......... .......... 33%  140M 3s
  8650K .......... .......... .......... .......... .......... 33%  102M 3s
  8700K .......... .......... .......... .......... .......... 33%  103M 3s
  8750K .......... .......... .......... .......... .......... 34% 19.4M 3s
  8800K .......... .......... .......... .......... .......... 34% 79.4M 3s
  8850K .......... .......... .......... .......... .......... 34%  218M 3s
  8900K .......... .......... .......... .......... .......... 34% 88.2M 3s
  8950K .......... .......... .......... .......... .......... 34%  104M 3s
  9000K .......... .......... .......... .......... .......... 34%  151M 3s
  9050K .......... .......... .......... .......... .......... 35%  103M 3s
  9100K .......... .......... .......... .......... .......... 35%  138M 3s
  9150K .......... .......... .......... .......... .......... 35% 87.4M 3s
  9200K .......... .......... .......... .......... .......... 35%  101M 3s
  9250K .......... .......... .......... .......... .......... 35%  149M 3s
  9300K .......... .......... .......... .......... .......... 36%  104M 3s
  9350K .......... .......... .......... .......... .......... 36% 43.8M 2s
  9400K .......... .......... .......... .......... .......... 36%  135M 2s
  9450K .......... .......... .......... .......... .......... 36%  119M 2s
  9500K .......... .......... .......... .......... .......... 36% 93.7M 2s
  9550K .......... .......... .......... .......... .......... 37%  102M 2s
  9600K .......... .......... .......... .......... .......... 37% 96.5M 2s
  9650K .......... .......... .......... .......... .......... 37%  149M 2s
  9700K .......... .......... .......... .......... .......... 37%  112M 2s
  9750K .......... .......... .......... .......... .......... 37% 95.6M 2s
  9800K .......... .......... .......... .......... .......... 38%  163M 2s
  9850K .......... .......... .......... .......... .......... 38%  110M 2s
  9900K .......... .......... .......... .......... .......... 38%  151M 2s
  9950K .......... .......... .......... .......... .......... 38% 69.2M 2s
 10000K .......... .......... .......... .......... .......... 38%  161M 2s
 10050K .......... .......... .......... .......... .......... 39%  112M 2s
 10100K .......... .......... .......... .......... .......... 39% 87.7M 2s
 10150K .......... .......... .......... .......... .......... 39%  164M 2s
 10200K .......... .......... .......... .......... .......... 39% 34.1M 2s
 10250K .......... .......... .......... .......... .......... 39%  139M 2s
 10300K .......... .......... .......... .......... .......... 40%  122M 2s
 10350K .......... .......... .......... .......... .......... 40% 88.4M 2s
 10400K .......... .......... .......... .......... .......... 40%  110M 2s
 10450K .......... .......... .......... .......... .......... 40%  162M 2s
 10500K .......... .......... .......... .......... .......... 40%  106M 2s
 10550K .......... .......... .......... .......... .......... 40% 94.7M 2s
 10600K .......... .......... .......... .......... .......... 41%  156M 2s
 10650K .......... .......... .......... .......... .......... 41%  112M 2s
 10700K .......... .......... .......... .......... .......... 41% 62.2M 2s
 10750K .......... .......... .......... .......... .......... 41% 87.1M 2s
 10800K .......... .......... .......... .......... .......... 41%  111M 2s
 10850K .......... .......... .......... .......... .......... 42%  147M 2s
 10900K .......... .......... .......... .......... .......... 42% 95.4M 2s
 10950K .......... .......... .......... .......... .......... 42%  105M 2s
 11000K .......... .......... .......... .......... .......... 42%  153M 2s
 11050K .......... .......... .......... .......... .......... 42% 71.5M 2s
 11100K .......... .......... .......... .......... .......... 43%  143M 2s
 11150K .......... .......... .......... .......... .......... 43% 71.8M 2s
 11200K .......... .......... .......... .......... .......... 43%  148M 2s
 11250K .......... .......... .......... .......... .......... 43%  114M 2s
 11300K .......... .......... .......... .......... .......... 43% 95.2M 2s
 11350K .......... .......... .......... .......... .......... 44%  158M 2s
 11400K .......... .......... .......... .......... .......... 44%  110M 2s
 11450K .......... .......... .......... .......... .......... 44% 95.7M 2s
 11500K .......... .......... .......... .......... .......... 44% 96.9M 2s
 11550K .......... .......... .......... .......... .......... 44% 93.7M 2s
 11600K .......... .......... .......... .......... .......... 45%  163M 2s
 11650K .......... .......... .......... .......... .......... 45% 95.3M 2s
 11700K .......... .......... .......... .......... .......... 45%  110M 2s
 11750K .......... .......... .......... .......... .......... 45%  155M 2s
 11800K .......... .......... .......... .......... .......... 45% 96.4M 2s
 11850K .......... .......... .......... .......... .......... 46%  104M 2s
 11900K .......... .......... .......... .......... .......... 46% 6.44M 2s
 11950K .......... .......... .......... .......... .......... 46%  134M 2s
 12000K .......... .......... .......... .......... .......... 46% 11.8M 2s
 12050K .......... .......... .......... .......... .......... 46%  123M 2s
 12100K .......... .......... .......... .......... .......... 46%  119M 2s
 12150K .......... .......... .......... .......... .......... 47% 1.15M 2s
 12200K .......... .......... .......... .......... .......... 47%  110M 2s
 12250K .......... .......... .......... .......... .......... 47%  158M 2s
 12300K .......... .......... .......... .......... .......... 47%  111M 2s
 12350K .......... .......... .......... .......... .......... 47% 16.9M 2s
 12400K .......... .......... .......... .......... .......... 48%  170M 2s
 12450K .......... .......... .......... .......... .......... 48%  113M 2s
 12500K .......... .......... .......... .......... .......... 48%  105M 2s
 12550K .......... .......... .......... .......... .......... 48%  146M 2s
 12600K .......... .......... .......... .......... .......... 48% 91.0M 2s
 12650K .......... .......... .......... .......... .......... 49%  159M 2s
 12700K .......... .......... .......... .......... .......... 49% 84.6M 2s
 12750K .......... .......... .......... .......... .......... 49%  105M 2s
 12800K .......... .......... .......... .......... .......... 49%  111M 2s
 12850K .......... .......... .......... .......... .......... 49%  184M 2s
 12900K .......... .......... .......... .......... .......... 50%  106M 2s
 12950K .......... .......... .......... .......... .......... 50% 87.6M 1s
 13000K .......... .......... .......... .......... .......... 50%  133M 1s
 13050K .......... .......... .......... .......... .......... 50% 58.7M 1s
 13100K .......... .......... .......... .......... .......... 50% 84.0M 1s
 13150K .......... .......... .......... .......... .......... 51%  107M 1s
 13200K .......... .......... .......... .......... .......... 51%  115M 1s
 13250K .......... .......... .......... .......... .......... 51%  165M 1s
 13300K .......... .......... .......... .......... .......... 51%  108M 1s
 13350K .......... .......... .......... .......... .......... 51%  115M 1s
 13400K .......... .......... .......... .......... .......... 51%  116M 1s
 13450K .......... .......... .......... .......... .......... 52% 91.7M 1s
 13500K .......... .......... .......... .......... .......... 52%  219M 1s
 13550K .......... .......... .......... .......... .......... 52% 64.4M 1s
 13600K .......... .......... .......... .......... .......... 52%  192M 1s
 13650K .......... .......... .......... .......... .......... 52%  109M 1s
 13700K .......... .......... .......... .......... .......... 53% 96.9M 1s
 13750K .......... .......... .......... .......... .......... 53%  156M 1s
 13800K .......... .......... .......... .......... .......... 53%  110M 1s
 13850K .......... .......... .......... .......... .......... 53% 97.8M 1s
 13900K .......... .......... .......... .......... .......... 53%  157M 1s
 13950K .......... .......... .......... .......... .......... 54% 69.0M 1s
 14000K .......... .......... .......... .......... .......... 54% 64.9M 1s
 14050K .......... .......... .......... .......... .......... 54%  108M 1s
 14100K .......... .......... .......... .......... .......... 54%  103M 1s
 14150K .......... .......... .......... .......... .......... 54%  133M 1s
 14200K .......... .......... .......... .......... .......... 55%  128M 1s
 14250K .......... .......... .......... .......... .......... 55% 90.0M 1s
 14300K .......... .......... .......... .......... .......... 55%  160M 1s
 14350K .......... .......... .......... .......... .......... 55% 71.3M 1s
 14400K .......... .......... .......... .......... .......... 55% 68.9M 1s
 14450K .......... .......... .......... .......... .......... 56%  161M 1s
 14500K .......... .......... .......... .......... .......... 56%  155M 1s
 14550K .......... .......... .......... .......... .......... 56%  106M 1s
 14600K .......... .......... .......... .......... .......... 56%  101M 1s
 14650K .......... .......... .......... .......... .......... 56%  134M 1s
 14700K .......... .......... .......... .......... .......... 57%  122M 1s
 14750K .......... .......... .......... .......... .......... 57% 80.5M 1s
 14800K .......... .......... .......... .......... .......... 57% 49.2M 1s
 14850K .......... .......... .......... .......... .......... 57%  188M 1s
 14900K .......... .......... .......... .......... .......... 57%  112M 1s
 14950K .......... .......... .......... .......... .......... 57% 96.6M 1s
 15000K .......... .......... .......... .......... .......... 58%  155M 1s
 15050K .......... .......... .......... .......... .......... 58% 96.6M 1s
 15100K .......... .......... .......... .......... .......... 58%  108M 1s
 15150K .......... .......... .......... .......... .......... 58% 85.3M 1s
 15200K .......... .......... .......... .......... .......... 58%  101M 1s
 15250K .......... .......... .......... .......... .......... 59% 94.4M 1s
 15300K .......... .......... .......... .......... .......... 59%  173M 1s
 15350K .......... .......... .......... .......... .......... 59%  111M 1s
 15400K .......... .......... .......... .......... .......... 59%  161M 1s
 15450K .......... .......... .......... .......... .......... 59%  100M 1s
 15500K .......... .......... .......... .......... .......... 60%  106M 1s
 15550K .......... .......... .......... .......... .......... 60% 65.2M 1s
 15600K .......... .......... .......... .......... .......... 60% 94.4M 1s
 15650K .......... .......... .......... .......... .......... 60%  140M 1s
 15700K .......... .......... .......... .......... .......... 60%  120M 1s
 15750K .......... .......... .......... .......... .......... 61% 96.9M 1s
 15800K .......... .......... .......... .......... .......... 61%  111M 1s
 15850K .......... .......... .......... .......... .......... 61%  151M 1s
 15900K .......... .......... .......... .......... .......... 61% 96.9M 1s
 15950K .......... .......... .......... .......... .......... 61% 96.0M 1s
 16000K .......... .......... .......... .......... .......... 62% 94.3M 1s
 16050K .......... .......... .......... .......... .......... 62% 96.2M 1s
 16100K .......... .......... .......... .......... .......... 62%  142M 1s
 16150K .......... .......... .......... .......... .......... 62%  120M 1s
 16200K .......... .......... .......... .......... .......... 62% 91.6M 1s
 16250K .......... .......... .......... .......... .......... 63%  129M 1s
 16300K .......... .......... .......... .......... .......... 63%  137M 1s
 16350K .......... .......... .......... .......... .......... 63% 75.2M 1s
 16400K .......... .......... .......... .......... .......... 63%  138M 1s
 16450K .......... .......... .......... .......... .......... 63% 46.0M 1s
 16500K .......... .......... .......... .......... .......... 63%  155M 1s
 16550K .......... .......... .......... .......... .......... 64% 60.5M 1s
 16600K .......... .......... .......... .......... .......... 64% 60.3M 1s
 16650K .......... .......... .......... .......... .......... 64% 14.5M 1s
 16700K .......... .......... .......... .......... .......... 64%  154M 1s
 16750K .......... .......... .......... .......... .......... 64% 79.3M 1s
 16800K .......... .......... .......... .......... .......... 65% 1.25M 1s
 16850K .......... .......... .......... .......... .......... 65%  199M 1s
 16900K .......... .......... .......... .......... .......... 65%  102M 1s
 16950K .......... .......... .......... .......... .......... 65%  160M 1s
 17000K .......... .......... .......... .......... .......... 65%  104M 1s
 17050K .......... .......... .......... .......... .......... 66% 18.2M 1s
 17100K .......... .......... .......... .......... .......... 66%  236M 1s
 17150K .......... .......... .......... .......... .......... 66% 73.6M 1s
 17200K .......... .......... .......... .......... .......... 66%  102M 1s
 17250K .......... .......... .......... .......... .......... 66%  152M 1s
 17300K .......... .......... .......... .......... .......... 67% 83.1M 1s
 17350K .......... .......... .......... .......... .......... 67%  133M 1s
 17400K .......... .......... .......... .......... .......... 67% 80.5M 1s
 17450K .......... .......... .......... .......... .......... 67%  133M 1s
 17500K .......... .......... .......... .......... .......... 67% 97.1M 1s
 17550K .......... .......... .......... .......... .......... 68%  104M 1s
 17600K .......... .......... .......... .......... .......... 68% 83.8M 1s
 17650K .......... .......... .......... .......... .......... 68% 66.2M 1s
 17700K .......... .......... .......... .......... .......... 68% 88.1M 1s
 17750K .......... .......... .......... .......... .......... 68%  124M 1s
 17800K .......... .......... .......... .......... .......... 69%  135M 1s
 17850K .......... .......... .......... .......... .......... 69% 91.6M 1s
 17900K .......... .......... .......... .......... .......... 69%  147M 1s
 17950K .......... .......... .......... .......... .......... 69% 68.0M 1s
 18000K .......... .......... .......... .......... .......... 69%  112M 1s
 18050K .......... .......... .......... .......... .......... 69% 95.9M 1s
 18100K .......... .......... .......... .......... .......... 70%  117M 1s
 18150K .......... .......... .......... .......... .......... 70%  120M 1s
 18200K .......... .......... .......... .......... .......... 70% 97.6M 1s
 18250K .......... .......... .......... .......... .......... 70%  165M 1s
 18300K .......... .......... .......... .......... .......... 70%  110M 1s
 18350K .......... .......... .......... .......... .......... 71% 85.4M 1s
 18400K .......... .......... .......... .......... .......... 71%  108M 1s
 18450K .......... .......... .......... .......... .......... 71%  158M 1s
 18500K .......... .......... .......... .......... .......... 71% 97.7M 1s
 18550K .......... .......... .......... .......... .......... 71%  109M 1s
 18600K .......... .......... .......... .......... .......... 72%  158M 1s
 18650K .......... .......... .......... .......... .......... 72% 89.8M 1s
 18700K .......... .......... .......... .......... .......... 72%  119M 1s
 18750K .......... .......... .......... .......... .......... 72% 96.1M 1s
 18800K .......... .......... .......... .......... .......... 72% 94.9M 1s
 18850K .......... .......... .......... .......... .......... 73%  161M 1s
 18900K .......... .......... .......... .......... .......... 73%  104M 1s
 18950K .......... .......... .......... .......... .......... 73% 91.2M 1s
 19000K .......... .......... .......... .......... .......... 73%  106M 1s
 19050K .......... .......... .......... .......... .......... 73%  154M 1s
 19100K .......... .......... .......... .......... .......... 74% 92.9M 1s
 19150K .......... .......... .......... .......... .......... 74% 92.7M 1s
 19200K .......... .......... .......... .......... .......... 74%  103M 1s
 19250K .......... .......... .......... .......... .......... 74%  192M 1s
 19300K .......... .......... .......... .......... .......... 74% 97.9M 1s
 19350K .......... .......... .......... .......... .......... 75%  101M 1s
 19400K .......... .......... .......... .......... .......... 75%  174M 1s
 19450K .......... .......... .......... .......... .......... 75%  103M 1s
 19500K .......... .......... .......... .......... .......... 75% 95.8M 1s
 19550K .......... .......... .......... .......... .......... 75% 86.2M 1s
 19600K .......... .......... .......... .......... .......... 75%  241M 1s
 19650K .......... .......... .......... .......... .......... 76% 94.8M 1s
 19700K .......... .......... .......... .......... .......... 76%  105M 0s
 19750K .......... .......... .......... .......... .......... 76%  159M 0s
 19800K .......... .......... .......... .......... .......... 76% 80.6M 0s
 19850K .......... .......... .......... .......... .......... 76%  106M 0s
 19900K .......... .......... .......... .......... .......... 77%  213M 0s
 19950K .......... .......... .......... .......... .......... 77% 93.8M 0s
 20000K .......... .......... .......... .......... .......... 77% 75.9M 0s
 20050K .......... .......... .......... .......... .......... 77%  143M 0s
 20100K .......... .......... .......... .......... .......... 77%  144M 0s
 20150K .......... .......... .......... .......... .......... 78% 28.2M 0s
 20200K .......... .......... .......... .......... .......... 78%  168M 0s
 20250K .......... .......... .......... .......... .......... 78%  119M 0s
 20300K .......... .......... .......... .......... .......... 78% 90.6M 0s
 20350K .......... .......... .......... .......... .......... 78%  101M 0s
 20400K .......... .......... .......... .......... .......... 79% 93.2M 0s
 20450K .......... .......... .......... .......... .......... 79%  133M 0s
 20500K .......... .......... .......... .......... .......... 79%  142M 0s
 20550K .......... .......... .......... .......... .......... 79% 94.0M 0s
 20600K .......... .......... .......... .......... .......... 79%  158M 0s
 20650K .......... .......... .......... .......... .......... 80%  112M 0s
 20700K .......... .......... .......... .......... .......... 80%  121M 0s
 20750K .......... .......... .......... .......... .......... 80% 76.5M 0s
 20800K .......... .......... .......... .......... .......... 80%  132M 0s
 20850K .......... .......... .......... .......... .......... 80%  129M 0s
 20900K .......... .......... .......... .......... .......... 80% 61.5M 0s
 20950K .......... .......... .......... .......... .......... 81%  105M 0s
 21000K .......... .......... .......... .......... .......... 81%  130M 0s
 21050K .......... .......... .......... .......... .......... 81%  130M 0s
 21100K .......... .......... .......... .......... .......... 81% 82.3M 0s
 21150K .......... .......... .......... .......... .......... 81%  117M 0s
 21200K .......... .......... .......... .......... .......... 82% 81.9M 0s
 21250K .......... .......... .......... .......... .......... 82% 46.4M 0s
 21300K .......... .......... .......... .......... .......... 82%  209M 0s
 21350K .......... .......... .......... .......... .......... 82% 86.6M 0s
 21400K .......... .......... .......... .......... .......... 82%  112M 0s
 21450K .......... .......... .......... .......... .......... 83%  154M 0s
 21500K .......... .......... .......... .......... .......... 83%  100M 0s
 21550K .......... .......... .......... .......... .......... 83% 72.1M 0s
 21600K .......... .......... .......... .......... .......... 83%  147M 0s
 21650K .......... .......... .......... .......... .......... 83%  114M 0s
 21700K .......... .......... .......... .......... .......... 84% 92.8M 0s
 21750K .......... .......... .......... .......... .......... 84%  169M 0s
 21800K .......... .......... .......... .......... .......... 84%  107M 0s
 21850K .......... .......... .......... .......... .......... 84% 98.0M 0s
 21900K .......... .......... .......... .......... .......... 84%  157M 0s
 21950K .......... .......... .......... .......... .......... 85% 69.8M 0s
 22000K .......... .......... .......... .......... .......... 85%  156M 0s
 22050K .......... .......... .......... .......... .......... 85%  111M 0s
 22100K .......... .......... .......... .......... .......... 85% 95.6M 0s
 22150K .......... .......... .......... .......... .......... 85%  112M 0s
 22200K .......... .......... .......... .......... .......... 86%  151M 0s
 22250K .......... .......... .......... .......... .......... 86% 93.7M 0s
 22300K .......... .......... .......... .......... .......... 86%  161M 0s
 22350K .......... .......... .......... .......... .......... 86% 97.1M 0s
 22400K .......... .......... .......... .......... .......... 86%  109M 0s
 22450K .......... .......... .......... .......... .......... 86% 96.2M 0s
 22500K .......... .......... .......... .......... .......... 87% 96.0M 0s
 22550K .......... .......... .......... .......... .......... 87% 96.2M 0s
 22600K .......... .......... .......... .......... .......... 87% 90.8M 0s
 22650K .......... .......... .......... .......... .......... 87%  158M 0s
 22700K .......... .......... .......... .......... .......... 87%  108M 0s
 22750K .......... .......... .......... .......... .......... 88% 93.4M 0s
 22800K .......... .......... .......... .......... .......... 88% 92.4M 0s
 22850K .......... .......... .......... .......... .......... 88%  201M 0s
 22900K .......... .......... .......... .......... .......... 88% 97.0M 0s
 22950K .......... .......... .......... .......... .......... 88% 60.4M 0s
 23000K .......... .......... .......... .......... .......... 89% 97.2M 0s
 23050K .......... .......... .......... .......... .......... 89%  159M 0s
 23100K .......... .......... .......... .......... .......... 89% 88.3M 0s
 23150K .......... .......... .......... .......... .......... 89%  112M 0s
 23200K .......... .......... .......... .......... .......... 89%  119M 0s
 23250K .......... .......... .......... .......... .......... 90% 96.7M 0s
 23300K .......... .......... .......... .......... .......... 90%  154M 0s
 23350K .......... .......... .......... .......... .......... 90%  109M 0s
 23400K .......... .......... .......... .......... .......... 90% 1.19M 0s
 23450K .......... .......... .......... .......... .......... 90%  114M 0s
 23500K .......... .......... .......... .......... .......... 91%  103M 0s
 23550K .......... .......... .......... .......... .......... 91% 95.4M 0s
 23600K .......... .......... .......... .......... .......... 91%  134M 0s
 23650K .......... .......... .......... .......... .......... 91% 94.5M 0s
 23700K .......... .......... .......... .......... .......... 91%  145M 0s
 23750K .......... .......... .......... .......... .......... 92% 83.8M 0s
 23800K .......... .......... .......... .......... .......... 92%  145M 0s
 23850K .......... .......... .......... .......... .......... 92%  129M 0s
 23900K .......... .......... .......... .......... .......... 92%  130M 0s
 23950K .......... .......... .......... .......... .......... 92% 81.8M 0s
 24000K .......... .......... .......... .......... .......... 92%  141M 0s
 24050K .......... .......... .......... .......... .......... 93%  103M 0s
 24100K .......... .......... .......... .......... .......... 93%  125M 0s
 24150K .......... .......... .......... .......... .......... 93%  111M 0s
 24200K .......... .......... .......... .......... .......... 93%  119M 0s
 24250K .......... .......... .......... .......... .......... 93%  110M 0s
 24300K .......... .......... .......... .......... .......... 94%  137M 0s
 24350K .......... .......... .......... .......... .......... 94% 88.6M 0s
 24400K .......... .......... .......... .......... .......... 94% 85.5M 0s
 24450K .......... .......... .......... .......... .......... 94%  167M 0s
 24500K .......... .......... .......... .......... .......... 94% 95.6M 0s
 24550K .......... .......... .......... .......... .......... 95%  128M 0s
 24600K .......... .......... .......... .......... .......... 95%  119M 0s
 24650K .......... .......... .......... .......... .......... 95% 92.9M 0s
 24700K .......... .......... .......... .......... .......... 95%  163M 0s
 24750K .......... .......... .......... .......... .......... 95%  102M 0s
 24800K .......... .......... .......... .......... .......... 96% 96.4M 0s
 24850K .......... .......... .......... .......... .......... 96%  110M 0s
 24900K .......... .......... .......... .......... .......... 96%  134M 0s
 24950K .......... .......... .......... .......... .......... 96%  115M 0s
 25000K .......... .......... .......... .......... .......... 96% 92.7M 0s
 25050K .......... .......... .......... .......... .......... 97%  164M 0s
 25100K .......... .......... .......... .......... .......... 97%  117M 0s
 25150K .......... .......... .......... .......... .......... 97% 81.5M 0s
 25200K .......... .......... .......... .......... .......... 97%  118M 0s
 25250K .......... .......... .......... .......... .......... 97% 96.4M 0s
 25300K .......... .......... .......... .......... .......... 98%  155M 0s
 25350K .......... .......... .......... .......... .......... 98%  106M 0s
 25400K .......... .......... .......... .......... .......... 98%  161M 0s
 25450K .......... .......... .......... .......... .......... 98% 94.0M 0s
 25500K .......... .......... .......... .......... .......... 98%  113M 0s
 25550K .......... .......... .......... .......... .......... 98% 94.5M 0s
 25600K .......... .......... .......... .......... .......... 99% 78.2M 0s
 25650K .......... .......... .......... .......... .......... 99%  242M 0s
 25700K .......... .......... .......... .......... .......... 99%  106M 0s
 25750K .......... .......... .......... .......... .......... 99% 98.4M 0s
 25800K .......... .......... .......... .......... .......... 99% 88.7M 0s
 25850K .......... ......                                     100%  270M=1.7s

2026-03-10 07:20:12 (14.8 MB/s) - ‘vlc-3.0.23.tar.xz’ saved [26486988/26486988]

--2026-03-10 07:20:12--  https://www.linuxfromscratch.org/patches/blfs/svn/vlc-3.0.21-taglib-1.patch
Resolving www.linuxfromscratch.org (www.linuxfromscratch.org)... 208.118.68.85
Connecting to www.linuxfromscratch.org (www.linuxfromscratch.org)|208.118.68.85|:443... connected.
HTTP request sent, awaiting response... 404 Not Found
2026-03-10 07:20:13 ERROR 404: Not Found.

