--2025-12-04 11:58:19--  https://download.gnome.org/sources/gspell/1.14/gspell-1.14.2.tar.xz
Resolving download.gnome.org (download.gnome.org)... 2a02:6ea0:c400::54, 2a02:6ea0:c400::53, 79.127.206.234, ...
Connecting to download.gnome.org (download.gnome.org)|2a02:6ea0:c400::54|:443... connected.
HTTP request sent, awaiting response... 200 OK
Length: 118348 (116K) [application/octet-stream]
Saving to: ‘gspell-1.14.2.tar.xz’

     0K .......... .......... .......... .......... .......... 43% 3.81M 0s
    50K .......... .......... .......... .......... .......... 86% 9.22M 0s
   100K .......... .....                                      100% 49.4M=0.02s

2025-12-04 11:58:19 (6.13 MB/s) - ‘gspell-1.14.2.tar.xz’ saved [118348/118348]

gspell-1.14.2/
gspell-1.14.2/.gitlab-ci.yml
gspell-1.14.2/AUTHORS
gspell-1.14.2/LICENSES/
gspell-1.14.2/LICENSES/LGPL-2.1-or-later.txt
gspell-1.14.2/NEWS
gspell-1.14.2/README.md
gspell-1.14.2/build/
gspell-1.14.2/build/.gitignore
gspell-1.14.2/docs/
gspell-1.14.2/docs/dev-notes.md
gspell-1.14.2/docs/faq.md
gspell-1.14.2/docs/gspell.next.md
gspell-1.14.2/docs/more-information.md
gspell-1.14.2/docs/reference/
gspell-1.14.2/docs/reference/gspell-docs.xml
gspell-1.14.2/docs/reference/gspell-sections.txt
gspell-1.14.2/docs/reference/intro.xml
gspell-1.14.2/docs/reference/meson.build
gspell-1.14.2/docs/reference/xml/
gspell-1.14.2/docs/reference/xml/gtkdocentities.ent.in
gspell-1.14.2/docs/reference/xml/meson.build
gspell-1.14.2/gspell/
gspell-1.14.2/gspell/gconstructor.h
gspell-1.14.2/gspell/gspell-checker-dialog.c
gspell-1.14.2/gspell/gspell-checker-dialog.h
gspell-1.14.2/gspell/gspell-checker-private.h
gspell-1.14.2/gspell/gspell-checker.c
gspell-1.14.2/gspell/gspell-checker.h
gspell-1.14.2/gspell/gspell-context-menu.c
gspell-1.14.2/gspell/gspell-context-menu.h
gspell-1.14.2/gspell/gspell-current-word-policy.c
gspell-1.14.2/gspell/gspell-current-word-policy.h
gspell-1.14.2/gspell/gspell-entry-buffer.c
gspell-1.14.2/gspell/gspell-entry-buffer.h
gspell-1.14.2/gspell/gspell-entry-private.h
gspell-1.14.2/gspell/gspell-entry-utils.c
gspell-1.14.2/gspell/gspell-entry-utils.h
gspell-1.14.2/gspell/gspell-entry.c
gspell-1.14.2/gspell/gspell-entry.h
gspell-1.14.2/gspell/gspell-icu.c
gspell-1.14.2/gspell/gspell-icu.h
gspell-1.14.2/gspell/gspell-init.c
gspell-1.14.2/gspell/gspell-inline-checker-text-buffer.c
gspell-1.14.2/gspell/gspell-inline-checker-text-buffer.h
gspell-1.14.2/gspell/gspell-language-chooser-button.c
gspell-1.14.2/gspell/gspell-language-chooser-button.h
gspell-1.14.2/gspell/gspell-language-chooser-dialog.c
gspell-1.14.2/gspell/gspell-language-chooser-dialog.h
gspell-1.14.2/gspell/gspell-language-chooser.c
gspell-1.14.2/gspell/gspell-language-chooser.h
gspell-1.14.2/gspell/gspell-language.c
gspell-1.14.2/gspell/gspell-language.h
gspell-1.14.2/gspell/gspell-navigator-text-view.c
gspell-1.14.2/gspell/gspell-navigator-text-view.h
gspell-1.14.2/gspell/gspell-navigator.c
gspell-1.14.2/gspell/gspell-navigator.h
gspell-1.14.2/gspell/gspell-osx.c
gspell-1.14.2/gspell/gspell-osx.h
gspell-1.14.2/gspell/gspell-text-buffer.c
gspell-1.14.2/gspell/gspell-text-buffer.h
gspell-1.14.2/gspell/gspell-text-iter.c
gspell-1.14.2/gspell/gspell-text-iter.h
gspell-1.14.2/gspell/gspell-text-view.c
gspell-1.14.2/gspell/gspell-text-view.h
gspell-1.14.2/gspell/gspell-utils.c
gspell-1.14.2/gspell/gspell-utils.h
gspell-1.14.2/gspell/gspell.h
gspell-1.14.2/gspell/gspellregion.c
gspell-1.14.2/gspell/gspellregion.h
gspell-1.14.2/gspell/meson.build
gspell-1.14.2/gspell/resources/
gspell-1.14.2/gspell/resources/checker-dialog.ui
gspell-1.14.2/gspell/resources/gspell.gresource.xml
gspell-1.14.2/gspell/resources/language-dialog.ui
gspell-1.14.2/gspell/resources/meson.build
gspell-1.14.2/gspell/symbol.map
gspell-1.14.2/gspell/update-sourceregion.sh
gspell-1.14.2/gspell-app/
gspell-1.14.2/gspell-app/gspell-app.c
gspell-1.14.2/gspell-app/meson.build
gspell-1.14.2/gspell.doap
gspell-1.14.2/logo.png
gspell-1.14.2/meson.build
gspell-1.14.2/meson_options.txt
gspell-1.14.2/po/
gspell-1.14.2/po/LINGUAS
gspell-1.14.2/po/POTFILES.in
gspell-1.14.2/po/ab.po
gspell-1.14.2/po/ar.po
gspell-1.14.2/po/be.po
gspell-1.14.2/po/bg.po
gspell-1.14.2/po/ca.po
gspell-1.14.2/po/ca@valencia.po
gspell-1.14.2/po/ckb.po
gspell-1.14.2/po/cs.po
gspell-1.14.2/po/da.po
gspell-1.14.2/po/de.po
gspell-1.14.2/po/el.po
gspell-1.14.2/po/en_GB.po
gspell-1.14.2/po/eo.po
gspell-1.14.2/po/es.po
gspell-1.14.2/po/eu.po
gspell-1.14.2/po/fa.po
gspell-1.14.2/po/fi.po
gspell-1.14.2/po/fr.po
gspell-1.14.2/po/fur.po
gspell-1.14.2/po/gd.po
gspell-1.14.2/po/gl.po
gspell-1.14.2/po/he.po
gspell-1.14.2/po/hi.po
gspell-1.14.2/po/hr.po
gspell-1.14.2/po/hu.po
gspell-1.14.2/po/id.po
gspell-1.14.2/po/ie.po
gspell-1.14.2/po/is.po
gspell-1.14.2/po/it.po
gspell-1.14.2/po/ja.po
gspell-1.14.2/po/ka.po
gspell-1.14.2/po/kab.po
gspell-1.14.2/po/kk.po
gspell-1.14.2/po/ko.po
gspell-1.14.2/po/lt.po
gspell-1.14.2/po/lv.po
gspell-1.14.2/po/meson.build
gspell-1.14.2/po/mjw.po
gspell-1.14.2/po/ml.po
gspell-1.14.2/po/ms.po
gspell-1.14.2/po/nb.po
gspell-1.14.2/po/ne.po
gspell-1.14.2/po/nl.po
gspell-1.14.2/po/oc.po
gspell-1.14.2/po/pa.po
gspell-1.14.2/po/pl.po
gspell-1.14.2/po/pt.po
gspell-1.14.2/po/pt_BR.po
gspell-1.14.2/po/ro.po
gspell-1.14.2/po/ru.po
gspell-1.14.2/po/sk.po
gspell-1.14.2/po/sl.po
gspell-1.14.2/po/sr.po
gspell-1.14.2/po/sr@latin.po
gspell-1.14.2/po/sv.po
gspell-1.14.2/po/ta.po
gspell-1.14.2/po/th.po
gspell-1.14.2/po/tr.po
gspell-1.14.2/po/ug.po
gspell-1.14.2/po/uk.po
gspell-1.14.2/po/uz.po
gspell-1.14.2/po/vi.po
gspell-1.14.2/po/zh_CN.po
gspell-1.14.2/po/zh_TW.po
gspell-1.14.2/tests/
gspell-1.14.2/tests/interactive-tests/
gspell-1.14.2/tests/interactive-tests/meson.build
gspell-1.14.2/tests/interactive-tests/test-entry.c
gspell-1.14.2/tests/interactive-tests/test-text-view-basic.c
gspell-1.14.2/tests/interactive-tests/test-text-view.c
gspell-1.14.2/tests/meson.build
gspell-1.14.2/tests/unit-tests/
gspell-1.14.2/tests/unit-tests/gspell.test.in
gspell-1.14.2/tests/unit-tests/meson.build
gspell-1.14.2/tests/unit-tests/test-checker.c
gspell-1.14.2/tests/unit-tests/test-entry.c
gspell-1.14.2/tests/unit-tests/test-icu.c
gspell-1.14.2/tests/unit-tests/test-inline-checker-text-buffer.c
gspell-1.14.2/tests/unit-tests/test-text-iter.c
gspell-1.14.2/tests/unit-tests/test-utils.c
The Meson build system
Version: 1.9.1
Source dir: /blfs/builds/gspell-1.14.2
Build dir: /blfs/builds/gspell-1.14.2/gbuild
Build type: native build
Project name: gspell
Project version: 1.14.2
C compiler for the host machine: cc (gcc 15.2.0 "cc (GCC) 15.2.0")
C linker for the host machine: cc ld.bfd 2.45
Host machine cpu family: x86_64
Host machine cpu: x86_64
Found pkg-config: YES (/usr/bin/pkg-config) 2.5.1
Run-time dependency gio-2.0 found: YES 2.86.2
Run-time dependency gtk+-3.0 found: YES 3.24.51
Run-time dependency enchant-2 found: YES 2.8.14
Run-time dependency icu-uc found: YES 77.1
Configuring gspell-config.h using configuration
Compiler for C supports arguments -fno-strict-aliasing: YES 
Compiler for C supports arguments -Wundef: YES 
Compiler for C supports arguments -Wnested-externs: YES 
Compiler for C supports arguments -Wwrite-strings: YES 
Compiler for C supports arguments -Wpointer-arith: YES 
Compiler for C supports arguments -Wmissing-declarations: YES 
Compiler for C supports arguments -Wmissing-prototypes: YES 
Compiler for C supports arguments -Wstrict-prototypes: YES 
Compiler for C supports arguments -Wredundant-decls: YES 
Compiler for C supports arguments -Wno-unused-parameter: YES 
Compiler for C supports arguments -Wno-missing-field-initializers: YES 
Compiler for C supports arguments -Wdeclaration-after-statement: YES 
Compiler for C supports arguments -Wformat=2: YES 
Compiler for C supports arguments -Wold-style-definition: YES 
Compiler for C supports arguments -Wcast-align: YES 
Compiler for C supports arguments -Wformat-nonliteral: YES 
Compiler for C supports arguments -Wformat-security: YES 
Compiler for C supports arguments -Wsign-compare: YES 
Compiler for C supports arguments -Wstrict-aliasing: YES 
Compiler for C supports arguments -Wshadow: YES 
Compiler for C supports arguments -Winline: YES 
Compiler for C supports arguments -Wpacked: YES 
Compiler for C supports arguments -Wmissing-format-attribute: YES 
Compiler for C supports arguments -Wmissing-noreturn: YES 
Compiler for C supports arguments -Winit-self: YES 
Compiler for C supports arguments -Wredundant-decls: YES (cached)
Compiler for C supports arguments -Wmissing-include-dirs: YES 
Compiler for C supports arguments -Wunused-but-set-variable: YES 
Compiler for C supports arguments -Warray-bounds: YES 
Compiler for C supports arguments -Wimplicit-function-declaration: YES 
Compiler for C supports arguments -Wreturn-type: YES 
Compiler for C supports arguments -Wswitch-enum: YES 
Compiler for C supports arguments -Wswitch-default: YES 
Compiler for C supports arguments -Wduplicated-cond: YES 
Compiler for C supports arguments -Wduplicated-branches: YES 
Compiler for C supports arguments -Wlogical-op: YES 
Compiler for C supports arguments -Wrestrict: YES 
Compiler for C supports arguments -Wnull-dereference: YES 
Compiler for C supports arguments -Wjump-misses-init: YES 
Compiler for C supports arguments -Wdouble-promotion: YES 
Program msgfmt found: YES (/usr/bin/msgfmt)
Program msginit found: YES (/usr/bin/msginit)
Program msgmerge found: YES (/usr/bin/msgmerge)
Program xgettext found: YES (/usr/bin/xgettext)
Dependency gio-2.0 found: YES 2.86.2 (cached)
Program /usr/bin/glib-compile-resources found: YES (/usr/bin/glib-compile-resources)
Build-time dependency glib-2.0 found: YES 2.86.2
Program /usr/bin/glib-mkenums found: YES (/usr/bin/glib-mkenums)
Dependency glib-2.0 found: YES 2.86.2 (cached)
Program /usr/bin/glib-mkenums found: YES (/usr/bin/glib-mkenums)
Compiler for C supports link arguments -Wl,--version-script,/blfs/builds/gspell-1.14.2/gspell/symbol.map: YES 
Run-time dependency gobject-introspection-1.0 found: YES 1.86.0
Dependency gobject-introspection-1.0 found: YES 1.86.0 (cached)
Program /usr/bin/g-ir-scanner found: YES (/usr/bin/g-ir-scanner)
Dependency gobject-introspection-1.0 found: YES 1.86.0 (cached)
Program /usr/bin/g-ir-compiler found: YES (/usr/bin/g-ir-compiler)
Program vapigen found: YES (/usr/bin/vapigen)
Configuring test-checker.test using configuration
Configuring test-entry.test using configuration
Configuring test-icu.test using configuration
Configuring test-inline-checker-text-buffer.test using configuration
Configuring test-text-iter.test using configuration
Configuring test-utils.test using configuration
Configuring gtkdocentities.ent using configuration
Dependency glib-2.0 found: YES 2.86.2 (cached)
Run-time dependency gobject-2.0 found: YES 2.86.2
Dependency gio-2.0 found: YES 2.86.2 (cached)
Dependency gtk+-3.0 found: YES 3.24.51 (cached)
Program gtkdoc-scan found: YES (/usr/bin/gtkdoc-scan)
Program gtkdoc-scangobj found: YES (/usr/bin/gtkdoc-scangobj)
Program gtkdoc-mkdb found: YES (/usr/bin/gtkdoc-mkdb)
Program gtkdoc-mkhtml found: YES (/usr/bin/gtkdoc-mkhtml)
Program gtkdoc-fixxref found: YES (/usr/bin/gtkdoc-fixxref)
Build targets in project: 88

gspell 1.14.2

    API version          : 1
    Prefix               : /usr
    GObject Introspection: true
    Vala vapi            : true
    API documentation    : true
    gspell-app           : true
    Build tests          : true
    Install tests        : true

  User defined options
    buildtype            : release
    gtk_doc              : true
    prefix               : /usr

Found ninja-1.13.2 at /usr/bin/ninja
[1/117] Building translation po/ab/LC_MESSAGES/gspell-1-ab.mo
[2/117] Building translation po/bg/LC_MESSAGES/gspell-1-bg.mo
[3/117] Building translation po/ca@valencia/LC_MESSAGES/gspell-1-ca@valencia.mo
[4/117] Building translation po/ar/LC_MESSAGES/gspell-1-ar.mo
[5/117] Building translation po/be/LC_MESSAGES/gspell-1-be.mo
[6/117] Building translation po/ca/LC_MESSAGES/gspell-1-ca.mo
[7/117] Building translation po/ckb/LC_MESSAGES/gspell-1-ckb.mo
[8/117] Building translation po/cs/LC_MESSAGES/gspell-1-cs.mo
[9/117] Building translation po/da/LC_MESSAGES/gspell-1-da.mo
[10/117] Building translation po/de/LC_MESSAGES/gspell-1-de.mo
[11/117] Building translation po/el/LC_MESSAGES/gspell-1-el.mo
[12/117] Building translation po/en_GB/LC_MESSAGES/gspell-1-en_GB.mo
[13/117] Building translation po/eo/LC_MESSAGES/gspell-1-eo.mo
[14/117] Building translation po/es/LC_MESSAGES/gspell-1-es.mo
[15/117] Building translation po/fa/LC_MESSAGES/gspell-1-fa.mo
[16/117] Building translation po/fr/LC_MESSAGES/gspell-1-fr.mo
[17/117] Building translation po/eu/LC_MESSAGES/gspell-1-eu.mo
[18/117] Building translation po/fur/LC_MESSAGES/gspell-1-fur.mo
[19/117] Building translation po/fi/LC_MESSAGES/gspell-1-fi.mo
[20/117] Building translation po/he/LC_MESSAGES/gspell-1-he.mo
[21/117] Building translation po/hr/LC_MESSAGES/gspell-1-hr.mo
[22/117] Building translation po/gd/LC_MESSAGES/gspell-1-gd.mo
[23/117] Building translation po/gl/LC_MESSAGES/gspell-1-gl.mo
[24/117] Building translation po/id/LC_MESSAGES/gspell-1-id.mo
[25/117] Building translation po/hi/LC_MESSAGES/gspell-1-hi.mo
[26/117] Building translation po/is/LC_MESSAGES/gspell-1-is.mo
[27/117] Building translation po/hu/LC_MESSAGES/gspell-1-hu.mo
[28/117] Building translation po/it/LC_MESSAGES/gspell-1-it.mo
[29/117] Building translation po/ie/LC_MESSAGES/gspell-1-ie.mo
[30/117] Building translation po/kab/LC_MESSAGES/gspell-1-kab.mo
[31/117] Building translation po/ja/LC_MESSAGES/gspell-1-ja.mo
[32/117] Building translation po/ka/LC_MESSAGES/gspell-1-ka.mo
[33/117] Building translation po/kk/LC_MESSAGES/gspell-1-kk.mo
[34/117] Building translation po/ko/LC_MESSAGES/gspell-1-ko.mo
[35/117] Building translation po/lv/LC_MESSAGES/gspell-1-lv.mo
[36/117] Building translation po/ml/LC_MESSAGES/gspell-1-ml.mo
[37/117] Building translation po/lt/LC_MESSAGES/gspell-1-lt.mo
[38/117] Building translation po/mjw/LC_MESSAGES/gspell-1-mjw.mo
[39/117] Building translation po/nl/LC_MESSAGES/gspell-1-nl.mo
[40/117] Building translation po/ms/LC_MESSAGES/gspell-1-ms.mo
[41/117] Building translation po/nb/LC_MESSAGES/gspell-1-nb.mo
[42/117] Building translation po/ne/LC_MESSAGES/gspell-1-ne.mo
[43/117] Building translation po/oc/LC_MESSAGES/gspell-1-oc.mo
[44/117] Building translation po/pa/LC_MESSAGES/gspell-1-pa.mo
[45/117] Building translation po/pl/LC_MESSAGES/gspell-1-pl.mo
[46/117] Building translation po/ro/LC_MESSAGES/gspell-1-ro.mo
[47/117] Building translation po/pt_BR/LC_MESSAGES/gspell-1-pt_BR.mo
[48/117] Building translation po/ru/LC_MESSAGES/gspell-1-ru.mo
[49/117] Building translation po/pt/LC_MESSAGES/gspell-1-pt.mo
[50/117] Building translation po/sk/LC_MESSAGES/gspell-1-sk.mo
[51/117] Building translation po/sr/LC_MESSAGES/gspell-1-sr.mo
[52/117] Building translation po/sl/LC_MESSAGES/gspell-1-sl.mo
[53/117] Building translation po/sr@latin/LC_MESSAGES/gspell-1-sr@latin.mo
[54/117] Building translation po/sv/LC_MESSAGES/gspell-1-sv.mo
[55/117] Building translation po/th/LC_MESSAGES/gspell-1-th.mo
[56/117] Generating gspell/resources/gspell-resources_h with a custom command
[57/117] Building translation po/ta/LC_MESSAGES/gspell-1-ta.mo
[58/117] Building translation po/tr/LC_MESSAGES/gspell-1-tr.mo
[59/117] Building translation po/uk/LC_MESSAGES/gspell-1-uk.mo
[60/117] Building translation po/ug/LC_MESSAGES/gspell-1-ug.mo
[61/117] Generating gspell/resources/gspell-resources_c with a custom command
[62/117] Building translation po/zh_CN/LC_MESSAGES/gspell-1-zh_CN.mo
[63/117] Building translation po/uz/LC_MESSAGES/gspell-1-uz.mo
[64/117] Building translation po/vi/LC_MESSAGES/gspell-1-vi.mo
[65/117] Building translation po/zh_TW/LC_MESSAGES/gspell-1-zh_TW.mo
[66/117] Copying file docs/reference/gspell-1-sections.txt
[67/117] Generating GObject enum file gspell/gspell-enum-types.h (wrapped by meson because command contains newlines, to capture output)
[68/117] Generating GObject enum file gspell/gspell-enum-types.c (wrapped by meson because command contains newlines, to capture output)
[69/117] Compiling C object gspell/libgspell-static.a.p/meson-generated_.._resources_gspell-resources.c.o
[70/117] Compiling C object gspell/libgspell-static.a.p/gspell-language.c.o
[71/117] Compiling C object gspell/libgspell-static.a.p/gspell-navigator.c.o
[72/117] Compiling C object gspell/libgspell-static.a.p/gspell-language-chooser.c.o
[73/117] Compiling C object gspell/libgspell-static.a.p/gspell-entry-buffer.c.o
[74/117] Compiling C object gspell/libgspell-static.a.p/gspell-checker-dialog.c.o
[75/117] Compiling C object gspell/libgspell-static.a.p/gspell-entry.c.o
[76/117] Compiling C object gspell/libgspell-static.a.p/gspell-checker.c.o
[77/117] Compiling C object gspell/libgspell-static.a.p/gspell-current-word-policy.c.o
[78/117] Compiling C object gspell/libgspell-static.a.p/gspell-text-buffer.c.o
[79/117] Compiling C object gspell/libgspell-static.a.p/meson-generated_.._gspell-enum-types.c.o
[80/117] Compiling C object gspell/libgspell-static.a.p/gspell-navigator-text-view.c.o
[81/117] Compiling C object gspell/libgspell-static.a.p/gspell-language-chooser-dialog.c.o
[82/117] Compiling C object gspell/libgspell-static.a.p/gspell-init.c.o
[83/117] Compiling C object gspell/libgspell-static.a.p/gspell-icu.c.o
[84/117] Compiling C object gspell/libgspell-static.a.p/gspell-language-chooser-button.c.o
[85/117] Compiling C object gspell/libgspell-static.a.p/gspell-context-menu.c.o
[86/117] Compiling C object gspell/libgspell-static.a.p/gspell-text-iter.c.o
[87/117] Compiling C object gspell/libgspell-static.a.p/gspell-text-view.c.o
[88/117] Compiling C object gspell-app/gspell-app1.p/gspell-app.c.o
[89/117] Compiling C object gspell/libgspell-static.a.p/gspellregion.c.o
[90/117] Compiling C object gspell/libgspell-static.a.p/gspell-utils.c.o
[91/117] Compiling C object tests/interactive-tests/test-text-view-basic.p/test-text-view-basic.c.o
[92/117] Compiling C object gspell/libgspell-static.a.p/gspell-inline-checker-text-buffer.c.o
[93/117] Compiling C object gspell/libgspell-static.a.p/gspell-entry-utils.c.o
[94/117] Linking static target gspell/libgspell-static.a
[95/117] Compiling C object tests/interactive-tests/test-entry.p/test-entry.c.o
[96/117] Compiling C object tests/unit-tests/test-icu.p/test-icu.c.o
[97/117] Linking target gspell/libgspell-1.so.3
[98/117] Compiling C object tests/interactive-tests/test-text-view.p/test-text-view.c.o
[99/117] Compiling C object tests/unit-tests/test-utils.p/test-utils.c.o
[100/117] Compiling C object tests/unit-tests/test-entry.p/test-entry.c.o
[101/117] Linking target tests/unit-tests/test-icu
[102/117] Compiling C object tests/unit-tests/test-text-iter.p/test-text-iter.c.o
[103/117] Compiling C object tests/unit-tests/test-checker.p/test-checker.c.o
[104/117] Generating symbol file gspell/libgspell-1.so.3.p/libgspell-1.so.3.symbols
[105/117] Linking target tests/unit-tests/test-utils
[106/117] Compiling C object tests/unit-tests/test-inline-checker-text-buffer.p/test-inline-checker-text-buffer.c.o
[107/117] Linking target tests/unit-tests/test-text-iter
[108/117] Linking target tests/unit-tests/test-entry
[109/117] Linking target tests/interactive-tests/test-entry
[110/117] Linking target tests/unit-tests/test-checker
[111/117] Linking target tests/interactive-tests/test-text-view-basic
[112/117] Linking target tests/interactive-tests/test-text-view
[113/117] Linking target gspell-app/gspell-app1
[114/117] Linking target tests/unit-tests/test-inline-checker-text-buffer
[115/117] Generating gspell/Gspell-1.gir with a custom command (wrapped by meson to set env)
[116/117] Generating gspell/Gspell-1.typelib with a custom command
[117/117] Generating gspell/gspell-1.vapi with a custom command
[0/1] Installing files
Installing po/ab/LC_MESSAGES/gspell-1.mo to /pkgs/gspell/usr/share/locale/ab/LC_MESSAGES
Installing po/ar/LC_MESSAGES/gspell-1.mo to /pkgs/gspell/usr/share/locale/ar/LC_MESSAGES
Installing po/be/LC_MESSAGES/gspell-1.mo to /pkgs/gspell/usr/share/locale/be/LC_MESSAGES
Installing po/bg/LC_MESSAGES/gspell-1.mo to /pkgs/gspell/usr/share/locale/bg/LC_MESSAGES
Installing po/ca/LC_MESSAGES/gspell-1.mo to /pkgs/gspell/usr/share/locale/ca/LC_MESSAGES
Installing po/ca@valencia/LC_MESSAGES/gspell-1.mo to /pkgs/gspell/usr/share/locale/ca@valencia/LC_MESSAGES
Installing po/ckb/LC_MESSAGES/gspell-1.mo to /pkgs/gspell/usr/share/locale/ckb/LC_MESSAGES
Installing po/cs/LC_MESSAGES/gspell-1.mo to /pkgs/gspell/usr/share/locale/cs/LC_MESSAGES
Installing po/da/LC_MESSAGES/gspell-1.mo to /pkgs/gspell/usr/share/locale/da/LC_MESSAGES
Installing po/de/LC_MESSAGES/gspell-1.mo to /pkgs/gspell/usr/share/locale/de/LC_MESSAGES
Installing po/el/LC_MESSAGES/gspell-1.mo to /pkgs/gspell/usr/share/locale/el/LC_MESSAGES
Installing po/en_GB/LC_MESSAGES/gspell-1.mo to /pkgs/gspell/usr/share/locale/en_GB/LC_MESSAGES
Installing po/eo/LC_MESSAGES/gspell-1.mo to /pkgs/gspell/usr/share/locale/eo/LC_MESSAGES
Installing po/es/LC_MESSAGES/gspell-1.mo to /pkgs/gspell/usr/share/locale/es/LC_MESSAGES
Installing po/eu/LC_MESSAGES/gspell-1.mo to /pkgs/gspell/usr/share/locale/eu/LC_MESSAGES
Installing po/fa/LC_MESSAGES/gspell-1.mo to /pkgs/gspell/usr/share/locale/fa/LC_MESSAGES
Installing po/fi/LC_MESSAGES/gspell-1.mo to /pkgs/gspell/usr/share/locale/fi/LC_MESSAGES
Installing po/fr/LC_MESSAGES/gspell-1.mo to /pkgs/gspell/usr/share/locale/fr/LC_MESSAGES
Installing po/fur/LC_MESSAGES/gspell-1.mo to /pkgs/gspell/usr/share/locale/fur/LC_MESSAGES
Installing po/gd/LC_MESSAGES/gspell-1.mo to /pkgs/gspell/usr/share/locale/gd/LC_MESSAGES
Installing po/gl/LC_MESSAGES/gspell-1.mo to /pkgs/gspell/usr/share/locale/gl/LC_MESSAGES
Installing po/he/LC_MESSAGES/gspell-1.mo to /pkgs/gspell/usr/share/locale/he/LC_MESSAGES
Installing po/hi/LC_MESSAGES/gspell-1.mo to /pkgs/gspell/usr/share/locale/hi/LC_MESSAGES
Installing po/hr/LC_MESSAGES/gspell-1.mo to /pkgs/gspell/usr/share/locale/hr/LC_MESSAGES
Installing po/hu/LC_MESSAGES/gspell-1.mo to /pkgs/gspell/usr/share/locale/hu/LC_MESSAGES
Installing po/id/LC_MESSAGES/gspell-1.mo to /pkgs/gspell/usr/share/locale/id/LC_MESSAGES
Installing po/ie/LC_MESSAGES/gspell-1.mo to /pkgs/gspell/usr/share/locale/ie/LC_MESSAGES
Installing po/is/LC_MESSAGES/gspell-1.mo to /pkgs/gspell/usr/share/locale/is/LC_MESSAGES
Installing po/it/LC_MESSAGES/gspell-1.mo to /pkgs/gspell/usr/share/locale/it/LC_MESSAGES
Installing po/ja/LC_MESSAGES/gspell-1.mo to /pkgs/gspell/usr/share/locale/ja/LC_MESSAGES
Installing po/ka/LC_MESSAGES/gspell-1.mo to /pkgs/gspell/usr/share/locale/ka/LC_MESSAGES
Installing po/kab/LC_MESSAGES/gspell-1.mo to /pkgs/gspell/usr/share/locale/kab/LC_MESSAGES
Installing po/kk/LC_MESSAGES/gspell-1.mo to /pkgs/gspell/usr/share/locale/kk/LC_MESSAGES
Installing po/ko/LC_MESSAGES/gspell-1.mo to /pkgs/gspell/usr/share/locale/ko/LC_MESSAGES
Installing po/lt/LC_MESSAGES/gspell-1.mo to /pkgs/gspell/usr/share/locale/lt/LC_MESSAGES
Installing po/lv/LC_MESSAGES/gspell-1.mo to /pkgs/gspell/usr/share/locale/lv/LC_MESSAGES
Installing po/mjw/LC_MESSAGES/gspell-1.mo to /pkgs/gspell/usr/share/locale/mjw/LC_MESSAGES
Installing po/ml/LC_MESSAGES/gspell-1.mo to /pkgs/gspell/usr/share/locale/ml/LC_MESSAGES
Installing po/ms/LC_MESSAGES/gspell-1.mo to /pkgs/gspell/usr/share/locale/ms/LC_MESSAGES
Installing po/nb/LC_MESSAGES/gspell-1.mo to /pkgs/gspell/usr/share/locale/nb/LC_MESSAGES
Installing po/ne/LC_MESSAGES/gspell-1.mo to /pkgs/gspell/usr/share/locale/ne/LC_MESSAGES
Installing po/nl/LC_MESSAGES/gspell-1.mo to /pkgs/gspell/usr/share/locale/nl/LC_MESSAGES
Installing po/oc/LC_MESSAGES/gspell-1.mo to /pkgs/gspell/usr/share/locale/oc/LC_MESSAGES
Installing po/pa/LC_MESSAGES/gspell-1.mo to /pkgs/gspell/usr/share/locale/pa/LC_MESSAGES
Installing po/pl/LC_MESSAGES/gspell-1.mo to /pkgs/gspell/usr/share/locale/pl/LC_MESSAGES
Installing po/pt_BR/LC_MESSAGES/gspell-1.mo to /pkgs/gspell/usr/share/locale/pt_BR/LC_MESSAGES
Installing po/pt/LC_MESSAGES/gspell-1.mo to /pkgs/gspell/usr/share/locale/pt/LC_MESSAGES
Installing po/ro/LC_MESSAGES/gspell-1.mo to /pkgs/gspell/usr/share/locale/ro/LC_MESSAGES
Installing po/ru/LC_MESSAGES/gspell-1.mo to /pkgs/gspell/usr/share/locale/ru/LC_MESSAGES
Installing po/sk/LC_MESSAGES/gspell-1.mo to /pkgs/gspell/usr/share/locale/sk/LC_MESSAGES
Installing po/sl/LC_MESSAGES/gspell-1.mo to /pkgs/gspell/usr/share/locale/sl/LC_MESSAGES
Installing po/sr@latin/LC_MESSAGES/gspell-1.mo to /pkgs/gspell/usr/share/locale/sr@latin/LC_MESSAGES
Installing po/sr/LC_MESSAGES/gspell-1.mo to /pkgs/gspell/usr/share/locale/sr/LC_MESSAGES
Installing po/sv/LC_MESSAGES/gspell-1.mo to /pkgs/gspell/usr/share/locale/sv/LC_MESSAGES
Installing po/ta/LC_MESSAGES/gspell-1.mo to /pkgs/gspell/usr/share/locale/ta/LC_MESSAGES
Installing po/th/LC_MESSAGES/gspell-1.mo to /pkgs/gspell/usr/share/locale/th/LC_MESSAGES
Installing po/tr/LC_MESSAGES/gspell-1.mo to /pkgs/gspell/usr/share/locale/tr/LC_MESSAGES
Installing po/ug/LC_MESSAGES/gspell-1.mo to /pkgs/gspell/usr/share/locale/ug/LC_MESSAGES
Installing po/uk/LC_MESSAGES/gspell-1.mo to /pkgs/gspell/usr/share/locale/uk/LC_MESSAGES
Installing po/uz/LC_MESSAGES/gspell-1.mo to /pkgs/gspell/usr/share/locale/uz/LC_MESSAGES
Installing po/vi/LC_MESSAGES/gspell-1.mo to /pkgs/gspell/usr/share/locale/vi/LC_MESSAGES
Installing po/zh_CN/LC_MESSAGES/gspell-1.mo to /pkgs/gspell/usr/share/locale/zh_CN/LC_MESSAGES
Installing po/zh_TW/LC_MESSAGES/gspell-1.mo to /pkgs/gspell/usr/share/locale/zh_TW/LC_MESSAGES
Installing gspell/gspell-enum-types.h to /pkgs/gspell/usr/include/gspell-1/gspell
Installing gspell/libgspell-1.so.3 to /pkgs/gspell/usr/lib
Installing gspell/Gspell-1.gir to /pkgs/gspell/usr/share/gir-1.0
Installing gspell/Gspell-1.typelib to /pkgs/gspell/usr/lib/girepository-1.0
Installing gspell/gspell-1.vapi to /pkgs/gspell/usr/share/vala/vapi
Installing gspell-app/gspell-app1 to /pkgs/gspell/usr/bin
Installing tests/unit-tests/test-checker to /pkgs/gspell/usr/libexec/installed-tests/gspell-1
Installing tests/unit-tests/test-entry to /pkgs/gspell/usr/libexec/installed-tests/gspell-1
Installing tests/unit-tests/test-icu to /pkgs/gspell/usr/libexec/installed-tests/gspell-1
Installing tests/unit-tests/test-inline-checker-text-buffer to /pkgs/gspell/usr/libexec/installed-tests/gspell-1
Installing tests/unit-tests/test-text-iter to /pkgs/gspell/usr/libexec/installed-tests/gspell-1
Installing tests/unit-tests/test-utils to /pkgs/gspell/usr/libexec/installed-tests/gspell-1
Installing /blfs/builds/gspell-1.14.2/gspell/gspell.h to /pkgs/gspell/usr/include/gspell-1/gspell
Installing /blfs/builds/gspell-1.14.2/gspell/gspell-checker.h to /pkgs/gspell/usr/include/gspell-1/gspell
Installing /blfs/builds/gspell-1.14.2/gspell/gspell-checker-dialog.h to /pkgs/gspell/usr/include/gspell-1/gspell
Installing /blfs/builds/gspell-1.14.2/gspell/gspell-entry.h to /pkgs/gspell/usr/include/gspell-1/gspell
Installing /blfs/builds/gspell-1.14.2/gspell/gspell-entry-buffer.h to /pkgs/gspell/usr/include/gspell-1/gspell
Installing /blfs/builds/gspell-1.14.2/gspell/gspell-language.h to /pkgs/gspell/usr/include/gspell-1/gspell
Installing /blfs/builds/gspell-1.14.2/gspell/gspell-language-chooser.h to /pkgs/gspell/usr/include/gspell-1/gspell
Installing /blfs/builds/gspell-1.14.2/gspell/gspell-language-chooser-button.h to /pkgs/gspell/usr/include/gspell-1/gspell
Installing /blfs/builds/gspell-1.14.2/gspell/gspell-language-chooser-dialog.h to /pkgs/gspell/usr/include/gspell-1/gspell
Installing /blfs/builds/gspell-1.14.2/gspell/gspell-navigator.h to /pkgs/gspell/usr/include/gspell-1/gspell
Installing /blfs/builds/gspell-1.14.2/gspell/gspell-navigator-text-view.h to /pkgs/gspell/usr/include/gspell-1/gspell
Installing /blfs/builds/gspell-1.14.2/gspell/gspell-text-buffer.h to /pkgs/gspell/usr/include/gspell-1/gspell
Installing /blfs/builds/gspell-1.14.2/gspell/gspell-text-view.h to /pkgs/gspell/usr/include/gspell-1/gspell
Installing /blfs/builds/gspell-1.14.2/gbuild/meson-private/gspell-1.pc to /pkgs/gspell/usr/lib/pkgconfig
Installing /blfs/builds/gspell-1.14.2/gbuild/meson-private/gspell-1.deps to /pkgs/gspell/usr/share/vala/vapi
Installing /blfs/builds/gspell-1.14.2/gbuild/tests/unit-tests/test-checker.test to /pkgs/gspell/usr/share/installed-tests/gspell-1
Installing /blfs/builds/gspell-1.14.2/gbuild/tests/unit-tests/test-entry.test to /pkgs/gspell/usr/share/installed-tests/gspell-1
Installing /blfs/builds/gspell-1.14.2/gbuild/tests/unit-tests/test-icu.test to /pkgs/gspell/usr/share/installed-tests/gspell-1
Installing /blfs/builds/gspell-1.14.2/gbuild/tests/unit-tests/test-inline-checker-text-buffer.test to /pkgs/gspell/usr/share/installed-tests/gspell-1
Installing /blfs/builds/gspell-1.14.2/gbuild/tests/unit-tests/test-text-iter.test to /pkgs/gspell/usr/share/installed-tests/gspell-1
Installing /blfs/builds/gspell-1.14.2/gbuild/tests/unit-tests/test-utils.test to /pkgs/gspell/usr/share/installed-tests/gspell-1
Installing symlink pointing to libgspell-1.so.3 to /pkgs/gspell/usr/lib/libgspell-1.so
Running custom install script '/usr/bin/meson --internal gtkdoc --sourcedir=/blfs/builds/gspell-1.14.2 --builddir=/blfs/builds/gspell-1.14.2/gbuild --subdir=docs/reference --headerdirs=/blfs/builds/gspell-1.14.2/docs/reference/../../gspell/@@/blfs/builds/gspell-1.14.2/gbuild/docs/reference/../../gspell/ --mainfile=gspell-docs.xml --modulename=gspell-1 --moduleversion= --mode=auto --gtkdoc-scan=/usr/bin/gtkdoc-scan --gtkdoc-scangobj=/usr/bin/gtkdoc-scangobj --gtkdoc-mkdb=/usr/bin/gtkdoc-mkdb --gtkdoc-mkhtml=/usr/bin/gtkdoc-mkhtml --gtkdoc-fixxref=/usr/bin/gtkdoc-fixxref --htmlargs= --scanargs=--rebuild-types --scanobjsargs= --gobjects-types-file=/blfs/builds/gspell-1.14.2/docs/reference/gspell-1.types --fixxrefargs=--html-dir=/usr/share/gtk-doc/html/gspell-1@@--extra-dir=/usr/share/gtk-doc/html/glib@@--extra-dir=/usr/share/gtk-doc/html/gobject@@--extra-dir=/usr/share/gtk-doc/html/gio@@--extra-dir=/usr/share/gtk-doc/html/gtk3 --mkdbargs= --html-assets= --content-files=/blfs/builds/gspell-1.14.2/docs/reference/intro.xml --expand-content-files= --ignore-headers=gconstructor.h@@gspellregion.h@@gspell-checker-private.h@@gspell-context-menu.h@@gspell-current-word-policy.h@@gspell-entry-private.h@@gspell-entry-utils.h@@gspell-icu.h@@gspell-inline-checker-text-buffer.h@@gspell-text-iter.h@@gspell-utils.h@@gspell.h --installdir= --cc=cc --ld=cc --cflags=-I/blfs/builds/gspell-1.14.2/. -I/blfs/builds/gspell-1.14.2/gbuild/. -I/usr/include/glib-2.0 -I/usr/lib/glib-2.0/include -I/usr/include/libmount -I/usr/include/blkid -I/usr/include/sysprof-6 -pthread -I/usr/include/gtk-3.0 -I/usr/include/pango-1.0 -I/usr/include/cairo -I/usr/include/gdk-pixbuf-2.0 -I/usr/include/glycin-2 -I/usr/include/at-spi2-atk/2.0 -I/usr/include/at-spi-2.0 -I/usr/include/atk-1.0 -I/usr/include/dbus-1.0 -I/usr/lib/dbus-1.0/include -I/usr/include/fribidi -I/usr/include/pixman-1 -I/usr/include/harfbuzz -I/usr/include/freetype2 -I/usr/include/libpng16 -I/usr/include/gio-unix-2.0 -I/usr/include/enchant-2 -O2 \'-DG_LOG_DOMAIN="gspell"\' -fno-strict-aliasing -Wundef -Wnested-externs -Wwrite-strings -Wpointer-arith -Wmissing-declarations -Wmissing-prototypes -Wstrict-prototypes -Wredundant-decls -Wno-unused-parameter -Wno-missing-field-initializers -Wdeclaration-after-statement -Wformat=2 -Wold-style-definition -Wcast-align -Wformat-nonliteral -Wformat-security -Wsign-compare -Wstrict-aliasing -Wshadow -Winline -Wpacked -Wmissing-format-attribute -Wmissing-noreturn -Winit-self -Wredundant-decls -Wmissing-include-dirs -Wunused-but-set-variable -Warray-bounds -Wimplicit-function-declaration -Wreturn-type -Wswitch-enum -Wswitch-default -Wduplicated-cond -Wduplicated-branches -Wlogical-op -Wrestrict -Wnull-dereference -Wjump-misses-init -Wdouble-promotion --ldflags=-L/blfs/builds/gspell-1.14.2/gbuild/gspell -Wl,-rpath,/blfs/builds/gspell-1.14.2/gbuild/gspell -lgspell-1 -lgio-2.0 -lgobject-2.0 -lglib-2.0 -lgtk-3 -lgdk-3 -lpangocairo-1.0 -lcairo-gobject -lgdk_pixbuf-2.0 -latk-1.0 -lpango-1.0 -lcairo -lharfbuzz -lenchant-2 -licuuc -O2'
[0/1] Installing files
Installing po/ab/LC_MESSAGES/gspell-1.mo to /usr/share/locale/ab/LC_MESSAGES
Installing po/ar/LC_MESSAGES/gspell-1.mo to /usr/share/locale/ar/LC_MESSAGES
Installing po/be/LC_MESSAGES/gspell-1.mo to /usr/share/locale/be/LC_MESSAGES
Installing po/bg/LC_MESSAGES/gspell-1.mo to /usr/share/locale/bg/LC_MESSAGES
Installing po/ca/LC_MESSAGES/gspell-1.mo to /usr/share/locale/ca/LC_MESSAGES
Installing po/ca@valencia/LC_MESSAGES/gspell-1.mo to /usr/share/locale/ca@valencia/LC_MESSAGES
Installing po/ckb/LC_MESSAGES/gspell-1.mo to /usr/share/locale/ckb/LC_MESSAGES
Installing po/cs/LC_MESSAGES/gspell-1.mo to /usr/share/locale/cs/LC_MESSAGES
Installing po/da/LC_MESSAGES/gspell-1.mo to /usr/share/locale/da/LC_MESSAGES
Installing po/de/LC_MESSAGES/gspell-1.mo to /usr/share/locale/de/LC_MESSAGES
Installing po/el/LC_MESSAGES/gspell-1.mo to /usr/share/locale/el/LC_MESSAGES
Installing po/en_GB/LC_MESSAGES/gspell-1.mo to /usr/share/locale/en_GB/LC_MESSAGES
Installing po/eo/LC_MESSAGES/gspell-1.mo to /usr/share/locale/eo/LC_MESSAGES
Installing po/es/LC_MESSAGES/gspell-1.mo to /usr/share/locale/es/LC_MESSAGES
Installing po/eu/LC_MESSAGES/gspell-1.mo to /usr/share/locale/eu/LC_MESSAGES
Installing po/fa/LC_MESSAGES/gspell-1.mo to /usr/share/locale/fa/LC_MESSAGES
Installing po/fi/LC_MESSAGES/gspell-1.mo to /usr/share/locale/fi/LC_MESSAGES
Installing po/fr/LC_MESSAGES/gspell-1.mo to /usr/share/locale/fr/LC_MESSAGES
Installing po/fur/LC_MESSAGES/gspell-1.mo to /usr/share/locale/fur/LC_MESSAGES
Installing po/gd/LC_MESSAGES/gspell-1.mo to /usr/share/locale/gd/LC_MESSAGES
Installing po/gl/LC_MESSAGES/gspell-1.mo to /usr/share/locale/gl/LC_MESSAGES
Installing po/he/LC_MESSAGES/gspell-1.mo to /usr/share/locale/he/LC_MESSAGES
Installing po/hi/LC_MESSAGES/gspell-1.mo to /usr/share/locale/hi/LC_MESSAGES
Installing po/hr/LC_MESSAGES/gspell-1.mo to /usr/share/locale/hr/LC_MESSAGES
Installing po/hu/LC_MESSAGES/gspell-1.mo to /usr/share/locale/hu/LC_MESSAGES
Installing po/id/LC_MESSAGES/gspell-1.mo to /usr/share/locale/id/LC_MESSAGES
Installing po/ie/LC_MESSAGES/gspell-1.mo to /usr/share/locale/ie/LC_MESSAGES
Installing po/is/LC_MESSAGES/gspell-1.mo to /usr/share/locale/is/LC_MESSAGES
Installing po/it/LC_MESSAGES/gspell-1.mo to /usr/share/locale/it/LC_MESSAGES
Installing po/ja/LC_MESSAGES/gspell-1.mo to /usr/share/locale/ja/LC_MESSAGES
Installing po/ka/LC_MESSAGES/gspell-1.mo to /usr/share/locale/ka/LC_MESSAGES
Installing po/kab/LC_MESSAGES/gspell-1.mo to /usr/share/locale/kab/LC_MESSAGES
Installing po/kk/LC_MESSAGES/gspell-1.mo to /usr/share/locale/kk/LC_MESSAGES
Installing po/ko/LC_MESSAGES/gspell-1.mo to /usr/share/locale/ko/LC_MESSAGES
Installing po/lt/LC_MESSAGES/gspell-1.mo to /usr/share/locale/lt/LC_MESSAGES
Installing po/lv/LC_MESSAGES/gspell-1.mo to /usr/share/locale/lv/LC_MESSAGES
Installing po/mjw/LC_MESSAGES/gspell-1.mo to /usr/share/locale/mjw/LC_MESSAGES
Installing po/ml/LC_MESSAGES/gspell-1.mo to /usr/share/locale/ml/LC_MESSAGES
Installing po/ms/LC_MESSAGES/gspell-1.mo to /usr/share/locale/ms/LC_MESSAGES
Installing po/nb/LC_MESSAGES/gspell-1.mo to /usr/share/locale/nb/LC_MESSAGES
Installing po/ne/LC_MESSAGES/gspell-1.mo to /usr/share/locale/ne/LC_MESSAGES
Installing po/nl/LC_MESSAGES/gspell-1.mo to /usr/share/locale/nl/LC_MESSAGES
Installing po/oc/LC_MESSAGES/gspell-1.mo to /usr/share/locale/oc/LC_MESSAGES
Installing po/pa/LC_MESSAGES/gspell-1.mo to /usr/share/locale/pa/LC_MESSAGES
Installing po/pl/LC_MESSAGES/gspell-1.mo to /usr/share/locale/pl/LC_MESSAGES
Installing po/pt_BR/LC_MESSAGES/gspell-1.mo to /usr/share/locale/pt_BR/LC_MESSAGES
Installing po/pt/LC_MESSAGES/gspell-1.mo to /usr/share/locale/pt/LC_MESSAGES
Installing po/ro/LC_MESSAGES/gspell-1.mo to /usr/share/locale/ro/LC_MESSAGES
Installing po/ru/LC_MESSAGES/gspell-1.mo to /usr/share/locale/ru/LC_MESSAGES
Installing po/sk/LC_MESSAGES/gspell-1.mo to /usr/share/locale/sk/LC_MESSAGES
Installing po/sl/LC_MESSAGES/gspell-1.mo to /usr/share/locale/sl/LC_MESSAGES
Installing po/sr@latin/LC_MESSAGES/gspell-1.mo to /usr/share/locale/sr@latin/LC_MESSAGES
Installing po/sr/LC_MESSAGES/gspell-1.mo to /usr/share/locale/sr/LC_MESSAGES
Installing po/sv/LC_MESSAGES/gspell-1.mo to /usr/share/locale/sv/LC_MESSAGES
Installing po/ta/LC_MESSAGES/gspell-1.mo to /usr/share/locale/ta/LC_MESSAGES
Installing po/th/LC_MESSAGES/gspell-1.mo to /usr/share/locale/th/LC_MESSAGES
Installing po/tr/LC_MESSAGES/gspell-1.mo to /usr/share/locale/tr/LC_MESSAGES
Installing po/ug/LC_MESSAGES/gspell-1.mo to /usr/share/locale/ug/LC_MESSAGES
Installing po/uk/LC_MESSAGES/gspell-1.mo to /usr/share/locale/uk/LC_MESSAGES
Installing po/uz/LC_MESSAGES/gspell-1.mo to /usr/share/locale/uz/LC_MESSAGES
Installing po/vi/LC_MESSAGES/gspell-1.mo to /usr/share/locale/vi/LC_MESSAGES
Installing po/zh_CN/LC_MESSAGES/gspell-1.mo to /usr/share/locale/zh_CN/LC_MESSAGES
Installing po/zh_TW/LC_MESSAGES/gspell-1.mo to /usr/share/locale/zh_TW/LC_MESSAGES
Installing gspell/gspell-enum-types.h to /usr/include/gspell-1/gspell
Installing gspell/libgspell-1.so.3 to /usr/lib
Installing gspell/Gspell-1.gir to /usr/share/gir-1.0
Installing gspell/Gspell-1.typelib to /usr/lib/girepository-1.0
Installing gspell/gspell-1.vapi to /usr/share/vala/vapi
Installing gspell-app/gspell-app1 to /usr/bin
Installing tests/unit-tests/test-checker to /usr/libexec/installed-tests/gspell-1
Installing tests/unit-tests/test-entry to /usr/libexec/installed-tests/gspell-1
Installing tests/unit-tests/test-icu to /usr/libexec/installed-tests/gspell-1
Installing tests/unit-tests/test-inline-checker-text-buffer to /usr/libexec/installed-tests/gspell-1
Installing tests/unit-tests/test-text-iter to /usr/libexec/installed-tests/gspell-1
Installing tests/unit-tests/test-utils to /usr/libexec/installed-tests/gspell-1
Installing /blfs/builds/gspell-1.14.2/gspell/gspell.h to /usr/include/gspell-1/gspell
Installing /blfs/builds/gspell-1.14.2/gspell/gspell-checker.h to /usr/include/gspell-1/gspell
Installing /blfs/builds/gspell-1.14.2/gspell/gspell-checker-dialog.h to /usr/include/gspell-1/gspell
Installing /blfs/builds/gspell-1.14.2/gspell/gspell-entry.h to /usr/include/gspell-1/gspell
Installing /blfs/builds/gspell-1.14.2/gspell/gspell-entry-buffer.h to /usr/include/gspell-1/gspell
Installing /blfs/builds/gspell-1.14.2/gspell/gspell-language.h to /usr/include/gspell-1/gspell
Installing /blfs/builds/gspell-1.14.2/gspell/gspell-language-chooser.h to /usr/include/gspell-1/gspell
Installing /blfs/builds/gspell-1.14.2/gspell/gspell-language-chooser-button.h to /usr/include/gspell-1/gspell
Installing /blfs/builds/gspell-1.14.2/gspell/gspell-language-chooser-dialog.h to /usr/include/gspell-1/gspell
Installing /blfs/builds/gspell-1.14.2/gspell/gspell-navigator.h to /usr/include/gspell-1/gspell
Installing /blfs/builds/gspell-1.14.2/gspell/gspell-navigator-text-view.h to /usr/include/gspell-1/gspell
Installing /blfs/builds/gspell-1.14.2/gspell/gspell-text-buffer.h to /usr/include/gspell-1/gspell
Installing /blfs/builds/gspell-1.14.2/gspell/gspell-text-view.h to /usr/include/gspell-1/gspell
Installing /blfs/builds/gspell-1.14.2/gbuild/meson-private/gspell-1.pc to /usr/lib/pkgconfig
Installing /blfs/builds/gspell-1.14.2/gbuild/meson-private/gspell-1.deps to /usr/share/vala/vapi
Installing /blfs/builds/gspell-1.14.2/gbuild/tests/unit-tests/test-checker.test to /usr/share/installed-tests/gspell-1
Installing /blfs/builds/gspell-1.14.2/gbuild/tests/unit-tests/test-entry.test to /usr/share/installed-tests/gspell-1
Installing /blfs/builds/gspell-1.14.2/gbuild/tests/unit-tests/test-icu.test to /usr/share/installed-tests/gspell-1
Installing /blfs/builds/gspell-1.14.2/gbuild/tests/unit-tests/test-inline-checker-text-buffer.test to /usr/share/installed-tests/gspell-1
Installing /blfs/builds/gspell-1.14.2/gbuild/tests/unit-tests/test-text-iter.test to /usr/share/installed-tests/gspell-1
Installing /blfs/builds/gspell-1.14.2/gbuild/tests/unit-tests/test-utils.test to /usr/share/installed-tests/gspell-1
Installing symlink pointing to libgspell-1.so.3 to /usr/lib/libgspell-1.so
Running custom install script '/usr/bin/meson --internal gtkdoc --sourcedir=/blfs/builds/gspell-1.14.2 --builddir=/blfs/builds/gspell-1.14.2/gbuild --subdir=docs/reference --headerdirs=/blfs/builds/gspell-1.14.2/docs/reference/../../gspell/@@/blfs/builds/gspell-1.14.2/gbuild/docs/reference/../../gspell/ --mainfile=gspell-docs.xml --modulename=gspell-1 --moduleversion= --mode=auto --gtkdoc-scan=/usr/bin/gtkdoc-scan --gtkdoc-scangobj=/usr/bin/gtkdoc-scangobj --gtkdoc-mkdb=/usr/bin/gtkdoc-mkdb --gtkdoc-mkhtml=/usr/bin/gtkdoc-mkhtml --gtkdoc-fixxref=/usr/bin/gtkdoc-fixxref --htmlargs= --scanargs=--rebuild-types --scanobjsargs= --gobjects-types-file=/blfs/builds/gspell-1.14.2/docs/reference/gspell-1.types --fixxrefargs=--html-dir=/usr/share/gtk-doc/html/gspell-1@@--extra-dir=/usr/share/gtk-doc/html/glib@@--extra-dir=/usr/share/gtk-doc/html/gobject@@--extra-dir=/usr/share/gtk-doc/html/gio@@--extra-dir=/usr/share/gtk-doc/html/gtk3 --mkdbargs= --html-assets= --content-files=/blfs/builds/gspell-1.14.2/docs/reference/intro.xml --expand-content-files= --ignore-headers=gconstructor.h@@gspellregion.h@@gspell-checker-private.h@@gspell-context-menu.h@@gspell-current-word-policy.h@@gspell-entry-private.h@@gspell-entry-utils.h@@gspell-icu.h@@gspell-inline-checker-text-buffer.h@@gspell-text-iter.h@@gspell-utils.h@@gspell.h --installdir= --cc=cc --ld=cc --cflags=-I/blfs/builds/gspell-1.14.2/. -I/blfs/builds/gspell-1.14.2/gbuild/. -I/usr/include/glib-2.0 -I/usr/lib/glib-2.0/include -I/usr/include/libmount -I/usr/include/blkid -I/usr/include/sysprof-6 -pthread -I/usr/include/gtk-3.0 -I/usr/include/pango-1.0 -I/usr/include/cairo -I/usr/include/gdk-pixbuf-2.0 -I/usr/include/glycin-2 -I/usr/include/at-spi2-atk/2.0 -I/usr/include/at-spi-2.0 -I/usr/include/atk-1.0 -I/usr/include/dbus-1.0 -I/usr/lib/dbus-1.0/include -I/usr/include/fribidi -I/usr/include/pixman-1 -I/usr/include/harfbuzz -I/usr/include/freetype2 -I/usr/include/libpng16 -I/usr/include/gio-unix-2.0 -I/usr/include/enchant-2 -O2 \'-DG_LOG_DOMAIN="gspell"\' -fno-strict-aliasing -Wundef -Wnested-externs -Wwrite-strings -Wpointer-arith -Wmissing-declarations -Wmissing-prototypes -Wstrict-prototypes -Wredundant-decls -Wno-unused-parameter -Wno-missing-field-initializers -Wdeclaration-after-statement -Wformat=2 -Wold-style-definition -Wcast-align -Wformat-nonliteral -Wformat-security -Wsign-compare -Wstrict-aliasing -Wshadow -Winline -Wpacked -Wmissing-format-attribute -Wmissing-noreturn -Winit-self -Wredundant-decls -Wmissing-include-dirs -Wunused-but-set-variable -Warray-bounds -Wimplicit-function-declaration -Wreturn-type -Wswitch-enum -Wswitch-default -Wduplicated-cond -Wduplicated-branches -Wlogical-op -Wrestrict -Wnull-dereference -Wjump-misses-init -Wdouble-promotion --ldflags=-L/blfs/builds/gspell-1.14.2/gbuild/gspell -Wl,-rpath,/blfs/builds/gspell-1.14.2/gbuild/gspell -lgspell-1 -lgio-2.0 -lgobject-2.0 -lglib-2.0 -lgtk-3 -lgdk-3 -lpangocairo-1.0 -lcairo-gobject -lgdk_pixbuf-2.0 -latk-1.0 -lpango-1.0 -lcairo -lharfbuzz -lenchant-2 -licuuc -O2'
gspell/
gspell/usr/
gspell/usr/include/
gspell/usr/include/gspell-1/
gspell/usr/include/gspell-1/gspell/
gspell/usr/include/gspell-1/gspell/gspell-entry-buffer.h
gspell/usr/include/gspell-1/gspell/gspell-enum-types.h
gspell/usr/include/gspell-1/gspell/gspell-navigator.h
gspell/usr/include/gspell-1/gspell/gspell-text-view.h
gspell/usr/include/gspell-1/gspell/gspell-checker-dialog.h
gspell/usr/include/gspell-1/gspell/gspell-language-chooser.h
gspell/usr/include/gspell-1/gspell/gspell-navigator-text-view.h
gspell/usr/include/gspell-1/gspell/gspell-language-chooser-dialog.h
gspell/usr/include/gspell-1/gspell/gspell.h
gspell/usr/include/gspell-1/gspell/gspell-entry.h
gspell/usr/include/gspell-1/gspell/gspell-checker.h
gspell/usr/include/gspell-1/gspell/gspell-text-buffer.h
gspell/usr/include/gspell-1/gspell/gspell-language.h
gspell/usr/include/gspell-1/gspell/gspell-language-chooser-button.h
gspell/usr/share/
gspell/usr/share/vala/
gspell/usr/share/vala/vapi/
gspell/usr/share/vala/vapi/gspell-1.deps
gspell/usr/share/vala/vapi/gspell-1.vapi
gspell/usr/share/locale/
gspell/usr/share/locale/sr/
gspell/usr/share/locale/sr/LC_MESSAGES/
gspell/usr/share/locale/sr/LC_MESSAGES/gspell-1.mo
gspell/usr/share/locale/nl/
gspell/usr/share/locale/nl/LC_MESSAGES/
gspell/usr/share/locale/nl/LC_MESSAGES/gspell-1.mo
gspell/usr/share/locale/ab/
gspell/usr/share/locale/ab/LC_MESSAGES/
gspell/usr/share/locale/ab/LC_MESSAGES/gspell-1.mo
gspell/usr/share/locale/fi/
gspell/usr/share/locale/fi/LC_MESSAGES/
gspell/usr/share/locale/fi/LC_MESSAGES/gspell-1.mo
gspell/usr/share/locale/id/
gspell/usr/share/locale/id/LC_MESSAGES/
gspell/usr/share/locale/id/LC_MESSAGES/gspell-1.mo
gspell/usr/share/locale/ro/
gspell/usr/share/locale/ro/LC_MESSAGES/
gspell/usr/share/locale/ro/LC_MESSAGES/gspell-1.mo
gspell/usr/share/locale/ko/
gspell/usr/share/locale/ko/LC_MESSAGES/
gspell/usr/share/locale/ko/LC_MESSAGES/gspell-1.mo
gspell/usr/share/locale/sr@latin/
gspell/usr/share/locale/sr@latin/LC_MESSAGES/
gspell/usr/share/locale/sr@latin/LC_MESSAGES/gspell-1.mo
gspell/usr/share/locale/zh_TW/
gspell/usr/share/locale/zh_TW/LC_MESSAGES/
gspell/usr/share/locale/zh_TW/LC_MESSAGES/gspell-1.mo
gspell/usr/share/locale/hi/
gspell/usr/share/locale/hi/LC_MESSAGES/
gspell/usr/share/locale/hi/LC_MESSAGES/gspell-1.mo
gspell/usr/share/locale/kk/
gspell/usr/share/locale/kk/LC_MESSAGES/
gspell/usr/share/locale/kk/LC_MESSAGES/gspell-1.mo
gspell/usr/share/locale/nb/
gspell/usr/share/locale/nb/LC_MESSAGES/
gspell/usr/share/locale/nb/LC_MESSAGES/gspell-1.mo
gspell/usr/share/locale/mjw/
gspell/usr/share/locale/mjw/LC_MESSAGES/
gspell/usr/share/locale/mjw/LC_MESSAGES/gspell-1.mo
gspell/usr/share/locale/ie/
gspell/usr/share/locale/ie/LC_MESSAGES/
gspell/usr/share/locale/ie/LC_MESSAGES/gspell-1.mo
gspell/usr/share/locale/ar/
gspell/usr/share/locale/ar/LC_MESSAGES/
gspell/usr/share/locale/ar/LC_MESSAGES/gspell-1.mo
gspell/usr/share/locale/uk/
gspell/usr/share/locale/uk/LC_MESSAGES/
gspell/usr/share/locale/uk/LC_MESSAGES/gspell-1.mo
gspell/usr/share/locale/uz/
gspell/usr/share/locale/uz/LC_MESSAGES/
gspell/usr/share/locale/uz/LC_MESSAGES/gspell-1.mo
gspell/usr/share/locale/ug/
gspell/usr/share/locale/ug/LC_MESSAGES/
gspell/usr/share/locale/ug/LC_MESSAGES/gspell-1.mo
gspell/usr/share/locale/en_GB/
gspell/usr/share/locale/en_GB/LC_MESSAGES/
gspell/usr/share/locale/en_GB/LC_MESSAGES/gspell-1.mo
gspell/usr/share/locale/oc/
gspell/usr/share/locale/oc/LC_MESSAGES/
gspell/usr/share/locale/oc/LC_MESSAGES/gspell-1.mo
gspell/usr/share/locale/es/
gspell/usr/share/locale/es/LC_MESSAGES/
gspell/usr/share/locale/es/LC_MESSAGES/gspell-1.mo
gspell/usr/share/locale/th/
gspell/usr/share/locale/th/LC_MESSAGES/
gspell/usr/share/locale/th/LC_MESSAGES/gspell-1.mo
gspell/usr/share/locale/he/
gspell/usr/share/locale/he/LC_MESSAGES/
gspell/usr/share/locale/he/LC_MESSAGES/gspell-1.mo
gspell/usr/share/locale/vi/
gspell/usr/share/locale/vi/LC_MESSAGES/
gspell/usr/share/locale/vi/LC_MESSAGES/gspell-1.mo
gspell/usr/share/locale/fr/
gspell/usr/share/locale/fr/LC_MESSAGES/
gspell/usr/share/locale/fr/LC_MESSAGES/gspell-1.mo
gspell/usr/share/locale/ca/
gspell/usr/share/locale/ca/LC_MESSAGES/
gspell/usr/share/locale/ca/LC_MESSAGES/gspell-1.mo
gspell/usr/share/locale/ta/
gspell/usr/share/locale/ta/LC_MESSAGES/
gspell/usr/share/locale/ta/LC_MESSAGES/gspell-1.mo
gspell/usr/share/locale/pl/
gspell/usr/share/locale/pl/LC_MESSAGES/
gspell/usr/share/locale/pl/LC_MESSAGES/gspell-1.mo
gspell/usr/share/locale/da/
gspell/usr/share/locale/da/LC_MESSAGES/
gspell/usr/share/locale/da/LC_MESSAGES/gspell-1.mo
gspell/usr/share/locale/ru/
gspell/usr/share/locale/ru/LC_MESSAGES/
gspell/usr/share/locale/ru/LC_MESSAGES/gspell-1.mo
gspell/usr/share/locale/is/
gspell/usr/share/locale/is/LC_MESSAGES/
gspell/usr/share/locale/is/LC_MESSAGES/gspell-1.mo
gspell/usr/share/locale/hr/
gspell/usr/share/locale/hr/LC_MESSAGES/
gspell/usr/share/locale/hr/LC_MESSAGES/gspell-1.mo
gspell/usr/share/locale/ja/
gspell/usr/share/locale/ja/LC_MESSAGES/
gspell/usr/share/locale/ja/LC_MESSAGES/gspell-1.mo
gspell/usr/share/locale/kab/
gspell/usr/share/locale/kab/LC_MESSAGES/
gspell/usr/share/locale/kab/LC_MESSAGES/gspell-1.mo
gspell/usr/share/locale/fa/
gspell/usr/share/locale/fa/LC_MESSAGES/
gspell/usr/share/locale/fa/LC_MESSAGES/gspell-1.mo
gspell/usr/share/locale/ckb/
gspell/usr/share/locale/ckb/LC_MESSAGES/
gspell/usr/share/locale/ckb/LC_MESSAGES/gspell-1.mo
gspell/usr/share/locale/zh_CN/
gspell/usr/share/locale/zh_CN/LC_MESSAGES/
gspell/usr/share/locale/zh_CN/LC_MESSAGES/gspell-1.mo
gspell/usr/share/locale/cs/
gspell/usr/share/locale/cs/LC_MESSAGES/
gspell/usr/share/locale/cs/LC_MESSAGES/gspell-1.mo
gspell/usr/share/locale/lv/
gspell/usr/share/locale/lv/LC_MESSAGES/
gspell/usr/share/locale/lv/LC_MESSAGES/gspell-1.mo
gspell/usr/share/locale/pt_BR/
gspell/usr/share/locale/pt_BR/LC_MESSAGES/
gspell/usr/share/locale/pt_BR/LC_MESSAGES/gspell-1.mo
gspell/usr/share/locale/pt/
gspell/usr/share/locale/pt/LC_MESSAGES/
gspell/usr/share/locale/pt/LC_MESSAGES/gspell-1.mo
gspell/usr/share/locale/hu/
gspell/usr/share/locale/hu/LC_MESSAGES/
gspell/usr/share/locale/hu/LC_MESSAGES/gspell-1.mo
gspell/usr/share/locale/tr/
gspell/usr/share/locale/tr/LC_MESSAGES/
gspell/usr/share/locale/tr/LC_MESSAGES/gspell-1.mo
gspell/usr/share/locale/sl/
gspell/usr/share/locale/sl/LC_MESSAGES/
gspell/usr/share/locale/sl/LC_MESSAGES/gspell-1.mo
gspell/usr/share/locale/fur/
gspell/usr/share/locale/fur/LC_MESSAGES/
gspell/usr/share/locale/fur/LC_MESSAGES/gspell-1.mo
gspell/usr/share/locale/eu/
gspell/usr/share/locale/eu/LC_MESSAGES/
gspell/usr/share/locale/eu/LC_MESSAGES/gspell-1.mo
gspell/usr/share/locale/el/
gspell/usr/share/locale/el/LC_MESSAGES/
gspell/usr/share/locale/el/LC_MESSAGES/gspell-1.mo
gspell/usr/share/locale/gd/
gspell/usr/share/locale/gd/LC_MESSAGES/
gspell/usr/share/locale/gd/LC_MESSAGES/gspell-1.mo
gspell/usr/share/locale/sv/
gspell/usr/share/locale/sv/LC_MESSAGES/
gspell/usr/share/locale/sv/LC_MESSAGES/gspell-1.mo
gspell/usr/share/locale/ml/
gspell/usr/share/locale/ml/LC_MESSAGES/
gspell/usr/share/locale/ml/LC_MESSAGES/gspell-1.mo
gspell/usr/share/locale/sk/
gspell/usr/share/locale/sk/LC_MESSAGES/
gspell/usr/share/locale/sk/LC_MESSAGES/gspell-1.mo
gspell/usr/share/locale/eo/
gspell/usr/share/locale/eo/LC_MESSAGES/
gspell/usr/share/locale/eo/LC_MESSAGES/gspell-1.mo
gspell/usr/share/locale/bg/
gspell/usr/share/locale/bg/LC_MESSAGES/
gspell/usr/share/locale/bg/LC_MESSAGES/gspell-1.mo
gspell/usr/share/locale/pa/
gspell/usr/share/locale/pa/LC_MESSAGES/
gspell/usr/share/locale/pa/LC_MESSAGES/gspell-1.mo
gspell/usr/share/locale/ka/
gspell/usr/share/locale/ka/LC_MESSAGES/
gspell/usr/share/locale/ka/LC_MESSAGES/gspell-1.mo
gspell/usr/share/locale/ne/
gspell/usr/share/locale/ne/LC_MESSAGES/
gspell/usr/share/locale/ne/LC_MESSAGES/gspell-1.mo
gspell/usr/share/locale/it/
gspell/usr/share/locale/it/LC_MESSAGES/
gspell/usr/share/locale/it/LC_MESSAGES/gspell-1.mo
gspell/usr/share/locale/de/
gspell/usr/share/locale/de/LC_MESSAGES/
gspell/usr/share/locale/de/LC_MESSAGES/gspell-1.mo
gspell/usr/share/locale/ca@valencia/
gspell/usr/share/locale/ca@valencia/LC_MESSAGES/
gspell/usr/share/locale/ca@valencia/LC_MESSAGES/gspell-1.mo
gspell/usr/share/locale/lt/
gspell/usr/share/locale/lt/LC_MESSAGES/
gspell/usr/share/locale/lt/LC_MESSAGES/gspell-1.mo
gspell/usr/share/locale/be/
gspell/usr/share/locale/be/LC_MESSAGES/
gspell/usr/share/locale/be/LC_MESSAGES/gspell-1.mo
gspell/usr/share/locale/ms/
gspell/usr/share/locale/ms/LC_MESSAGES/
gspell/usr/share/locale/ms/LC_MESSAGES/gspell-1.mo
gspell/usr/share/locale/gl/
gspell/usr/share/locale/gl/LC_MESSAGES/
gspell/usr/share/locale/gl/LC_MESSAGES/gspell-1.mo
gspell/usr/share/installed-tests/
gspell/usr/share/installed-tests/gspell-1/
gspell/usr/share/installed-tests/gspell-1/test-text-iter.test
gspell/usr/share/installed-tests/gspell-1/test-entry.test
gspell/usr/share/installed-tests/gspell-1/test-icu.test
gspell/usr/share/installed-tests/gspell-1/test-inline-checker-text-buffer.test
gspell/usr/share/installed-tests/gspell-1/test-checker.test
gspell/usr/share/installed-tests/gspell-1/test-utils.test
gspell/usr/share/gtk-doc/
gspell/usr/share/gtk-doc/html/
gspell/usr/share/gtk-doc/html/gspell-1/
gspell/usr/share/gtk-doc/html/gspell-1/home.png
gspell/usr/share/gtk-doc/html/gspell-1/up.png
gspell/usr/share/gtk-doc/html/gspell-1/annexes.html
gspell/usr/share/gtk-doc/html/gspell-1/right.png
gspell/usr/share/gtk-doc/html/gspell-1/left.png
gspell/usr/share/gtk-doc/html/gspell-1/GspellNavigatorTextView.html
gspell/usr/share/gtk-doc/html/gspell-1/spell-checker-dialog.html
gspell/usr/share/gtk-doc/html/gspell-1/GspellLanguageChooserDialog.html
gspell/usr/share/gtk-doc/html/gspell-1/GspellChecker.html
gspell/usr/share/gtk-doc/html/gspell-1/GspellEntryBuffer.html
gspell/usr/share/gtk-doc/html/gspell-1/GspellLanguageChooser.html
gspell/usr/share/gtk-doc/html/gspell-1/api-index-full.html
gspell/usr/share/gtk-doc/html/gspell-1/intro.html
gspell/usr/share/gtk-doc/html/gspell-1/GspellTextView.html
gspell/usr/share/gtk-doc/html/gspell-1/style.css
gspell/usr/share/gtk-doc/html/gspell-1/GtkEntry-support.html
gspell/usr/share/gtk-doc/html/gspell-1/gspell-1.devhelp2
gspell/usr/share/gtk-doc/html/gspell-1/GspellNavigator.html
gspell/usr/share/gtk-doc/html/gspell-1/GspellLanguage.html
gspell/usr/share/gtk-doc/html/gspell-1/up-insensitive.png
gspell/usr/share/gtk-doc/html/gspell-1/GspellLanguageChooserButton.html
gspell/usr/share/gtk-doc/html/gspell-1/GspellTextBuffer.html
gspell/usr/share/gtk-doc/html/gspell-1/language-choosers.html
gspell/usr/share/gtk-doc/html/gspell-1/api-reference.html
gspell/usr/share/gtk-doc/html/gspell-1/core-classes.html
gspell/usr/share/gtk-doc/html/gspell-1/GspellCheckerDialog.html
gspell/usr/share/gtk-doc/html/gspell-1/left-insensitive.png
gspell/usr/share/gtk-doc/html/gspell-1/GtkTextView-support.html
gspell/usr/share/gtk-doc/html/gspell-1/annotation-glossary.html
gspell/usr/share/gtk-doc/html/gspell-1/right-insensitive.png
gspell/usr/share/gtk-doc/html/gspell-1/GspellEntry.html
gspell/usr/share/gtk-doc/html/gspell-1/object-tree.html
gspell/usr/share/gtk-doc/html/gspell-1/index.html
gspell/usr/share/gir-1.0/
gspell/usr/share/gir-1.0/Gspell-1.gir
gspell/usr/libexec/
gspell/usr/libexec/installed-tests/
gspell/usr/libexec/installed-tests/gspell-1/
gspell/usr/libexec/installed-tests/gspell-1/test-entry
gspell/usr/libexec/installed-tests/gspell-1/test-text-iter
gspell/usr/libexec/installed-tests/gspell-1/test-utils
gspell/usr/libexec/installed-tests/gspell-1/test-checker
gspell/usr/libexec/installed-tests/gspell-1/test-inline-checker-text-buffer
gspell/usr/libexec/installed-tests/gspell-1/test-icu
gspell/usr/bin/
gspell/usr/bin/gspell-app1
gspell/usr/lib/
gspell/usr/lib/girepository-1.0/
gspell/usr/lib/girepository-1.0/Gspell-1.typelib
gspell/usr/lib/libgspell-1.so
gspell/usr/lib/libgspell-1.so.3
gspell/usr/lib/pkgconfig/
gspell/usr/lib/pkgconfig/gspell-1.pc
gspell/version
gspell/depends
gspell/make-depends
