--2025-12-04 11:55:45--  https://github.com/vcrhonek/hwdata/archive/refs/tags/v0.402.tar.gz
Resolving github.com (github.com)... 140.82.114.4
Connecting to github.com (github.com)|140.82.114.4|:443... connected.
HTTP request sent, awaiting response... 302 Found
Location: https://codeload.github.com/vcrhonek/hwdata/tar.gz/refs/tags/v0.402 [following]
--2025-12-04 11:55:45--  https://codeload.github.com/vcrhonek/hwdata/tar.gz/refs/tags/v0.402
Resolving codeload.github.com (codeload.github.com)... 140.82.113.10
Connecting to codeload.github.com (codeload.github.com)|140.82.113.10|:443... connected.
HTTP request sent, awaiting response... 200 OK
Length: unspecified [application/x-gzip]
Saving to: ‘v0.402.tar.gz’

     0K .......... .......... .......... .......... .......... 2.13M
    50K .......... .......... .......... .......... .......... 4.15M
   100K .......... .......... .......... .......... .......... 11.4M
   150K .......... .......... .......... .......... .......... 4.12M
   200K .......... .......... .......... .......... .......... 5.73M
   250K .......... .......... .......... .......... .......... 9.14M
   300K .......... .......... .......... .......... .......... 19.9M
   350K .......... .......... .......... .......... .......... 6.03M
   400K .......... .......... .......... .......... .......... 6.32M
   450K .......... .......... .......... .......... .......... 16.6M
   500K .......... .......... .......... .......... .......... 18.7M
   550K .......... .......... .......... .......... .......... 20.0M
   600K .......... .......... .......... .......... .......... 10.2M
   650K .......... .......... .......... .......... .......... 17.8M
   700K .......... .......... .......... .......... .......... 8.26M
   750K .......... .......... .......... .......... .......... 4.84M
   800K .......... .......... .......... .......... .......... 20.0M
   850K .......... .......... .......... .......... .......... 20.5M
   900K .......... .......... .......... .......... .......... 32.5M
   950K .......... .......... .......... .......... .......... 49.7M
  1000K .......... .......... .......... .......... .......... 2.72M
  1050K .......... .......... .......... .......... .......... 28.3M
  1100K .......... .......... .......... .......... .......... 28.1M
  1150K .......... .......... .......... .......... .......... 6.89M
  1200K .......... .......... .......... .......... .......... 29.9M
  1250K .......... .......... .......... .......... .......... 2.79M
  1300K .......... .......... .......... .......... .......... 28.8M
  1350K .......... .......... .......... .......... .......... 29.6M
  1400K .......... .......... .......... .......... .......... 29.1M
  1450K .......... .......... .......... .......... .......... 31.4M
  1500K .......... .......... .......... .......... .......... 2.26M
  1550K .......... .......... .......... .......... .......... 22.5M
  1600K .......... .......... .......... .......... .......... 22.8M
  1650K .......... .......... .......... .......... .......... 21.5M
  1700K .......... .......... .......... .......... .......... 28.4M
  1750K .......... .......... .......... .......... .......... 1.66M
  1800K .......... .......... .......... .......... .......... 16.4M
  1850K .......... .......... .......... .......... .......... 20.9M
  1900K .......... .......... .......... .......... .......... 20.7M
  1950K .......... .......... .......... .......... .......... 21.0M
  2000K .......... .......... .......... .......... .......... 1.90M
  2050K .......... .......... .......... .......... .......... 15.5M
  2100K .......... .......... .......... .......... .......... 20.6M
  2150K .......... .......... .......... .......... .......... 20.9M
  2200K .......... .......... .......... .......... .......... 20.2M
  2250K .......... .......... .......... .......... .......... 21.5M
  2300K .......... .......... .......... .......... .......... 3.03M
  2350K .......... .......... .......... .......... .......... 21.2M
  2400K .......... .......... .......... .......... .......... 20.2M
  2450K .......... .......... .......... .......... .......... 20.2M
  2500K ..                                                     24.2M=0.3s

2025-12-04 11:55:45 (7.96 MB/s) - ‘v0.402.tar.gz’ saved [2562227]

hwdata-0.402/
hwdata-0.402/.fmf/
hwdata-0.402/.fmf/version
hwdata-0.402/.gitignore
hwdata-0.402/.packit.yaml
hwdata-0.402/01-utf-8-encoding.patch.patch
hwdata-0.402/02-typos.patch.patch
hwdata-0.402/COPYING
hwdata-0.402/Dockerfile
hwdata-0.402/LICENSE
hwdata-0.402/Makefile
hwdata-0.402/README
hwdata-0.402/blacklist.conf
hwdata-0.402/check-pci-ids.py
hwdata-0.402/check-usb-ids.sh
hwdata-0.402/compare-pci-ids.py
hwdata-0.402/configure
hwdata-0.402/hwdata.pc.in
hwdata-0.402/hwdata.spec
hwdata-0.402/iab.txt
hwdata-0.402/lspci-dump.txt
hwdata-0.402/oui.txt
hwdata-0.402/pci.ids
hwdata-0.402/plans/
hwdata-0.402/plans/basic.fmf
hwdata-0.402/plans/rpmlint.fmf
hwdata-0.402/pnp.ids
hwdata-0.402/pnp.ids.patch
hwdata-0.402/process-pnp-ids.py
hwdata-0.402/tests/
hwdata-0.402/tests/ids-files/
hwdata-0.402/tests/ids-files/Makefile
hwdata-0.402/tests/ids-files/PURPOSE
hwdata-0.402/tests/ids-files/main.fmf
hwdata-0.402/tests/ids-files/runtest.sh
hwdata-0.402/tests/python-hwdata/
hwdata-0.402/tests/python-hwdata/main.fmf
hwdata-0.402/tests/python-hwdata/test-python-hwdata.sh
hwdata-0.402/tests/syntax/
hwdata-0.402/tests/syntax/Makefile
hwdata-0.402/tests/syntax/PURPOSE
hwdata-0.402/tests/syntax/main.fmf
hwdata-0.402/tests/syntax/runtest.sh
hwdata-0.402/usb.ids
make: Nothing to be done for 'all'.
datadir="/usr/share"; \
if [ "${datadir#/usr}" != "$datadir" ]; then \
	datadir="\${prefix}${datadir#/usr}"; \
fi; \
sed -e 's|@prefix@|/usr|g' \
	-e "s|@datadir@|$datadir|g" \
	-e 's|@pkgdatadir@|${datadir}/hwdata|g' \
	-e 's|@VERSION@|0.402|g' \
	-e 's|@NAME@|hwdata|g' \
	hwdata.pc.in > hwdata.pc
mkdir -p -m 755 /pkgs/hwdata/usr/share/hwdata
for foo in pci.ids usb.ids oui.txt iab.txt pnp.ids ; do \
	install -m 644 $foo /pkgs/hwdata/usr/share/hwdata ;\
done
mkdir -p -m 755 /pkgs/hwdata/usr/share/pkgconfig
install -m 644 hwdata.pc /pkgs/hwdata/usr/share/pkgconfig/
mkdir -p -m 755 /usr/share/hwdata
for foo in pci.ids usb.ids oui.txt iab.txt pnp.ids ; do \
	install -m 644 $foo /usr/share/hwdata ;\
done
mkdir -p -m 755 /usr/share/pkgconfig
install -m 644 hwdata.pc /usr/share/pkgconfig/
hwdata/
hwdata/usr/
hwdata/usr/share/
hwdata/usr/share/hwdata/
hwdata/usr/share/hwdata/pci.ids
hwdata/usr/share/hwdata/pnp.ids
hwdata/usr/share/hwdata/iab.txt
hwdata/usr/share/hwdata/usb.ids
hwdata/usr/share/hwdata/oui.txt
hwdata/usr/share/pkgconfig/
hwdata/usr/share/pkgconfig/hwdata.pc
hwdata/version
hwdata/depends
hwdata/make-depends
