--2025-12-04 10:15:42--  https://downloads.sourceforge.net/libpng/libpng-1.6.52.tar.xz
Resolving downloads.sourceforge.net (downloads.sourceforge.net)... 2606:4700::6812:d95, 2606:4700::6812:c95, 104.18.13.149, ...
Connecting to downloads.sourceforge.net (downloads.sourceforge.net)|2606:4700::6812:d95|:443... connected.
HTTP request sent, awaiting response... 301 Moved Permanently
Location: https://downloads.sourceforge.net/project/libpng/libpng16/1.6.52/libpng-1.6.52.tar.xz [following]
--2025-12-04 10:15:42--  https://downloads.sourceforge.net/project/libpng/libpng16/1.6.52/libpng-1.6.52.tar.xz
Reusing existing connection to [downloads.sourceforge.net]:443.
HTTP request sent, awaiting response... 302 Found
Location: https://psychz.dl.sourceforge.net/project/libpng/libpng16/1.6.52/libpng-1.6.52.tar.xz?viasf=1 [following]
--2025-12-04 10:15:43--  https://psychz.dl.sourceforge.net/project/libpng/libpng16/1.6.52/libpng-1.6.52.tar.xz?viasf=1
Resolving psychz.dl.sourceforge.net (psychz.dl.sourceforge.net)... 208.87.241.191
Connecting to psychz.dl.sourceforge.net (psychz.dl.sourceforge.net)|208.87.241.191|:443... connected.
HTTP request sent, awaiting response... 200 OK
Length: 1063580 (1.0M) [application/octet-stream]
Saving to: ‘libpng-1.6.52.tar.xz’

     0K .......... .......... .......... .......... ..........  4%  832K 1s
    50K .......... .......... .......... .......... ..........  9%  832K 1s
   100K .......... .......... .......... .......... .......... 14% 14.2M 1s
   150K .......... .......... .......... .......... .......... 19%  808K 1s
   200K .......... .......... .......... .......... .......... 24%  798K 1s
   250K .......... .......... .......... .......... .......... 28% 47.0M 1s
   300K .......... .......... .......... .......... .......... 33% 51.9M 0s
   350K .......... .......... .......... .......... .......... 38%  750K 1s
   400K .......... .......... .......... .......... .......... 43% 13.1M 0s
   450K .......... .......... .......... .......... .......... 48%  911K 0s
   500K .......... .......... .......... .......... .......... 52% 25.6M 0s
   550K .......... .......... .......... .......... .......... 57% 51.3M 0s
   600K .......... .......... .......... .......... .......... 62% 32.6M 0s
   650K .......... .......... .......... .......... .......... 67% 45.8M 0s
   700K .......... .......... .......... .......... .......... 72%  879K 0s
   750K .......... .......... .......... .......... .......... 77% 14.0M 0s
   800K .......... .......... .......... .......... .......... 81% 16.9M 0s
   850K .......... .......... .......... .......... .......... 86% 51.2M 0s
   900K .......... .......... .......... .......... .......... 91% 16.9M 0s
   950K .......... .......... .......... .......... .......... 96%  965K 0s
  1000K .......... .......... .......... ........             100% 14.2M=0.5s

2025-12-04 10:15:43 (2.02 MB/s) - ‘libpng-1.6.52.tar.xz’ saved [1063580/1063580]

--2025-12-04 10:15:43--  https://downloads.sourceforge.net/sourceforge/libpng-apng/libpng-1.6.52-apng.patch.gz
Resolving downloads.sourceforge.net (downloads.sourceforge.net)... 2606:4700::6812:d95, 2606:4700::6812:c95, 104.18.12.149, ...
Connecting to downloads.sourceforge.net (downloads.sourceforge.net)|2606:4700::6812:d95|:443... connected.
HTTP request sent, awaiting response... 404 Not Found
2025-12-04 10:15:44 ERROR 404: Not Found.

