--2025-12-04 10:04:46--  https://github.com/KhronosGroup/Vulkan-Loader/archive/v1.4.335.tar.gz
Resolving github.com (github.com)... 140.82.114.3
Connecting to github.com (github.com)|140.82.114.3|:443... connected.
HTTP request sent, awaiting response... 302 Found
Location: https://codeload.github.com/KhronosGroup/Vulkan-Loader/tar.gz/refs/tags/v1.4.335 [following]
--2025-12-04 10:04:46--  https://codeload.github.com/KhronosGroup/Vulkan-Loader/tar.gz/refs/tags/v1.4.335
Resolving codeload.github.com (codeload.github.com)... 140.82.112.10
Connecting to codeload.github.com (codeload.github.com)|140.82.112.10|:443... connected.
HTTP request sent, awaiting response... 200 OK
Length: unspecified [application/x-gzip]
Saving to: ‘v1.4.335.tar.gz’

     0K .......... .......... .......... .......... .......... 2.18M
    50K .......... .......... .......... .......... .......... 4.17M
   100K .......... .......... .......... .......... .......... 10.9M
   150K .......... .......... .......... .......... .......... 4.13M
   200K .......... .......... .......... .......... .......... 5.52M
   250K .......... .......... .......... .......... .......... 9.58M
   300K .......... .......... .......... .......... .......... 5.38M
   350K .......... .......... .......... .......... .......... 18.6M
   400K .......... .......... .......... .......... .......... 6.28M
   450K .......... .......... .......... .......... .......... 17.2M
   500K .......... .......... .......... .......... .......... 19.6M
   550K .......... .......... .......... .......... .......... 10.3M
   600K .......... .......... .......... .......... .......... 11.3M
   650K .......... .......... .......... .......... .......... 13.7M
   700K .......... .......... .......... .......... .......... 11.9M
   750K .......... .......... .......... .......... .......... 13.0M
   800K .......... .......... .......... .......... .......... 48.3M
   850K .......... .......... .......... .......... .......... 12.6M
   900K .......... .......... .......... .......... .......... 13.6M
   950K .......... .......... .......... .......... .......... 13.8M
  1000K .......... .......... .......... .......... .......... 13.5M
  1050K .......... .......... .......... .......... .......... 12.3M
  1100K .......... .......... .......... .......... .......... 45.1M
  1150K .......... .......... .......... .......... .......... 36.6M
  1200K .......... .......... .......... .......... .......... 22.4M
  1250K .......... .......... .......... .......... .......... 12.8M
  1300K .......... .......... .......... .......... .......... 13.9M
  1350K .......... .......... .......... .......... .......... 49.4M
  1400K .......... .......... .......... .......... .......... 12.1M
  1450K .......... .......... .......... .......... .......... 48.9M
  1500K .......... .......... .......... .......... .......... 15.4M
  1550K .......... .......... .......... .......... .......... 39.9M
  1600K .......... .......... .......... .......... .......... 20.1M
  1650K .......... .......... .......... .......... .......... 47.5M
  1700K .......... .......... .......... .......... .......... 54.1M
  1750K                                                        1.45T=0.2s

2025-12-04 10:04:46 (11.0 MB/s) - ‘v1.4.335.tar.gz’ saved [1792799]

Vulkan-Loader-1.4.335/
Vulkan-Loader-1.4.335/.clang-format
Vulkan-Loader-1.4.335/.gitattributes
Vulkan-Loader-1.4.335/.github/
Vulkan-Loader-1.4.335/.github/ISSUE_TEMPLATE/
Vulkan-Loader-1.4.335/.github/ISSUE_TEMPLATE/bug_report.md
Vulkan-Loader-1.4.335/.github/ISSUE_TEMPLATE/feature_request.md
Vulkan-Loader-1.4.335/.github/dependabot.yml
Vulkan-Loader-1.4.335/.github/workflows/
Vulkan-Loader-1.4.335/.github/workflows/build.yml
Vulkan-Loader-1.4.335/.github/workflows/codeql.yml
Vulkan-Loader-1.4.335/.github/workflows/format.yml
Vulkan-Loader-1.4.335/.gitignore
Vulkan-Loader-1.4.335/BUILD.gn
Vulkan-Loader-1.4.335/BUILD.md
Vulkan-Loader-1.4.335/CMakeLists.txt
Vulkan-Loader-1.4.335/CODE_OF_CONDUCT.md
Vulkan-Loader-1.4.335/CONTRIBUTING.md
Vulkan-Loader-1.4.335/GOVERNANCE.md
Vulkan-Loader-1.4.335/LICENSE.txt
Vulkan-Loader-1.4.335/README.md
Vulkan-Loader-1.4.335/SECURITY.md
Vulkan-Loader-1.4.335/docs/
Vulkan-Loader-1.4.335/docs/LoaderApplicationInterface.md
Vulkan-Loader-1.4.335/docs/LoaderDebugging.md
Vulkan-Loader-1.4.335/docs/LoaderDriverInterface.md
Vulkan-Loader-1.4.335/docs/LoaderInterfaceArchitecture.md
Vulkan-Loader-1.4.335/docs/LoaderLayerInterface.md
Vulkan-Loader-1.4.335/docs/LoaderSettingsFile.md
Vulkan-Loader-1.4.335/docs/images/
Vulkan-Loader-1.4.335/docs/images/function_device_chain.png
Vulkan-Loader-1.4.335/docs/images/function_instance_chain.png
Vulkan-Loader-1.4.335/docs/images/high_level_loader.png
Vulkan-Loader-1.4.335/docs/images/loader_device_chain_app.png
Vulkan-Loader-1.4.335/docs/images/loader_device_chain_loader.png
Vulkan-Loader-1.4.335/docs/images/loader_device_surface_chain.png
Vulkan-Loader-1.4.335/docs/images/loader_instance_chain.png
Vulkan-Loader-1.4.335/docs/images/loader_layer_order.png
Vulkan-Loader-1.4.335/docs/images/loader_layer_order_calls.png
Vulkan-Loader-1.4.335/docs/images/svgs/
Vulkan-Loader-1.4.335/docs/images/svgs/README.txt
Vulkan-Loader-1.4.335/docs/images/svgs/function_device_chain.svg
Vulkan-Loader-1.4.335/docs/images/svgs/function_instance_chain.svg
Vulkan-Loader-1.4.335/docs/images/svgs/high_level_loader.svg
Vulkan-Loader-1.4.335/docs/images/svgs/loader_device_chain_app.svg
Vulkan-Loader-1.4.335/docs/images/svgs/loader_device_chain_loader.svg
Vulkan-Loader-1.4.335/docs/images/svgs/loader_device_surface_chain.svg
Vulkan-Loader-1.4.335/docs/images/svgs/loader_instance_chain.svg
Vulkan-Loader-1.4.335/docs/images/svgs/loader_layer_order.svg
Vulkan-Loader-1.4.335/docs/images/svgs/loader_layer_order_calls.svg
Vulkan-Loader-1.4.335/loader/
Vulkan-Loader-1.4.335/loader/CMakeLists.txt
Vulkan-Loader-1.4.335/loader/LoaderAndLayerInterface.md
Vulkan-Loader-1.4.335/loader/README.md
Vulkan-Loader-1.4.335/loader/adapters.h
Vulkan-Loader-1.4.335/loader/allocation.c
Vulkan-Loader-1.4.335/loader/allocation.h
Vulkan-Loader-1.4.335/loader/asm_offset.c
Vulkan-Loader-1.4.335/loader/asm_test_aarch32.S
Vulkan-Loader-1.4.335/loader/asm_test_aarch64.S
Vulkan-Loader-1.4.335/loader/asm_test_x86.S
Vulkan-Loader-1.4.335/loader/cJSON.c
Vulkan-Loader-1.4.335/loader/cJSON.h
Vulkan-Loader-1.4.335/loader/debug_utils.c
Vulkan-Loader-1.4.335/loader/debug_utils.h
Vulkan-Loader-1.4.335/loader/dev_ext_trampoline.c
Vulkan-Loader-1.4.335/loader/dirent_on_windows.c
Vulkan-Loader-1.4.335/loader/dirent_on_windows.h
Vulkan-Loader-1.4.335/loader/dlopen_fuchsia.c
Vulkan-Loader-1.4.335/loader/dlopen_fuchsia.h
Vulkan-Loader-1.4.335/loader/extension_manual.c
Vulkan-Loader-1.4.335/loader/extension_manual.h
Vulkan-Loader-1.4.335/loader/generated/
Vulkan-Loader-1.4.335/loader/generated/vk_layer_dispatch_table.h
Vulkan-Loader-1.4.335/loader/generated/vk_loader_extensions.c
Vulkan-Loader-1.4.335/loader/generated/vk_loader_extensions.h
Vulkan-Loader-1.4.335/loader/generated/vk_object_types.h
Vulkan-Loader-1.4.335/loader/gpa_helper.c
Vulkan-Loader-1.4.335/loader/gpa_helper.h
Vulkan-Loader-1.4.335/loader/loader.c
Vulkan-Loader-1.4.335/loader/loader.h
Vulkan-Loader-1.4.335/loader/loader.rc
Vulkan-Loader-1.4.335/loader/loader.rc.in
Vulkan-Loader-1.4.335/loader/loader_common.h
Vulkan-Loader-1.4.335/loader/loader_environment.c
Vulkan-Loader-1.4.335/loader/loader_environment.h
Vulkan-Loader-1.4.335/loader/loader_json.c
Vulkan-Loader-1.4.335/loader/loader_json.h
Vulkan-Loader-1.4.335/loader/loader_linux.c
Vulkan-Loader-1.4.335/loader/loader_linux.h
Vulkan-Loader-1.4.335/loader/loader_windows.c
Vulkan-Loader-1.4.335/loader/loader_windows.h
Vulkan-Loader-1.4.335/loader/log.c
Vulkan-Loader-1.4.335/loader/log.h
Vulkan-Loader-1.4.335/loader/phys_dev_ext.c
Vulkan-Loader-1.4.335/loader/settings.c
Vulkan-Loader-1.4.335/loader/settings.h
Vulkan-Loader-1.4.335/loader/stack_allocation.h
Vulkan-Loader-1.4.335/loader/terminator.c
Vulkan-Loader-1.4.335/loader/trampoline.c
Vulkan-Loader-1.4.335/loader/unknown_ext_chain_gas_aarch.S
Vulkan-Loader-1.4.335/loader/unknown_ext_chain_gas_x86.S
Vulkan-Loader-1.4.335/loader/unknown_ext_chain_marmasm.asm
Vulkan-Loader-1.4.335/loader/unknown_ext_chain_masm.asm
Vulkan-Loader-1.4.335/loader/unknown_function_handling.c
Vulkan-Loader-1.4.335/loader/unknown_function_handling.h
Vulkan-Loader-1.4.335/loader/vk_loader_layer.h
Vulkan-Loader-1.4.335/loader/vk_loader_platform.h
Vulkan-Loader-1.4.335/loader/vulkan-1.def
Vulkan-Loader-1.4.335/loader/vulkan.pc.in
Vulkan-Loader-1.4.335/loader/wsi.c
Vulkan-Loader-1.4.335/loader/wsi.h
Vulkan-Loader-1.4.335/scripts/
Vulkan-Loader-1.4.335/scripts/CMakeLists.txt
Vulkan-Loader-1.4.335/scripts/CodeCoverage.cmake
Vulkan-Loader-1.4.335/scripts/common_codegen.py
Vulkan-Loader-1.4.335/scripts/generate_loader_rc.py
Vulkan-Loader-1.4.335/scripts/generate_source.py
Vulkan-Loader-1.4.335/scripts/generators/
Vulkan-Loader-1.4.335/scripts/generators/dispatch_table_helper_generator.py
Vulkan-Loader-1.4.335/scripts/generators/helper_file_generator.py
Vulkan-Loader-1.4.335/scripts/generators/loader_extension_generator.py
Vulkan-Loader-1.4.335/scripts/generators/vk_result_to_string_generator.py
Vulkan-Loader-1.4.335/scripts/gn/
Vulkan-Loader-1.4.335/scripts/gn/DEPS
Vulkan-Loader-1.4.335/scripts/gn/gn.py
Vulkan-Loader-1.4.335/scripts/gn/secondary/
Vulkan-Loader-1.4.335/scripts/gn/secondary/build_overrides/
Vulkan-Loader-1.4.335/scripts/gn/secondary/build_overrides/build.gni
Vulkan-Loader-1.4.335/scripts/gn/secondary/build_overrides/vulkan_headers.gni
Vulkan-Loader-1.4.335/scripts/gn/secondary/build_overrides/vulkan_loader.gni
Vulkan-Loader-1.4.335/scripts/gn/update_deps.sh
Vulkan-Loader-1.4.335/scripts/known_good.json
Vulkan-Loader-1.4.335/scripts/loader_genvk.py
Vulkan-Loader-1.4.335/scripts/parse_asm_values.py
Vulkan-Loader-1.4.335/scripts/qnx/
Vulkan-Loader-1.4.335/scripts/qnx/Makefile
Vulkan-Loader-1.4.335/scripts/qnx/README.md
Vulkan-Loader-1.4.335/scripts/qnx/common.mk
Vulkan-Loader-1.4.335/scripts/qnx/loader_cmake_config.h
Vulkan-Loader-1.4.335/scripts/qnx/nto/
Vulkan-Loader-1.4.335/scripts/qnx/nto/Makefile
Vulkan-Loader-1.4.335/scripts/qnx/nto/aarch64/
Vulkan-Loader-1.4.335/scripts/qnx/nto/aarch64/Makefile
Vulkan-Loader-1.4.335/scripts/qnx/nto/aarch64/so.le/
Vulkan-Loader-1.4.335/scripts/qnx/nto/aarch64/so.le/Makefile
Vulkan-Loader-1.4.335/scripts/qnx/nto/arm/
Vulkan-Loader-1.4.335/scripts/qnx/nto/arm/Makefile
Vulkan-Loader-1.4.335/scripts/qnx/nto/arm/so.le.v7/
Vulkan-Loader-1.4.335/scripts/qnx/nto/arm/so.le.v7/Makefile
Vulkan-Loader-1.4.335/scripts/qnx/nto/x86_64/
Vulkan-Loader-1.4.335/scripts/qnx/nto/x86_64/Makefile
Vulkan-Loader-1.4.335/scripts/qnx/nto/x86_64/so/
Vulkan-Loader-1.4.335/scripts/qnx/nto/x86_64/so/Makefile
Vulkan-Loader-1.4.335/scripts/update_deps.py
Vulkan-Loader-1.4.335/tests/
Vulkan-Loader-1.4.335/tests/CMakeLists.txt
Vulkan-Loader-1.4.335/tests/README.md
Vulkan-Loader-1.4.335/tests/corpus/
Vulkan-Loader-1.4.335/tests/corpus/VkLayer_complex_file.json
Vulkan-Loader-1.4.335/tests/corpus/config.json
Vulkan-Loader-1.4.335/tests/corpus/config_with_other_arch.json
Vulkan-Loader-1.4.335/tests/corpus/config_with_unordered_layer_location.json
Vulkan-Loader-1.4.335/tests/framework/
Vulkan-Loader-1.4.335/tests/framework/CMakeLists.txt
Vulkan-Loader-1.4.335/tests/framework/README.md
Vulkan-Loader-1.4.335/tests/framework/data/
Vulkan-Loader-1.4.335/tests/framework/data/.gitignore
Vulkan-Loader-1.4.335/tests/framework/data/CMakeLists.txt
Vulkan-Loader-1.4.335/tests/framework/data/VkLayer_complex_file.json
Vulkan-Loader-1.4.335/tests/framework/data/binaries/
Vulkan-Loader-1.4.335/tests/framework/data/binaries/dummy_library_elf_32.dll
Vulkan-Loader-1.4.335/tests/framework/data/binaries/dummy_library_elf_64.dll
Vulkan-Loader-1.4.335/tests/framework/data/binaries/dummy_library_pe_32.dll
Vulkan-Loader-1.4.335/tests/framework/data/binaries/dummy_library_pe_32.so
Vulkan-Loader-1.4.335/tests/framework/data/binaries/dummy_library_pe_64.dll
Vulkan-Loader-1.4.335/tests/framework/data/binaries/dummy_library_pe_64.so
Vulkan-Loader-1.4.335/tests/framework/data/binaries/libdummy_library_elf_32.so
Vulkan-Loader-1.4.335/tests/framework/data/binaries/libdummy_library_elf_64.so
Vulkan-Loader-1.4.335/tests/framework/data/fuzz_test_minimized_test_cases/
Vulkan-Loader-1.4.335/tests/framework/data/fuzz_test_minimized_test_cases/clusterfuzz-testcase-instance_create_fuzzer-5599244505186304
Vulkan-Loader-1.4.335/tests/framework/data/fuzz_test_minimized_test_cases/clusterfuzz-testcase-instance_create_fuzzer-5817896795701248
Vulkan-Loader-1.4.335/tests/framework/data/fuzz_test_minimized_test_cases/clusterfuzz-testcase-instance_create_fuzzer-6541440380895232
Vulkan-Loader-1.4.335/tests/framework/data/fuzz_test_minimized_test_cases/clusterfuzz-testcase-instance_enumerate_fuzzer-5126563864051712
Vulkan-Loader-1.4.335/tests/framework/data/fuzz_test_minimized_test_cases/clusterfuzz-testcase-instance_enumerate_fuzzer-6308459683315712
Vulkan-Loader-1.4.335/tests/framework/data/fuzz_test_minimized_test_cases/clusterfuzz-testcase-json_load_fuzzer-5258042868105216
Vulkan-Loader-1.4.335/tests/framework/data/fuzz_test_minimized_test_cases/clusterfuzz-testcase-json_load_fuzzer-5487817455960064
Vulkan-Loader-1.4.335/tests/framework/data/fuzz_test_minimized_test_cases/clusterfuzz-testcase-minimized-instance_create_advanced_fuzzer-4788849181261824
Vulkan-Loader-1.4.335/tests/framework/data/fuzz_test_minimized_test_cases/clusterfuzz-testcase-minimized-instance_create_advanced_fuzzer-5612556809207808
Vulkan-Loader-1.4.335/tests/framework/data/fuzz_test_minimized_test_cases/clusterfuzz-testcase-minimized-instance_create_fuzzer-4558978302214144
Vulkan-Loader-1.4.335/tests/framework/data/fuzz_test_minimized_test_cases/clusterfuzz-testcase-minimized-instance_create_fuzzer-4568454561071104
Vulkan-Loader-1.4.335/tests/framework/data/fuzz_test_minimized_test_cases/clusterfuzz-testcase-minimized-instance_create_fuzzer-4820577276723200
Vulkan-Loader-1.4.335/tests/framework/data/fuzz_test_minimized_test_cases/clusterfuzz-testcase-minimized-instance_create_fuzzer-5177827962454016
Vulkan-Loader-1.4.335/tests/framework/data/fuzz_test_minimized_test_cases/clusterfuzz-testcase-minimized-instance_create_fuzzer-5198773675425792
Vulkan-Loader-1.4.335/tests/framework/data/fuzz_test_minimized_test_cases/clusterfuzz-testcase-minimized-instance_create_fuzzer-5416197367070720
Vulkan-Loader-1.4.335/tests/framework/data/fuzz_test_minimized_test_cases/clusterfuzz-testcase-minimized-instance_create_fuzzer-5494771615137792
Vulkan-Loader-1.4.335/tests/framework/data/fuzz_test_minimized_test_cases/clusterfuzz-testcase-minimized-instance_create_fuzzer-5801855065915392
Vulkan-Loader-1.4.335/tests/framework/data/fuzz_test_minimized_test_cases/clusterfuzz-testcase-minimized-instance_create_fuzzer-6353004288081920
Vulkan-Loader-1.4.335/tests/framework/data/fuzz_test_minimized_test_cases/clusterfuzz-testcase-minimized-instance_enumerate_fuzzer-6465902356791296
Vulkan-Loader-1.4.335/tests/framework/data/fuzz_test_minimized_test_cases/clusterfuzz-testcase-minimized-instance_enumerate_fuzzer-6470575830925312
Vulkan-Loader-1.4.335/tests/framework/data/fuzz_test_minimized_test_cases/clusterfuzz-testcase-minimized-instance_enumerate_fuzzer-6583684169269248
Vulkan-Loader-1.4.335/tests/framework/data/fuzz_test_minimized_test_cases/clusterfuzz-testcase-minimized-instance_enumerate_fuzzer-6740380288876544
Vulkan-Loader-1.4.335/tests/framework/data/fuzz_test_minimized_test_cases/clusterfuzz-testcase-minimized-json_load_fuzzer-4512865114259456
Vulkan-Loader-1.4.335/tests/framework/data/fuzz_test_minimized_test_cases/clusterfuzz-testcase-minimized-json_load_fuzzer-4552015310880768
Vulkan-Loader-1.4.335/tests/framework/data/fuzz_test_minimized_test_cases/clusterfuzz-testcase-minimized-json_load_fuzzer-5208693600747520
Vulkan-Loader-1.4.335/tests/framework/data/fuzz_test_minimized_test_cases/clusterfuzz-testcase-minimized-json_load_fuzzer-5347670374612992
Vulkan-Loader-1.4.335/tests/framework/data/fuzz_test_minimized_test_cases/clusterfuzz-testcase-minimized-json_load_fuzzer-5392928643547136
Vulkan-Loader-1.4.335/tests/framework/data/fuzz_test_minimized_test_cases/clusterfuzz-testcase-minimized-json_load_fuzzer-5636386303049728
Vulkan-Loader-1.4.335/tests/framework/data/fuzz_test_minimized_test_cases/clusterfuzz-testcase-minimized-json_load_fuzzer-6182254813249536
Vulkan-Loader-1.4.335/tests/framework/data/fuzz_test_minimized_test_cases/clusterfuzz-testcase-minimized-json_load_fuzzer-6265355951996928
Vulkan-Loader-1.4.335/tests/framework/data/fuzz_test_minimized_test_cases/clusterfuzz-testcase-minimized-json_load_fuzzer-6363106126659584
Vulkan-Loader-1.4.335/tests/framework/data/fuzz_test_minimized_test_cases/clusterfuzz-testcase-minimized-json_load_fuzzer-6482033715838976
Vulkan-Loader-1.4.335/tests/framework/data/fuzz_test_minimized_test_cases/clusterfuzz-testcase-minimized-settings_fuzzer-4626669072875520
Vulkan-Loader-1.4.335/tests/framework/data/fuzz_test_minimized_test_cases/clusterfuzz-testcase-minimized-settings_fuzzer-4857714377818112
Vulkan-Loader-1.4.335/tests/framework/data/fuzz_test_minimized_test_cases/clusterfuzz-testcase-minimized-settings_fuzzer-5123849246867456
Vulkan-Loader-1.4.335/tests/framework/data/fuzzer_output.json
Vulkan-Loader-1.4.335/tests/framework/data/stub.cpp
Vulkan-Loader-1.4.335/tests/framework/framework_config.h.in
Vulkan-Loader-1.4.335/tests/framework/generated/
Vulkan-Loader-1.4.335/tests/framework/generated/vk_result_to_string_helper.h
Vulkan-Loader-1.4.335/tests/framework/icd/
Vulkan-Loader-1.4.335/tests/framework/icd/CMakeLists.txt
Vulkan-Loader-1.4.335/tests/framework/icd/export_definitions/
Vulkan-Loader-1.4.335/tests/framework/icd/export_definitions/test_icd_0.def
Vulkan-Loader-1.4.335/tests/framework/icd/export_definitions/test_icd_2.def
Vulkan-Loader-1.4.335/tests/framework/icd/export_definitions/test_icd_2_enum_adapter.def
Vulkan-Loader-1.4.335/tests/framework/icd/export_definitions/test_icd_2_gpdpa.def
Vulkan-Loader-1.4.335/tests/framework/icd/export_definitions/test_icd_6.def
Vulkan-Loader-1.4.335/tests/framework/icd/export_definitions/test_icd_7.def
Vulkan-Loader-1.4.335/tests/framework/icd/export_definitions/test_icd_7_without_exports.def
Vulkan-Loader-1.4.335/tests/framework/icd/export_definitions/test_icd_gipa.def
Vulkan-Loader-1.4.335/tests/framework/icd/export_definitions/test_icd_negotiate_version.def
Vulkan-Loader-1.4.335/tests/framework/icd/export_definitions/🌋.def
Vulkan-Loader-1.4.335/tests/framework/icd/test_icd.cpp
Vulkan-Loader-1.4.335/tests/framework/icd/test_icd.h
Vulkan-Loader-1.4.335/tests/framework/layer/
Vulkan-Loader-1.4.335/tests/framework/layer/CMakeLists.txt
Vulkan-Loader-1.4.335/tests/framework/layer/export_definitions/
Vulkan-Loader-1.4.335/tests/framework/layer/export_definitions/test_layer_0.def
Vulkan-Loader-1.4.335/tests/framework/layer/export_definitions/test_layer_0_named_gpa.def
Vulkan-Loader-1.4.335/tests/framework/layer/export_definitions/test_layer_1.def
Vulkan-Loader-1.4.335/tests/framework/layer/export_definitions/test_layer_2.def
Vulkan-Loader-1.4.335/tests/framework/layer/export_definitions/test_layer_base.def
Vulkan-Loader-1.4.335/tests/framework/layer/export_definitions/wrap_objects.def
Vulkan-Loader-1.4.335/tests/framework/layer/export_definitions/wrap_objects_1.def
Vulkan-Loader-1.4.335/tests/framework/layer/export_definitions/wrap_objects_2.def
Vulkan-Loader-1.4.335/tests/framework/layer/export_definitions/wrap_objects_3.def
Vulkan-Loader-1.4.335/tests/framework/layer/generated/
Vulkan-Loader-1.4.335/tests/framework/layer/generated/vk_dispatch_table_helper.h
Vulkan-Loader-1.4.335/tests/framework/layer/layer_util.h
Vulkan-Loader-1.4.335/tests/framework/layer/test_layer.cpp
Vulkan-Loader-1.4.335/tests/framework/layer/test_layer.h
Vulkan-Loader-1.4.335/tests/framework/layer/wrap_objects.cpp
Vulkan-Loader-1.4.335/tests/framework/shim/
Vulkan-Loader-1.4.335/tests/framework/shim/CMakeLists.txt
Vulkan-Loader-1.4.335/tests/framework/shim/shim.h
Vulkan-Loader-1.4.335/tests/framework/shim/shim_common.cpp
Vulkan-Loader-1.4.335/tests/framework/shim/unix_shim.cpp
Vulkan-Loader-1.4.335/tests/framework/shim/windows_shim.cpp
Vulkan-Loader-1.4.335/tests/framework/test_environment.cpp
Vulkan-Loader-1.4.335/tests/framework/test_environment.h
Vulkan-Loader-1.4.335/tests/framework/util/
Vulkan-Loader-1.4.335/tests/framework/util/CMakeLists.txt
Vulkan-Loader-1.4.335/tests/framework/util/builder_defines.h
Vulkan-Loader-1.4.335/tests/framework/util/dispatch_table.cpp
Vulkan-Loader-1.4.335/tests/framework/util/dispatch_table.h
Vulkan-Loader-1.4.335/tests/framework/util/dispatchable_handle.h
Vulkan-Loader-1.4.335/tests/framework/util/dynamic_library_wrapper.cpp
Vulkan-Loader-1.4.335/tests/framework/util/dynamic_library_wrapper.h
Vulkan-Loader-1.4.335/tests/framework/util/env_var_wrapper.cpp
Vulkan-Loader-1.4.335/tests/framework/util/env_var_wrapper.h
Vulkan-Loader-1.4.335/tests/framework/util/equality_helpers.cpp
Vulkan-Loader-1.4.335/tests/framework/util/equality_helpers.h
Vulkan-Loader-1.4.335/tests/framework/util/folder_manager.cpp
Vulkan-Loader-1.4.335/tests/framework/util/folder_manager.h
Vulkan-Loader-1.4.335/tests/framework/util/functions.h
Vulkan-Loader-1.4.335/tests/framework/util/get_executable_path.cpp
Vulkan-Loader-1.4.335/tests/framework/util/get_executable_path.h
Vulkan-Loader-1.4.335/tests/framework/util/json_writer.cpp
Vulkan-Loader-1.4.335/tests/framework/util/json_writer.h
Vulkan-Loader-1.4.335/tests/framework/util/manifest_builders.cpp
Vulkan-Loader-1.4.335/tests/framework/util/manifest_builders.h
Vulkan-Loader-1.4.335/tests/framework/util/platform_wsi.cpp
Vulkan-Loader-1.4.335/tests/framework/util/platform_wsi.h
Vulkan-Loader-1.4.335/tests/framework/util/test_defines.h
Vulkan-Loader-1.4.335/tests/framework/util/vulkan_object_wrappers.cpp
Vulkan-Loader-1.4.335/tests/framework/util/vulkan_object_wrappers.h
Vulkan-Loader-1.4.335/tests/framework/util/wide_char_handling.cpp
Vulkan-Loader-1.4.335/tests/framework/util/wide_char_handling.h
Vulkan-Loader-1.4.335/tests/integration/
Vulkan-Loader-1.4.335/tests/integration/CMakeLists.txt
Vulkan-Loader-1.4.335/tests/live_verification/
Vulkan-Loader-1.4.335/tests/live_verification/CMakeLists.txt
Vulkan-Loader-1.4.335/tests/live_verification/dynamic_loader_behavior/
Vulkan-Loader-1.4.335/tests/live_verification/dynamic_loader_behavior/CMakeLists.txt
Vulkan-Loader-1.4.335/tests/live_verification/dynamic_loader_behavior/dynamic_library.cpp
Vulkan-Loader-1.4.335/tests/live_verification/dynamic_loader_behavior/dynamic_library.h
Vulkan-Loader-1.4.335/tests/live_verification/dynamic_loader_behavior/dynamic_loading_behavior.md
Vulkan-Loader-1.4.335/tests/live_verification/dynamic_loader_behavior/test_dynamic_linking.cpp
Vulkan-Loader-1.4.335/tests/live_verification/dynamic_loader_behavior/test_dynamic_loading.cpp
Vulkan-Loader-1.4.335/tests/live_verification/dynamic_loader_behavior/test_dynamic_loading_and_linking.cpp
Vulkan-Loader-1.4.335/tests/live_verification/dynamic_rendering_get_proc_addr.cpp
Vulkan-Loader-1.4.335/tests/live_verification/macos_static_loader_build.cpp
Vulkan-Loader-1.4.335/tests/live_verification/time_dynamic_loading.cpp
Vulkan-Loader-1.4.335/tests/loader_alloc_callback_tests.cpp
Vulkan-Loader-1.4.335/tests/loader_debug_ext_tests.cpp
Vulkan-Loader-1.4.335/tests/loader_envvar_tests.cpp
Vulkan-Loader-1.4.335/tests/loader_fuzz_tests.cpp
Vulkan-Loader-1.4.335/tests/loader_get_proc_addr_tests.cpp
Vulkan-Loader-1.4.335/tests/loader_handle_validation_tests.cpp
Vulkan-Loader-1.4.335/tests/loader_layer_tests.cpp
Vulkan-Loader-1.4.335/tests/loader_phys_dev_inst_ext_tests.cpp
Vulkan-Loader-1.4.335/tests/loader_regression_tests.cpp
Vulkan-Loader-1.4.335/tests/loader_settings_tests.cpp
Vulkan-Loader-1.4.335/tests/loader_testing_main.cpp
Vulkan-Loader-1.4.335/tests/loader_threading_tests.cpp
Vulkan-Loader-1.4.335/tests/loader_unknown_ext_tests.cpp
Vulkan-Loader-1.4.335/tests/loader_version_tests.cpp
Vulkan-Loader-1.4.335/tests/loader_wsi_tests.cpp
-- The C compiler identification is GNU 15.2.0
-- Detecting C compiler ABI info
-- Detecting C compiler ABI info - done
-- Check for working C compiler: /usr/bin/cc - skipped
-- Detecting C compile features
-- Detecting C compile features - done
CMake Error at CMakeLists.txt:55 (find_package):
  Could not find a configuration file for package "VulkanHeaders" that is
  compatible with requested version "1.4.335".

  The following configuration files were considered but not accepted:

    /usr/share/cmake/VulkanHeaders/VulkanHeadersConfig.cmake, version: 1.4.334
      The version found is not compatible with the version requested.



  This package is considered required because the
  CMAKE_REQUIRE_FIND_PACKAGE_VulkanHeaders variable has been enabled.



-- Configuring incomplete, errors occurred!
