--2025-08-02 08:03:26--  https://archive.apache.org/dist/httpd/httpd-2.4.65.tar.bz2
Resolving archive.apache.org (archive.apache.org)... 2a01:4f9:1a:a084::2, 65.108.204.189
Connecting to archive.apache.org (archive.apache.org)|2a01:4f9:1a:a084::2|:443... connected.
HTTP request sent, awaiting response... 200 OK
Length: 7506711 (7.2M) [application/x-bzip2]
Saving to: 'httpd-2.4.65.tar.bz2'

     0K .......... .......... .......... .......... ..........  0%  264K 28s
    50K .......... .......... .......... .......... ..........  1% 1.19M 17s
   100K .......... .......... .......... .......... ..........  2%  828K 14s
   150K .......... .......... .......... .......... ..........  2% 1.35M 12s
   200K .......... .......... .......... .......... ..........  3%  861K 11s
   250K .......... .......... .......... .......... ..........  4% 21.5M 9s
   300K .......... .......... .......... .......... ..........  4% 12.9M 8s
   350K .......... .......... .......... .......... ..........  5% 1.50M 7s
   400K .......... .......... .......... .......... ..........  6% 5.16M 7s
   450K .......... .......... .......... .......... ..........  6%  916K 7s
   500K .......... .......... .......... .......... ..........  7% 33.8M 6s
   550K .......... .......... .......... .......... ..........  8% 26.6M 6s
   600K .......... .......... .......... .......... ..........  8% 20.7M 5s
   650K .......... .......... .......... .......... ..........  9% 43.5M 5s
   700K .......... .......... .......... .......... .......... 10% 22.2M 4s
   750K .......... .......... .......... .......... .......... 10% 21.1M 4s
   800K .......... .......... .......... .......... .......... 11% 1.86M 4s
   850K .......... .......... .......... .......... .......... 12% 9.86M 4s
   900K .......... .......... .......... .......... .......... 12% 1.40M 4s
   950K .......... .......... .......... .......... .......... 13% 2.88M 4s
  1000K .......... .......... .......... .......... .......... 14% 8.78M 4s
  1050K .......... .......... .......... .......... .......... 15% 22.8M 3s
  1100K .......... .......... .......... .......... .......... 15% 7.56M 3s
  1150K .......... .......... .......... .......... .......... 16% 31.2M 3s
  1200K .......... .......... .......... .......... .......... 17% 20.2M 3s
  1250K .......... .......... .......... .......... .......... 17% 27.6M 3s
  1300K .......... .......... .......... .......... .......... 18% 7.98M 3s
  1350K .......... .......... .......... .......... .......... 19% 24.3M 3s
  1400K .......... .......... .......... .......... .......... 19% 25.4M 2s
  1450K .......... .......... .......... .......... .......... 20% 17.5M 2s
  1500K .......... .......... .......... .......... .......... 21% 5.59M 2s
  1550K .......... .......... .......... .......... .......... 21% 8.91M 2s
  1600K .......... .......... .......... .......... .......... 22% 12.4M 2s
  1650K .......... .......... .......... .......... .......... 23% 9.90M 2s
  1700K .......... .......... .......... .......... .......... 23% 9.11M 2s
  1750K .......... .......... .......... .......... .......... 24% 14.9M 2s
  1800K .......... .......... .......... .......... .......... 25% 17.4M 2s
  1850K .......... .......... .......... .......... .......... 25% 4.06M 2s
  1900K .......... .......... .......... .......... .......... 26% 3.88M 2s
  1950K .......... .......... .......... .......... .......... 27% 9.45M 2s
  2000K .......... .......... .......... .......... .......... 27% 16.0M 2s
  2050K .......... .......... .......... .......... .......... 28% 37.4M 2s
  2100K .......... .......... .......... .......... .......... 29% 9.76M 2s
  2150K .......... .......... .......... .......... .......... 30% 10.1M 2s
  2200K .......... .......... .......... .......... .......... 30% 11.7M 2s
  2250K .......... .......... .......... .......... .......... 31% 13.4M 2s
  2300K .......... .......... .......... .......... .......... 32% 10.4M 1s
  2350K .......... .......... .......... .......... .......... 32% 36.0M 1s
  2400K .......... .......... .......... .......... .......... 33% 15.4M 1s
  2450K .......... .......... .......... .......... .......... 34% 14.7M 1s
  2500K .......... .......... .......... .......... .......... 34% 15.0M 1s
  2550K .......... .......... .......... .......... .......... 35% 62.2M 1s
  2600K .......... .......... .......... .......... .......... 36% 14.1M 1s
  2650K .......... .......... .......... .......... .......... 36% 12.8M 1s
  2700K .......... .......... .......... .......... .......... 37% 9.93M 1s
  2750K .......... .......... .......... .......... .......... 38% 14.2M 1s
  2800K .......... .......... .......... .......... .......... 38% 34.1M 1s
  2850K .......... .......... .......... .......... .......... 39% 9.91M 1s
  2900K .......... .......... .......... .......... .......... 40% 35.7M 1s
  2950K .......... .......... .......... .......... .......... 40% 27.2M 1s
  3000K .......... .......... .......... .......... .......... 41% 14.4M 1s
  3050K .......... .......... .......... .......... .......... 42% 14.1M 1s
  3100K .......... .......... .......... .......... .......... 42% 30.7M 1s
  3150K .......... .......... .......... .......... .......... 43% 38.3M 1s
  3200K .......... .......... .......... .......... .......... 44% 30.7M 1s
  3250K .......... .......... .......... .......... .......... 45% 34.2M 1s
  3300K .......... .......... .......... .......... .......... 45% 30.0M 1s
  3350K .......... .......... .......... .......... .......... 46% 9.44M 1s
  3400K .......... .......... .......... .......... .......... 47% 39.1M 1s
  3450K .......... .......... .......... .......... .......... 47% 13.1M 1s
  3500K .......... .......... .......... .......... .......... 48% 14.4M 1s
  3550K .......... .......... .......... .......... .......... 49% 14.4M 1s
  3600K .......... .......... .......... .......... .......... 49% 14.5M 1s
  3650K .......... .......... .......... .......... .......... 50% 60.5M 1s
  3700K .......... .......... .......... .......... .......... 51% 15.1M 1s
  3750K .......... .......... .......... .......... .......... 51% 16.8M 1s
  3800K .......... .......... .......... .......... .......... 52% 14.5M 1s
  3850K .......... .......... .......... .......... .......... 53% 34.1M 1s
  3900K .......... .......... .......... .......... .......... 53% 15.3M 1s
  3950K .......... .......... .......... .......... .......... 54% 13.9M 1s
  4000K .......... .......... .......... .......... .......... 55% 11.0M 1s
  4050K .......... .......... .......... .......... .......... 55% 18.9M 1s
  4100K .......... .......... .......... .......... .......... 56% 34.0M 1s
  4150K .......... .......... .......... .......... .......... 57% 23.3M 1s
  4200K .......... .......... .......... .......... .......... 57% 21.9M 1s
  4250K .......... .......... .......... .......... .......... 58% 13.3M 1s
  4300K .......... .......... .......... .......... .......... 59% 10.3M 1s
  4350K .......... .......... .......... .......... .......... 60% 32.0M 1s
  4400K .......... .......... .......... .......... .......... 60% 11.2M 1s
  4450K .......... .......... .......... .......... .......... 61% 20.1M 1s
  4500K .......... .......... .......... .......... .......... 62% 22.6M 1s
  4550K .......... .......... .......... .......... .......... 62% 40.2M 0s
  4600K .......... .......... .......... .......... .......... 63% 19.3M 0s
  4650K .......... .......... .......... .......... .......... 64% 7.40M 0s
  4700K .......... .......... .......... .......... .......... 64% 9.60M 0s
  4750K .......... .......... .......... .......... .......... 65% 19.5M 0s
  4800K .......... .......... .......... .......... .......... 66% 57.3M 0s
  4850K .......... .......... .......... .......... .......... 66% 19.8M 0s
  4900K .......... .......... .......... .......... .......... 67% 19.8M 0s
  4950K .......... .......... .......... .......... .......... 68% 19.3M 0s
  5000K .......... .......... .......... .......... .......... 68% 22.8M 0s
  5050K .......... .......... .......... .......... .......... 69% 58.5M 0s
  5100K .......... .......... .......... .......... .......... 70% 17.7M 0s
  5150K .......... .......... .......... .......... .......... 70% 16.5M 0s
  5200K .......... .......... .......... .......... .......... 71% 10.0M 0s
  5250K .......... .......... .......... .......... .......... 72% 39.9M 0s
  5300K .......... .......... .......... .......... .......... 72% 39.1M 0s
  5350K .......... .......... .......... .......... .......... 73% 9.76M 0s
  5400K .......... .......... .......... .......... .......... 74% 39.4M 0s
  5450K .......... .......... .......... .......... .......... 75% 10.0M 0s
  5500K .......... .......... .......... .......... .......... 75% 39.0M 0s
  5550K .......... .......... .......... .......... .......... 76% 41.1M 0s
  5600K .......... .......... .......... .......... .......... 77% 9.50M 0s
  5650K .......... .......... .......... .......... .......... 77% 39.7M 0s
  5700K .......... .......... .......... .......... .......... 78% 9.61M 0s
  5750K .......... .......... .......... .......... .......... 79% 38.9M 0s
  5800K .......... .......... .......... .......... .......... 79% 41.5M 0s
  5850K .......... .......... .......... .......... .......... 80% 9.57M 0s
  5900K .......... .......... .......... .......... .......... 81% 40.0M 0s
  5950K .......... .......... .......... .......... .......... 81% 9.85M 0s
  6000K .......... .......... .......... .......... .......... 82% 41.6M 0s
  6050K .......... .......... .......... .......... .......... 83% 39.9M 0s
  6100K .......... .......... .......... .......... .......... 83% 14.0M 0s
  6150K .......... .......... .......... .......... .......... 84% 58.5M 0s
  6200K .......... .......... .......... .......... .......... 85% 14.5M 0s
  6250K .......... .......... .......... .......... .......... 85% 58.5M 0s
  6300K .......... .......... .......... .......... .......... 86% 62.2M 0s
  6350K .......... .......... .......... .......... .......... 87% 13.2M 0s
  6400K .......... .......... .......... .......... .......... 87% 27.9M 0s
  6450K .......... .......... .......... .......... .......... 88% 10.2M 0s
  6500K .......... .......... .......... .......... .......... 89% 39.7M 0s
  6550K .......... .......... .......... .......... .......... 90% 29.4M 0s
  6600K .......... .......... .......... .......... .......... 90% 10.2M 0s
  6650K .......... .......... .......... .......... .......... 91% 28.9M 0s
  6700K .......... .......... .......... .......... .......... 92% 10.1M 0s
  6750K .......... .......... .......... .......... .......... 92% 39.7M 0s
  6800K .......... .......... .......... .......... .......... 93% 30.4M 0s
  6850K .......... .......... .......... .......... .......... 94% 9.05M 0s
  6900K .......... .......... .......... .......... .......... 94% 41.7M 0s
  6950K .......... .......... .......... .......... .......... 95% 8.82M 0s
  7000K .......... .......... .......... .......... .......... 96% 42.9M 0s
  7050K .......... .......... .......... .......... .......... 96% 39.1M 0s
  7100K .......... .......... .......... .......... .......... 97% 9.32M 0s
  7150K .......... .......... .......... .......... .......... 98% 14.5M 0s
  7200K .......... .......... .......... .......... .......... 98% 53.8M 0s
  7250K .......... .......... .......... .......... .......... 99% 48.4M 0s
  7300K .......... .......... ..........                      100% 7.98M=1.0s

2025-08-02 08:03:27 (7.33 MB/s) - 'httpd-2.4.65.tar.bz2' saved [7506711/7506711]

--2025-08-02 08:03:27--  https://www.linuxfromscratch.org/patches/blfs/svn/httpd-2.4.65-blfs_layout-1.patch
Resolving www.linuxfromscratch.org (www.linuxfromscratch.org)... 208.118.68.85
Connecting to www.linuxfromscratch.org (www.linuxfromscratch.org)|208.118.68.85|:443... connected.
HTTP request sent, awaiting response... 404 Not Found
2025-08-02 08:03:28 ERROR 404: Not Found.

