--2025-08-02 08:04:54--  https://github.com/martinpitt/umockdev/releases/download/0.19.3/umockdev-0.19.3.tar.xz
Resolving github.com (github.com)... 140.82.114.4
Connecting to github.com (github.com)|140.82.114.4|:443... connected.
HTTP request sent, awaiting response... 302 Found
Location: https://release-assets.githubusercontent.com/github-production-release-asset/5118983/e65e192d-41d0-47c1-8980-43bf1dd9816e?sp=r&sv=2018-11-09&sr=b&spr=https&se=2025-08-02T08%3A57%3A49Z&rscd=attachment%3B+filename%3Dumockdev-0.19.3.tar.xz&rsct=application%2Foctet-stream&skoid=96c2d410-5711-43a1-aedd-ab1947aa7ab0&sktid=398a6654-997b-47e9-b12b-9515b896b4de&skt=2025-08-02T07%3A57%3A43Z&ske=2025-08-02T08%3A57%3A49Z&sks=b&skv=2018-11-09&sig=HByUqtgfVFYggLJyxbQqIeUVjqB4SqKBXgaSzUuNNH0%3D&jwt=eyJhbGciOiJIUzI1NiIsInR5cCI6IkpXVCJ9.eyJpc3MiOiJnaXRodWIuY29tIiwiYXVkIjoicmVsZWFzZS1hc3NldHMuZ2l0aHVidXNlcmNvbnRlbnQuY29tIiwia2V5Ijoia2V5MSIsImV4cCI6MTc1NDEyMjE5NSwibmJmIjoxNzU0MTIxODk1LCJwYXRoIjoicmVsZWFzZWFzc2V0cHJvZHVjdGlvbi5ibG9iLmNvcmUud2luZG93cy5uZXQifQ.goD-KWyV81ACvjLFpUk01AWQtnvus203R4-_NE6y7nU&response-content-disposition=attachment%3B%20filename%3Dumockdev-0.19.3.tar.xz&response-content-type=application%2Foctet-stream [following]
--2025-08-02 08:04:55--  https://release-assets.githubusercontent.com/github-production-release-asset/5118983/e65e192d-41d0-47c1-8980-43bf1dd9816e?sp=r&sv=2018-11-09&sr=b&spr=https&se=2025-08-02T08%3A57%3A49Z&rscd=attachment%3B+filename%3Dumockdev-0.19.3.tar.xz&rsct=application%2Foctet-stream&skoid=96c2d410-5711-43a1-aedd-ab1947aa7ab0&sktid=398a6654-997b-47e9-b12b-9515b896b4de&skt=2025-08-02T07%3A57%3A43Z&ske=2025-08-02T08%3A57%3A49Z&sks=b&skv=2018-11-09&sig=HByUqtgfVFYggLJyxbQqIeUVjqB4SqKBXgaSzUuNNH0%3D&jwt=eyJhbGciOiJIUzI1NiIsInR5cCI6IkpXVCJ9.eyJpc3MiOiJnaXRodWIuY29tIiwiYXVkIjoicmVsZWFzZS1hc3NldHMuZ2l0aHVidXNlcmNvbnRlbnQuY29tIiwia2V5Ijoia2V5MSIsImV4cCI6MTc1NDEyMjE5NSwibmJmIjoxNzU0MTIxODk1LCJwYXRoIjoicmVsZWFzZWFzc2V0cHJvZHVjdGlvbi5ibG9iLmNvcmUud2luZG93cy5uZXQifQ.goD-KWyV81ACvjLFpUk01AWQtnvus203R4-_NE6y7nU&response-content-disposition=attachment%3B%20filename%3Dumockdev-0.19.3.tar.xz&response-content-type=application%2Foctet-stream
Resolving release-assets.githubusercontent.com (release-assets.githubusercontent.com)... 185.199.109.133, 185.199.111.133, 185.199.108.133, ...
Connecting to release-assets.githubusercontent.com (release-assets.githubusercontent.com)|185.199.109.133|:443... connected.
HTTP request sent, awaiting response... 200 OK
Length: 497840 (486K) [application/octet-stream]
Saving to: 'umockdev-0.19.3.tar.xz'

     0K .......... .......... .......... .......... .......... 10% 9.97M 0s
    50K .......... .......... .......... .......... .......... 20% 12.6M 0s
   100K .......... .......... .......... .......... .......... 30% 12.4M 0s
   150K .......... .......... .......... .......... .......... 41%  103M 0s
   200K .......... .......... .......... .......... .......... 51% 53.5M 0s
   250K .......... .......... .......... .......... .......... 61% 83.0M 0s
   300K .......... .......... .......... .......... .......... 71% 24.2M 0s
   350K .......... .......... .......... .......... .......... 82% 85.2M 0s
   400K .......... .......... .......... .......... .......... 92%  118M 0s
   450K .......... .......... .......... ......               100%  168M=0.02s

2025-08-02 08:04:55 (26.6 MB/s) - 'umockdev-0.19.3.tar.xz' saved [497840/497840]

umockdev-0.19.3/
umockdev-0.19.3/.fmf/
umockdev-0.19.3/.fmf/version
umockdev-0.19.3/.github/
umockdev-0.19.3/.github/workflows/
umockdev-0.19.3/.github/workflows/release.yml
umockdev-0.19.3/.github/workflows/tests.yml
umockdev-0.19.3/.gitignore
umockdev-0.19.3/.version
umockdev-0.19.3/COPYING
umockdev-0.19.3/NEWS
umockdev-0.19.3/README.md
umockdev-0.19.3/devices/
umockdev-0.19.3/devices/cameras/
umockdev-0.19.3/devices/cameras/canon-powershot-sx200.ioctl
umockdev-0.19.3/devices/cameras/canon-powershot-sx200.umockdev
umockdev-0.19.3/devices/cameras/test-photos.tar
umockdev-0.19.3/devices/cameras/update-powershot-ioctl
umockdev-0.19.3/devices/cros_ec/
umockdev-0.19.3/devices/cros_ec/crosfingerprint.ioctl
umockdev-0.19.3/devices/cros_ec/crosfingerprint.umockdev
umockdev-0.19.3/devices/hidraw/
umockdev-0.19.3/devices/hidraw/fido2.ioctl
umockdev-0.19.3/devices/hidraw/fido2.script
umockdev-0.19.3/devices/hidraw/fido2.umockdev
umockdev-0.19.3/devices/input/
umockdev-0.19.3/devices/input/synaptics-touchpad.ioctl
umockdev-0.19.3/devices/input/synaptics-touchpad.umockdev
umockdev-0.19.3/devices/input/usbkbd.evtest.ioctl
umockdev-0.19.3/devices/input/usbkbd.evtest.script.32
umockdev-0.19.3/devices/input/usbkbd.evtest.script.64
umockdev-0.19.3/devices/input/usbkbd.pcap.pcapng
umockdev-0.19.3/devices/input/usbkbd.pcap.umockdev
umockdev-0.19.3/devices/input/usbkbd.umockdev
umockdev-0.19.3/devices/mobiles/
umockdev-0.19.3/devices/mobiles/sony-xperia-mini-pro.mtp-tools.ioctl.xz
umockdev-0.19.3/devices/mobiles/sony-xperia-mini-pro.umockdev
umockdev-0.19.3/devices/spi/
umockdev-0.19.3/devices/spi/elanfingerprint.ioctl
umockdev-0.19.3/devices/spi/elanfingerprint.umockdev
umockdev-0.19.3/docs/
umockdev-0.19.3/docs/examples/
umockdev-0.19.3/docs/examples/battery.c
umockdev-0.19.3/docs/examples/battery.py
umockdev-0.19.3/docs/reference/
umockdev-0.19.3/docs/reference/meson.build
umockdev-0.19.3/docs/reference/umockdev-docs.xml
umockdev-0.19.3/docs/reference/umockdev-sections.txt
umockdev-0.19.3/docs/reference/umockdev.types
umockdev-0.19.3/docs/reference/version.xml.in
umockdev-0.19.3/docs/script-format.txt
umockdev-0.19.3/meson.build
umockdev-0.19.3/meson_options.txt
umockdev-0.19.3/packaging/
umockdev-0.19.3/packaging/umockdev.spec
umockdev-0.19.3/packit.yaml
umockdev-0.19.3/plans/
umockdev-0.19.3/plans/all.fmf
umockdev-0.19.3/src/
umockdev-0.19.3/src/UMockdev-1.0.metadata
umockdev-0.19.3/src/config.vapi
umockdev-0.19.3/src/cros_ec.h
umockdev-0.19.3/src/debug.c
umockdev-0.19.3/src/debug.h
umockdev-0.19.3/src/getversion.sh
umockdev-0.19.3/src/glibc.vapi
umockdev-0.19.3/src/ioctl.vapi
umockdev-0.19.3/src/ioctl_tree.c
umockdev-0.19.3/src/ioctl_tree.h
umockdev-0.19.3/src/ioctl_tree.vapi
umockdev-0.19.3/src/libpcap.vapi
umockdev-0.19.3/src/libumockdev-preload.c
umockdev-0.19.3/src/linux_fixes.vapi
umockdev-0.19.3/src/selinux.vapi
umockdev-0.19.3/src/uevent_sender.c
umockdev-0.19.3/src/uevent_sender.h
umockdev-0.19.3/src/uevent_sender.vapi
umockdev-0.19.3/src/umockdev-ioctl.vala
umockdev-0.19.3/src/umockdev-pcap.vala
umockdev-0.19.3/src/umockdev-record.vala
umockdev-0.19.3/src/umockdev-run.vala
umockdev-0.19.3/src/umockdev-spi.vala
umockdev-0.19.3/src/umockdev-utils.vala
umockdev-0.19.3/src/umockdev-wrapper
umockdev-0.19.3/src/umockdev.map
umockdev-0.19.3/src/umockdev.vala
umockdev-0.19.3/src/utils.c
umockdev-0.19.3/src/utils.h
umockdev-0.19.3/src/valgrind.supp
umockdev-0.19.3/tests/
umockdev-0.19.3/tests/assertions.vapi
umockdev-0.19.3/tests/chatter-socket-stream.c
umockdev-0.19.3/tests/chatter.c
umockdev-0.19.3/tests/main.fmf
umockdev-0.19.3/tests/readbyte.c
umockdev-0.19.3/tests/run-alpine
umockdev-0.19.3/tests/run-apt
umockdev-0.19.3/tests/run-dnf
umockdev-0.19.3/tests/run-gentoo
umockdev-0.19.3/tests/run-nix
umockdev-0.19.3/tests/test-ioctl-tree.c
umockdev-0.19.3/tests/test-static-code
umockdev-0.19.3/tests/test-umockdev-record.vala
umockdev-0.19.3/tests/test-umockdev-run.vala
umockdev-0.19.3/tests/test-umockdev-vala.vala
umockdev-0.19.3/tests/test-umockdev.c
umockdev-0.19.3/tests/test-umockdev.py
umockdev-0.19.3/tests/xorg-dummy.conf
The Meson build system
Version: 1.7.0
Source dir: /blfs/builds/umockdev-0.19.3
Build dir: /blfs/builds/umockdev-0.19.3/build
Build type: native build
Project name: umockdev
Project version: 0.19.3
C compiler for the host machine: cc (gcc 14.2.0 "cc (GCC) 14.2.0")
C linker for the host machine: cc ld.bfd 2.44
Vala compiler for the host machine: valac (valac 0.56.18)
Host machine cpu family: x86_64
Host machine cpu: x86_64
../meson.build:9: WARNING: Consider using the built-in option for language standard version instead of using "-std=gnu11".
Program g-ir-compiler found: YES (/usr/bin/g-ir-compiler)
Compiler for C supports arguments -Wno-error=discarded-qualifiers: YES 
Compiler for C supports arguments -Wno-error=pointer-to-int-cast: YES 
Compiler for C supports arguments -Wno-error=incompatible-pointer-types: YES 
Compiler for C supports arguments -Wno-error=pointer-sign: YES 
Compiler for C supports arguments -Wno-unused-but-set-variable: YES 
Compiler for C supports arguments -Wno-unused-function: YES 
Compiler for C supports arguments -Wno-unused-label: YES 
Compiler for C supports arguments -Wno-unused-value: YES 
Compiler for C supports arguments -Wno-unused-variable: YES 
Checking for function "__fxstatat" : NO 
Checking for function "openat64" : NO 
Checking for function "open_tree" : YES 
Library dl found: YES
Library libselinux found: NO
Found pkg-config: YES (/usr/bin/pkg-config) 2.5.1
Run-time dependency glib-2.0 found: YES 2.84.3
Run-time dependency gobject-2.0 found: YES 2.84.3
Run-time dependency gio-2.0 found: YES 2.84.3
Run-time dependency gio-unix-2.0 found: YES 2.84.3
Run-time dependency libudev found: YES 257
Run-time dependency libpcap found: YES 1.10.1
Library pthread found: YES
Run-time dependency gudev-1.0 found: YES 238
Program python3 found: YES (/usr/bin/python3)
Library posix found: YES
Library linux found: YES
Library linux_fixes found: YES
Library glibc found: YES
Library udev found: YES
Library util found: YES
Library config found: YES
Library ioctl found: YES
Library selinux found: YES
Library assertions found: YES
Checking if "ioctl request parameter type is int" compiles: NO 
Configuring config.h using configuration
Build targets in project: 15

umockdev 0.19.3

  User defined options
    buildtype: release
    prefix   : /usr

Found ninja-1.13.1 at /usr/bin/ninja
[1/55] Compiling C object readbyte.p/tests_readbyte.c.o
[2/55] Compiling C object libumockdev-preload.so.0.0.0.p/src_debug.c.o
[3/55] Compiling C object test-ioctl-tree.p/src_debug.c.o
[4/55] Compiling C object chatter.p/tests_chatter.c.o
[5/55] Compiling C object libumockdev-preload.so.0.0.0.p/src_utils.c.o
[6/55] Compiling C object chatter-socket-stream.p/tests_chatter-socket-stream.c.o
[7/55] Compiling C object test-ioctl-tree.p/src_utils.c.o
[8/55] Linking target readbyte
[9/55] Linking target chatter
[10/55] Linking target chatter-socket-stream
[11/55] Compiling Vala source ../src/umockdev-utils.vala
[12/55] Compiling C object umockdev-record.p/src_utils.c.o
[13/55] Compiling C object umockdev-record.p/src_debug.c.o
[14/55] Compiling C object libumockdev-utils.a.p/meson-generated_src_umockdev-utils.c.o
[15/55] Linking static target libumockdev-utils.a
[16/55] Compiling C object libumockdev-preload.so.0.0.0.p/src_ioctl_tree.c.o
[17/55] Compiling C object test-ioctl-tree.p/tests_test-ioctl-tree.c.o
[18/55] Compiling C object test-ioctl-tree.p/src_ioctl_tree.c.o
[19/55] Linking target test-ioctl-tree
[20/55] Compiling C object umockdev-record.p/src_ioctl_tree.c.o
[21/55] Compiling Vala source ../src/ioctl_tree.vapi ../src/umockdev-record.vala ../src/umockdev-ioctl.vala ../src/umockdev-pcap.vala ../src/umockdev-spi.vala umockdev-utils.vapi
[22/55] Compiling Vala source ../src/uevent_sender.vapi ../src/ioctl_tree.vapi ../src/umockdev.vala ../src/umockdev-ioctl.vala ../src/umockdev-pcap.vala ../src/umockdev-spi.vala umockdev-utils.vapi
[23/55] Compiling C object libumockdev.so.0.3.0.p/src_utils.c.o
[24/55] Compiling C object libumockdev.so.0.3.0.p/src_debug.c.o
[25/55] Compiling C object libumockdev.so.0.3.0.p/src_uevent_sender.c.o
[26/55] Compiling C object umockdev-record.p/meson-generated_src_umockdev-record.c.o
umockdev-record.p/src/umockdev-record.c: In function 'all_devices':
umockdev-record.p/src/umockdev-record.c:353:16: warning: assignment to 'gchar **' {aka 'char **'} from incompatible pointer type 'void **' [-Wincompatible-pointer-types]
  353 |         result = _tmp3_;
      |                ^
[27/55] Compiling Vala source ../src/umockdev-run.vala umockdev-1.0.vapi umockdev-utils.vapi
[28/55] Compiling C object umockdev-record.p/meson-generated_src_umockdev-pcap.c.o
In file included from /usr/include/glib-2.0/glib/gthread.h:34,
                 from /usr/include/glib-2.0/glib/gasyncqueue.h:34,
                 from /usr/include/glib-2.0/glib.h:34,
                 from umockdev-record.p/src/umockdev-pcap.c:22:
umockdev-record.p/src/umockdev-pcap.c: In function 'umockdev_urb_info_get_type':
/usr/include/glib-2.0/glib/gatomic.h:131:5: warning: argument 2 of '__atomic_load' discards 'volatile' qualifier [-Wdiscarded-qualifiers]
  131 |     __atomic_load (gapg_temp_atomic, &gapg_temp_newval, __ATOMIC_SEQ_CST); \
      |     ^~~~~~~~~~~~~
/usr/include/glib-2.0/glib/gthread.h:274:7: note: in expansion of macro 'g_atomic_pointer_get'
  274 |     (!g_atomic_pointer_get (location) &&                             \
      |       ^~~~~~~~~~~~~~~~~~~~
umockdev-record.p/src/umockdev-pcap.c:325:13: note: in expansion of macro 'g_once_init_enter'
  325 |         if (g_once_init_enter (&umockdev_urb_info_type_id__once)) {
      |             ^~~~~~~~~~~~~~~~~
umockdev-record.p/src/umockdev-pcap.c: In function 'vala_g_array_remove_index':
umockdev-record.p/src/umockdev-pcap.c:413:16: warning: assignment to 'void **' from incompatible pointer type 'gchar *' {aka 'char *'} [-Wincompatible-pointer-types]
  413 |         _tmp0_ = self->data;
      |                ^
umockdev-record.p/src/umockdev-pcap.c: In function 'umockdev_ioctl_usb_pcap_handler_next_reapable_urb':
umockdev-record.p/src/umockdev-pcap.c:789:24: warning: assignment discards 'const' qualifier from pointer target type [-Wdiscarded-qualifiers]
  789 |                 _tmp3_ = pcap_next (_tmp2_, &self->priv->cur_hdr);
      |                        ^
umockdev-record.p/src/umockdev-pcap.c:829:41: warning: assignment discards 'const' qualifier from pointer target type [-Wdiscarded-qualifiers]
  829 |                                 _tmp10_ = pcap_next (_tmp9_, &self->priv->cur_hdr);
      |                                         ^
umockdev-record.p/src/umockdev-pcap.c: In function 'umockdev_ioctl_usb_pcap_handler_get_type':
/usr/include/glib-2.0/glib/gatomic.h:131:5: warning: argument 2 of '__atomic_load' discards 'volatile' qualifier [-Wdiscarded-qualifiers]
  131 |     __atomic_load (gapg_temp_atomic, &gapg_temp_newval, __ATOMIC_SEQ_CST); \
      |     ^~~~~~~~~~~~~
/usr/include/glib-2.0/glib/gthread.h:274:7: note: in expansion of macro 'g_atomic_pointer_get'
  274 |     (!g_atomic_pointer_get (location) &&                             \
      |       ^~~~~~~~~~~~~~~~~~~~
umockdev-record.p/src/umockdev-pcap.c:1382:13: note: in expansion of macro 'g_once_init_enter'
 1382 |         if (g_once_init_enter (&umockdev_ioctl_usb_pcap_handler_type_id__once)) {
      |             ^~~~~~~~~~~~~~~~~
[29/55] Compiling Vala source ../tests/test-umockdev-run.vala umockdev-1.0.vapi umockdev-utils.vapi
[30/55] Compiling C object umockdev-record.p/meson-generated_src_umockdev-spi.c.o
In file included from /usr/include/glib-2.0/glib/gthread.h:34,
                 from /usr/include/glib-2.0/glib/gasyncqueue.h:34,
                 from /usr/include/glib-2.0/glib.h:34,
                 from umockdev-record.p/src/umockdev-spi.c:22:
umockdev-record.p/src/umockdev-spi.c: In function 'umockdev_transfer_chunk_get_type':
/usr/include/glib-2.0/glib/gatomic.h:131:5: warning: argument 2 of '__atomic_load' discards 'volatile' qualifier [-Wdiscarded-qualifiers]
  131 |     __atomic_load (gapg_temp_atomic, &gapg_temp_newval, __ATOMIC_SEQ_CST); \
      |     ^~~~~~~~~~~~~
/usr/include/glib-2.0/glib/gthread.h:274:7: note: in expansion of macro 'g_atomic_pointer_get'
  274 |     (!g_atomic_pointer_get (location) &&                             \
      |       ^~~~~~~~~~~~~~~~~~~~
umockdev-record.p/src/umockdev-spi.c:537:13: note: in expansion of macro 'g_once_init_enter'
  537 |         if (g_once_init_enter (&umockdev_transfer_chunk_type_id__once)) {
      |             ^~~~~~~~~~~~~~~~~
umockdev-record.p/src/umockdev-spi.c: In function 'umockdev_ioctl_spi_base_get_type':
/usr/include/glib-2.0/glib/gatomic.h:131:5: warning: argument 2 of '__atomic_load' discards 'volatile' qualifier [-Wdiscarded-qualifiers]
  131 |     __atomic_load (gapg_temp_atomic, &gapg_temp_newval, __ATOMIC_SEQ_CST); \
      |     ^~~~~~~~~~~~~
/usr/include/glib-2.0/glib/gthread.h:274:7: note: in expansion of macro 'g_atomic_pointer_get'
  274 |     (!g_atomic_pointer_get (location) &&                             \
      |       ^~~~~~~~~~~~~~~~~~~~
umockdev-record.p/src/umockdev-spi.c:755:13: note: in expansion of macro 'g_once_init_enter'
  755 |         if (g_once_init_enter (&umockdev_ioctl_spi_base_type_id__once)) {
      |             ^~~~~~~~~~~~~~~~~
umockdev-record.p/src/umockdev-spi.c: In function 'umockdev_ioctl_spi_handler_get_type':
/usr/include/glib-2.0/glib/gatomic.h:131:5: warning: argument 2 of '__atomic_load' discards 'volatile' qualifier [-Wdiscarded-qualifiers]
  131 |     __atomic_load (gapg_temp_atomic, &gapg_temp_newval, __ATOMIC_SEQ_CST); \
      |     ^~~~~~~~~~~~~
/usr/include/glib-2.0/glib/gthread.h:274:7: note: in expansion of macro 'g_atomic_pointer_get'
  274 |     (!g_atomic_pointer_get (location) &&                             \
      |       ^~~~~~~~~~~~~~~~~~~~
umockdev-record.p/src/umockdev-spi.c:1527:13: note: in expansion of macro 'g_once_init_enter'
 1527 |         if (g_once_init_enter (&umockdev_ioctl_spi_handler_type_id__once)) {
      |             ^~~~~~~~~~~~~~~~~
umockdev-record.p/src/umockdev-spi.c: In function 'umockdev_ioctl_spi_recorder_get_type':
/usr/include/glib-2.0/glib/gatomic.h:131:5: warning: argument 2 of '__atomic_load' discards 'volatile' qualifier [-Wdiscarded-qualifiers]
  131 |     __atomic_load (gapg_temp_atomic, &gapg_temp_newval, __ATOMIC_SEQ_CST); \
      |     ^~~~~~~~~~~~~
/usr/include/glib-2.0/glib/gthread.h:274:7: note: in expansion of macro 'g_atomic_pointer_get'
  274 |     (!g_atomic_pointer_get (location) &&                             \
      |       ^~~~~~~~~~~~~~~~~~~~
umockdev-record.p/src/umockdev-spi.c:1940:13: note: in expansion of macro 'g_once_init_enter'
 1940 |         if (g_once_init_enter (&umockdev_ioctl_spi_recorder_type_id__once)) {
      |             ^~~~~~~~~~~~~~~~~
[31/55] Compiling C object libumockdev.so.0.3.0.p/src_ioctl_tree.c.o
[32/55] Compiling Vala source ../tests/test-umockdev-record.vala umockdev-1.0.vapi umockdev-utils.vapi
[33/55] Compiling Vala source ../tests/test-umockdev-vala.vala umockdev-1.0.vapi umockdev-utils.vapi
[34/55] Compiling C object libumockdev-preload.so.0.0.0.p/src_libumockdev-preload.c.o
[35/55] Linking target libumockdev-preload.so.0.0.0
[36/55] Compiling C object libumockdev.so.0.3.0.p/meson-generated_src_umockdev-pcap.c.o
In file included from /usr/include/glib-2.0/glib/gthread.h:34,
                 from /usr/include/glib-2.0/glib/gasyncqueue.h:34,
                 from /usr/include/glib-2.0/glib.h:34,
                 from libumockdev.so.0.3.0.p/src/umockdev-pcap.c:22:
libumockdev.so.0.3.0.p/src/umockdev-pcap.c: In function 'umockdev_urb_info_get_type':
/usr/include/glib-2.0/glib/gatomic.h:131:5: warning: argument 2 of '__atomic_load' discards 'volatile' qualifier [-Wdiscarded-qualifiers]
  131 |     __atomic_load (gapg_temp_atomic, &gapg_temp_newval, __ATOMIC_SEQ_CST); \
      |     ^~~~~~~~~~~~~
/usr/include/glib-2.0/glib/gthread.h:274:7: note: in expansion of macro 'g_atomic_pointer_get'
  274 |     (!g_atomic_pointer_get (location) &&                             \
      |       ^~~~~~~~~~~~~~~~~~~~
libumockdev.so.0.3.0.p/src/umockdev-pcap.c:235:13: note: in expansion of macro 'g_once_init_enter'
  235 |         if (g_once_init_enter (&umockdev_urb_info_type_id__once)) {
      |             ^~~~~~~~~~~~~~~~~
libumockdev.so.0.3.0.p/src/umockdev-pcap.c: In function 'vala_g_array_remove_index':
libumockdev.so.0.3.0.p/src/umockdev-pcap.c:323:16: warning: assignment to 'void **' from incompatible pointer type 'gchar *' {aka 'char *'} [-Wincompatible-pointer-types]
  323 |         _tmp0_ = self->data;
      |                ^
libumockdev.so.0.3.0.p/src/umockdev-pcap.c: In function 'umockdev_ioctl_usb_pcap_handler_next_reapable_urb':
libumockdev.so.0.3.0.p/src/umockdev-pcap.c:699:24: warning: assignment discards 'const' qualifier from pointer target type [-Wdiscarded-qualifiers]
  699 |                 _tmp3_ = pcap_next (_tmp2_, &self->priv->cur_hdr);
      |                        ^
libumockdev.so.0.3.0.p/src/umockdev-pcap.c:739:41: warning: assignment discards 'const' qualifier from pointer target type [-Wdiscarded-qualifiers]
  739 |                                 _tmp10_ = pcap_next (_tmp9_, &self->priv->cur_hdr);
      |                                         ^
libumockdev.so.0.3.0.p/src/umockdev-pcap.c: In function 'umockdev_ioctl_usb_pcap_handler_get_type':
/usr/include/glib-2.0/glib/gatomic.h:131:5: warning: argument 2 of '__atomic_load' discards 'volatile' qualifier [-Wdiscarded-qualifiers]
  131 |     __atomic_load (gapg_temp_atomic, &gapg_temp_newval, __ATOMIC_SEQ_CST); \
      |     ^~~~~~~~~~~~~
/usr/include/glib-2.0/glib/gthread.h:274:7: note: in expansion of macro 'g_atomic_pointer_get'
  274 |     (!g_atomic_pointer_get (location) &&                             \
      |       ^~~~~~~~~~~~~~~~~~~~
libumockdev.so.0.3.0.p/src/umockdev-pcap.c:1292:13: note: in expansion of macro 'g_once_init_enter'
 1292 |         if (g_once_init_enter (&umockdev_ioctl_usb_pcap_handler_type_id__once)) {
      |             ^~~~~~~~~~~~~~~~~
[37/55] Compiling C object libumockdev.so.0.3.0.p/meson-generated_src_umockdev-spi.c.o
In file included from /usr/include/glib-2.0/glib/gthread.h:34,
                 from /usr/include/glib-2.0/glib/gasyncqueue.h:34,
                 from /usr/include/glib-2.0/glib.h:34,
                 from libumockdev.so.0.3.0.p/src/umockdev-spi.c:22:
libumockdev.so.0.3.0.p/src/umockdev-spi.c: In function 'umockdev_transfer_chunk_get_type':
/usr/include/glib-2.0/glib/gatomic.h:131:5: warning: argument 2 of '__atomic_load' discards 'volatile' qualifier [-Wdiscarded-qualifiers]
  131 |     __atomic_load (gapg_temp_atomic, &gapg_temp_newval, __ATOMIC_SEQ_CST); \
      |     ^~~~~~~~~~~~~
/usr/include/glib-2.0/glib/gthread.h:274:7: note: in expansion of macro 'g_atomic_pointer_get'
  274 |     (!g_atomic_pointer_get (location) &&                             \
      |       ^~~~~~~~~~~~~~~~~~~~
libumockdev.so.0.3.0.p/src/umockdev-spi.c:441:13: note: in expansion of macro 'g_once_init_enter'
  441 |         if (g_once_init_enter (&umockdev_transfer_chunk_type_id__once)) {
      |             ^~~~~~~~~~~~~~~~~
libumockdev.so.0.3.0.p/src/umockdev-spi.c: In function 'umockdev_ioctl_spi_base_get_type':
/usr/include/glib-2.0/glib/gatomic.h:131:5: warning: argument 2 of '__atomic_load' discards 'volatile' qualifier [-Wdiscarded-qualifiers]
  131 |     __atomic_load (gapg_temp_atomic, &gapg_temp_newval, __ATOMIC_SEQ_CST); \
      |     ^~~~~~~~~~~~~
/usr/include/glib-2.0/glib/gthread.h:274:7: note: in expansion of macro 'g_atomic_pointer_get'
  274 |     (!g_atomic_pointer_get (location) &&                             \
      |       ^~~~~~~~~~~~~~~~~~~~
libumockdev.so.0.3.0.p/src/umockdev-spi.c:659:13: note: in expansion of macro 'g_once_init_enter'
  659 |         if (g_once_init_enter (&umockdev_ioctl_spi_base_type_id__once)) {
      |             ^~~~~~~~~~~~~~~~~
libumockdev.so.0.3.0.p/src/umockdev-spi.c: In function 'umockdev_ioctl_spi_handler_get_type':
/usr/include/glib-2.0/glib/gatomic.h:131:5: warning: argument 2 of '__atomic_load' discards 'volatile' qualifier [-Wdiscarded-qualifiers]
  131 |     __atomic_load (gapg_temp_atomic, &gapg_temp_newval, __ATOMIC_SEQ_CST); \
      |     ^~~~~~~~~~~~~
/usr/include/glib-2.0/glib/gthread.h:274:7: note: in expansion of macro 'g_atomic_pointer_get'
  274 |     (!g_atomic_pointer_get (location) &&                             \
      |       ^~~~~~~~~~~~~~~~~~~~
libumockdev.so.0.3.0.p/src/umockdev-spi.c:1431:13: note: in expansion of macro 'g_once_init_enter'
 1431 |         if (g_once_init_enter (&umockdev_ioctl_spi_handler_type_id__once)) {
      |             ^~~~~~~~~~~~~~~~~
libumockdev.so.0.3.0.p/src/umockdev-spi.c: In function 'umockdev_ioctl_spi_recorder_get_type':
/usr/include/glib-2.0/glib/gatomic.h:131:5: warning: argument 2 of '__atomic_load' discards 'volatile' qualifier [-Wdiscarded-qualifiers]
  131 |     __atomic_load (gapg_temp_atomic, &gapg_temp_newval, __ATOMIC_SEQ_CST); \
      |     ^~~~~~~~~~~~~
/usr/include/glib-2.0/glib/gthread.h:274:7: note: in expansion of macro 'g_atomic_pointer_get'
  274 |     (!g_atomic_pointer_get (location) &&                             \
      |       ^~~~~~~~~~~~~~~~~~~~
libumockdev.so.0.3.0.p/src/umockdev-spi.c:1844:13: note: in expansion of macro 'g_once_init_enter'
 1844 |         if (g_once_init_enter (&umockdev_ioctl_spi_recorder_type_id__once)) {
      |             ^~~~~~~~~~~~~~~~~
[38/55] Compiling C object umockdev-run.p/meson-generated_src_umockdev-run.c.o
[39/55] Compiling C object test-umockdev-run.p/meson-generated_tests_test-umockdev-run.c.o
[40/55] Compiling C object umockdev-record.p/meson-generated_src_umockdev-ioctl.c.o
In file included from /usr/include/glib-2.0/glib/gthread.h:34,
                 from /usr/include/glib-2.0/glib/gasyncqueue.h:34,
                 from /usr/include/glib-2.0/glib.h:34,
                 from /usr/include/glib-2.0/gobject/gbinding.h:30,
                 from /usr/include/glib-2.0/glib-object.h:24,
                 from umockdev-record.p/src/umockdev-ioctl.c:102:
umockdev-record.p/src/umockdev-ioctl.c: In function 'umockdev_ioctl_data_get_type':
/usr/include/glib-2.0/glib/gatomic.h:131:5: warning: argument 2 of '__atomic_load' discards 'volatile' qualifier [-Wdiscarded-qualifiers]
  131 |     __atomic_load (gapg_temp_atomic, &gapg_temp_newval, __ATOMIC_SEQ_CST); \
      |     ^~~~~~~~~~~~~
/usr/include/glib-2.0/glib/gthread.h:274:7: note: in expansion of macro 'g_atomic_pointer_get'
  274 |     (!g_atomic_pointer_get (location) &&                             \
      |       ^~~~~~~~~~~~~~~~~~~~
umockdev-record.p/src/umockdev-ioctl.c:1820:13: note: in expansion of macro 'g_once_init_enter'
 1820 |         if (g_once_init_enter (&umockdev_ioctl_data_type_id__once)) {
      |             ^~~~~~~~~~~~~~~~~
umockdev-record.p/src/umockdev-ioctl.c: In function 'umockdev_ioctl_client_class_init':
umockdev-record.p/src/umockdev-ioctl.c:2719:97: warning: passing argument 5 of 'g_signal_new' from incompatible pointer type [-Wincompatible-pointer-types]
 2719 |         g_signal_new ("handle-ioctl", UMOCKDEV_TYPE_IOCTL_CLIENT, G_SIGNAL_RUN_LAST, (guint) 0, _umockdev_signal_accumulator_true_handled_gsignal_accumulator, NULL, NULL, G_TYPE_BOOLEAN, (guint) 0, NULL);
      |                                                                                                 ^~~~~~~~~~~~~~~~~~~~~~~~~~~~~~~~~~~~~~~~~~~~~~~~~~~~~~~~~~~~~
      |                                                                                                 |
      |                                                                                                 gboolean (*)(GSignalInvocationHint *, GValue *, GValue *, void *) {aka int (*)(struct _GSignalInvocationHint *, struct _GValue *, struct _GValue *, void *)}
In file included from /usr/include/glib-2.0/gobject/gobject.h:30,
                 from /usr/include/glib-2.0/gobject/gbinding.h:31:
/usr/include/glib-2.0/gobject/gsignal.h:333:66: note: expected 'GSignalAccumulator' {aka 'int (*)(struct _GSignalInvocationHint *, struct _GValue *, const struct _GValue *, void *)'} but argument is of type 'gboolean (*)(GSignalInvocationHint *, GValue *, GValue *, void *)' {aka 'int (*)(struct _GSignalInvocationHint *, struct _GValue *, struct _GValue *, void *)'}
  333 |                                              GSignalAccumulator  accumulator,
      |                                              ~~~~~~~~~~~~~~~~~~~~^~~~~~~~~~~
umockdev-record.p/src/umockdev-ioctl.c:2720:96: warning: passing argument 5 of 'g_signal_new' from incompatible pointer type [-Wincompatible-pointer-types]
 2720 |         g_signal_new ("handle-read", UMOCKDEV_TYPE_IOCTL_CLIENT, G_SIGNAL_RUN_LAST, (guint) 0, _umockdev_signal_accumulator_true_handled_gsignal_accumulator, NULL, NULL, G_TYPE_BOOLEAN, (guint) 0, NULL);
      |                                                                                                ^~~~~~~~~~~~~~~~~~~~~~~~~~~~~~~~~~~~~~~~~~~~~~~~~~~~~~~~~~~~~
      |                                                                                                |
      |                                                                                                gboolean (*)(GSignalInvocationHint *, GValue *, GValue *, void *) {aka int (*)(struct _GSignalInvocationHint *, struct _GValue *, struct _GValue *, void *)}
/usr/include/glib-2.0/gobject/gsignal.h:333:66: note: expected 'GSignalAccumulator' {aka 'int (*)(struct _GSignalInvocationHint *, struct _GValue *, const struct _GValue *, void *)'} but argument is of type 'gboolean (*)(GSignalInvocationHint *, GValue *, GValue *, void *)' {aka 'int (*)(struct _GSignalInvocationHint *, struct _GValue *, struct _GValue *, void *)'}
  333 |                                              GSignalAccumulator  accumulator,
      |                                              ~~~~~~~~~~~~~~~~~~~~^~~~~~~~~~~
umockdev-record.p/src/umockdev-ioctl.c:2721:97: warning: passing argument 5 of 'g_signal_new' from incompatible pointer type [-Wincompatible-pointer-types]
 2721 |         g_signal_new ("handle-write", UMOCKDEV_TYPE_IOCTL_CLIENT, G_SIGNAL_RUN_LAST, (guint) 0, _umockdev_signal_accumulator_true_handled_gsignal_accumulator, NULL, NULL, G_TYPE_BOOLEAN, (guint) 0, NULL);
      |                                                                                                 ^~~~~~~~~~~~~~~~~~~~~~~~~~~~~~~~~~~~~~~~~~~~~~~~~~~~~~~~~~~~~
      |                                                                                                 |
      |                                                                                                 gboolean (*)(GSignalInvocationHint *, GValue *, GValue *, void *) {aka int (*)(struct _GSignalInvocationHint *, struct _GValue *, struct _GValue *, void *)}
/usr/include/glib-2.0/gobject/gsignal.h:333:66: note: expected 'GSignalAccumulator' {aka 'int (*)(struct _GSignalInvocationHint *, struct _GValue *, const struct _GValue *, void *)'} but argument is of type 'gboolean (*)(GSignalInvocationHint *, GValue *, GValue *, void *)' {aka 'int (*)(struct _GSignalInvocationHint *, struct _GValue *, struct _GValue *, void *)'}
  333 |                                              GSignalAccumulator  accumulator,
      |                                              ~~~~~~~~~~~~~~~~~~~~^~~~~~~~~~~
umockdev-record.p/src/umockdev-ioctl.c: In function 'umockdev_ioctl_client_get_type':
/usr/include/glib-2.0/glib/gatomic.h:131:5: warning: argument 2 of '__atomic_load' discards 'volatile' qualifier [-Wdiscarded-qualifiers]
  131 |     __atomic_load (gapg_temp_atomic, &gapg_temp_newval, __ATOMIC_SEQ_CST); \
      |     ^~~~~~~~~~~~~
/usr/include/glib-2.0/glib/gthread.h:274:7: note: in expansion of macro 'g_atomic_pointer_get'
  274 |     (!g_atomic_pointer_get (location) &&                             \
      |       ^~~~~~~~~~~~~~~~~~~~
umockdev-record.p/src/umockdev-ioctl.c:2773:13: note: in expansion of macro 'g_once_init_enter'
 2773 |         if (g_once_init_enter (&umockdev_ioctl_client_type_id__once)) {
      |             ^~~~~~~~~~~~~~~~~
umockdev-record.p/src/umockdev-ioctl.c: In function 'umockdev_start_listen_closure_get_type':
/usr/include/glib-2.0/glib/gatomic.h:131:5: warning: argument 2 of '__atomic_load' discards 'volatile' qualifier [-Wdiscarded-qualifiers]
  131 |     __atomic_load (gapg_temp_atomic, &gapg_temp_newval, __ATOMIC_SEQ_CST); \
      |     ^~~~~~~~~~~~~
/usr/include/glib-2.0/glib/gthread.h:274:7: note: in expansion of macro 'g_atomic_pointer_get'
  274 |     (!g_atomic_pointer_get (location) &&                             \
      |       ^~~~~~~~~~~~~~~~~~~~
umockdev-record.p/src/umockdev-ioctl.c:3048:13: note: in expansion of macro 'g_once_init_enter'
 3048 |         if (g_once_init_enter (&umockdev_start_listen_closure_type_id__once)) {
      |             ^~~~~~~~~~~~~~~~~
umockdev-record.p/src/umockdev-ioctl.c: In function 'umockdev_ioctl_base_unregister_all':
umockdev-record.p/src/umockdev-ioctl.c:3392:62: warning: passing argument 2 of 'g_hash_table_foreach_remove' from incompatible pointer type [-Wincompatible-pointer-types]
 3392 |                         g_hash_table_foreach_remove (_tmp1_, ____lambda4__ghr_func, self);
      |                                                              ^~~~~~~~~~~~~~~~~~~~~
      |                                                              |
      |                                                              gboolean (*)(const void *, const void *, void *) {aka int (*)(const void *, const void *, void *)}
In file included from /usr/include/glib-2.0/glib.h:52:
/usr/include/glib-2.0/glib/ghash.h:122:61: note: expected 'GHRFunc' {aka 'int (*)(void *, void *, void *)'} but argument is of type 'gboolean (*)(const void *, const void *, void *)' {aka 'int (*)(const void *, const void *, void *)'}
  122 |                                             GHRFunc         func,
      |                                             ~~~~~~~~~~~~~~~~^~~~
umockdev-record.p/src/umockdev-ioctl.c: In function 'umockdev_ioctl_base_class_init':
umockdev-record.p/src/umockdev-ioctl.c:3554:147: warning: passing argument 5 of 'g_signal_new' from incompatible pointer type [-Wincompatible-pointer-types]
 3554 |         g_signal_new ("handle-ioctl", UMOCKDEV_TYPE_IOCTL_BASE, G_SIGNAL_RUN_LAST, (guint) G_STRUCT_OFFSET(UMockdevIoctlBaseClass, handle_ioctl), _umockdev_signal_accumulator_true_handled_gsignal_accumulator, NULL, NULL, G_TYPE_BOOLEAN, (guint) 1, UMOCKDEV_TYPE_IOCTL_CLIENT, NULL);
      |                                                                                                                                                   ^~~~~~~~~~~~~~~~~~~~~~~~~~~~~~~~~~~~~~~~~~~~~~~~~~~~~~~~~~~~~
      |                                                                                                                                                   |
      |                                                                                                                                                   gboolean (*)(GSignalInvocationHint *, GValue *, GValue *, void *) {aka int (*)(struct _GSignalInvocationHint *, struct _GValue *, struct _GValue *, void *)}
/usr/include/glib-2.0/gobject/gsignal.h:333:66: note: expected 'GSignalAccumulator' {aka 'int (*)(struct _GSignalInvocationHint *, struct _GValue *, const struct _GValue *, void *)'} but argument is of type 'gboolean (*)(GSignalInvocationHint *, GValue *, GValue *, void *)' {aka 'int (*)(struct _GSignalInvocationHint *, struct _GValue *, struct _GValue *, void *)'}
  333 |                                              GSignalAccumulator  accumulator,
      |                                              ~~~~~~~~~~~~~~~~~~~~^~~~~~~~~~~
umockdev-record.p/src/umockdev-ioctl.c:3555:145: warning: passing argument 5 of 'g_signal_new' from incompatible pointer type [-Wincompatible-pointer-types]
 3555 |         g_signal_new ("handle-read", UMOCKDEV_TYPE_IOCTL_BASE, G_SIGNAL_RUN_LAST, (guint) G_STRUCT_OFFSET(UMockdevIoctlBaseClass, handle_read), _umockdev_signal_accumulator_true_handled_gsignal_accumulator, NULL, NULL, G_TYPE_BOOLEAN, (guint) 1, UMOCKDEV_TYPE_IOCTL_CLIENT, NULL);
      |                                                                                                                                                 ^~~~~~~~~~~~~~~~~~~~~~~~~~~~~~~~~~~~~~~~~~~~~~~~~~~~~~~~~~~~~
      |                                                                                                                                                 |
      |                                                                                                                                                 gboolean (*)(GSignalInvocationHint *, GValue *, GValue *, void *) {aka int (*)(struct _GSignalInvocationHint *, struct _GValue *, struct _GValue *, void *)}
/usr/include/glib-2.0/gobject/gsignal.h:333:66: note: expected 'GSignalAccumulator' {aka 'int (*)(struct _GSignalInvocationHint *, struct _GValue *, const struct _GValue *, void *)'} but argument is of type 'gboolean (*)(GSignalInvocationHint *, GValue *, GValue *, void *)' {aka 'int (*)(struct _GSignalInvocationHint *, struct _GValue *, struct _GValue *, void *)'}
  333 |                                              GSignalAccumulator  accumulator,
      |                                              ~~~~~~~~~~~~~~~~~~~~^~~~~~~~~~~
umockdev-record.p/src/umockdev-ioctl.c:3556:147: warning: passing argument 5 of 'g_signal_new' from incompatible pointer type [-Wincompatible-pointer-types]
 3556 |         g_signal_new ("handle-write", UMOCKDEV_TYPE_IOCTL_BASE, G_SIGNAL_RUN_LAST, (guint) G_STRUCT_OFFSET(UMockdevIoctlBaseClass, handle_write), _umockdev_signal_accumulator_true_handled_gsignal_accumulator, NULL, NULL, G_TYPE_BOOLEAN, (guint) 1, UMOCKDEV_TYPE_IOCTL_CLIENT, NULL);
      |                                                                                                                                                   ^~~~~~~~~~~~~~~~~~~~~~~~~~~~~~~~~~~~~~~~~~~~~~~~~~~~~~~~~~~~~
      |                                                                                                                                                   |
      |                                                                                                                                                   gboolean (*)(GSignalInvocationHint *, GValue *, GValue *, void *) {aka int (*)(struct _GSignalInvocationHint *, struct _GValue *, struct _GValue *, void *)}
/usr/include/glib-2.0/gobject/gsignal.h:333:66: note: expected 'GSignalAccumulator' {aka 'int (*)(struct _GSignalInvocationHint *, struct _GValue *, const struct _GValue *, void *)'} but argument is of type 'gboolean (*)(GSignalInvocationHint *, GValue *, GValue *, void *)' {aka 'int (*)(struct _GSignalInvocationHint *, struct _GValue *, struct _GValue *, void *)'}
  333 |                                              GSignalAccumulator  accumulator,
      |                                              ~~~~~~~~~~~~~~~~~~~~^~~~~~~~~~~
umockdev-record.p/src/umockdev-ioctl.c: In function 'umockdev_ioctl_base_get_type':
/usr/include/glib-2.0/glib/gatomic.h:131:5: warning: argument 2 of '__atomic_load' discards 'volatile' qualifier [-Wdiscarded-qualifiers]
  131 |     __atomic_load (gapg_temp_atomic, &gapg_temp_newval, __ATOMIC_SEQ_CST); \
      |     ^~~~~~~~~~~~~
/usr/include/glib-2.0/glib/gthread.h:274:7: note: in expansion of macro 'g_atomic_pointer_get'
  274 |     (!g_atomic_pointer_get (location) &&                             \
      |       ^~~~~~~~~~~~~~~~~~~~
umockdev-record.p/src/umockdev-ioctl.c:3591:13: note: in expansion of macro 'g_once_init_enter'
 3591 |         if (g_once_init_enter (&umockdev_ioctl_base_type_id__once)) {
      |             ^~~~~~~~~~~~~~~~~
umockdev-record.p/src/umockdev-ioctl.c: In function 'umockdev_ioctl_tree_handler_real_handle_ioctl':
umockdev-record.p/src/umockdev-ioctl.c:3683:14: warning: assignment discards 'const' qualifier from pointer target type [-Wdiscarded-qualifiers]
 3683 |         last = _tmp5_;
      |              ^
umockdev-record.p/src/umockdev-ioctl.c: In function 'umockdev_ioctl_tree_handler_get_type':
/usr/include/glib-2.0/glib/gatomic.h:131:5: warning: argument 2 of '__atomic_load' discards 'volatile' qualifier [-Wdiscarded-qualifiers]
  131 |     __atomic_load (gapg_temp_atomic, &gapg_temp_newval, __ATOMIC_SEQ_CST); \
      |     ^~~~~~~~~~~~~
/usr/include/glib-2.0/glib/gthread.h:274:7: note: in expansion of macro 'g_atomic_pointer_get'
  274 |     (!g_atomic_pointer_get (location) &&                             \
      |       ^~~~~~~~~~~~~~~~~~~~
umockdev-record.p/src/umockdev-ioctl.c:3899:13: note: in expansion of macro 'g_once_init_enter'
 3899 |         if (g_once_init_enter (&umockdev_ioctl_tree_handler_type_id__once)) {
      |             ^~~~~~~~~~~~~~~~~
umockdev-record.p/src/umockdev-ioctl.c: In function 'umockdev_ioctl_tree_recorder_get_type':
/usr/include/glib-2.0/glib/gatomic.h:131:5: warning: argument 2 of '__atomic_load' discards 'volatile' qualifier [-Wdiscarded-qualifiers]
  131 |     __atomic_load (gapg_temp_atomic, &gapg_temp_newval, __ATOMIC_SEQ_CST); \
      |     ^~~~~~~~~~~~~
/usr/include/glib-2.0/glib/gthread.h:274:7: note: in expansion of macro 'g_atomic_pointer_get'
  274 |     (!g_atomic_pointer_get (location) &&                             \
      |       ^~~~~~~~~~~~~~~~~~~~
umockdev-record.p/src/umockdev-ioctl.c:4280:13: note: in expansion of macro 'g_once_init_enter'
 4280 |         if (g_once_init_enter (&umockdev_ioctl_tree_recorder_type_id__once)) {
      |             ^~~~~~~~~~~~~~~~~
[41/55] Linking target umockdev-record
[42/55] Compiling C object libumockdev.so.0.3.0.p/meson-generated_src_umockdev-ioctl.c.o
In file included from /usr/include/glib-2.0/glib/gthread.h:34,
                 from /usr/include/glib-2.0/glib/gasyncqueue.h:34,
                 from /usr/include/glib-2.0/glib.h:34,
                 from /usr/include/glib-2.0/gobject/gbinding.h:30,
                 from /usr/include/glib-2.0/glib-object.h:24,
                 from libumockdev.so.0.3.0.p/src/umockdev-ioctl.c:102:
libumockdev.so.0.3.0.p/src/umockdev-ioctl.c: In function 'umockdev_ioctl_data_get_type':
/usr/include/glib-2.0/glib/gatomic.h:131:5: warning: argument 2 of '__atomic_load' discards 'volatile' qualifier [-Wdiscarded-qualifiers]
  131 |     __atomic_load (gapg_temp_atomic, &gapg_temp_newval, __ATOMIC_SEQ_CST); \
      |     ^~~~~~~~~~~~~
/usr/include/glib-2.0/glib/gthread.h:274:7: note: in expansion of macro 'g_atomic_pointer_get'
  274 |     (!g_atomic_pointer_get (location) &&                             \
      |       ^~~~~~~~~~~~~~~~~~~~
libumockdev.so.0.3.0.p/src/umockdev-ioctl.c:1692:13: note: in expansion of macro 'g_once_init_enter'
 1692 |         if (g_once_init_enter (&umockdev_ioctl_data_type_id__once)) {
      |             ^~~~~~~~~~~~~~~~~
libumockdev.so.0.3.0.p/src/umockdev-ioctl.c: In function 'umockdev_ioctl_client_class_init':
libumockdev.so.0.3.0.p/src/umockdev-ioctl.c:2591:97: warning: passing argument 5 of 'g_signal_new' from incompatible pointer type [-Wincompatible-pointer-types]
 2591 |         g_signal_new ("handle-ioctl", UMOCKDEV_TYPE_IOCTL_CLIENT, G_SIGNAL_RUN_LAST, (guint) 0, _umockdev_signal_accumulator_true_handled_gsignal_accumulator, NULL, NULL, G_TYPE_BOOLEAN, (guint) 0, NULL);
      |                                                                                                 ^~~~~~~~~~~~~~~~~~~~~~~~~~~~~~~~~~~~~~~~~~~~~~~~~~~~~~~~~~~~~
      |                                                                                                 |
      |                                                                                                 gboolean (*)(GSignalInvocationHint *, GValue *, GValue *, void *) {aka int (*)(struct _GSignalInvocationHint *, struct _GValue *, struct _GValue *, void *)}
In file included from /usr/include/glib-2.0/gobject/gobject.h:30,
                 from /usr/include/glib-2.0/gobject/gbinding.h:31:
/usr/include/glib-2.0/gobject/gsignal.h:333:66: note: expected 'GSignalAccumulator' {aka 'int (*)(struct _GSignalInvocationHint *, struct _GValue *, const struct _GValue *, void *)'} but argument is of type 'gboolean (*)(GSignalInvocationHint *, GValue *, GValue *, void *)' {aka 'int (*)(struct _GSignalInvocationHint *, struct _GValue *, struct _GValue *, void *)'}
  333 |                                              GSignalAccumulator  accumulator,
      |                                              ~~~~~~~~~~~~~~~~~~~~^~~~~~~~~~~
libumockdev.so.0.3.0.p/src/umockdev-ioctl.c:2592:96: warning: passing argument 5 of 'g_signal_new' from incompatible pointer type [-Wincompatible-pointer-types]
 2592 |         g_signal_new ("handle-read", UMOCKDEV_TYPE_IOCTL_CLIENT, G_SIGNAL_RUN_LAST, (guint) 0, _umockdev_signal_accumulator_true_handled_gsignal_accumulator, NULL, NULL, G_TYPE_BOOLEAN, (guint) 0, NULL);
      |                                                                                                ^~~~~~~~~~~~~~~~~~~~~~~~~~~~~~~~~~~~~~~~~~~~~~~~~~~~~~~~~~~~~
      |                                                                                                |
      |                                                                                                gboolean (*)(GSignalInvocationHint *, GValue *, GValue *, void *) {aka int (*)(struct _GSignalInvocationHint *, struct _GValue *, struct _GValue *, void *)}
/usr/include/glib-2.0/gobject/gsignal.h:333:66: note: expected 'GSignalAccumulator' {aka 'int (*)(struct _GSignalInvocationHint *, struct _GValue *, const struct _GValue *, void *)'} but argument is of type 'gboolean (*)(GSignalInvocationHint *, GValue *, GValue *, void *)' {aka 'int (*)(struct _GSignalInvocationHint *, struct _GValue *, struct _GValue *, void *)'}
  333 |                                              GSignalAccumulator  accumulator,
      |                                              ~~~~~~~~~~~~~~~~~~~~^~~~~~~~~~~
libumockdev.so.0.3.0.p/src/umockdev-ioctl.c:2593:97: warning: passing argument 5 of 'g_signal_new' from incompatible pointer type [-Wincompatible-pointer-types]
 2593 |         g_signal_new ("handle-write", UMOCKDEV_TYPE_IOCTL_CLIENT, G_SIGNAL_RUN_LAST, (guint) 0, _umockdev_signal_accumulator_true_handled_gsignal_accumulator, NULL, NULL, G_TYPE_BOOLEAN, (guint) 0, NULL);
      |                                                                                                 ^~~~~~~~~~~~~~~~~~~~~~~~~~~~~~~~~~~~~~~~~~~~~~~~~~~~~~~~~~~~~
      |                                                                                                 |
      |                                                                                                 gboolean (*)(GSignalInvocationHint *, GValue *, GValue *, void *) {aka int (*)(struct _GSignalInvocationHint *, struct _GValue *, struct _GValue *, void *)}
/usr/include/glib-2.0/gobject/gsignal.h:333:66: note: expected 'GSignalAccumulator' {aka 'int (*)(struct _GSignalInvocationHint *, struct _GValue *, const struct _GValue *, void *)'} but argument is of type 'gboolean (*)(GSignalInvocationHint *, GValue *, GValue *, void *)' {aka 'int (*)(struct _GSignalInvocationHint *, struct _GValue *, struct _GValue *, void *)'}
  333 |                                              GSignalAccumulator  accumulator,
      |                                              ~~~~~~~~~~~~~~~~~~~~^~~~~~~~~~~
libumockdev.so.0.3.0.p/src/umockdev-ioctl.c: In function 'umockdev_ioctl_client_get_type':
/usr/include/glib-2.0/glib/gatomic.h:131:5: warning: argument 2 of '__atomic_load' discards 'volatile' qualifier [-Wdiscarded-qualifiers]
  131 |     __atomic_load (gapg_temp_atomic, &gapg_temp_newval, __ATOMIC_SEQ_CST); \
      |     ^~~~~~~~~~~~~
/usr/include/glib-2.0/glib/gthread.h:274:7: note: in expansion of macro 'g_atomic_pointer_get'
  274 |     (!g_atomic_pointer_get (location) &&                             \
      |       ^~~~~~~~~~~~~~~~~~~~
libumockdev.so.0.3.0.p/src/umockdev-ioctl.c:2645:13: note: in expansion of macro 'g_once_init_enter'
 2645 |         if (g_once_init_enter (&umockdev_ioctl_client_type_id__once)) {
      |             ^~~~~~~~~~~~~~~~~
libumockdev.so.0.3.0.p/src/umockdev-ioctl.c: In function 'umockdev_start_listen_closure_get_type':
/usr/include/glib-2.0/glib/gatomic.h:131:5: warning: argument 2 of '__atomic_load' discards 'volatile' qualifier [-Wdiscarded-qualifiers]
  131 |     __atomic_load (gapg_temp_atomic, &gapg_temp_newval, __ATOMIC_SEQ_CST); \
      |     ^~~~~~~~~~~~~
/usr/include/glib-2.0/glib/gthread.h:274:7: note: in expansion of macro 'g_atomic_pointer_get'
  274 |     (!g_atomic_pointer_get (location) &&                             \
      |       ^~~~~~~~~~~~~~~~~~~~
libumockdev.so.0.3.0.p/src/umockdev-ioctl.c:2920:13: note: in expansion of macro 'g_once_init_enter'
 2920 |         if (g_once_init_enter (&umockdev_start_listen_closure_type_id__once)) {
      |             ^~~~~~~~~~~~~~~~~
libumockdev.so.0.3.0.p/src/umockdev-ioctl.c: In function 'umockdev_ioctl_base_class_init':
libumockdev.so.0.3.0.p/src/umockdev-ioctl.c:3414:147: warning: passing argument 5 of 'g_signal_new' from incompatible pointer type [-Wincompatible-pointer-types]
 3414 |         g_signal_new ("handle-ioctl", UMOCKDEV_TYPE_IOCTL_BASE, G_SIGNAL_RUN_LAST, (guint) G_STRUCT_OFFSET(UMockdevIoctlBaseClass, handle_ioctl), _umockdev_signal_accumulator_true_handled_gsignal_accumulator, NULL, NULL, G_TYPE_BOOLEAN, (guint) 1, UMOCKDEV_TYPE_IOCTL_CLIENT, NULL);
      |                                                                                                                                                   ^~~~~~~~~~~~~~~~~~~~~~~~~~~~~~~~~~~~~~~~~~~~~~~~~~~~~~~~~~~~~
      |                                                                                                                                                   |
      |                                                                                                                                                   gboolean (*)(GSignalInvocationHint *, GValue *, GValue *, void *) {aka int (*)(struct _GSignalInvocationHint *, struct _GValue *, struct _GValue *, void *)}
/usr/include/glib-2.0/gobject/gsignal.h:333:66: note: expected 'GSignalAccumulator' {aka 'int (*)(struct _GSignalInvocationHint *, struct _GValue *, const struct _GValue *, void *)'} but argument is of type 'gboolean (*)(GSignalInvocationHint *, GValue *, GValue *, void *)' {aka 'int (*)(struct _GSignalInvocationHint *, struct _GValue *, struct _GValue *, void *)'}
  333 |                                              GSignalAccumulator  accumulator,
      |                                              ~~~~~~~~~~~~~~~~~~~~^~~~~~~~~~~
libumockdev.so.0.3.0.p/src/umockdev-ioctl.c:3415:145: warning: passing argument 5 of 'g_signal_new' from incompatible pointer type [-Wincompatible-pointer-types]
 3415 |         g_signal_new ("handle-read", UMOCKDEV_TYPE_IOCTL_BASE, G_SIGNAL_RUN_LAST, (guint) G_STRUCT_OFFSET(UMockdevIoctlBaseClass, handle_read), _umockdev_signal_accumulator_true_handled_gsignal_accumulator, NULL, NULL, G_TYPE_BOOLEAN, (guint) 1, UMOCKDEV_TYPE_IOCTL_CLIENT, NULL);
      |                                                                                                                                                 ^~~~~~~~~~~~~~~~~~~~~~~~~~~~~~~~~~~~~~~~~~~~~~~~~~~~~~~~~~~~~
      |                                                                                                                                                 |
      |                                                                                                                                                 gboolean (*)(GSignalInvocationHint *, GValue *, GValue *, void *) {aka int (*)(struct _GSignalInvocationHint *, struct _GValue *, struct _GValue *, void *)}
/usr/include/glib-2.0/gobject/gsignal.h:333:66: note: expected 'GSignalAccumulator' {aka 'int (*)(struct _GSignalInvocationHint *, struct _GValue *, const struct _GValue *, void *)'} but argument is of type 'gboolean (*)(GSignalInvocationHint *, GValue *, GValue *, void *)' {aka 'int (*)(struct _GSignalInvocationHint *, struct _GValue *, struct _GValue *, void *)'}
  333 |                                              GSignalAccumulator  accumulator,
      |                                              ~~~~~~~~~~~~~~~~~~~~^~~~~~~~~~~
libumockdev.so.0.3.0.p/src/umockdev-ioctl.c:3416:147: warning: passing argument 5 of 'g_signal_new' from incompatible pointer type [-Wincompatible-pointer-types]
 3416 |         g_signal_new ("handle-write", UMOCKDEV_TYPE_IOCTL_BASE, G_SIGNAL_RUN_LAST, (guint) G_STRUCT_OFFSET(UMockdevIoctlBaseClass, handle_write), _umockdev_signal_accumulator_true_handled_gsignal_accumulator, NULL, NULL, G_TYPE_BOOLEAN, (guint) 1, UMOCKDEV_TYPE_IOCTL_CLIENT, NULL);
      |                                                                                                                                                   ^~~~~~~~~~~~~~~~~~~~~~~~~~~~~~~~~~~~~~~~~~~~~~~~~~~~~~~~~~~~~
      |                                                                                                                                                   |
      |                                                                                                                                                   gboolean (*)(GSignalInvocationHint *, GValue *, GValue *, void *) {aka int (*)(struct _GSignalInvocationHint *, struct _GValue *, struct _GValue *, void *)}
/usr/include/glib-2.0/gobject/gsignal.h:333:66: note: expected 'GSignalAccumulator' {aka 'int (*)(struct _GSignalInvocationHint *, struct _GValue *, const struct _GValue *, void *)'} but argument is of type 'gboolean (*)(GSignalInvocationHint *, GValue *, GValue *, void *)' {aka 'int (*)(struct _GSignalInvocationHint *, struct _GValue *, struct _GValue *, void *)'}
  333 |                                              GSignalAccumulator  accumulator,
      |                                              ~~~~~~~~~~~~~~~~~~~~^~~~~~~~~~~
libumockdev.so.0.3.0.p/src/umockdev-ioctl.c: In function 'umockdev_ioctl_base_get_type':
/usr/include/glib-2.0/glib/gatomic.h:131:5: warning: argument 2 of '__atomic_load' discards 'volatile' qualifier [-Wdiscarded-qualifiers]
  131 |     __atomic_load (gapg_temp_atomic, &gapg_temp_newval, __ATOMIC_SEQ_CST); \
      |     ^~~~~~~~~~~~~
/usr/include/glib-2.0/glib/gthread.h:274:7: note: in expansion of macro 'g_atomic_pointer_get'
  274 |     (!g_atomic_pointer_get (location) &&                             \
      |       ^~~~~~~~~~~~~~~~~~~~
libumockdev.so.0.3.0.p/src/umockdev-ioctl.c:3451:13: note: in expansion of macro 'g_once_init_enter'
 3451 |         if (g_once_init_enter (&umockdev_ioctl_base_type_id__once)) {
      |             ^~~~~~~~~~~~~~~~~
libumockdev.so.0.3.0.p/src/umockdev-ioctl.c: In function 'umockdev_ioctl_tree_handler_real_handle_ioctl':
libumockdev.so.0.3.0.p/src/umockdev-ioctl.c:3543:14: warning: assignment discards 'const' qualifier from pointer target type [-Wdiscarded-qualifiers]
 3543 |         last = _tmp5_;
      |              ^
libumockdev.so.0.3.0.p/src/umockdev-ioctl.c: In function 'umockdev_ioctl_tree_handler_get_type':
/usr/include/glib-2.0/glib/gatomic.h:131:5: warning: argument 2 of '__atomic_load' discards 'volatile' qualifier [-Wdiscarded-qualifiers]
  131 |     __atomic_load (gapg_temp_atomic, &gapg_temp_newval, __ATOMIC_SEQ_CST); \
      |     ^~~~~~~~~~~~~
/usr/include/glib-2.0/glib/gthread.h:274:7: note: in expansion of macro 'g_atomic_pointer_get'
  274 |     (!g_atomic_pointer_get (location) &&                             \
      |       ^~~~~~~~~~~~~~~~~~~~
libumockdev.so.0.3.0.p/src/umockdev-ioctl.c:3759:13: note: in expansion of macro 'g_once_init_enter'
 3759 |         if (g_once_init_enter (&umockdev_ioctl_tree_handler_type_id__once)) {
      |             ^~~~~~~~~~~~~~~~~
libumockdev.so.0.3.0.p/src/umockdev-ioctl.c: In function 'umockdev_ioctl_tree_recorder_get_type':
/usr/include/glib-2.0/glib/gatomic.h:131:5: warning: argument 2 of '__atomic_load' discards 'volatile' qualifier [-Wdiscarded-qualifiers]
  131 |     __atomic_load (gapg_temp_atomic, &gapg_temp_newval, __ATOMIC_SEQ_CST); \
      |     ^~~~~~~~~~~~~
/usr/include/glib-2.0/glib/gthread.h:274:7: note: in expansion of macro 'g_atomic_pointer_get'
  274 |     (!g_atomic_pointer_get (location) &&                             \
      |       ^~~~~~~~~~~~~~~~~~~~
libumockdev.so.0.3.0.p/src/umockdev-ioctl.c:4140:13: note: in expansion of macro 'g_once_init_enter'
 4140 |         if (g_once_init_enter (&umockdev_ioctl_tree_recorder_type_id__once)) {
      |             ^~~~~~~~~~~~~~~~~
[43/55] Compiling C object test-umockdev-record.p/meson-generated_tests_test-umockdev-record.c.o
[44/55] Compiling C object test-umockdev-vala.p/meson-generated_tests_test-umockdev-vala.c.o
test-umockdev-vala.p/tests/test-umockdev-vala.c: In function 't_spidev_ioctl':
test-umockdev-vala.p/tests/test-umockdev-vala.c:2339:14: warning: assignment to 'struct spi_ioc_transfer *' from incompatible pointer type 'guint8 *' {aka 'unsigned char *'} [-Wincompatible-pointer-types]
 2339 |         xfer = _tmp21_;
      |              ^
In file included from /usr/include/glib-2.0/glib/gthread.h:34,
                 from /usr/include/glib-2.0/glib/gasyncqueue.h:34,
                 from /usr/include/glib-2.0/glib.h:34,
                 from test-umockdev-vala.p/tests/test-umockdev-vala.c:26:
test-umockdev-vala.p/tests/test-umockdev-vala.c: In function 'attribute_counter_thread_get_type':
/usr/include/glib-2.0/glib/gatomic.h:131:5: warning: argument 2 of '__atomic_load' discards 'volatile' qualifier [-Wdiscarded-qualifiers]
  131 |     __atomic_load (gapg_temp_atomic, &gapg_temp_newval, __ATOMIC_SEQ_CST); \
      |     ^~~~~~~~~~~~~
/usr/include/glib-2.0/glib/gthread.h:274:7: note: in expansion of macro 'g_atomic_pointer_get'
  274 |     (!g_atomic_pointer_get (location) &&                             \
      |       ^~~~~~~~~~~~~~~~~~~~
test-umockdev-vala.p/tests/test-umockdev-vala.c:3229:13: note: in expansion of macro 'g_once_init_enter'
 3229 |         if (g_once_init_enter (&attribute_counter_thread_type_id__once)) {
      |             ^~~~~~~~~~~~~~~~~
test-umockdev-vala.p/tests/test-umockdev-vala.c: In function 't_mt_uevent':
test-umockdev-vala.p/tests/test-umockdev-vala.c:3574:37: warning: passing argument 1 of 'g_udev_client_new' from incompatible pointer type [-Wincompatible-pointer-types]
 3574 |         _tmp4_ = g_udev_client_new (_tmp3_);
      |                                     ^~~~~~
      |                                     |
      |                                     gchar ** {aka char **}
In file included from /usr/include/gudev-1.0/gudev/gudev.h:14,
                 from test-umockdev-vala.p/tests/test-umockdev-vala.c:29:
/usr/include/gudev-1.0/gudev/gudevclient.h:74:77: note: expected 'const gchar * const*' {aka 'const char * const*'} but argument is of type 'gchar **' {aka 'char **'}
   74 | GUdevClient *g_udev_client_new                         (const gchar* const *subsystems);
      |                                                         ~~~~~~~~~~~~~~~~~~~~^~~~~~~~~~
[45/55] Compiling C object test-umockdev.p/tests_test-umockdev.c.o
[46/55] Compiling C object libumockdev.so.0.3.0.p/meson-generated_src_umockdev.c.o
libumockdev.so.0.3.0.p/src/umockdev.c: In function 'umockdev_testbed_finalize':
libumockdev.so.0.3.0.p/src/umockdev.c:6743:39: warning: passing argument 2 of 'g_hash_table_foreach' from incompatible pointer type [-Wincompatible-pointer-types]
 6743 |         g_hash_table_foreach (_tmp4_, __umockdev_testbed___lambda5__gh_func, self);
      |                                       ^~~~~~~~~~~~~~~~~~~~~~~~~~~~~~~~~~~~~
      |                                       |
      |                                       void (*)(const void *, const void *, void *)
In file included from /usr/include/glib-2.0/glib.h:52,
                 from libumockdev.so.0.3.0.p/src/umockdev.c:46:
/usr/include/glib-2.0/glib/ghash.h:114:61: note: expected 'GHFunc' {aka 'void (*)(void *, void *, void *)'} but argument is of type 'void (*)(const void *, const void *, void *)'
  114 |                                             GHFunc          func,
      |                                             ~~~~~~~~~~~~~~~~^~~~
In file included from /usr/include/glib-2.0/glib/gthread.h:34,
                 from /usr/include/glib-2.0/glib/gasyncqueue.h:34,
                 from /usr/include/glib-2.0/glib.h:34:
libumockdev.so.0.3.0.p/src/umockdev.c: In function 'umockdev_testbed_get_type':
/usr/include/glib-2.0/glib/gatomic.h:131:5: warning: argument 2 of '__atomic_load' discards 'volatile' qualifier [-Wdiscarded-qualifiers]
  131 |     __atomic_load (gapg_temp_atomic, &gapg_temp_newval, __ATOMIC_SEQ_CST); \
      |     ^~~~~~~~~~~~~
/usr/include/glib-2.0/glib/gthread.h:274:7: note: in expansion of macro 'g_atomic_pointer_get'
  274 |     (!g_atomic_pointer_get (location) &&                             \
      |       ^~~~~~~~~~~~~~~~~~~~
libumockdev.so.0.3.0.p/src/umockdev.c:6791:13: note: in expansion of macro 'g_once_init_enter'
 6791 |         if (g_once_init_enter (&umockdev_testbed_type_id__once)) {
      |             ^~~~~~~~~~~~~~~~~
libumockdev.so.0.3.0.p/src/umockdev.c: In function 'umockdev_script_runner_get_type':
/usr/include/glib-2.0/glib/gatomic.h:131:5: warning: argument 2 of '__atomic_load' discards 'volatile' qualifier [-Wdiscarded-qualifiers]
  131 |     __atomic_load (gapg_temp_atomic, &gapg_temp_newval, __ATOMIC_SEQ_CST); \
      |     ^~~~~~~~~~~~~
/usr/include/glib-2.0/glib/gthread.h:274:7: note: in expansion of macro 'g_atomic_pointer_get'
  274 |     (!g_atomic_pointer_get (location) &&                             \
      |       ^~~~~~~~~~~~~~~~~~~~
libumockdev.so.0.3.0.p/src/umockdev.c:8428:13: note: in expansion of macro 'g_once_init_enter'
 8428 |         if (g_once_init_enter (&umockdev_script_runner_type_id__once)) {
      |             ^~~~~~~~~~~~~~~~~
libumockdev.so.0.3.0.p/src/umockdev.c: In function 'umockdev_socket_server_get_type':
/usr/include/glib-2.0/glib/gatomic.h:131:5: warning: argument 2 of '__atomic_load' discards 'volatile' qualifier [-Wdiscarded-qualifiers]
  131 |     __atomic_load (gapg_temp_atomic, &gapg_temp_newval, __ATOMIC_SEQ_CST); \
      |     ^~~~~~~~~~~~~
/usr/include/glib-2.0/glib/gthread.h:274:7: note: in expansion of macro 'g_atomic_pointer_get'
  274 |     (!g_atomic_pointer_get (location) &&                             \
      |       ^~~~~~~~~~~~~~~~~~~~
libumockdev.so.0.3.0.p/src/umockdev.c:9100:13: note: in expansion of macro 'g_once_init_enter'
 9100 |         if (g_once_init_enter (&umockdev_socket_server_type_id__once)) {
      |             ^~~~~~~~~~~~~~~~~
libumockdev.so.0.3.0.p/src/umockdev.c: In function 'umockdev_error_get_type':
/usr/include/glib-2.0/glib/gatomic.h:131:5: warning: argument 2 of '__atomic_load' discards 'volatile' qualifier [-Wdiscarded-qualifiers]
  131 |     __atomic_load (gapg_temp_atomic, &gapg_temp_newval, __ATOMIC_SEQ_CST); \
      |     ^~~~~~~~~~~~~
/usr/include/glib-2.0/glib/gthread.h:274:7: note: in expansion of macro 'g_atomic_pointer_get'
  274 |     (!g_atomic_pointer_get (location) &&                             \
      |       ^~~~~~~~~~~~~~~~~~~~
libumockdev.so.0.3.0.p/src/umockdev.c:9177:13: note: in expansion of macro 'g_once_init_enter'
 9177 |         if (g_once_init_enter (&umockdev_error_type_id__once)) {
      |             ^~~~~~~~~~~~~~~~~
[47/55] Linking target libumockdev.so.0.3.0
[48/55] Generating UMockdev-1.0 hacked gir with a custom command (wrapped by meson to capture output)
[49/55] Generating symbol file libumockdev.so.0.3.0.p/libumockdev.so.0.3.0.symbols
[50/55] Linking target test-umockdev-run
[51/55] Linking target umockdev-run
[52/55] Linking target test-umockdev-record
[53/55] Linking target test-umockdev-vala
[54/55] Linking target test-umockdev
[55/55] Generating UMockdev-1.0 typelib with a custom command
[0/1] Installing files
Installing libumockdev-preload.so.0.0.0 to /pkgs/umockdev/usr/lib
Installing libumockdev.so.0.3.0 to /pkgs/umockdev/usr/lib
Installing umockdev.h to /pkgs/umockdev/usr/include/umockdev-1.0
Installing umockdev-1.0.vapi to /pkgs/umockdev/usr/share/vala/vapi
Installing UMockdev-1.0.gir to /pkgs/umockdev/usr/share/gir-1.0
Installing UMockdev-1.0.typelib to /pkgs/umockdev/usr/lib/girepository-1.0
Installing umockdev-run to /pkgs/umockdev/usr/bin
Installing umockdev-record to /pkgs/umockdev/usr/bin
Installing /blfs/builds/umockdev-0.19.3/build/meson-private/umockdev-1.0.pc to /pkgs/umockdev/usr/lib/pkgconfig
Installing /blfs/builds/umockdev-0.19.3/src/umockdev-wrapper to /pkgs/umockdev/usr/bin
Installing symlink pointing to libumockdev-preload.so.0.0.0 to /pkgs/umockdev/usr/lib/libumockdev-preload.so.0
Installing symlink pointing to libumockdev-preload.so.0 to /pkgs/umockdev/usr/lib/libumockdev-preload.so
Installing symlink pointing to libumockdev.so.0.3.0 to /pkgs/umockdev/usr/lib/libumockdev.so.0
Installing symlink pointing to libumockdev.so.0 to /pkgs/umockdev/usr/lib/libumockdev.so
[0/1] Installing files
Installing libumockdev-preload.so.0.0.0 to /usr/lib
Installing libumockdev.so.0.3.0 to /usr/lib
Installing umockdev.h to /usr/include/umockdev-1.0
Installing umockdev-1.0.vapi to /usr/share/vala/vapi
Installing UMockdev-1.0.gir to /usr/share/gir-1.0
Installing UMockdev-1.0.typelib to /usr/lib/girepository-1.0
Installing umockdev-run to /usr/bin
Installing umockdev-record to /usr/bin
Installing /blfs/builds/umockdev-0.19.3/build/meson-private/umockdev-1.0.pc to /usr/lib/pkgconfig
Installing /blfs/builds/umockdev-0.19.3/src/umockdev-wrapper to /usr/bin
Installing symlink pointing to libumockdev-preload.so.0.0.0 to /usr/lib/libumockdev-preload.so.0
Installing symlink pointing to libumockdev-preload.so.0 to /usr/lib/libumockdev-preload.so
Installing symlink pointing to libumockdev.so.0.3.0 to /usr/lib/libumockdev.so.0
Installing symlink pointing to libumockdev.so.0 to /usr/lib/libumockdev.so
umockdev/
umockdev/usr/
umockdev/usr/share/
umockdev/usr/share/vala/
umockdev/usr/share/vala/vapi/
umockdev/usr/share/vala/vapi/umockdev-1.0.vapi
umockdev/usr/share/gir-1.0/
umockdev/usr/share/gir-1.0/UMockdev-1.0.gir
umockdev/usr/lib/
umockdev/usr/lib/libumockdev.so
umockdev/usr/lib/libumockdev-preload.so
umockdev/usr/lib/libumockdev.so.0.3.0
umockdev/usr/lib/libumockdev-preload.so.0
umockdev/usr/lib/libumockdev-preload.so.0.0.0
umockdev/usr/lib/libumockdev.so.0
umockdev/usr/lib/girepository-1.0/
umockdev/usr/lib/girepository-1.0/UMockdev-1.0.typelib
umockdev/usr/lib/pkgconfig/
umockdev/usr/lib/pkgconfig/umockdev-1.0.pc
umockdev/usr/include/
umockdev/usr/include/umockdev-1.0/
umockdev/usr/include/umockdev-1.0/umockdev.h
umockdev/usr/bin/
umockdev/usr/bin/umockdev-record
umockdev/usr/bin/umockdev-run
umockdev/usr/bin/umockdev-wrapper
umockdev/version
umockdev/depends
umockdev/make-depends
