--2025-10-19 10:12:33--  https://download.gnome.org/sources/file-roller/44/file-roller-44.6.tar.xz
Resolving download.gnome.org (download.gnome.org)... 2a02:6ea0:c400::53, 2a02:6ea0:c400::54, 79.127.206.234, ...
Connecting to download.gnome.org (download.gnome.org)|2a02:6ea0:c400::53|:443... connected.
HTTP request sent, awaiting response... 200 OK
Length: 1052532 (1.0M) [application/octet-stream]
Saving to: ‘file-roller-44.6.tar.xz’

     0K .......... .......... .......... .......... ..........  4% 3.90M 0s
    50K .......... .......... .......... .......... ..........  9% 9.59M 0s
   100K .......... .......... .......... .......... .......... 14% 13.3M 0s
   150K .......... .......... .......... .......... .......... 19% 14.0M 0s
   200K .......... .......... .......... .......... .......... 24% 21.5M 0s
   250K .......... .......... .......... .......... .......... 29% 24.2M 0s
   300K .......... .......... .......... .......... .......... 34% 12.5M 0s
   350K .......... .......... .......... .......... .......... 38% 13.2M 0s
   400K .......... .......... .......... .......... .......... 43%  145M 0s
   450K .......... .......... .......... .......... .......... 48% 3.78M 0s
   500K .......... .......... .......... .......... .......... 53% 76.5M 0s
   550K .......... .......... .......... .......... .......... 58% 53.0M 0s
   600K .......... .......... .......... .......... .......... 63% 50.1M 0s
   650K .......... .......... .......... .......... .......... 68% 58.2M 0s
   700K .......... .......... .......... .......... .......... 72% 14.7M 0s
   750K .......... .......... .......... .......... .......... 77% 60.6M 0s
   800K .......... .......... .......... .......... .......... 82% 87.1M 0s
   850K .......... .......... .......... .......... .......... 87% 99.7M 0s
   900K .......... .......... .......... .......... .......... 92% 19.6M 0s
   950K .......... .......... .......... .......... .......... 97%  178M 0s
  1000K .......... .......... .......                         100%  110M=0.06s

2025-10-19 10:12:33 (16.3 MB/s) - ‘file-roller-44.6.tar.xz’ saved [1052532/1052532]

file-roller-44.6/
file-roller-44.6/.gitignore
file-roller-44.6/.gitlab-ci.yml
file-roller-44.6/AUTHORS
file-roller-44.6/COPYING
file-roller-44.6/HACKING
file-roller-44.6/MAINTAINERS
file-roller-44.6/NEWS
file-roller-44.6/README-DISTRIBUTIONS
file-roller-44.6/README.md
file-roller-44.6/README_COMMANDLINE
file-roller-44.6/data/
file-roller-44.6/data/icons/
file-roller-44.6/data/icons/archive-extract-symbolic.svg
file-roller-44.6/data/icons/hicolor/
file-roller-44.6/data/icons/hicolor/scalable/
file-roller-44.6/data/icons/hicolor/scalable/apps/
file-roller-44.6/data/icons/hicolor/scalable/apps/org.gnome.FileRoller.Devel.svg
file-roller-44.6/data/icons/hicolor/scalable/apps/org.gnome.FileRoller.svg
file-roller-44.6/data/icons/hicolor/symbolic/
file-roller-44.6/data/icons/hicolor/symbolic/apps/
file-roller-44.6/data/icons/hicolor/symbolic/apps/org.gnome.FileRoller-symbolic.svg
file-roller-44.6/data/icons/meson.build
file-roller-44.6/data/meson.build
file-roller-44.6/data/org.gnome.ArchiveManager1.service.in
file-roller-44.6/data/org.gnome.ArchiveManager1.xml
file-roller-44.6/data/org.gnome.FileRoller.desktop.in.in
file-roller-44.6/data/org.gnome.FileRoller.gschema.xml
file-roller-44.6/data/org.gnome.FileRoller.metainfo.xml.in
file-roller-44.6/data/org.gnome.FileRoller.service.in
file-roller-44.6/data/packages.match
file-roller-44.6/data/screenshot-2024-05-08-08-09-13.png
file-roller-44.6/data/set-mime-type-entry.py
file-roller-44.6/data/supported-mime-types
file-roller-44.6/data/update-packages-match
file-roller-44.6/default.nix
file-roller-44.6/docs/
file-roller-44.6/docs/file-roller.toml.in
file-roller-44.6/docs/meson.build
file-roller-44.6/docs/urlmap.js
file-roller-44.6/file-roller.doap
file-roller-44.6/flatpak/
file-roller-44.6/flatpak/7b51c1bb4ed0b1777db2f018eadaba89f00bf0c5.patch
file-roller-44.6/flatpak/org.gnome.FileRoller.json
file-roller-44.6/flatpak/rpm2cpio.patch
file-roller-44.6/flatpak/unar-int-conversion.patch
file-roller-44.6/help/
file-roller-44.6/help/C/
file-roller-44.6/help/C/archive-create.page
file-roller-44.6/help/C/archive-edit.page
file-roller-44.6/help/C/archive-extract-advanced-options.page
file-roller-44.6/help/C/archive-extract.page
file-roller-44.6/help/C/archive-open.page
file-roller-44.6/help/C/archive-properties.page.stub
file-roller-44.6/help/C/archive-view.page
file-roller-44.6/help/C/figures/
file-roller-44.6/help/C/figures/org.gnome.FileRoller.svg
file-roller-44.6/help/C/index.page
file-roller-44.6/help/C/introduction.page
file-roller-44.6/help/C/keyboard-shortcuts.page
file-roller-44.6/help/C/last-output.page.stub
file-roller-44.6/help/C/legal.xml
file-roller-44.6/help/C/password-protection.page
file-roller-44.6/help/C/supported-formats.page
file-roller-44.6/help/C/test-integrity.page
file-roller-44.6/help/C/troubleshooting-archive-open.page
file-roller-44.6/help/C/troubleshooting-password.page
file-roller-44.6/help/ChangeLog
file-roller-44.6/help/LINGUAS
file-roller-44.6/help/ca/
file-roller-44.6/help/ca/ca.po
file-roller-44.6/help/cs/
file-roller-44.6/help/cs/cs.po
file-roller-44.6/help/da/
file-roller-44.6/help/da/da.po
file-roller-44.6/help/de/
file-roller-44.6/help/de/de.po
file-roller-44.6/help/el/
file-roller-44.6/help/el/el.po
file-roller-44.6/help/es/
file-roller-44.6/help/es/es.po
file-roller-44.6/help/eu/
file-roller-44.6/help/eu/eu.po
file-roller-44.6/help/fi/
file-roller-44.6/help/fi/fi.po
file-roller-44.6/help/fr/
file-roller-44.6/help/fr/fr.po
file-roller-44.6/help/gl/
file-roller-44.6/help/gl/gl.po
file-roller-44.6/help/hu/
file-roller-44.6/help/hu/hu.po
file-roller-44.6/help/id/
file-roller-44.6/help/id/id.po
file-roller-44.6/help/ja/
file-roller-44.6/help/ja/ja.po
file-roller-44.6/help/ko/
file-roller-44.6/help/ko/ko.po
file-roller-44.6/help/meson.build
file-roller-44.6/help/nl/
file-roller-44.6/help/nl/nl.po
file-roller-44.6/help/pl/
file-roller-44.6/help/pl/pl.po
file-roller-44.6/help/pt_BR/
file-roller-44.6/help/pt_BR/pt_BR.po
file-roller-44.6/help/ru/
file-roller-44.6/help/ru/ru.po
file-roller-44.6/help/sl/
file-roller-44.6/help/sl/sl.po
file-roller-44.6/help/sv/
file-roller-44.6/help/sv/sv.po
file-roller-44.6/help/te/
file-roller-44.6/help/te/te.po
file-roller-44.6/help/tr/
file-roller-44.6/help/tr/tr.po
file-roller-44.6/help/uk/
file-roller-44.6/help/uk/uk.po
file-roller-44.6/help/zh_CN/
file-roller-44.6/help/zh_CN/zh_CN.po
file-roller-44.6/meson.build
file-roller-44.6/meson_options.txt
file-roller-44.6/muon_fmt.ini
file-roller-44.6/nautilus/
file-roller-44.6/nautilus/fileroller-module.c
file-roller-44.6/nautilus/meson.build
file-roller-44.6/nautilus/nautilus-fileroller.c
file-roller-44.6/nautilus/nautilus-fileroller.h
file-roller-44.6/nix/
file-roller-44.6/nix/sources.json
file-roller-44.6/nix/sources.nix
file-roller-44.6/po/
file-roller-44.6/po/ChangeLog
file-roller-44.6/po/LINGUAS
file-roller-44.6/po/POTFILES.in
file-roller-44.6/po/POTFILES.skip
file-roller-44.6/po/ab.po
file-roller-44.6/po/af.po
file-roller-44.6/po/am.po
file-roller-44.6/po/an.po
file-roller-44.6/po/ar.po
file-roller-44.6/po/as.po
file-roller-44.6/po/ast.po
file-roller-44.6/po/az.po
file-roller-44.6/po/be.po
file-roller-44.6/po/be@latin.po
file-roller-44.6/po/bg.po
file-roller-44.6/po/bn.po
file-roller-44.6/po/bn_IN.po
file-roller-44.6/po/br.po
file-roller-44.6/po/bs.po
file-roller-44.6/po/ca.po
file-roller-44.6/po/ca@valencia.po
file-roller-44.6/po/ckb.po
file-roller-44.6/po/cs.po
file-roller-44.6/po/csb.po
file-roller-44.6/po/cy.po
file-roller-44.6/po/da.po
file-roller-44.6/po/de.po
file-roller-44.6/po/dz.po
file-roller-44.6/po/el.po
file-roller-44.6/po/en@shaw.po
file-roller-44.6/po/en_CA.po
file-roller-44.6/po/en_GB.po
file-roller-44.6/po/eo.po
file-roller-44.6/po/es.po
file-roller-44.6/po/et.po
file-roller-44.6/po/eu.po
file-roller-44.6/po/fa.po
file-roller-44.6/po/fi.po
file-roller-44.6/po/fr.po
file-roller-44.6/po/fur.po
file-roller-44.6/po/fy.po
file-roller-44.6/po/ga.po
file-roller-44.6/po/gd.po
file-roller-44.6/po/gl.po
file-roller-44.6/po/gu.po
file-roller-44.6/po/he.po
file-roller-44.6/po/hi.po
file-roller-44.6/po/hr.po
file-roller-44.6/po/hu.po
file-roller-44.6/po/hy.po
file-roller-44.6/po/id.po
file-roller-44.6/po/ie.po
file-roller-44.6/po/is.po
file-roller-44.6/po/it.po
file-roller-44.6/po/ja.po
file-roller-44.6/po/ka.po
file-roller-44.6/po/kab.po
file-roller-44.6/po/kk.po
file-roller-44.6/po/km.po
file-roller-44.6/po/kn.po
file-roller-44.6/po/ko.po
file-roller-44.6/po/ku.po
file-roller-44.6/po/lt.po
file-roller-44.6/po/lv.po
file-roller-44.6/po/mai.po
file-roller-44.6/po/make-potfiles-in.py
file-roller-44.6/po/meson.build
file-roller-44.6/po/mg.po
file-roller-44.6/po/mk.po
file-roller-44.6/po/ml.po
file-roller-44.6/po/mn.po
file-roller-44.6/po/mr.po
file-roller-44.6/po/ms.po
file-roller-44.6/po/my.po
file-roller-44.6/po/nb.po
file-roller-44.6/po/nds.po
file-roller-44.6/po/ne.po
file-roller-44.6/po/nl.po
file-roller-44.6/po/nn.po
file-roller-44.6/po/oc.po
file-roller-44.6/po/or.po
file-roller-44.6/po/pa.po
file-roller-44.6/po/pl.po
file-roller-44.6/po/ps.po
file-roller-44.6/po/pt.po
file-roller-44.6/po/pt_BR.po
file-roller-44.6/po/ro.po
file-roller-44.6/po/ru.po
file-roller-44.6/po/rw.po
file-roller-44.6/po/si.po
file-roller-44.6/po/sk.po
file-roller-44.6/po/sl.po
file-roller-44.6/po/sq.po
file-roller-44.6/po/sr.po
file-roller-44.6/po/sr@ije.po
file-roller-44.6/po/sr@latin.po
file-roller-44.6/po/sv.po
file-roller-44.6/po/ta.po
file-roller-44.6/po/te.po
file-roller-44.6/po/tg.po
file-roller-44.6/po/th.po
file-roller-44.6/po/tk.po
file-roller-44.6/po/tr.po
file-roller-44.6/po/ug.po
file-roller-44.6/po/uk.po
file-roller-44.6/po/ur.po
file-roller-44.6/po/vi.po
file-roller-44.6/po/xh.po
file-roller-44.6/po/zh_CN.po
file-roller-44.6/po/zh_HK.po
file-roller-44.6/po/zh_TW.po
file-roller-44.6/po/zu.po
file-roller-44.6/shell.nix
file-roller-44.6/src/
file-roller-44.6/src/commands/
file-roller-44.6/src/commands/meson.build
file-roller-44.6/src/commands/rpm2cpio.c
file-roller-44.6/src/dlg-add.c
file-roller-44.6/src/dlg-add.h
file-roller-44.6/src/dlg-ask-password.c
file-roller-44.6/src/dlg-ask-password.h
file-roller-44.6/src/dlg-batch-add.c
file-roller-44.6/src/dlg-batch-add.h
file-roller-44.6/src/dlg-delete.c
file-roller-44.6/src/dlg-delete.h
file-roller-44.6/src/dlg-extract.c
file-roller-44.6/src/dlg-extract.h
file-roller-44.6/src/dlg-open-with.c
file-roller-44.6/src/dlg-open-with.h
file-roller-44.6/src/dlg-package-installer.c
file-roller-44.6/src/dlg-package-installer.h
file-roller-44.6/src/dlg-password.c
file-roller-44.6/src/dlg-password.h
file-roller-44.6/src/dlg-prop.c
file-roller-44.6/src/dlg-prop.h
file-roller-44.6/src/dlg-update.c
file-roller-44.6/src/dlg-update.h
file-roller-44.6/src/file-roller.gresource.xml
file-roller-44.6/src/file-utils.c
file-roller-44.6/src/file-utils.h
file-roller-44.6/src/fr-application-menu.c
file-roller-44.6/src/fr-application-menu.h
file-roller-44.6/src/fr-application.c
file-roller-44.6/src/fr-application.h
file-roller-44.6/src/fr-archive-libarchive.c
file-roller-44.6/src/fr-archive-libarchive.h
file-roller-44.6/src/fr-archive.c
file-roller-44.6/src/fr-archive.h
file-roller-44.6/src/fr-command-7z.c
file-roller-44.6/src/fr-command-7z.h
file-roller-44.6/src/fr-command-ace.c
file-roller-44.6/src/fr-command-ace.h
file-roller-44.6/src/fr-command-alz.c
file-roller-44.6/src/fr-command-alz.h
file-roller-44.6/src/fr-command-ar.c
file-roller-44.6/src/fr-command-ar.h
file-roller-44.6/src/fr-command-arj.c
file-roller-44.6/src/fr-command-arj.h
file-roller-44.6/src/fr-command-cfile.c
file-roller-44.6/src/fr-command-cfile.h
file-roller-44.6/src/fr-command-cpio.c
file-roller-44.6/src/fr-command-cpio.h
file-roller-44.6/src/fr-command-dpkg.c
file-roller-44.6/src/fr-command-dpkg.h
file-roller-44.6/src/fr-command-iso.c
file-roller-44.6/src/fr-command-iso.h
file-roller-44.6/src/fr-command-jar.c
file-roller-44.6/src/fr-command-jar.h
file-roller-44.6/src/fr-command-lha.c
file-roller-44.6/src/fr-command-lha.h
file-roller-44.6/src/fr-command-lrzip.c
file-roller-44.6/src/fr-command-lrzip.h
file-roller-44.6/src/fr-command-rar.c
file-roller-44.6/src/fr-command-rar.h
file-roller-44.6/src/fr-command-rpm.c
file-roller-44.6/src/fr-command-rpm.h
file-roller-44.6/src/fr-command-tar.c
file-roller-44.6/src/fr-command-tar.h
file-roller-44.6/src/fr-command-unarchiver.c
file-roller-44.6/src/fr-command-unarchiver.h
file-roller-44.6/src/fr-command-unsquashfs.c
file-roller-44.6/src/fr-command-unsquashfs.h
file-roller-44.6/src/fr-command-unstuff.c
file-roller-44.6/src/fr-command-unstuff.h
file-roller-44.6/src/fr-command-zip.c
file-roller-44.6/src/fr-command-zip.h
file-roller-44.6/src/fr-command-zoo.c
file-roller-44.6/src/fr-command-zoo.h
file-roller-44.6/src/fr-command.c
file-roller-44.6/src/fr-command.h
file-roller-44.6/src/fr-error.c
file-roller-44.6/src/fr-error.h
file-roller-44.6/src/fr-file-data.c
file-roller-44.6/src/fr-file-data.h
file-roller-44.6/src/fr-file-selector-dialog.c
file-roller-44.6/src/fr-file-selector-dialog.h
file-roller-44.6/src/fr-init.c
file-roller-44.6/src/fr-init.h
file-roller-44.6/src/fr-location-bar.c
file-roller-44.6/src/fr-location-bar.h
file-roller-44.6/src/fr-location-button.c
file-roller-44.6/src/fr-location-button.h
file-roller-44.6/src/fr-marshal.list
file-roller-44.6/src/fr-new-archive-dialog.c
file-roller-44.6/src/fr-new-archive-dialog.h
file-roller-44.6/src/fr-places-sidebar.c
file-roller-44.6/src/fr-places-sidebar.h
file-roller-44.6/src/fr-process.c
file-roller-44.6/src/fr-process.h
file-roller-44.6/src/fr-window-actions-callbacks.c
file-roller-44.6/src/fr-window-actions-callbacks.h
file-roller-44.6/src/fr-window-actions-entries.h
file-roller-44.6/src/fr-window.c
file-roller-44.6/src/fr-window.h
file-roller-44.6/src/gio-utils.c
file-roller-44.6/src/gio-utils.h
file-roller-44.6/src/glib-utils.c
file-roller-44.6/src/glib-utils.h
file-roller-44.6/src/gtk-utils.c
file-roller-44.6/src/gtk-utils.h
file-roller-44.6/src/java-utils.c
file-roller-44.6/src/java-utils.h
file-roller-44.6/src/main.c
file-roller-44.6/src/meson.build
file-roller-44.6/src/open-file.c
file-roller-44.6/src/open-file.h
file-roller-44.6/src/preferences.c
file-roller-44.6/src/preferences.h
file-roller-44.6/src/rar-utils.c
file-roller-44.6/src/rar-utils.h
file-roller-44.6/src/sh/
file-roller-44.6/src/sh/isoinfo.sh
file-roller-44.6/src/sh/meson.build
file-roller-44.6/src/test-safe-path.c
file-roller-44.6/src/test-server.c
file-roller-44.6/src/typedefs.h
file-roller-44.6/src/ui/
file-roller-44.6/src/ui/add-dialog-options.ui
file-roller-44.6/src/ui/add-options.ui
file-roller-44.6/src/ui/app.css
file-roller-44.6/src/ui/ask-password.ui
file-roller-44.6/src/ui/delete.ui
file-roller-44.6/src/ui/extract-dialog-options.ui
file-roller-44.6/src/ui/file-selector.ui
file-roller-44.6/src/ui/gears-menu.ui
file-roller-44.6/src/ui/help-overlay.ui
file-roller-44.6/src/ui/menus.ui
file-roller-44.6/src/ui/new-archive-dialog.ui
file-roller-44.6/src/ui/password.ui
file-roller-44.6/src/ui/progress-dialog.ui
file-roller-44.6/src/ui/properties.ui
file-roller-44.6/src/ui/request-dialog.ui
file-roller-44.6/src/ui/update.ui
/Tucana-Build-Scripts/gnome/file-roller: line 26: meson: command not found
