--2026-02-11 08:14:48--  https://downloads.sourceforge.net/libpng/libpng-1.6.55.tar.xz
Resolving downloads.sourceforge.net (downloads.sourceforge.net)... 104.18.13.149, 104.18.12.149, 2606:4700::6812:c95, ...
Connecting to downloads.sourceforge.net (downloads.sourceforge.net)|104.18.13.149|:443... connected.
HTTP request sent, awaiting response... 301 Moved Permanently
Location: https://downloads.sourceforge.net/project/libpng/libpng16/1.6.55/libpng-1.6.55.tar.xz [following]
--2026-02-11 08:14:48--  https://downloads.sourceforge.net/project/libpng/libpng16/1.6.55/libpng-1.6.55.tar.xz
Reusing existing connection to downloads.sourceforge.net:443.
HTTP request sent, awaiting response... 302 Found
Location: https://psychz.dl.sourceforge.net/project/libpng/libpng16/1.6.55/libpng-1.6.55.tar.xz?viasf=1 [following]
--2026-02-11 08:14:48--  https://psychz.dl.sourceforge.net/project/libpng/libpng16/1.6.55/libpng-1.6.55.tar.xz?viasf=1
Resolving psychz.dl.sourceforge.net (psychz.dl.sourceforge.net)... 208.87.241.191
Connecting to psychz.dl.sourceforge.net (psychz.dl.sourceforge.net)|208.87.241.191|:443... connected.
HTTP request sent, awaiting response... 200 OK
Length: 1064676 (1.0M) [application/octet-stream]
Saving to: ‘libpng-1.6.55.tar.xz.1’

     0K .......... .......... .......... .......... ..........  4%  783K 1s
    50K .......... .......... .......... .......... ..........  9%  786K 1s
   100K .......... .......... .......... .......... .......... 14%  134M 1s
   150K .......... .......... .......... .......... .......... 19%  781K 1s
   200K .......... .......... .......... .......... .......... 24%  788K 1s
   250K .......... .......... .......... .......... .......... 28%  116M 1s
   300K .......... .......... .......... .......... .......... 33%  108M 1s
   350K .......... .......... .......... .......... .......... 38%  782K 1s
   400K .......... .......... .......... .......... .......... 43%  209M 0s
   450K .......... .......... .......... .......... .......... 48% 1.25M 0s
   500K .......... .......... .......... .......... .......... 52% 2.03M 0s
   550K .......... .......... .......... .......... .......... 57%  126M 0s
   600K .......... .......... .......... .......... .......... 62% 89.9M 0s
   650K .......... .......... .......... .......... .......... 67%  209M 0s
   700K .......... .......... .......... .......... .......... 72%  104M 0s
   750K .......... .......... .......... .......... .......... 76%  801K 0s
   800K .......... .......... .......... .......... .......... 81%  133M 0s
   850K .......... .......... .......... .......... .......... 86%  105M 0s
   900K .......... .......... .......... .......... .......... 91%  144M 0s
   950K .......... .......... .......... .......... .......... 96% 1.27M 0s
  1000K .......... .......... .......... .........            100% 65.4M=0.5s

2026-02-11 08:14:49 (2.08 MB/s) - ‘libpng-1.6.55.tar.xz.1’ saved [1064676/1064676]

--2026-02-11 08:14:49--  https://downloads.sourceforge.net/sourceforge/libpng-apng/libpng-1.6.55-apng.patch.gz
Resolving downloads.sourceforge.net (downloads.sourceforge.net)... 104.18.12.149, 104.18.13.149, 2606:4700::6812:d95, ...
Connecting to downloads.sourceforge.net (downloads.sourceforge.net)|104.18.12.149|:443... connected.
HTTP request sent, awaiting response... 404 Not Found
2026-02-11 08:14:49 ERROR 404: Not Found.

