--2025-06-30 07:10:47--  https://download.gnome.org/sources/nautilus/48/nautilus-48.3.tar.xz
Resolving download.gnome.org (download.gnome.org)... 2a02:6ea0:c400::53, 2a02:6ea0:c400::54, 79.127.206.235, ...
Connecting to download.gnome.org (download.gnome.org)|2a02:6ea0:c400::53|:443... connected.
HTTP request sent, awaiting response... 200 OK
Length: 3264280 (3.1M) [application/octet-stream]
Saving to: 'nautilus-48.3.tar.xz'

     0K .......... .......... .......... .......... ..........  1% 3.49M 1s
    50K .......... .......... .......... .......... ..........  3% 8.81M 1s
   100K .......... .......... .......... .......... ..........  4% 12.5M 0s
   150K .......... .......... .......... .......... ..........  6% 17.4M 0s
   200K .......... .......... .......... .......... ..........  7% 25.0M 0s
   250K .......... .......... .......... .......... ..........  9% 28.9M 0s
   300K .......... .......... .......... .......... .......... 10% 27.2M 0s
   350K .......... .......... .......... .......... .......... 12% 28.3M 0s
   400K .......... .......... .......... .......... .......... 14% 53.9M 0s
   450K .......... .......... .......... .......... .......... 15% 52.1M 0s
   500K .......... .......... .......... .......... .......... 17% 53.9M 0s
   550K .......... .......... .......... .......... .......... 18% 35.7M 0s
   600K .......... .......... .......... .......... .......... 20%  113M 0s
   650K .......... .......... .......... .......... .......... 21% 71.9M 0s
   700K .......... .......... .......... .......... .......... 23%  111M 0s
   750K .......... .......... .......... .......... .......... 25% 52.5M 0s
   800K .......... .......... .......... .......... .......... 26%  118M 0s
   850K .......... .......... .......... .......... .......... 28% 17.8M 0s
   900K .......... .......... .......... .......... .......... 29%  118M 0s
   950K .......... .......... .......... .......... .......... 31%  118M 0s
  1000K .......... .......... .......... .......... .......... 32% 10.7M 0s
  1050K .......... .......... .......... .......... .......... 34%  134M 0s
  1100K .......... .......... .......... .......... .......... 36%  115M 0s
  1150K .......... .......... .......... .......... .......... 37% 10.6M 0s
  1200K .......... .......... .......... .......... .......... 39%  116M 0s
  1250K .......... .......... .......... .......... .......... 40%  114M 0s
  1300K .......... .......... .......... .......... .......... 42% 13.0M 0s
  1350K .......... .......... .......... .......... .......... 43%  114M 0s
  1400K .......... .......... .......... .......... .......... 45%  111M 0s
  1450K .......... .......... .......... .......... .......... 47% 11.0M 0s
  1500K .......... .......... .......... .......... .......... 48%  118M 0s
  1550K .......... .......... .......... .......... .......... 50% 84.8M 0s
  1600K .......... .......... .......... .......... .......... 51% 11.5M 0s
  1650K .......... .......... .......... .......... .......... 53%  117M 0s
  1700K .......... .......... .......... .......... .......... 54%  116M 0s
  1750K .......... .......... .......... .......... .......... 56% 9.97M 0s
  1800K .......... .......... .......... .......... .......... 58%  115M 0s
  1850K .......... .......... .......... .......... .......... 59%  113M 0s
  1900K .......... .......... .......... .......... .......... 61% 12.1M 0s
  1950K .......... .......... .......... .......... .......... 62% 85.0M 0s
  2000K .......... .......... .......... .......... .......... 64% 10.9M 0s
  2050K .......... .......... .......... .......... .......... 65%  121M 0s
  2100K .......... .......... .......... .......... .......... 67% 94.7M 0s
  2150K .......... .......... .......... .......... .......... 69% 13.2M 0s
  2200K .......... .......... .......... .......... .......... 70%  126M 0s
  2250K .......... .......... .......... .......... .......... 72%  103M 0s
  2300K .......... .......... .......... .......... .......... 73% 11.0M 0s
  2350K .......... .......... .......... .......... .......... 75% 76.8M 0s
  2400K .......... .......... .......... .......... .......... 76%  179M 0s
  2450K .......... .......... .......... .......... .......... 78% 13.7M 0s
  2500K .......... .......... .......... .......... .......... 79%  114M 0s
  2550K .......... .......... .......... .......... .......... 81%  115M 0s
  2600K .......... .......... .......... .......... .......... 83% 10.2M 0s
  2650K .......... .......... .......... .......... .......... 84%  114M 0s
  2700K .......... .......... .......... .......... .......... 86%  117M 0s
  2750K .......... .......... .......... .......... .......... 87% 13.0M 0s
  2800K .......... .......... .......... .......... .......... 89%  115M 0s
  2850K .......... .......... .......... .......... .......... 90%  116M 0s
  2900K .......... .......... .......... .......... .......... 92% 8.80M 0s
  2950K .......... .......... .......... .......... .......... 94%  116M 0s
  3000K .......... .......... .......... .......... .......... 95%  115M 0s
  3050K .......... .......... .......... .......... .......... 97% 11.3M 0s
  3100K .......... .......... .......... .......... .......... 98%  118M 0s
  3150K .......... .......... .......... .......              100%  101M=0.1s

2025-06-30 07:10:47 (25.6 MB/s) - 'nautilus-48.3.tar.xz' saved [3264280/3264280]

nautilus-48.3/
nautilus-48.3/.editorconfig
nautilus-48.3/.git-blame-ignore-revs
nautilus-48.3/.gitlab/
nautilus-48.3/.gitlab/image-script.sh
nautilus-48.3/.gitlab/issue_templates/
nautilus-48.3/.gitlab/issue_templates/Bug.md
nautilus-48.3/.gitlab/issue_templates/Default.md
nautilus-48.3/.gitlab/issue_templates/Feature.md
nautilus-48.3/.gitlab/issue_templates/Shortcoming.md
nautilus-48.3/.gitlab-ci.yml
nautilus-48.3/CONTRIBUTING.md
nautilus-48.3/LICENSE
nautilus-48.3/NEWS
nautilus-48.3/README.md
nautilus-48.3/build-aux/
nautilus-48.3/build-aux/flatpak/
nautilus-48.3/build-aux/flatpak/org.gnome.Nautilus.json
nautilus-48.3/data/
nautilus-48.3/data/check-potfiles.sh
nautilus-48.3/data/dbus-interfaces.xml
nautilus-48.3/data/dbus-interfaces2.xml
nautilus-48.3/data/freedesktop-dbus-interfaces.xml
nautilus-48.3/data/icons/
nautilus-48.3/data/icons/hicolor/
nautilus-48.3/data/icons/hicolor/scalable/
nautilus-48.3/data/icons/hicolor/scalable/apps/
nautilus-48.3/data/icons/hicolor/scalable/apps/org.gnome.Nautilus.svg
nautilus-48.3/data/icons/hicolor/scalable/apps/org.gnome.NautilusDevel.svg
nautilus-48.3/data/icons/hicolor/symbolic/
nautilus-48.3/data/icons/hicolor/symbolic/apps/
nautilus-48.3/data/icons/hicolor/symbolic/apps/org.gnome.Nautilus-symbolic.svg
nautilus-48.3/data/leak-suppress.txt
nautilus-48.3/data/lineup-parameters
nautilus-48.3/data/meson.build
nautilus-48.3/data/nautilus-autorun-software.desktop.in
nautilus-48.3/data/ontology/
nautilus-48.3/data/ontology/meson.build
nautilus-48.3/data/ontology/nautilus.description
nautilus-48.3/data/ontology/nautilus.ontology
nautilus-48.3/data/org.freedesktop.FileManager1.service.in
nautilus-48.3/data/org.gnome.Nautilus.Source.svg
nautilus-48.3/data/org.gnome.Nautilus.desktop.in.in
nautilus-48.3/data/org.gnome.Nautilus.metainfo.xml.in.in
nautilus-48.3/data/org.gnome.Nautilus.search-provider.ini.in
nautilus-48.3/data/org.gnome.Nautilus.service.in
nautilus-48.3/data/org.gnome.nautilus.gschema.xml
nautilus-48.3/data/shell-search-provider-dbus-interfaces.xml
nautilus-48.3/docs/
nautilus-48.3/docs/meson.build
nautilus-48.3/docs/nautilus-autorun-software.1
nautilus-48.3/docs/nautilus.1
nautilus-48.3/docs/reference/
nautilus-48.3/docs/reference/logo.svg
nautilus-48.3/docs/reference/meson.build
nautilus-48.3/docs/reference/nautilus.toml.in
nautilus-48.3/docs/reference/urlmap.js
nautilus-48.3/eel/
nautilus-48.3/eel/eel-stock-dialogs.c
nautilus-48.3/eel/eel-stock-dialogs.h
nautilus-48.3/eel/meson.build
nautilus-48.3/extensions/
nautilus-48.3/extensions/audio-video-properties/
nautilus-48.3/extensions/audio-video-properties/meson.build
nautilus-48.3/extensions/audio-video-properties/totem-gst-helpers.c
nautilus-48.3/extensions/audio-video-properties/totem-gst-helpers.h
nautilus-48.3/extensions/audio-video-properties/totem-mime-types.h
nautilus-48.3/extensions/audio-video-properties/totem-properties-main.c
nautilus-48.3/extensions/audio-video-properties/totem-properties-view.c
nautilus-48.3/extensions/audio-video-properties/totem-properties-view.h
nautilus-48.3/extensions/image-properties/
nautilus-48.3/extensions/image-properties/meson.build
nautilus-48.3/extensions/image-properties/nautilus-image-properties-model-provider.c
nautilus-48.3/extensions/image-properties/nautilus-image-properties-model-provider.h
nautilus-48.3/extensions/image-properties/nautilus-image-properties-model.c
nautilus-48.3/extensions/image-properties/nautilus-image-properties-model.h
nautilus-48.3/extensions/image-properties/nautilus-image-properties-module.c
nautilus-48.3/extensions/meson.build
nautilus-48.3/icons/
nautilus-48.3/icons/filmholes.png
nautilus-48.3/libnautilus-extension/
nautilus-48.3/libnautilus-extension/LICENSE
nautilus-48.3/libnautilus-extension/meson.build
nautilus-48.3/libnautilus-extension/nautilus-column-provider.c
nautilus-48.3/libnautilus-extension/nautilus-column-provider.h
nautilus-48.3/libnautilus-extension/nautilus-column.c
nautilus-48.3/libnautilus-extension/nautilus-column.h
nautilus-48.3/libnautilus-extension/nautilus-extension-private.h
nautilus-48.3/libnautilus-extension/nautilus-extension.h
nautilus-48.3/libnautilus-extension/nautilus-file-info.c
nautilus-48.3/libnautilus-extension/nautilus-file-info.h
nautilus-48.3/libnautilus-extension/nautilus-info-provider.c
nautilus-48.3/libnautilus-extension/nautilus-info-provider.h
nautilus-48.3/libnautilus-extension/nautilus-menu-item.c
nautilus-48.3/libnautilus-extension/nautilus-menu-provider.c
nautilus-48.3/libnautilus-extension/nautilus-menu-provider.h
nautilus-48.3/libnautilus-extension/nautilus-menu.c
nautilus-48.3/libnautilus-extension/nautilus-menu.h
nautilus-48.3/libnautilus-extension/nautilus-properties-item.c
nautilus-48.3/libnautilus-extension/nautilus-properties-item.h
nautilus-48.3/libnautilus-extension/nautilus-properties-model-provider.c
nautilus-48.3/libnautilus-extension/nautilus-properties-model-provider.h
nautilus-48.3/libnautilus-extension/nautilus-properties-model.c
nautilus-48.3/libnautilus-extension/nautilus-properties-model.h
nautilus-48.3/meson.build
nautilus-48.3/meson_options.txt
nautilus-48.3/po/
nautilus-48.3/po/LINGUAS
nautilus-48.3/po/POTFILES.in
nautilus-48.3/po/POTFILES.skip
nautilus-48.3/po/ab.po
nautilus-48.3/po/af.po
nautilus-48.3/po/am.po
nautilus-48.3/po/an.po
nautilus-48.3/po/ar.po
nautilus-48.3/po/as.po
nautilus-48.3/po/ast.po
nautilus-48.3/po/az.po
nautilus-48.3/po/be.po
nautilus-48.3/po/be@latin.po
nautilus-48.3/po/bg.po
nautilus-48.3/po/bn.po
nautilus-48.3/po/bn_IN.po
nautilus-48.3/po/bo.po
nautilus-48.3/po/br.po
nautilus-48.3/po/bs.po
nautilus-48.3/po/ca.po
nautilus-48.3/po/ca@valencia.po
nautilus-48.3/po/ckb.po
nautilus-48.3/po/crh.po
nautilus-48.3/po/cs.po
nautilus-48.3/po/cy.po
nautilus-48.3/po/da.po
nautilus-48.3/po/de.po
nautilus-48.3/po/dz.po
nautilus-48.3/po/el.po
nautilus-48.3/po/en@shaw.po
nautilus-48.3/po/en_CA.po
nautilus-48.3/po/en_GB.po
nautilus-48.3/po/eo.po
nautilus-48.3/po/es.po
nautilus-48.3/po/et.po
nautilus-48.3/po/eu.po
nautilus-48.3/po/fa.po
nautilus-48.3/po/fi.po
nautilus-48.3/po/fo.po
nautilus-48.3/po/fr.po
nautilus-48.3/po/fur.po
nautilus-48.3/po/fy.po
nautilus-48.3/po/ga.po
nautilus-48.3/po/gd.po
nautilus-48.3/po/gl.po
nautilus-48.3/po/gu.po
nautilus-48.3/po/gv.po
nautilus-48.3/po/ha.po
nautilus-48.3/po/he.po
nautilus-48.3/po/hi.po
nautilus-48.3/po/hr.po
nautilus-48.3/po/hu.po
nautilus-48.3/po/hy.po
nautilus-48.3/po/id.po
nautilus-48.3/po/ie.po
nautilus-48.3/po/ig.po
nautilus-48.3/po/io.po
nautilus-48.3/po/is.po
nautilus-48.3/po/it.po
nautilus-48.3/po/ja.po
nautilus-48.3/po/ka.po
nautilus-48.3/po/kab.po
nautilus-48.3/po/kk.po
nautilus-48.3/po/km.po
nautilus-48.3/po/kn.po
nautilus-48.3/po/ko.po
nautilus-48.3/po/ku.po
nautilus-48.3/po/ky.po
nautilus-48.3/po/li.po
nautilus-48.3/po/ln.po
nautilus-48.3/po/lt.po
nautilus-48.3/po/lv.po
nautilus-48.3/po/mai.po
nautilus-48.3/po/meson.build
nautilus-48.3/po/mg.po
nautilus-48.3/po/mi.po
nautilus-48.3/po/mjw.po
nautilus-48.3/po/mk.po
nautilus-48.3/po/ml.po
nautilus-48.3/po/mn.po
nautilus-48.3/po/mr.po
nautilus-48.3/po/ms.po
nautilus-48.3/po/my.po
nautilus-48.3/po/nb.po
nautilus-48.3/po/nds.po
nautilus-48.3/po/ne.po
nautilus-48.3/po/nl.po
nautilus-48.3/po/nn.po
nautilus-48.3/po/nso.po
nautilus-48.3/po/oc.po
nautilus-48.3/po/or.po
nautilus-48.3/po/pa.po
nautilus-48.3/po/pl.po
nautilus-48.3/po/ps.po
nautilus-48.3/po/pt.po
nautilus-48.3/po/pt_BR.po
nautilus-48.3/po/ro.po
nautilus-48.3/po/ru.po
nautilus-48.3/po/rw.po
nautilus-48.3/po/si.po
nautilus-48.3/po/sk.po
nautilus-48.3/po/sl.po
nautilus-48.3/po/sq.po
nautilus-48.3/po/sr.po
nautilus-48.3/po/sr@ije.po
nautilus-48.3/po/sr@latin.po
nautilus-48.3/po/sv.po
nautilus-48.3/po/ta.po
nautilus-48.3/po/te.po
nautilus-48.3/po/tg.po
nautilus-48.3/po/th.po
nautilus-48.3/po/tk.po
nautilus-48.3/po/tr.po
nautilus-48.3/po/ug.po
nautilus-48.3/po/uk.po
nautilus-48.3/po/uz.po
nautilus-48.3/po/uz@cyrillic.po
nautilus-48.3/po/vi.po
nautilus-48.3/po/wa.po
nautilus-48.3/po/xh.po
nautilus-48.3/po/yi.po
nautilus-48.3/po/yo.po
nautilus-48.3/po/zh_CN.po
nautilus-48.3/po/zh_HK.po
nautilus-48.3/po/zh_TW.po
nautilus-48.3/po/zu.po
nautilus-48.3/src/
nautilus-48.3/src/gtk/
nautilus-48.3/src/gtk/.editorconfig
nautilus-48.3/src/gtk/nautilusgtkplacessidebar.c
nautilus-48.3/src/gtk/nautilusgtkplacessidebarprivate.h
nautilus-48.3/src/gtk/nautilusgtksidebarrow.c
nautilus-48.3/src/gtk/nautilusgtksidebarrow.ui
nautilus-48.3/src/gtk/nautilusgtksidebarrowprivate.h
nautilus-48.3/src/meson.build
nautilus-48.3/src/nautilus-app-chooser.c
nautilus-48.3/src/nautilus-app-chooser.h
nautilus-48.3/src/nautilus-application.c
nautilus-48.3/src/nautilus-application.h
nautilus-48.3/src/nautilus-autorun-software.c
nautilus-48.3/src/nautilus-batch-rename-dialog.c
nautilus-48.3/src/nautilus-batch-rename-dialog.h
nautilus-48.3/src/nautilus-batch-rename-utilities.c
nautilus-48.3/src/nautilus-batch-rename-utilities.h
nautilus-48.3/src/nautilus-bookmark-list.c
nautilus-48.3/src/nautilus-bookmark-list.h
nautilus-48.3/src/nautilus-bookmark.c
nautilus-48.3/src/nautilus-bookmark.h
nautilus-48.3/src/nautilus-clipboard.c
nautilus-48.3/src/nautilus-clipboard.h
nautilus-48.3/src/nautilus-column-chooser.c
nautilus-48.3/src/nautilus-column-chooser.h
nautilus-48.3/src/nautilus-column-utilities.c
nautilus-48.3/src/nautilus-column-utilities.h
nautilus-48.3/src/nautilus-compress-dialog.c
nautilus-48.3/src/nautilus-compress-dialog.h
nautilus-48.3/src/nautilus-date-utilities.c
nautilus-48.3/src/nautilus-date-utilities.h
nautilus-48.3/src/nautilus-dbus-launcher.c
nautilus-48.3/src/nautilus-dbus-launcher.h
nautilus-48.3/src/nautilus-dbus-manager.c
nautilus-48.3/src/nautilus-dbus-manager.h
nautilus-48.3/src/nautilus-directory-async.c
nautilus-48.3/src/nautilus-directory-notify.h
nautilus-48.3/src/nautilus-directory-private.h
nautilus-48.3/src/nautilus-directory.c
nautilus-48.3/src/nautilus-directory.h
nautilus-48.3/src/nautilus-dnd.c
nautilus-48.3/src/nautilus-dnd.h
nautilus-48.3/src/nautilus-enum-types.c.template
nautilus-48.3/src/nautilus-enum-types.h.template
nautilus-48.3/src/nautilus-enums.h
nautilus-48.3/src/nautilus-error-reporting.c
nautilus-48.3/src/nautilus-error-reporting.h
nautilus-48.3/src/nautilus-fd-holder.c
nautilus-48.3/src/nautilus-fd-holder.h
nautilus-48.3/src/nautilus-file-changes-queue.c
nautilus-48.3/src/nautilus-file-changes-queue.h
nautilus-48.3/src/nautilus-file-chooser.c
nautilus-48.3/src/nautilus-file-chooser.h
nautilus-48.3/src/nautilus-file-conflict-dialog.c
nautilus-48.3/src/nautilus-file-conflict-dialog.h
nautilus-48.3/src/nautilus-file-operations-dbus-data.c
nautilus-48.3/src/nautilus-file-operations-dbus-data.h
nautilus-48.3/src/nautilus-file-operations.c
nautilus-48.3/src/nautilus-file-operations.h
nautilus-48.3/src/nautilus-file-private.h
nautilus-48.3/src/nautilus-file-undo-manager.c
nautilus-48.3/src/nautilus-file-undo-manager.h
nautilus-48.3/src/nautilus-file-undo-operations.c
nautilus-48.3/src/nautilus-file-undo-operations.h
nautilus-48.3/src/nautilus-file-utilities.c
nautilus-48.3/src/nautilus-file-utilities.h
nautilus-48.3/src/nautilus-file.c
nautilus-48.3/src/nautilus-file.h
nautilus-48.3/src/nautilus-filename-utilities.c
nautilus-48.3/src/nautilus-filename-utilities.h
nautilus-48.3/src/nautilus-filename-validator.c
nautilus-48.3/src/nautilus-filename-validator.h
nautilus-48.3/src/nautilus-files-view-dnd.c
nautilus-48.3/src/nautilus-files-view-dnd.h
nautilus-48.3/src/nautilus-files-view.c
nautilus-48.3/src/nautilus-files-view.h
nautilus-48.3/src/nautilus-floating-bar.c
nautilus-48.3/src/nautilus-floating-bar.h
nautilus-48.3/src/nautilus-freedesktop-dbus.c
nautilus-48.3/src/nautilus-freedesktop-dbus.h
nautilus-48.3/src/nautilus-global-preferences.c
nautilus-48.3/src/nautilus-global-preferences.h
nautilus-48.3/src/nautilus-grid-cell.c
nautilus-48.3/src/nautilus-grid-cell.h
nautilus-48.3/src/nautilus-grid-view.c
nautilus-48.3/src/nautilus-grid-view.h
nautilus-48.3/src/nautilus-hash-queue.c
nautilus-48.3/src/nautilus-hash-queue.h
nautilus-48.3/src/nautilus-history-controls.c
nautilus-48.3/src/nautilus-history-controls.h
nautilus-48.3/src/nautilus-icon-info.c
nautilus-48.3/src/nautilus-icon-info.h
nautilus-48.3/src/nautilus-icon-names.h
nautilus-48.3/src/nautilus-internal-place-file.c
nautilus-48.3/src/nautilus-internal-place-file.h
nautilus-48.3/src/nautilus-keyfile-metadata.c
nautilus-48.3/src/nautilus-keyfile-metadata.h
nautilus-48.3/src/nautilus-label-cell.c
nautilus-48.3/src/nautilus-label-cell.h
nautilus-48.3/src/nautilus-list-base-private.h
nautilus-48.3/src/nautilus-list-base.c
nautilus-48.3/src/nautilus-list-base.h
nautilus-48.3/src/nautilus-list-view.c
nautilus-48.3/src/nautilus-list-view.h
nautilus-48.3/src/nautilus-location-banner.c
nautilus-48.3/src/nautilus-location-banner.h
nautilus-48.3/src/nautilus-location-entry.c
nautilus-48.3/src/nautilus-location-entry.h
nautilus-48.3/src/nautilus-main.c
nautilus-48.3/src/nautilus-metadata.c
nautilus-48.3/src/nautilus-metadata.h
nautilus-48.3/src/nautilus-mime-actions.c
nautilus-48.3/src/nautilus-mime-actions.h
nautilus-48.3/src/nautilus-minimal-cell.c
nautilus-48.3/src/nautilus-minimal-cell.h
nautilus-48.3/src/nautilus-module.c
nautilus-48.3/src/nautilus-module.h
nautilus-48.3/src/nautilus-monitor.c
nautilus-48.3/src/nautilus-monitor.h
nautilus-48.3/src/nautilus-name-cell.c
nautilus-48.3/src/nautilus-name-cell.h
nautilus-48.3/src/nautilus-network-address-bar.c
nautilus-48.3/src/nautilus-network-address-bar.h
nautilus-48.3/src/nautilus-network-cell.c
nautilus-48.3/src/nautilus-network-cell.h
nautilus-48.3/src/nautilus-network-directory.c
nautilus-48.3/src/nautilus-network-directory.h
nautilus-48.3/src/nautilus-network-view.c
nautilus-48.3/src/nautilus-network-view.h
nautilus-48.3/src/nautilus-new-folder-dialog.c
nautilus-48.3/src/nautilus-new-folder-dialog.h
nautilus-48.3/src/nautilus-operations-ui-manager.c
nautilus-48.3/src/nautilus-operations-ui-manager.h
nautilus-48.3/src/nautilus-pathbar.c
nautilus-48.3/src/nautilus-pathbar.h
nautilus-48.3/src/nautilus-portal.c
nautilus-48.3/src/nautilus-portal.h
nautilus-48.3/src/nautilus-preferences-dialog.c
nautilus-48.3/src/nautilus-preferences-dialog.h
nautilus-48.3/src/nautilus-previewer.c
nautilus-48.3/src/nautilus-previewer.h
nautilus-48.3/src/nautilus-program-choosing.c
nautilus-48.3/src/nautilus-program-choosing.h
nautilus-48.3/src/nautilus-progress-indicator.c
nautilus-48.3/src/nautilus-progress-indicator.h
nautilus-48.3/src/nautilus-progress-info-manager.c
nautilus-48.3/src/nautilus-progress-info-manager.h
nautilus-48.3/src/nautilus-progress-info-widget.c
nautilus-48.3/src/nautilus-progress-info-widget.h
nautilus-48.3/src/nautilus-progress-info.c
nautilus-48.3/src/nautilus-progress-info.h
nautilus-48.3/src/nautilus-progress-paintable.c
nautilus-48.3/src/nautilus-progress-paintable.h
nautilus-48.3/src/nautilus-progress-persistence-handler.c
nautilus-48.3/src/nautilus-progress-persistence-handler.h
nautilus-48.3/src/nautilus-properties-window.c
nautilus-48.3/src/nautilus-properties-window.h
nautilus-48.3/src/nautilus-query-editor.c
nautilus-48.3/src/nautilus-query-editor.h
nautilus-48.3/src/nautilus-query.c
nautilus-48.3/src/nautilus-query.h
nautilus-48.3/src/nautilus-recent-servers.c
nautilus-48.3/src/nautilus-recent-servers.h
nautilus-48.3/src/nautilus-rename-file-popover.c
nautilus-48.3/src/nautilus-rename-file-popover.h
nautilus-48.3/src/nautilus-scheme.c
nautilus-48.3/src/nautilus-scheme.h
nautilus-48.3/src/nautilus-search-directory-file.c
nautilus-48.3/src/nautilus-search-directory-file.h
nautilus-48.3/src/nautilus-search-directory.c
nautilus-48.3/src/nautilus-search-directory.h
nautilus-48.3/src/nautilus-search-engine-model.c
nautilus-48.3/src/nautilus-search-engine-model.h
nautilus-48.3/src/nautilus-search-engine-recent.c
nautilus-48.3/src/nautilus-search-engine-recent.h
nautilus-48.3/src/nautilus-search-engine-simple.c
nautilus-48.3/src/nautilus-search-engine-simple.h
nautilus-48.3/src/nautilus-search-engine-tracker.c
nautilus-48.3/src/nautilus-search-engine-tracker.h
nautilus-48.3/src/nautilus-search-engine.c
nautilus-48.3/src/nautilus-search-engine.h
nautilus-48.3/src/nautilus-search-hit.c
nautilus-48.3/src/nautilus-search-hit.h
nautilus-48.3/src/nautilus-search-popover.c
nautilus-48.3/src/nautilus-search-popover.h
nautilus-48.3/src/nautilus-search-provider.c
nautilus-48.3/src/nautilus-search-provider.h
nautilus-48.3/src/nautilus-shell-search-provider.c
nautilus-48.3/src/nautilus-shell-search-provider.h
nautilus-48.3/src/nautilus-shortcut-manager.c
nautilus-48.3/src/nautilus-shortcut-manager.h
nautilus-48.3/src/nautilus-signaller.c
nautilus-48.3/src/nautilus-signaller.h
nautilus-48.3/src/nautilus-star-cell.c
nautilus-48.3/src/nautilus-star-cell.h
nautilus-48.3/src/nautilus-starred-directory.c
nautilus-48.3/src/nautilus-starred-directory.h
nautilus-48.3/src/nautilus-tag-manager.c
nautilus-48.3/src/nautilus-tag-manager.h
nautilus-48.3/src/nautilus-thumbnails.c
nautilus-48.3/src/nautilus-thumbnails.h
nautilus-48.3/src/nautilus-toolbar-menu-sections.h
nautilus-48.3/src/nautilus-toolbar.c
nautilus-48.3/src/nautilus-toolbar.h
nautilus-48.3/src/nautilus-tracker-utilities.c
nautilus-48.3/src/nautilus-tracker-utilities.h
nautilus-48.3/src/nautilus-trash-monitor.c
nautilus-48.3/src/nautilus-trash-monitor.h
nautilus-48.3/src/nautilus-types.h
nautilus-48.3/src/nautilus-ui-utilities.c
nautilus-48.3/src/nautilus-ui-utilities.h
nautilus-48.3/src/nautilus-undo-private.h
nautilus-48.3/src/nautilus-vfs-directory.c
nautilus-48.3/src/nautilus-vfs-directory.h
nautilus-48.3/src/nautilus-vfs-file.c
nautilus-48.3/src/nautilus-vfs-file.h
nautilus-48.3/src/nautilus-video-mime-types.h
nautilus-48.3/src/nautilus-view-cell.c
nautilus-48.3/src/nautilus-view-cell.h
nautilus-48.3/src/nautilus-view-controls.c
nautilus-48.3/src/nautilus-view-controls.h
nautilus-48.3/src/nautilus-view-info.h
nautilus-48.3/src/nautilus-view-item-filter.c
nautilus-48.3/src/nautilus-view-item-filter.h
nautilus-48.3/src/nautilus-view-item.c
nautilus-48.3/src/nautilus-view-item.h
nautilus-48.3/src/nautilus-view-model.c
nautilus-48.3/src/nautilus-view-model.h
nautilus-48.3/src/nautilus-view.c
nautilus-48.3/src/nautilus-view.h
nautilus-48.3/src/nautilus-window-slot.c
nautilus-48.3/src/nautilus-window-slot.h
nautilus-48.3/src/nautilus-window.c
nautilus-48.3/src/nautilus-window.h
nautilus-48.3/src/nautilus-x-content-bar.c
nautilus-48.3/src/nautilus-x-content-bar.h
nautilus-48.3/src/resources/
nautilus-48.3/src/resources/Checkerboard.png
nautilus-48.3/src/resources/gtk/
nautilus-48.3/src/resources/gtk/help-overlay.ui
nautilus-48.3/src/resources/icons/
nautilus-48.3/src/resources/icons/cancel-operation-symbolic.svg
nautilus-48.3/src/resources/icons/emblem-readonly-symbolic.svg
nautilus-48.3/src/resources/icons/emblem-symbolic-link-symbolic.svg
nautilus-48.3/src/resources/icons/emblem-unwriteable-symbolic.svg
nautilus-48.3/src/resources/icons/external-link-symbolic.svg
nautilus-48.3/src/resources/icons/file-operation-cancelled-symbolic.svg
nautilus-48.3/src/resources/icons/file-operation-finished-symbolic.svg
nautilus-48.3/src/resources/icons/funnel-outline-symbolic.svg
nautilus-48.3/src/resources/icons/info-outline-symbolic.svg
nautilus-48.3/src/resources/icons/nautilus-file-chooser-options-symbolic.svg
nautilus-48.3/src/resources/icons/nautilus-folder-search-symbolic.svg
nautilus-48.3/src/resources/icons/nautilus-search-filters-symbolic.svg
nautilus-48.3/src/resources/icons/network-computer-symbolic.svg
nautilus-48.3/src/resources/icons/quotation-symbolic.svg
nautilus-48.3/src/resources/icons/remove-custom-icon-symbolic.svg
nautilus-48.3/src/resources/nautilus.gresource.xml.in
nautilus-48.3/src/resources/style-hc.css
nautilus-48.3/src/resources/style.css
nautilus-48.3/src/resources/text-x-preview.png
nautilus-48.3/src/resources/ui/
nautilus-48.3/src/resources/ui/nautilus-app-chooser.ui
nautilus-48.3/src/resources/ui/nautilus-batch-rename-dialog.ui
nautilus-48.3/src/resources/ui/nautilus-column-chooser.ui
nautilus-48.3/src/resources/ui/nautilus-compress-dialog.ui
nautilus-48.3/src/resources/ui/nautilus-file-chooser.ui
nautilus-48.3/src/resources/ui/nautilus-file-conflict-dialog.ui
nautilus-48.3/src/resources/ui/nautilus-file-properties-change-permissions.ui
nautilus-48.3/src/resources/ui/nautilus-files-view-context-menus.ui
nautilus-48.3/src/resources/ui/nautilus-files-view-select-items.ui
nautilus-48.3/src/resources/ui/nautilus-files-view.ui
nautilus-48.3/src/resources/ui/nautilus-grid-cell.ui
nautilus-48.3/src/resources/ui/nautilus-history-controls.ui
nautilus-48.3/src/resources/ui/nautilus-name-cell.ui
nautilus-48.3/src/resources/ui/nautilus-network-address-bar.ui
nautilus-48.3/src/resources/ui/nautilus-network-cell.ui
nautilus-48.3/src/resources/ui/nautilus-new-folder-dialog.ui
nautilus-48.3/src/resources/ui/nautilus-operations-ui-manager-request-passphrase.ui
nautilus-48.3/src/resources/ui/nautilus-pathbar-context-menu.ui
nautilus-48.3/src/resources/ui/nautilus-preferences-dialog.ui
nautilus-48.3/src/resources/ui/nautilus-progress-indicator.ui
nautilus-48.3/src/resources/ui/nautilus-progress-info-widget.ui
nautilus-48.3/src/resources/ui/nautilus-properties-window.ui
nautilus-48.3/src/resources/ui/nautilus-rename-file-popover.ui
nautilus-48.3/src/resources/ui/nautilus-search-popover.ui
nautilus-48.3/src/resources/ui/nautilus-search-types-dialog.ui
nautilus-48.3/src/resources/ui/nautilus-toolbar-view-menu.ui
nautilus-48.3/src/resources/ui/nautilus-toolbar.ui
nautilus-48.3/src/resources/ui/nautilus-view-controls.ui
nautilus-48.3/src/resources/ui/nautilus-window.ui
nautilus-48.3/test/
nautilus-48.3/test/automated/
nautilus-48.3/test/automated/display/
nautilus-48.3/test/automated/display/meson.build
nautilus-48.3/test/automated/display/test-files-view.c
nautilus-48.3/test/automated/display/test-nautilus-directory-async.c
nautilus-48.3/test/automated/displayless/
nautilus-48.3/test/automated/displayless/meson.build
nautilus-48.3/test/automated/displayless/test-directory.c
nautilus-48.3/test/automated/displayless/test-file-metadata.c
nautilus-48.3/test/automated/displayless/test-file-operations-copy-files.c
nautilus-48.3/test/automated/displayless/test-file-operations-dir-has-files.c
nautilus-48.3/test/automated/displayless/test-file-operations-move-files.c
nautilus-48.3/test/automated/displayless/test-file-operations-trash-or-delete.c
nautilus-48.3/test/automated/displayless/test-file-utilities-get-common-filename-prefix.c
nautilus-48.3/test/automated/displayless/test-file.c
nautilus-48.3/test/automated/displayless/test-filename-common-prefix.c
nautilus-48.3/test/automated/displayless/test-filename-utilities.c
nautilus-48.3/test/automated/displayless/test-nautilus-search-engine-model.c
nautilus-48.3/test/automated/displayless/test-nautilus-search-engine-simple.c
nautilus-48.3/test/automated/displayless/test-nautilus-search-engine-tracker.c
nautilus-48.3/test/automated/displayless/test-nautilus-search-engine.c
nautilus-48.3/test/automated/displayless/test-ui-utilities.c
nautilus-48.3/test/automated/meson.build
nautilus-48.3/test/automated/test-utilities.c
nautilus-48.3/test/automated/test-utilities.h
nautilus-48.3/test/meson.build
nautilus-48.3/xdp-gnome/
nautilus-48.3/xdp-gnome/COPYING
nautilus-48.3/xdp-gnome/README.md
nautilus-48.3/xdp-gnome/data/
nautilus-48.3/xdp-gnome/data/README.md
nautilus-48.3/xdp-gnome/data/mutter-x11-interop.xml
nautilus-48.3/xdp-gnome/data/org.freedesktop.impl.portal.FileChooser.xml
nautilus-48.3/xdp-gnome/data/org.freedesktop.impl.portal.Request.xml
nautilus-48.3/xdp-gnome/data/org.gnome.Mutter.ServiceChannel.xml
nautilus-48.3/xdp-gnome/externalwindow-wayland.c
nautilus-48.3/xdp-gnome/externalwindow-wayland.h
nautilus-48.3/xdp-gnome/externalwindow-x11.c
nautilus-48.3/xdp-gnome/externalwindow-x11.h
nautilus-48.3/xdp-gnome/externalwindow.c
nautilus-48.3/xdp-gnome/externalwindow.h
nautilus-48.3/xdp-gnome/meson.build
nautilus-48.3/xdp-gnome/request.c
nautilus-48.3/xdp-gnome/request.h
The Meson build system
Version: 1.7.0
Source dir: /blfs/builds/nautilus-48.3
Build dir: /blfs/builds/nautilus-48.3/build
Build type: native build
Project name: nautilus
Project version: 48.3
C compiler for the host machine: cc (gcc 14.2.0 "cc (GCC) 14.2.0")
C linker for the host machine: cc ld.bfd 2.44
Host machine cpu family: x86_64
Host machine cpu: x86_64
Compiler for C supports arguments -Wall: YES 
Compiler for C supports arguments -Wduplicated-branches: YES 
Compiler for C supports arguments -Wduplicated-cond: YES 
Compiler for C supports arguments -Wlogical-op: YES 
Compiler for C supports arguments -Werror=empty-body: YES 
Compiler for C supports arguments -Werror=format=2: YES 
Compiler for C supports arguments -Werror=implicit-function-declaration: YES 
Compiler for C supports arguments -Werror=incompatible-pointer-types: YES 
Compiler for C supports arguments -Werror=init-self: YES 
Compiler for C supports arguments -Werror=missing-include-dirs: YES 
Compiler for C supports arguments -Werror=missing-prototypes: YES 
Compiler for C supports arguments -Werror=pointer-arith: YES 
Compiler for C supports arguments -Werror=sequence-point: YES 
Compiler for C supports arguments -Werror=shadow: YES 
Compiler for C supports arguments -Werror=strict-prototypes: YES 
Compiler for C supports arguments -Werror=undef: YES 
Compiler for C supports arguments -Werror=uninitialized: YES 
Compiler for C supports arguments -Wno-deprecated-declarations: YES 
Compiler for C supports arguments -Wextra: YES 
Compiler for C supports arguments -Wno-cast-function-type: YES 
Compiler for C supports arguments -Wno-unused-parameter: YES 
Compiler for C supports arguments -Wno-error=maybe-uninitialized: YES 
../meson.build:44: WARNING: Consider using the built-in warning_level option instead of using "-Wall".
../meson.build:44: WARNING: Consider using the built-in warning_level option instead of using "-Wextra".
Library m found: YES
Found pkg-config: YES (/usr/bin/pkg-config) 2.5.1
Found CMake: /usr/bin/cmake (4.0.3)
Run-time dependency gexiv2 found: NO (tried pkgconfig and cmake)

../meson.build:105:10: ERROR: Dependency "gexiv2" not found, tried pkgconfig and cmake

A full log can be found at /blfs/builds/nautilus-48.3/build/meson-logs/meson-log.txt
WARNING: Running the setup command as `meson [options]` instead of `meson setup [options]` is ambiguous and deprecated.
