--2026-04-10 09:50:29--  https://gitlab.gnome.org/GNOME/gucharmap/-/archive/17.0.2/gucharmap-17.0.2.tar.bz2
Resolving gitlab.gnome.org (gitlab.gnome.org)... 151.101.1.91, 151.101.65.91, 151.101.129.91, ...
Connecting to gitlab.gnome.org (gitlab.gnome.org)|151.101.1.91|:443... connected.
HTTP request sent, awaiting response... 200 OK
Length: 1514068 (1.4M) [application/octet-stream]
Saving to: ‘gucharmap-17.0.2.tar.bz2’

     0K .......... .......... .......... .......... ..........  3% 5.86M 0s
    50K .......... .......... .......... .......... ..........  6% 14.2M 0s
   100K .......... .......... .......... .......... .......... 10% 6.45M 0s
   150K .......... .......... .......... .......... .......... 13% 10.9M 0s
   200K .......... .......... .......... .......... .......... 16% 13.9M 0s
   250K .......... .......... .......... .......... .......... 20% 12.6M 0s
   300K .......... .......... .......... .......... .......... 23% 14.5M 0s
   350K .......... .......... .......... .......... .......... 27% 13.0M 0s
   400K .......... .......... .......... .......... .......... 30% 83.8M 0s
   450K .......... .......... .......... .......... .......... 33%  130M 0s
   500K .......... .......... .......... .......... .......... 37% 14.2M 0s
   550K .......... .......... .......... .......... .......... 40% 12.5M 0s
   600K .......... .......... .......... .......... .......... 43%  162M 0s
   650K .......... .......... .......... .......... .......... 47%  127M 0s
   700K .......... .......... .......... .......... .......... 50% 94.2M 0s
   750K .......... .......... .......... .......... .......... 54% 7.49M 0s
   800K .......... .......... .......... .......... .......... 57% 65.6M 0s
   850K .......... .......... .......... .......... .......... 60%  134M 0s
   900K .......... .......... .......... .......... .......... 64% 83.0M 0s
   950K .......... .......... .......... .......... .......... 67%  176M 0s
  1000K .......... .......... .......... .......... .......... 71% 24.1M 0s
  1050K .......... .......... .......... .......... .......... 74%  105M 0s
  1100K .......... .......... .......... .......... .......... 77% 13.5M 0s
  1150K .......... .......... .......... .......... .......... 81%  116M 0s
  1200K .......... .......... .......... .......... .......... 84% 94.2M 0s
  1250K .......... .......... .......... .......... .......... 87%  118M 0s
  1300K .......... .......... .......... .......... .......... 91% 18.1M 0s
  1350K .......... .......... .......... .......... .......... 94%  110M 0s
  1400K .......... .......... .......... .......... .......... 98%  133M 0s
  1450K .......... .......... ........                        100%  139M=0.07s

2026-04-10 09:50:30 (21.4 MB/s) - ‘gucharmap-17.0.2.tar.bz2’ saved [1514068/1514068]

--2026-04-10 09:50:30--  https://www.unicode.org/Public/7.0.2.0.0/ucd/UCD.zip
Resolving www.unicode.org (www.unicode.org)... 172.67.74.23, 104.26.10.47, 104.26.11.47, ...
Connecting to www.unicode.org (www.unicode.org)|172.67.74.23|:443... connected.
HTTP request sent, awaiting response... 404 Not Found
2026-04-10 09:50:30 ERROR 404: Not Found.

