--2026-04-10 07:12:56--  https://downloads.sourceforge.net/libpng/libpng-1.6.57.tar.xz
Resolving downloads.sourceforge.net (downloads.sourceforge.net)... 104.18.12.149, 104.18.13.149, 2606:4700::6812:c95, ...
Connecting to downloads.sourceforge.net (downloads.sourceforge.net)|104.18.12.149|:443... connected.
HTTP request sent, awaiting response... 301 Moved Permanently
Location: https://downloads.sourceforge.net/project/libpng/libpng16/1.6.57/libpng-1.6.57.tar.xz [following]
--2026-04-10 07:12:56--  https://downloads.sourceforge.net/project/libpng/libpng16/1.6.57/libpng-1.6.57.tar.xz
Reusing existing connection to downloads.sourceforge.net:443.
HTTP request sent, awaiting response... 302 Found
Location: https://netactuate.dl.sourceforge.net/project/libpng/libpng16/1.6.57/libpng-1.6.57.tar.xz?viasf=1 [following]
--2026-04-10 07:12:56--  https://netactuate.dl.sourceforge.net/project/libpng/libpng16/1.6.57/libpng-1.6.57.tar.xz?viasf=1
Resolving netactuate.dl.sourceforge.net (netactuate.dl.sourceforge.net)... 104.225.3.66
Connecting to netactuate.dl.sourceforge.net (netactuate.dl.sourceforge.net)|104.225.3.66|:443... connected.
HTTP request sent, awaiting response... 200 OK
Length: 1069484 (1.0M) [application/octet-stream]
Saving to: ‘libpng-1.6.57.tar.xz’

     0K .......... .......... .......... .......... ..........  4% 2.05M 0s
    50K .......... .......... .......... .......... ..........  9% 2.03M 0s
   100K .......... .......... .......... .......... .......... 14% 2.06M 0s
   150K .......... .......... .......... .......... .......... 19%  103M 0s
   200K .......... .......... .......... .......... .......... 23% 2.04M 0s
   250K .......... .......... .......... .......... .......... 28%  119M 0s
   300K .......... .......... .......... .......... .......... 33% 2.02M 0s
   350K .......... .......... .......... .......... .......... 38% 67.1M 0s
   400K .......... .......... .......... .......... .......... 43% 2.06M 0s
   450K .......... .......... .......... .......... .......... 47% 43.7M 0s
   500K .......... .......... .......... .......... .......... 52% 2.19M 0s
   550K .......... .......... .......... .......... .......... 57% 36.4M 0s
   600K .......... .......... .......... .......... .......... 62% 41.7M 0s
   650K .......... .......... .......... .......... .......... 67% 2.31M 0s
   700K .......... .......... .......... .......... .......... 71% 37.5M 0s
   750K .......... .......... .......... .......... .......... 76% 16.1M 0s
   800K .......... .......... .......... .......... .......... 81% 2.38M 0s
   850K .......... .......... .......... .......... .......... 86% 40.5M 0s
   900K .......... .......... .......... .......... .......... 90% 42.6M 0s
   950K .......... .......... .......... .......... .......... 95% 38.9M 0s
  1000K .......... .......... .......... .......... ....      100% 43.4M=0.2s

2026-04-10 07:12:56 (4.60 MB/s) - ‘libpng-1.6.57.tar.xz’ saved [1069484/1069484]

--2026-04-10 07:12:56--  https://downloads.sourceforge.net/sourceforge/libpng-apng/libpng-1.6.57-apng.patch.gz
Resolving downloads.sourceforge.net (downloads.sourceforge.net)... 104.18.13.149, 104.18.12.149, 2606:4700::6812:c95, ...
Connecting to downloads.sourceforge.net (downloads.sourceforge.net)|104.18.13.149|:443... connected.
HTTP request sent, awaiting response... 404 Not Found
2026-04-10 07:12:56 ERROR 404: Not Found.

