--2026-04-10 09:30:31--  https://gnu.mirror.constant.com/parted/parted-3.7.tar.xz
Resolving gnu.mirror.constant.com (gnu.mirror.constant.com)... 108.61.5.83, 2001:19f0:1595:1403::1096
Connecting to gnu.mirror.constant.com (gnu.mirror.constant.com)|108.61.5.83|:443... connected.
HTTP request sent, awaiting response... 200 OK
Length: 1970028 (1.9M) [application/octet-stream]
Saving to: ‘parted-3.7.tar.xz’

     0K .......... .......... .......... .......... ..........  2% 3.49M 1s
    50K .......... .......... .......... .......... ..........  5% 9.84M 0s
   100K .......... .......... .......... .......... ..........  7% 16.0M 0s
   150K .......... .......... .......... .......... .......... 10% 12.6M 0s
   200K .......... .......... .......... .......... .......... 12% 17.5M 0s
   250K .......... .......... .......... .......... .......... 15% 40.7M 0s
   300K .......... .......... .......... .......... .......... 18% 15.2M 0s
   350K .......... .......... .......... .......... .......... 20% 12.6M 0s
   400K .......... .......... .......... .......... .......... 23% 52.8M 0s
   450K .......... .......... .......... .......... .......... 25% 54.5M 0s
   500K .......... .......... .......... .......... .......... 28% 20.1M 0s
   550K .......... .......... .......... .......... .......... 31% 57.6M 0s
   600K .......... .......... .......... .......... .......... 33% 18.0M 0s
   650K .......... .......... .......... .......... .......... 36% 74.2M 0s
   700K .......... .......... .......... .......... .......... 38% 60.6M 0s
   750K .......... .......... .......... .......... .......... 41% 18.0M 0s
   800K .......... .......... .......... .......... .......... 44% 93.1M 0s
   850K .......... .......... .......... .......... .......... 46% 94.7M 0s
   900K .......... .......... .......... .......... .......... 49% 75.1M 0s
   950K .......... .......... .......... .......... .......... 51% 22.2M 0s
  1000K .......... .......... .......... .......... .......... 54%  116M 0s
  1050K .......... .......... .......... .......... .......... 57% 82.9M 0s
  1100K .......... .......... .......... .......... .......... 59%  114M 0s
  1150K .......... .......... .......... .......... .......... 62% 55.9M 0s
  1200K .......... .......... .......... .......... .......... 64%  114M 0s
  1250K .......... .......... .......... .......... .......... 67% 33.4M 0s
  1300K .......... .......... .......... .......... .......... 70%  118M 0s
  1350K .......... .......... .......... .......... .......... 72%  115M 0s
  1400K .......... .......... .......... .......... .......... 75%  116M 0s
  1450K .......... .......... .......... .......... .......... 77% 19.9M 0s
  1500K .......... .......... .......... .......... .......... 80%  113M 0s
  1550K .......... .......... .......... .......... .......... 83% 91.6M 0s
  1600K .......... .......... .......... .......... .......... 85%  114M 0s
  1650K .......... .......... .......... .......... .......... 88%  116M 0s
  1700K .......... .......... .......... .......... .......... 90%  126M 0s
  1750K .......... .......... .......... .......... .......... 93%  120M 0s
  1800K .......... .......... .......... .......... .......... 96%  117M 0s
  1850K .......... .......... .......... .......... .......... 98% 47.4M 0s
  1900K .......... .......... ...                             100%  113M=0.07s

2026-04-10 09:30:31 (28.9 MB/s) - ‘parted-3.7.tar.xz’ saved [1970028/1970028]

parted-3.7/
parted-3.7/.prev-version
parted-3.7/.tarball-version
parted-3.7/.version
parted-3.7/ABOUT-NLS
parted-3.7/AUTHORS
parted-3.7/BUGS
parted-3.7/COPYING
parted-3.7/ChangeLog
parted-3.7/GNUmakefile
parted-3.7/INSTALL
parted-3.7/Makefile.am
parted-3.7/Makefile.in
parted-3.7/NEWS
parted-3.7/README
parted-3.7/THANKS
parted-3.7/TODO
parted-3.7/aclocal.m4
parted-3.7/build-aux/
parted-3.7/build-aux/announce-gen
parted-3.7/build-aux/compile
parted-3.7/build-aux/config.guess
parted-3.7/build-aux/config.rpath
parted-3.7/build-aux/config.sub
parted-3.7/build-aux/depcomp
parted-3.7/build-aux/do-release-commit-and-tag
parted-3.7/build-aux/gendocs.sh
parted-3.7/build-aux/git-version-gen
parted-3.7/build-aux/gitlog-to-changelog
parted-3.7/build-aux/gnu-web-doc-update
parted-3.7/build-aux/gnupload
parted-3.7/build-aux/install-sh
parted-3.7/build-aux/ltmain.sh
parted-3.7/build-aux/mdate-sh
parted-3.7/build-aux/missing
parted-3.7/build-aux/mktempd
parted-3.7/build-aux/test-driver
parted-3.7/build-aux/texinfo.tex
parted-3.7/build-aux/update-copyright
parted-3.7/build-aux/useless-if-before-free
parted-3.7/build-aux/vc-list-files
parted-3.7/cfg.mk
parted-3.7/configure
parted-3.7/configure.ac
parted-3.7/debug/
parted-3.7/debug/Makefile.am
parted-3.7/debug/Makefile.in
parted-3.7/debug/test/
parted-3.7/debug/test/HOWTO
parted-3.7/debug/test/Makefile.am
parted-3.7/debug/test/Makefile.in
parted-3.7/debug/test/build_leak_list
parted-3.7/debug/test/test
parted-3.7/debug/test/test_disk_bsd
parted-3.7/debug/test/test_disk_dos
parted-3.7/debug/test/test_disk_dvh
parted-3.7/debug/test/test_disk_gpt
parted-3.7/debug/test/test_disk_mac
parted-3.7/debug/test/test_disk_pc98
parted-3.7/debug/test/test_disk_sun
parted-3.7/debug/test/test_fs_ext2
parted-3.7/debug/test/test_fs_fat
parted-3.7/debug/test/test_fs_hfs
parted-3.7/debug/test/test_fs_hfsplus
parted-3.7/debug/test/test_fs_linux_swap
parted-3.7/debug/test/test_fs_reiserfs
parted-3.7/debug/test/testrc
parted-3.7/dist-check.mk
parted-3.7/doc/
parted-3.7/doc/API.md
parted-3.7/doc/C/
parted-3.7/doc/C/Makefile.am
parted-3.7/doc/C/Makefile.in
parted-3.7/doc/C/parted.8
parted-3.7/doc/C/partprobe.8
parted-3.7/doc/FAT
parted-3.7/doc/Makefile.am
parted-3.7/doc/Makefile.in
parted-3.7/doc/USER.jp
parted-3.7/doc/fdl.texi
parted-3.7/doc/parted-pt_BR.texi
parted-3.7/doc/parted.info
parted-3.7/doc/parted.texi
parted-3.7/doc/po4a.mk
parted-3.7/doc/pt_BR/
parted-3.7/doc/pt_BR/Makefile.am
parted-3.7/doc/pt_BR/Makefile.in
parted-3.7/doc/stamp-vti
parted-3.7/doc/version.texi
parted-3.7/include/
parted-3.7/include/Makefile.am
parted-3.7/include/Makefile.in
parted-3.7/include/parted/
parted-3.7/include/parted/Makefile.am
parted-3.7/include/parted/Makefile.in
parted-3.7/include/parted/constraint.h
parted-3.7/include/parted/constraint.in.h
parted-3.7/include/parted/crc32.h
parted-3.7/include/parted/crc32.in.h
parted-3.7/include/parted/debug.h
parted-3.7/include/parted/debug.in.h
parted-3.7/include/parted/device.h
parted-3.7/include/parted/device.in.h
parted-3.7/include/parted/disk.h
parted-3.7/include/parted/disk.in.h
parted-3.7/include/parted/endian.h
parted-3.7/include/parted/endian.in.h
parted-3.7/include/parted/exception.h
parted-3.7/include/parted/exception.in.h
parted-3.7/include/parted/fdasd.h
parted-3.7/include/parted/fdasd.in.h
parted-3.7/include/parted/filesys.h
parted-3.7/include/parted/filesys.in.h
parted-3.7/include/parted/geom.h
parted-3.7/include/parted/geom.in.h
parted-3.7/include/parted/natmath.h
parted-3.7/include/parted/natmath.in.h
parted-3.7/include/parted/parted.h
parted-3.7/include/parted/parted.in.h
parted-3.7/include/parted/timer.h
parted-3.7/include/parted/timer.in.h
parted-3.7/include/parted/unit.h
parted-3.7/include/parted/unit.in.h
parted-3.7/include/parted/vtoc.h
parted-3.7/include/parted/vtoc.in.h
parted-3.7/lib/
parted-3.7/lib/Makefile.am
parted-3.7/lib/Makefile.in
parted-3.7/lib/_Noreturn.h
parted-3.7/lib/alloca.c
parted-3.7/lib/alloca.in.h
parted-3.7/lib/arg-nonnull.h
parted-3.7/lib/argmatch.c
parted-3.7/lib/argmatch.h
parted-3.7/lib/assert.in.h
parted-3.7/lib/attribute.h
parted-3.7/lib/basename-lgpl.c
parted-3.7/lib/basename-lgpl.h
parted-3.7/lib/basename.c
parted-3.7/lib/btowc.c
parted-3.7/lib/c++defs.h
parted-3.7/lib/c-ctype.c
parted-3.7/lib/c-ctype.h
parted-3.7/lib/c-strcase.h
parted-3.7/lib/c-strcasecmp.c
parted-3.7/lib/c-strcaseeq.h
parted-3.7/lib/c-strncasecmp.c
parted-3.7/lib/c32is-impl.h
parted-3.7/lib/c32isprint.c
parted-3.7/lib/calloc.c
parted-3.7/lib/canonicalize-lgpl.c
parted-3.7/lib/cdefs.h
parted-3.7/lib/cloexec.c
parted-3.7/lib/cloexec.h
parted-3.7/lib/close-stream.c
parted-3.7/lib/close-stream.h
parted-3.7/lib/close.c
parted-3.7/lib/closeout.c
parted-3.7/lib/closeout.h
parted-3.7/lib/config.h.in
parted-3.7/lib/dirname-lgpl.c
parted-3.7/lib/dirname.c
parted-3.7/lib/dirname.h
parted-3.7/lib/dup2.c
parted-3.7/lib/dynarray.h
parted-3.7/lib/eloop-threshold.h
parted-3.7/lib/errno.in.h
parted-3.7/lib/error.c
parted-3.7/lib/error.in.h
parted-3.7/lib/exitfail.c
parted-3.7/lib/exitfail.h
parted-3.7/lib/fcntl.c
parted-3.7/lib/fcntl.in.h
parted-3.7/lib/fd-hook.c
parted-3.7/lib/fd-hook.h
parted-3.7/lib/filename.h
parted-3.7/lib/fpending.c
parted-3.7/lib/fpending.h
parted-3.7/lib/free.c
parted-3.7/lib/fseterr.c
parted-3.7/lib/fseterr.h
parted-3.7/lib/fstat.c
parted-3.7/lib/fsync.c
parted-3.7/lib/getdtablesize.c
parted-3.7/lib/getopt-cdefs.in.h
parted-3.7/lib/getopt-core.h
parted-3.7/lib/getopt-ext.h
parted-3.7/lib/getopt-pfx-core.h
parted-3.7/lib/getopt-pfx-ext.h
parted-3.7/lib/getopt.c
parted-3.7/lib/getopt.in.h
parted-3.7/lib/getopt1.c
parted-3.7/lib/getopt_int.h
parted-3.7/lib/getprogname.c
parted-3.7/lib/getprogname.h
parted-3.7/lib/getrandom.c
parted-3.7/lib/gettext.h
parted-3.7/lib/glthread/
parted-3.7/lib/glthread/lock.c
parted-3.7/lib/glthread/lock.h
parted-3.7/lib/glthread/once.c
parted-3.7/lib/glthread/once.h
parted-3.7/lib/glthread/threadlib.c
parted-3.7/lib/gnulib.mk
parted-3.7/lib/hard-locale.c
parted-3.7/lib/hard-locale.h
parted-3.7/lib/ialloc.c
parted-3.7/lib/ialloc.h
parted-3.7/lib/idx.h
parted-3.7/lib/intprops-internal.h
parted-3.7/lib/intprops.h
parted-3.7/lib/inttypes.in.h
parted-3.7/lib/issymlink.c
parted-3.7/lib/issymlink.h
parted-3.7/lib/iswblank.c
parted-3.7/lib/iswctype-impl.h
parted-3.7/lib/iswctype.c
parted-3.7/lib/iswdigit.c
parted-3.7/lib/iswpunct.c
parted-3.7/lib/iswxdigit.c
parted-3.7/lib/langinfo.in.h
parted-3.7/lib/lc-charset-dispatch.c
parted-3.7/lib/lc-charset-dispatch.h
parted-3.7/lib/libc-config.h
parted-3.7/lib/limits.in.h
parted-3.7/lib/localcharset.c
parted-3.7/lib/localcharset.h
parted-3.7/lib/locale.in.h
parted-3.7/lib/localeconv.c
parted-3.7/lib/long-options.c
parted-3.7/lib/long-options.h
parted-3.7/lib/lseek.c
parted-3.7/lib/lstat.c
parted-3.7/lib/malloc/
parted-3.7/lib/malloc/dynarray-skeleton.c
parted-3.7/lib/malloc/dynarray.h
parted-3.7/lib/malloc/dynarray_at_failure.c
parted-3.7/lib/malloc/dynarray_emplace_enlarge.c
parted-3.7/lib/malloc/dynarray_finalize.c
parted-3.7/lib/malloc/dynarray_resize.c
parted-3.7/lib/malloc/dynarray_resize_clear.c
parted-3.7/lib/malloc/scratch_buffer.h
parted-3.7/lib/malloc/scratch_buffer_grow.c
parted-3.7/lib/malloc/scratch_buffer_grow_preserve.c
parted-3.7/lib/malloc/scratch_buffer_set_array_size.c
parted-3.7/lib/malloc.c
parted-3.7/lib/malloca.c
parted-3.7/lib/malloca.h
parted-3.7/lib/mbrtoc32.c
parted-3.7/lib/mbrtowc-impl-utf8.h
parted-3.7/lib/mbrtowc-impl.h
parted-3.7/lib/mbrtowc.c
parted-3.7/lib/mbsinit.c
parted-3.7/lib/mbszero.c
parted-3.7/lib/mbtowc-impl.h
parted-3.7/lib/mbtowc-lock.c
parted-3.7/lib/mbtowc-lock.h
parted-3.7/lib/mbtowc.c
parted-3.7/lib/memeq.c
parted-3.7/lib/mempcpy.c
parted-3.7/lib/minmax.h
parted-3.7/lib/mkdir.c
parted-3.7/lib/mkstemp.c
parted-3.7/lib/msvc-inval.c
parted-3.7/lib/msvc-inval.h
parted-3.7/lib/msvc-nothrow.c
parted-3.7/lib/msvc-nothrow.h
parted-3.7/lib/nl_langinfo-lock.c
parted-3.7/lib/nl_langinfo.c
parted-3.7/lib/open.c
parted-3.7/lib/pathmax.h
parted-3.7/lib/progname.c
parted-3.7/lib/progname.h
parted-3.7/lib/pthread-once.c
parted-3.7/lib/pthread.in.h
parted-3.7/lib/quote.h
parted-3.7/lib/quotearg.c
parted-3.7/lib/quotearg.h
parted-3.7/lib/rawmemchr.c
parted-3.7/lib/rawmemchr.valgrind
parted-3.7/lib/read.c
parted-3.7/lib/readlink.c
parted-3.7/lib/realloc.c
parted-3.7/lib/reallocarray.c
parted-3.7/lib/regcomp.c
parted-3.7/lib/regex.c
parted-3.7/lib/regex.h
parted-3.7/lib/regex_internal.c
parted-3.7/lib/regex_internal.h
parted-3.7/lib/regexec.c
parted-3.7/lib/rpmatch.c
parted-3.7/lib/safe-read.c
parted-3.7/lib/safe-read.h
parted-3.7/lib/sched.in.h
parted-3.7/lib/scratch_buffer.h
parted-3.7/lib/setlocale-lock.c
parted-3.7/lib/setlocale_null-unlocked.c
parted-3.7/lib/setlocale_null.c
parted-3.7/lib/setlocale_null.h
parted-3.7/lib/sleep.c
parted-3.7/lib/stat-time.c
parted-3.7/lib/stat-time.h
parted-3.7/lib/stat-w32.c
parted-3.7/lib/stat-w32.h
parted-3.7/lib/stat.c
parted-3.7/lib/stdarg.in.h
parted-3.7/lib/stdckdint.in.h
parted-3.7/lib/stdcountof.in.h
parted-3.7/lib/stddef.in.h
parted-3.7/lib/stdint.in.h
parted-3.7/lib/stdio-consolesafe.c
parted-3.7/lib/stdio-impl.h
parted-3.7/lib/stdio-read.c
parted-3.7/lib/stdio-write.c
parted-3.7/lib/stdio.in.h
parted-3.7/lib/stdlib.c
parted-3.7/lib/stdlib.in.h
parted-3.7/lib/strdup.c
parted-3.7/lib/streq-opt.h
parted-3.7/lib/streq.c
parted-3.7/lib/strerror-override.c
parted-3.7/lib/strerror-override.h
parted-3.7/lib/strerror.c
parted-3.7/lib/string.in.h
parted-3.7/lib/stripslash.c
parted-3.7/lib/strncpy.c
parted-3.7/lib/strtol.c
parted-3.7/lib/strtoll.c
parted-3.7/lib/strtoul.c
parted-3.7/lib/strtoull.c
parted-3.7/lib/sys-limits.h
parted-3.7/lib/sys_random.in.h
parted-3.7/lib/sys_stat.in.h
parted-3.7/lib/sys_types.in.h
parted-3.7/lib/tempname.c
parted-3.7/lib/tempname.h
parted-3.7/lib/time.in.h
parted-3.7/lib/uchar.in.h
parted-3.7/lib/unictype/
parted-3.7/lib/unictype/bitmap.h
parted-3.7/lib/unictype/ctype_print.c
parted-3.7/lib/unictype/ctype_print.h
parted-3.7/lib/unictype.in.h
parted-3.7/lib/unistd.c
parted-3.7/lib/unistd.in.h
parted-3.7/lib/unitypes.in.h
parted-3.7/lib/unlink.c
parted-3.7/lib/usleep.c
parted-3.7/lib/verify.h
parted-3.7/lib/version-etc-fsf.c
parted-3.7/lib/version-etc.c
parted-3.7/lib/version-etc.h
parted-3.7/lib/warn-on-use.h
parted-3.7/lib/wchar.in.h
parted-3.7/lib/wcrtomb.c
parted-3.7/lib/wctype-h.c
parted-3.7/lib/wctype-impl.h
parted-3.7/lib/wctype.c
parted-3.7/lib/wctype.in.h
parted-3.7/lib/windows-initguard.h
parted-3.7/lib/windows-mutex.c
parted-3.7/lib/windows-mutex.h
parted-3.7/lib/windows-once.c
parted-3.7/lib/windows-once.h
parted-3.7/lib/windows-recmutex.c
parted-3.7/lib/windows-recmutex.h
parted-3.7/lib/windows-rwlock.c
parted-3.7/lib/windows-rwlock.h
parted-3.7/lib/xalloc-die.c
parted-3.7/lib/xalloc-oversized.h
parted-3.7/lib/xalloc.h
parted-3.7/lib/xmalloc.c
parted-3.7/lib/xstrtol.c
parted-3.7/lib/xstrtol.h
parted-3.7/lib/xstrtoll.c
parted-3.7/lib/xstrtoul.c
parted-3.7/lib/xstrtoull.c
parted-3.7/libparted/
parted-3.7/libparted/Makefile.am
parted-3.7/libparted/Makefile.in
parted-3.7/libparted/arch/
parted-3.7/libparted/arch/beos.c
parted-3.7/libparted/arch/gnu.c
parted-3.7/libparted/arch/linux.c
parted-3.7/libparted/arch/linux.h
parted-3.7/libparted/architecture.c
parted-3.7/libparted/architecture.h
parted-3.7/libparted/cs/
parted-3.7/libparted/cs/constraint.c
parted-3.7/libparted/cs/geom.c
parted-3.7/libparted/cs/natmath.c
parted-3.7/libparted/debug.c
parted-3.7/libparted/device.c
parted-3.7/libparted/disk.c
parted-3.7/libparted/exception.c
parted-3.7/libparted/filesys.c
parted-3.7/libparted/fs/
parted-3.7/libparted/fs/Makefile.am
parted-3.7/libparted/fs/Makefile.in
parted-3.7/libparted/fs/amiga/
parted-3.7/libparted/fs/amiga/a-interface.c
parted-3.7/libparted/fs/amiga/affs.c
parted-3.7/libparted/fs/amiga/affs.h
parted-3.7/libparted/fs/amiga/amiga.c
parted-3.7/libparted/fs/amiga/amiga.h
parted-3.7/libparted/fs/amiga/apfs.c
parted-3.7/libparted/fs/amiga/apfs.h
parted-3.7/libparted/fs/amiga/asfs.c
parted-3.7/libparted/fs/amiga/asfs.h
parted-3.7/libparted/fs/btrfs/
parted-3.7/libparted/fs/btrfs/btrfs.c
parted-3.7/libparted/fs/ext2/
parted-3.7/libparted/fs/ext2/ext2.h
parted-3.7/libparted/fs/ext2/ext2_fs.h
parted-3.7/libparted/fs/ext2/interface.c
parted-3.7/libparted/fs/f2fs/
parted-3.7/libparted/fs/f2fs/f2fs.c
parted-3.7/libparted/fs/f2fs/f2fs.h
parted-3.7/libparted/fs/fat/
parted-3.7/libparted/fs/fat/bootsector.c
parted-3.7/libparted/fs/fat/bootsector.h
parted-3.7/libparted/fs/fat/count.h
parted-3.7/libparted/fs/fat/fat.c
parted-3.7/libparted/fs/fat/fat.h
parted-3.7/libparted/fs/fsresize.sym
parted-3.7/libparted/fs/hfs/
parted-3.7/libparted/fs/hfs/DOC
parted-3.7/libparted/fs/hfs/HISTORY
parted-3.7/libparted/fs/hfs/TODO
parted-3.7/libparted/fs/hfs/hfs.c
parted-3.7/libparted/fs/hfs/hfs.h
parted-3.7/libparted/fs/hfs/probe.c
parted-3.7/libparted/fs/hfs/probe.h
parted-3.7/libparted/fs/jfs/
parted-3.7/libparted/fs/jfs/jfs.c
parted-3.7/libparted/fs/jfs/jfs_superblock.h
parted-3.7/libparted/fs/jfs/jfs_types.h
parted-3.7/libparted/fs/linux_swap/
parted-3.7/libparted/fs/linux_swap/linux_swap.c
parted-3.7/libparted/fs/nilfs2/
parted-3.7/libparted/fs/nilfs2/nilfs2.c
parted-3.7/libparted/fs/ntfs/
parted-3.7/libparted/fs/ntfs/ntfs.c
parted-3.7/libparted/fs/r/
parted-3.7/libparted/fs/r/fat/
parted-3.7/libparted/fs/r/fat/bootsector.c
parted-3.7/libparted/fs/r/fat/bootsector.h
parted-3.7/libparted/fs/r/fat/calc.c
parted-3.7/libparted/fs/r/fat/calc.h
parted-3.7/libparted/fs/r/fat/clstdup.c
parted-3.7/libparted/fs/r/fat/clstdup.h
parted-3.7/libparted/fs/r/fat/context.c
parted-3.7/libparted/fs/r/fat/context.h
parted-3.7/libparted/fs/r/fat/count.c
parted-3.7/libparted/fs/r/fat/count.h
parted-3.7/libparted/fs/r/fat/fat.c
parted-3.7/libparted/fs/r/fat/fat.h
parted-3.7/libparted/fs/r/fat/fatio.c
parted-3.7/libparted/fs/r/fat/fatio.h
parted-3.7/libparted/fs/r/fat/resize.c
parted-3.7/libparted/fs/r/fat/table.c
parted-3.7/libparted/fs/r/fat/table.h
parted-3.7/libparted/fs/r/fat/traverse.c
parted-3.7/libparted/fs/r/fat/traverse.h
parted-3.7/libparted/fs/r/filesys.c
parted-3.7/libparted/fs/r/hfs/
parted-3.7/libparted/fs/r/hfs/advfs.c
parted-3.7/libparted/fs/r/hfs/advfs.h
parted-3.7/libparted/fs/r/hfs/advfs_plus.c
parted-3.7/libparted/fs/r/hfs/advfs_plus.h
parted-3.7/libparted/fs/r/hfs/cache.c
parted-3.7/libparted/fs/r/hfs/cache.h
parted-3.7/libparted/fs/r/hfs/file.c
parted-3.7/libparted/fs/r/hfs/file.h
parted-3.7/libparted/fs/r/hfs/file_plus.c
parted-3.7/libparted/fs/r/hfs/file_plus.h
parted-3.7/libparted/fs/r/hfs/hfs.c
parted-3.7/libparted/fs/r/hfs/hfs.h
parted-3.7/libparted/fs/r/hfs/journal.c
parted-3.7/libparted/fs/r/hfs/journal.h
parted-3.7/libparted/fs/r/hfs/probe.c
parted-3.7/libparted/fs/r/hfs/probe.h
parted-3.7/libparted/fs/r/hfs/reloc.c
parted-3.7/libparted/fs/r/hfs/reloc.h
parted-3.7/libparted/fs/r/hfs/reloc_plus.c
parted-3.7/libparted/fs/r/hfs/reloc_plus.h
parted-3.7/libparted/fs/reiserfs/
parted-3.7/libparted/fs/reiserfs/reiserfs.c
parted-3.7/libparted/fs/reiserfs/reiserfs.h
parted-3.7/libparted/fs/udf/
parted-3.7/libparted/fs/udf/udf.c
parted-3.7/libparted/fs/ufs/
parted-3.7/libparted/fs/ufs/ufs.c
parted-3.7/libparted/fs/xfs/
parted-3.7/libparted/fs/xfs/platform_defs.h
parted-3.7/libparted/fs/xfs/xfs.c
parted-3.7/libparted/fs/xfs/xfs_sb.h
parted-3.7/libparted/fs/xfs/xfs_types.h
parted-3.7/libparted/labels/
parted-3.7/libparted/labels/Makefile.am
parted-3.7/libparted/labels/Makefile.in
parted-3.7/libparted/labels/aix.c
parted-3.7/libparted/labels/atari.c
parted-3.7/libparted/labels/bsd.c
parted-3.7/libparted/labels/dasd.c
parted-3.7/libparted/labels/dos.c
parted-3.7/libparted/labels/dvh.c
parted-3.7/libparted/labels/dvh.h
parted-3.7/libparted/labels/efi_crc32.c
parted-3.7/libparted/labels/fdasd.c
parted-3.7/libparted/labels/gpt.c
parted-3.7/libparted/labels/loop.c
parted-3.7/libparted/labels/mac.c
parted-3.7/libparted/labels/misc.h
parted-3.7/libparted/labels/pc98.c
parted-3.7/libparted/labels/pt-common.h
parted-3.7/libparted/labels/pt-limit.c
parted-3.7/libparted/labels/pt-limit.gperf
parted-3.7/libparted/labels/pt-tools.c
parted-3.7/libparted/labels/pt-tools.h
parted-3.7/libparted/labels/rdb.c
parted-3.7/libparted/labels/sun.c
parted-3.7/libparted/labels/vtoc.c
parted-3.7/libparted/libparted.c
parted-3.7/libparted/tests/
parted-3.7/libparted/tests/Makefile.am
parted-3.7/libparted/tests/Makefile.in
parted-3.7/libparted/tests/common.c
parted-3.7/libparted/tests/common.h
parted-3.7/libparted/tests/disk.c
parted-3.7/libparted/tests/flags.c
parted-3.7/libparted/tests/label.c
parted-3.7/libparted/tests/symlink.c
parted-3.7/libparted/tests/t1000-label.sh
parted-3.7/libparted/tests/t1001-flags.sh
parted-3.7/libparted/tests/t2000-disk.sh
parted-3.7/libparted/tests/t2100-zerolen.sh
parted-3.7/libparted/tests/t3000-symlink.sh
parted-3.7/libparted/tests/t4000-volser.sh
parted-3.7/libparted/tests/volser.c
parted-3.7/libparted/tests/zerolen.c
parted-3.7/libparted/timer.c
parted-3.7/libparted/unit.c
parted-3.7/libparted-fs-resize.pc.in
parted-3.7/libparted.pc.in
parted-3.7/m4/
parted-3.7/m4/00gnulib.m4
parted-3.7/m4/__inline.m4
parted-3.7/m4/absolute-header.m4
parted-3.7/m4/alloca.m4
parted-3.7/m4/assert.m4
parted-3.7/m4/assert_h.m4
parted-3.7/m4/btowc.m4
parted-3.7/m4/build-to-host.m4
parted-3.7/m4/builtin-expect.m4
parted-3.7/m4/c-bool.m4
parted-3.7/m4/c32rtomb.m4
parted-3.7/m4/calloc.m4
parted-3.7/m4/canonicalize.m4
parted-3.7/m4/clock_time.m4
parted-3.7/m4/close.m4
parted-3.7/m4/codeset.m4
parted-3.7/m4/config-h.m4
parted-3.7/m4/configmake.m4
parted-3.7/m4/double-slash-root.m4
parted-3.7/m4/dup2.m4
parted-3.7/m4/errno_h.m4
parted-3.7/m4/error.m4
parted-3.7/m4/error_h.m4
parted-3.7/m4/extensions-aix.m4
parted-3.7/m4/extensions.m4
parted-3.7/m4/extern-inline.m4
parted-3.7/m4/fcntl-o.m4
parted-3.7/m4/fcntl.m4
parted-3.7/m4/fcntl_h.m4
parted-3.7/m4/fpending.m4
parted-3.7/m4/free.m4
parted-3.7/m4/fseterr.m4
parted-3.7/m4/fstat.m4
parted-3.7/m4/fsync.m4
parted-3.7/m4/getdtablesize.m4
parted-3.7/m4/getopt.m4
parted-3.7/m4/getprogname.m4
parted-3.7/m4/getrandom.m4
parted-3.7/m4/gettext.m4
parted-3.7/m4/gettext_h.m4
parted-3.7/m4/gnulib-common.m4
parted-3.7/m4/gnulib-comp.m4
parted-3.7/m4/gnulib-i18n.m4
parted-3.7/m4/iconv.m4
parted-3.7/m4/include_next.m4
parted-3.7/m4/intlmacosx.m4
parted-3.7/m4/inttypes.m4
parted-3.7/m4/iswblank.m4
parted-3.7/m4/iswctype.m4
parted-3.7/m4/iswdigit.m4
parted-3.7/m4/iswpunct.m4
parted-3.7/m4/iswxdigit.m4
parted-3.7/m4/langinfo_h.m4
parted-3.7/m4/largefile.m4
parted-3.7/m4/lib-ignore.m4
parted-3.7/m4/lib-ld.m4
parted-3.7/m4/lib-link.m4
parted-3.7/m4/lib-prefix.m4
parted-3.7/m4/libtool.m4
parted-3.7/m4/libunistring-base.m4
parted-3.7/m4/limits-h.m4
parted-3.7/m4/localcharset.m4
parted-3.7/m4/locale-en.m4
parted-3.7/m4/locale-fr.m4
parted-3.7/m4/locale-ja.m4
parted-3.7/m4/locale-zh.m4
parted-3.7/m4/locale_h.m4
parted-3.7/m4/localeconv.m4
parted-3.7/m4/lock.m4
parted-3.7/m4/lseek.m4
parted-3.7/m4/lstat.m4
parted-3.7/m4/ltoptions.m4
parted-3.7/m4/ltsugar.m4
parted-3.7/m4/ltversion.m4
parted-3.7/m4/lt~obsolete.m4
parted-3.7/m4/malloc.m4
parted-3.7/m4/malloca.m4
parted-3.7/m4/manywarnings.m4
parted-3.7/m4/mbrtoc32.m4
parted-3.7/m4/mbrtowc.m4
parted-3.7/m4/mbsinit.m4
parted-3.7/m4/mbstate_t.m4
parted-3.7/m4/mbtowc.m4
parted-3.7/m4/memeq.m4
parted-3.7/m4/mempcpy.m4
parted-3.7/m4/minmax.m4
parted-3.7/m4/mkdir.m4
parted-3.7/m4/mkstemp.m4
parted-3.7/m4/mmap-anon.m4
parted-3.7/m4/mode_t.m4
parted-3.7/m4/msvc-inval.m4
parted-3.7/m4/msvc-nothrow.m4
parted-3.7/m4/multiarch.m4
parted-3.7/m4/musl.m4
parted-3.7/m4/nl_langinfo.m4
parted-3.7/m4/nls.m4
parted-3.7/m4/nocrash.m4
parted-3.7/m4/o-direct.m4
parted-3.7/m4/off64_t.m4
parted-3.7/m4/off_t.m4
parted-3.7/m4/once.m4
parted-3.7/m4/open-cloexec.m4
parted-3.7/m4/open-slash.m4
parted-3.7/m4/open.m4
parted-3.7/m4/pathmax.m4
parted-3.7/m4/po.m4
parted-3.7/m4/progtest.m4
parted-3.7/m4/pthread-once.m4
parted-3.7/m4/pthread-spin.m4
parted-3.7/m4/pthread_h.m4
parted-3.7/m4/pthread_rwlock_rdlock.m4
parted-3.7/m4/quote.m4
parted-3.7/m4/quotearg.m4
parted-3.7/m4/rawmemchr.m4
parted-3.7/m4/read.m4
parted-3.7/m4/readlink.m4
parted-3.7/m4/realloc.m4
parted-3.7/m4/reallocarray.m4
parted-3.7/m4/regex.m4
parted-3.7/m4/rpmatch.m4
parted-3.7/m4/safe-read.m4
parted-3.7/m4/sched_h.m4
parted-3.7/m4/setlocale_null.m4
parted-3.7/m4/sleep.m4
parted-3.7/m4/ssize_t.m4
parted-3.7/m4/stat-time.m4
parted-3.7/m4/stat.m4
parted-3.7/m4/stdarg.m4
parted-3.7/m4/stdckdint_h.m4
parted-3.7/m4/stdcountof_h.m4
parted-3.7/m4/stddef_h.m4
parted-3.7/m4/stdint.m4
parted-3.7/m4/stdio_h.m4
parted-3.7/m4/stdlib_h.m4
parted-3.7/m4/strdup.m4
parted-3.7/m4/streq.m4
parted-3.7/m4/strerror.m4
parted-3.7/m4/string_h.m4
parted-3.7/m4/strncpy.m4
parted-3.7/m4/strtoll.m4
parted-3.7/m4/strtoull.m4
parted-3.7/m4/sys_cdefs_h.m4
parted-3.7/m4/sys_random_h.m4
parted-3.7/m4/sys_socket_h.m4
parted-3.7/m4/sys_stat_h.m4
parted-3.7/m4/sys_types_h.m4
parted-3.7/m4/tempname.m4
parted-3.7/m4/threadlib.m4
parted-3.7/m4/time_h.m4
parted-3.7/m4/uchar_h.m4
parted-3.7/m4/unictype_h.m4
parted-3.7/m4/unistd_h.m4
parted-3.7/m4/unitypes_h.m4
parted-3.7/m4/unlink.m4
parted-3.7/m4/usleep.m4
parted-3.7/m4/version-etc.m4
parted-3.7/m4/visibility.m4
parted-3.7/m4/warn-on-use.m4
parted-3.7/m4/warnings.m4
parted-3.7/m4/wchar_h.m4
parted-3.7/m4/wcrtomb.m4
parted-3.7/m4/wctype.m4
parted-3.7/m4/wctype_h.m4
parted-3.7/m4/wint_t.m4
parted-3.7/m4/xalloc.m4
parted-3.7/m4/xstrtol.m4
parted-3.7/m4/zzgnulib.m4
parted-3.7/maint.mk
parted-3.7/parted/
parted-3.7/parted/Makefile.am
parted-3.7/parted/Makefile.in
parted-3.7/parted/command.c
parted-3.7/parted/command.h
parted-3.7/parted/jsonwrt.c
parted-3.7/parted/jsonwrt.h
parted-3.7/parted/parted.c
parted-3.7/parted/strlist.c
parted-3.7/parted/strlist.h
parted-3.7/parted/table.c
parted-3.7/parted/table.h
parted-3.7/parted/ui.c
parted-3.7/parted/ui.h
parted-3.7/parted.spec
parted-3.7/parted.spec.in
parted-3.7/partprobe/
parted-3.7/partprobe/Makefile.am
parted-3.7/partprobe/Makefile.in
parted-3.7/partprobe/partprobe.c
parted-3.7/po/
parted-3.7/po/ChangeLog.0
parted-3.7/po/LINGUAS
parted-3.7/po/Makefile.in.in
parted-3.7/po/Makevars
parted-3.7/po/POTFILES.in
parted-3.7/po/Rules-quot
parted-3.7/po/boldquot.sed
parted-3.7/po/ca.gmo
parted-3.7/po/ca.po
parted-3.7/po/cs.gmo
parted-3.7/po/cs.po
parted-3.7/po/da.gmo
parted-3.7/po/da.po
parted-3.7/po/de.gmo
parted-3.7/po/de.po
parted-3.7/po/en@boldquot.header
parted-3.7/po/en@quot.header
parted-3.7/po/es.gmo
parted-3.7/po/es.po
parted-3.7/po/fi.gmo
parted-3.7/po/fi.po
parted-3.7/po/fr.gmo
parted-3.7/po/fr.po
parted-3.7/po/fur.gmo
parted-3.7/po/fur.po
parted-3.7/po/gl.gmo
parted-3.7/po/gl.po
parted-3.7/po/hu.gmo
parted-3.7/po/hu.po
parted-3.7/po/id.gmo
parted-3.7/po/id.po
parted-3.7/po/insert-header.sin
parted-3.7/po/it.gmo
parted-3.7/po/it.po
parted-3.7/po/ja.gmo
parted-3.7/po/ja.po
parted-3.7/po/ka.gmo
parted-3.7/po/ka.po
parted-3.7/po/ko.gmo
parted-3.7/po/ko.po
parted-3.7/po/nl.gmo
parted-3.7/po/nl.po
parted-3.7/po/nn.gmo
parted-3.7/po/nn.po
parted-3.7/po/parted.pot
parted-3.7/po/pl.gmo
parted-3.7/po/pl.po
parted-3.7/po/pt.gmo
parted-3.7/po/pt.po
parted-3.7/po/pt_BR.gmo
parted-3.7/po/pt_BR.po
parted-3.7/po/quot.sed
parted-3.7/po/remove-potcdate.sin
parted-3.7/po/ro.gmo
parted-3.7/po/ro.po
parted-3.7/po/ru.gmo
parted-3.7/po/ru.po
parted-3.7/po/rw.gmo
parted-3.7/po/rw.po
parted-3.7/po/sk.gmo
parted-3.7/po/sk.po
parted-3.7/po/sl.gmo
parted-3.7/po/sl.po
parted-3.7/po/sr.gmo
parted-3.7/po/sr.po
parted-3.7/po/stamp-po
parted-3.7/po/sv.gmo
parted-3.7/po/sv.po
parted-3.7/po/tr.gmo
parted-3.7/po/tr.po
parted-3.7/po/uk.gmo
parted-3.7/po/uk.po
parted-3.7/po/vi.gmo
parted-3.7/po/vi.po
parted-3.7/po/zh_CN.gmo
parted-3.7/po/zh_CN.po
parted-3.7/po/zh_TW.gmo
parted-3.7/po/zh_TW.po
parted-3.7/scripts/
parted-3.7/scripts/data/
parted-3.7/scripts/data/abi/
parted-3.7/scripts/data/abi/baseline_symbols.txt
parted-3.7/scripts/extract_symvers
parted-3.7/tests/
parted-3.7/tests/Makefile.am
parted-3.7/tests/Makefile.in
parted-3.7/tests/dup-clobber.c
parted-3.7/tests/duplicate.c
parted-3.7/tests/fs-resize.c
parted-3.7/tests/gpt-attrs
parted-3.7/tests/gpt-header-move
parted-3.7/tests/gpt-header-munge
parted-3.7/tests/help-version.sh
parted-3.7/tests/init.cfg
parted-3.7/tests/init.sh
parted-3.7/tests/msdos-overlap
parted-3.7/tests/print-align.c
parted-3.7/tests/print-flags.c
parted-3.7/tests/print-max.c
parted-3.7/tests/sun-badlabel
parted-3.7/tests/t-lib-helpers.sh
parted-3.7/tests/t-local.sh
parted-3.7/tests/t-lvm.sh
parted-3.7/tests/t0000-basic.sh
parted-3.7/tests/t0001-tiny.sh
parted-3.7/tests/t0010-script-no-ctrl-chars.sh
parted-3.7/tests/t0100-print.sh
parted-3.7/tests/t0101-print-empty.sh
parted-3.7/tests/t0200-gpt.sh
parted-3.7/tests/t0201-gpt.sh
parted-3.7/tests/t0202-gpt-pmbr.sh
parted-3.7/tests/t0203-gpt-create-on-min-sized-device.sh
parted-3.7/tests/t0203-gpt-shortened-device-primary-valid.sh
parted-3.7/tests/t0203-gpt-tiny-device-abort.sh
parted-3.7/tests/t0205-gpt-list-clobbers-pmbr.sh
parted-3.7/tests/t0206-gpt-print-with-corrupt-primary-clobbers-pmbr.sh
parted-3.7/tests/t0207-IEC-binary-notation.sh
parted-3.7/tests/t0208-mkpart-end-in-IEC.sh
parted-3.7/tests/t0209-gpt-pmbr_boot.sh
parted-3.7/tests/t0210-gpt-resized-partition-entry-array.sh
parted-3.7/tests/t0211-gpt-rewrite-header.sh
parted-3.7/tests/t0212-gpt-many-partitions.sh
parted-3.7/tests/t0213-mkpart-start-negative.sh
parted-3.7/tests/t0215-gpt-attrs.sh
parted-3.7/tests/t0220-gpt-msftres.sh
parted-3.7/tests/t0250-gpt.sh
parted-3.7/tests/t0251-gpt-unicode.sh
parted-3.7/tests/t0280-gpt-corrupt.sh
parted-3.7/tests/t0281-gpt-grow.sh
parted-3.7/tests/t0282-gpt-move-backup.sh
parted-3.7/tests/t0283-overlap-partitions.sh
parted-3.7/tests/t0290-gpt-name.sh
parted-3.7/tests/t0300-dos-on-gpt.sh
parted-3.7/tests/t0301-overwrite-gpt-pmbr.sh
parted-3.7/tests/t0350-mac-PT-increases-sector-size.sh
parted-3.7/tests/t0400-loop-clobber-infloop.sh
parted-3.7/tests/t0500-dup-clobber.sh
parted-3.7/tests/t0501-duplicate.sh
parted-3.7/tests/t0800-json-gpt.sh
parted-3.7/tests/t0801-json-msdos.sh
parted-3.7/tests/t0900-type-gpt.sh
parted-3.7/tests/t0901-type-gpt-invalid.sh
parted-3.7/tests/t0910-type-dos.sh
parted-3.7/tests/t0911-type-dos-invalid.sh
parted-3.7/tests/t1100-busy-label.sh
parted-3.7/tests/t1101-busy-partition.sh
parted-3.7/tests/t1102-loop-label.sh
parted-3.7/tests/t1104-remove-and-add-partition.sh
parted-3.7/tests/t1700-probe-fs.sh
parted-3.7/tests/t1701-rescue-fs.sh
parted-3.7/tests/t2200-dos-label-recog.sh
parted-3.7/tests/t2201-pc98-label-recog.sh
parted-3.7/tests/t2300-dos-label-extended-bootcode.sh
parted-3.7/tests/t2310-dos-extended-2-sector-min-offset.sh
parted-3.7/tests/t2320-dos-extended-noclobber.sh
parted-3.7/tests/t2400-dos-hfs-partition-type.sh
parted-3.7/tests/t2410-dos-udf-partition-type.sh
parted-3.7/tests/t2420-msdos-no-boot-code.sh
parted-3.7/tests/t2500-probe-corrupt-hfs.sh
parted-3.7/tests/t3000-resize-fs.sh
parted-3.7/tests/t3200-resize-partition.sh
parted-3.7/tests/t3200-type-change.sh
parted-3.7/tests/t3210-gpt-type-change.sh
parted-3.7/tests/t3300-palo-prep.sh
parted-3.7/tests/t3310-flags.sh
parted-3.7/tests/t3400-whole-disk-FAT-partition.sh
parted-3.7/tests/t4000-sun-raid-type.sh
parted-3.7/tests/t4001-sun-vtoc.sh
parted-3.7/tests/t4002-sun-badlabel.sh
parted-3.7/tests/t4100-dvh-partition-limits.sh
parted-3.7/tests/t4100-msdos-partition-limits.sh
parted-3.7/tests/t4100-msdos-starting-sector.sh
parted-3.7/tests/t4101-dvh-badlabel.sh
parted-3.7/tests/t4200-partprobe.sh
parted-3.7/tests/t4300-nilfs2-tiny.sh
parted-3.7/tests/t4301-nilfs2-badsb2.sh
parted-3.7/tests/t4302-nilfs2-lessbadsb2.sh
parted-3.7/tests/t5000-tags.sh
parted-3.7/tests/t6000-dm.sh
parted-3.7/tests/t6001-psep.sh
parted-3.7/tests/t6002-dm-busy.sh
parted-3.7/tests/t6003-dm-hide.sh
parted-3.7/tests/t6004-dm-many-partitions.sh
parted-3.7/tests/t6005-dm-uuid.sh
parted-3.7/tests/t6006-dm-512b-sectors.sh
parted-3.7/tests/t6100-mdraid-partitions.sh
parted-3.7/tests/t7000-scripting.sh
parted-3.7/tests/t8000-loop.sh
parted-3.7/tests/t8001-loop-blkpg.sh
parted-3.7/tests/t9010-big-sector.sh
parted-3.7/tests/t9020-alignment.sh
parted-3.7/tests/t9021-maxima.sh
parted-3.7/tests/t9022-one-unit-snap.sh
parted-3.7/tests/t9023-value-lt-one.sh
parted-3.7/tests/t9024-msdos-1s-partition.sh
parted-3.7/tests/t9025-gpt-1s-partition.sh
parted-3.7/tests/t9030-align-check.sh
parted-3.7/tests/t9040-many-partitions.sh
parted-3.7/tests/t9041-undetected-in-use-16th-partition.sh
parted-3.7/tests/t9042-dos-partition-limit.sh
parted-3.7/tests/t9050-partition-table-types.sh
parted-3.7/tests/t9060-gpt-grow-script-fix.sh
checking for a BSD-compatible install... /usr/bin/install -c
checking whether sleep supports fractional seconds... yes
checking filesystem timestamp resolution... 0.01
checking whether build environment is sane... yes
checking for a race-free mkdir -p... /usr/bin/mkdir -p
checking for gawk... gawk
checking whether make sets $(MAKE)... yes
checking whether make supports nested variables... yes
checking xargs -n works... yes
checking build system type... x86_64-pc-linux-gnu
checking host system type... x86_64-pc-linux-gnu
checking whether make supports the include directive... yes (GNU style)
checking for gcc... gcc
checking whether the C compiler works... yes
checking for C compiler default output file name... a.out
checking for suffix of executables... 
checking whether we are cross compiling... no
checking for suffix of object files... o
checking whether the compiler supports GNU C... yes
checking whether gcc accepts -g... yes
checking for gcc option to enable C11 features... none needed
checking whether gcc understands -c and -o together... yes
checking whether the compiler is clang... no
checking for compiler option needed when checking for declarations... none
checking dependency style of gcc... gcc3
checking for library containing strerror... none required
checking for gcc... (cached) gcc
checking whether the compiler supports GNU C... (cached) yes
checking whether gcc accepts -g... (cached) yes
checking for gcc option to enable C11 features... (cached) none needed
checking whether gcc understands -c and -o together... (cached) yes
checking whether the compiler is clang... (cached) no
checking for compiler option needed when checking for declarations... (cached) none
checking dependency style of gcc... (cached) gcc3
checking for stdio.h... yes
checking for stdlib.h... yes
checking for string.h... yes
checking for inttypes.h... yes
checking for stdint.h... yes
checking for strings.h... yes
checking for sys/stat.h... yes
checking for sys/types.h... yes
checking for unistd.h... yes
checking for wchar.h... yes
checking for minix/config.h... no
checking for stdbool.h... yes
checking for uchar.h... yes
checking for sys/param.h... yes
checking for sys/socket.h... yes
checking for error.h... yes
checking for stdio_ext.h... yes
checking for getopt.h... yes
checking for sys/process.h... no
checking for threads.h... yes
checking for limits.h... yes
checking for crtdefs.h... no
checking for wctype.h... yes
checking for langinfo.h... yes
checking for xlocale.h... no
checking for pthread.h... yes
checking for malloc.h... yes
checking for sys/time.h... yes
checking for stdckdint.h... yes
checking for stdcountof.h... no
checking for sys/mman.h... yes
checking for sys/random.h... yes
checking for features.h... yes
checking for blkid/blkid.h... yes
checking whether it is safe to define __EXTENSIONS__... yes
checking whether _XOPEN_SOURCE should be defined... no
checking how to run the C preprocessor... gcc -E
checking for egrep -e... /usr/bin/grep -E
checking for Minix Amsterdam compiler... no
checking for ar... ar
checking for ranlib... ranlib
checking for gcc option to support large files... none needed
checking for a usable (O_DIRECT-supporting) temporary dir... .
checking for gcc option to support large files... (cached) none needed
checking for size_t... yes
checking for working alloca.h... yes
checking for alloca... yes
checking whether the preprocessor supports include_next... yes
checking whether source code line length is unlimited... yes
checking for wint_t... yes
checking whether wint_t is large enough... yes
checking whether <wchar.h> uses 'inline' correctly... yes
checking for btowc... yes
checking for mbrtowc... yes
checking for mbsinit... yes
checking for canonicalize_file_name... yes
checking for realpath... yes
checking for lstat... yes
checking for _set_invalid_parameter_handler... no
checking for fcntl... yes
checking for symlink... yes
checking for fsync... yes
checking for getdtablesize... yes
checking for getexecname... no
checking for iswcntrl... yes
checking for mkstemp... yes
checking for readlink... yes
checking for isblank... yes
checking for iswctype... yes
checking for sleep... yes
checking for mprotect... yes
checking for usleep... yes
checking for wcrtomb... yes
checking for nl_langinfo and CODESET... yes
checking for a traditional french locale... none
checking whether char8_t is correctly defined... yes
checking whether char16_t is correctly defined... yes
checking whether char32_t is correctly defined... yes
checking whether the C++ compiler has <uchar.h>... no
checking for bit size of wchar_t... 32
checking for mbstate_t... yes
checking for a traditional japanese locale... none
checking for an english Unicode locale... en_US.UTF-8
checking for a transitional chinese locale... none
checking whether mbrtowc handles incomplete characters... yes
checking whether mbrtowc works as well as mbtowc... guessing yes
checking for gcc options needed to detect all undeclared functions... none needed
checking whether mbrtoc32 is declared... yes
checking for mbrtoc32... yes
checking whether mbrtoc32 works as well as mbrtowc... guessing yes
checking whether c32rtomb is declared... yes
checking for c32rtomb... yes
checking whether c32rtomb works as well as wcrtomb... guessing yes
checking whether malloc is ptrdiff_t safe... yes
checking whether malloc, calloc set errno on failure... yes
checking whether lstat correctly handles trailing slash... yes
checking whether // is distinct from /... no
checking whether realpath works... yes
checking for faccessat... yes
checking for getcwd... yes
checking for complete errno.h... yes
checking for error... yes
checking whether error_at_line is declared... yes
checking for error_at_line... yes
checking for working error function... yes
checking whether strerror_r is declared... yes
checking whether strerror_r returns char *... yes
checking whether ctype.h defines __header_inline... no
checking for working fcntl.h... yes
checking for pid_t... yes
checking for mode_t... yes
checking whether stat file-mode macros are broken... no
checking for C/C++ restrict keyword... __restrict__
checking for nlink_t... yes
checking whether getdtablesize is declared... yes
checking for getopt.h... (cached) yes
checking for getopt_long_only... yes
checking whether getopt is POSIX compatible... yes
checking for working GNU getopt function... yes
checking for working GNU getopt_long function... yes
checking for glibc-compatible sys/cdefs.h... yes
checking for pthread.h... (cached) yes
checking for pthread_kill in -lpthread... yes
checking whether POSIX threads API is available... yes
checking whether setlocale (LC_ALL, NULL) is multithread-safe... yes
checking whether setlocale (category, NULL) is multithread-safe... yes
checking whether limits.h has WORD_BIT, BOOL_WIDTH etc.... yes
checking whether limits.h has SSIZE_MAX... yes
checking whether the compiler produces multi-arch binaries... no
checking whether stdint.h conforms to C99... yes
checking whether stdint.h works without ISO C predefines... yes
checking whether stdint.h has UINTMAX_WIDTH etc.... yes
checking whether INT32_MAX < INTMAX_MAX... yes
checking whether INT64_MAX == LONG_MAX... yes
checking whether UINT32_MAX < UINTMAX_MAX... yes
checking whether UINT64_MAX == ULONG_MAX... yes
checking whether iswcntrl works... yes
checking for towlower... yes
checking for wctype_t... yes
checking for wctrans_t... yes
checking whether wctype supports the "blank" and "punct" character classes... yes
checking whether langinfo.h defines CODESET... yes
checking whether langinfo.h defines ALTMON_1... yes
checking whether langinfo.h defines ABALTMON_1... no
checking whether langinfo.h defines ERA... yes
checking for good max_align_t... yes
checking whether NULL can be used in arbitrary expressions... yes
checking for unreachable in C... yes
checking whether nullptr_t needs <stddef.h>... yes
checking whether <stddef.h> is idempotent... guessing yes
checking whether locale.h defines locale_t... yes
checking whether locale.h defines _locale_t... no
checking whether locale.h conforms to POSIX:2001... yes
checking whether struct lconv is properly defined... yes
checking whether imported symbols can be declared weak... yes
checking for multithread API to use... posix
checking for off64_t... yes
checking for blksize_t... yes
checking for blkcnt_t... yes
checking for a sed that does not truncate output... /usr/bin/sed
checking for grep that handles long lines and -e... /usr/bin/grep
checking whether malloc (0) returns nonnull... yes
checking for inline... inline
checking whether memeq is declared... no
checking whether <limits.h> defines MIN and MAX... no
checking whether <sys/param.h> defines MIN and MAX... yes
checking for O_CLOEXEC... yes
checking for promoted mode_t type... mode_t
checking for pthread_t... yes
checking for pthread_spinlock_t... yes
checking for pthread_spin_init... yes
checking whether realloc should abort upon undefined behaviour... no
checking whether alarm is declared... yes
checking for ssize_t... yes
checking for sched.h... yes
checking for struct sched_param... yes
checking whether stdckdint.h can be included in C... yes
checking checking for an ISO C23 compliant stdckdint.h in C... yes
checking whether stdckdint.h can be included in C++... no
checking whether the C++ compiler has <stdcountof.h>... no
checking whether fcloseall is declared... yes
checking whether getw is declared... yes
checking whether putw is declared... yes
checking which flavor of printf attribute matches inttypes macros... system
checking whether ecvt is declared... yes
checking whether fcvt is declared... yes
checking whether gcvt is declared... yes
checking whether MB_CUR_MAX is correct... yes
checking whether strdup is declared... yes
checking whether streq is declared... no
checking whether strerror(0) succeeds... yes
checking for MAP_ANONYMOUS... yes
checking whether strncpy works... yes
checking for struct timespec in <time.h>... yes
checking for TIME_UTC in <time.h>... yes
checking whether execvpe is declared... yes
checking whether wcsdup is declared... yes
checking for C compiler option to allow warnings... -Wno-error
checking for alloca as a compiler built-in... yes
checking whether to enable assertions... yes
checking for static_assert... yes, a keyword
checking for bool, true, false... yes
checking whether btowc(0) is correct... yes
checking whether btowc is consistent with mbrtowc in the C locale... no
checking for __builtin_expect... yes
checking whether calloc (0, n) and calloc (n, 0) return nonnull... yes
checking for library containing clock_gettime... none required
checking for clock_getres... yes
checking for clock_gettime... yes
checking for clock_settime... yes
checking whether // is distinct from /... (cached) no
checking whether dup2 works... yes
checking whether fcntl handles F_DUPFD correctly... yes
checking whether fcntl understands F_DUPFD_CLOEXEC... needs runtime check
checking for __fpending... yes
checking whether __fpending is declared... yes
checking whether free is known to preserve errno... yes
checking for __fseterr... no
checking whether getdtablesize works... yes
checking for getprogname... no
checking whether program_invocation_name is declared... yes
checking whether program_invocation_name is declared... (cached) yes
checking whether program_invocation_short_name is declared... yes
checking whether __argv is declared... no
checking for getrandom... yes
checking whether getrandom is compatible with its GNU+BSD signature... yes
checking for iswblank... yes
checking whether iswblank is declared... yes
checking whether iswdigit is ISO C compliant... yes
checking whether iswpunct is consistent with ispunct... yes
checking whether iswxdigit is ISO C compliant... yes
checking for C compiler flag to ignore unused libraries... -Wl,--as-needed
checking whether the compiler supports the __inline keyword... yes
checking whether localeconv works... yes
checking for pthread_rwlock_t... yes
checking whether pthread_rwlock_rdlock prefers a writer to a reader... no
checking whether lseek detects pipes... yes
checking whether SEEK_DATA works but is incompatible with GNU... no
checking whether mbrtoc32 works on empty input... yes
checking whether the C locale is free of encoding errors... no
checking whether mbrtoc32 works in an UTF-8 locale... yes
checking whether mbrtowc handles a NULL pwc argument... yes
checking whether mbrtowc has a correct return value... yes
checking whether mbrtowc returns 0 when parsing a NUL character... guessing yes
checking whether mbrtowc stores incomplete characters... no
checking whether mbrtowc works on empty input... yes
checking whether the C locale is free of encoding errors... no
checking for mbtowc... yes
checking for mempcpy... yes
checking whether mkdir handles trailing slash... yes
checking whether mkdir handles trailing dot... yes
checking for working mkstemp... yes
checking for nl_langinfo... yes
checking whether open recognizes a trailing slash... yes
checking whether program_invocation_name is declared... (cached) yes
checking whether program_invocation_short_name is declared... (cached) yes
checking for PTHREAD_CREATE_DETACHED... yes
checking for PTHREAD_MUTEX_RECURSIVE... yes
checking for PTHREAD_MUTEX_ROBUST... yes
checking for PTHREAD_PROCESS_SHARED... yes
checking whether pthread_once works... yes
checking for rawmemchr... yes
checking whether readlink signature is correct... yes
checking whether readlink handles trailing slash correctly... yes
checking whether readlink truncates results correctly... yes
checking whether realloc sets errno on failure... yes
checking whether realloc (..., 0) returns nonnull... no
checking for reallocarray... yes
checking for working re_compile_pattern... yes
checking for rpmatch... yes
checking whether sleep is declared... yes
checking for working sleep... yes
checking for ssize_t... (cached) yes
checking whether stat handles trailing slashes on files... yes
checking for struct stat.st_atim.tv_nsec... yes
checking whether struct stat.st_atim is of type struct timespec... yes
checking for struct stat.st_birthtimespec.tv_nsec... no
checking for struct stat.st_birthtimensec... no
checking for struct stat.st_birthtim.tv_nsec... no
checking for va_copy... yes
checking for vasprintf... yes
checking for working strerror function... yes
checking for strtoll... yes
checking whether strtoll works... yes
checking for strtoull... yes
checking whether strtoull works... yes
checking whether unlink honors trailing slashes... yes
checking whether unlink of a parent directory fails as it should... guessing yes
checking for useconds_t... yes
checking whether usleep allows large arguments... yes
checking for variable-length arrays... yes
checking whether wcrtomb works in the C locale... yes
checking whether wcrtomb return value is correct... yes
checking size of off_t... 8
checking how to print strings... printf
checking for a sed that does not truncate output... (cached) /usr/bin/sed
checking for egrep... /usr/bin/grep -E
checking for fgrep... /usr/bin/grep -F
checking for ld used by gcc... /usr/bin/ld
checking if the linker (/usr/bin/ld) is GNU ld... yes
checking for BSD- or MS-compatible name lister (nm)... /usr/bin/nm -B
checking the name lister (/usr/bin/nm -B) interface... BSD nm
checking whether ln -s works... yes
checking the maximum length of command line arguments... 1572864
checking how to convert x86_64-pc-linux-gnu file names to x86_64-pc-linux-gnu format... func_convert_file_noop
checking how to convert x86_64-pc-linux-gnu file names to toolchain format... func_convert_file_noop
checking for /usr/bin/ld option to reload object files... -r
checking for file... file
checking for objdump... objdump
checking how to recognize dependent libraries... pass_all
checking for dlltool... no
checking how to associate runtime and link libraries... printf %s\n
checking for archiver @FILE support... @
checking for strip... strip
checking command to parse /usr/bin/nm -B output from gcc object... ok
checking for sysroot... no
checking for a working dd... /usr/bin/dd
checking how to truncate binary pipes... /usr/bin/dd bs=4096 count=1
checking for mt... mt
checking if mt is a manifest tool... no
checking for dlfcn.h... yes
checking for objdir... .libs
checking if gcc supports -fno-rtti -fno-exceptions... no
checking for gcc option to produce PIC... -fPIC -DPIC
checking if gcc PIC flag -fPIC -DPIC works... yes
checking if gcc static flag -static works... yes
checking if gcc supports -c -o file.o... yes
checking if gcc supports -c -o file.o... (cached) yes
checking whether the gcc linker (/usr/bin/ld -m elf_x86_64) supports shared libraries... yes
checking whether -lc should be explicitly linked in... no
checking dynamic linker characteristics... GNU/Linux ld.so
checking how to hardcode library paths into programs... immediate
checking whether stripping libraries is possible... yes
checking if libtool supports shared libraries... yes
checking whether to build shared libraries... yes
checking whether to build static libraries... no
checking for ld used by GCC... /usr/bin/ld -m elf_x86_64
checking if the linker (/usr/bin/ld -m elf_x86_64) is GNU ld... yes
checking for shared library run path origin... done
checking for iconv... yes
checking for working iconv... yes
checking for iconv declaration... 
         extern size_t iconv (iconv_t cd, char * *inbuf, size_t *inbytesleft, char * *outbuf, size_t *outbytesleft);
checking whether NLS is requested... yes
checking for msgfmt... /usr/bin/msgfmt
checking for gmsgfmt... /usr/bin/msgfmt
checking for xgettext... /usr/bin/xgettext
checking for msgmerge... /usr/bin/msgmerge
checking for CFPreferencesCopyAppValue... no
checking for CFLocaleCopyCurrent... no
checking for GNU gettext in libc... yes
checking whether to use NLS... yes
checking where the gettext function comes from... libc
checking for uuid_generate in -luuid... yes
checking for dm_task_create in -ldevmapper... yes
checking for library containing tgetent... -lncurses
checking for readline in -lreadline... yes
checking for rl_variable_value in -lreadline... yes
checking for uuid/uuid.h... yes
checking for getopt.h... (cached) yes
checking for linux/ext2_fs.h... no
checking for linux/unistd.h... yes
checking for readline/readline.h... yes
checking for readline/history.h... yes
checking for termcap.h... yes
checking for wctype.h... (cached) yes
checking for execinfo.h... yes
checking for backtrace in -lc... yes
checking for pkg-config... /usr/bin/pkg-config
checking pkg-config is at least version 0.9.0... yes
checking for check >= 0.9.3... yes
checking for ld used by gcc... (cached) /usr/bin/ld
checking if the linker (/usr/bin/ld) is GNU ld... (cached) yes
checking whether byte ordering is bigendian... no
checking for inline... (cached) inline
checking for an ANSI C-conforming const... yes
checking for C/C++ restrict keyword... (cached) __restrict__
checking for sigaction... yes
checking for getuid... yes
checking for rl_completion_matches... yes
checking for canonicalize_file_name... (cached) yes
checking for library containing blkid_probe_get_topology... -lblkid
checking for blkid_probe_get_topology... yes
checking that generated files are newer than configure... done
configure: creating ./config.status
config.status: creating Makefile
config.status: creating lib/Makefile
config.status: creating include/Makefile
config.status: creating include/parted/Makefile
config.status: creating libparted/Makefile
config.status: creating libparted/labels/Makefile
config.status: creating libparted/fs/Makefile
config.status: creating libparted/tests/Makefile
config.status: creating libparted.pc
config.status: creating libparted-fs-resize.pc
config.status: creating parted/Makefile
config.status: creating partprobe/Makefile
config.status: creating doc/Makefile
config.status: creating doc/C/Makefile
config.status: creating doc/pt_BR/Makefile
config.status: creating debug/Makefile
config.status: creating debug/test/Makefile
config.status: creating tests/Makefile
config.status: creating po/Makefile.in
config.status: creating lib/config.h
config.status: executing depfiles commands
config.status: executing libtool commands
config.status: executing po-directories commands
config.status: creating po/POTFILES
config.status: creating po/Makefile

Type 'make' to compile parted.
make  all-recursive
make[1]: Entering directory '/blfs/builds/parted-3.7'
Making all in po
make[2]: Entering directory '/blfs/builds/parted-3.7/po'
make[2]: Leaving directory '/blfs/builds/parted-3.7/po'
Making all in lib
make[2]: Entering directory '/blfs/builds/parted-3.7/lib'
  GEN      alloca.h
  GEN      configmake.h
  GEN      error.h
  GEN      fcntl.h
  GEN      malloc/dynarray.gl.h
  GEN      malloc/dynarray-skeleton.gl.h
  GEN      malloc/scratch_buffer.gl.h
  GEN      inttypes.h
  GEN      langinfo.h
  GEN      limits.h
  GEN      locale.h
  GEN      pthread.h
  GEN      sched.h
  GEN      stdckdint.h
  GEN      stdcountof.h
  GEN      stddef.h
  GEN      stdio.h
  GEN      stdlib.h
  GEN      string.h
  GEN      sys/random.h
  GEN      sys/stat.h
  GEN      sys/types.h
  GEN      time.h
  GEN      uchar.h
  GEN      unictype.h
  GEN      unistd.h
  GEN      unitypes.h
  GEN      wchar.h
  GEN      wctype.h
make  all-am
make[3]: Entering directory '/blfs/builds/parted-3.7/lib'
  CC       libgnulib_la-argmatch.lo
  CC       libgnulib_la-basename-lgpl.lo
  CC       libgnulib_la-btowc.lo
  CC       libgnulib_la-c-ctype.lo
  CC       libgnulib_la-c-strcasecmp.lo
  CC       libgnulib_la-c-strncasecmp.lo
  CC       libgnulib_la-c32isprint.lo
  CC       libgnulib_la-close-stream.lo
  CC       libgnulib_la-cloexec.lo
  CC       libgnulib_la-closeout.lo
  CC       libgnulib_la-dirname.lo
  CC       libgnulib_la-basename.lo
  CC       libgnulib_la-dirname-lgpl.lo
  CC       libgnulib_la-stripslash.lo
  CC       libgnulib_la-exitfail.lo
  CC       libgnulib_la-fcntl.lo
  CC       libgnulib_la-fd-hook.lo
  CC       libgnulib_la-fseterr.lo
  CC       libgnulib_la-getprogname.lo
  CC       libgnulib_la-hard-locale.lo
  CC       libgnulib_la-ialloc.lo
  CC       libgnulib_la-issymlink.lo
  CC       libgnulib_la-localcharset.lo
  CC       libgnulib_la-long-options.lo
  CC       libgnulib_la-malloca.lo
  CC       libgnulib_la-mbrtoc32.lo
  CC       libgnulib_la-mbrtowc.lo
  CC       libgnulib_la-mbszero.lo
  CC       libgnulib_la-memeq.lo
  CC       libgnulib_la-nl_langinfo.lo
  CC       glthread/libgnulib_la-once.lo
  CC       libgnulib_la-progname.lo
  CC       libgnulib_la-quotearg.lo
  CC       libgnulib_la-realloc.lo
  CC       libgnulib_la-reallocarray.lo
  CC       libgnulib_la-safe-read.lo
  CC       libgnulib_la-setlocale_null.lo
  CC       libgnulib_la-setlocale_null-unlocked.lo
  CC       libgnulib_la-stat-time.lo
  CC       libgnulib_la-stdlib.lo
  CC       libgnulib_la-tempname.lo
  CC       libgnulib_la-streq.lo
  CC       glthread/libgnulib_la-threadlib.lo
  CC       libgnulib_la-unistd.lo
  CC       libgnulib_la-version-etc.lo
  CC       libgnulib_la-version-etc-fsf.lo
  CC       libgnulib_la-wctype-h.lo
  CC       libgnulib_la-xmalloc.lo
  CC       libgnulib_la-xalloc-die.lo
  CC       libgnulib_la-xstrtol.lo
  CC       libgnulib_la-xstrtoul.lo
  CC       libgnulib_la-xstrtoll.lo
  CC       libgnulib_la-xstrtoull.lo
  CC       malloc/libgnulib_la-dynarray_at_failure.lo
  CC       malloc/libgnulib_la-dynarray_emplace_enlarge.lo
  CC       malloc/libgnulib_la-dynarray_finalize.lo
  CC       malloc/libgnulib_la-dynarray_resize.lo
  CC       malloc/libgnulib_la-dynarray_resize_clear.lo
  CC       malloc/libgnulib_la-scratch_buffer_grow.lo
  CC       malloc/libgnulib_la-scratch_buffer_grow_preserve.lo
  CC       malloc/libgnulib_la-scratch_buffer_set_array_size.lo
  CC       glthread/libgnulib_la-lock.lo
  CC       unictype/libgnulib_la-ctype_print.lo
  CCLD     libgnulib.la
make[3]: Leaving directory '/blfs/builds/parted-3.7/lib'
make[2]: Leaving directory '/blfs/builds/parted-3.7/lib'
Making all in include
make[2]: Entering directory '/blfs/builds/parted-3.7/include'
Making all in parted
make[3]: Entering directory '/blfs/builds/parted-3.7/include/parted'
make  all-am
make[4]: Entering directory '/blfs/builds/parted-3.7/include/parted'
make[4]: Nothing to be done for 'all-am'.
make[4]: Leaving directory '/blfs/builds/parted-3.7/include/parted'
make[3]: Leaving directory '/blfs/builds/parted-3.7/include/parted'
make[3]: Entering directory '/blfs/builds/parted-3.7/include'
make[3]: Nothing to be done for 'all-am'.
make[3]: Leaving directory '/blfs/builds/parted-3.7/include'
make[2]: Leaving directory '/blfs/builds/parted-3.7/include'
Making all in libparted
make[2]: Entering directory '/blfs/builds/parted-3.7/libparted'
Makefile:2066: target 'arch/.deps/linux.Plo' given more than once in the same rule
Making all in labels
make[3]: Entering directory '/blfs/builds/parted-3.7/libparted/labels'
make  all-am
make[4]: Entering directory '/blfs/builds/parted-3.7/libparted/labels'
  CC       aix.lo
  CC       atari.lo
  CC       bsd.lo
  CC       dos.lo
  CC       dvh.lo
  CC       gpt.lo
  CC       efi_crc32.lo
  CC       mac.lo
  CC       loop.lo
  CC       pc98.lo
  CC       pt-tools.lo
  CC       rdb.lo
  CC       sun.lo
  CCLD     liblabels.la
make[4]: Leaving directory '/blfs/builds/parted-3.7/libparted/labels'
make[3]: Leaving directory '/blfs/builds/parted-3.7/libparted/labels'
Making all in fs
make[3]: Entering directory '/blfs/builds/parted-3.7/libparted/fs'
  CC       r/filesys.lo
  CC       r/fat/bootsector.lo
  CC       r/fat/calc.lo
  CC       r/fat/clstdup.lo
  CC       r/fat/context.lo
  CC       r/fat/count.lo
  CC       r/fat/fat.lo
  CC       r/fat/fatio.lo
  CC       r/fat/table.lo
  CC       r/fat/resize.lo
  CC       r/fat/traverse.lo
  CC       r/hfs/advfs.lo
  CC       r/hfs/advfs_plus.lo
  CC       r/hfs/cache.lo
  CC       r/hfs/file.lo
  CC       r/hfs/file_plus.lo
  CC       r/hfs/hfs.lo
  CC       r/hfs/journal.lo
  CC       r/hfs/probe.lo
  CC       r/hfs/reloc.lo
  CC       r/hfs/reloc_plus.lo
  CC       amiga/affs.lo
  CC       amiga/amiga.lo
  CC       amiga/apfs.lo
  CC       amiga/asfs.lo
  CC       amiga/a-interface.lo
  CC       btrfs/btrfs.lo
  CC       ext2/interface.lo
  CC       fat/bootsector.lo
  CC       fat/fat.lo
  CC       f2fs/f2fs.lo
  CC       hfs/hfs.lo
  CC       hfs/probe.lo
  CC       jfs/jfs.lo
  CC       linux_swap/linux_swap.lo
  CC       nilfs2/nilfs2.lo
  CC       ntfs/ntfs.lo
  CC       reiserfs/reiserfs.lo
  CC       udf/udf.lo
  CC       ufs/ufs.lo
  CC       xfs/xfs.lo
  CCLD     libparted-fs-resize.la
  CCLD     libfs.la
make[3]: Leaving directory '/blfs/builds/parted-3.7/libparted/fs'
Making all in .
make[3]: Entering directory '/blfs/builds/parted-3.7/libparted'
Makefile:2066: target 'arch/.deps/linux.Plo' given more than once in the same rule
  CC       debug.lo
  CC       architecture.lo
  CC       device.lo
  CC       exception.lo
  CC       filesys.lo
  CC       libparted.lo
  CC       timer.lo
  CC       unit.lo
  CC       disk.lo
  CC       cs/geom.lo
  CC       cs/constraint.lo
  CC       cs/natmath.lo
  CC       arch/linux.lo
  CCLD     libparted.la
make[3]: Leaving directory '/blfs/builds/parted-3.7/libparted'
Making all in tests
make[3]: Entering directory '/blfs/builds/parted-3.7/libparted/tests'
make[3]: Nothing to be done for 'all'.
make[3]: Leaving directory '/blfs/builds/parted-3.7/libparted/tests'
make[2]: Leaving directory '/blfs/builds/parted-3.7/libparted'
Making all in parted
make[2]: Entering directory '/blfs/builds/parted-3.7/parted'
  GEN      version.c
  GEN      version.h
make  all-am
make[3]: Entering directory '/blfs/builds/parted-3.7/parted'
  CC       command.o
  CC       parted.o
  CC       strlist.o
  CC       ui.o
  CC       jsonwrt.o
  CC       table.o
  CC       version.o
  AR       libver.a
  CCLD     parted
make[3]: Leaving directory '/blfs/builds/parted-3.7/parted'
make[2]: Leaving directory '/blfs/builds/parted-3.7/parted'
Making all in partprobe
make[2]: Entering directory '/blfs/builds/parted-3.7/partprobe'
  CC       partprobe.o
  CCLD     partprobe
make[2]: Leaving directory '/blfs/builds/parted-3.7/partprobe'
Making all in doc
make[2]: Entering directory '/blfs/builds/parted-3.7/doc'
Making all in C
make[3]: Entering directory '/blfs/builds/parted-3.7/doc/C'
make[3]: Nothing to be done for 'all'.
make[3]: Leaving directory '/blfs/builds/parted-3.7/doc/C'
Making all in pt_BR
make[3]: Entering directory '/blfs/builds/parted-3.7/doc/pt_BR'
  GEN      all-local
make[3]: Leaving directory '/blfs/builds/parted-3.7/doc/pt_BR'
make[3]: Entering directory '/blfs/builds/parted-3.7/doc'
make[3]: Nothing to be done for 'all-am'.
make[3]: Leaving directory '/blfs/builds/parted-3.7/doc'
make[2]: Leaving directory '/blfs/builds/parted-3.7/doc'
Making all in debug
make[2]: Entering directory '/blfs/builds/parted-3.7/debug'
Making all in test
make[3]: Entering directory '/blfs/builds/parted-3.7/debug/test'
make[3]: Nothing to be done for 'all'.
make[3]: Leaving directory '/blfs/builds/parted-3.7/debug/test'
make[3]: Entering directory '/blfs/builds/parted-3.7/debug'
make[3]: Nothing to be done for 'all-am'.
make[3]: Leaving directory '/blfs/builds/parted-3.7/debug'
make[2]: Leaving directory '/blfs/builds/parted-3.7/debug'
Making all in tests
make[2]: Entering directory '/blfs/builds/parted-3.7/tests'
make[2]: Nothing to be done for 'all'.
make[2]: Leaving directory '/blfs/builds/parted-3.7/tests'
make[2]: Entering directory '/blfs/builds/parted-3.7'
make[2]: Nothing to be done for 'all-am'.
make[2]: Leaving directory '/blfs/builds/parted-3.7'
make[1]: Leaving directory '/blfs/builds/parted-3.7'
make: Entering directory '/blfs/builds/parted-3.7/doc'
Making html in C
make[1]: Entering directory '/blfs/builds/parted-3.7/doc/C'
make[1]: Nothing to be done for 'html'.
make[1]: Leaving directory '/blfs/builds/parted-3.7/doc/C'
Making html in pt_BR
make[1]: Entering directory '/blfs/builds/parted-3.7/doc/pt_BR'
make[1]: Nothing to be done for 'html'.
make[1]: Leaving directory '/blfs/builds/parted-3.7/doc/pt_BR'
make[1]: Entering directory '/blfs/builds/parted-3.7/doc'
  MAKEINFO parted.html
make[1]: Leaving directory '/blfs/builds/parted-3.7/doc'
make: Leaving directory '/blfs/builds/parted-3.7/doc'
make  install-recursive
make[1]: Entering directory '/blfs/builds/parted-3.7'
Making install in po
make[2]: Entering directory '/blfs/builds/parted-3.7/po'
installing ca.gmo as /pkgs/parted/usr/share/locale/ca/LC_MESSAGES/parted.mo
installing cs.gmo as /pkgs/parted/usr/share/locale/cs/LC_MESSAGES/parted.mo
installing da.gmo as /pkgs/parted/usr/share/locale/da/LC_MESSAGES/parted.mo
installing de.gmo as /pkgs/parted/usr/share/locale/de/LC_MESSAGES/parted.mo
installing es.gmo as /pkgs/parted/usr/share/locale/es/LC_MESSAGES/parted.mo
installing fi.gmo as /pkgs/parted/usr/share/locale/fi/LC_MESSAGES/parted.mo
installing fr.gmo as /pkgs/parted/usr/share/locale/fr/LC_MESSAGES/parted.mo
installing fur.gmo as /pkgs/parted/usr/share/locale/fur/LC_MESSAGES/parted.mo
installing gl.gmo as /pkgs/parted/usr/share/locale/gl/LC_MESSAGES/parted.mo
installing hu.gmo as /pkgs/parted/usr/share/locale/hu/LC_MESSAGES/parted.mo
installing id.gmo as /pkgs/parted/usr/share/locale/id/LC_MESSAGES/parted.mo
installing it.gmo as /pkgs/parted/usr/share/locale/it/LC_MESSAGES/parted.mo
installing ja.gmo as /pkgs/parted/usr/share/locale/ja/LC_MESSAGES/parted.mo
installing ka.gmo as /pkgs/parted/usr/share/locale/ka/LC_MESSAGES/parted.mo
installing ko.gmo as /pkgs/parted/usr/share/locale/ko/LC_MESSAGES/parted.mo
installing nl.gmo as /pkgs/parted/usr/share/locale/nl/LC_MESSAGES/parted.mo
installing nn.gmo as /pkgs/parted/usr/share/locale/nn/LC_MESSAGES/parted.mo
installing pl.gmo as /pkgs/parted/usr/share/locale/pl/LC_MESSAGES/parted.mo
installing pt.gmo as /pkgs/parted/usr/share/locale/pt/LC_MESSAGES/parted.mo
installing pt_BR.gmo as /pkgs/parted/usr/share/locale/pt_BR/LC_MESSAGES/parted.mo
installing ro.gmo as /pkgs/parted/usr/share/locale/ro/LC_MESSAGES/parted.mo
installing ru.gmo as /pkgs/parted/usr/share/locale/ru/LC_MESSAGES/parted.mo
installing rw.gmo as /pkgs/parted/usr/share/locale/rw/LC_MESSAGES/parted.mo
installing sk.gmo as /pkgs/parted/usr/share/locale/sk/LC_MESSAGES/parted.mo
installing sl.gmo as /pkgs/parted/usr/share/locale/sl/LC_MESSAGES/parted.mo
installing sr.gmo as /pkgs/parted/usr/share/locale/sr/LC_MESSAGES/parted.mo
installing sv.gmo as /pkgs/parted/usr/share/locale/sv/LC_MESSAGES/parted.mo
installing tr.gmo as /pkgs/parted/usr/share/locale/tr/LC_MESSAGES/parted.mo
installing uk.gmo as /pkgs/parted/usr/share/locale/uk/LC_MESSAGES/parted.mo
installing vi.gmo as /pkgs/parted/usr/share/locale/vi/LC_MESSAGES/parted.mo
installing zh_CN.gmo as /pkgs/parted/usr/share/locale/zh_CN/LC_MESSAGES/parted.mo
installing zh_TW.gmo as /pkgs/parted/usr/share/locale/zh_TW/LC_MESSAGES/parted.mo
if test "parted" = "gettext-tools"; then \
  /usr/bin/mkdir -p /pkgs/parted/usr/share/gettext/po; \
  for file in Makefile.in.in remove-potcdate.sin quot.sed boldquot.sed en@quot.header en@boldquot.header insert-header.sin Rules-quot   Makevars.template; do \
    /usr/bin/install -c -m 644 ./$file \
		    /pkgs/parted/usr/share/gettext/po/$file; \
  done; \
  for file in Makevars; do \
    rm -f /pkgs/parted/usr/share/gettext/po/$file; \
  done; \
else \
  : ; \
fi
make[2]: Leaving directory '/blfs/builds/parted-3.7/po'
Making install in lib
make[2]: Entering directory '/blfs/builds/parted-3.7/lib'
make  install-am
make[3]: Entering directory '/blfs/builds/parted-3.7/lib'
make[4]: Entering directory '/blfs/builds/parted-3.7/lib'
make[4]: Nothing to be done for 'install-exec-am'.
make[4]: Nothing to be done for 'install-data-am'.
make[4]: Leaving directory '/blfs/builds/parted-3.7/lib'
make[3]: Leaving directory '/blfs/builds/parted-3.7/lib'
make[2]: Leaving directory '/blfs/builds/parted-3.7/lib'
Making install in include
make[2]: Entering directory '/blfs/builds/parted-3.7/include'
Making install in parted
make[3]: Entering directory '/blfs/builds/parted-3.7/include/parted'
make  install-am
make[4]: Entering directory '/blfs/builds/parted-3.7/include/parted'
make[5]: Entering directory '/blfs/builds/parted-3.7/include/parted'
make[5]: Nothing to be done for 'install-exec-am'.
 /usr/bin/mkdir -p '/pkgs/parted/usr/include/parted'
 /usr/bin/install -c -m 644 constraint.h debug.h device.h disk.h exception.h filesys.h geom.h natmath.h timer.h unit.h parted.h '/pkgs/parted/usr/include/parted'
make[5]: Leaving directory '/blfs/builds/parted-3.7/include/parted'
make[4]: Leaving directory '/blfs/builds/parted-3.7/include/parted'
make[3]: Leaving directory '/blfs/builds/parted-3.7/include/parted'
make[3]: Entering directory '/blfs/builds/parted-3.7/include'
make[4]: Entering directory '/blfs/builds/parted-3.7/include'
make[4]: Nothing to be done for 'install-exec-am'.
make[4]: Nothing to be done for 'install-data-am'.
make[4]: Leaving directory '/blfs/builds/parted-3.7/include'
make[3]: Leaving directory '/blfs/builds/parted-3.7/include'
make[2]: Leaving directory '/blfs/builds/parted-3.7/include'
Making install in libparted
make[2]: Entering directory '/blfs/builds/parted-3.7/libparted'
Makefile:2066: target 'arch/.deps/linux.Plo' given more than once in the same rule
Making install in labels
make[3]: Entering directory '/blfs/builds/parted-3.7/libparted/labels'
make  install-am
make[4]: Entering directory '/blfs/builds/parted-3.7/libparted/labels'
make[5]: Entering directory '/blfs/builds/parted-3.7/libparted/labels'
make[5]: Nothing to be done for 'install-exec-am'.
make[5]: Nothing to be done for 'install-data-am'.
make[5]: Leaving directory '/blfs/builds/parted-3.7/libparted/labels'
make[4]: Leaving directory '/blfs/builds/parted-3.7/libparted/labels'
make[3]: Leaving directory '/blfs/builds/parted-3.7/libparted/labels'
Making install in fs
make[3]: Entering directory '/blfs/builds/parted-3.7/libparted/fs'
make[4]: Entering directory '/blfs/builds/parted-3.7/libparted/fs'
 /usr/bin/mkdir -p '/pkgs/parted/usr/lib'
 /bin/sh ../../libtool   --mode=install /usr/bin/install -c   libparted-fs-resize.la '/pkgs/parted/usr/lib'
libtool: install: /usr/bin/install -c .libs/libparted-fs-resize.so.0.0.5 /pkgs/parted/usr/lib/libparted-fs-resize.so.0.0.5
libtool: install: (cd /pkgs/parted/usr/lib && { ln -s -f libparted-fs-resize.so.0.0.5 libparted-fs-resize.so.0 || { rm -f libparted-fs-resize.so.0 && ln -s libparted-fs-resize.so.0.0.5 libparted-fs-resize.so.0; }; })
libtool: install: (cd /pkgs/parted/usr/lib && { ln -s -f libparted-fs-resize.so.0.0.5 libparted-fs-resize.so || { rm -f libparted-fs-resize.so && ln -s libparted-fs-resize.so.0.0.5 libparted-fs-resize.so; }; })
libtool: install: /usr/bin/install -c .libs/libparted-fs-resize.lai /pkgs/parted/usr/lib/libparted-fs-resize.la
libtool: warning: remember to run 'libtool --finish /usr/lib'
make[4]: Nothing to be done for 'install-data-am'.
make[4]: Leaving directory '/blfs/builds/parted-3.7/libparted/fs'
make[3]: Leaving directory '/blfs/builds/parted-3.7/libparted/fs'
Making install in .
make[3]: Entering directory '/blfs/builds/parted-3.7/libparted'
Makefile:2066: target 'arch/.deps/linux.Plo' given more than once in the same rule
make[4]: Entering directory '/blfs/builds/parted-3.7/libparted'
Makefile:2066: target 'arch/.deps/linux.Plo' given more than once in the same rule
 /usr/bin/mkdir -p '/pkgs/parted/usr/lib'
 /bin/sh ../libtool   --mode=install /usr/bin/install -c   libparted.la '/pkgs/parted/usr/lib'
libtool: install: /usr/bin/install -c .libs/libparted.so.2.0.5 /pkgs/parted/usr/lib/libparted.so.2.0.5
libtool: install: (cd /pkgs/parted/usr/lib && { ln -s -f libparted.so.2.0.5 libparted.so.2 || { rm -f libparted.so.2 && ln -s libparted.so.2.0.5 libparted.so.2; }; })
libtool: install: (cd /pkgs/parted/usr/lib && { ln -s -f libparted.so.2.0.5 libparted.so || { rm -f libparted.so && ln -s libparted.so.2.0.5 libparted.so; }; })
libtool: install: /usr/bin/install -c .libs/libparted.lai /pkgs/parted/usr/lib/libparted.la
libtool: warning: remember to run 'libtool --finish /usr/lib'
make[4]: Nothing to be done for 'install-data-am'.
make[4]: Leaving directory '/blfs/builds/parted-3.7/libparted'
make[3]: Leaving directory '/blfs/builds/parted-3.7/libparted'
Making install in tests
make[3]: Entering directory '/blfs/builds/parted-3.7/libparted/tests'
make[4]: Entering directory '/blfs/builds/parted-3.7/libparted/tests'
make[4]: Nothing to be done for 'install-exec-am'.
make[4]: Nothing to be done for 'install-data-am'.
make[4]: Leaving directory '/blfs/builds/parted-3.7/libparted/tests'
make[3]: Leaving directory '/blfs/builds/parted-3.7/libparted/tests'
make[2]: Leaving directory '/blfs/builds/parted-3.7/libparted'
Making install in parted
make[2]: Entering directory '/blfs/builds/parted-3.7/parted'
make  install-am
make[3]: Entering directory '/blfs/builds/parted-3.7/parted'
make[4]: Entering directory '/blfs/builds/parted-3.7/parted'
 /usr/bin/mkdir -p '/pkgs/parted/usr/sbin'
  /bin/sh ../libtool   --mode=install /usr/bin/install -c parted '/pkgs/parted/usr/sbin'
libtool: install: /usr/bin/install -c .libs/parted /pkgs/parted/usr/sbin/parted
make[4]: Nothing to be done for 'install-data-am'.
make[4]: Leaving directory '/blfs/builds/parted-3.7/parted'
make[3]: Leaving directory '/blfs/builds/parted-3.7/parted'
make[2]: Leaving directory '/blfs/builds/parted-3.7/parted'
Making install in partprobe
make[2]: Entering directory '/blfs/builds/parted-3.7/partprobe'
make[3]: Entering directory '/blfs/builds/parted-3.7/partprobe'
 /usr/bin/mkdir -p '/pkgs/parted/usr/sbin'
  /bin/sh ../libtool   --mode=install /usr/bin/install -c partprobe '/pkgs/parted/usr/sbin'
libtool: install: /usr/bin/install -c .libs/partprobe /pkgs/parted/usr/sbin/partprobe
make[3]: Nothing to be done for 'install-data-am'.
make[3]: Leaving directory '/blfs/builds/parted-3.7/partprobe'
make[2]: Leaving directory '/blfs/builds/parted-3.7/partprobe'
Making install in doc
make[2]: Entering directory '/blfs/builds/parted-3.7/doc'
Making install in C
make[3]: Entering directory '/blfs/builds/parted-3.7/doc/C'
make[4]: Entering directory '/blfs/builds/parted-3.7/doc/C'
make[4]: Nothing to be done for 'install-exec-am'.
 /usr/bin/mkdir -p '/pkgs/parted/usr/share/man/man8'
 /usr/bin/install -c -m 644 parted.8 partprobe.8 '/pkgs/parted/usr/share/man/man8'
make[4]: Leaving directory '/blfs/builds/parted-3.7/doc/C'
make[3]: Leaving directory '/blfs/builds/parted-3.7/doc/C'
Making install in pt_BR
make[3]: Entering directory '/blfs/builds/parted-3.7/doc/pt_BR'
  GEN      all-local
make[4]: Entering directory '/blfs/builds/parted-3.7/doc/pt_BR'
make[4]: Nothing to be done for 'install-exec-am'.
make[4]: Nothing to be done for 'install-data-am'.
make[4]: Leaving directory '/blfs/builds/parted-3.7/doc/pt_BR'
make[3]: Leaving directory '/blfs/builds/parted-3.7/doc/pt_BR'
make[3]: Entering directory '/blfs/builds/parted-3.7/doc'
make[4]: Entering directory '/blfs/builds/parted-3.7/doc'
make[4]: Nothing to be done for 'install-exec-am'.
 /usr/bin/mkdir -p '/pkgs/parted/usr/share/info'
 /usr/bin/install -c -m 644 ./parted.info '/pkgs/parted/usr/share/info'
 install-info --info-dir='/pkgs/parted/usr/share/info' '/pkgs/parted/usr/share/info/parted.info'
make[4]: Leaving directory '/blfs/builds/parted-3.7/doc'
make[3]: Leaving directory '/blfs/builds/parted-3.7/doc'
make[2]: Leaving directory '/blfs/builds/parted-3.7/doc'
Making install in debug
make[2]: Entering directory '/blfs/builds/parted-3.7/debug'
Making install in test
make[3]: Entering directory '/blfs/builds/parted-3.7/debug/test'
make[4]: Entering directory '/blfs/builds/parted-3.7/debug/test'
make[4]: Nothing to be done for 'install-exec-am'.
make[4]: Nothing to be done for 'install-data-am'.
make[4]: Leaving directory '/blfs/builds/parted-3.7/debug/test'
make[3]: Leaving directory '/blfs/builds/parted-3.7/debug/test'
make[3]: Entering directory '/blfs/builds/parted-3.7/debug'
make[4]: Entering directory '/blfs/builds/parted-3.7/debug'
make[4]: Nothing to be done for 'install-exec-am'.
make[4]: Nothing to be done for 'install-data-am'.
make[4]: Leaving directory '/blfs/builds/parted-3.7/debug'
make[3]: Leaving directory '/blfs/builds/parted-3.7/debug'
make[2]: Leaving directory '/blfs/builds/parted-3.7/debug'
Making install in tests
make[2]: Entering directory '/blfs/builds/parted-3.7/tests'
make[3]: Entering directory '/blfs/builds/parted-3.7/tests'
make[3]: Nothing to be done for 'install-exec-am'.
make[3]: Nothing to be done for 'install-data-am'.
make[3]: Leaving directory '/blfs/builds/parted-3.7/tests'
make[2]: Leaving directory '/blfs/builds/parted-3.7/tests'
make[2]: Entering directory '/blfs/builds/parted-3.7'
make[3]: Entering directory '/blfs/builds/parted-3.7'
make[3]: Nothing to be done for 'install-exec-am'.
 /usr/bin/mkdir -p '/pkgs/parted/usr/lib/pkgconfig'
 /usr/bin/install -c -m 644 libparted.pc libparted-fs-resize.pc '/pkgs/parted/usr/lib/pkgconfig'
make[3]: Leaving directory '/blfs/builds/parted-3.7'
make[2]: Leaving directory '/blfs/builds/parted-3.7'
make[1]: Leaving directory '/blfs/builds/parted-3.7'
install: creating directory '/usr/share/doc/parted-3.7'
install: creating directory '/usr/share/doc/parted-3.7/html'
'doc/html/align_002dcheck.html' -> '/usr/share/doc/parted-3.7/html/align_002dcheck.html'
'doc/html/Command-explanations.html' -> '/usr/share/doc/parted-3.7/html/Command-explanations.html'
'doc/html/Compiling.html' -> '/usr/share/doc/parted-3.7/html/Compiling.html'
'doc/html/Concept-index.html' -> '/usr/share/doc/parted-3.7/html/Concept-index.html'
'doc/html/Copying-This-Manual.html' -> '/usr/share/doc/parted-3.7/html/Copying-This-Manual.html'
'doc/html/disk_005fset.html' -> '/usr/share/doc/parted-3.7/html/disk_005fset.html'
'doc/html/disk_005ftoggle.html' -> '/usr/share/doc/parted-3.7/html/disk_005ftoggle.html'
'doc/html/GNU-Free-Documentation-License.html' -> '/usr/share/doc/parted-3.7/html/GNU-Free-Documentation-License.html'
'doc/html/help.html' -> '/usr/share/doc/parted-3.7/html/help.html'
'doc/html/History.html' -> '/usr/share/doc/parted-3.7/html/History.html'
'doc/html/IEC-binary-units.html' -> '/usr/share/doc/parted-3.7/html/IEC-binary-units.html'
'doc/html/index.html' -> '/usr/share/doc/parted-3.7/html/index.html'
'doc/html/Introduction.html' -> '/usr/share/doc/parted-3.7/html/Introduction.html'
'doc/html/Invoking-Parted.html' -> '/usr/share/doc/parted-3.7/html/Invoking-Parted.html'
'doc/html/License.html' -> '/usr/share/doc/parted-3.7/html/License.html'
'doc/html/mklabel.html' -> '/usr/share/doc/parted-3.7/html/mklabel.html'
'doc/html/mkpart.html' -> '/usr/share/doc/parted-3.7/html/mkpart.html'
'doc/html/name.html' -> '/usr/share/doc/parted-3.7/html/name.html'
'doc/html/Overview.html' -> '/usr/share/doc/parted-3.7/html/Overview.html'
'doc/html/Partitioning.html' -> '/usr/share/doc/parted-3.7/html/Partitioning.html'
'doc/html/print.html' -> '/usr/share/doc/parted-3.7/html/print.html'
'doc/html/quit.html' -> '/usr/share/doc/parted-3.7/html/quit.html'
'doc/html/Related-information.html' -> '/usr/share/doc/parted-3.7/html/Related-information.html'
'doc/html/rescue.html' -> '/usr/share/doc/parted-3.7/html/rescue.html'
'doc/html/resizepart.html' -> '/usr/share/doc/parted-3.7/html/resizepart.html'
'doc/html/rm.html' -> '/usr/share/doc/parted-3.7/html/rm.html'
'doc/html/Running-Parted.html' -> '/usr/share/doc/parted-3.7/html/Running-Parted.html'
'doc/html/select.html' -> '/usr/share/doc/parted-3.7/html/select.html'
'doc/html/set.html' -> '/usr/share/doc/parted-3.7/html/set.html'
'doc/html/Software-Required.html' -> '/usr/share/doc/parted-3.7/html/Software-Required.html'
'doc/html/Supported-Platforms.html' -> '/usr/share/doc/parted-3.7/html/Supported-Platforms.html'
'doc/html/toggle.html' -> '/usr/share/doc/parted-3.7/html/toggle.html'
'doc/html/type.html' -> '/usr/share/doc/parted-3.7/html/type.html'
'doc/html/unit.html' -> '/usr/share/doc/parted-3.7/html/unit.html'
'doc/html/Using-Parted.html' -> '/usr/share/doc/parted-3.7/html/Using-Parted.html'
'doc/FAT' -> '/usr/share/doc/parted-3.7/FAT'
install: cannot stat 'doc/API': No such file or directory
'doc/parted.txt' -> '/usr/share/doc/parted-3.7/parted.txt'
'doc/parted.html' -> '/usr/share/doc/parted-3.7/parted.html'
