--2026-04-10 09:22:33--  https://download.videolan.org/vlc/3.0.23/vlc-3.0.23.tar.xz
Resolving download.videolan.org (download.videolan.org)... 213.36.253.2, 2a01:e0d:1:3:58bf:fa02:c0de:5
Connecting to download.videolan.org (download.videolan.org)|213.36.253.2|:443... connected.
HTTP request sent, awaiting response... 200 OK
Length: 26486988 (25M) [application/octet-stream]
Saving to: ‘vlc-3.0.23.tar.xz’

     0K .......... .......... .......... .......... ..........  0%  568K 45s
    50K .......... .......... .......... .......... ..........  0%  572K 45s
   100K .......... .......... .......... .......... ..........  0% 9.94M 31s
   150K .......... .......... .......... .......... ..........  0%  549K 35s
   200K .......... .......... .......... .......... ..........  0%  624K 36s
   250K .......... .......... .......... .......... ..........  1% 5.82M 31s
   300K .......... .......... .......... .......... ..........  1% 39.7M 26s
   350K .......... .......... .......... .......... ..........  1%  608K 28s
   400K .......... .......... .......... .......... ..........  1% 1.21M 27s
   450K .......... .......... .......... .......... ..........  1% 39.0M 25s
   500K .......... .......... .......... .......... ..........  2%  994K 25s
   550K .......... .......... .......... .......... ..........  2% 38.9M 23s
   600K .......... .......... .......... .......... ..........  2% 1.39M 22s
   650K .......... .......... .......... .......... ..........  2% 38.8M 21s
   700K .......... .......... .......... .......... ..........  2% 1.06M 21s
   750K .......... .......... .......... .......... ..........  3% 12.7M 20s
   800K .......... .......... .......... .......... ..........  3% 12.0M 18s
   850K .......... .......... .......... .......... ..........  3% 1.53M 18s
   900K .......... .......... .......... .......... ..........  3% 11.2M 17s
   950K .......... .......... .......... .......... ..........  3% 1.10M 18s
  1000K .......... .......... .......... .......... ..........  4% 14.5M 17s
  1050K .......... .......... .......... .......... ..........  4% 82.4M 16s
  1100K .......... .......... .......... .......... ..........  4%  138M 15s
  1150K .......... .......... .......... .......... ..........  4% 14.3M 15s
  1200K .......... .......... .......... .......... ..........  4%  121M 14s
  1250K .......... .......... .......... .......... ..........  5%  119M 14s
  1300K .......... .......... .......... .......... ..........  5%  126M 13s
  1350K .......... .......... .......... .......... ..........  5% 1.42M 13s
  1400K .......... .......... .......... .......... ..........  5% 89.3M 13s
  1450K .......... .......... .......... .......... ..........  5% 1.10M 13s
  1500K .......... .......... .......... .......... ..........  5% 11.2M 13s
  1550K .......... .......... .......... .......... ..........  6% 31.4M 12s
  1600K .......... .......... .......... .......... ..........  6% 23.9M 12s
  1650K .......... .......... .......... .......... ..........  6% 36.9M 11s
  1700K .......... .......... .......... .......... ..........  6% 40.7M 11s
  1750K .......... .......... .......... .......... ..........  6% 23.3M 11s
  1800K .......... .......... .......... .......... ..........  7% 1.81M 11s
  1850K .......... .......... .......... .......... ..........  7% 9.09M 11s
  1900K .......... .......... .......... .......... ..........  7% 41.2M 10s
  1950K .......... .......... .......... .......... ..........  7% 1.09M 11s
  2000K .......... .......... .......... .......... ..........  7% 68.0M 10s
  2050K .......... .......... .......... .......... ..........  8%  128M 10s
  2100K .......... .......... .......... .......... ..........  8%  136M 10s
  2150K .......... .......... .......... .......... ..........  8%  123M 10s
  2200K .......... .......... .......... .......... ..........  8% 97.9M 9s
  2250K .......... .......... .......... .......... ..........  8%  157M 9s
  2300K .......... .......... .......... .......... ..........  9% 33.1M 9s
  2350K .......... .......... .......... .......... ..........  9% 75.9M 9s
  2400K .......... .......... .......... .......... ..........  9%  158M 9s
  2450K .......... .......... .......... .......... ..........  9% 93.9M 8s
  2500K .......... .......... .......... .......... ..........  9%  113M 8s
  2550K .......... .......... .......... .......... .......... 10%  148M 8s
  2600K .......... .......... .......... .......... .......... 10% 22.8M 8s
  2650K .......... .......... .......... .......... .......... 10%  178M 8s
  2700K .......... .......... .......... .......... .......... 10% 1.79M 8s
  2750K .......... .......... .......... .......... .......... 10% 6.00M 8s
  2800K .......... .......... .......... .......... .......... 11% 1.21M 8s
  2850K .......... .......... .......... .......... .......... 11%  216M 8s
  2900K .......... .......... .......... .......... .......... 11% 13.8M 8s
  2950K .......... .......... .......... .......... .......... 11% 12.3M 7s
  3000K .......... .......... .......... .......... .......... 11%  138M 7s
  3050K .......... .......... .......... .......... .......... 11% 95.9M 7s
  3100K .......... .......... .......... .......... .......... 12%  179M 7s
  3150K .......... .......... .......... .......... .......... 12% 98.2M 7s
  3200K .......... .......... .......... .......... .......... 12%  108M 7s
  3250K .......... .......... .......... .......... .......... 12% 96.2M 7s
  3300K .......... .......... .......... .......... .......... 12%  156M 7s
  3350K .......... .......... .......... .......... .......... 13% 45.9M 6s
  3400K .......... .......... .......... .......... .......... 13% 95.6M 6s
  3450K .......... .......... .......... .......... .......... 13%  154M 6s
  3500K .......... .......... .......... .......... .......... 13%  106M 6s
  3550K .......... .......... .......... .......... .......... 13% 87.5M 6s
  3600K .......... .......... .......... .......... .......... 14% 23.1M 6s
  3650K .......... .......... .......... .......... .......... 14% 1.36M 6s
  3700K .......... .......... .......... .......... .......... 14% 1.36M 6s
  3750K .......... .......... .......... .......... .......... 14%  111M 6s
  3800K .......... .......... .......... .......... .......... 14% 79.2M 6s
  3850K .......... .......... .......... .......... .......... 15%  206M 6s
  3900K .......... .......... .......... .......... .......... 15%  118M 6s
  3950K .......... .......... .......... .......... .......... 15% 22.1M 6s
  4000K .......... .......... .......... .......... .......... 15%  132M 6s
  4050K .......... .......... .......... .......... .......... 15%  113M 6s
  4100K .......... .......... .......... .......... .......... 16%  115M 6s
  4150K .......... .......... .......... .......... .......... 16%  123M 5s
  4200K .......... .......... .......... .......... .......... 16% 20.7M 5s
  4250K .......... .......... .......... .......... .......... 16%  119M 5s
  4300K .......... .......... .......... .......... .......... 16%  121M 5s
  4350K .......... .......... .......... .......... .......... 17% 80.0M 5s
  4400K .......... .......... .......... .......... .......... 17%  117M 5s
  4450K .......... .......... .......... .......... .......... 17%  117M 5s
  4500K .......... .......... .......... .......... .......... 17%  115M 5s
  4550K .......... .......... .......... .......... .......... 17% 27.2M 5s
  4600K .......... .......... .......... .......... .......... 17%  136M 5s
  4650K .......... .......... .......... .......... .......... 18% 98.7M 5s
  4700K .......... .......... .......... .......... .......... 18%  118M 5s
  4750K .......... .......... .......... .......... .......... 18% 97.6M 5s
  4800K .......... .......... .......... .......... .......... 18% 98.0M 5s
  4850K .......... .......... .......... .......... .......... 18%  111M 5s
  4900K .......... .......... .......... .......... .......... 19%  117M 5s
  4950K .......... .......... .......... .......... .......... 19%  113M 4s
  5000K .......... .......... .......... .......... .......... 19%  109M 4s
  5050K .......... .......... .......... .......... .......... 19%  142M 4s
  5100K .......... .......... .......... .......... .......... 19%  108M 4s
  5150K .......... .......... .......... .......... .......... 20% 57.6M 4s
  5200K .......... .......... .......... .......... .......... 20%  123M 4s
  5250K .......... .......... .......... .......... .......... 20% 9.96M 4s
  5300K .......... .......... .......... .......... .......... 20% 2.90M 4s
  5350K .......... .......... .......... .......... .......... 20% 3.95M 4s
  5400K .......... .......... .......... .......... .......... 21% 1.29M 4s
  5450K .......... .......... .......... .......... .......... 21% 41.4M 4s
  5500K .......... .......... .......... .......... .......... 21% 23.1M 4s
  5550K .......... .......... .......... .......... .......... 21% 23.5M 4s
  5600K .......... .......... .......... .......... .......... 21% 73.8M 4s
  5650K .......... .......... .......... .......... .......... 22%  189M 4s
  5700K .......... .......... .......... .......... .......... 22%  230M 4s
  5750K .......... .......... .......... .......... .......... 22%  254M 4s
  5800K .......... .......... .......... .......... .......... 22%  230M 4s
  5850K .......... .......... .......... .......... .......... 22%  238M 4s
  5900K .......... .......... .......... .......... .......... 23%  237M 4s
  5950K .......... .......... .......... .......... .......... 23%  200M 4s
  6000K .......... .......... .......... .......... .......... 23%  259M 4s
  6050K .......... .......... .......... .......... .......... 23%  238M 4s
  6100K .......... .......... .......... .......... .......... 23%  280M 4s
  6150K .......... .......... .......... .......... .......... 23% 24.5M 4s
  6200K .......... .......... .......... .......... .......... 24%  136M 4s
  6250K .......... .......... .......... .......... .......... 24% 91.9M 4s
  6300K .......... .......... .......... .......... .......... 24%  112M 4s
  6350K .......... .......... .......... .......... .......... 24% 94.5M 4s
  6400K .......... .......... .......... .......... .......... 24%  136M 3s
  6450K .......... .......... .......... .......... .......... 25% 26.5M 3s
  6500K .......... .......... .......... .......... .......... 25%  186M 3s
  6550K .......... .......... .......... .......... .......... 25%  112M 3s
  6600K .......... .......... .......... .......... .......... 25%  162M 3s
  6650K .......... .......... .......... .......... .......... 25%  107M 3s
  6700K .......... .......... .......... .......... .......... 26% 98.1M 3s
  6750K .......... .......... .......... .......... .......... 26% 96.5M 3s
  6800K .......... .......... .......... .......... .......... 26% 95.9M 3s
  6850K .......... .......... .......... .......... .......... 26%  158M 3s
  6900K .......... .......... .......... .......... .......... 26% 64.6M 3s
  6950K .......... .......... .......... .......... .......... 27%  154M 3s
  7000K .......... .......... .......... .......... .......... 27%  105M 3s
  7050K .......... .......... .......... .......... .......... 27% 15.9M 3s
  7100K .......... .......... .......... .......... .......... 27% 3.05M 3s
  7150K .......... .......... .......... .......... .......... 27% 12.7M 3s
  7200K .......... .......... .......... .......... .......... 28% 1.11M 3s
  7250K .......... .......... .......... .......... .......... 28% 57.6M 3s
  7300K .......... .......... .......... .......... .......... 28% 80.7M 3s
  7350K .......... .......... .......... .......... .......... 28% 13.7M 3s
  7400K .......... .......... .......... .......... .......... 28% 42.2M 3s
  7450K .......... .......... .......... .......... .......... 28% 39.3M 3s
  7500K .......... .......... .......... .......... .......... 29% 32.0M 3s
  7550K .......... .......... .......... .......... .......... 29%  106M 3s
  7600K .......... .......... .......... .......... .......... 29%  251M 3s
  7650K .......... .......... .......... .......... .......... 29%  245M 3s
  7700K .......... .......... .......... .......... .......... 29%  236M 3s
  7750K .......... .......... .......... .......... .......... 30%  162M 3s
  7800K .......... .......... .......... .......... .......... 30%  268M 3s
  7850K .......... .......... .......... .......... .......... 30%  250M 3s
  7900K .......... .......... .......... .......... .......... 30%  206M 3s
  7950K .......... .......... .......... .......... .......... 30%  151M 3s
  8000K .......... .......... .......... .......... .......... 31%  153M 3s
  8050K .......... .......... .......... .......... .......... 31%  232M 3s
  8100K .......... .......... .......... .......... .......... 31%  224M 3s
  8150K .......... .......... .......... .......... .......... 31%  231M 3s
  8200K .......... .......... .......... .......... .......... 31%  207M 3s
  8250K .......... .......... .......... .......... .......... 32%  234M 3s
  8300K .......... .......... .......... .......... .......... 32%  277M 3s
  8350K .......... .......... .......... .......... .......... 32% 91.3M 3s
  8400K .......... .......... .......... .......... .......... 32%  135M 3s
  8450K .......... .......... .......... .......... .......... 32% 95.6M 3s
  8500K .......... .......... .......... .......... .......... 33%  161M 3s
  8550K .......... .......... .......... .......... .......... 33%  109M 3s
  8600K .......... .......... .......... .......... .......... 33% 97.1M 2s
  8650K .......... .......... .......... .......... .......... 33%  154M 2s
  8700K .......... .......... .......... .......... .......... 33%  110M 2s
  8750K .......... .......... .......... .......... .......... 34% 87.5M 2s
  8800K .......... .......... .......... .......... .......... 34%  106M 2s
  8850K .......... .......... .......... .......... .......... 34%  161M 2s
  8900K .......... .......... .......... .......... .......... 34% 95.5M 2s
  8950K .......... .......... .......... .......... .......... 34%  111M 2s
  9000K .......... .......... .......... .......... .......... 34%  155M 2s
  9050K .......... .......... .......... .......... .......... 35% 96.9M 2s
  9100K .......... .......... .......... .......... .......... 35%  110M 2s
  9150K .......... .......... .......... .......... .......... 35% 93.8M 2s
  9200K .......... .......... .......... .......... .......... 35% 97.9M 2s
  9250K .......... .......... .......... .......... .......... 35%  164M 2s
  9300K .......... .......... .......... .......... .......... 36%  107M 2s
  9350K .......... .......... .......... .......... .......... 36% 94.8M 2s
  9400K .......... .......... .......... .......... .......... 36%  166M 2s
  9450K .......... .......... .......... .......... .......... 36%  110M 2s
  9500K .......... .......... .......... .......... .......... 36% 94.4M 2s
  9550K .......... .......... .......... .......... .......... 37% 99.0M 2s
  9600K .......... .......... .......... .......... .......... 37%  147M 2s
  9650K .......... .......... .......... .......... .......... 37%  107M 2s
  9700K .......... .......... .......... .......... .......... 37% 98.5M 2s
  9750K .......... .......... .......... .......... .......... 37%  150M 2s
  9800K .......... .......... .......... .......... .......... 38% 65.6M 2s
  9850K .......... .......... .......... .......... .......... 38%  167M 2s
  9900K .......... .......... .......... .......... .......... 38%  108M 2s
  9950K .......... .......... .......... .......... .......... 38% 86.0M 2s
 10000K .......... .......... .......... .......... .......... 38%  110M 2s
 10050K .......... .......... .......... .......... .......... 39% 95.4M 2s
 10100K .......... .......... .......... .......... .......... 39%  151M 2s
 10150K .......... .......... .......... .......... .......... 39%  110M 2s
 10200K .......... .......... .......... .......... .......... 39% 92.7M 2s
 10250K .......... .......... .......... .......... .......... 39% 4.78M 2s
 10300K .......... .......... .......... .......... .......... 40%  108M 2s
 10350K .......... .......... .......... .......... .......... 40% 12.5M 2s
 10400K .......... .......... .......... .......... .......... 40% 6.24M 2s
 10450K .......... .......... .......... .......... .......... 40% 1.36M 2s
 10500K .......... .......... .......... .......... .......... 40% 85.0M 2s
 10550K .......... .......... .......... .......... .......... 40%  133M 2s
 10600K .......... .......... .......... .......... .......... 41%  145M 2s
 10650K .......... .......... .......... .......... .......... 41%  123M 2s
 10700K .......... .......... .......... .......... .......... 41% 21.4M 2s
 10750K .......... .......... .......... .......... .......... 41%  104M 2s
 10800K .......... .......... .......... .......... .......... 41% 89.3M 2s
 10850K .......... .......... .......... .......... .......... 42%  190M 2s
 10900K .......... .......... .......... .......... .......... 42%  157M 2s
 10950K .......... .......... .......... .......... .......... 42%  105M 2s
 11000K .......... .......... .......... .......... .......... 42% 93.5M 2s
 11050K .......... .......... .......... .......... .......... 42% 31.4M 2s
 11100K .......... .......... .......... .......... .......... 43% 12.1M 2s
 11150K .......... .......... .......... .......... .......... 43% 91.8M 2s
 11200K .......... .......... .......... .......... .......... 43% 92.4M 2s
 11250K .......... .......... .......... .......... .......... 43%  114M 2s
 11300K .......... .......... .......... .......... .......... 43%  159M 2s
 11350K .......... .......... .......... .......... .......... 44% 98.2M 2s
 11400K .......... .......... .......... .......... .......... 44%  106M 2s
 11450K .......... .......... .......... .......... .......... 44%  145M 2s
 11500K .......... .......... .......... .......... .......... 44%  116M 2s
 11550K .......... .......... .......... .......... .......... 44% 85.4M 2s
 11600K .......... .......... .......... .......... .......... 45%  110M 2s
 11650K .......... .......... .......... .......... .......... 45% 94.2M 2s
 11700K .......... .......... .......... .......... .......... 45%  164M 2s
 11750K .......... .......... .......... .......... .......... 45%  106M 2s
 11800K .......... .......... .......... .......... .......... 45%  153M 2s
 11850K .......... .......... .......... .......... .......... 46% 95.3M 2s
 11900K .......... .......... .......... .......... .......... 46%  108M 2s
 11950K .......... .......... .......... .......... .......... 46% 95.2M 2s
 12000K .......... .......... .......... .......... .......... 46% 95.9M 2s
 12050K .......... .......... .......... .......... .......... 46%  164M 2s
 12100K .......... .......... .......... .......... .......... 46%  104M 2s
 12150K .......... .......... .......... .......... .......... 47%  149M 2s
 12200K .......... .......... .......... .......... .......... 47%  102M 1s
 12250K .......... .......... .......... .......... .......... 47%  105M 1s
 12300K .......... .......... .......... .......... .......... 47%  154M 1s
 12350K .......... .......... .......... .......... .......... 47% 69.2M 1s
 12400K .......... .......... .......... .......... .......... 48%  153M 1s
 12450K .......... .......... .......... .......... .......... 48%  112M 1s
 12500K .......... .......... .......... .......... .......... 48% 97.8M 1s
 12550K .......... .......... .......... .......... .......... 48%  141M 1s
 12600K .......... .......... .......... .......... .......... 48%  112M 1s
 12650K .......... .......... .......... .......... .......... 49%  160M 1s
 12700K .......... .......... .......... .......... .......... 49% 93.6M 1s
 12750K .......... .......... .......... .......... .......... 49%  101M 1s
 12800K .......... .......... .......... .......... .......... 49%  109M 1s
 12850K .......... .......... .......... .......... .......... 49% 93.4M 1s
 12900K .......... .......... .......... .......... .......... 50% 95.1M 1s
 12950K .......... .......... .......... .......... .......... 50%  154M 1s
 13000K .......... .......... .......... .......... .......... 50%  109M 1s
 13050K .......... .......... .......... .......... .......... 50% 21.9M 1s
 13100K .......... .......... .......... .......... .......... 50%  127M 1s
 13150K .......... .......... .......... .......... .......... 51% 87.1M 1s
 13200K .......... .......... .......... .......... .......... 51%  111M 1s
 13250K .......... .......... .......... .......... .......... 51%  156M 1s
 13300K .......... .......... .......... .......... .......... 51% 90.4M 1s
 13350K .......... .......... .......... .......... .......... 51%  115M 1s
 13400K .......... .......... .......... .......... .......... 51%  156M 1s
 13450K .......... .......... .......... .......... .......... 52% 91.0M 1s
 13500K .......... .......... .......... .......... .......... 52%  119M 1s
 13550K .......... .......... .......... .......... .......... 52% 93.4M 1s
 13600K .......... .......... .......... .......... .......... 52% 94.9M 1s
 13650K .......... .......... .......... .......... .......... 52%  150M 1s
 13700K .......... .......... .......... .......... .......... 53%  100M 1s
 13750K .......... .......... .......... .......... .......... 53%  172M 1s
 13800K .......... .......... .......... .......... .......... 53% 96.8M 1s
 13850K .......... .......... .......... .......... .......... 53%  114M 1s
 13900K .......... .......... .......... .......... .......... 53% 26.0M 1s
 13950K .......... .......... .......... .......... .......... 54% 12.0M 1s
 14000K .......... .......... .......... .......... .......... 54% 6.17M 1s
 14050K .......... .......... .......... .......... .......... 54% 1.29M 1s
 14100K .......... .......... .......... .......... .......... 54% 21.7M 1s
 14150K .......... .......... .......... .......... .......... 54%  135M 1s
 14200K .......... .......... .......... .......... .......... 55%  165M 1s
 14250K .......... .......... .......... .......... .......... 55%  200M 1s
 14300K .......... .......... .......... .......... .......... 55%  192M 1s
 14350K .......... .......... .......... .......... .......... 55%  138M 1s
 14400K .......... .......... .......... .......... .......... 55%  190M 1s
 14450K .......... .......... .......... .......... .......... 56%  164M 1s
 14500K .......... .......... .......... .......... .......... 56%  174M 1s
 14550K .......... .......... .......... .......... .......... 56%  191M 1s
 14600K .......... .......... .......... .......... .......... 56%  203M 1s
 14650K .......... .......... .......... .......... .......... 56%  196M 1s
 14700K .......... .......... .......... .......... .......... 57%  167M 1s
 14750K .......... .......... .......... .......... .......... 57%  161M 1s
 14800K .......... .......... .......... .......... .......... 57%  190M 1s
 14850K .......... .......... .......... .......... .......... 57%  159M 1s
 14900K .......... .......... .......... .......... .......... 57%  197M 1s
 14950K .......... .......... .......... .......... .......... 57%  215M 1s
 15000K .......... .......... .......... .......... .......... 58%  119M 1s
 15050K .......... .......... .......... .......... .......... 58%  116M 1s
 15100K .......... .......... .......... .......... .......... 58%  116M 1s
 15150K .......... .......... .......... .......... .......... 58% 54.1M 1s
 15200K .......... .......... .......... .......... .......... 58%  114M 1s
 15250K .......... .......... .......... .......... .......... 59% 86.4M 1s
 15300K .......... .......... .......... .......... .......... 59%  104M 1s
 15350K .......... .......... .......... .......... .......... 59%  176M 1s
 15400K .......... .......... .......... .......... .......... 59%  130M 1s
 15450K .......... .......... .......... .......... .......... 59%  116M 1s
 15500K .......... .......... .......... .......... .......... 60%  114M 1s
 15550K .......... .......... .......... .......... .......... 60% 86.5M 1s
 15600K .......... .......... .......... .......... .......... 60%  120M 1s
 15650K .......... .......... .......... .......... .......... 60%  119M 1s
 15700K .......... .......... .......... .......... .......... 60%  119M 1s
 15750K .......... .......... .......... .......... .......... 61%  118M 1s
 15800K .......... .......... .......... .......... .......... 61% 88.9M 1s
 15850K .......... .......... .......... .......... .......... 61%  114M 1s
 15900K .......... .......... .......... .......... .......... 61%  110M 1s
 15950K .......... .......... .......... .......... .......... 61% 95.5M 1s
 16000K .......... .......... .......... .......... .......... 62% 98.3M 1s
 16050K .......... .......... .......... .......... .......... 62%  133M 1s
 16100K .......... .......... .......... .......... .......... 62%  109M 1s
 16150K .......... .......... .......... .......... .......... 62%  102M 1s
 16200K .......... .......... .......... .......... .......... 62%  160M 1s
 16250K .......... .......... .......... .......... .......... 63%  104M 1s
 16300K .......... .......... .......... .......... .......... 63% 35.6M 1s
 16350K .......... .......... .......... .......... .......... 63% 79.5M 1s
 16400K .......... .......... .......... .......... .......... 63%  148M 1s
 16450K .......... .......... .......... .......... .......... 63% 98.3M 1s
 16500K .......... .......... .......... .......... .......... 63%  111M 1s
 16550K .......... .......... .......... .......... .......... 64%  147M 1s
 16600K .......... .......... .......... .......... .......... 64% 99.8M 1s
 16650K .......... .......... .......... .......... .......... 64%  104M 1s
 16700K .......... .......... .......... .......... .......... 64%  149M 1s
 16750K .......... .......... .......... .......... .......... 64% 99.2M 1s
 16800K .......... .......... .......... .......... .......... 65% 96.3M 1s
 16850K .......... .......... .......... .......... .......... 65%  107M 1s
 16900K .......... .......... .......... .......... .......... 65%  119M 1s
 16950K .......... .......... .......... .......... .......... 65%  134M 1s
 17000K .......... .......... .......... .......... .......... 65% 96.2M 1s
 17050K .......... .......... .......... .......... .......... 66%  152M 1s
 17100K .......... .......... .......... .......... .......... 66%  108M 1s
 17150K .......... .......... .......... .......... .......... 66% 86.5M 1s
 17200K .......... .......... .......... .......... .......... 66%  111M 1s
 17250K .......... .......... .......... .......... .......... 66%  130M 1s
 17300K .......... .......... .......... .......... .......... 67%  124M 1s
 17350K .......... .......... .......... .......... .......... 67% 96.4M 1s
 17400K .......... .......... .......... .......... .......... 67%  160M 1s
 17450K .......... .......... .......... .......... .......... 67%  111M 1s
 17500K .......... .......... .......... .......... .......... 67% 95.7M 1s
 17550K .......... .......... .......... .......... .......... 68% 94.5M 1s
 17600K .......... .......... .......... .......... .......... 68% 94.3M 1s
 17650K .......... .......... .......... .......... .......... 68% 91.4M 1s
 17700K .......... .......... .......... .......... .......... 68%  141M 1s
 17750K .......... .......... .......... .......... .......... 68% 66.3M 1s
 17800K .......... .......... .......... .......... .......... 69% 90.7M 1s
 17850K .......... .......... .......... .......... .......... 69%  155M 1s
 17900K .......... .......... .......... .......... .......... 69%  118M 1s
 17950K .......... .......... .......... .......... .......... 69% 85.0M 1s
 18000K .......... .......... .......... .......... .......... 69%  114M 1s
 18050K .......... .......... .......... .......... .......... 69%  151M 1s
 18100K .......... .......... .......... .......... .......... 70% 92.8M 1s
 18150K .......... .......... .......... .......... .......... 70%  114M 1s
 18200K .......... .......... .......... .......... .......... 70% 89.6M 1s
 18250K .......... .......... .......... .......... .......... 70%  180M 1s
 18300K .......... .......... .......... .......... .......... 70% 93.8M 1s
 18350K .......... .......... .......... .......... .......... 71% 96.2M 1s
 18400K .......... .......... .......... .......... .......... 71% 92.5M 1s
 18450K .......... .......... .......... .......... .......... 71%  111M 1s
 18500K .......... .......... .......... .......... .......... 71% 96.8M 1s
 18550K .......... .......... .......... .......... .......... 71%  134M 1s
 18600K .......... .......... .......... .......... .......... 72%  122M 1s
 18650K .......... .......... .......... .......... .......... 72% 88.2M 1s
 18700K .......... .......... .......... .......... .......... 72%  179M 1s
 18750K .......... .......... .......... .......... .......... 72% 67.8M 1s
 18800K .......... .......... .......... .......... .......... 72%  163M 1s
 18850K .......... .......... .......... .......... .......... 73%  109M 1s
 18900K .......... .......... .......... .......... .......... 73% 95.5M 1s
 18950K .......... .......... .......... .......... .......... 73% 95.2M 1s
 19000K .......... .......... .......... .......... .......... 73%  122M 1s
 19050K .......... .......... .......... .......... .......... 73%  125M 1s
 19100K .......... .......... .......... .......... .......... 74%  159M 1s
 19150K .......... .......... .......... .......... .......... 74% 68.4M 1s
 19200K .......... .......... .......... .......... .......... 74%  154M 1s
 19250K .......... .......... .......... .......... .......... 74%  110M 0s
 19300K .......... .......... .......... .......... .......... 74% 93.8M 0s
 19350K .......... .......... .......... .......... .......... 75%  160M 0s
 19400K .......... .......... .......... .......... .......... 75% 65.8M 0s
 19450K .......... .......... .......... .......... .......... 75%  165M 0s
 19500K .......... .......... .......... .......... .......... 75% 94.2M 0s
 19550K .......... .......... .......... .......... .......... 75% 95.6M 0s
 19600K .......... .......... .......... .......... .......... 75%  111M 0s
 19650K .......... .......... .......... .......... .......... 76% 92.7M 0s
 19700K .......... .......... .......... .......... .......... 76% 92.4M 0s
 19750K .......... .......... .......... .......... .......... 76% 97.9M 0s
 19800K .......... .......... .......... .......... .......... 76%  160M 0s
 19850K .......... .......... .......... .......... .......... 76% 93.1M 0s
 19900K .......... .......... .......... .......... .......... 77%  110M 0s
 19950K .......... .......... .......... .......... .......... 77% 94.9M 0s
 20000K .......... .......... .......... .......... .......... 77% 97.9M 0s
 20050K .......... .......... .......... .......... .......... 77%  159M 0s
 20100K .......... .......... .......... .......... .......... 77% 57.6M 0s
 20150K .......... .......... .......... .......... .......... 78%  107M 0s
 20200K .......... .......... .......... .......... .......... 78% 95.9M 0s
 20250K .......... .......... .......... .......... .......... 78%  159M 0s
 20300K .......... .......... .......... .......... .......... 78% 65.9M 0s
 20350K .......... .......... .......... .......... .......... 78% 97.1M 0s
 20400K .......... .......... .......... .......... .......... 79% 35.6M 0s
 20450K .......... .......... .......... .......... .......... 79% 1.79M 0s
 20500K .......... .......... .......... .......... .......... 79% 87.0M 0s
 20550K .......... .......... .......... .......... .......... 79%  164M 0s
 20600K .......... .......... .......... .......... .......... 79% 16.3M 0s
 20650K .......... .......... .......... .......... .......... 80%  126M 0s
 20700K .......... .......... .......... .......... .......... 80%  135M 0s
 20750K .......... .......... .......... .......... .......... 80% 83.2M 0s
 20800K .......... .......... .......... .......... .......... 80%  113M 0s
 20850K .......... .......... .......... .......... .......... 80%  142M 0s
 20900K .......... .......... .......... .......... .......... 80%  109M 0s
 20950K .......... .......... .......... .......... .......... 81%  116M 0s
 21000K .......... .......... .......... .......... .......... 81%  114M 0s
 21050K .......... .......... .......... .......... .......... 81%  116M 0s
 21100K .......... .......... .......... .......... .......... 81%  116M 0s
 21150K .......... .......... .......... .......... .......... 81% 93.3M 0s
 21200K .......... .......... .......... .......... .......... 82%  116M 0s
 21250K .......... .......... .......... .......... .......... 82% 4.52M 0s
 21300K .......... .......... .......... .......... .......... 82%  121M 0s
 21350K .......... .......... .......... .......... .......... 82%  115M 0s
 21400K .......... .......... .......... .......... .......... 82% 86.0M 0s
 21450K .......... .......... .......... .......... .......... 83%  120M 0s
 21500K .......... .......... .......... .......... .......... 83%  115M 0s
 21550K .......... .......... .......... .......... .......... 83% 84.5M 0s
 21600K .......... .......... .......... .......... .......... 83% 50.0M 0s
 21650K .......... .......... .......... .......... .......... 83% 36.3M 0s
 21700K .......... .......... .......... .......... .......... 84% 41.5M 0s
 21750K .......... .......... .......... .......... .......... 84%  115M 0s
 21800K .......... .......... .......... .......... .......... 84%  120M 0s
 21850K .......... .......... .......... .......... .......... 84% 51.1M 0s
 21900K .......... .......... .......... .......... .......... 84% 18.5M 0s
 21950K .......... .......... .......... .......... .......... 85% 22.6M 0s
 22000K .......... .......... .......... .......... .......... 85%  104M 0s
 22050K .......... .......... .......... .......... .......... 85%  111M 0s
 22100K .......... .......... .......... .......... .......... 85%  104M 0s
 22150K .......... .......... .......... .......... .......... 85%  126M 0s
 22200K .......... .......... .......... .......... .......... 86%  116M 0s
 22250K .......... .......... .......... .......... .......... 86%  127M 0s
 22300K .......... .......... .......... .......... .......... 86%  116M 0s
 22350K .......... .......... .......... .......... .......... 86% 83.9M 0s
 22400K .......... .......... .......... .......... .......... 86%  113M 0s
 22450K .......... .......... .......... .......... .......... 86%  117M 0s
 22500K .......... .......... .......... .......... .......... 87%  112M 0s
 22550K .......... .......... .......... .......... .......... 87%  114M 0s
 22600K .......... .......... .......... .......... .......... 87%  114M 0s
 22650K .......... .......... .......... .......... .......... 87%  113M 0s
 22700K .......... .......... .......... .......... .......... 87%  139M 0s
 22750K .......... .......... .......... .......... .......... 88% 78.0M 0s
 22800K .......... .......... .......... .......... .......... 88%  118M 0s
 22850K .......... .......... .......... .......... .......... 88%  115M 0s
 22900K .......... .......... .......... .......... .......... 88%  118M 0s
 22950K .......... .......... .......... .......... .......... 88%  110M 0s
 23000K .......... .......... .......... .......... .......... 89%  117M 0s
 23050K .......... .......... .......... .......... .......... 89%  117M 0s
 23100K .......... .......... .......... .......... .......... 89%  115M 0s
 23150K .......... .......... .......... .......... .......... 89% 88.9M 0s
 23200K .......... .......... .......... .......... .......... 89%  117M 0s
 23250K .......... .......... .......... .......... .......... 90%  110M 0s
 23300K .......... .......... .......... .......... .......... 90%  116M 0s
 23350K .......... .......... .......... .......... .......... 90%  115M 0s
 23400K .......... .......... .......... .......... .......... 90%  112M 0s
 23450K .......... .......... .......... .......... .......... 90%  124M 0s
 23500K .......... .......... .......... .......... .......... 91%  116M 0s
 23550K .......... .......... .......... .......... .......... 91% 95.6M 0s
 23600K .......... .......... .......... .......... .......... 91%  106M 0s
 23650K .......... .......... .......... .......... .......... 91%  112M 0s
 23700K .......... .......... .......... .......... .......... 91%  119M 0s
 23750K .......... .......... .......... .......... .......... 92% 79.2M 0s
 23800K .......... .......... .......... .......... .......... 92%  118M 0s
 23850K .......... .......... .......... .......... .......... 92%  115M 0s
 23900K .......... .......... .......... .......... .......... 92%  109M 0s
 23950K .......... .......... .......... .......... .......... 92%  101M 0s
 24000K .......... .......... .......... .......... .......... 92%  106M 0s
 24050K .......... .......... .......... .......... .......... 93%  119M 0s
 24100K .......... .......... .......... .......... .......... 93% 71.2M 0s
 24150K .......... .......... .......... .......... .......... 93%  118M 0s
 24200K .......... .......... .......... .......... .......... 93%  118M 0s
 24250K .......... .......... .......... .......... .......... 93%  112M 0s
 24300K .......... .......... .......... .......... .......... 94%  120M 0s
 24350K .......... .......... .......... .......... .......... 94% 96.3M 0s
 24400K .......... .......... .......... .......... .......... 94%  111M 0s
 24450K .......... .......... .......... .......... .......... 94%  118M 0s
 24500K .......... .......... .......... .......... .......... 94% 43.0M 0s
 24550K .......... .......... .......... .......... .......... 95%  105M 0s
 24600K .......... .......... .......... .......... .......... 95%  132M 0s
 24650K .......... .......... .......... .......... .......... 95% 96.1M 0s
 24700K .......... .......... .......... .......... .......... 95%  147M 0s
 24750K .......... .......... .......... .......... .......... 95% 73.8M 0s
 24800K .......... .......... .......... .......... .......... 96%  116M 0s
 24850K .......... .......... .......... .......... .......... 96%  116M 0s
 24900K .......... .......... .......... .......... .......... 96%  120M 0s
 24950K .......... .......... .......... .......... .......... 96%  113M 0s
 25000K .......... .......... .......... .......... .......... 96%  107M 0s
 25050K .......... .......... .......... .......... .......... 97%  116M 0s
 25100K .......... .......... .......... .......... .......... 97%  122M 0s
 25150K .......... .......... .......... .......... .......... 97% 78.6M 0s
 25200K .......... .......... .......... .......... .......... 97%  114M 0s
 25250K .......... .......... .......... .......... .......... 97%  126M 0s
 25300K .......... .......... .......... .......... .......... 98%  112M 0s
 25350K .......... .......... .......... .......... .......... 98%  116M 0s
 25400K .......... .......... .......... .......... .......... 98%  117M 0s
 25450K .......... .......... .......... .......... .......... 98%  110M 0s
 25500K .......... .......... .......... .......... .......... 98%  118M 0s
 25550K .......... .......... .......... .......... .......... 98% 95.5M 0s
 25600K .......... .......... .......... .......... .......... 99%  115M 0s
 25650K .......... .......... .......... .......... .......... 99%  123M 0s
 25700K .......... .......... .......... .......... .......... 99%  104M 0s
 25750K .......... .......... .......... .......... .......... 99%  110M 0s
 25800K .......... .......... .......... .......... .......... 99%  132M 0s
 25850K .......... ......                                     100%  200M=1.6s

2026-04-10 09:22:35 (16.1 MB/s) - ‘vlc-3.0.23.tar.xz’ saved [26486988/26486988]

--2026-04-10 09:22:35--  https://www.linuxfromscratch.org/patches/blfs/svn/vlc-3.0.21-taglib-1.patch
Resolving www.linuxfromscratch.org (www.linuxfromscratch.org)... 208.118.68.85
Connecting to www.linuxfromscratch.org (www.linuxfromscratch.org)|208.118.68.85|:443... connected.
HTTP request sent, awaiting response... 404 Not Found
2026-04-10 09:22:35 ERROR 404: Not Found.

