--2025-10-04 10:39:21--  https://github.com/vcrhonek/hwdata/archive/refs/tags/v0.400.tar.gz
Resolving github.com (github.com)... 140.82.113.4
Connecting to github.com (github.com)|140.82.113.4|:443... connected.
HTTP request sent, awaiting response... 302 Found
Location: https://codeload.github.com/vcrhonek/hwdata/tar.gz/refs/tags/v0.400 [following]
--2025-10-04 10:39:21--  https://codeload.github.com/vcrhonek/hwdata/tar.gz/refs/tags/v0.400
Resolving codeload.github.com (codeload.github.com)... 140.82.114.10
Connecting to codeload.github.com (codeload.github.com)|140.82.114.10|:443... connected.
HTTP request sent, awaiting response... 200 OK
Length: unspecified [application/x-gzip]
Saving to: ‘v0.400.tar.gz’

     0K .......... .......... .......... .......... .......... 1.71M
    50K .......... .......... .......... .......... .......... 3.09M
   100K .......... .......... .......... .......... .......... 3.03M
   150K .......... .......... .......... .......... .......... 3.08M
   200K .......... .......... .......... .......... .......... 4.03M
   250K .......... .......... .......... .......... .......... 4.04M
   300K .......... .......... .......... .......... .......... 95.9M
   350K .......... .......... .......... .......... .......... 4.15M
   400K .......... .......... .......... .......... .......... 4.13M
   450K .......... .......... .......... .......... .......... 4.12M
   500K .......... .......... .......... .......... .......... 80.6M
   550K .......... .......... .......... .......... .......... 4.12M
   600K .......... .......... .......... .......... .......... 4.14M
   650K .......... .......... .......... .......... .......... 96.0M
   700K .......... .......... .......... .......... .......... 4.20M
   750K .......... .......... .......... .......... ..........  113M
   800K .......... .......... .......... .......... .......... 4.12M
   850K .......... .......... .......... .......... .......... 4.25M
   900K .......... .......... .......... .......... ..........  103M
   950K .......... .......... .......... .......... .......... 4.26M
  1000K .......... .......... .......... .......... .......... 88.4M
  1050K .......... .......... .......... .......... .......... 4.23M
  1100K .......... .......... .......... .......... ..........  163M
  1150K .......... .......... .......... .......... .......... 4.21M
  1200K .......... .......... .......... .......... ..........  106M
  1250K .......... .......... .......... .......... .......... 4.18M
  1300K .......... .......... .......... .......... ..........  176M
  1350K .......... .......... .......... .......... .......... 4.21M
  1400K .......... .......... .......... .......... ..........  160M
  1450K .......... .......... .......... .......... ..........  119M
  1500K .......... .......... .......... .......... .......... 4.27M
  1550K .......... .......... .......... .......... .......... 99.7M
  1600K .......... .......... .......... .......... .......... 4.25M
  1650K .......... .......... .......... .......... ..........  114M
  1700K .......... .......... .......... .......... ..........  158M
  1750K .......... .......... .......... .......... .......... 4.30M
  1800K .......... .......... .......... .......... .......... 99.8M
  1850K .......... .......... .......... .......... .......... 4.39M
  1900K .......... .......... .......... .......... ..........  118M
  1950K .......... .......... .......... .......... ..........  109M
  2000K .......... .......... .......... .......... .......... 4.35M
  2050K .......... .......... .......... .......... .......... 77.5M
  2100K .......... .......... .......... .......... .......... 99.4M
  2150K .......... .......... .......... .......... .......... 4.37M
  2200K .......... .......... .......... .......... ..........  151M
  2250K .......... .......... .......... .......... ..........  246M
  2300K .......... .......... .......... .......... .......... 4.28M
  2350K .......... .......... .......... .......... .......... 90.7M
  2400K .......... .......... .......... .......... .......... 74.9M
  2450K .......... .......... ..                                108M=0.3s

2025-10-04 10:39:21 (7.06 MB/s) - ‘v0.400.tar.gz’ saved [2531836]

hwdata-0.400/
hwdata-0.400/.fmf/
hwdata-0.400/.fmf/version
hwdata-0.400/.gitignore
hwdata-0.400/.packit.yaml
hwdata-0.400/01-utf-8-encoding.patch.patch
hwdata-0.400/02-typos.patch.patch
hwdata-0.400/COPYING
hwdata-0.400/Dockerfile
hwdata-0.400/LICENSE
hwdata-0.400/Makefile
hwdata-0.400/README
hwdata-0.400/blacklist.conf
hwdata-0.400/check-pci-ids.py
hwdata-0.400/check-usb-ids.sh
hwdata-0.400/compare-pci-ids.py
hwdata-0.400/configure
hwdata-0.400/hwdata.pc.in
hwdata-0.400/hwdata.spec
hwdata-0.400/iab.txt
hwdata-0.400/lspci-dump.txt
hwdata-0.400/oui.txt
hwdata-0.400/pci.ids
hwdata-0.400/plans/
hwdata-0.400/plans/basic.fmf
hwdata-0.400/plans/rpmlint.fmf
hwdata-0.400/pnp.ids
hwdata-0.400/pnp.ids.patch
hwdata-0.400/process-pnp-ids.py
hwdata-0.400/tests/
hwdata-0.400/tests/ids-files/
hwdata-0.400/tests/ids-files/Makefile
hwdata-0.400/tests/ids-files/PURPOSE
hwdata-0.400/tests/ids-files/main.fmf
hwdata-0.400/tests/ids-files/runtest.sh
hwdata-0.400/tests/python-hwdata/
hwdata-0.400/tests/python-hwdata/main.fmf
hwdata-0.400/tests/python-hwdata/test-python-hwdata.sh
hwdata-0.400/tests/syntax/
hwdata-0.400/tests/syntax/Makefile
hwdata-0.400/tests/syntax/PURPOSE
hwdata-0.400/tests/syntax/main.fmf
hwdata-0.400/tests/syntax/runtest.sh
hwdata-0.400/usb.ids
make: Nothing to be done for 'all'.
datadir="/usr/share"; \
if [ "${datadir#/usr}" != "$datadir" ]; then \
	datadir="\${prefix}${datadir#/usr}"; \
fi; \
sed -e 's|@prefix@|/usr|g' \
	-e "s|@datadir@|$datadir|g" \
	-e 's|@pkgdatadir@|${datadir}/hwdata|g' \
	-e 's|@VERSION@|0.400|g' \
	-e 's|@NAME@|hwdata|g' \
	hwdata.pc.in > hwdata.pc
mkdir -p -m 755 /pkgs/hwdata/usr/share/hwdata
for foo in pci.ids usb.ids oui.txt iab.txt pnp.ids ; do \
	install -m 644 $foo /pkgs/hwdata/usr/share/hwdata ;\
done
mkdir -p -m 755 /pkgs/hwdata/usr/share/pkgconfig
install -m 644 hwdata.pc /pkgs/hwdata/usr/share/pkgconfig/
mkdir -p -m 755 /usr/share/hwdata
for foo in pci.ids usb.ids oui.txt iab.txt pnp.ids ; do \
	install -m 644 $foo /usr/share/hwdata ;\
done
mkdir -p -m 755 /usr/share/pkgconfig
install -m 644 hwdata.pc /usr/share/pkgconfig/
hwdata/
hwdata/usr/
hwdata/usr/share/
hwdata/usr/share/hwdata/
hwdata/usr/share/hwdata/pci.ids
hwdata/usr/share/hwdata/pnp.ids
hwdata/usr/share/hwdata/iab.txt
hwdata/usr/share/hwdata/usb.ids
hwdata/usr/share/hwdata/oui.txt
hwdata/usr/share/pkgconfig/
hwdata/usr/share/pkgconfig/hwdata.pc
hwdata/version
hwdata/depends
hwdata/make-depends
