--2026-03-09 07:16:59--  https://download.videolan.org/vlc/3.0.23/vlc-3.0.23.tar.xz
Resolving download.videolan.org (download.videolan.org)... 213.36.253.2, 2a01:e0d:1:3:58bf:fa02:c0de:5
Connecting to download.videolan.org (download.videolan.org)|213.36.253.2|:443... connected.
HTTP request sent, awaiting response... 200 OK
Length: 26486988 (25M) [application/octet-stream]
Saving to: ‘vlc-3.0.23.tar.xz’

     0K .......... .......... .......... .......... ..........  0%  570K 45s
    50K .......... .......... .......... .......... ..........  0%  569K 45s
   100K .......... .......... .......... .......... ..........  0% 1.22M 37s
   150K .......... .......... .......... .......... ..........  0%  568K 39s
   200K .......... .......... .......... .......... ..........  0% 96.7M 31s
   250K .......... .......... .......... .......... ..........  1%  568K 33s
   300K .......... .......... .......... .......... ..........  1%  212M 29s
   350K .......... .......... .......... .......... ..........  1% 98.3M 25s
   400K .......... .......... .......... .......... ..........  1%  572K 27s
   450K .......... .......... .......... .......... ..........  1%  148M 24s
   500K .......... .......... .......... .......... ..........  2%  135M 22s
   550K .......... .......... .......... .......... ..........  2%  128M 20s
   600K .......... .......... .......... .......... ..........  2%  576K 22s
   650K .......... .......... .......... .......... ..........  2%  111M 20s
   700K .......... .......... .......... .......... ..........  2%  165M 19s
   750K .......... .......... .......... .......... ..........  3% 96.1M 18s
   800K .......... .......... .......... .......... ..........  3% 81.7M 17s
   850K .......... .......... .......... .......... ..........  3% 1.06M 17s
   900K .......... .......... .......... .......... ..........  3% 1.22M 17s
   950K .......... .......... .......... .......... ..........  3%  107M 16s
  1000K .......... .......... .......... .......... ..........  4%  114M 16s
  1050K .......... .......... .......... .......... ..........  4%  126M 15s
  1100K .......... .......... .......... .......... ..........  4% 16.9M 14s
  1150K .......... .......... .......... .......... ..........  4%  124M 14s
  1200K .......... .......... .......... .......... ..........  4% 1.12M 14s
  1250K .......... .......... .......... .......... ..........  5% 1.22M 14s
  1300K .......... .......... .......... .......... ..........  5%  119M 14s
  1350K .......... .......... .......... .......... ..........  5%  134M 13s
  1400K .......... .......... .......... .......... ..........  5%  129M 13s
  1450K .......... .......... .......... .......... ..........  5%  183M 12s
  1500K .......... .......... .......... .......... ..........  5%  104M 12s
  1550K .......... .......... .......... .......... ..........  6% 29.1M 11s
  1600K .......... .......... .......... .......... ..........  6% 75.4M 11s
  1650K .......... .......... .......... .......... ..........  6%  149M 11s
  1700K .......... .......... .......... .......... ..........  6% 1.13M 11s
  1750K .......... .......... .......... .......... ..........  6% 95.9M 11s
  1800K .......... .......... .......... .......... ..........  7%  198M 10s
  1850K .......... .......... .......... .......... ..........  7%  131M 10s
  1900K .......... .......... .......... .......... ..........  7% 1.25M 10s
  1950K .......... .......... .......... .......... ..........  7% 79.5M 10s
  2000K .......... .......... .......... .......... ..........  7%  130M 10s
  2050K .......... .......... .......... .......... ..........  8% 16.3M 9s
  2100K .......... .......... .......... .......... ..........  8% 93.7M 9s
  2150K .......... .......... .......... .......... ..........  8%  150M 9s
  2200K .......... .......... .......... .......... ..........  8%  116M 9s
  2250K .......... .......... .......... .......... ..........  8%  154M 9s
  2300K .......... .......... .......... .......... ..........  9%  111M 8s
  2350K .......... .......... .......... .......... ..........  9% 1.16M 9s
  2400K .......... .......... .......... .......... ..........  9%  116M 8s
  2450K .......... .......... .......... .......... ..........  9% 97.2M 8s
  2500K .......... .......... .......... .......... ..........  9%  155M 8s
  2550K .......... .......... .......... .......... .......... 10% 85.8M 8s
  2600K .......... .......... .......... .......... .......... 10%  269M 8s
  2650K .......... .......... .......... .......... .......... 10% 85.6M 8s
  2700K .......... .......... .......... .......... .......... 10%  118M 7s
  2750K .......... .......... .......... .......... .......... 10% 1.32M 8s
  2800K .......... .......... .......... .......... .......... 11%  143M 7s
  2850K .......... .......... .......... .......... .......... 11%  175M 7s
  2900K .......... .......... .......... .......... .......... 11% 98.9M 7s
  2950K .......... .......... .......... .......... .......... 11%  117M 7s
  3000K .......... .......... .......... .......... .......... 11%  109M 7s
  3050K .......... .......... .......... .......... .......... 11% 26.3M 7s
  3100K .......... .......... .......... .......... .......... 12%  121M 7s
  3150K .......... .......... .......... .......... .......... 12% 96.0M 7s
  3200K .......... .......... .......... .......... .......... 12% 15.4M 6s
  3250K .......... .......... .......... .......... .......... 12%  126M 6s
  3300K .......... .......... .......... .......... .......... 12% 1.24M 7s
  3350K .......... .......... .......... .......... .......... 13%  107M 6s
  3400K .......... .......... .......... .......... .......... 13%  141M 6s
  3450K .......... .......... .......... .......... .......... 13%  122M 6s
  3500K .......... .......... .......... .......... .......... 13%  101M 6s
  3550K .......... .......... .......... .......... .......... 13% 20.2M 6s
  3600K .......... .......... .......... .......... .......... 14%  130M 6s
  3650K .......... .......... .......... .......... .......... 14%  178M 6s
  3700K .......... .......... .......... .......... .......... 14%  104M 6s
  3750K .......... .......... .......... .......... .......... 14%  100M 6s
  3800K .......... .......... .......... .......... .......... 14%  124M 6s
  3850K .......... .......... .......... .......... .......... 15% 1.44M 6s
  3900K .......... .......... .......... .......... .......... 15%  118M 6s
  3950K .......... .......... .......... .......... .......... 15% 92.6M 6s
  4000K .......... .......... .......... .......... .......... 15% 15.3M 5s
  4050K .......... .......... .......... .......... .......... 15%  131M 5s
  4100K .......... .......... .......... .......... .......... 16% 99.4M 5s
  4150K .......... .......... .......... .......... .......... 16%  201M 5s
  4200K .......... .......... .......... .......... .......... 16%  111M 5s
  4250K .......... .......... .......... .......... .......... 16%  135M 5s
  4300K .......... .......... .......... .......... .......... 16% 27.5M 5s
  4350K .......... .......... .......... .......... .......... 17% 80.6M 5s
  4400K .......... .......... .......... .......... .......... 17%  120M 5s
  4450K .......... .......... .......... .......... .......... 17% 1.24M 5s
  4500K .......... .......... .......... .......... .......... 17%  225M 5s
  4550K .......... .......... .......... .......... .......... 17%  127M 5s
  4600K .......... .......... .......... .......... .......... 17%  123M 5s
  4650K .......... .......... .......... .......... .......... 18%  122M 5s
  4700K .......... .......... .......... .......... .......... 18%  119M 5s
  4750K .......... .......... .......... .......... .......... 18% 84.4M 5s
  4800K .......... .......... .......... .......... .......... 18%  115M 5s
  4850K .......... .......... .......... .......... .......... 18%  119M 5s
  4900K .......... .......... .......... .......... .......... 19% 87.0M 4s
  4950K .......... .......... .......... .......... .......... 19%  113M 4s
  5000K .......... .......... .......... .......... .......... 19%  106M 4s
  5050K .......... .......... .......... .......... .......... 19%  126M 4s
  5100K .......... .......... .......... .......... .......... 19%  117M 4s
  5150K .......... .......... .......... .......... .......... 20% 93.3M 4s
  5200K .......... .......... .......... .......... .......... 20%  116M 4s
  5250K .......... .......... .......... .......... .......... 20%  113M 4s
  5300K .......... .......... .......... .......... .......... 20%  115M 4s
  5350K .......... .......... .......... .......... .......... 20%  108M 4s
  5400K .......... .......... .......... .......... .......... 21%  124M 4s
  5450K .......... .......... .......... .......... .......... 21%  126M 4s
  5500K .......... .......... .......... .......... .......... 21%  117M 4s
  5550K .......... .......... .......... .......... .......... 21% 83.5M 4s
  5600K .......... .......... .......... .......... .......... 21%  115M 4s
  5650K .......... .......... .......... .......... .......... 22% 59.2M 4s
  5700K .......... .......... .......... .......... .......... 22%  110M 4s
  5750K .......... .......... .......... .......... .......... 22%  121M 4s
  5800K .......... .......... .......... .......... .......... 22%  119M 4s
  5850K .......... .......... .......... .......... .......... 22% 1.75M 4s
  5900K .......... .......... .......... .......... .......... 23% 93.4M 4s
  5950K .......... .......... .......... .......... .......... 23% 13.0M 4s
  6000K .......... .......... .......... .......... .......... 23%  152M 4s
  6050K .......... .......... .......... .......... .......... 23%  109M 4s
  6100K .......... .......... .......... .......... .......... 23% 17.9M 4s
  6150K .......... .......... .......... .......... .......... 23% 74.0M 4s
  6200K .......... .......... .......... .......... .......... 24%  257M 3s
  6250K .......... .......... .......... .......... .......... 24% 97.5M 3s
  6300K .......... .......... .......... .......... .......... 24% 97.2M 3s
  6350K .......... .......... .......... .......... .......... 24% 1.28M 3s
  6400K .......... .......... .......... .......... .......... 24%  105M 3s
  6450K .......... .......... .......... .......... .......... 25% 99.0M 3s
  6500K .......... .......... .......... .......... .......... 25%  246M 3s
  6550K .......... .......... .......... .......... .......... 25% 84.1M 3s
  6600K .......... .......... .......... .......... .......... 25%  142M 3s
  6650K .......... .......... .......... .......... .......... 25%  112M 3s
  6700K .......... .......... .......... .......... .......... 26%  120M 3s
  6750K .......... .......... .......... .......... .......... 26% 95.8M 3s
  6800K .......... .......... .......... .......... .......... 26% 69.2M 3s
  6850K .......... .......... .......... .......... .......... 26%  146M 3s
  6900K .......... .......... .......... .......... .......... 26% 94.5M 3s
  6950K .......... .......... .......... .......... .......... 27% 91.5M 3s
  7000K .......... .......... .......... .......... .......... 27%  126M 3s
  7050K .......... .......... .......... .......... .......... 27%  114M 3s
  7100K .......... .......... .......... .......... .......... 27%  159M 3s
  7150K .......... .......... .......... .......... .......... 27% 88.8M 3s
  7200K .......... .......... .......... .......... .......... 28%  119M 3s
  7250K .......... .......... .......... .......... .......... 28% 72.0M 3s
  7300K .......... .......... .......... .......... .......... 28% 86.4M 3s
  7350K .......... .......... .......... .......... .......... 28%  107M 3s
  7400K .......... .......... .......... .......... .......... 28%  161M 3s
  7450K .......... .......... .......... .......... .......... 28%  109M 3s
  7500K .......... .......... .......... .......... .......... 29% 94.5M 3s
  7550K .......... .......... .......... .......... .......... 29% 98.7M 3s
  7600K .......... .......... .......... .......... .......... 29%  154M 3s
  7650K .......... .......... .......... .......... .......... 29% 85.0M 3s
  7700K .......... .......... .......... .......... .......... 29% 99.2M 3s
  7750K .......... .......... .......... .......... .......... 30% 86.6M 3s
  7800K .......... .......... .......... .......... .......... 30%  127M 3s
  7850K .......... .......... .......... .......... .......... 30%  160M 3s
  7900K .......... .......... .......... .......... .......... 30%  111M 3s
  7950K .......... .......... .......... .......... .......... 30% 1.88M 3s
  8000K .......... .......... .......... .......... .......... 31%  175M 3s
  8050K .......... .......... .......... .......... .......... 31%  113M 3s
  8100K .......... .......... .......... .......... .......... 31% 14.6M 3s
  8150K .......... .......... .......... .......... .......... 31% 96.5M 3s
  8200K .......... .......... .......... .......... .......... 31% 15.4M 3s
  8250K .......... .......... .......... .......... .......... 32% 96.7M 3s
  8300K .......... .......... .......... .......... .......... 32%  146M 3s
  8350K .......... .......... .......... .......... .......... 32% 68.5M 2s
  8400K .......... .......... .......... .......... .......... 32%  193M 2s
  8450K .......... .......... .......... .......... .......... 32% 23.0M 2s
  8500K .......... .......... .......... .......... .......... 33% 1.36M 2s
  8550K .......... .......... .......... .......... .......... 33%  122M 2s
  8600K .......... .......... .......... .......... .......... 33%  112M 2s
  8650K .......... .......... .......... .......... .......... 33% 90.7M 2s
  8700K .......... .......... .......... .......... .......... 33%  144M 2s
  8750K .......... .......... .......... .......... .......... 34%  104M 2s
  8800K .......... .......... .......... .......... .......... 34% 98.3M 2s
  8850K .......... .......... .......... .......... .......... 34%  100M 2s
  8900K .......... .......... .......... .......... .......... 34%  129M 2s
  8950K .......... .......... .......... .......... .......... 34% 94.0M 2s
  9000K .......... .......... .......... .......... .......... 34% 75.3M 2s
  9050K .......... .......... .......... .......... .......... 35%  221M 2s
  9100K .......... .......... .......... .......... .......... 35%  102M 2s
  9150K .......... .......... .......... .......... .......... 35% 96.7M 2s
  9200K .......... .......... .......... .......... .......... 35% 93.3M 2s
  9250K .......... .......... .......... .......... .......... 35%  206M 2s
  9300K .......... .......... .......... .......... .......... 36% 90.1M 2s
  9350K .......... .......... .......... .......... .......... 36%  178M 2s
  9400K .......... .......... .......... .......... .......... 36% 82.3M 2s
  9450K .......... .......... .......... .......... .......... 36%  115M 2s
  9500K .......... .......... .......... .......... .......... 36%  161M 2s
  9550K .......... .......... .......... .......... .......... 37% 96.2M 2s
  9600K .......... .......... .......... .......... .......... 37% 92.1M 2s
  9650K .......... .......... .......... .......... .......... 37%  135M 2s
  9700K .......... .......... .......... .......... .......... 37%  115M 2s
  9750K .......... .......... .......... .......... .......... 37% 86.1M 2s
  9800K .......... .......... .......... .......... .......... 38%  173M 2s
  9850K .......... .......... .......... .......... .......... 38%  103M 2s
  9900K .......... .......... .......... .......... .......... 38%  145M 2s
  9950K .......... .......... .......... .......... .......... 38%  100M 2s
 10000K .......... .......... .......... .......... .......... 38% 78.5M 2s
 10050K .......... .......... .......... .......... .......... 39%  148M 2s
 10100K .......... .......... .......... .......... .......... 39%  119M 2s
 10150K .......... .......... .......... .......... .......... 39% 91.9M 2s
 10200K .......... .......... .......... .......... .......... 39%  112M 2s
 10250K .......... .......... .......... .......... .......... 39%  135M 2s
 10300K .......... .......... .......... .......... .......... 40%  156M 2s
 10350K .......... .......... .......... .......... .......... 40% 35.0M 2s
 10400K .......... .......... .......... .......... .......... 40% 90.3M 2s
 10450K .......... .......... .......... .......... .......... 40%  209M 2s
 10500K .......... .......... .......... .......... .......... 40%  119M 2s
 10550K .......... .......... .......... .......... .......... 40%  183M 2s
 10600K .......... .......... .......... .......... .......... 41%  198M 2s
 10650K .......... .......... .......... .......... .......... 41%  147M 2s
 10700K .......... .......... .......... .......... .......... 41%  164M 2s
 10750K .......... .......... .......... .......... .......... 41% 71.4M 2s
 10800K .......... .......... .......... .......... .......... 41%  185M 2s
 10850K .......... .......... .......... .......... .......... 42%  108M 2s
 10900K .......... .......... .......... .......... .......... 42% 93.7M 2s
 10950K .......... .......... .......... .......... .......... 42%  193M 2s
 11000K .......... .......... .......... .......... .......... 42%  104M 2s
 11050K .......... .......... .......... .......... .......... 42% 87.1M 2s
 11100K .......... .......... .......... .......... .......... 43%  198M 2s
 11150K .......... .......... .......... .......... .......... 43% 58.3M 2s
 11200K .......... .......... .......... .......... .......... 43%  119M 2s
 11250K .......... .......... .......... .......... .......... 43%  137M 2s
 11300K .......... .......... .......... .......... .......... 43%  133M 2s
 11350K .......... .......... .......... .......... .......... 44% 81.1M 2s
 11400K .......... .......... .......... .......... .......... 44%  155M 2s
 11450K .......... .......... .......... .......... .......... 44%  103M 2s
 11500K .......... .......... .......... .......... .......... 44%  126M 2s
 11550K .......... .......... .......... .......... .......... 44% 55.1M 2s
 11600K .......... .......... .......... .......... .......... 45% 76.4M 2s
 11650K .......... .......... .......... .......... .......... 45%  166M 2s
 11700K .......... .......... .......... .......... .......... 45% 4.13M 2s
 11750K .......... .......... .......... .......... .......... 45%  136M 2s
 11800K .......... .......... .......... .......... .......... 45%  261M 2s
 11850K .......... .......... .......... .......... .......... 46% 14.1M 1s
 11900K .......... .......... .......... .......... .......... 46%  146M 1s
 11950K .......... .......... .......... .......... .......... 46% 13.6M 1s
 12000K .......... .......... .......... .......... .......... 46%  121M 1s
 12050K .......... .......... .......... .......... .......... 46%  142M 1s
 12100K .......... .......... .......... .......... .......... 46%  141M 1s
 12150K .......... .......... .......... .......... .......... 47% 16.3M 1s
 12200K .......... .......... .......... .......... .......... 47%  238M 1s
 12250K .......... .......... .......... .......... .......... 47%  140M 1s
 12300K .......... .......... .......... .......... .......... 47% 1.39M 1s
 12350K .......... .......... .......... .......... .......... 47% 70.3M 1s
 12400K .......... .......... .......... .......... .......... 48% 79.3M 1s
 12450K .......... .......... .......... .......... .......... 48%  232M 1s
 12500K .......... .......... .......... .......... .......... 48%  137M 1s
 12550K .......... .......... .......... .......... .......... 48% 93.9M 1s
 12600K .......... .......... .......... .......... .......... 48%  133M 1s
 12650K .......... .......... .......... .......... .......... 49%  106M 1s
 12700K .......... .......... .......... .......... .......... 49%  139M 1s
 12750K .......... .......... .......... .......... .......... 49% 85.3M 1s
 12800K .......... .......... .......... .......... .......... 49% 88.7M 1s
 12850K .......... .......... .......... .......... .......... 49% 86.9M 1s
 12900K .......... .......... .......... .......... .......... 50% 88.9M 1s
 12950K .......... .......... .......... .......... .......... 50%  174M 1s
 13000K .......... .......... .......... .......... .......... 50% 93.4M 1s
 13050K .......... .......... .......... .......... .......... 50%  162M 1s
 13100K .......... .......... .......... .......... .......... 50%  167M 1s
 13150K .......... .......... .......... .......... .......... 51% 66.3M 1s
 13200K .......... .......... .......... .......... .......... 51%  112M 1s
 13250K .......... .......... .......... .......... .......... 51% 89.4M 1s
 13300K .......... .......... .......... .......... .......... 51%  151M 1s
 13350K .......... .......... .......... .......... .......... 51%  103M 1s
 13400K .......... .......... .......... .......... .......... 51%  132M 1s
 13450K .......... .......... .......... .......... .......... 52%  129M 1s
 13500K .......... .......... .......... .......... .......... 52% 80.2M 1s
 13550K .......... .......... .......... .......... .......... 52%  113M 1s
 13600K .......... .......... .......... .......... .......... 52%  137M 1s
 13650K .......... .......... .......... .......... .......... 52%  123M 1s
 13700K .......... .......... .......... .......... .......... 53% 98.2M 1s
 13750K .......... .......... .......... .......... .......... 53%  203M 1s
 13800K .......... .......... .......... .......... .......... 53% 93.5M 1s
 13850K .......... .......... .......... .......... .......... 53%  107M 1s
 13900K .......... .......... .......... .......... .......... 53%  162M 1s
 13950K .......... .......... .......... .......... .......... 54% 76.7M 1s
 14000K .......... .......... .......... .......... .......... 54%  103M 1s
 14050K .......... .......... .......... .......... .......... 54%  137M 1s
 14100K .......... .......... .......... .......... .......... 54%  105M 1s
 14150K .......... .......... .......... .......... .......... 54%  138M 1s
 14200K .......... .......... .......... .......... .......... 55%  101M 1s
 14250K .......... .......... .......... .......... .......... 55% 71.6M 1s
 14300K .......... .......... .......... .......... .......... 55% 94.0M 1s
 14350K .......... .......... .......... .......... .......... 55% 91.5M 1s
 14400K .......... .......... .......... .......... .......... 55%  152M 1s
 14450K .......... .......... .......... .......... .......... 56% 44.4M 1s
 14500K .......... .......... .......... .......... .......... 56% 43.7M 1s
 14550K .......... .......... .......... .......... .......... 56%  139M 1s
 14600K .......... .......... .......... .......... .......... 56% 96.4M 1s
 14650K .......... .......... .......... .......... .......... 56% 54.2M 1s
 14700K .......... .......... .......... .......... .......... 57%  139M 1s
 14750K .......... .......... .......... .......... .......... 57%  204M 1s
 14800K .......... .......... .......... .......... .......... 57%  239M 1s
 14850K .......... .......... .......... .......... .......... 57%  100M 1s
 14900K .......... .......... .......... .......... .......... 57%  149M 1s
 14950K .......... .......... .......... .......... .......... 57% 96.0M 1s
 15000K .......... .......... .......... .......... .......... 58%  144M 1s
 15050K .......... .......... .......... .......... .......... 58% 98.9M 1s
 15100K .......... .......... .......... .......... .......... 58%  129M 1s
 15150K .......... .......... .......... .......... .......... 58% 82.3M 1s
 15200K .......... .......... .......... .......... .......... 58%  123M 1s
 15250K .......... .......... .......... .......... .......... 59% 90.1M 1s
 15300K .......... .......... .......... .......... .......... 59%  191M 1s
 15350K .......... .......... .......... .......... .......... 59% 96.0M 1s
 15400K .......... .......... .......... .......... .......... 59% 98.9M 1s
 15450K .......... .......... .......... .......... .......... 59% 94.5M 1s
 15500K .......... .......... .......... .......... .......... 60%  142M 1s
 15550K .......... .......... .......... .......... .......... 60% 97.9M 1s
 15600K .......... .......... .......... .......... .......... 60%  107M 1s
 15650K .......... .......... .......... .......... .......... 60% 99.8M 1s
 15700K .......... .......... .......... .......... .......... 60%  122M 1s
 15750K .......... .......... .......... .......... .......... 61%  116M 1s
 15800K .......... .......... .......... .......... .......... 61% 88.4M 1s
 15850K .......... .......... .......... .......... .......... 61%  113M 1s
 15900K .......... .......... .......... .......... .......... 61%  162M 1s
 15950K .......... .......... .......... .......... .......... 61% 85.4M 1s
 16000K .......... .......... .......... .......... .......... 62%  107M 1s
 16050K .......... .......... .......... .......... .......... 62%  131M 1s
 16100K .......... .......... .......... .......... .......... 62% 9.34M 1s
 16150K .......... .......... .......... .......... .......... 62%  168M 1s
 16200K .......... .......... .......... .......... .......... 62% 15.3M 1s
 16250K .......... .......... .......... .......... .......... 63% 81.2M 1s
 16300K .......... .......... .......... .......... .......... 63%  152M 1s
 16350K .......... .......... .......... .......... .......... 63% 14.1M 1s
 16400K .......... .......... .......... .......... .......... 63%  113M 1s
 16450K .......... .......... .......... .......... .......... 63% 15.3M 1s
 16500K .......... .......... .......... .......... .......... 63% 82.1M 1s
 16550K .......... .......... .......... .......... .......... 64%  193M 1s
 16600K .......... .......... .......... .......... .......... 64% 98.8M 1s
 16650K .......... .......... .......... .......... .......... 64% 1.40M 1s
 16700K .......... .......... .......... .......... .......... 64% 90.3M 1s
 16750K .......... .......... .......... .......... .......... 64% 87.6M 1s
 16800K .......... .......... .......... .......... .......... 65%  111M 1s
 16850K .......... .......... .......... .......... .......... 65% 91.7M 1s
 16900K .......... .......... .......... .......... .......... 65%  170M 1s
 16950K .......... .......... .......... .......... .......... 65%  111M 1s
 17000K .......... .......... .......... .......... .......... 65%  146M 1s
 17050K .......... .......... .......... .......... .......... 66%  100M 1s
 17100K .......... .......... .......... .......... .......... 66% 64.0M 1s
 17150K .......... .......... .......... .......... .......... 66% 84.2M 1s
 17200K .......... .......... .......... .......... .......... 66%  159M 1s
 17250K .......... .......... .......... .......... .......... 66%  108M 1s
 17300K .......... .......... .......... .......... .......... 67% 84.9M 1s
 17350K .......... .......... .......... .......... .......... 67%  198M 1s
 17400K .......... .......... .......... .......... .......... 67% 84.9M 1s
 17450K .......... .......... .......... .......... .......... 67%  146M 1s
 17500K .......... .......... .......... .......... .......... 67%  122M 1s
 17550K .......... .......... .......... .......... .......... 68% 85.2M 1s
 17600K .......... .......... .......... .......... .......... 68%  112M 1s
 17650K .......... .......... .......... .......... .......... 68%  138M 1s
 17700K .......... .......... .......... .......... .......... 68% 97.8M 1s
 17750K .......... .......... .......... .......... .......... 68%  132M 1s
 17800K .......... .......... .......... .......... .......... 69%  107M 1s
 17850K .......... .......... .......... .......... .......... 69%  141M 1s
 17900K .......... .......... .......... .......... .......... 69% 90.6M 1s
 17950K .......... .......... .......... .......... .......... 69% 97.5M 1s
 18000K .......... .......... .......... .......... .......... 69%  172M 1s
 18050K .......... .......... .......... .......... .......... 69% 93.6M 1s
 18100K .......... .......... .......... .......... .......... 70%  128M 1s
 18150K .......... .......... .......... .......... .......... 70%  106M 1s
 18200K .......... .......... .......... .......... .......... 70% 94.9M 1s
 18250K .......... .......... .......... .......... .......... 70%  176M 1s
 18300K .......... .......... .......... .......... .......... 70% 94.2M 1s
 18350K .......... .......... .......... .......... .......... 71%  108M 1s
 18400K .......... .......... .......... .......... .......... 71%  111M 1s
 18450K .......... .......... .......... .......... .......... 71% 83.5M 1s
 18500K .......... .......... .......... .......... .......... 71%  113M 1s
 18550K .......... .......... .......... .......... .......... 71% 91.8M 1s
 18600K .......... .......... .......... .......... .......... 72%  170M 1s
 18650K .......... .......... .......... .......... .......... 72%  109M 1s
 18700K .......... .......... .......... .......... .......... 72% 97.5M 1s
 18750K .......... .......... .......... .......... .......... 72% 95.0M 1s
 18800K .......... .......... .......... .......... .......... 72%  147M 1s
 18850K .......... .......... .......... .......... .......... 73% 98.9M 1s
 18900K .......... .......... .......... .......... .......... 73%  111M 1s
 18950K .......... .......... .......... .......... .......... 73%  157M 1s
 19000K .......... .......... .......... .......... .......... 73% 69.1M 1s
 19050K .......... .......... .......... .......... .......... 73% 93.3M 1s
 19100K .......... .......... .......... .......... .......... 74%  130M 1s
 19150K .......... .......... .......... .......... .......... 74% 69.9M 0s
 19200K .......... .......... .......... .......... .......... 74%  175M 0s
 19250K .......... .......... .......... .......... .......... 74%  117M 0s
 19300K .......... .......... .......... .......... .......... 74% 90.9M 0s
 19350K .......... .......... .......... .......... .......... 75%  173M 0s
 19400K .......... .......... .......... .......... .......... 75%  101M 0s
 19450K .......... .......... .......... .......... .......... 75% 64.3M 0s
 19500K .......... .......... .......... .......... .......... 75% 98.8M 0s
 19550K .......... .......... .......... .......... .......... 75% 97.7M 0s
 19600K .......... .......... .......... .......... .......... 75%  142M 0s
 19650K .......... .......... .......... .......... .......... 76% 97.8M 0s
 19700K .......... .......... .......... .......... .......... 76%  101M 0s
 19750K .......... .......... .......... .......... .......... 76%  106M 0s
 19800K .......... .......... .......... .......... .......... 76%  168M 0s
 19850K .......... .......... .......... .......... .......... 76% 98.1M 0s
 19900K .......... .......... .......... .......... .......... 77%  109M 0s
 19950K .......... .......... .......... .......... .......... 77% 84.8M 0s
 20000K .......... .......... .......... .......... .......... 77% 99.5M 0s
 20050K .......... .......... .......... .......... .......... 77%  100M 0s
 20100K .......... .......... .......... .......... .......... 77%  145M 0s
 20150K .......... .......... .......... .......... .......... 78% 91.9M 0s
 20200K .......... .......... .......... .......... .......... 78%  109M 0s
 20250K .......... .......... .......... .......... .......... 78%  178M 0s
 20300K .......... .......... .......... .......... .......... 78%  107M 0s
 20350K .......... .......... .......... .......... .......... 78% 87.4M 0s
 20400K .......... .......... .......... .......... .......... 79%  108M 0s
 20450K .......... .......... .......... .......... .......... 79% 98.7M 0s
 20500K .......... .......... .......... .......... .......... 79%  154M 0s
 20550K .......... .......... .......... .......... .......... 79% 96.8M 0s
 20600K .......... .......... .......... .......... .......... 79%  102M 0s
 20650K .......... .......... .......... .......... .......... 80%  151M 0s
 20700K .......... .......... .......... .......... .......... 80%  104M 0s
 20750K .......... .......... .......... .......... .......... 80%  105M 0s
 20800K .......... .......... .......... .......... .......... 80% 99.2M 0s
 20850K .......... .......... .......... .......... .......... 80%  155M 0s
 20900K .......... .......... .......... .......... .......... 80%  110M 0s
 20950K .......... .......... .......... .......... .......... 81% 96.7M 0s
 21000K .......... .......... .......... .......... .......... 81%  146M 0s
 21050K .......... .......... .......... .......... .......... 81%  106M 0s
 21100K .......... .......... .......... .......... .......... 81% 90.4M 0s
 21150K .......... .......... .......... .......... .......... 81% 96.2M 0s
 21200K .......... .......... .......... .......... .......... 82%  107M 0s
 21250K .......... .......... .......... .......... .......... 82%  162M 0s
 21300K .......... .......... .......... .......... .......... 82% 95.4M 0s
 21350K .......... .......... .......... .......... .......... 82%  107M 0s
 21400K .......... .......... .......... .......... .......... 82% 97.4M 0s
 21450K .......... .......... .......... .......... .......... 83%  149M 0s
 21500K .......... .......... .......... .......... .......... 83% 85.8M 0s
 21550K .......... .......... .......... .......... .......... 83%  112M 0s
 21600K .......... .......... .......... .......... .......... 83% 89.7M 0s
 21650K .......... .......... .......... .......... .......... 83%  109M 0s
 21700K .......... .......... .......... .......... .......... 84%  186M 0s
 21750K .......... .......... .......... .......... .......... 84% 95.1M 0s
 21800K .......... .......... .......... .......... .......... 84%  115M 0s
 21850K .......... .......... .......... .......... .......... 84% 81.5M 0s
 21900K .......... .......... .......... .......... .......... 84%  178M 0s
 21950K .......... .......... .......... .......... .......... 85% 74.9M 0s
 22000K .......... .......... .......... .......... .......... 85%  141M 0s
 22050K .......... .......... .......... .......... .......... 85% 86.4M 0s
 22100K .......... .......... .......... .......... .......... 85% 1.14M 0s
 22150K .......... .......... .......... .......... .......... 85% 89.0M 0s
 22200K .......... .......... .......... .......... .......... 86%  140M 0s
 22250K .......... .......... .......... .......... .......... 86%  112M 0s
 22300K .......... .......... .......... .......... .......... 86%  134M 0s
 22350K .......... .......... .......... .......... .......... 86% 91.5M 0s
 22400K .......... .......... .......... .......... .......... 86%  125M 0s
 22450K .......... .......... .......... .......... .......... 86%  117M 0s
 22500K .......... .......... .......... .......... .......... 87%  133M 0s
 22550K .......... .......... .......... .......... .......... 87%  107M 0s
 22600K .......... .......... .......... .......... .......... 87%  138M 0s
 22650K .......... .......... .......... .......... .......... 87% 86.1M 0s
 22700K .......... .......... .......... .......... .......... 87%  153M 0s
 22750K .......... .......... .......... .......... .......... 88% 91.4M 0s
 22800K .......... .......... .......... .......... .......... 88% 89.7M 0s
 22850K .......... .......... .......... .......... .......... 88%  143M 0s
 22900K .......... .......... .......... .......... .......... 88%  108M 0s
 22950K .......... .......... .......... .......... .......... 88%  117M 0s
 23000K .......... .......... .......... .......... .......... 89%  101M 0s
 23050K .......... .......... .......... .......... .......... 89%  186M 0s
 23100K .......... .......... .......... .......... .......... 89% 91.4M 0s
 23150K .......... .......... .......... .......... .......... 89% 85.4M 0s
 23200K .......... .......... .......... .......... .......... 89%  162M 0s
 23250K .......... .......... .......... .......... .......... 90% 96.4M 0s
 23300K .......... .......... .......... .......... .......... 90%  143M 0s
 23350K .......... .......... .......... .......... .......... 90% 88.8M 0s
 23400K .......... .......... .......... .......... .......... 90%  157M 0s
 23450K .......... .......... .......... .......... .......... 90% 88.5M 0s
 23500K .......... .......... .......... .......... .......... 91%  178M 0s
 23550K .......... .......... .......... .......... .......... 91% 88.5M 0s
 23600K .......... .......... .......... .......... .......... 91% 91.0M 0s
 23650K .......... .......... .......... .......... .......... 91%  152M 0s
 23700K .......... .......... .......... .......... .......... 91% 97.0M 0s
 23750K .......... .......... .......... .......... .......... 92%  141M 0s
 23800K .......... .......... .......... .......... .......... 92% 86.9M 0s
 23850K .......... .......... .......... .......... .......... 92%  105M 0s
 23900K .......... .......... .......... .......... .......... 92%  149M 0s
 23950K .......... .......... .......... .......... .......... 92% 88.4M 0s
 24000K .......... .......... .......... .......... .......... 92% 87.4M 0s
 24050K .......... .......... .......... .......... .......... 93%  177M 0s
 24100K .......... .......... .......... .......... .......... 93% 90.8M 0s
 24150K .......... .......... .......... .......... .......... 93%  158M 0s
 24200K .......... .......... .......... .......... .......... 93%  101M 0s
 24250K .......... .......... .......... .......... .......... 93%  122M 0s
 24300K .......... .......... .......... .......... .......... 94%  115M 0s
 24350K .......... .......... .......... .......... .......... 94% 77.3M 0s
 24400K .......... .......... .......... .......... .......... 94%  174M 0s
 24450K .......... .......... .......... .......... .......... 94% 97.2M 0s
 24500K .......... .......... .......... .......... .......... 94%  152M 0s
 24550K .......... .......... .......... .......... .......... 95%  102M 0s
 24600K .......... .......... .......... .......... .......... 95%  143M 0s
 24650K .......... .......... .......... .......... .......... 95% 94.0M 0s
 24700K .......... .......... .......... .......... .......... 95%  145M 0s
 24750K .......... .......... .......... .......... .......... 95% 85.5M 0s
 24800K .......... .......... .......... .......... .......... 96%  107M 0s
 24850K .......... .......... .......... .......... .......... 96%  143M 0s
 24900K .......... .......... .......... .......... .......... 96% 97.6M 0s
 24950K .......... .......... .......... .......... .......... 96%  130M 0s
 25000K .......... .......... .......... .......... .......... 96%  104M 0s
 25050K .......... .......... .......... .......... .......... 97% 84.1M 0s
 25100K .......... .......... .......... .......... .......... 97%  141M 0s
 25150K .......... .......... .......... .......... .......... 97% 80.4M 0s
 25200K .......... .......... .......... .......... .......... 97%  111M 0s
 25250K .......... .......... .......... .......... .......... 97%  154M 0s
 25300K .......... .......... .......... .......... .......... 98%  104M 0s
 25350K .......... .......... .......... .......... .......... 98% 84.8M 0s
 25400K .......... .......... .......... .......... .......... 98% 21.6M 0s
 25450K .......... .......... .......... .......... .......... 98% 87.3M 0s
 25500K .......... .......... .......... .......... .......... 98%  132M 0s
 25550K .......... .......... .......... .......... .......... 98%  100M 0s
 25600K .......... .......... .......... .......... .......... 99%  102M 0s
 25650K .......... .......... .......... .......... .......... 99% 84.4M 0s
 25700K .......... .......... .......... .......... .......... 99%  195M 0s
 25750K .......... .......... .......... .......... .......... 99%  132M 0s
 25800K .......... .......... .......... .......... .......... 99% 97.1M 0s
 25850K .......... ......                                     100%  273M=1.5s

2026-03-09 07:17:01 (16.5 MB/s) - ‘vlc-3.0.23.tar.xz’ saved [26486988/26486988]

--2026-03-09 07:17:01--  https://www.linuxfromscratch.org/patches/blfs/svn/vlc-3.0.21-taglib-1.patch
Resolving www.linuxfromscratch.org (www.linuxfromscratch.org)... 208.118.68.85
Connecting to www.linuxfromscratch.org (www.linuxfromscratch.org)|208.118.68.85|:443... connected.
HTTP request sent, awaiting response... 404 Not Found
2026-03-09 07:17:02 ERROR 404: Not Found.

