--2026-03-20 14:45:40--  https://github.com/libfuse/libfuse/releases/download/fuse-3.18.2/fuse-3.18.2.tar.gz
Resolving github.com (github.com)... 140.82.112.4
Connecting to github.com (github.com)|140.82.112.4|:443... connected.
HTTP request sent, awaiting response... 302 Found
Location: https://release-assets.githubusercontent.com/github-production-release-asset/48296177/34f9c234-9fc5-4b11-ae51-f84992daef44?sp=r&sv=2018-11-09&sr=b&spr=https&se=2026-03-20T15%3A31%3A04Z&rscd=attachment%3B+filename%3Dfuse-3.18.2.tar.gz&rsct=application%2Foctet-stream&skoid=96c2d410-5711-43a1-aedd-ab1947aa7ab0&sktid=398a6654-997b-47e9-b12b-9515b896b4de&skt=2026-03-20T14%3A30%3A33Z&ske=2026-03-20T15%3A31%3A04Z&sks=b&skv=2018-11-09&sig=UA6%2BYSvD%2BxdQUrrMLXa%2Bx8Z09g%2FjvTiaP8F9Dy1FTas%3D&jwt=eyJ0eXAiOiJKV1QiLCJhbGciOiJIUzI1NiJ9.eyJpc3MiOiJnaXRodWIuY29tIiwiYXVkIjoicmVsZWFzZS1hc3NldHMuZ2l0aHVidXNlcmNvbnRlbnQuY29tIiwia2V5Ijoia2V5MSIsImV4cCI6MTc3NDAxODI0MSwibmJmIjoxNzc0MDE3OTQxLCJwYXRoIjoicmVsZWFzZWFzc2V0cHJvZHVjdGlvbi5ibG9iLmNvcmUud2luZG93cy5uZXQifQ.herf3aPKPlwzHYAOJZ7p3D3RwY7sdHkbTqafa5w42mY&response-content-disposition=attachment%3B%20filename%3Dfuse-3.18.2.tar.gz&response-content-type=application%2Foctet-stream [following]
--2026-03-20 14:45:41--  https://release-assets.githubusercontent.com/github-production-release-asset/48296177/34f9c234-9fc5-4b11-ae51-f84992daef44?sp=r&sv=2018-11-09&sr=b&spr=https&se=2026-03-20T15%3A31%3A04Z&rscd=attachment%3B+filename%3Dfuse-3.18.2.tar.gz&rsct=application%2Foctet-stream&skoid=96c2d410-5711-43a1-aedd-ab1947aa7ab0&sktid=398a6654-997b-47e9-b12b-9515b896b4de&skt=2026-03-20T14%3A30%3A33Z&ske=2026-03-20T15%3A31%3A04Z&sks=b&skv=2018-11-09&sig=UA6%2BYSvD%2BxdQUrrMLXa%2Bx8Z09g%2FjvTiaP8F9Dy1FTas%3D&jwt=eyJ0eXAiOiJKV1QiLCJhbGciOiJIUzI1NiJ9.eyJpc3MiOiJnaXRodWIuY29tIiwiYXVkIjoicmVsZWFzZS1hc3NldHMuZ2l0aHVidXNlcmNvbnRlbnQuY29tIiwia2V5Ijoia2V5MSIsImV4cCI6MTc3NDAxODI0MSwibmJmIjoxNzc0MDE3OTQxLCJwYXRoIjoicmVsZWFzZWFzc2V0cHJvZHVjdGlvbi5ibG9iLmNvcmUud2luZG93cy5uZXQifQ.herf3aPKPlwzHYAOJZ7p3D3RwY7sdHkbTqafa5w42mY&response-content-disposition=attachment%3B%20filename%3Dfuse-3.18.2.tar.gz&response-content-type=application%2Foctet-stream
Resolving release-assets.githubusercontent.com (release-assets.githubusercontent.com)... 185.199.108.133, 185.199.111.133, 185.199.110.133, ...
Connecting to release-assets.githubusercontent.com (release-assets.githubusercontent.com)|185.199.108.133|:443... connected.
HTTP request sent, awaiting response... 200 OK
Length: 4933779 (4.7M) [application/octet-stream]
Saving to: ‘fuse-3.18.2.tar.gz’

     0K .......... .......... .......... .......... ..........  1% 7.01M 1s
    50K .......... .......... .......... .......... ..........  2% 13.4M 1s
   100K .......... .......... .......... .......... ..........  3% 12.7M 0s
   150K .......... .......... .......... .......... ..........  4% 12.3M 0s
   200K .......... .......... .......... .......... ..........  5%  150M 0s
   250K .......... .......... .......... .......... ..........  6% 13.0M 0s
   300K .......... .......... .......... .......... ..........  7% 13.2M 0s
   350K .......... .......... .......... .......... ..........  8% 74.6M 0s
   400K .......... .......... .......... .......... ..........  9% 72.3M 0s
   450K .......... .......... .......... .......... .......... 10%  168M 0s
   500K .......... .......... .......... .......... .......... 11% 17.6M 0s
   550K .......... .......... .......... .......... .......... 12% 13.1M 0s
   600K .......... .......... .......... .......... .......... 13%  113M 0s
   650K .......... .......... .......... .......... .......... 14%  131M 0s
   700K .......... .......... .......... .......... .......... 15%  109M 0s
   750K .......... .......... .......... .......... .......... 16% 78.6M 0s
   800K .......... .......... .......... .......... .......... 17%  166M 0s
   850K .......... .......... .......... .......... .......... 18% 22.3M 0s
   900K .......... .......... .......... .......... .......... 19%  183M 0s
   950K .......... .......... .......... .......... .......... 20%  202M 0s
  1000K .......... .......... .......... .......... .......... 21% 13.0M 0s
  1050K .......... .......... .......... .......... .......... 22%  146M 0s
  1100K .......... .......... .......... .......... .......... 23%  158M 0s
  1150K .......... .......... .......... .......... .......... 24% 74.0M 0s
  1200K .......... .......... .......... .......... .......... 25% 99.9M 0s
  1250K .......... .......... .......... .......... .......... 26%  153M 0s
  1300K .......... .......... .......... .......... .......... 28%  131M 0s
  1350K .......... .......... .......... .......... .......... 29% 99.1M 0s
  1400K .......... .......... .......... .......... .......... 30%  113M 0s
  1450K .......... .......... .......... .......... .......... 31%  138M 0s
  1500K .......... .......... .......... .......... .......... 32% 96.5M 0s
  1550K .......... .......... .......... .......... .......... 33%  115M 0s
  1600K .......... .......... .......... .......... .......... 34% 17.1M 0s
  1650K .......... .......... .......... .......... .......... 35%  164M 0s
  1700K .......... .......... .......... .......... .......... 36% 96.9M 0s
  1750K .......... .......... .......... .......... .......... 37%  162M 0s
  1800K .......... .......... .......... .......... .......... 38%  104M 0s
  1850K .......... .......... .......... .......... .......... 39% 97.7M 0s
  1900K .......... .......... .......... .......... .......... 40%  166M 0s
  1950K .......... .......... .......... .......... .......... 41% 99.3M 0s
  2000K .......... .......... .......... .......... .......... 42% 98.8M 0s
  2050K .......... .......... .......... .......... .......... 43%  103M 0s
  2100K .......... .......... .......... .......... .......... 44% 6.44M 0s
  2150K .......... .......... .......... .......... .......... 45%  149M 0s
  2200K .......... .......... .......... .......... .......... 46%  133M 0s
  2250K .......... .......... .......... .......... .......... 47%  175M 0s
  2300K .......... .......... .......... .......... .......... 48%  135M 0s
  2350K .......... .......... .......... .......... .......... 49%  142M 0s
  2400K .......... .......... .......... .......... .......... 50%  270M 0s
  2450K .......... .......... .......... .......... .......... 51%  270M 0s
  2500K .......... .......... .......... .......... .......... 52%  203M 0s
  2550K .......... .......... .......... .......... .......... 53%  240M 0s
  2600K .......... .......... .......... .......... .......... 55%  251M 0s
  2650K .......... .......... .......... .......... .......... 56%  253M 0s
  2700K .......... .......... .......... .......... .......... 57%  271M 0s
  2750K .......... .......... .......... .......... .......... 58%  163M 0s
  2800K .......... .......... .......... .......... .......... 59%  252M 0s
  2850K .......... .......... .......... .......... .......... 60%  272M 0s
  2900K .......... .......... .......... .......... .......... 61%  274M 0s
  2950K .......... .......... .......... .......... .......... 62%  271M 0s
  3000K .......... .......... .......... .......... .......... 63% 54.2M 0s
  3050K .......... .......... .......... .......... .......... 64%  170M 0s
  3100K .......... .......... .......... .......... .......... 65%  115M 0s
  3150K .......... .......... .......... .......... .......... 66% 91.5M 0s
  3200K .......... .......... .......... .......... .......... 67%  164M 0s
  3250K .......... .......... .......... .......... .......... 68% 93.2M 0s
  3300K .......... .......... .......... .......... .......... 69%  121M 0s
  3350K .......... .......... .......... .......... .......... 70% 35.9M 0s
  3400K .......... .......... .......... .......... .......... 71%  108M 0s
  3450K .......... .......... .......... .......... .......... 72%  102M 0s
  3500K .......... .......... .......... .......... .......... 73%  169M 0s
  3550K .......... .......... .......... .......... .......... 74% 71.8M 0s
  3600K .......... .......... .......... .......... .......... 75%  146M 0s
  3650K .......... .......... .......... .......... .......... 76% 97.0M 0s
  3700K .......... .......... .......... .......... .......... 77% 94.2M 0s
  3750K .......... .......... .......... .......... .......... 78%  121M 0s
  3800K .......... .......... .......... .......... .......... 79%  166M 0s
  3850K .......... .......... .......... .......... .......... 80%  162M 0s
  3900K .......... .......... .......... .......... .......... 81%  100M 0s
  3950K .......... .......... .......... .......... .......... 83% 92.5M 0s
  4000K .......... .......... .......... .......... .......... 84% 7.40M 0s
  4050K .......... .......... .......... .......... .......... 85%  179M 0s
  4100K .......... .......... .......... .......... .......... 86%  159M 0s
  4150K .......... .......... .......... .......... .......... 87%  142M 0s
  4200K .......... .......... .......... .......... .......... 88%  265M 0s
  4250K .......... .......... .......... .......... .......... 89%  272M 0s
  4300K .......... .......... .......... .......... .......... 90%  179M 0s
  4350K .......... .......... .......... .......... .......... 91%  195M 0s
  4400K .......... .......... .......... .......... .......... 92%  264M 0s
  4450K .......... .......... .......... .......... .......... 93% 24.4M 0s
  4500K .......... .......... .......... .......... .......... 94%  171M 0s
  4550K .......... .......... .......... .......... .......... 95%  167M 0s
  4600K .......... .......... .......... .......... .......... 96%  225M 0s
  4650K .......... .......... .......... .......... .......... 97%  269M 0s
  4700K .......... .......... .......... .......... .......... 98%  266M 0s
  4750K .......... .......... .......... .......... .......... 99%  205M 0s
  4800K .......... ........                                   100%  243M=0.09s

2026-03-20 14:45:41 (53.4 MB/s) - ‘fuse-3.18.2.tar.gz’ saved [4933779/4933779]

fuse-3.18.2/
fuse-3.18.2/.ackrc
fuse-3.18.2/.clang-format
fuse-3.18.2/.codespellrc
fuse-3.18.2/.dir-locals.el
fuse-3.18.2/AUTHORS
fuse-3.18.2/ChangeLog.rst
fuse-3.18.2/GPL2.txt
fuse-3.18.2/LGPL2.txt
fuse-3.18.2/LICENSE
fuse-3.18.2/README.md
fuse-3.18.2/SECURITY.md
fuse-3.18.2/checkpatch.pl
fuse-3.18.2/dev-docs/
fuse-3.18.2/dev-docs/extend-authors.sh
fuse-3.18.2/dev-docs/release-process.md
fuse-3.18.2/doc/
fuse-3.18.2/doc/Doxyfile
fuse-3.18.2/doc/README.NFS
fuse-3.18.2/doc/README.fuse-io-uring
fuse-3.18.2/doc/README.fuse_reply_errors
fuse-3.18.2/doc/README.notifications
fuse-3.18.2/doc/fast17-vangoor.pdf
fuse-3.18.2/doc/fusermount3.1
fuse-3.18.2/doc/kernel.txt
fuse-3.18.2/doc/libfuse-operations.txt
fuse-3.18.2/doc/mainpage.dox
fuse-3.18.2/doc/meson.build
fuse-3.18.2/doc/mount.fuse3.8
fuse-3.18.2/doc/html/
fuse-3.18.2/doc/html/tabs.css
fuse-3.18.2/doc/html/jquery.js
fuse-3.18.2/doc/html/menu.js
fuse-3.18.2/doc/html/dynsections.js
fuse-3.18.2/doc/html/tab_a.png
fuse-3.18.2/doc/html/tab_b.png
fuse-3.18.2/doc/html/tab_h.png
fuse-3.18.2/doc/html/tab_s.png
fuse-3.18.2/doc/html/tab_ad.png
fuse-3.18.2/doc/html/tab_bd.png
fuse-3.18.2/doc/html/tab_hd.png
fuse-3.18.2/doc/html/tab_sd.png
fuse-3.18.2/doc/html/nav_h.png
fuse-3.18.2/doc/html/nav_hd.png
fuse-3.18.2/doc/html/nav_f.png
fuse-3.18.2/doc/html/nav_fd.png
fuse-3.18.2/doc/html/bc_s.png
fuse-3.18.2/doc/html/bc_sd.png
fuse-3.18.2/doc/html/doxygen.svg
fuse-3.18.2/doc/html/closed.png
fuse-3.18.2/doc/html/open.png
fuse-3.18.2/doc/html/sync_on.png
fuse-3.18.2/doc/html/sync_off.png
fuse-3.18.2/doc/html/nav_g.png
fuse-3.18.2/doc/html/plus.svg
fuse-3.18.2/doc/html/minus.svg
fuse-3.18.2/doc/html/plusd.svg
fuse-3.18.2/doc/html/minusd.svg
fuse-3.18.2/doc/html/doxygen.css
fuse-3.18.2/doc/html/doc.svg
fuse-3.18.2/doc/html/docd.svg
fuse-3.18.2/doc/html/folderopen.svg
fuse-3.18.2/doc/html/folderopend.svg
fuse-3.18.2/doc/html/folderclosed.svg
fuse-3.18.2/doc/html/folderclosedd.svg
fuse-3.18.2/doc/html/splitbar.png
fuse-3.18.2/doc/html/splitbard.png
fuse-3.18.2/doc/html/fast17-vangoor.pdf
fuse-3.18.2/doc/html/example_2cuse_8c_source.html
fuse-3.18.2/doc/html/fuse-3_818_81_2example_2cuse_8c_source.html
fuse-3.18.2/doc/html/example_2cuse__client_8c_source.html
fuse-3.18.2/doc/html/fuse-3_818_81_2example_2cuse__client_8c_source.html
fuse-3.18.2/doc/html/example_2hello_8c_source.html
fuse-3.18.2/doc/html/fuse-3_817_84_2test_2hello_8c_source.html
fuse-3.18.2/doc/html/fuse-3_818_81_2example_2hello_8c_source.html
fuse-3.18.2/doc/html/fuse-3_818_81_2test_2hello_8c_source.html
fuse-3.18.2/doc/html/test_2hello_8c_source.html
fuse-3.18.2/doc/html/example_2hello__ll_8c_source.html
fuse-3.18.2/doc/html/fuse-3_818_81_2example_2hello__ll_8c_source.html
fuse-3.18.2/doc/html/example_2hello__ll__uds_8c_source.html
fuse-3.18.2/doc/html/fuse-3_818_81_2example_2hello__ll__uds_8c_source.html
fuse-3.18.2/doc/html/example_2invalidate__path_8c_source.html
fuse-3.18.2/doc/html/fuse-3_818_81_2example_2invalidate__path_8c_source.html
fuse-3.18.2/doc/html/example_2ioctl_8c_source.html
fuse-3.18.2/doc/html/fuse-3_818_81_2example_2ioctl_8c_source.html
fuse-3.18.2/doc/html/example_2ioctl_8h_source.html
fuse-3.18.2/doc/html/fuse-3_818_81_2example_2ioctl_8h_source.html
fuse-3.18.2/doc/html/example_2ioctl__client_8c_source.html
fuse-3.18.2/doc/html/fuse-3_818_81_2example_2ioctl__client_8c_source.html
fuse-3.18.2/doc/html/example_2notify__inval__entry_8c_source.html
fuse-3.18.2/doc/html/fuse-3_818_81_2example_2notify__inval__entry_8c_source.html
fuse-3.18.2/doc/html/example_2notify__inval__inode_8c_source.html
fuse-3.18.2/doc/html/fuse-3_818_81_2example_2notify__inval__inode_8c_source.html
fuse-3.18.2/doc/html/example_2notify__store__retrieve_8c_source.html
fuse-3.18.2/doc/html/fuse-3_817_84_2example_2notify__store__retrieve_8c_source.html
fuse-3.18.2/doc/html/fuse-3_818_81_2example_2notify__store__retrieve_8c_source.html
fuse-3.18.2/doc/html/example_2null_8c_source.html
fuse-3.18.2/doc/html/fuse-3_817_84_2example_2null_8c_source.html
fuse-3.18.2/doc/html/fuse-3_818_81_2example_2null_8c_source.html
fuse-3.18.2/doc/html/example_2passthrough_8c_source.html
fuse-3.18.2/doc/html/fuse-3_817_84_2example_2passthrough_8c_source.html
fuse-3.18.2/doc/html/fuse-3_818_81_2example_2passthrough_8c_source.html
fuse-3.18.2/doc/html/example_2passthrough__fh_8c_source.html
fuse-3.18.2/doc/html/fuse-3_817_84_2example_2passthrough__fh_8c_source.html
fuse-3.18.2/doc/html/fuse-3_818_81_2example_2passthrough__fh_8c_source.html
fuse-3.18.2/doc/html/example_2passthrough__helpers_8h_source.html
fuse-3.18.2/doc/html/fuse-3_817_84_2example_2passthrough__helpers_8h_source.html
fuse-3.18.2/doc/html/fuse-3_818_81_2example_2passthrough__helpers_8h_source.html
fuse-3.18.2/doc/html/example_2passthrough__ll_8c_source.html
fuse-3.18.2/doc/html/fuse-3_817_84_2example_2passthrough__ll_8c_source.html
fuse-3.18.2/doc/html/fuse-3_818_81_2example_2passthrough__ll_8c_source.html
fuse-3.18.2/doc/html/example_2poll_8c_source.html
fuse-3.18.2/doc/html/fuse-3_817_84_2example_2poll_8c_source.html
fuse-3.18.2/doc/html/fuse-3_818_81_2example_2poll_8c_source.html
fuse-3.18.2/doc/html/example_2poll__client_8c_source.html
fuse-3.18.2/doc/html/fuse-3_817_84_2example_2poll__client_8c_source.html
fuse-3.18.2/doc/html/fuse-3_818_81_2example_2poll__client_8c_source.html
fuse-3.18.2/doc/html/example_2printcap_8c_source.html
fuse-3.18.2/doc/html/fuse-3_817_84_2example_2printcap_8c_source.html
fuse-3.18.2/doc/html/fuse-3_818_81_2example_2printcap_8c_source.html
fuse-3.18.2/doc/html/fuse-3_817_84_2include_2cuse__lowlevel_8h_source.html
fuse-3.18.2/doc/html/fuse-3_818_81_2include_2cuse__lowlevel_8h_source.html
fuse-3.18.2/doc/html/include_2cuse__lowlevel_8h_source.html
fuse-3.18.2/doc/html/fuse-3_817_84_2include_2fuse_8h_source.html
fuse-3.18.2/doc/html/fuse-3_818_81_2include_2fuse_8h_source.html
fuse-3.18.2/doc/html/include_2fuse_8h_source.html
fuse-3.18.2/doc/html/fuse-3_817_84_2include_2fuse__common_8h_source.html
fuse-3.18.2/doc/html/fuse-3_818_81_2include_2fuse__common_8h_source.html
fuse-3.18.2/doc/html/include_2fuse__common_8h_source.html
fuse-3.18.2/doc/html/fuse-3_817_84_2include_2fuse__kernel_8h_source.html
fuse-3.18.2/doc/html/fuse-3_818_81_2include_2fuse__kernel_8h_source.html
fuse-3.18.2/doc/html/include_2fuse__kernel_8h_source.html
fuse-3.18.2/doc/html/fuse-3_817_84_2include_2fuse__log_8h_source.html
fuse-3.18.2/doc/html/fuse-3_818_81_2include_2fuse__log_8h_source.html
fuse-3.18.2/doc/html/include_2fuse__log_8h_source.html
fuse-3.18.2/doc/html/fuse-3_817_84_2include_2fuse__lowlevel_8h_source.html
fuse-3.18.2/doc/html/fuse-3_818_81_2include_2fuse__lowlevel_8h_source.html
fuse-3.18.2/doc/html/include_2fuse__lowlevel_8h_source.html
fuse-3.18.2/doc/html/fuse-3_817_84_2include_2fuse__mount__compat_8h_source.html
fuse-3.18.2/doc/html/fuse-3_818_81_2include_2fuse__mount__compat_8h_source.html
fuse-3.18.2/doc/html/include_2fuse__mount__compat_8h_source.html
fuse-3.18.2/doc/html/fuse-3_817_84_2include_2fuse__opt_8h_source.html
fuse-3.18.2/doc/html/fuse-3_818_81_2include_2fuse__opt_8h_source.html
fuse-3.18.2/doc/html/include_2fuse__opt_8h_source.html
fuse-3.18.2/doc/html/fuse-3_817_84_2lib_2buffer_8c_source.html
fuse-3.18.2/doc/html/fuse-3_818_81_2lib_2buffer_8c_source.html
fuse-3.18.2/doc/html/lib_2buffer_8c_source.html
fuse-3.18.2/doc/html/fuse-3_817_84_2lib_2compat_8c_source.html
fuse-3.18.2/doc/html/fuse-3_818_81_2lib_2compat_8c_source.html
fuse-3.18.2/doc/html/lib_2compat_8c_source.html
fuse-3.18.2/doc/html/fuse-3_817_84_2lib_2cuse__lowlevel_8c_source.html
fuse-3.18.2/doc/html/fuse-3_818_81_2lib_2cuse__lowlevel_8c_source.html
fuse-3.18.2/doc/html/lib_2cuse__lowlevel_8c_source.html
fuse-3.18.2/doc/html/fuse-3_817_84_2lib_2fuse_8c_source.html
fuse-3.18.2/doc/html/fuse-3_818_81_2lib_2fuse_8c_source.html
fuse-3.18.2/doc/html/lib_2fuse_8c_source.html
fuse-3.18.2/doc/html/fuse-3_817_84_2lib_2fuse__i_8h_source.html
fuse-3.18.2/doc/html/fuse-3_818_81_2lib_2fuse__i_8h_source.html
fuse-3.18.2/doc/html/lib_2fuse__i_8h_source.html
fuse-3.18.2/doc/html/fuse-3_817_84_2lib_2fuse__log_8c_source.html
fuse-3.18.2/doc/html/fuse-3_818_81_2lib_2fuse__log_8c_source.html
fuse-3.18.2/doc/html/lib_2fuse__log_8c_source.html
fuse-3.18.2/doc/html/fuse-3_817_84_2lib_2fuse__loop_8c_source.html
fuse-3.18.2/doc/html/fuse-3_818_81_2lib_2fuse__loop_8c_source.html
fuse-3.18.2/doc/html/lib_2fuse__loop_8c_source.html
fuse-3.18.2/doc/html/fuse-3_817_84_2lib_2fuse__loop__mt_8c_source.html
fuse-3.18.2/doc/html/fuse-3_818_81_2lib_2fuse__loop__mt_8c_source.html
fuse-3.18.2/doc/html/lib_2fuse__loop__mt_8c_source.html
fuse-3.18.2/doc/html/fuse-3_817_84_2lib_2fuse__lowlevel_8c_source.html
fuse-3.18.2/doc/html/fuse-3_818_81_2lib_2fuse__lowlevel_8c_source.html
fuse-3.18.2/doc/html/lib_2fuse__lowlevel_8c_source.html
fuse-3.18.2/doc/html/fuse-3_817_84_2lib_2fuse__misc_8h_source.html
fuse-3.18.2/doc/html/fuse-3_818_81_2lib_2fuse__misc_8h_source.html
fuse-3.18.2/doc/html/lib_2fuse__misc_8h_source.html
fuse-3.18.2/doc/html/fuse-3_817_84_2lib_2fuse__opt_8c_source.html
fuse-3.18.2/doc/html/fuse-3_818_81_2lib_2fuse__opt_8c_source.html
fuse-3.18.2/doc/html/lib_2fuse__opt_8c_source.html
fuse-3.18.2/doc/html/fuse-3_817_84_2lib_2fuse__signals_8c_source.html
fuse-3.18.2/doc/html/fuse-3_818_81_2lib_2fuse__signals_8c_source.html
fuse-3.18.2/doc/html/lib_2fuse__signals_8c_source.html
fuse-3.18.2/doc/html/fuse-3_818_81_2lib_2fuse__uring_8c_source.html
fuse-3.18.2/doc/html/lib_2fuse__uring_8c_source.html
fuse-3.18.2/doc/html/fuse-3_818_81_2lib_2fuse__uring__i_8h_source.html
fuse-3.18.2/doc/html/lib_2fuse__uring__i_8h_source.html
fuse-3.18.2/doc/html/fuse-3_817_84_2lib_2helper_8c_source.html
fuse-3.18.2/doc/html/fuse-3_818_81_2lib_2helper_8c_source.html
fuse-3.18.2/doc/html/lib_2helper_8c_source.html
fuse-3.18.2/doc/html/fuse-3_817_84_2lib_2modules_2iconv_8c_source.html
fuse-3.18.2/doc/html/fuse-3_818_81_2lib_2modules_2iconv_8c_source.html
fuse-3.18.2/doc/html/lib_2modules_2iconv_8c_source.html
fuse-3.18.2/doc/html/fuse-3_817_84_2lib_2modules_2subdir_8c_source.html
fuse-3.18.2/doc/html/fuse-3_818_81_2lib_2modules_2subdir_8c_source.html
fuse-3.18.2/doc/html/lib_2modules_2subdir_8c_source.html
fuse-3.18.2/doc/html/fuse-3_817_84_2lib_2mount_8c_source.html
fuse-3.18.2/doc/html/fuse-3_818_81_2lib_2mount_8c_source.html
fuse-3.18.2/doc/html/lib_2mount_8c_source.html
fuse-3.18.2/doc/html/fuse-3_817_84_2lib_2mount__bsd_8c_source.html
fuse-3.18.2/doc/html/fuse-3_818_81_2lib_2mount__bsd_8c_source.html
fuse-3.18.2/doc/html/lib_2mount__bsd_8c_source.html
fuse-3.18.2/doc/html/fuse-3_817_84_2lib_2mount__util_8c_source.html
fuse-3.18.2/doc/html/fuse-3_818_81_2lib_2mount__util_8c_source.html
fuse-3.18.2/doc/html/lib_2mount__util_8c_source.html
fuse-3.18.2/doc/html/fuse-3_817_84_2lib_2mount__util_8h_source.html
fuse-3.18.2/doc/html/fuse-3_818_81_2lib_2mount__util_8h_source.html
fuse-3.18.2/doc/html/lib_2mount__util_8h_source.html
fuse-3.18.2/doc/html/fuse-3_818_81_2lib_2usdt_8h_source.html
fuse-3.18.2/doc/html/lib_2usdt_8h_source.html
fuse-3.18.2/doc/html/fuse-3_817_84_2lib_2util_8c_source.html
fuse-3.18.2/doc/html/fuse-3_818_81_2lib_2util_8c_source.html
fuse-3.18.2/doc/html/lib_2util_8c_source.html
fuse-3.18.2/doc/html/fuse-3_817_84_2lib_2util_8h_source.html
fuse-3.18.2/doc/html/fuse-3_818_81_2lib_2util_8h_source.html
fuse-3.18.2/doc/html/lib_2util_8h_source.html
fuse-3.18.2/doc/html/fuse-3_817_84_2test_2readdir__inode_8c_source.html
fuse-3.18.2/doc/html/fuse-3_818_81_2test_2readdir__inode_8c_source.html
fuse-3.18.2/doc/html/test_2readdir__inode_8c_source.html
fuse-3.18.2/doc/html/fuse-3_817_84_2test_2release__unlink__race_8c_source.html
fuse-3.18.2/doc/html/fuse-3_818_81_2test_2release__unlink__race_8c_source.html
fuse-3.18.2/doc/html/test_2release__unlink__race_8c_source.html
fuse-3.18.2/doc/html/fuse-3_817_84_2test_2stracedecode_8c_source.html
fuse-3.18.2/doc/html/fuse-3_818_81_2test_2stracedecode_8c_source.html
fuse-3.18.2/doc/html/test_2stracedecode_8c_source.html
fuse-3.18.2/doc/html/fuse-3_817_84_2test_2test__abi_8c_source.html
fuse-3.18.2/doc/html/fuse-3_818_81_2test_2test__abi_8c_source.html
fuse-3.18.2/doc/html/test_2test__abi_8c_source.html
fuse-3.18.2/doc/html/fuse-3_817_84_2test_2test__setattr_8c_source.html
fuse-3.18.2/doc/html/fuse-3_818_81_2test_2test__setattr_8c_source.html
fuse-3.18.2/doc/html/test_2test__setattr_8c_source.html
fuse-3.18.2/doc/html/fuse-3_818_81_2test_2test__signals_8c_source.html
fuse-3.18.2/doc/html/test_2test__signals_8c_source.html
fuse-3.18.2/doc/html/fuse-3_817_84_2test_2test__syscalls_8c_source.html
fuse-3.18.2/doc/html/fuse-3_818_81_2test_2test__syscalls_8c_source.html
fuse-3.18.2/doc/html/test_2test__syscalls_8c_source.html
fuse-3.18.2/doc/html/fuse-3_817_84_2test_2test__want__conversion_8c_source.html
fuse-3.18.2/doc/html/fuse-3_818_81_2test_2test__want__conversion_8c_source.html
fuse-3.18.2/doc/html/test_2test__want__conversion_8c_source.html
fuse-3.18.2/doc/html/fuse-3_817_84_2test_2test__write__cache_8c_source.html
fuse-3.18.2/doc/html/fuse-3_818_81_2test_2test__write__cache_8c_source.html
fuse-3.18.2/doc/html/test_2test__write__cache_8c_source.html
fuse-3.18.2/doc/html/fuse-3_817_84_2test_2wrong__command_8c_source.html
fuse-3.18.2/doc/html/fuse-3_818_81_2test_2wrong__command_8c_source.html
fuse-3.18.2/doc/html/test_2wrong__command_8c_source.html
fuse-3.18.2/doc/html/fuse-3_817_84_2util_2fusermount_8c_source.html
fuse-3.18.2/doc/html/fuse-3_818_81_2util_2fusermount_8c_source.html
fuse-3.18.2/doc/html/util_2fusermount_8c_source.html
fuse-3.18.2/doc/html/fuse-3_817_84_2util_2mount_8fuse_8c_source.html
fuse-3.18.2/doc/html/fuse-3_818_81_2util_2mount_8fuse_8c_source.html
fuse-3.18.2/doc/html/util_2mount_8fuse_8c_source.html
fuse-3.18.2/doc/html/example_2cuse_8c.html
fuse-3.18.2/doc/html/fuse-3_818_81_2example_2cuse_8c.html
fuse-3.18.2/doc/html/example_2cuse__client_8c.html
fuse-3.18.2/doc/html/fuse-3_818_81_2example_2cuse__client_8c.html
fuse-3.18.2/doc/html/example_2hello_8c.html
fuse-3.18.2/doc/html/fuse-3_817_84_2test_2hello_8c.html
fuse-3.18.2/doc/html/fuse-3_818_81_2example_2hello_8c.html
fuse-3.18.2/doc/html/fuse-3_818_81_2test_2hello_8c.html
fuse-3.18.2/doc/html/test_2hello_8c.html
fuse-3.18.2/doc/html/example_2hello__ll_8c.html
fuse-3.18.2/doc/html/fuse-3_818_81_2example_2hello__ll_8c.html
fuse-3.18.2/doc/html/example_2hello__ll__uds_8c.html
fuse-3.18.2/doc/html/fuse-3_818_81_2example_2hello__ll__uds_8c.html
fuse-3.18.2/doc/html/example_2invalidate__path_8c.html
fuse-3.18.2/doc/html/fuse-3_818_81_2example_2invalidate__path_8c.html
fuse-3.18.2/doc/html/example_2ioctl_8c.html
fuse-3.18.2/doc/html/fuse-3_818_81_2example_2ioctl_8c.html
fuse-3.18.2/doc/html/example_2ioctl_8h.html
fuse-3.18.2/doc/html/fuse-3_818_81_2example_2ioctl_8h.html
fuse-3.18.2/doc/html/example_2ioctl__client_8c.html
fuse-3.18.2/doc/html/fuse-3_818_81_2example_2ioctl__client_8c.html
fuse-3.18.2/doc/html/example_2notify__inval__entry_8c.html
fuse-3.18.2/doc/html/fuse-3_818_81_2example_2notify__inval__entry_8c.html
fuse-3.18.2/doc/html/example_2notify__inval__inode_8c.html
fuse-3.18.2/doc/html/fuse-3_818_81_2example_2notify__inval__inode_8c.html
fuse-3.18.2/doc/html/example_2notify__store__retrieve_8c.html
fuse-3.18.2/doc/html/fuse-3_817_84_2example_2notify__store__retrieve_8c.html
fuse-3.18.2/doc/html/fuse-3_818_81_2example_2notify__store__retrieve_8c.html
fuse-3.18.2/doc/html/example_2null_8c.html
fuse-3.18.2/doc/html/fuse-3_817_84_2example_2null_8c.html
fuse-3.18.2/doc/html/fuse-3_818_81_2example_2null_8c.html
fuse-3.18.2/doc/html/example_2passthrough_8c.html
fuse-3.18.2/doc/html/fuse-3_817_84_2example_2passthrough_8c.html
fuse-3.18.2/doc/html/fuse-3_818_81_2example_2passthrough_8c.html
fuse-3.18.2/doc/html/example_2passthrough__fh_8c.html
fuse-3.18.2/doc/html/fuse-3_817_84_2example_2passthrough__fh_8c.html
fuse-3.18.2/doc/html/fuse-3_818_81_2example_2passthrough__fh_8c.html
fuse-3.18.2/doc/html/example_2passthrough__ll_8c.html
fuse-3.18.2/doc/html/fuse-3_817_84_2example_2passthrough__ll_8c.html
fuse-3.18.2/doc/html/fuse-3_818_81_2example_2passthrough__ll_8c.html
fuse-3.18.2/doc/html/example_2poll_8c.html
fuse-3.18.2/doc/html/fuse-3_817_84_2example_2poll_8c.html
fuse-3.18.2/doc/html/fuse-3_818_81_2example_2poll_8c.html
fuse-3.18.2/doc/html/example_2poll__client_8c.html
fuse-3.18.2/doc/html/fuse-3_817_84_2example_2poll__client_8c.html
fuse-3.18.2/doc/html/fuse-3_818_81_2example_2poll__client_8c.html
fuse-3.18.2/doc/html/example_2printcap_8c.html
fuse-3.18.2/doc/html/fuse-3_817_84_2example_2printcap_8c.html
fuse-3.18.2/doc/html/fuse-3_818_81_2example_2printcap_8c.html
fuse-3.18.2/doc/html/fuse-3_817_84_2include_2fuse_8h.html
fuse-3.18.2/doc/html/fuse-3_818_81_2include_2fuse_8h.html
fuse-3.18.2/doc/html/include_2fuse_8h.html
fuse-3.18.2/doc/html/fuse-3_817_84_2include_2fuse__common_8h.html
fuse-3.18.2/doc/html/fuse-3_818_81_2include_2fuse__common_8h.html
fuse-3.18.2/doc/html/include_2fuse__common_8h.html
fuse-3.18.2/doc/html/fuse-3_817_84_2include_2fuse__log_8h.html
fuse-3.18.2/doc/html/fuse-3_818_81_2include_2fuse__log_8h.html
fuse-3.18.2/doc/html/include_2fuse__log_8h.html
fuse-3.18.2/doc/html/fuse-3_817_84_2include_2fuse__lowlevel_8h.html
fuse-3.18.2/doc/html/fuse-3_818_81_2include_2fuse__lowlevel_8h.html
fuse-3.18.2/doc/html/include_2fuse__lowlevel_8h.html
fuse-3.18.2/doc/html/fuse-3_817_84_2include_2fuse__opt_8h.html
fuse-3.18.2/doc/html/fuse-3_818_81_2include_2fuse__opt_8h.html
fuse-3.18.2/doc/html/include_2fuse__opt_8h.html
fuse-3.18.2/doc/html/structfuse__args.html
fuse-3.18.2/doc/html/structfuse__buf.html
fuse-3.18.2/doc/html/structfuse__bufvec.html
fuse-3.18.2/doc/html/structfuse__cmdline__opts.html
fuse-3.18.2/doc/html/structfuse__config.html
fuse-3.18.2/doc/html/structfuse__conn__info.html
fuse-3.18.2/doc/html/structfuse__context.html
fuse-3.18.2/doc/html/structfuse__ctx.html
fuse-3.18.2/doc/html/structfuse__entry__param.html
fuse-3.18.2/doc/html/structfuse__ext__header.html
fuse-3.18.2/doc/html/structfuse__file__info.html
fuse-3.18.2/doc/html/structfuse__loop__config.html
fuse-3.18.2/doc/html/structfuse__lowlevel__ops.html
fuse-3.18.2/doc/html/structfuse__module.html
fuse-3.18.2/doc/html/structfuse__operations.html
fuse-3.18.2/doc/html/structfuse__opt.html
fuse-3.18.2/doc/html/structfuse__ring__pool.html
fuse-3.18.2/doc/html/structfuse__supp__groups.html
fuse-3.18.2/doc/html/structfuse__uring__cmd__req.html
fuse-3.18.2/doc/html/structfuse__uring__req__header.html
fuse-3.18.2/doc/html/structlibfuse__version.html
fuse-3.18.2/doc/html/dir_e68e8157741866f444e17edd764ebbae.html
fuse-3.18.2/doc/html/dir_ff8734a6ed1553e4cdaef764f37a71c4.html
fuse-3.18.2/doc/html/dir_cfafba98a580ce4b62f8a6fa96d7cbb0.html
fuse-3.18.2/doc/html/dir_e7cc7929bd1ffaa820e10e01d9c95abd.html
fuse-3.18.2/doc/html/dir_de8f9914a0c6d3fefb7eee74461f97ba.html
fuse-3.18.2/doc/html/dir_a1e8bb6aacb6fb222eb29390226a8aec.html
fuse-3.18.2/doc/html/dir_4d35850f380bf2b0e1e23612de44a403.html
fuse-3.18.2/doc/html/dir_ee79e556e893a265551a6396eb768ff4.html
fuse-3.18.2/doc/html/dir_567612448af13c8fdbe428427cb913c5.html
fuse-3.18.2/doc/html/dir_d44c64559bbebec7f509842c48db8b23.html
fuse-3.18.2/doc/html/dir_151531ba243f27a508f84a018a5044f9.html
fuse-3.18.2/doc/html/dir_bea620c7bc056d32632a5444abf88a37.html
fuse-3.18.2/doc/html/dir_97aefd0d527b934f1d99a682da8fe6a9.html
fuse-3.18.2/doc/html/dir_ef89b861fb26f7108388f05c496b561a.html
fuse-3.18.2/doc/html/dir_98164a96c6a79e43c7a77c344d27e55d.html
fuse-3.18.2/doc/html/dir_e1dbc8ba94a86723d4c32227b7c46099.html
fuse-3.18.2/doc/html/dir_f77c7566d5b54b3a8f6688c1c1718be3.html
fuse-3.18.2/doc/html/dir_3141c10b43d1ded6ee3c902c2fe1c48b.html
fuse-3.18.2/doc/html/dir_13e138d54eb8818da29c3992edef070a.html
fuse-3.18.2/doc/html/dir_73f848c5a0a9108732ea2e7217c7aea5.html
fuse-3.18.2/doc/html/dir_aa785a52b370a0eb18aa670afa0403e9.html
fuse-3.18.2/doc/html/dir_23ec12649285f9fabf3a6b7380226c28.html
fuse-3.18.2/doc/html/menudata.js
fuse-3.18.2/doc/html/index.html
fuse-3.18.2/doc/html/annotated.html
fuse-3.18.2/doc/html/classes.html
fuse-3.18.2/doc/html/functions.html
fuse-3.18.2/doc/html/functions_vars.html
fuse-3.18.2/doc/html/files.html
fuse-3.18.2/doc/html/globals.html
fuse-3.18.2/doc/html/globals_func.html
fuse-3.18.2/doc/html/globals_type.html
fuse-3.18.2/doc/html/globals_enum.html
fuse-3.18.2/doc/html/globals_eval.html
fuse-3.18.2/doc/html/globals_defs.html
fuse-3.18.2/doc/html/fuse-3_818_82_2example_2cuse_8c_source.html
fuse-3.18.2/doc/html/fuse-3_818_82_2example_2cuse__client_8c_source.html
fuse-3.18.2/doc/html/fuse-3_818_82_2example_2hello_8c_source.html
fuse-3.18.2/doc/html/fuse-3_818_82_2test_2hello_8c_source.html
fuse-3.18.2/doc/html/fuse-3_818_82_2example_2hello__ll_8c_source.html
fuse-3.18.2/doc/html/fuse-3_818_82_2example_2hello__ll__uds_8c_source.html
fuse-3.18.2/doc/html/fuse-3_818_82_2example_2invalidate__path_8c_source.html
fuse-3.18.2/doc/html/fuse-3_818_82_2example_2ioctl_8c_source.html
fuse-3.18.2/doc/html/fuse-3_818_82_2example_2ioctl_8h_source.html
fuse-3.18.2/doc/html/fuse-3_818_82_2example_2ioctl__client_8c_source.html
fuse-3.18.2/doc/html/fuse-3_818_82_2example_2notify__inval__entry_8c_source.html
fuse-3.18.2/doc/html/fuse-3_818_82_2example_2notify__inval__inode_8c_source.html
fuse-3.18.2/doc/html/fuse-3_818_82_2example_2notify__store__retrieve_8c_source.html
fuse-3.18.2/doc/html/fuse-3_818_82_2example_2null_8c_source.html
fuse-3.18.2/doc/html/fuse-3_818_82_2example_2passthrough_8c_source.html
fuse-3.18.2/doc/html/fuse-3_818_82_2example_2passthrough__fh_8c_source.html
fuse-3.18.2/doc/html/fuse-3_818_82_2example_2passthrough__helpers_8h_source.html
fuse-3.18.2/doc/html/fuse-3_818_82_2example_2passthrough__ll_8c_source.html
fuse-3.18.2/doc/html/fuse-3_818_82_2example_2poll_8c_source.html
fuse-3.18.2/doc/html/fuse-3_818_82_2example_2poll__client_8c_source.html
fuse-3.18.2/doc/html/fuse-3_818_82_2example_2printcap_8c_source.html
fuse-3.18.2/doc/html/fuse-3_818_82_2include_2cuse__lowlevel_8h_source.html
fuse-3.18.2/doc/html/fuse-3_818_82_2include_2fuse_8h_source.html
fuse-3.18.2/doc/html/fuse-3_818_82_2include_2fuse__common_8h_source.html
fuse-3.18.2/doc/html/fuse-3_818_82_2include_2fuse__kernel_8h_source.html
fuse-3.18.2/doc/html/fuse-3_818_82_2include_2fuse__log_8h_source.html
fuse-3.18.2/doc/html/fuse-3_818_82_2include_2fuse__lowlevel_8h_source.html
fuse-3.18.2/doc/html/fuse-3_818_82_2include_2fuse__mount__compat_8h_source.html
fuse-3.18.2/doc/html/fuse-3_818_82_2include_2fuse__opt_8h_source.html
fuse-3.18.2/doc/html/fuse-3_818_82_2lib_2buffer_8c_source.html
fuse-3.18.2/doc/html/fuse-3_818_82_2lib_2compat_8c_source.html
fuse-3.18.2/doc/html/fuse-3_818_82_2lib_2cuse__lowlevel_8c_source.html
fuse-3.18.2/doc/html/fuse-3_818_82_2lib_2fuse_8c_source.html
fuse-3.18.2/doc/html/fuse-3_818_82_2lib_2fuse__i_8h_source.html
fuse-3.18.2/doc/html/fuse-3_818_82_2lib_2fuse__log_8c_source.html
fuse-3.18.2/doc/html/fuse-3_818_82_2lib_2fuse__loop_8c_source.html
fuse-3.18.2/doc/html/fuse-3_818_82_2lib_2fuse__loop__mt_8c_source.html
fuse-3.18.2/doc/html/fuse-3_818_82_2lib_2fuse__lowlevel_8c_source.html
fuse-3.18.2/doc/html/fuse-3_818_82_2lib_2fuse__misc_8h_source.html
fuse-3.18.2/doc/html/fuse-3_818_82_2lib_2fuse__opt_8c_source.html
fuse-3.18.2/doc/html/fuse-3_818_82_2lib_2fuse__signals_8c_source.html
fuse-3.18.2/doc/html/fuse-3_818_82_2lib_2fuse__uring_8c_source.html
fuse-3.18.2/doc/html/fuse-3_818_82_2lib_2fuse__uring__i_8h_source.html
fuse-3.18.2/doc/html/fuse-3_818_82_2lib_2helper_8c_source.html
fuse-3.18.2/doc/html/fuse-3_818_82_2lib_2modules_2iconv_8c_source.html
fuse-3.18.2/doc/html/fuse-3_818_82_2lib_2modules_2subdir_8c_source.html
fuse-3.18.2/doc/html/fuse-3_818_82_2lib_2mount_8c_source.html
fuse-3.18.2/doc/html/fuse-3_818_82_2lib_2mount__bsd_8c_source.html
fuse-3.18.2/doc/html/fuse-3_818_82_2lib_2mount__util_8c_source.html
fuse-3.18.2/doc/html/fuse-3_818_82_2lib_2mount__util_8h_source.html
fuse-3.18.2/doc/html/fuse-3_818_82_2lib_2usdt_8h_source.html
fuse-3.18.2/doc/html/fuse-3_818_82_2lib_2util_8c_source.html
fuse-3.18.2/doc/html/fuse-3_818_82_2lib_2util_8h_source.html
fuse-3.18.2/doc/html/fuse-3_818_82_2test_2readdir__inode_8c_source.html
fuse-3.18.2/doc/html/fuse-3_818_82_2test_2release__unlink__race_8c_source.html
fuse-3.18.2/doc/html/fuse-3_818_82_2test_2stracedecode_8c_source.html
fuse-3.18.2/doc/html/fuse-3_818_82_2test_2test__abi_8c_source.html
fuse-3.18.2/doc/html/fuse-3_818_82_2test_2test__setattr_8c_source.html
fuse-3.18.2/doc/html/fuse-3_818_82_2test_2test__signals_8c_source.html
fuse-3.18.2/doc/html/fuse-3_818_82_2test_2test__syscalls_8c_source.html
fuse-3.18.2/doc/html/fuse-3_818_82_2test_2test__want__conversion_8c_source.html
fuse-3.18.2/doc/html/fuse-3_818_82_2test_2test__write__cache_8c_source.html
fuse-3.18.2/doc/html/fuse-3_818_82_2test_2wrong__command_8c_source.html
fuse-3.18.2/doc/html/fuse-3_818_82_2util_2fusermount_8c_source.html
fuse-3.18.2/doc/html/fuse-3_818_82_2util_2mount_8fuse_8c_source.html
fuse-3.18.2/doc/html/fuse-3_818_82_2example_2cuse_8c.html
fuse-3.18.2/doc/html/fuse-3_818_82_2example_2cuse__client_8c.html
fuse-3.18.2/doc/html/fuse-3_818_82_2example_2hello_8c.html
fuse-3.18.2/doc/html/fuse-3_818_82_2test_2hello_8c.html
fuse-3.18.2/doc/html/fuse-3_818_82_2example_2hello__ll_8c.html
fuse-3.18.2/doc/html/fuse-3_818_82_2example_2hello__ll__uds_8c.html
fuse-3.18.2/doc/html/fuse-3_818_82_2example_2invalidate__path_8c.html
fuse-3.18.2/doc/html/fuse-3_818_82_2example_2ioctl_8c.html
fuse-3.18.2/doc/html/fuse-3_818_82_2example_2ioctl_8h.html
fuse-3.18.2/doc/html/fuse-3_818_82_2example_2ioctl__client_8c.html
fuse-3.18.2/doc/html/fuse-3_818_82_2example_2notify__inval__entry_8c.html
fuse-3.18.2/doc/html/fuse-3_818_82_2example_2notify__inval__inode_8c.html
fuse-3.18.2/doc/html/fuse-3_818_82_2example_2notify__store__retrieve_8c.html
fuse-3.18.2/doc/html/fuse-3_818_82_2example_2null_8c.html
fuse-3.18.2/doc/html/fuse-3_818_82_2example_2passthrough_8c.html
fuse-3.18.2/doc/html/fuse-3_818_82_2example_2passthrough__fh_8c.html
fuse-3.18.2/doc/html/fuse-3_818_82_2example_2passthrough__ll_8c.html
fuse-3.18.2/doc/html/fuse-3_818_82_2example_2poll_8c.html
fuse-3.18.2/doc/html/fuse-3_818_82_2example_2poll__client_8c.html
fuse-3.18.2/doc/html/fuse-3_818_82_2example_2printcap_8c.html
fuse-3.18.2/doc/html/fuse-3_818_82_2include_2fuse_8h.html
fuse-3.18.2/doc/html/fuse-3_818_82_2include_2fuse__common_8h.html
fuse-3.18.2/doc/html/fuse-3_818_82_2include_2fuse__log_8h.html
fuse-3.18.2/doc/html/fuse-3_818_82_2include_2fuse__lowlevel_8h.html
fuse-3.18.2/doc/html/fuse-3_818_82_2include_2fuse__opt_8h.html
fuse-3.18.2/doc/html/dir_042d006301a0f6339943f03c22d70dab.html
fuse-3.18.2/doc/html/dir_5dc95f8183277f5c6f5c244c43efe208.html
fuse-3.18.2/doc/html/dir_2379d157e40387655d5d09cb33050082.html
fuse-3.18.2/doc/html/dir_5cbcf3cc0c552e5807bf52f5541bdba8.html
fuse-3.18.2/doc/html/dir_5fb9f92dc673d37c57217e3feec2be83.html
fuse-3.18.2/doc/html/dir_f353b27f473de27f9d371ee54fafa676.html
fuse-3.18.2/doc/html/dir_7015ddbf9bcaeb01169723f1ad3dc4f8.html
fuse-3.18.2/doc/html/dir_de6a3d84c7bdc16a0560151553ce19f4.html
fuse-3.18.2/example/
fuse-3.18.2/example/README.compile
fuse-3.18.2/example/cuse.c
fuse-3.18.2/example/cuse_client.c
fuse-3.18.2/example/cxxopts.hpp
fuse-3.18.2/example/hello.c
fuse-3.18.2/example/hello_ll.c
fuse-3.18.2/example/hello_ll_uds.c
fuse-3.18.2/example/invalidate_path.c
fuse-3.18.2/example/ioctl.c
fuse-3.18.2/example/ioctl.h
fuse-3.18.2/example/ioctl_client.c
fuse-3.18.2/example/memfs_ll.cc
fuse-3.18.2/example/meson.build
fuse-3.18.2/example/notify_inval_entry.c
fuse-3.18.2/example/notify_inval_inode.c
fuse-3.18.2/example/notify_store_retrieve.c
fuse-3.18.2/example/null.c
fuse-3.18.2/example/passthrough.c
fuse-3.18.2/example/passthrough_fh.c
fuse-3.18.2/example/passthrough_helpers.h
fuse-3.18.2/example/passthrough_hp.cc
fuse-3.18.2/example/passthrough_ll.c
fuse-3.18.2/example/poll.c
fuse-3.18.2/example/poll_client.c
fuse-3.18.2/example/printcap.c
fuse-3.18.2/example/usdt.bt
fuse-3.18.2/include/
fuse-3.18.2/include/cuse_lowlevel.h
fuse-3.18.2/include/fuse.h
fuse-3.18.2/include/fuse_common.h
fuse-3.18.2/include/fuse_kernel.h
fuse-3.18.2/include/fuse_log.h
fuse-3.18.2/include/fuse_lowlevel.h
fuse-3.18.2/include/fuse_mount_compat.h
fuse-3.18.2/include/fuse_opt.h
fuse-3.18.2/include/meson.build
fuse-3.18.2/lib/
fuse-3.18.2/lib/buffer.c
fuse-3.18.2/lib/compat.c
fuse-3.18.2/lib/cuse_lowlevel.c
fuse-3.18.2/lib/fuse.c
fuse-3.18.2/lib/fuse_i.h
fuse-3.18.2/lib/fuse_log.c
fuse-3.18.2/lib/fuse_loop.c
fuse-3.18.2/lib/fuse_loop_mt.c
fuse-3.18.2/lib/fuse_lowlevel.c
fuse-3.18.2/lib/fuse_misc.h
fuse-3.18.2/lib/fuse_opt.c
fuse-3.18.2/lib/fuse_signals.c
fuse-3.18.2/lib/fuse_uring.c
fuse-3.18.2/lib/fuse_uring_i.h
fuse-3.18.2/lib/fuse_versionscript
fuse-3.18.2/lib/helper.c
fuse-3.18.2/lib/meson.build
fuse-3.18.2/lib/modules/
fuse-3.18.2/lib/modules/iconv.c
fuse-3.18.2/lib/modules/subdir.c
fuse-3.18.2/lib/mount.c
fuse-3.18.2/lib/mount_bsd.c
fuse-3.18.2/lib/mount_util.c
fuse-3.18.2/lib/mount_util.h
fuse-3.18.2/lib/usdt.h
fuse-3.18.2/lib/util.c
fuse-3.18.2/lib/util.h
fuse-3.18.2/meson.build
fuse-3.18.2/meson_options.txt
fuse-3.18.2/requirements.txt
fuse-3.18.2/signify/
fuse-3.18.2/signify/fuse-3.15.pub
fuse-3.18.2/signify/fuse-3.16.pub
fuse-3.18.2/signify/fuse-3.17.pub
fuse-3.18.2/signify/fuse-3.18.pub
fuse-3.18.2/signify/fuse-3.19.pub
fuse-3.18.2/test/
fuse-3.18.2/test/ci-build.sh
fuse-3.18.2/test/conftest.py
fuse-3.18.2/test/hello.c
fuse-3.18.2/test/lsan_suppress.txt
fuse-3.18.2/test/meson.build
fuse-3.18.2/test/pytest.ini
fuse-3.18.2/test/readdir_inode.c
fuse-3.18.2/test/release_unlink_race.c
fuse-3.18.2/test/stracedecode.c
fuse-3.18.2/test/test_abi.c
fuse-3.18.2/test/test_ctests.py
fuse-3.18.2/test/test_custom_io.py
fuse-3.18.2/test/test_examples.py
fuse-3.18.2/test/test_setattr.c
fuse-3.18.2/test/test_signals.c
fuse-3.18.2/test/test_syscalls.c
fuse-3.18.2/test/test_want_conversion.c
fuse-3.18.2/test/test_write_cache.c
fuse-3.18.2/test/util.py
fuse-3.18.2/test/wrong_command.c
fuse-3.18.2/tsan_suppressions.txt
fuse-3.18.2/util/
fuse-3.18.2/util/fuse.conf
fuse-3.18.2/util/fusermount.c
fuse-3.18.2/util/init_script
fuse-3.18.2/util/install_helper.sh
fuse-3.18.2/util/meson.build
fuse-3.18.2/util/mount.fuse.c
fuse-3.18.2/util/parse-backtrace.sh
fuse-3.18.2/util/udev.rules
fuse-3.18.2/xfstests/
fuse-3.18.2/xfstests/README.md
fuse-3.18.2/xfstests/local.config
fuse-3.18.2/xfstests/mount.fuse.passthrough
The Meson build system
Version: 1.10.2
Source dir: /blfs/builds/fuse-3.18.2
Build dir: /blfs/builds/fuse-3.18.2/build
Build type: native build
Project name: libfuse3
Project version: 3.18.2
C compiler for the host machine: cc (gcc 15.2.0 "cc (GCC) 15.2.0")
C linker for the host machine: cc ld.bfd 2.45
Host machine cpu family: x86_64
Host machine cpu: x86_64
Checking for function "fork" : YES 
Checking for function "fstatat" : YES 
Checking for function "openat" : YES 
Checking for function "readlinkat" : YES 
Checking for function "pipe2" : YES 
Checking for function "splice" : YES 
Checking for function "vmsplice" : YES 
Checking for function "posix_fallocate" : YES 
Checking for function "fdatasync" : YES 
Checking for function "utimensat" : YES 
Checking for function "copy_file_range" : YES 
Checking for function "fallocate" : YES 
Checking for function "fspacectl" : NO 
Checking if "pthread_setname_np check" links: YES 
Checking if "close_range check" links: YES 
Checking if "listmount check" links: YES 
Has header "sys/xattr.h" : YES 
Has header "linux/limits.h" : YES 
Checking for function "setxattr" : YES 
Checking for function "iconv" : YES 
Checking for function "backtrace" : YES 
Checking for function "statx" : YES 
Checking whether type "struct stat" has member "st_atim" : YES 
Checking whether type "struct stat" has member "st_atimespec" : NO 
Found pkg-config: YES (/usr/bin/pkg-config) 2.5.1
Run-time dependency liburing found: YES 2.14
Found CMake: /usr/bin/cmake (4.3.0)
Run-time dependency numa found: NO (tried pkgconfig and cmake)
Message: Compiler warns about unused result even when casting to void
Message: Enabling versioned libc symbols
Message: Compiler supports symver attribute
Configuring fuse_config.h using configuration
Configuring libfuse_config.h using configuration
Run-time dependency threads found: YES
Library iconv found: NO
Library dl found: YES
Library rt found: YES
Found pkg-config: YES (/usr/bin/pkg-config) 2.5.1
../example/meson.build:34: WARNING: add_languages is missing native:, assuming languages are wanted for both host and build.
C++ compiler for the host machine: c++ (gcc 15.2.0 "c++ (GCC) 15.2.0")
C++ linker for the host machine: c++ ld.bfd 2.45
Build targets in project: 34

libfuse3 3.18.2

  User defined options
    buildtype: release
    prefix   : /usr

Found ninja-1.13.2 at /usr/bin/ninja
[1/85] Compiling C object lib/libfuse3.so.3.18.2.p/fuse_log.c.o
[2/85] Compiling C object lib/libfuse3.so.3.18.2.p/compat.c.o
[3/85] Compiling C object lib/libfuse3.so.3.18.2.p/util.c.o
[4/85] Compiling C object lib/libfuse3.so.3.18.2.p/fuse_loop.c.o
[5/85] Compiling C object lib/libfuse3.so.3.18.2.p/fuse_signals.c.o
[6/85] Compiling C object lib/libfuse3.so.3.18.2.p/helper.c.o
[7/85] Compiling C object lib/libfuse3.so.3.18.2.p/cuse_lowlevel.c.o
[8/85] Compiling C object lib/libfuse3.so.3.18.2.p/buffer.c.o
[9/85] Compiling C object lib/libfuse3.so.3.18.2.p/mount_util.c.o
[10/85] Compiling C object util/fusermount3.p/.._lib_util.c.o
[11/85] Compiling C object lib/libfuse3.so.3.18.2.p/fuse_loop_mt.c.o
[12/85] Compiling C object lib/libfuse3.so.3.18.2.p/mount.c.o
[13/85] Compiling C object lib/libfuse3.so.3.18.2.p/fuse_opt.c.o
[14/85] Compiling C object util/fusermount3.p/.._lib_mount_util.c.o
[15/85] Compiling C object example/poll_client.p/poll_client.c.o
../example/poll_client.c: In function ‘main’:
../example/poll_client.c:38:49: warning: initializer-string for array of ‘char’ truncates NUL terminator but destination lacks ‘nonstring’ attribute (17 chars into 16 available) [-Wunterminated-string-initialization]
   38 |         static const char hex_map[FSEL_FILES] = "0123456789ABCDEF";
      |                                                 ^~~~~~~~~~~~~~~~~~
[16/85] Compiling C object example/hello.p/hello.c.o
[17/85] Compiling C object lib/libfuse3.so.3.18.2.p/modules_subdir.c.o
[18/85] Compiling C object util/mount.fuse3.p/mount.fuse.c.o
[19/85] Compiling C object example/printcap.p/printcap.c.o
[20/85] Compiling C object example/ioctl_client.p/ioctl_client.c.o
[21/85] Compiling C object example/passthrough.p/passthrough.c.o
[22/85] Compiling C object example/ioctl.p/ioctl.c.o
[23/85] Compiling C object example/hello_ll.p/hello_ll.c.o
[24/85] Compiling C object lib/libfuse3.so.3.18.2.p/modules_iconv.c.o
[25/85] Compiling C object example/cuse.p/cuse.c.o
[26/85] Compiling C object example/cuse_client.p/cuse_client.c.o
[27/85] Compiling C object example/null.p/null.c.o
[28/85] Compiling C object example/passthrough_fh.p/passthrough_fh.c.o
[29/85] Compiling C object example/hello_ll_uds.p/hello_ll_uds.c.o
[30/85] Compiling C object example/notify_inval_inode.p/notify_inval_inode.c.o
[31/85] Compiling C object example/invalidate_path.p/invalidate_path.c.o
[32/85] Compiling C object example/poll.p/poll.c.o
[33/85] Compiling C object example/notify_inval_entry.p/notify_inval_entry.c.o
[34/85] Compiling C object example/notify_store_retrieve.p/notify_store_retrieve.c.o
[35/85] Compiling C object test/readdir_inode.p/readdir_inode.c.o
[36/85] Compiling C object test/hello.p/hello.c.o
[37/85] Compiling C object test/test_write_cache.p/test_write_cache.c.o
[38/85] Compiling C object test/test_setattr.p/test_setattr.c.o
[39/85] Generating test/test_scripts with a custom command
[40/85] Compiling C object test/test_abi.p/test_abi.c.o
[41/85] Compiling C object test/wrong_command.p/wrong_command.c.o
[42/85] Linking target test/readdir_inode
[43/85] Compiling C object test/release_unlink_race.p/release_unlink_race.c.o
[44/85] Linking target test/wrong_command
[45/85] Compiling C object test/test_want_conversion.p/test_want_conversion.c.o
[46/85] Compiling C object example/passthrough_ll.p/passthrough_ll.c.o
[47/85] Compiling C object test/test_signals.p/test_signals.c.o
[48/85] Compiling C object util/fusermount3.p/fusermount.c.o
[49/85] Linking target util/fusermount3
[50/85] Compiling C object test/test_syscalls.p/test_syscalls.c.o
[51/85] Linking target test/test_syscalls
[52/85] Compiling C object lib/libfuse3.so.3.18.2.p/fuse_lowlevel.c.o
[53/85] Compiling C object lib/libfuse3.so.3.18.2.p/fuse.c.o
[54/85] Linking target lib/libfuse3.so.3.18.2
[55/85] Generating symbol file lib/libfuse3.so.3.18.2.p/libfuse3.so.3.18.2.symbols
[56/85] Linking target example/passthrough_fh
[57/85] Linking target example/ioctl_client
[58/85] Linking target example/poll_client
[59/85] Linking target util/mount.fuse3
[60/85] Linking target example/passthrough
[61/85] Linking target example/hello
[62/85] Linking target example/printcap
[63/85] Linking target example/hello_ll
[64/85] Linking target example/ioctl
[65/85] Linking target example/cuse_client
[66/85] Linking target example/hello_ll_uds
[67/85] Linking target example/passthrough_ll
[68/85] Linking target example/cuse
[69/85] Linking target test/release_unlink_race
[70/85] Linking target example/invalidate_path
[71/85] Linking target example/notify_inval_inode
[72/85] Linking target example/null
[73/85] Linking target example/notify_store_retrieve
[74/85] Linking target example/notify_inval_entry
[75/85] Linking target test/test_write_cache
[76/85] Linking target test/test_setattr
[77/85] Linking target test/test_want_conversion
[78/85] Linking target example/poll
[79/85] Linking target test/hello
[80/85] Linking target test/test_signals
[81/85] Linking target test/test_abi
[82/85] Compiling C++ object example/memfs_ll.p/memfs_ll.cc.o
[83/85] Linking target example/memfs_ll
[84/85] Compiling C++ object example/passthrough_hp.p/passthrough_hp.cc.o
[85/85] Linking target example/passthrough_hp
[0/1] Installing files
Installing lib/libfuse3.so.3.18.2 to /pkgs/fuse3/usr/lib
Installing util/fusermount3 to /pkgs/fuse3/usr/bin
Installing util/mount.fuse3 to /pkgs/fuse3/usr/sbin
Installing /blfs/builds/fuse-3.18.2/include/fuse.h to /pkgs/fuse3/usr/include/fuse3
Installing /blfs/builds/fuse-3.18.2/include/fuse_common.h to /pkgs/fuse3/usr/include/fuse3
Installing /blfs/builds/fuse-3.18.2/include/fuse_lowlevel.h to /pkgs/fuse3/usr/include/fuse3
Installing /blfs/builds/fuse-3.18.2/include/fuse_opt.h to /pkgs/fuse3/usr/include/fuse3
Installing /blfs/builds/fuse-3.18.2/include/cuse_lowlevel.h to /pkgs/fuse3/usr/include/fuse3
Installing /blfs/builds/fuse-3.18.2/include/fuse_log.h to /pkgs/fuse3/usr/include/fuse3
Installing /blfs/builds/fuse-3.18.2/doc/fusermount3.1 to /pkgs/fuse3/usr/share/man/man1
Installing /blfs/builds/fuse-3.18.2/doc/mount.fuse3.8 to /pkgs/fuse3/usr/share/man/man8
Installing /blfs/builds/fuse-3.18.2/build/libfuse_config.h to /pkgs/fuse3/usr/include/fuse3
Installing /blfs/builds/fuse-3.18.2/build/meson-private/fuse3.pc to /pkgs/fuse3/usr/lib/pkgconfig
Installing symlink pointing to libfuse3.so.3.18.2 to /pkgs/fuse3/usr/lib/libfuse3.so.4
Installing symlink pointing to libfuse3.so.4 to /pkgs/fuse3/usr/lib/libfuse3.so
[0/1] Installing files
Installing lib/libfuse3.so.3.18.2 to /usr/lib
Installing util/fusermount3 to /usr/bin
Installing util/mount.fuse3 to /usr/sbin
Installing /blfs/builds/fuse-3.18.2/include/fuse.h to /usr/include/fuse3
Installing /blfs/builds/fuse-3.18.2/include/fuse_common.h to /usr/include/fuse3
Installing /blfs/builds/fuse-3.18.2/include/fuse_lowlevel.h to /usr/include/fuse3
Installing /blfs/builds/fuse-3.18.2/include/fuse_opt.h to /usr/include/fuse3
Installing /blfs/builds/fuse-3.18.2/include/cuse_lowlevel.h to /usr/include/fuse3
Installing /blfs/builds/fuse-3.18.2/include/fuse_log.h to /usr/include/fuse3
Installing /blfs/builds/fuse-3.18.2/doc/fusermount3.1 to /usr/share/man/man1
Installing /blfs/builds/fuse-3.18.2/doc/mount.fuse3.8 to /usr/share/man/man8
Installing /blfs/builds/fuse-3.18.2/build/libfuse_config.h to /usr/include/fuse3
Installing /blfs/builds/fuse-3.18.2/build/meson-private/fuse3.pc to /usr/lib/pkgconfig
Installing symlink pointing to libfuse3.so.3.18.2 to /usr/lib/libfuse3.so.4
Installing symlink pointing to libfuse3.so.4 to /usr/lib/libfuse3.so
fuse3/
fuse3/usr/
fuse3/usr/include/
fuse3/usr/include/fuse3/
fuse3/usr/include/fuse3/fuse_log.h
fuse3/usr/include/fuse3/fuse.h
fuse3/usr/include/fuse3/fuse_opt.h
fuse3/usr/include/fuse3/cuse_lowlevel.h
fuse3/usr/include/fuse3/libfuse_config.h
fuse3/usr/include/fuse3/fuse_common.h
fuse3/usr/include/fuse3/fuse_lowlevel.h
fuse3/usr/share/
fuse3/usr/share/man/
fuse3/usr/share/man/man8/
fuse3/usr/share/man/man8/mount.fuse3.8
fuse3/usr/share/man/man1/
fuse3/usr/share/man/man1/fusermount3.1
fuse3/usr/sbin/
fuse3/usr/sbin/mount.fuse3
fuse3/usr/bin/
fuse3/usr/bin/fusermount3
fuse3/usr/lib/
fuse3/usr/lib/libfuse3.so
fuse3/usr/lib/libfuse3.so.4
fuse3/usr/lib/pkgconfig/
fuse3/usr/lib/pkgconfig/fuse3.pc
fuse3/usr/lib/libfuse3.so.3.18.2
fuse3/etc/
fuse3/etc/fuse.conf
fuse3/version
fuse3/depends
