--2026-03-20 14:36:50--  https://download.gnome.org/sources/gnome-backgrounds/50/gnome-backgrounds-50.0.tar.xz
Resolving download.gnome.org (download.gnome.org)... 79.127.206.235, 152.233.10.59, 79.127.206.208, ...
Connecting to download.gnome.org (download.gnome.org)|79.127.206.235|:443... connected.
HTTP request sent, awaiting response... 200 OK
Length: 39386552 (38M) [application/octet-stream]
Saving to: ‘gnome-backgrounds-50.0.tar.xz’

     0K .......... .......... .......... .......... ..........  0% 3.92M 10s
    50K .......... .......... .......... .......... ..........  0% 9.12M 7s
   100K .......... .......... .......... .......... ..........  0% 7.41M 6s
   150K .......... .......... .......... .......... ..........  0% 51.1M 5s
   200K .......... .......... .......... .......... ..........  0% 16.0M 4s
   250K .......... .......... .......... .......... ..........  0% 10.6M 4s
   300K .......... .......... .......... .......... ..........  0% 67.6M 4s
   350K .......... .......... .......... .......... ..........  1% 14.6M 4s
   400K .......... .......... .......... .......... ..........  1% 13.1M 3s
   450K .......... .......... .......... .......... ..........  1% 99.6M 3s
   500K .......... .......... .......... .......... ..........  1% 87.8M 3s
   550K .......... .......... .......... .......... ..........  1% 7.34M 3s
   600K .......... .......... .......... .......... ..........  1%  126M 3s
   650K .......... .......... .......... .......... ..........  1%  105M 3s
   700K .......... .......... .......... .......... ..........  1% 75.2M 3s
   750K .......... .......... .......... .......... ..........  2% 17.0M 2s
   800K .......... .......... .......... .......... ..........  2% 13.7M 2s
   850K .......... .......... .......... .......... ..........  2% 73.9M 2s
   900K .......... .......... .......... .......... ..........  2%  100M 2s
   950K .......... .......... .......... .......... ..........  2%  141M 2s
  1000K .......... .......... .......... .......... ..........  2%  107M 2s
  1050K .......... .......... .......... .......... ..........  2% 19.5M 2s
  1100K .......... .......... .......... .......... ..........  2% 97.4M 2s
  1150K .......... .......... .......... .......... ..........  3% 15.7M 2s
  1200K .......... .......... .......... .......... ..........  3%  148M 2s
  1250K .......... .......... .......... .......... ..........  3% 93.7M 2s
  1300K .......... .......... .......... .......... ..........  3%  108M 2s
  1350K .......... .......... .......... .......... ..........  3%  101M 2s
  1400K .......... .......... .......... .......... ..........  3% 21.0M 2s
  1450K .......... .......... .......... .......... ..........  3% 97.4M 2s
  1500K .......... .......... .......... .......... ..........  4%  107M 2s
  1550K .......... .......... .......... .......... ..........  4% 84.6M 2s
  1600K .......... .......... .......... .......... ..........  4% 17.7M 2s
  1650K .......... .......... .......... .......... ..........  4%  146M 2s
  1700K .......... .......... .......... .......... ..........  4%  101M 2s
  1750K .......... .......... .......... .......... ..........  4%  142M 2s
  1800K .......... .......... .......... .......... ..........  4% 20.3M 2s
  1850K .......... .......... .......... .......... ..........  4% 77.1M 1s
  1900K .......... .......... .......... .......... ..........  5%  145M 1s
  1950K .......... .......... .......... .......... ..........  5% 89.5M 1s
  2000K .......... .......... .......... .......... ..........  5%  104M 1s
  2050K .......... .......... .......... .......... ..........  5% 23.5M 1s
  2100K .......... .......... .......... .......... ..........  5% 90.2M 1s
  2150K .......... .......... .......... .......... ..........  5%  106M 1s
  2200K .......... .......... .......... .......... ..........  5%  109M 1s
  2250K .......... .......... .......... .......... ..........  5% 19.7M 1s
  2300K .......... .......... .......... .......... ..........  6%  105M 1s
  2350K .......... .......... .......... .......... ..........  6% 87.0M 1s
  2400K .......... .......... .......... .......... ..........  6% 96.9M 1s
  2450K .......... .......... .......... .......... ..........  6%  153M 1s
  2500K .......... .......... .......... .......... ..........  6% 99.1M 1s
  2550K .......... .......... .......... .......... ..........  6% 26.1M 1s
  2600K .......... .......... .......... .......... ..........  6%  125M 1s
  2650K .......... .......... .......... .......... ..........  7%  108M 1s
  2700K .......... .......... .......... .......... ..........  7%  122M 1s
  2750K .......... .......... .......... .......... ..........  7% 19.2M 1s
  2800K .......... .......... .......... .......... ..........  7%  115M 1s
  2850K .......... .......... .......... .......... ..........  7%  117M 1s
  2900K .......... .......... .......... .......... ..........  7%  126M 1s
  2950K .......... .......... .......... .......... ..........  7%  114M 1s
  3000K .......... .......... .......... .......... ..........  7%  109M 1s
  3050K .......... .......... .......... .......... ..........  8% 26.4M 1s
  3100K .......... .......... .......... .......... ..........  8%  113M 1s
  3150K .......... .......... .......... .......... ..........  8% 92.7M 1s
  3200K .......... .......... .......... .......... ..........  8% 86.8M 1s
  3250K .......... .......... .......... .......... ..........  8%  116M 1s
  3300K .......... .......... .......... .......... ..........  8%  106M 1s
  3350K .......... .......... .......... .......... ..........  8% 24.4M 1s
  3400K .......... .......... .......... .......... ..........  8%  113M 1s
  3450K .......... .......... .......... .......... ..........  9%  190M 1s
  3500K .......... .......... .......... .......... ..........  9% 89.1M 1s
  3550K .......... .......... .......... .......... ..........  9% 96.7M 1s
  3600K .......... .......... .......... .......... ..........  9% 25.8M 1s
  3650K .......... .......... .......... .......... ..........  9% 79.1M 1s
  3700K .......... .......... .......... .......... ..........  9%  144M 1s
  3750K .......... .......... .......... .......... ..........  9%  119M 1s
  3800K .......... .......... .......... .......... .......... 10% 96.1M 1s
  3850K .......... .......... .......... .......... .......... 10%  136M 1s
  3900K .......... .......... .......... .......... .......... 10%  123M 1s
  3950K .......... .......... .......... .......... .......... 10% 27.8M 1s
  4000K .......... .......... .......... .......... .......... 10%  114M 1s
  4050K .......... .......... .......... .......... .......... 10%  113M 1s
  4100K .......... .......... .......... .......... .......... 10%  129M 1s
  4150K .......... .......... .......... .......... .......... 10%  116M 1s
  4200K .......... .......... .......... .......... .......... 11% 24.6M 1s
  4250K .......... .......... .......... .......... .......... 11%  118M 1s
  4300K .......... .......... .......... .......... .......... 11%  116M 1s
  4350K .......... .......... .......... .......... .......... 11% 85.0M 1s
  4400K .......... .......... .......... .......... .......... 11%  116M 1s
  4450K .......... .......... .......... .......... .......... 11%  114M 1s
  4500K .......... .......... .......... .......... .......... 11%  116M 1s
  4550K .......... .......... .......... .......... .......... 11%  129M 1s
  4600K .......... .......... .......... .......... .......... 12% 44.9M 1s
  4650K .......... .......... .......... .......... .......... 12%  111M 1s
  4700K .......... .......... .......... .......... .......... 12%  108M 1s
  4750K .......... .......... .......... .......... .......... 12% 99.0M 1s
  4800K .......... .......... .......... .......... .......... 12%  116M 1s
  4850K .......... .......... .......... .......... .......... 12% 98.3M 1s
  4900K .......... .......... .......... .......... .......... 12%  144M 1s
  4950K .......... .......... .......... .......... .......... 12% 39.5M 1s
  5000K .......... .......... .......... .......... .......... 13%  126M 1s
  5050K .......... .......... .......... .......... .......... 13%  117M 1s
  5100K .......... .......... .......... .......... .......... 13%  114M 1s
  5150K .......... .......... .......... .......... .......... 13% 90.1M 1s
  5200K .......... .......... .......... .......... .......... 13%  106M 1s
  5250K .......... .......... .......... .......... .......... 13%  132M 1s
  5300K .......... .......... .......... .......... .......... 13%  104M 1s
  5350K .......... .......... .......... .......... .......... 14% 47.1M 1s
  5400K .......... .......... .......... .......... .......... 14%  100M 1s
  5450K .......... .......... .......... .......... .......... 14%  143M 1s
  5500K .......... .......... .......... .......... .......... 14%  123M 1s
  5550K .......... .......... .......... .......... .......... 14% 84.8M 1s
  5600K .......... .......... .......... .......... .......... 14%  118M 1s
  5650K .......... .......... .......... .......... .......... 14%  113M 1s
  5700K .......... .......... .......... .......... .......... 14%  116M 1s
  5750K .......... .......... .......... .......... .......... 15%  115M 1s
  5800K .......... .......... .......... .......... .......... 15%  100M 1s
  5850K .......... .......... .......... .......... .......... 15% 86.5M 1s
  5900K .......... .......... .......... .......... .......... 15%  163M 1s
  5950K .......... .......... .......... .......... .......... 15% 80.0M 1s
  6000K .......... .......... .......... .......... .......... 15%  115M 1s
  6050K .......... .......... .......... .......... .......... 15%  108M 1s
  6100K .......... .......... .......... .......... .......... 15%  163M 1s
  6150K .......... .......... .......... .......... .......... 16% 71.0M 1s
  6200K .......... .......... .......... .......... .......... 16% 56.6M 1s
  6250K .......... .......... .......... .......... .......... 16%  158M 1s
  6300K .......... .......... .......... .......... .......... 16% 92.5M 1s
  6350K .......... .......... .......... .......... .......... 16%  103M 1s
  6400K .......... .......... .......... .......... .......... 16% 95.3M 1s
  6450K .......... .......... .......... .......... .......... 16%  106M 1s
  6500K .......... .......... .......... .......... .......... 17%  173M 1s
  6550K .......... .......... .......... .......... .......... 17%  118M 1s
  6600K .......... .......... .......... .......... .......... 17% 82.6M 1s
  6650K .......... .......... .......... .......... .......... 17%  159M 1s
  6700K .......... .......... .......... .......... .......... 17%  107M 1s
  6750K .......... .......... .......... .......... .......... 17% 81.3M 1s
  6800K .......... .......... .......... .......... .......... 17% 6.40M 1s
  6850K .......... .......... .......... .......... .......... 17% 6.31M 1s
  6900K .......... .......... .......... .......... .......... 18%  215M 1s
  6950K .......... .......... .......... .......... .......... 18%  179M 1s
  7000K .......... .......... .......... .......... .......... 18%  164M 1s
  7050K .......... .......... .......... .......... .......... 18%  260M 1s
  7100K .......... .......... .......... .......... .......... 18%  241M 1s
  7150K .......... .......... .......... .......... .......... 18%  147M 1s
  7200K .......... .......... .......... .......... .......... 18%  260M 1s
  7250K .......... .......... .......... .......... .......... 18%  262M 1s
  7300K .......... .......... .......... .......... .......... 19%  158M 1s
  7350K .......... .......... .......... .......... .......... 19%  214M 1s
  7400K .......... .......... .......... .......... .......... 19%  236M 1s
  7450K .......... .......... .......... .......... .......... 19%  223M 1s
  7500K .......... .......... .......... .......... .......... 19%  247M 1s
  7550K .......... .......... .......... .......... .......... 19%  163M 1s
  7600K .......... .......... .......... .......... .......... 19%  126M 1s
  7650K .......... .......... .......... .......... .......... 20%  262M 1s
  7700K .......... .......... .......... .......... .......... 20%  249M 1s
  7750K .......... .......... .......... .......... .......... 20%  237M 1s
  7800K .......... .......... .......... .......... .......... 20%  168M 1s
  7850K .......... .......... .......... .......... .......... 20%  267M 1s
  7900K .......... .......... .......... .......... .......... 20%  250M 1s
  7950K .......... .......... .......... .......... .......... 20%  157M 1s
  8000K .......... .......... .......... .......... .......... 20%  197M 1s
  8050K .......... .......... .......... .......... .......... 21%  265M 1s
  8100K .......... .......... .......... .......... .......... 21%  254M 1s
  8150K .......... .......... .......... .......... .......... 21% 30.5M 1s
  8200K .......... .......... .......... .......... .......... 21%  146M 1s
  8250K .......... .......... .......... .......... .......... 21%  128M 1s
  8300K .......... .......... .......... .......... .......... 21%  113M 1s
  8350K .......... .......... .......... .......... .......... 21% 99.0M 1s
  8400K .......... .......... .......... .......... .......... 21%  117M 1s
  8450K .......... .......... .......... .......... .......... 22%  117M 1s
  8500K .......... .......... .......... .......... .......... 22%  101M 1s
  8550K .......... .......... .......... .......... .......... 22%  100M 1s
  8600K .......... .......... .......... .......... .......... 22% 78.7M 1s
  8650K .......... .......... .......... .......... .......... 22%  205M 1s
  8700K .......... .......... .......... .......... .......... 22% 6.13M 1s
  8750K .......... .......... .......... .......... .......... 22%  102M 1s
  8800K .......... .......... .......... .......... .......... 23%  180M 1s
  8850K .......... .......... .......... .......... .......... 23%  224M 1s
  8900K .......... .......... .......... .......... .......... 23%  165M 1s
  8950K .......... .......... .......... .......... .......... 23% 6.54M 1s
  9000K .......... .......... .......... .......... .......... 23%  199M 1s
  9050K .......... .......... .......... .......... .......... 23%  175M 1s
  9100K .......... .......... .......... .......... .......... 23%  209M 1s
  9150K .......... .......... .......... .......... .......... 23%  140M 1s
  9200K .......... .......... .......... .......... .......... 24%  202M 1s
  9250K .......... .......... .......... .......... .......... 24%  230M 1s
  9300K .......... .......... .......... .......... .......... 24%  210M 1s
  9350K .......... .......... .......... .......... .......... 24%  164M 1s
  9400K .......... .......... .......... .......... .......... 24%  236M 1s
  9450K .......... .......... .......... .......... .......... 24%  206M 1s
  9500K .......... .......... .......... .......... .......... 24%  225M 1s
  9550K .......... .......... .......... .......... .......... 24%  137M 1s
  9600K .......... .......... .......... .......... .......... 25%  187M 1s
  9650K .......... .......... .......... .......... .......... 25%  220M 1s
  9700K .......... .......... .......... .......... .......... 25%  202M 1s
  9750K .......... .......... .......... .......... .......... 25%  216M 1s
  9800K .......... .......... .......... .......... .......... 25%  262M 1s
  9850K .......... .......... .......... .......... .......... 25%  223M 1s
  9900K .......... .......... .......... .......... .......... 25%  253M 1s
  9950K .......... .......... .......... .......... .......... 25%  162M 1s
 10000K .......... .......... .......... .......... .......... 26%  238M 1s
 10050K .......... .......... .......... .......... .......... 26%  249M 1s
 10100K .......... .......... .......... .......... .......... 26%  216M 1s
 10150K .......... .......... .......... .......... .......... 26%  260M 1s
 10200K .......... .......... .......... .......... .......... 26%  210M 1s
 10250K .......... .......... .......... .......... .......... 26%  255M 1s
 10300K .......... .......... .......... .......... .......... 26%  248M 1s
 10350K .......... .......... .......... .......... .......... 27%  175M 1s
 10400K .......... .......... .......... .......... .......... 27%  208M 1s
 10450K .......... .......... .......... .......... .......... 27%  180M 1s
 10500K .......... .......... .......... .......... .......... 27%  251M 1s
 10550K .......... .......... .......... .......... .......... 27%  230M 0s
 10600K .......... .......... .......... .......... .......... 27%  254M 0s
 10650K .......... .......... .......... .......... .......... 27%  202M 0s
 10700K .......... .......... .......... .......... .......... 27%  220M 0s
 10750K .......... .......... .......... .......... .......... 28%  190M 0s
 10800K .......... .......... .......... .......... .......... 28% 19.5M 0s
 10850K .......... .......... .......... .......... .......... 28%  117M 0s
 10900K .......... .......... .......... .......... .......... 28% 13.8M 0s
 10950K .......... .......... .......... .......... .......... 28%  246M 0s
 11000K .......... .......... .......... .......... .......... 28%  188M 0s
 11050K .......... .......... .......... .......... .......... 28%  258M 0s
 11100K .......... .......... .......... .......... .......... 28%  250M 0s
 11150K .......... .......... .......... .......... .......... 29%  157M 0s
 11200K .......... .......... .......... .......... .......... 29%  237M 0s
 11250K .......... .......... .......... .......... .......... 29%  244M 0s
 11300K .......... .......... .......... .......... .......... 29%  256M 0s
 11350K .......... .......... .......... .......... .......... 29%  204M 0s
 11400K .......... .......... .......... .......... .......... 29%  250M 0s
 11450K .......... .......... .......... .......... .......... 29%  245M 0s
 11500K .......... .......... .......... .......... .......... 30%  171M 0s
 11550K .......... .......... .......... .......... .......... 30% 88.4M 0s
 11600K .......... .......... .......... .......... .......... 30%  143M 0s
 11650K .......... .......... .......... .......... .......... 30% 96.9M 0s
 11700K .......... .......... .......... .......... .......... 30%  162M 0s
 11750K .......... .......... .......... .......... .......... 30%  103M 0s
 11800K .......... .......... .......... .......... .......... 30%  135M 0s
 11850K .......... .......... .......... .......... .......... 30% 99.5M 0s
 11900K .......... .......... .......... .......... .......... 31%  123M 0s
 11950K .......... .......... .......... .......... .......... 31% 6.57M 0s
 12000K .......... .......... .......... .......... .......... 31%  252M 0s
 12050K .......... .......... .......... .......... .......... 31%  181M 0s
 12100K .......... .......... .......... .......... .......... 31%  259M 0s
 12150K .......... .......... .......... .......... .......... 31% 26.0M 0s
 12200K .......... .......... .......... .......... .......... 31% 90.4M 0s
 12250K .......... .......... .......... .......... .......... 31%  207M 0s
 12300K .......... .......... .......... .......... .......... 32%  193M 0s
 12350K .......... .......... .......... .......... .......... 32%  199M 0s
 12400K .......... .......... .......... .......... .......... 32%  182M 0s
 12450K .......... .......... .......... .......... .......... 32%  260M 0s
 12500K .......... .......... .......... .......... .......... 32%  161M 0s
 12550K .......... .......... .......... .......... .......... 32%  258M 0s
 12600K .......... .......... .......... .......... .......... 32%  215M 0s
 12650K .......... .......... .......... .......... .......... 33%  268M 0s
 12700K .......... .......... .......... .......... .......... 33%  186M 0s
 12750K .......... .......... .......... .......... .......... 33%  200M 0s
 12800K .......... .......... .......... .......... .......... 33%  266M 0s
 12850K .......... .......... .......... .......... .......... 33%  247M 0s
 12900K .......... .......... .......... .......... .......... 33%  208M 0s
 12950K .......... .......... .......... .......... .......... 33%  157M 0s
 13000K .......... .......... .......... .......... .......... 33%  190M 0s
 13050K .......... .......... .......... .......... .......... 34%  184M 0s
 13100K .......... .......... .......... .......... .......... 34%  257M 0s
 13150K .......... .......... .......... .......... .......... 34%  145M 0s
 13200K .......... .......... .......... .......... .......... 34%  223M 0s
 13250K .......... .......... .......... .......... .......... 34%  251M 0s
 13300K .......... .......... .......... .......... .......... 34%  268M 0s
 13350K .......... .......... .......... .......... .......... 34%  197M 0s
 13400K .......... .......... .......... .......... .......... 34%  220M 0s
 13450K .......... .......... .......... .......... .......... 35%  245M 0s
 13500K .......... .......... .......... .......... .......... 35% 84.0M 0s
 13550K .......... .......... .......... .......... .......... 35% 98.4M 0s
 13600K .......... .......... .......... .......... .......... 35%  128M 0s
 13650K .......... .......... .......... .......... .......... 35%  104M 0s
 13700K .......... .......... .......... .......... .......... 35%  158M 0s
 13750K .......... .......... .......... .......... .......... 35% 97.7M 0s
 13800K .......... .......... .......... .......... .......... 36% 5.44M 0s
 13850K .......... .......... .......... .......... .......... 36%  224M 0s
 13900K .......... .......... .......... .......... .......... 36%  258M 0s
 13950K .......... .......... .......... .......... .......... 36%  183M 0s
 14000K .......... .......... .......... .......... .......... 36%  184M 0s
 14050K .......... .......... .......... .......... .......... 36%  237M 0s
 14100K .......... .......... .......... .......... .......... 36% 37.8M 0s
 14150K .......... .......... .......... .......... .......... 36% 94.8M 0s
 14200K .......... .......... .......... .......... .......... 37%  262M 0s
 14250K .......... .......... .......... .......... .......... 37%  234M 0s
 14300K .......... .......... .......... .......... .......... 37%  185M 0s
 14350K .......... .......... .......... .......... .......... 37%  153M 0s
 14400K .......... .......... .......... .......... .......... 37%  230M 0s
 14450K .......... .......... .......... .......... .......... 37%  146M 0s
 14500K .......... .......... .......... .......... .......... 37%  189M 0s
 14550K .......... .......... .......... .......... .......... 37%  185M 0s
 14600K .......... .......... .......... .......... .......... 38% 29.1M 0s
 14650K .......... .......... .......... .......... .......... 38%  117M 0s
 14700K .......... .......... .......... .......... .......... 38%  166M 0s
 14750K .......... .......... .......... .......... .......... 38%  199M 0s
 14800K .......... .......... .......... .......... .......... 38%  186M 0s
 14850K .......... .......... .......... .......... .......... 38%  261M 0s
 14900K .......... .......... .......... .......... .......... 38%  245M 0s
 14950K .......... .......... .......... .......... .......... 38%  263M 0s
 15000K .......... .......... .......... .......... .......... 39% 17.6M 0s
 15050K .......... .......... .......... .......... .......... 39%  168M 0s
 15100K .......... .......... .......... .......... .......... 39%  168M 0s
 15150K .......... .......... .......... .......... .......... 39%  194M 0s
 15200K .......... .......... .......... .......... .......... 39%  212M 0s
 15250K .......... .......... .......... .......... .......... 39%  261M 0s
 15300K .......... .......... .......... .......... .......... 39%  256M 0s
 15350K .......... .......... .......... .......... .......... 40%  183M 0s
 15400K .......... .......... .......... .......... .......... 40%  217M 0s
 15450K .......... .......... .......... .......... .......... 40%  244M 0s
 15500K .......... .......... .......... .......... .......... 40%  266M 0s
 15550K .......... .......... .......... .......... .......... 40%  143M 0s
 15600K .......... .......... .......... .......... .......... 40%  252M 0s
 15650K .......... .......... .......... .......... .......... 40%  251M 0s
 15700K .......... .......... .......... .......... .......... 40%  254M 0s
 15750K .......... .......... .......... .......... .......... 41%  270M 0s
 15800K .......... .......... .......... .......... .......... 41% 48.1M 0s
 15850K .......... .......... .......... .......... .......... 41%  166M 0s
 15900K .......... .......... .......... .......... .......... 41%  266M 0s
 15950K .......... .......... .......... .......... .......... 41% 16.6M 0s
 16000K .......... .......... .......... .......... .......... 41%  233M 0s
 16050K .......... .......... .......... .......... .......... 41%  244M 0s
 16100K .......... .......... .......... .......... .......... 41%  210M 0s
 16150K .......... .......... .......... .......... .......... 42%  216M 0s
 16200K .......... .......... .......... .......... .......... 42%  260M 0s
 16250K .......... .......... .......... .......... .......... 42%  251M 0s
 16300K .......... .......... .......... .......... .......... 42%  242M 0s
 16350K .......... .......... .......... .......... .......... 42%  151M 0s
 16400K .......... .......... .......... .......... .......... 42% 18.4M 0s
 16450K .......... .......... .......... .......... .......... 42%  178M 0s
 16500K .......... .......... .......... .......... .......... 43%  195M 0s
 16550K .......... .......... .......... .......... .......... 43%  266M 0s
 16600K .......... .......... .......... .......... .......... 43%  203M 0s
 16650K .......... .......... .......... .......... .......... 43%  253M 0s
 16700K .......... .......... .......... .......... .......... 43%  151M 0s
 16750K .......... .......... .......... .......... .......... 43%  200M 0s
 16800K .......... .......... .......... .......... .......... 43%  236M 0s
 16850K .......... .......... .......... .......... .......... 43%  240M 0s
 16900K .......... .......... .......... .......... .......... 44% 5.02M 0s
 16950K .......... .......... .......... .......... .......... 44%  207M 0s
 17000K .......... .......... .......... .......... .......... 44%  195M 0s
 17050K .......... .......... .......... .......... .......... 44%  209M 0s
 17100K .......... .......... .......... .......... .......... 44%  216M 0s
 17150K .......... .......... .......... .......... .......... 44%  149M 0s
 17200K .......... .......... .......... .......... .......... 44%  208M 0s
 17250K .......... .......... .......... .......... .......... 44%  182M 0s
 17300K .......... .......... .......... .......... .......... 45%  245M 0s
 17350K .......... .......... .......... .......... .......... 45%  263M 0s
 17400K .......... .......... .......... .......... .......... 45%  141M 0s
 17450K .......... .......... .......... .......... .......... 45%  231M 0s
 17500K .......... .......... .......... .......... .......... 45%  247M 0s
 17550K .......... .......... .......... .......... .......... 45%  200M 0s
 17600K .......... .......... .......... .......... .......... 45%  213M 0s
 17650K .......... .......... .......... .......... .......... 46%  244M 0s
 17700K .......... .......... .......... .......... .......... 46%  263M 0s
 17750K .......... .......... .......... .......... .......... 46%  250M 0s
 17800K .......... .......... .......... .......... .......... 46%  261M 0s
 17850K .......... .......... .......... .......... .......... 46%  259M 0s
 17900K .......... .......... .......... .......... .......... 46%  206M 0s
 17950K .......... .......... .......... .......... .......... 46%  201M 0s
 18000K .......... .......... .......... .......... .......... 46%  249M 0s
 18050K .......... .......... .......... .......... .......... 47%  262M 0s
 18100K .......... .......... .......... .......... .......... 47%  197M 0s
 18150K .......... .......... .......... .......... .......... 47%  265M 0s
 18200K .......... .......... .......... .......... .......... 47%  265M 0s
 18250K .......... .......... .......... .......... .......... 47%  155M 0s
 18300K .......... .......... .......... .......... .......... 47%  257M 0s
 18350K .......... .......... .......... .......... .......... 47%  164M 0s
 18400K .......... .......... .......... .......... .......... 47%  244M 0s
 18450K .......... .......... .......... .......... .......... 48%  250M 0s
 18500K .......... .......... .......... .......... .......... 48%  224M 0s
 18550K .......... .......... .......... .......... .......... 48%  143M 0s
 18600K .......... .......... .......... .......... .......... 48%  208M 0s
 18650K .......... .......... .......... .......... .......... 48%  188M 0s
 18700K .......... .......... .......... .......... .......... 48%  232M 0s
 18750K .......... .......... .......... .......... .......... 48%  125M 0s
 18800K .......... .......... .......... .......... .......... 49%  135M 0s
 18850K .......... .......... .......... .......... .......... 49% 92.9M 0s
 18900K .......... .......... .......... .......... .......... 49%  203M 0s
 18950K .......... .......... .......... .......... .......... 49% 97.8M 0s
 19000K .......... .......... .......... .......... .......... 49%  145M 0s
 19050K .......... .......... .......... .......... .......... 49% 97.5M 0s
 19100K .......... .......... .......... .......... .......... 49% 5.27M 0s
 19150K .......... .......... .......... .......... .......... 49%  185M 0s
 19200K .......... .......... .......... .......... .......... 50%  225M 0s
 19250K .......... .......... .......... .......... .......... 50%  233M 0s
 19300K .......... .......... .......... .......... .......... 50%  252M 0s
 19350K .......... .......... .......... .......... .......... 50%  198M 0s
 19400K .......... .......... .......... .......... .......... 50%  267M 0s
 19450K .......... .......... .......... .......... .......... 50% 28.2M 0s
 19500K .......... .......... .......... .......... .......... 50%  156M 0s
 19550K .......... .......... .......... .......... .......... 50%  143M 0s
 19600K .......... .......... .......... .......... .......... 51%  218M 0s
 19650K .......... .......... .......... .......... .......... 51%  117M 0s
 19700K .......... .......... .......... .......... .......... 51%  243M 0s
 19750K .......... .......... .......... .......... .......... 51%  247M 0s
 19800K .......... .......... .......... .......... .......... 51%  191M 0s
 19850K .......... .......... .......... .......... .......... 51%  264M 0s
 19900K .......... .......... .......... .......... .......... 51%  246M 0s
 19950K .......... .......... .......... .......... .......... 51% 29.3M 0s
 20000K .......... .......... .......... .......... .......... 52%  252M 0s
 20050K .......... .......... .......... .......... .......... 52%  143M 0s
 20100K .......... .......... .......... .......... .......... 52%  254M 0s
 20150K .......... .......... .......... .......... .......... 52%  188M 0s
 20200K .......... .......... .......... .......... .......... 52%  263M 0s
 20250K .......... .......... .......... .......... .......... 52%  254M 0s
 20300K .......... .......... .......... .......... .......... 52%  178M 0s
 20350K .......... .......... .......... .......... .......... 53%  198M 0s
 20400K .......... .......... .......... .......... .......... 53% 13.2M 0s
 20450K .......... .......... .......... .......... .......... 53%  253M 0s
 20500K .......... .......... .......... .......... .......... 53%  213M 0s
 20550K .......... .......... .......... .......... .......... 53%  261M 0s
 20600K .......... .......... .......... .......... .......... 53%  241M 0s
 20650K .......... .......... .......... .......... .......... 53%  215M 0s
 20700K .......... .......... .......... .......... .......... 53%  237M 0s
 20750K .......... .......... .......... .......... .......... 54%  147M 0s
 20800K .......... .......... .......... .......... .......... 54%  263M 0s
 20850K .......... .......... .......... .......... .......... 54% 33.6M 0s
 20900K .......... .......... .......... .......... .......... 54%  170M 0s
 20950K .......... .......... .......... .......... .......... 54%  236M 0s
 21000K .......... .......... .......... .......... .......... 54%  171M 0s
 21050K .......... .......... .......... .......... .......... 54%  238M 0s
 21100K .......... .......... .......... .......... .......... 54%  160M 0s
 21150K .......... .......... .......... .......... .......... 55%  200M 0s
 21200K .......... .......... .......... .......... .......... 55%  243M 0s
 21250K .......... .......... .......... .......... .......... 55%  264M 0s
 21300K .......... .......... .......... .......... .......... 55% 23.9M 0s
 21350K .......... .......... .......... .......... .......... 55%  167M 0s
 21400K .......... .......... .......... .......... .......... 55%  254M 0s
 21450K .......... .......... .......... .......... .......... 55%  184M 0s
 21500K .......... .......... .......... .......... .......... 56%  265M 0s
 21550K .......... .......... .......... .......... .......... 56%  155M 0s
 21600K .......... .......... .......... .......... .......... 56%  256M 0s
 21650K .......... .......... .......... .......... .......... 56%  265M 0s
 21700K .......... .......... .......... .......... .......... 56%  159M 0s
 21750K .......... .......... .......... .......... .......... 56%  159M 0s
 21800K .......... .......... .......... .......... .......... 56% 21.3M 0s
 21850K .......... .......... .......... .......... .......... 56%  236M 0s
 21900K .......... .......... .......... .......... .......... 57%  263M 0s
 21950K .......... .......... .......... .......... .......... 57% 5.73M 0s
 22000K .......... .......... .......... .......... .......... 57%  233M 0s
 22050K .......... .......... .......... .......... .......... 57%  263M 0s
 22100K .......... .......... .......... .......... .......... 57%  218M 0s
 22150K .......... .......... .......... .......... .......... 57%  211M 0s
 22200K .......... .......... .......... .......... .......... 57%  260M 0s
 22250K .......... .......... .......... .......... .......... 57%  249M 0s
 22300K .......... .......... .......... .......... .......... 58%  260M 0s
 22350K .......... .......... .......... .......... .......... 58%  182M 0s
 22400K .......... .......... .......... .......... .......... 58%  240M 0s
 22450K .......... .......... .......... .......... .......... 58%  213M 0s
 22500K .......... .......... .......... .......... .......... 58%  236M 0s
 22550K .......... .......... .......... .......... .......... 58%  264M 0s
 22600K .......... .......... .......... .......... .......... 58%  216M 0s
 22650K .......... .......... .......... .......... .......... 59%  237M 0s
 22700K .......... .......... .......... .......... .......... 59%  208M 0s
 22750K .......... .......... .......... .......... .......... 59%  191M 0s
 22800K .......... .......... .......... .......... .......... 59%  264M 0s
 22850K .......... .......... .......... .......... .......... 59%  203M 0s
 22900K .......... .......... .......... .......... .......... 59%  251M 0s
 22950K .......... .......... .......... .......... .......... 59%  226M 0s
 23000K .......... .......... .......... .......... .......... 59%  259M 0s
 23050K .......... .......... .......... .......... .......... 60%  256M 0s
 23100K .......... .......... .......... .......... .......... 60%  196M 0s
 23150K .......... .......... .......... .......... .......... 60%  199M 0s
 23200K .......... .......... .......... .......... .......... 60%  211M 0s
 23250K .......... .......... .......... .......... .......... 60%  261M 0s
 23300K .......... .......... .......... .......... .......... 60%  196M 0s
 23350K .......... .......... .......... .......... .......... 60%  268M 0s
 23400K .......... .......... .......... .......... .......... 60%  245M 0s
 23450K .......... .......... .......... .......... .......... 61%  257M 0s
 23500K .......... .......... .......... .......... .......... 61%  240M 0s
 23550K .......... .......... .......... .......... .......... 61%  156M 0s
 23600K .......... .......... .......... .......... .......... 61% 25.8M 0s
 23650K .......... .......... .......... .......... .......... 61%  179M 0s
 23700K .......... .......... .......... .......... .......... 61%  164M 0s
 23750K .......... .......... .......... .......... .......... 61%  219M 0s
 23800K .......... .......... .......... .......... .......... 62%  212M 0s
 23850K .......... .......... .......... .......... .......... 62%  262M 0s
 23900K .......... .......... .......... .......... .......... 62% 7.07M 0s
 23950K .......... .......... .......... .......... .......... 62%  114M 0s
 24000K .......... .......... .......... .......... .......... 62%  163M 0s
 24050K .......... .......... .......... .......... .......... 62%  158M 0s
 24100K .......... .......... .......... .......... .......... 62%  177M 0s
 24150K .......... .......... .......... .......... .......... 62%  188M 0s
 24200K .......... .......... .......... .......... .......... 63%  194M 0s
 24250K .......... .......... .......... .......... .......... 63%  168M 0s
 24300K .......... .......... .......... .......... .......... 63%  196M 0s
 24350K .......... .......... .......... .......... .......... 63%  150M 0s
 24400K .......... .......... .......... .......... .......... 63%  185M 0s
 24450K .......... .......... .......... .......... .......... 63%  212M 0s
 24500K .......... .......... .......... .......... .......... 63%  199M 0s
 24550K .......... .......... .......... .......... .......... 63%  173M 0s
 24600K .......... .......... .......... .......... .......... 64%  210M 0s
 24650K .......... .......... .......... .......... .......... 64%  250M 0s
 24700K .......... .......... .......... .......... .......... 64%  202M 0s
 24750K .......... .......... .......... .......... .......... 64%  192M 0s
 24800K .......... .......... .......... .......... .......... 64%  194M 0s
 24850K .......... .......... .......... .......... .......... 64%  256M 0s
 24900K .......... .......... .......... .......... .......... 64%  220M 0s
 24950K .......... .......... .......... .......... .......... 64%  235M 0s
 25000K .......... .......... .......... .......... .......... 65%  244M 0s
 25050K .......... .......... .......... .......... .......... 65%  176M 0s
 25100K .......... .......... .......... .......... .......... 65%  265M 0s
 25150K .......... .......... .......... .......... .......... 65%  185M 0s
 25200K .......... .......... .......... .......... .......... 65%  264M 0s
 25250K .......... .......... .......... .......... .......... 65% 9.03M 0s
 25300K .......... .......... .......... .......... .......... 65%  251M 0s
 25350K .......... .......... .......... .......... .......... 66%  196M 0s
 25400K .......... .......... .......... .......... .......... 66%  255M 0s
 25450K .......... .......... .......... .......... .......... 66% 10.9M 0s
 25500K .......... .......... .......... .......... .......... 66%  144M 0s
 25550K .......... .......... .......... .......... .......... 66%  199M 0s
 25600K .......... .......... .......... .......... .......... 66%  130M 0s
 25650K .......... .......... .......... .......... .......... 66%  225M 0s
 25700K .......... .......... .......... .......... .......... 66% 37.3M 0s
 25750K .......... .......... .......... .......... .......... 67%  177M 0s
 25800K .......... .......... .......... .......... .......... 67%  212M 0s
 25850K .......... .......... .......... .......... .......... 67%  171M 0s
 25900K .......... .......... .......... .......... .......... 67%  239M 0s
 25950K .......... .......... .......... .......... .......... 67%  146M 0s
 26000K .......... .......... .......... .......... .......... 67%  220M 0s
 26050K .......... .......... .......... .......... .......... 67%  250M 0s
 26100K .......... .......... .......... .......... .......... 67%  225M 0s
 26150K .......... .......... .......... .......... .......... 68%  171M 0s
 26200K .......... .......... .......... .......... .......... 68%  221M 0s
 26250K .......... .......... .......... .......... .......... 68%  222M 0s
 26300K .......... .......... .......... .......... .......... 68%  249M 0s
 26350K .......... .......... .......... .......... .......... 68%  151M 0s
 26400K .......... .......... .......... .......... .......... 68%  264M 0s
 26450K .......... .......... .......... .......... .......... 68%  226M 0s
 26500K .......... .......... .......... .......... .......... 69%  211M 0s
 26550K .......... .......... .......... .......... .......... 69%  236M 0s
 26600K .......... .......... .......... .......... .......... 69%  218M 0s
 26650K .......... .......... .......... .......... .......... 69%  220M 0s
 26700K .......... .......... .......... .......... .......... 69%  222M 0s
 26750K .......... .......... .......... .......... .......... 69%  176M 0s
 26800K .......... .......... .......... .......... .......... 69%  190M 0s
 26850K .......... .......... .......... .......... .......... 69%  263M 0s
 26900K .......... .......... .......... .......... .......... 70%  198M 0s
 26950K .......... .......... .......... .......... .......... 70%  262M 0s
 27000K .......... .......... .......... .......... .......... 70%  212M 0s
 27050K .......... .......... .......... .......... .......... 70%  186M 0s
 27100K .......... .......... .......... .......... .......... 70%  227M 0s
 27150K .......... .......... .......... .......... .......... 70% 8.02M 0s
 27200K .......... .......... .......... .......... .......... 70%  188M 0s
 27250K .......... .......... .......... .......... .......... 70%  219M 0s
 27300K .......... .......... .......... .......... .......... 71%  230M 0s
 27350K .......... .......... .......... .......... .......... 71%  217M 0s
 27400K .......... .......... .......... .......... .......... 71%  183M 0s
 27450K .......... .......... .......... .......... .......... 71%  238M 0s
 27500K .......... .......... .......... .......... .......... 71%  219M 0s
 27550K .......... .......... .......... .......... .......... 71%  180M 0s
 27600K .......... .......... .......... .......... .......... 71%  246M 0s
 27650K .......... .......... .......... .......... .......... 72%  262M 0s
 27700K .......... .......... .......... .......... .......... 72%  188M 0s
 27750K .......... .......... .......... .......... .......... 72% 41.5M 0s
 27800K .......... .......... .......... .......... .......... 72%  228M 0s
 27850K .......... .......... .......... .......... .......... 72%  182M 0s
 27900K .......... .......... .......... .......... .......... 72%  243M 0s
 27950K .......... .......... .......... .......... .......... 72%  157M 0s
 28000K .......... .......... .......... .......... .......... 72% 18.3M 0s
 28050K .......... .......... .......... .......... .......... 73%  202M 0s
 28100K .......... .......... .......... .......... .......... 73%  235M 0s
 28150K .......... .......... .......... .......... .......... 73%  177M 0s
 28200K .......... .......... .......... .......... .......... 73%  200M 0s
 28250K .......... .......... .......... .......... .......... 73%  178M 0s
 28300K .......... .......... .......... .......... .......... 73%  267M 0s
 28350K .......... .......... .......... .......... .......... 73%  167M 0s
 28400K .......... .......... .......... .......... .......... 73%  261M 0s
 28450K .......... .......... .......... .......... .......... 74%  208M 0s
 28500K .......... .......... .......... .......... .......... 74%  256M 0s
 28550K .......... .......... .......... .......... .......... 74%  224M 0s
 28600K .......... .......... .......... .......... .......... 74% 24.7M 0s
 28650K .......... .......... .......... .......... .......... 74%  216M 0s
 28700K .......... .......... .......... .......... .......... 74%  244M 0s
 28750K .......... .......... .......... .......... .......... 74%  154M 0s
 28800K .......... .......... .......... .......... .......... 75%  232M 0s
 28850K .......... .......... .......... .......... .......... 75%  220M 0s
 28900K .......... .......... .......... .......... .......... 75%  263M 0s
 28950K .......... .......... .......... .......... .......... 75%  264M 0s
 29000K .......... .......... .......... .......... .......... 75%  193M 0s
 29050K .......... .......... .......... .......... .......... 75%  265M 0s
 29100K .......... .......... .......... .......... .......... 75%  178M 0s
 29150K .......... .......... .......... .......... .......... 75% 30.0M 0s
 29200K .......... .......... .......... .......... .......... 76%  263M 0s
 29250K .......... .......... .......... .......... .......... 76%  133M 0s
 29300K .......... .......... .......... .......... .......... 76%  170M 0s
 29350K .......... .......... .......... .......... .......... 76%  221M 0s
 29400K .......... .......... .......... .......... .......... 76%  148M 0s
 29450K .......... .......... .......... .......... .......... 76% 17.9M 0s
 29500K .......... .......... .......... .......... .......... 76%  165M 0s
 29550K .......... .......... .......... .......... .......... 76%  150M 0s
 29600K .......... .......... .......... .......... .......... 77%  161M 0s
 29650K .......... .......... .......... .......... .......... 77%  202M 0s
 29700K .......... .......... .......... .......... .......... 77%  162M 0s
 29750K .......... .......... .......... .......... .......... 77%  190M 0s
 29800K .......... .......... .......... .......... .......... 77%  268M 0s
 29850K .......... .......... .......... .......... .......... 77%  171M 0s
 29900K .......... .......... .......... .......... .......... 77%  265M 0s
 29950K .......... .......... .......... .......... .......... 77% 29.0M 0s
 30000K .......... .......... .......... .......... .......... 78%  204M 0s
 30050K .......... .......... .......... .......... .......... 78%  259M 0s
 30100K .......... .......... .......... .......... .......... 78%  163M 0s
 30150K .......... .......... .......... .......... .......... 78%  230M 0s
 30200K .......... .......... .......... .......... .......... 78%  248M 0s
 30250K .......... .......... .......... .......... .......... 78%  230M 0s
 30300K .......... .......... .......... .......... .......... 78%  192M 0s
 30350K .......... .......... .......... .......... .......... 79%  178M 0s
 30400K .......... .......... .......... .......... .......... 79%  234M 0s
 30450K .......... .......... .......... .......... .......... 79%  226M 0s
 30500K .......... .......... .......... .......... .......... 79%  268M 0s
 30550K .......... .......... .......... .......... .......... 79%  191M 0s
 30600K .......... .......... .......... .......... .......... 79%  266M 0s
 30650K .......... .......... .......... .......... .......... 79%  195M 0s
 30700K .......... .......... .......... .......... .......... 79%  263M 0s
 30750K .......... .......... .......... .......... .......... 80%  146M 0s
 30800K .......... .......... .......... .......... .......... 80%  197M 0s
 30850K .......... .......... .......... .......... .......... 80%  206M 0s
 30900K .......... .......... .......... .......... .......... 80%  205M 0s
 30950K .......... .......... .......... .......... .......... 80%  193M 0s
 31000K .......... .......... .......... .......... .......... 80%  225M 0s
 31050K .......... .......... .......... .......... .......... 80%  217M 0s
 31100K .......... .......... .......... .......... .......... 80%  265M 0s
 31150K .......... .......... .......... .......... .......... 81% 2.07M 0s
 31200K .......... .......... .......... .......... .......... 81%  235M 0s
 31250K .......... .......... .......... .......... .......... 81%  264M 0s
 31300K .......... .......... .......... .......... .......... 81%  261M 0s
 31350K .......... .......... .......... .......... .......... 81%  203M 0s
 31400K .......... .......... .......... .......... .......... 81%  266M 0s
 31450K .......... .......... .......... .......... .......... 81%  251M 0s
 31500K .......... .......... .......... .......... .......... 82%  258M 0s
 31550K .......... .......... .......... .......... .......... 82%  198M 0s
 31600K .......... .......... .......... .......... .......... 82%  201M 0s
 31650K .......... .......... .......... .......... .......... 82%  264M 0s
 31700K .......... .......... .......... .......... .......... 82%  248M 0s
 31750K .......... .......... .......... .......... .......... 82%  262M 0s
 31800K .......... .......... .......... .......... .......... 82%  189M 0s
 31850K .......... .......... .......... .......... .......... 82%  179M 0s
 31900K .......... .......... .......... .......... .......... 83%  248M 0s
 31950K .......... .......... .......... .......... .......... 83%  146M 0s
 32000K .......... .......... .......... .......... .......... 83%  199M 0s
 32050K .......... .......... .......... .......... .......... 83%  256M 0s
 32100K .......... .......... .......... .......... .......... 83%  264M 0s
 32150K .......... .......... .......... .......... .......... 83%  248M 0s
 32200K .......... .......... .......... .......... .......... 83%  263M 0s
 32250K .......... .......... .......... .......... .......... 83%  197M 0s
 32300K .......... .......... .......... .......... .......... 84%  260M 0s
 32350K .......... .......... .......... .......... .......... 84%  195M 0s
 32400K .......... .......... .......... .......... .......... 84%  258M 0s
 32450K .......... .......... .......... .......... .......... 84%  266M 0s
 32500K .......... .......... .......... .......... .......... 84%  198M 0s
 32550K .......... .......... .......... .......... .......... 84%  262M 0s
 32600K .......... .......... .......... .......... .......... 84%  256M 0s
 32650K .......... .......... .......... .......... .......... 85%  260M 0s
 32700K .......... .......... .......... .......... .......... 85%  178M 0s
 32750K .......... .......... .......... .......... .......... 85%  121M 0s
 32800K .......... .......... .......... .......... .......... 85%  181M 0s
 32850K .......... .......... .......... .......... .......... 85%  230M 0s
 32900K .......... .......... .......... .......... .......... 85%  204M 0s
 32950K .......... .......... .......... .......... .......... 85%  265M 0s
 33000K .......... .......... .......... .......... .......... 85%  267M 0s
 33050K .......... .......... .......... .......... .......... 86%  240M 0s
 33100K .......... .......... .......... .......... .......... 86%  221M 0s
 33150K .......... .......... .......... .......... .......... 86%  165M 0s
 33200K .......... .......... .......... .......... .......... 86%  263M 0s
 33250K .......... .......... .......... .......... .......... 86%  193M 0s
 33300K .......... .......... .......... .......... .......... 86%  227M 0s
 33350K .......... .......... .......... .......... .......... 86%  179M 0s
 33400K .......... .......... .......... .......... .......... 86%  265M 0s
 33450K .......... .......... .......... .......... .......... 87%  252M 0s
 33500K .......... .......... .......... .......... .......... 87%  259M 0s
 33550K .......... .......... .......... .......... .......... 87%  156M 0s
 33600K .......... .......... .......... .......... .......... 87%  199M 0s
 33650K .......... .......... .......... .......... .......... 87%  157M 0s
 33700K .......... .......... .......... .......... .......... 87%  214M 0s
 33750K .......... .......... .......... .......... .......... 87%  190M 0s
 33800K .......... .......... .......... .......... .......... 88%  263M 0s
 33850K .......... .......... .......... .......... .......... 88%  269M 0s
 33900K .......... .......... .......... .......... .......... 88%  250M 0s
 33950K .......... .......... .......... .......... .......... 88%  182M 0s
 34000K .......... .......... .......... .......... .......... 88%  181M 0s
 34050K .......... .......... .......... .......... .......... 88%  263M 0s
 34100K .......... .......... .......... .......... .......... 88%  224M 0s
 34150K .......... .......... .......... .......... .......... 88%  224M 0s
 34200K .......... .......... .......... .......... .......... 89%  203M 0s
 34250K .......... .......... .......... .......... .......... 89%  210M 0s
 34300K .......... .......... .......... .......... .......... 89%  229M 0s
 34350K .......... .......... .......... .......... .......... 89%  194M 0s
 34400K .......... .......... .......... .......... .......... 89%  235M 0s
 34450K .......... .......... .......... .......... .......... 89%  194M 0s
 34500K .......... .......... .......... .......... .......... 89%  232M 0s
 34550K .......... .......... .......... .......... .......... 89%  247M 0s
 34600K .......... .......... .......... .......... .......... 90%  268M 0s
 34650K .......... .......... .......... .......... .......... 90%  160M 0s
 34700K .......... .......... .......... .......... .......... 90%  213M 0s
 34750K .......... .......... .......... .......... .......... 90%  200M 0s
 34800K .......... .......... .......... .......... .......... 90%  218M 0s
 34850K .......... .......... .......... .......... .......... 90%  188M 0s
 34900K .......... .......... .......... .......... .......... 90%  241M 0s
 34950K .......... .......... .......... .......... .......... 90%  269M 0s
 35000K .......... .......... .......... .......... .......... 91%  220M 0s
 35050K .......... .......... .......... .......... .......... 91%  262M 0s
 35100K .......... .......... .......... .......... .......... 91%  175M 0s
 35150K .......... .......... .......... .......... .......... 91%  179M 0s
 35200K .......... .......... .......... .......... .......... 91%  256M 0s
 35250K .......... .......... .......... .......... .......... 91%  259M 0s
 35300K .......... .......... .......... .......... .......... 91%  268M 0s
 35350K .......... .......... .......... .......... .......... 92%  174M 0s
 35400K .......... .......... .......... .......... .......... 92%  225M 0s
 35450K .......... .......... .......... .......... .......... 92%  209M 0s
 35500K .......... .......... .......... .......... .......... 92%  226M 0s
 35550K .......... .......... .......... .......... .......... 92%  129M 0s
 35600K .......... .......... .......... .......... .......... 92%  266M 0s
 35650K .......... .......... .......... .......... .......... 92%  218M 0s
 35700K .......... .......... .......... .......... .......... 92%  233M 0s
 35750K .......... .......... .......... .......... .......... 93%  183M 0s
 35800K .......... .......... .......... .......... .......... 93%  214M 0s
 35850K .......... .......... .......... .......... .......... 93%  217M 0s
 35900K .......... .......... .......... .......... .......... 93%  256M 0s
 35950K .......... .......... .......... .......... .......... 93%  164M 0s
 36000K .......... .......... .......... .......... .......... 93%  244M 0s
 36050K .......... .......... .......... .......... .......... 93%  230M 0s
 36100K .......... .......... .......... .......... .......... 93%  252M 0s
 36150K .......... .......... .......... .......... .......... 94%  244M 0s
 36200K .......... .......... .......... .......... .......... 94%  189M 0s
 36250K .......... .......... .......... .......... .......... 94%  230M 0s
 36300K .......... .......... .......... .......... .......... 94%  231M 0s
 36350K .......... .......... .......... .......... .......... 94%  163M 0s
 36400K .......... .......... .......... .......... .......... 94%  170M 0s
 36450K .......... .......... .......... .......... .......... 94%  249M 0s
 36500K .......... .......... .......... .......... .......... 95%  246M 0s
 36550K .......... .......... .......... .......... .......... 95%  219M 0s
 36600K .......... .......... .......... .......... .......... 95%  245M 0s
 36650K .......... .......... .......... .......... .......... 95%  167M 0s
 36700K .......... .......... .......... .......... .......... 95%  268M 0s
 36750K .......... .......... .......... .......... .......... 95%  156M 0s
 36800K .......... .......... .......... .......... .......... 95%  197M 0s
 36850K .......... .......... .......... .......... .......... 95%  180M 0s
 36900K .......... .......... .......... .......... .......... 96%  263M 0s
 36950K .......... .......... .......... .......... .......... 96%  254M 0s
 37000K .......... .......... .......... .......... .......... 96%  229M 0s
 37050K .......... .......... .......... .......... .......... 96%  200M 0s
 37100K .......... .......... .......... .......... .......... 96%  105M 0s
 37150K .......... .......... .......... .......... .......... 96%  177M 0s
 37200K .......... .......... .......... .......... .......... 96%  163M 0s
 37250K .......... .......... .......... .......... .......... 96%  264M 0s
 37300K .......... .......... .......... .......... .......... 97% 6.87M 0s
 37350K .......... .......... .......... .......... .......... 97%  240M 0s
 37400K .......... .......... .......... .......... .......... 97%  260M 0s
 37450K .......... .......... .......... .......... .......... 97%  224M 0s
 37500K .......... .......... .......... .......... .......... 97%  263M 0s
 37550K .......... .......... .......... .......... .......... 97%  201M 0s
 37600K .......... .......... .......... .......... .......... 97%  246M 0s
 37650K .......... .......... .......... .......... .......... 98%  266M 0s
 37700K .......... .......... .......... .......... .......... 98%  260M 0s
 37750K .......... .......... .......... .......... .......... 98%  264M 0s
 37800K .......... .......... .......... .......... .......... 98%  268M 0s
 37850K .......... .......... .......... .......... .......... 98%  248M 0s
 37900K .......... .......... .......... .......... .......... 98%  262M 0s
 37950K .......... .......... .......... .......... .......... 98%  199M 0s
 38000K .......... .......... .......... .......... .......... 98%  262M 0s
 38050K .......... .......... .......... .......... .......... 99%  265M 0s
 38100K .......... .......... .......... .......... .......... 99%  249M 0s
 38150K .......... .......... .......... .......... .......... 99%  263M 0s
 38200K .......... .......... .......... .......... .......... 99%  267M 0s
 38250K .......... .......... .......... .......... .......... 99%  257M 0s
 38300K .......... .......... .......... .......... .......... 99%  268M 0s
 38350K .......... .......... .......... .......... .......... 99%  191M 0s
 38400K .......... .......... .......... .......... .......... 99%  264M 0s
 38450K .......... ...                                        100% 25.0T=0.5s

2026-03-20 14:36:50 (81.4 MB/s) - ‘gnome-backgrounds-50.0.tar.xz’ saved [39386552/39386552]

gnome-backgrounds-50.0/
gnome-backgrounds-50.0/.cvsignore
gnome-backgrounds-50.0/.gitlab-ci.yml
gnome-backgrounds-50.0/AUTHORS
gnome-backgrounds-50.0/COPYING
gnome-backgrounds-50.0/ChangeLog
gnome-backgrounds-50.0/NEWS
gnome-backgrounds-50.0/README.md
gnome-backgrounds-50.0/backgrounds/
gnome-backgrounds-50.0/backgrounds/adwaita-d.jxl
gnome-backgrounds-50.0/backgrounds/adwaita-l.jxl
gnome-backgrounds-50.0/backgrounds/adwaita.xml.in
gnome-backgrounds-50.0/backgrounds/amber-d.jxl
gnome-backgrounds-50.0/backgrounds/amber-l.jxl
gnome-backgrounds-50.0/backgrounds/amber.xml.in
gnome-backgrounds-50.0/backgrounds/balls-d.jxl
gnome-backgrounds-50.0/backgrounds/balls-l.jxl
gnome-backgrounds-50.0/backgrounds/balls.xml.in
gnome-backgrounds-50.0/backgrounds/blendpills-d.jxl
gnome-backgrounds-50.0/backgrounds/blendpills-l.jxl
gnome-backgrounds-50.0/backgrounds/blendpills.xml.in
gnome-backgrounds-50.0/backgrounds/blobs-d.svg
gnome-backgrounds-50.0/backgrounds/blobs-l.svg
gnome-backgrounds-50.0/backgrounds/blobs.xml.in
gnome-backgrounds-50.0/backgrounds/curvy-d.jxl
gnome-backgrounds-50.0/backgrounds/curvy-l.jxl
gnome-backgrounds-50.0/backgrounds/curvy.xml.in
gnome-backgrounds-50.0/backgrounds/dithered-sun-d.jxl
gnome-backgrounds-50.0/backgrounds/dithered-sun-l.jxl
gnome-backgrounds-50.0/backgrounds/dithered-sun.xml.in
gnome-backgrounds-50.0/backgrounds/drool-d.svg
gnome-backgrounds-50.0/backgrounds/drool-l.svg
gnome-backgrounds-50.0/backgrounds/drool.xml.in
gnome-backgrounds-50.0/backgrounds/fold-d.jxl
gnome-backgrounds-50.0/backgrounds/fold-l.jxl
gnome-backgrounds-50.0/backgrounds/fold.xml.in
gnome-backgrounds-50.0/backgrounds/glass-chip-d.jxl
gnome-backgrounds-50.0/backgrounds/glass-chip-l.jxl
gnome-backgrounds-50.0/backgrounds/glass-chip.xml.in
gnome-backgrounds-50.0/backgrounds/lcd-rainbow-d.jxl
gnome-backgrounds-50.0/backgrounds/lcd-rainbow-l.jxl
gnome-backgrounds-50.0/backgrounds/lcd-rainbow.xml.in
gnome-backgrounds-50.0/backgrounds/map-d.svg
gnome-backgrounds-50.0/backgrounds/map-l.svg
gnome-backgrounds-50.0/backgrounds/map.xml.in
gnome-backgrounds-50.0/backgrounds/meson.build
gnome-backgrounds-50.0/backgrounds/morphogenesis-d.svg
gnome-backgrounds-50.0/backgrounds/morphogenesis-l.svg
gnome-backgrounds-50.0/backgrounds/morphogenesis.xml.in
gnome-backgrounds-50.0/backgrounds/pills-d.jxl
gnome-backgrounds-50.0/backgrounds/pills-l.jxl
gnome-backgrounds-50.0/backgrounds/pills.xml.in
gnome-backgrounds-50.0/backgrounds/pixel-pusher-d.jxl
gnome-backgrounds-50.0/backgrounds/pixel-pusher-l.jxl
gnome-backgrounds-50.0/backgrounds/pixel-pusher.xml.in
gnome-backgrounds-50.0/backgrounds/pixels-d.jxl
gnome-backgrounds-50.0/backgrounds/pixels-l.jxl
gnome-backgrounds-50.0/backgrounds/pixels.xml.in
gnome-backgrounds-50.0/backgrounds/progress-d.jxl
gnome-backgrounds-50.0/backgrounds/progress-l.jxl
gnome-backgrounds-50.0/backgrounds/progress.xml.in
gnome-backgrounds-50.0/backgrounds/sheet-d.jxl
gnome-backgrounds-50.0/backgrounds/sheet-l.jxl
gnome-backgrounds-50.0/backgrounds/sheet.xml.in
gnome-backgrounds-50.0/backgrounds/symbolic-d.jxl
gnome-backgrounds-50.0/backgrounds/symbolic-l.jxl
gnome-backgrounds-50.0/backgrounds/symbolic.xml.in
gnome-backgrounds-50.0/backgrounds/tarka-d.jxl
gnome-backgrounds-50.0/backgrounds/tarka-l.jxl
gnome-backgrounds-50.0/backgrounds/tarka.xml.in
gnome-backgrounds-50.0/backgrounds/tarkov-pills-d.jxl
gnome-backgrounds-50.0/backgrounds/tarkov-pills-l.jxl
gnome-backgrounds-50.0/backgrounds/tarkov-pills.xml.in
gnome-backgrounds-50.0/backgrounds/tubes-d.jxl
gnome-backgrounds-50.0/backgrounds/tubes-l.jxl
gnome-backgrounds-50.0/backgrounds/tubes.xml.in
gnome-backgrounds-50.0/backgrounds/vnc-d.png
gnome-backgrounds-50.0/backgrounds/vnc-l.png
gnome-backgrounds-50.0/backgrounds/vnc.xml.in
gnome-backgrounds-50.0/badscaling.jpg
gnome-backgrounds-50.0/defaults.webp
gnome-backgrounds-50.0/gnome-backgrounds.doap
gnome-backgrounds-50.0/meson.build
gnome-backgrounds-50.0/title.blend
The Meson build system
Version: 1.10.2
Source dir: /blfs/builds/gnome-backgrounds-50.0
Build dir: /blfs/builds/gnome-backgrounds-50.0/build
Build type: native build
Project name: gnome-backgrounds
Project version: 50.0
Host machine cpu family: x86_64
Host machine cpu: x86_64
Configuring adwaita.xml using configuration
Configuring amber.xml using configuration
Configuring balls.xml using configuration
Configuring blobs.xml using configuration
Configuring blendpills.xml using configuration
Configuring curvy.xml using configuration
Configuring dithered-sun.xml using configuration
Configuring drool.xml using configuration
Configuring fold.xml using configuration
Configuring glass-chip.xml using configuration
Configuring lcd-rainbow.xml using configuration
Configuring map.xml using configuration
Configuring morphogenesis.xml using configuration
Configuring pills.xml using configuration
Configuring pixel-pusher.xml using configuration
Configuring pixels.xml using configuration
Configuring progress.xml using configuration
Configuring sheet.xml using configuration
Configuring symbolic.xml using configuration
Configuring tarka.xml using configuration
Configuring tarkov-pills.xml using configuration
Configuring tubes.xml using configuration
Configuring vnc.xml using configuration
Build targets in project: 0

gnome-backgrounds 50.0

  User defined options
    prefix: /usr

Found ninja-1.13.2 at /usr/bin/ninja
ninja: no work to do.
[0/1] Installing files
Installing /blfs/builds/gnome-backgrounds-50.0/backgrounds/adwaita-d.jxl to /usr/share/backgrounds/gnome
Installing /blfs/builds/gnome-backgrounds-50.0/backgrounds/adwaita-l.jxl to /usr/share/backgrounds/gnome
Installing /blfs/builds/gnome-backgrounds-50.0/backgrounds/amber-d.jxl to /usr/share/backgrounds/gnome
Installing /blfs/builds/gnome-backgrounds-50.0/backgrounds/amber-l.jxl to /usr/share/backgrounds/gnome
Installing /blfs/builds/gnome-backgrounds-50.0/backgrounds/balls-d.jxl to /usr/share/backgrounds/gnome
Installing /blfs/builds/gnome-backgrounds-50.0/backgrounds/balls-l.jxl to /usr/share/backgrounds/gnome
Installing /blfs/builds/gnome-backgrounds-50.0/backgrounds/blobs-d.svg to /usr/share/backgrounds/gnome
Installing /blfs/builds/gnome-backgrounds-50.0/backgrounds/blobs-l.svg to /usr/share/backgrounds/gnome
Installing /blfs/builds/gnome-backgrounds-50.0/backgrounds/blendpills-d.jxl to /usr/share/backgrounds/gnome
Installing /blfs/builds/gnome-backgrounds-50.0/backgrounds/blendpills-l.jxl to /usr/share/backgrounds/gnome
Installing /blfs/builds/gnome-backgrounds-50.0/backgrounds/curvy-d.jxl to /usr/share/backgrounds/gnome
Installing /blfs/builds/gnome-backgrounds-50.0/backgrounds/curvy-l.jxl to /usr/share/backgrounds/gnome
Installing /blfs/builds/gnome-backgrounds-50.0/backgrounds/dithered-sun-d.jxl to /usr/share/backgrounds/gnome
Installing /blfs/builds/gnome-backgrounds-50.0/backgrounds/dithered-sun-l.jxl to /usr/share/backgrounds/gnome
Installing /blfs/builds/gnome-backgrounds-50.0/backgrounds/drool-d.svg to /usr/share/backgrounds/gnome
Installing /blfs/builds/gnome-backgrounds-50.0/backgrounds/drool-l.svg to /usr/share/backgrounds/gnome
Installing /blfs/builds/gnome-backgrounds-50.0/backgrounds/fold-d.jxl to /usr/share/backgrounds/gnome
Installing /blfs/builds/gnome-backgrounds-50.0/backgrounds/fold-l.jxl to /usr/share/backgrounds/gnome
Installing /blfs/builds/gnome-backgrounds-50.0/backgrounds/glass-chip-d.jxl to /usr/share/backgrounds/gnome
Installing /blfs/builds/gnome-backgrounds-50.0/backgrounds/glass-chip-l.jxl to /usr/share/backgrounds/gnome
Installing /blfs/builds/gnome-backgrounds-50.0/backgrounds/lcd-rainbow-d.jxl to /usr/share/backgrounds/gnome
Installing /blfs/builds/gnome-backgrounds-50.0/backgrounds/lcd-rainbow-l.jxl to /usr/share/backgrounds/gnome
Installing /blfs/builds/gnome-backgrounds-50.0/backgrounds/map-d.svg to /usr/share/backgrounds/gnome
Installing /blfs/builds/gnome-backgrounds-50.0/backgrounds/map-l.svg to /usr/share/backgrounds/gnome
Installing /blfs/builds/gnome-backgrounds-50.0/backgrounds/morphogenesis-d.svg to /usr/share/backgrounds/gnome
Installing /blfs/builds/gnome-backgrounds-50.0/backgrounds/morphogenesis-l.svg to /usr/share/backgrounds/gnome
Installing /blfs/builds/gnome-backgrounds-50.0/backgrounds/pills-d.jxl to /usr/share/backgrounds/gnome
Installing /blfs/builds/gnome-backgrounds-50.0/backgrounds/pills-l.jxl to /usr/share/backgrounds/gnome
Installing /blfs/builds/gnome-backgrounds-50.0/backgrounds/pixel-pusher-d.jxl to /usr/share/backgrounds/gnome
Installing /blfs/builds/gnome-backgrounds-50.0/backgrounds/pixel-pusher-l.jxl to /usr/share/backgrounds/gnome
Installing /blfs/builds/gnome-backgrounds-50.0/backgrounds/pixels-d.jxl to /usr/share/backgrounds/gnome
Installing /blfs/builds/gnome-backgrounds-50.0/backgrounds/pixels-l.jxl to /usr/share/backgrounds/gnome
Installing /blfs/builds/gnome-backgrounds-50.0/backgrounds/progress-d.jxl to /usr/share/backgrounds/gnome
Installing /blfs/builds/gnome-backgrounds-50.0/backgrounds/progress-l.jxl to /usr/share/backgrounds/gnome
Installing /blfs/builds/gnome-backgrounds-50.0/backgrounds/sheet-d.jxl to /usr/share/backgrounds/gnome
Installing /blfs/builds/gnome-backgrounds-50.0/backgrounds/sheet-l.jxl to /usr/share/backgrounds/gnome
Installing /blfs/builds/gnome-backgrounds-50.0/backgrounds/symbolic-d.jxl to /usr/share/backgrounds/gnome
Installing /blfs/builds/gnome-backgrounds-50.0/backgrounds/symbolic-l.jxl to /usr/share/backgrounds/gnome
Installing /blfs/builds/gnome-backgrounds-50.0/backgrounds/tarka-d.jxl to /usr/share/backgrounds/gnome
Installing /blfs/builds/gnome-backgrounds-50.0/backgrounds/tarka-l.jxl to /usr/share/backgrounds/gnome
Installing /blfs/builds/gnome-backgrounds-50.0/backgrounds/tarkov-pills-d.jxl to /usr/share/backgrounds/gnome
Installing /blfs/builds/gnome-backgrounds-50.0/backgrounds/tarkov-pills-l.jxl to /usr/share/backgrounds/gnome
Installing /blfs/builds/gnome-backgrounds-50.0/backgrounds/tubes-d.jxl to /usr/share/backgrounds/gnome
Installing /blfs/builds/gnome-backgrounds-50.0/backgrounds/tubes-l.jxl to /usr/share/backgrounds/gnome
Installing /blfs/builds/gnome-backgrounds-50.0/backgrounds/vnc-d.png to /usr/share/backgrounds/gnome
Installing /blfs/builds/gnome-backgrounds-50.0/backgrounds/vnc-l.png to /usr/share/backgrounds/gnome
Installing /blfs/builds/gnome-backgrounds-50.0/build/backgrounds/adwaita.xml to /usr/share/gnome-background-properties
Installing /blfs/builds/gnome-backgrounds-50.0/build/backgrounds/amber.xml to /usr/share/gnome-background-properties
Installing /blfs/builds/gnome-backgrounds-50.0/build/backgrounds/balls.xml to /usr/share/gnome-background-properties
Installing /blfs/builds/gnome-backgrounds-50.0/build/backgrounds/blobs.xml to /usr/share/gnome-background-properties
Installing /blfs/builds/gnome-backgrounds-50.0/build/backgrounds/blendpills.xml to /usr/share/gnome-background-properties
Installing /blfs/builds/gnome-backgrounds-50.0/build/backgrounds/curvy.xml to /usr/share/gnome-background-properties
Installing /blfs/builds/gnome-backgrounds-50.0/build/backgrounds/dithered-sun.xml to /usr/share/gnome-background-properties
Installing /blfs/builds/gnome-backgrounds-50.0/build/backgrounds/drool.xml to /usr/share/gnome-background-properties
Installing /blfs/builds/gnome-backgrounds-50.0/build/backgrounds/fold.xml to /usr/share/gnome-background-properties
Installing /blfs/builds/gnome-backgrounds-50.0/build/backgrounds/glass-chip.xml to /usr/share/gnome-background-properties
Installing /blfs/builds/gnome-backgrounds-50.0/build/backgrounds/lcd-rainbow.xml to /usr/share/gnome-background-properties
Installing /blfs/builds/gnome-backgrounds-50.0/build/backgrounds/map.xml to /usr/share/gnome-background-properties
Installing /blfs/builds/gnome-backgrounds-50.0/build/backgrounds/morphogenesis.xml to /usr/share/gnome-background-properties
Installing /blfs/builds/gnome-backgrounds-50.0/build/backgrounds/pills.xml to /usr/share/gnome-background-properties
Installing /blfs/builds/gnome-backgrounds-50.0/build/backgrounds/pixel-pusher.xml to /usr/share/gnome-background-properties
Installing /blfs/builds/gnome-backgrounds-50.0/build/backgrounds/pixels.xml to /usr/share/gnome-background-properties
Installing /blfs/builds/gnome-backgrounds-50.0/build/backgrounds/progress.xml to /usr/share/gnome-background-properties
Installing /blfs/builds/gnome-backgrounds-50.0/build/backgrounds/sheet.xml to /usr/share/gnome-background-properties
Installing /blfs/builds/gnome-backgrounds-50.0/build/backgrounds/symbolic.xml to /usr/share/gnome-background-properties
Installing /blfs/builds/gnome-backgrounds-50.0/build/backgrounds/tarka.xml to /usr/share/gnome-background-properties
Installing /blfs/builds/gnome-backgrounds-50.0/build/backgrounds/tarkov-pills.xml to /usr/share/gnome-background-properties
Installing /blfs/builds/gnome-backgrounds-50.0/build/backgrounds/tubes.xml to /usr/share/gnome-background-properties
Installing /blfs/builds/gnome-backgrounds-50.0/build/backgrounds/vnc.xml to /usr/share/gnome-background-properties
[0/1] Installing files
Installing /blfs/builds/gnome-backgrounds-50.0/backgrounds/adwaita-d.jxl to /pkgs/gnome-backgrounds/usr/share/backgrounds/gnome
Installing /blfs/builds/gnome-backgrounds-50.0/backgrounds/adwaita-l.jxl to /pkgs/gnome-backgrounds/usr/share/backgrounds/gnome
Installing /blfs/builds/gnome-backgrounds-50.0/backgrounds/amber-d.jxl to /pkgs/gnome-backgrounds/usr/share/backgrounds/gnome
Installing /blfs/builds/gnome-backgrounds-50.0/backgrounds/amber-l.jxl to /pkgs/gnome-backgrounds/usr/share/backgrounds/gnome
Installing /blfs/builds/gnome-backgrounds-50.0/backgrounds/balls-d.jxl to /pkgs/gnome-backgrounds/usr/share/backgrounds/gnome
Installing /blfs/builds/gnome-backgrounds-50.0/backgrounds/balls-l.jxl to /pkgs/gnome-backgrounds/usr/share/backgrounds/gnome
Installing /blfs/builds/gnome-backgrounds-50.0/backgrounds/blobs-d.svg to /pkgs/gnome-backgrounds/usr/share/backgrounds/gnome
Installing /blfs/builds/gnome-backgrounds-50.0/backgrounds/blobs-l.svg to /pkgs/gnome-backgrounds/usr/share/backgrounds/gnome
Installing /blfs/builds/gnome-backgrounds-50.0/backgrounds/blendpills-d.jxl to /pkgs/gnome-backgrounds/usr/share/backgrounds/gnome
Installing /blfs/builds/gnome-backgrounds-50.0/backgrounds/blendpills-l.jxl to /pkgs/gnome-backgrounds/usr/share/backgrounds/gnome
Installing /blfs/builds/gnome-backgrounds-50.0/backgrounds/curvy-d.jxl to /pkgs/gnome-backgrounds/usr/share/backgrounds/gnome
Installing /blfs/builds/gnome-backgrounds-50.0/backgrounds/curvy-l.jxl to /pkgs/gnome-backgrounds/usr/share/backgrounds/gnome
Installing /blfs/builds/gnome-backgrounds-50.0/backgrounds/dithered-sun-d.jxl to /pkgs/gnome-backgrounds/usr/share/backgrounds/gnome
Installing /blfs/builds/gnome-backgrounds-50.0/backgrounds/dithered-sun-l.jxl to /pkgs/gnome-backgrounds/usr/share/backgrounds/gnome
Installing /blfs/builds/gnome-backgrounds-50.0/backgrounds/drool-d.svg to /pkgs/gnome-backgrounds/usr/share/backgrounds/gnome
Installing /blfs/builds/gnome-backgrounds-50.0/backgrounds/drool-l.svg to /pkgs/gnome-backgrounds/usr/share/backgrounds/gnome
Installing /blfs/builds/gnome-backgrounds-50.0/backgrounds/fold-d.jxl to /pkgs/gnome-backgrounds/usr/share/backgrounds/gnome
Installing /blfs/builds/gnome-backgrounds-50.0/backgrounds/fold-l.jxl to /pkgs/gnome-backgrounds/usr/share/backgrounds/gnome
Installing /blfs/builds/gnome-backgrounds-50.0/backgrounds/glass-chip-d.jxl to /pkgs/gnome-backgrounds/usr/share/backgrounds/gnome
Installing /blfs/builds/gnome-backgrounds-50.0/backgrounds/glass-chip-l.jxl to /pkgs/gnome-backgrounds/usr/share/backgrounds/gnome
Installing /blfs/builds/gnome-backgrounds-50.0/backgrounds/lcd-rainbow-d.jxl to /pkgs/gnome-backgrounds/usr/share/backgrounds/gnome
Installing /blfs/builds/gnome-backgrounds-50.0/backgrounds/lcd-rainbow-l.jxl to /pkgs/gnome-backgrounds/usr/share/backgrounds/gnome
Installing /blfs/builds/gnome-backgrounds-50.0/backgrounds/map-d.svg to /pkgs/gnome-backgrounds/usr/share/backgrounds/gnome
Installing /blfs/builds/gnome-backgrounds-50.0/backgrounds/map-l.svg to /pkgs/gnome-backgrounds/usr/share/backgrounds/gnome
Installing /blfs/builds/gnome-backgrounds-50.0/backgrounds/morphogenesis-d.svg to /pkgs/gnome-backgrounds/usr/share/backgrounds/gnome
Installing /blfs/builds/gnome-backgrounds-50.0/backgrounds/morphogenesis-l.svg to /pkgs/gnome-backgrounds/usr/share/backgrounds/gnome
Installing /blfs/builds/gnome-backgrounds-50.0/backgrounds/pills-d.jxl to /pkgs/gnome-backgrounds/usr/share/backgrounds/gnome
Installing /blfs/builds/gnome-backgrounds-50.0/backgrounds/pills-l.jxl to /pkgs/gnome-backgrounds/usr/share/backgrounds/gnome
Installing /blfs/builds/gnome-backgrounds-50.0/backgrounds/pixel-pusher-d.jxl to /pkgs/gnome-backgrounds/usr/share/backgrounds/gnome
Installing /blfs/builds/gnome-backgrounds-50.0/backgrounds/pixel-pusher-l.jxl to /pkgs/gnome-backgrounds/usr/share/backgrounds/gnome
Installing /blfs/builds/gnome-backgrounds-50.0/backgrounds/pixels-d.jxl to /pkgs/gnome-backgrounds/usr/share/backgrounds/gnome
Installing /blfs/builds/gnome-backgrounds-50.0/backgrounds/pixels-l.jxl to /pkgs/gnome-backgrounds/usr/share/backgrounds/gnome
Installing /blfs/builds/gnome-backgrounds-50.0/backgrounds/progress-d.jxl to /pkgs/gnome-backgrounds/usr/share/backgrounds/gnome
Installing /blfs/builds/gnome-backgrounds-50.0/backgrounds/progress-l.jxl to /pkgs/gnome-backgrounds/usr/share/backgrounds/gnome
Installing /blfs/builds/gnome-backgrounds-50.0/backgrounds/sheet-d.jxl to /pkgs/gnome-backgrounds/usr/share/backgrounds/gnome
Installing /blfs/builds/gnome-backgrounds-50.0/backgrounds/sheet-l.jxl to /pkgs/gnome-backgrounds/usr/share/backgrounds/gnome
Installing /blfs/builds/gnome-backgrounds-50.0/backgrounds/symbolic-d.jxl to /pkgs/gnome-backgrounds/usr/share/backgrounds/gnome
Installing /blfs/builds/gnome-backgrounds-50.0/backgrounds/symbolic-l.jxl to /pkgs/gnome-backgrounds/usr/share/backgrounds/gnome
Installing /blfs/builds/gnome-backgrounds-50.0/backgrounds/tarka-d.jxl to /pkgs/gnome-backgrounds/usr/share/backgrounds/gnome
Installing /blfs/builds/gnome-backgrounds-50.0/backgrounds/tarka-l.jxl to /pkgs/gnome-backgrounds/usr/share/backgrounds/gnome
Installing /blfs/builds/gnome-backgrounds-50.0/backgrounds/tarkov-pills-d.jxl to /pkgs/gnome-backgrounds/usr/share/backgrounds/gnome
Installing /blfs/builds/gnome-backgrounds-50.0/backgrounds/tarkov-pills-l.jxl to /pkgs/gnome-backgrounds/usr/share/backgrounds/gnome
Installing /blfs/builds/gnome-backgrounds-50.0/backgrounds/tubes-d.jxl to /pkgs/gnome-backgrounds/usr/share/backgrounds/gnome
Installing /blfs/builds/gnome-backgrounds-50.0/backgrounds/tubes-l.jxl to /pkgs/gnome-backgrounds/usr/share/backgrounds/gnome
Installing /blfs/builds/gnome-backgrounds-50.0/backgrounds/vnc-d.png to /pkgs/gnome-backgrounds/usr/share/backgrounds/gnome
Installing /blfs/builds/gnome-backgrounds-50.0/backgrounds/vnc-l.png to /pkgs/gnome-backgrounds/usr/share/backgrounds/gnome
Installing /blfs/builds/gnome-backgrounds-50.0/build/backgrounds/adwaita.xml to /pkgs/gnome-backgrounds/usr/share/gnome-background-properties
Installing /blfs/builds/gnome-backgrounds-50.0/build/backgrounds/amber.xml to /pkgs/gnome-backgrounds/usr/share/gnome-background-properties
Installing /blfs/builds/gnome-backgrounds-50.0/build/backgrounds/balls.xml to /pkgs/gnome-backgrounds/usr/share/gnome-background-properties
Installing /blfs/builds/gnome-backgrounds-50.0/build/backgrounds/blobs.xml to /pkgs/gnome-backgrounds/usr/share/gnome-background-properties
Installing /blfs/builds/gnome-backgrounds-50.0/build/backgrounds/blendpills.xml to /pkgs/gnome-backgrounds/usr/share/gnome-background-properties
Installing /blfs/builds/gnome-backgrounds-50.0/build/backgrounds/curvy.xml to /pkgs/gnome-backgrounds/usr/share/gnome-background-properties
Installing /blfs/builds/gnome-backgrounds-50.0/build/backgrounds/dithered-sun.xml to /pkgs/gnome-backgrounds/usr/share/gnome-background-properties
Installing /blfs/builds/gnome-backgrounds-50.0/build/backgrounds/drool.xml to /pkgs/gnome-backgrounds/usr/share/gnome-background-properties
Installing /blfs/builds/gnome-backgrounds-50.0/build/backgrounds/fold.xml to /pkgs/gnome-backgrounds/usr/share/gnome-background-properties
Installing /blfs/builds/gnome-backgrounds-50.0/build/backgrounds/glass-chip.xml to /pkgs/gnome-backgrounds/usr/share/gnome-background-properties
Installing /blfs/builds/gnome-backgrounds-50.0/build/backgrounds/lcd-rainbow.xml to /pkgs/gnome-backgrounds/usr/share/gnome-background-properties
Installing /blfs/builds/gnome-backgrounds-50.0/build/backgrounds/map.xml to /pkgs/gnome-backgrounds/usr/share/gnome-background-properties
Installing /blfs/builds/gnome-backgrounds-50.0/build/backgrounds/morphogenesis.xml to /pkgs/gnome-backgrounds/usr/share/gnome-background-properties
Installing /blfs/builds/gnome-backgrounds-50.0/build/backgrounds/pills.xml to /pkgs/gnome-backgrounds/usr/share/gnome-background-properties
Installing /blfs/builds/gnome-backgrounds-50.0/build/backgrounds/pixel-pusher.xml to /pkgs/gnome-backgrounds/usr/share/gnome-background-properties
Installing /blfs/builds/gnome-backgrounds-50.0/build/backgrounds/pixels.xml to /pkgs/gnome-backgrounds/usr/share/gnome-background-properties
Installing /blfs/builds/gnome-backgrounds-50.0/build/backgrounds/progress.xml to /pkgs/gnome-backgrounds/usr/share/gnome-background-properties
Installing /blfs/builds/gnome-backgrounds-50.0/build/backgrounds/sheet.xml to /pkgs/gnome-backgrounds/usr/share/gnome-background-properties
Installing /blfs/builds/gnome-backgrounds-50.0/build/backgrounds/symbolic.xml to /pkgs/gnome-backgrounds/usr/share/gnome-background-properties
Installing /blfs/builds/gnome-backgrounds-50.0/build/backgrounds/tarka.xml to /pkgs/gnome-backgrounds/usr/share/gnome-background-properties
Installing /blfs/builds/gnome-backgrounds-50.0/build/backgrounds/tarkov-pills.xml to /pkgs/gnome-backgrounds/usr/share/gnome-background-properties
Installing /blfs/builds/gnome-backgrounds-50.0/build/backgrounds/tubes.xml to /pkgs/gnome-backgrounds/usr/share/gnome-background-properties
Installing /blfs/builds/gnome-backgrounds-50.0/build/backgrounds/vnc.xml to /pkgs/gnome-backgrounds/usr/share/gnome-background-properties
gnome-backgrounds/
gnome-backgrounds/usr/
gnome-backgrounds/usr/share/
gnome-backgrounds/usr/share/backgrounds/
gnome-backgrounds/usr/share/backgrounds/gnome/
gnome-backgrounds/usr/share/backgrounds/gnome/curvy-l.jxl
gnome-backgrounds/usr/share/backgrounds/gnome/curvy-d.jxl
gnome-backgrounds/usr/share/backgrounds/gnome/sheet-d.jxl
gnome-backgrounds/usr/share/backgrounds/gnome/dithered-sun-d.jxl
gnome-backgrounds/usr/share/backgrounds/gnome/progress-d.jxl
gnome-backgrounds/usr/share/backgrounds/gnome/tarka-l.jxl
gnome-backgrounds/usr/share/backgrounds/gnome/adwaita-d.jxl
gnome-backgrounds/usr/share/backgrounds/gnome/tubes-l.jxl
gnome-backgrounds/usr/share/backgrounds/gnome/drool-d.svg
gnome-backgrounds/usr/share/backgrounds/gnome/pills-d.jxl
gnome-backgrounds/usr/share/backgrounds/gnome/lcd-rainbow-l.jxl
gnome-backgrounds/usr/share/backgrounds/gnome/adwaita-l.jxl
gnome-backgrounds/usr/share/backgrounds/gnome/pills-l.jxl
gnome-backgrounds/usr/share/backgrounds/gnome/pixels-l.jxl
gnome-backgrounds/usr/share/backgrounds/gnome/fold-l.jxl
gnome-backgrounds/usr/share/backgrounds/gnome/sheet-l.jxl
gnome-backgrounds/usr/share/backgrounds/gnome/vnc-l.png
gnome-backgrounds/usr/share/backgrounds/gnome/glass-chip-d.jxl
gnome-backgrounds/usr/share/backgrounds/gnome/pixels-d.jxl
gnome-backgrounds/usr/share/backgrounds/gnome/map-l.svg
gnome-backgrounds/usr/share/backgrounds/gnome/tarka-d.jxl
gnome-backgrounds/usr/share/backgrounds/gnome/symbolic-d.jxl
gnome-backgrounds/usr/share/backgrounds/gnome/balls-d.jxl
gnome-backgrounds/usr/share/backgrounds/gnome/map-d.svg
gnome-backgrounds/usr/share/backgrounds/gnome/progress-l.jxl
gnome-backgrounds/usr/share/backgrounds/gnome/pixel-pusher-d.jxl
gnome-backgrounds/usr/share/backgrounds/gnome/morphogenesis-l.svg
gnome-backgrounds/usr/share/backgrounds/gnome/tarkov-pills-d.jxl
gnome-backgrounds/usr/share/backgrounds/gnome/amber-d.jxl
gnome-backgrounds/usr/share/backgrounds/gnome/tarkov-pills-l.jxl
gnome-backgrounds/usr/share/backgrounds/gnome/symbolic-l.jxl
gnome-backgrounds/usr/share/backgrounds/gnome/dithered-sun-l.jxl
gnome-backgrounds/usr/share/backgrounds/gnome/amber-l.jxl
gnome-backgrounds/usr/share/backgrounds/gnome/pixel-pusher-l.jxl
gnome-backgrounds/usr/share/backgrounds/gnome/blobs-d.svg
gnome-backgrounds/usr/share/backgrounds/gnome/vnc-d.png
gnome-backgrounds/usr/share/backgrounds/gnome/fold-d.jxl
gnome-backgrounds/usr/share/backgrounds/gnome/blobs-l.svg
gnome-backgrounds/usr/share/backgrounds/gnome/lcd-rainbow-d.jxl
gnome-backgrounds/usr/share/backgrounds/gnome/morphogenesis-d.svg
gnome-backgrounds/usr/share/backgrounds/gnome/blendpills-l.jxl
gnome-backgrounds/usr/share/backgrounds/gnome/balls-l.jxl
gnome-backgrounds/usr/share/backgrounds/gnome/glass-chip-l.jxl
gnome-backgrounds/usr/share/backgrounds/gnome/tubes-d.jxl
gnome-backgrounds/usr/share/backgrounds/gnome/blendpills-d.jxl
gnome-backgrounds/usr/share/backgrounds/gnome/drool-l.svg
gnome-backgrounds/usr/share/gnome-background-properties/
gnome-backgrounds/usr/share/gnome-background-properties/pills.xml
gnome-backgrounds/usr/share/gnome-background-properties/dithered-sun.xml
gnome-backgrounds/usr/share/gnome-background-properties/glass-chip.xml
gnome-backgrounds/usr/share/gnome-background-properties/adwaita.xml
gnome-backgrounds/usr/share/gnome-background-properties/blobs.xml
gnome-backgrounds/usr/share/gnome-background-properties/pixels.xml
gnome-backgrounds/usr/share/gnome-background-properties/balls.xml
gnome-backgrounds/usr/share/gnome-background-properties/curvy.xml
gnome-backgrounds/usr/share/gnome-background-properties/lcd-rainbow.xml
gnome-backgrounds/usr/share/gnome-background-properties/tarkov-pills.xml
gnome-backgrounds/usr/share/gnome-background-properties/sheet.xml
gnome-backgrounds/usr/share/gnome-background-properties/drool.xml
gnome-backgrounds/usr/share/gnome-background-properties/blendpills.xml
gnome-backgrounds/usr/share/gnome-background-properties/map.xml
gnome-backgrounds/usr/share/gnome-background-properties/amber.xml
gnome-backgrounds/usr/share/gnome-background-properties/tubes.xml
gnome-backgrounds/usr/share/gnome-background-properties/tarka.xml
gnome-backgrounds/usr/share/gnome-background-properties/fold.xml
gnome-backgrounds/usr/share/gnome-background-properties/morphogenesis.xml
gnome-backgrounds/usr/share/gnome-background-properties/progress.xml
gnome-backgrounds/usr/share/gnome-background-properties/vnc.xml
gnome-backgrounds/usr/share/gnome-background-properties/pixel-pusher.xml
gnome-backgrounds/usr/share/gnome-background-properties/symbolic.xml
gnome-backgrounds/version
gnome-backgrounds/postinst
gnome-backgrounds/depends
