--2026-04-07 07:13:05--  https://www.kernel.org/pub/linux/libs/security/linux-privs/libcap2/libcap-2.78.tar.xz
Resolving www.kernel.org (www.kernel.org)... 151.101.1.55, 151.101.129.55, 151.101.65.55, ...
Connecting to www.kernel.org (www.kernel.org)|151.101.1.55|:443... connected.
HTTP request sent, awaiting response... 200 OK
Length: 201040 (196K) [application/x-xz]
Saving to: ‘libcap-2.78.tar.xz.1’

     0K .......... .......... .......... .......... .......... 25% 6.30M 0s
    50K .......... .......... .......... .......... .......... 50% 10.8M 0s
   100K .......... .......... .......... .......... .......... 76% 6.70M 0s
   150K .......... .......... .......... .......... ......    100% 11.3M=0.02s

2026-04-07 07:13:05 (8.13 MB/s) - ‘libcap-2.78.tar.xz.1’ saved [201040/201040]

libcap-2.78/cap/
libcap-2.78/cap/convenience.go
libcap-2.78/cap/legacy.go
libcap-2.78/cap/flags.go
libcap-2.78/cap/launch.go
libcap-2.78/cap/text.go
libcap-2.78/cap/syscalls.go
libcap-2.78/cap/modern.go
libcap-2.78/cap/License
libcap-2.78/cap/names.go
libcap-2.78/cap/README
libcap-2.78/cap/cap.go
libcap-2.78/cap/oslockluster.go
libcap-2.78/cap/oslocks.go
libcap-2.78/cap/cap_examples_test.go
libcap-2.78/cap/iab.go
libcap-2.78/cap/cap_test.go
libcap-2.78/cap/cap_file_test.go
libcap-2.78/cap/fd.go
libcap-2.78/cap/fdlegacy.go
libcap-2.78/cap/file.go
libcap-2.78/cap/go.mod
libcap-2.78/CHANGELOG
libcap-2.78/contrib/
libcap-2.78/contrib/capso/
libcap-2.78/contrib/capso/Makefile
libcap-2.78/contrib/capso/capso.h
libcap-2.78/contrib/capso/bind.c
libcap-2.78/contrib/capso/.gitignore
libcap-2.78/contrib/capso/capso.c
libcap-2.78/contrib/capso/README.md
libcap-2.78/contrib/Makefile
libcap-2.78/contrib/sucap/
libcap-2.78/contrib/sucap/sucap.pamconfig
libcap-2.78/contrib/sucap/Makefile
libcap-2.78/contrib/sucap/su.c
libcap-2.78/contrib/sucap/README.md
libcap-2.78/contrib/pcaps4server
libcap-2.78/contrib/pcaps4suid0
libcap-2.78/contrib/pcaps4convenience
libcap-2.78/contrib/bug400591/
libcap-2.78/contrib/bug400591/bug.c
libcap-2.78/contrib/bug400591/Makefile
libcap-2.78/contrib/seccomp/
libcap-2.78/contrib/seccomp/.gitignore
libcap-2.78/contrib/seccomp/Makefile
libcap-2.78/contrib/seccomp/explore.go
libcap-2.78/contrib/seccomp/go.mod
libcap-2.78/contrib/bug216610/
libcap-2.78/contrib/bug216610/go/
libcap-2.78/contrib/bug216610/go/fibber/
libcap-2.78/contrib/bug216610/go/fibber/fib.go
libcap-2.78/contrib/bug216610/go/fibber/fibs_linux_amd64.s
libcap-2.78/contrib/bug216610/go/fibber/fibs_linux_arm.s
libcap-2.78/contrib/bug216610/go/.gitignore
libcap-2.78/contrib/bug216610/go/main.go
libcap-2.78/contrib/bug216610/go/go.mod
libcap-2.78/contrib/bug216610/c/
libcap-2.78/contrib/bug216610/c/fib.c
libcap-2.78/contrib/bug216610/c/build.sh
libcap-2.78/contrib/bug216610/c/gcc.sh
libcap-2.78/contrib/bug216610/shared/
libcap-2.78/contrib/bug216610/.gitignore
libcap-2.78/contrib/bug216610/Makefile
libcap-2.78/contrib/bug216610/README.md
libcap-2.78/contrib/bug216610/package_fns.sh
libcap-2.78/contrib/bug216610/Dockerfile
libcap-2.78/contrib/bug216610/mkdocker.sh
libcap-2.78/contrib/bug218607/
libcap-2.78/contrib/bug218607/.gitignore
libcap-2.78/contrib/bug218607/Makefile
libcap-2.78/contrib/bug218607/thread.cpp
libcap-2.78/distcheck.sh
libcap-2.78/doc/
libcap-2.78/doc/cap_max_bits.3
libcap-2.78/doc/cap_get_pid.3
libcap-2.78/doc/cap_compare.3
libcap-2.78/doc/cap_iab_init.3
libcap-2.78/doc/cap_set_file.3
libcap-2.78/doc/cap_size.3
libcap-2.78/doc/psx_syscall3.3
libcap-2.78/doc/values/
libcap-2.78/doc/values/34.txt
libcap-2.78/doc/values/28.txt
libcap-2.78/doc/values/23.txt
libcap-2.78/doc/values/21.txt
libcap-2.78/doc/values/31.txt
libcap-2.78/doc/values/9.txt
libcap-2.78/doc/values/39.txt
libcap-2.78/doc/values/0.txt
libcap-2.78/doc/values/6.txt
libcap-2.78/doc/values/10.txt
libcap-2.78/doc/values/26.txt
libcap-2.78/doc/values/15.txt
libcap-2.78/doc/values/38.txt
libcap-2.78/doc/values/2.txt
libcap-2.78/doc/values/37.txt
libcap-2.78/doc/values/7.txt
libcap-2.78/doc/values/27.txt
libcap-2.78/doc/values/1.txt
libcap-2.78/doc/values/24.txt
libcap-2.78/doc/values/33.txt
libcap-2.78/doc/values/35.txt
libcap-2.78/doc/values/36.txt
libcap-2.78/doc/values/32.txt
libcap-2.78/doc/values/20.txt
libcap-2.78/doc/values/8.txt
libcap-2.78/doc/values/12.txt
libcap-2.78/doc/values/4.txt
libcap-2.78/doc/values/5.txt
libcap-2.78/doc/values/16.txt
libcap-2.78/doc/values/14.txt
libcap-2.78/doc/values/11.txt
libcap-2.78/doc/values/17.txt
libcap-2.78/doc/values/18.txt
libcap-2.78/doc/values/40.txt
libcap-2.78/doc/values/19.txt
libcap-2.78/doc/values/30.txt
libcap-2.78/doc/values/25.txt
libcap-2.78/doc/values/22.txt
libcap-2.78/doc/values/13.txt
libcap-2.78/doc/values/29.txt
libcap-2.78/doc/values/3.txt
libcap-2.78/doc/cap_iab_to_text.3
libcap-2.78/doc/cap_get_fd.3
libcap-2.78/doc/cap_func_launcher.3
libcap-2.78/doc/psx_syscall6.3
libcap-2.78/doc/cap_set_proc.3
libcap-2.78/doc/capsetp.3
libcap-2.78/doc/cap_fill.3
libcap-2.78/doc/cap_clear_flag.3
libcap-2.78/doc/cap_set_fd.3
libcap-2.78/doc/cap_drop_bound.3
libcap-2.78/doc/old/
libcap-2.78/doc/old/_setfilecap.2
libcap-2.78/doc/old/_setproccap.2
libcap-2.78/doc/old/_getfilecap.2
libcap-2.78/doc/old/_fsetfilecap.2
libcap-2.78/doc/old/_getproccap.2
libcap-2.78/doc/old/_fgetfilecap.2
libcap-2.78/doc/old/README
libcap-2.78/doc/cap_get_flag.3
libcap-2.78/doc/cap_set_mode.3
libcap-2.78/doc/cap_launcher_setuid.3
libcap-2.78/doc/cap_to_name.3
libcap-2.78/doc/capgetp.3
libcap-2.78/doc/cap_set_secbits.3
libcap-2.78/doc/cap_set_ambient.3
libcap-2.78/doc/cap_iab_get_pid.3
libcap-2.78/doc/cap_new_launcher.3
libcap-2.78/doc/cap_get_mode.3
libcap-2.78/doc/cap_iab_fill.3
libcap-2.78/doc/cap_mode.3
libcap-2.78/doc/cap_launcher_set_mode.3
libcap-2.78/doc/md2html.lua
libcap-2.78/doc/cap_iab_get_proc.3
libcap-2.78/doc/cap_get_bound.3
libcap-2.78/doc/cap_free.3
libcap-2.78/doc/cap_get_ambient.3
libcap-2.78/doc/cap_iab_from_text.3
libcap-2.78/doc/cap_iab_get_vector.3
libcap-2.78/doc/cap_reset_ambient.3
libcap-2.78/doc/cap_iab_set_vector.3
libcap-2.78/doc/cap_get_secbits.3
libcap-2.78/doc/cap_copy_int.3
libcap-2.78/doc/cap_iab_set_proc.3
libcap-2.78/doc/cap_mode_name.3
libcap-2.78/doc/cap_launcher_callback.3
libcap-2.78/doc/cap_launcher_set_iab.3
libcap-2.78/doc/cap_launcher_setgroups.3
libcap-2.78/doc/cap_from_name.3
libcap-2.78/doc/cap_set_flag.3
libcap-2.78/doc/psx_set_sensitivity.3
libcap-2.78/doc/cap_setuid.3
libcap-2.78/doc/cap_launcher_set_chroot.3
libcap-2.78/doc/cap_to_text.3
libcap-2.78/doc/cap_iab_dup.3
libcap-2.78/doc/cap_dup.3
libcap-2.78/doc/cap_setgroups.3
libcap-2.78/doc/psx_syscall.3
libcap-2.78/doc/cap_init.3
libcap-2.78/doc/cap_iab_compare.3
libcap-2.78/doc/cap_fill_flag.3
libcap-2.78/doc/cap_clear.3
libcap-2.78/doc/cap_get_file.3
libcap-2.78/doc/cap_get_nsowner.3
libcap-2.78/doc/cap_prctl.3
libcap-2.78/doc/cap_prctlw.3
libcap-2.78/doc/cap_proc_root.3
libcap-2.78/doc/cap_set_nsowner.3
libcap-2.78/doc/crosslink.sh
libcap-2.78/doc/libcap.3
libcap-2.78/doc/__psx_syscall.3
libcap-2.78/doc/cap_copy_ext.3
libcap-2.78/doc/cap_copy_int_check.3
libcap-2.78/doc/cap_set_syscall.3
libcap-2.78/doc/capability.md
libcap-2.78/doc/psx_load_syscalls.3
libcap-2.78/doc/cap_launch.3
libcap-2.78/doc/getcap.8
libcap-2.78/doc/libpsx.3
libcap-2.78/doc/cap_get_proc.3
libcap-2.78/doc/Makefile
libcap-2.78/doc/cap_from_text.3
libcap-2.78/doc/cap_iab.3
libcap-2.78/doc/cap_text_formats.7
libcap-2.78/doc/capability.conf.5
libcap-2.78/doc/capsh.1
libcap-2.78/doc/captree.8
libcap-2.78/doc/getpcaps.8
libcap-2.78/doc/mkmd.sh
libcap-2.78/doc/pam_cap.8
libcap-2.78/doc/setcap.8
libcap-2.78/go/
libcap-2.78/go/try-launching.go
libcap-2.78/go/cgo-required.sh
libcap-2.78/go/mismatch.go
libcap-2.78/go/psx-signals.go
libcap-2.78/go/b215283.go
libcap-2.78/go/b210613.go
libcap-2.78/go/go-mod-index.html
libcap-2.78/go/ok.go
libcap-2.78/go/psx-fd.go
libcap-2.78/go/mknames.go
libcap-2.78/go/.gitignore
libcap-2.78/go/iaber.go
libcap-2.78/go/compare-cap.go
libcap-2.78/go/Makefile
libcap-2.78/go/go.mod
libcap-2.78/goapps/
libcap-2.78/goapps/captree/
libcap-2.78/goapps/captree/captree.go
libcap-2.78/goapps/captree/go.mod
libcap-2.78/goapps/gowns/
libcap-2.78/goapps/gowns/gowns.go
libcap-2.78/goapps/gowns/go.mod
libcap-2.78/goapps/setid/
libcap-2.78/goapps/setid/setid.go
libcap-2.78/goapps/setid/go.mod
libcap-2.78/goapps/web/
libcap-2.78/goapps/web/web.go
libcap-2.78/goapps/web/README.md
libcap-2.78/goapps/web/go.mod
libcap-2.78/goapps/captrace/
libcap-2.78/goapps/captrace/captrace.go
libcap-2.78/goapps/captrace/go.mod
libcap-2.78/gomods.sh
libcap-2.78/kdebug/
libcap-2.78/kdebug/exit.c
libcap-2.78/kdebug/Makefile
libcap-2.78/kdebug/test-passwd
libcap-2.78/kdebug/test-bash.sh
libcap-2.78/kdebug/test-init.sh
libcap-2.78/kdebug/test-prompt.sh
libcap-2.78/kdebug/test-kernel.sh
libcap-2.78/libcap/
libcap-2.78/libcap/empty.c
libcap-2.78/libcap/include/
libcap-2.78/libcap/include/uapi/
libcap-2.78/libcap/include/uapi/linux/
libcap-2.78/libcap/include/uapi/linux/securebits.h
libcap-2.78/libcap/include/uapi/linux/prctl.h
libcap-2.78/libcap/include/uapi/linux/capability.h
libcap-2.78/libcap/include/sys/
libcap-2.78/libcap/include/sys/securebits.h
libcap-2.78/libcap/include/sys/.gitignore
libcap-2.78/libcap/include/sys/capability.h
libcap-2.78/libcap/cap_extint.c
libcap-2.78/libcap/.gitignore
libcap-2.78/libcap/psx_exec.c
libcap-2.78/libcap/cap_flag.c
libcap-2.78/libcap/_makenames.c
libcap-2.78/libcap/cap_text.c
libcap-2.78/libcap/libcap.pc.in
libcap-2.78/libcap/cap_names.header
libcap-2.78/libcap/cap_test.c
libcap-2.78/libcap/cap_proc.c
libcap-2.78/libcap/cap_syscalls.c
libcap-2.78/libcap/libpsx.pc.in
libcap-2.78/libcap/cap_alloc.c
libcap-2.78/libcap/execable.c
libcap-2.78/libcap/execable.h
libcap-2.78/libcap/libcap.h
libcap-2.78/libcap/Makefile
libcap-2.78/libcap/cap_file.c
libcap-2.78/License
libcap-2.78/Makefile
libcap-2.78/Make.Rules
libcap-2.78/pam_cap/
libcap-2.78/pam_cap/lazylink.c
libcap-2.78/pam_cap/test.c
libcap-2.78/pam_cap/capability.conf
libcap-2.78/pam_cap/License
libcap-2.78/pam_cap/execable.c
libcap-2.78/pam_cap/.gitignore
libcap-2.78/pam_cap/Makefile
libcap-2.78/pam_cap/test_pam_cap.c
libcap-2.78/pam_cap/sudotest.conf
libcap-2.78/pam_cap/pam_cap.c
libcap-2.78/pgp.keys.asc
libcap-2.78/progs/
libcap-2.78/progs/old/
libcap-2.78/progs/old/sucap.c
libcap-2.78/progs/old/setpcaps.c
libcap-2.78/progs/old/execcap.c
libcap-2.78/progs/old/README
libcap-2.78/progs/getcap.c
libcap-2.78/progs/.gitignore
libcap-2.78/progs/capshdoc.h
libcap-2.78/progs/mkcapshdoc.sh
libcap-2.78/progs/capshdoc.c
libcap-2.78/progs/Makefile
libcap-2.78/progs/getpcaps.c
libcap-2.78/progs/capsh.c
libcap-2.78/progs/setcap.c
libcap-2.78/progs/quicktest.sh
libcap-2.78/psx/
libcap-2.78/psx/psx_cgo_test.go
libcap-2.78/psx/License
libcap-2.78/psx/wrap/
libcap-2.78/psx/wrap/psx_wrap.c
libcap-2.78/psx/psx.go
libcap-2.78/psx/psx_test.go
libcap-2.78/psx/libpsx.h
libcap-2.78/psx/psx_cgo.go
libcap-2.78/psx/README.md
libcap-2.78/psx/doc.go
libcap-2.78/psx/psx_churn_test.go
libcap-2.78/psx/psx.c
libcap-2.78/psx/psx_calls.c
libcap-2.78/psx/psx_syscall.h
libcap-2.78/psx/go.mod
libcap-2.78/README
libcap-2.78/template.c
libcap-2.78/tests/
libcap-2.78/tests/noop.c
libcap-2.78/tests/psx_test.c
libcap-2.78/tests/uns_test.c
libcap-2.78/tests/libcap_launch_test.c
libcap-2.78/tests/.gitignore
libcap-2.78/tests/Makefile
libcap-2.78/tests/libcap_psx_test.c
libcap-2.78/tests/weaver.h
libcap-2.78/tests/exploit.c
libcap-2.78/tests/b219174.c
libcap-2.78/tests/weaver.c
make -C libcap all
make[1]: Entering directory '/blfs/builds/libcap-2.78/libcap'
sed -e 's,@prefix@,/usr,' \
	-e 's,@exec_prefix@,/usr,' \
	-e 's,@libdir@,/usr/lib32,' \
	-e 's,@includedir@,/usr/include,' \
	-e 's,@VERSION@,2.78,' \
	-e 's,@deps@,,' \
	libcap.pc.in >libcap.pc
=> making cap_names.list.h from /blfs/builds/libcap-2.78/libcap/../libcap/include/uapi/linux/capability.h
grep -E '^#define\s+CAP_([^\s]+)\s+[0-9]+\s*$' include/uapi/linux/capability.h | sed -e 's/^#define\s\+/{"/' -e 's/\s*$/},/' -e 's/\s\+/",/' -e 'y/ABCDEFGHIJKLMNOPQRSTUVWXYZ/abcdefghijklmnopqrstuvwxyz/' > cap_names.list.h
make libpsx.pc
make[2]: Entering directory '/blfs/builds/libcap-2.78/libcap'
gcc -m32 -O2 -Dlinux -Wall -Wwrite-strings -Wpointer-arith -Wcast-qual -Wcast-align -Wstrict-prototypes -Wmissing-prototypes -Wnested-externs -Winline -Wshadow -Wunreachable-code  -D_LARGEFILE64_SOURCE -D_FILE_OFFSET_BITS=64 -I/blfs/builds/libcap-2.78/libcap/../libcap/include/uapi -I/blfs/builds/libcap-2.78/libcap/../libcap/include _makenames.c -o _makenames
(cat cap_names.header ; sed -e 's/[\{\}"]//g' -e 's/,$//' cap_names.list.h) | gperf --ignore-case --language=ANSI-C --readonly --null-strings --global-table --hash-function-name=__cap_hash_name --lookup-function-name="__cap_lookup_name" -c -t -m20  > _caps_output.gperf
sed -e 's/unsigned int len/size_t len/' -i _caps_output.gperf
sed -e 's,@prefix@,/usr,' \
	-e 's,@exec_prefix@,/usr,' \
	-e 's,@libdir@,/usr/lib32,' \
	-e 's,@includedir@,/usr/include,' \
	-e 's,@VERSION@,2.78,' \
	-e 's,@deps@,,' \
	libpsx.pc.in >libpsx.pc
make[2]: Leaving directory '/blfs/builds/libcap-2.78/libcap'
./_makenames > cap_names.h
gcc -m32 -O2  -Wall -Wwrite-strings -Wpointer-arith -Wcast-qual -Wcast-align -Wstrict-prototypes -Wmissing-prototypes -Wnested-externs -Winline -Wshadow -Wunreachable-code -Wall -Wwrite-strings -Wpointer-arith -Wcast-qual -Wcast-align -Wstrict-prototypes -Wmissing-prototypes -Wnested-externs -Winline -Wshadow -Wunreachable-code -fPIC -D_LIBPSX_PTHREAD_LINKAGE -Dlinux -D_LARGEFILE64_SOURCE -D_FILE_OFFSET_BITS=64 -I/blfs/builds/libcap-2.78/libcap/../libcap/include/uapi -I/blfs/builds/libcap-2.78/libcap/../libcap/include -c cap_alloc.c -o cap_alloc.o
gcc -m32 -O2  -Wall -Wwrite-strings -Wpointer-arith -Wcast-qual -Wcast-align -Wstrict-prototypes -Wmissing-prototypes -Wnested-externs -Winline -Wshadow -Wunreachable-code -Wall -Wwrite-strings -Wpointer-arith -Wcast-qual -Wcast-align -Wstrict-prototypes -Wmissing-prototypes -Wnested-externs -Winline -Wshadow -Wunreachable-code -fPIC -D_LIBPSX_PTHREAD_LINKAGE -Dlinux -D_LARGEFILE64_SOURCE -D_FILE_OFFSET_BITS=64 -I/blfs/builds/libcap-2.78/libcap/../libcap/include/uapi -I/blfs/builds/libcap-2.78/libcap/../libcap/include -c cap_proc.c -o cap_proc.o
gcc -m32 -O2  -Wall -Wwrite-strings -Wpointer-arith -Wcast-qual -Wcast-align -Wstrict-prototypes -Wmissing-prototypes -Wnested-externs -Winline -Wshadow -Wunreachable-code -Wall -Wwrite-strings -Wpointer-arith -Wcast-qual -Wcast-align -Wstrict-prototypes -Wmissing-prototypes -Wnested-externs -Winline -Wshadow -Wunreachable-code -fPIC -D_LIBPSX_PTHREAD_LINKAGE -Dlinux -D_LARGEFILE64_SOURCE -D_FILE_OFFSET_BITS=64 -I/blfs/builds/libcap-2.78/libcap/../libcap/include/uapi -I/blfs/builds/libcap-2.78/libcap/../libcap/include -c cap_extint.c -o cap_extint.o
gcc -m32 -O2  -Wall -Wwrite-strings -Wpointer-arith -Wcast-qual -Wcast-align -Wstrict-prototypes -Wmissing-prototypes -Wnested-externs -Winline -Wshadow -Wunreachable-code -Wall -Wwrite-strings -Wpointer-arith -Wcast-qual -Wcast-align -Wstrict-prototypes -Wmissing-prototypes -Wnested-externs -Winline -Wshadow -Wunreachable-code -fPIC -D_LIBPSX_PTHREAD_LINKAGE -Dlinux -D_LARGEFILE64_SOURCE -D_FILE_OFFSET_BITS=64 -I/blfs/builds/libcap-2.78/libcap/../libcap/include/uapi -I/blfs/builds/libcap-2.78/libcap/../libcap/include -c cap_flag.c -o cap_flag.o
gcc -m32 -O2  -Wall -Wwrite-strings -Wpointer-arith -Wcast-qual -Wcast-align -Wstrict-prototypes -Wmissing-prototypes -Wnested-externs -Winline -Wshadow -Wunreachable-code -Wall -Wwrite-strings -Wpointer-arith -Wcast-qual -Wcast-align -Wstrict-prototypes -Wmissing-prototypes -Wnested-externs -Winline -Wshadow -Wunreachable-code -fPIC -D_LIBPSX_PTHREAD_LINKAGE -Dlinux -D_LARGEFILE64_SOURCE -D_FILE_OFFSET_BITS=64 -I/blfs/builds/libcap-2.78/libcap/../libcap/include/uapi -I/blfs/builds/libcap-2.78/libcap/../libcap/include -DINCLUDE_GPERF_OUTPUT='"_caps_output.gperf"' -c cap_text.c -o cap_text.o
gcc -m32 -O2  -Wall -Wwrite-strings -Wpointer-arith -Wcast-qual -Wcast-align -Wstrict-prototypes -Wmissing-prototypes -Wnested-externs -Winline -Wshadow -Wunreachable-code -Wall -Wwrite-strings -Wpointer-arith -Wcast-qual -Wcast-align -Wstrict-prototypes -Wmissing-prototypes -Wnested-externs -Winline -Wshadow -Wunreachable-code -fPIC -D_LIBPSX_PTHREAD_LINKAGE -Dlinux -D_LARGEFILE64_SOURCE -D_FILE_OFFSET_BITS=64 -I/blfs/builds/libcap-2.78/libcap/../libcap/include/uapi -I/blfs/builds/libcap-2.78/libcap/../libcap/include -c cap_file.c -o cap_file.o
gcc -m32 -O2  -Wall -Wwrite-strings -Wpointer-arith -Wcast-qual -Wcast-align -Wstrict-prototypes -Wmissing-prototypes -Wnested-externs -Winline -Wshadow -Wunreachable-code -Wall -Wwrite-strings -Wpointer-arith -Wcast-qual -Wcast-align -Wstrict-prototypes -Wmissing-prototypes -Wnested-externs -Winline -Wshadow -Wunreachable-code -fPIC -D_LIBPSX_PTHREAD_LINKAGE -Dlinux -D_LARGEFILE64_SOURCE -D_FILE_OFFSET_BITS=64 -I/blfs/builds/libcap-2.78/libcap/../libcap/include/uapi -I/blfs/builds/libcap-2.78/libcap/../libcap/include -c cap_syscalls.c -o cap_syscalls.o
ar rcs libcap.a cap_alloc.o cap_proc.o cap_extint.o cap_flag.o cap_text.o cap_file.o cap_syscalls.o
ranlib libcap.a
make libcap.so
make[2]: Entering directory '/blfs/builds/libcap-2.78/libcap'
gcc -m32 -O2  -Wall -Wwrite-strings -Wpointer-arith -Wcast-qual -Wcast-align -Wstrict-prototypes -Wmissing-prototypes -Wnested-externs -Winline -Wshadow -Wunreachable-code -Wall -Wwrite-strings -Wpointer-arith -Wcast-qual -Wcast-align -Wstrict-prototypes -Wmissing-prototypes -Wnested-externs -Winline -Wshadow -Wunreachable-code -fPIC -D_LIBPSX_PTHREAD_LINKAGE -Wall -Wwrite-strings -Wpointer-arith -Wcast-qual -Wcast-align -Wstrict-prototypes -Wmissing-prototypes -Wnested-externs -Winline -Wshadow -Wunreachable-code -fPIC -D_LIBPSX_PTHREAD_LINKAGE -Dlinux -D_LARGEFILE64_SOURCE -D_FILE_OFFSET_BITS=64 -I/blfs/builds/libcap-2.78/libcap/../libcap/include/uapi -I/blfs/builds/libcap-2.78/libcap/../libcap/include  empty.c -o empty
objcopy --dump-section .interp=loader.txt empty /dev/null
gcc -m32 -O2  -Wall -Wwrite-strings -Wpointer-arith -Wcast-qual -Wcast-align -Wstrict-prototypes -Wmissing-prototypes -Wnested-externs -Winline -Wshadow -Wunreachable-code -Wall -Wwrite-strings -Wpointer-arith -Wcast-qual -Wcast-align -Wstrict-prototypes -Wmissing-prototypes -Wnested-externs -Winline -Wshadow -Wunreachable-code -fPIC -D_LIBPSX_PTHREAD_LINKAGE -Wall -Wwrite-strings -Wpointer-arith -Wcast-qual -Wcast-align -Wstrict-prototypes -Wmissing-prototypes -Wnested-externs -Winline -Wshadow -Wunreachable-code -fPIC -D_LIBPSX_PTHREAD_LINKAGE -Dlinux -D_LARGEFILE64_SOURCE -D_FILE_OFFSET_BITS=64 -I/blfs/builds/libcap-2.78/libcap/../libcap/include/uapi -I/blfs/builds/libcap-2.78/libcap/../libcap/include -DLIBRARY_VERSION=\"libcap-2.78\" -DSHARED_LOADER=\"/lib/ld-linux.so.2\" -include ./libcap.h -c execable.c -o cap_magic.o
gcc -m32 -Wl,-x -shared -Wl,-shared -O2  -Wall -Wwrite-strings -Wpointer-arith -Wcast-qual -Wcast-align -Wstrict-prototypes -Wmissing-prototypes -Wnested-externs -Winline -Wshadow -Wunreachable-code -Wall -Wwrite-strings -Wpointer-arith -Wcast-qual -Wcast-align -Wstrict-prototypes -Wmissing-prototypes -Wnested-externs -Winline -Wshadow -Wunreachable-code -fPIC -D_LIBPSX_PTHREAD_LINKAGE -Wall -Wwrite-strings -Wpointer-arith -Wcast-qual -Wcast-align -Wstrict-prototypes -Wmissing-prototypes -Wnested-externs -Winline -Wshadow -Wunreachable-code -fPIC -D_LIBPSX_PTHREAD_LINKAGE  -Wl,-soname,libcap.so.2 -o libcap.so.2.78 cap_alloc.o cap_proc.o cap_extint.o cap_flag.o cap_text.o cap_file.o cap_syscalls.o cap_magic.o -Wl,-e,__so_start
ln -sf libcap.so.2.78 libcap.so.2
ln -sf libcap.so.2 libcap.so
make[2]: Leaving directory '/blfs/builds/libcap-2.78/libcap'
make libpsx.a
make[2]: Entering directory '/blfs/builds/libcap-2.78/libcap'
gcc -m32 -O2  -Wall -Wwrite-strings -Wpointer-arith -Wcast-qual -Wcast-align -Wstrict-prototypes -Wmissing-prototypes -Wnested-externs -Winline -Wshadow -Wunreachable-code -Wall -Wwrite-strings -Wpointer-arith -Wcast-qual -Wcast-align -Wstrict-prototypes -Wmissing-prototypes -Wnested-externs -Winline -Wshadow -Wunreachable-code -fPIC -D_LIBPSX_PTHREAD_LINKAGE -Wall -Wwrite-strings -Wpointer-arith -Wcast-qual -Wcast-align -Wstrict-prototypes -Wmissing-prototypes -Wnested-externs -Winline -Wshadow -Wunreachable-code -fPIC -D_LIBPSX_PTHREAD_LINKAGE -Dlinux -D_LARGEFILE64_SOURCE -D_FILE_OFFSET_BITS=64 -I/blfs/builds/libcap-2.78/libcap/../libcap/include/uapi -I/blfs/builds/libcap-2.78/libcap/../libcap/include -c ../psx/psx.c -o ../psx/psx.o
gcc -m32 -O2  -Wall -Wwrite-strings -Wpointer-arith -Wcast-qual -Wcast-align -Wstrict-prototypes -Wmissing-prototypes -Wnested-externs -Winline -Wshadow -Wunreachable-code -Wall -Wwrite-strings -Wpointer-arith -Wcast-qual -Wcast-align -Wstrict-prototypes -Wmissing-prototypes -Wnested-externs -Winline -Wshadow -Wunreachable-code -fPIC -D_LIBPSX_PTHREAD_LINKAGE -Wall -Wwrite-strings -Wpointer-arith -Wcast-qual -Wcast-align -Wstrict-prototypes -Wmissing-prototypes -Wnested-externs -Winline -Wshadow -Wunreachable-code -fPIC -D_LIBPSX_PTHREAD_LINKAGE -Dlinux -D_LARGEFILE64_SOURCE -D_FILE_OFFSET_BITS=64 -I/blfs/builds/libcap-2.78/libcap/../libcap/include/uapi -I/blfs/builds/libcap-2.78/libcap/../libcap/include -c ../psx/psx_calls.c -o ../psx/psx_calls.o
gcc -m32 -O2  -Wall -Wwrite-strings -Wpointer-arith -Wcast-qual -Wcast-align -Wstrict-prototypes -Wmissing-prototypes -Wnested-externs -Winline -Wshadow -Wunreachable-code -Wall -Wwrite-strings -Wpointer-arith -Wcast-qual -Wcast-align -Wstrict-prototypes -Wmissing-prototypes -Wnested-externs -Winline -Wshadow -Wunreachable-code -fPIC -D_LIBPSX_PTHREAD_LINKAGE -Wall -Wwrite-strings -Wpointer-arith -Wcast-qual -Wcast-align -Wstrict-prototypes -Wmissing-prototypes -Wnested-externs -Winline -Wshadow -Wunreachable-code -fPIC -D_LIBPSX_PTHREAD_LINKAGE -Dlinux -D_LARGEFILE64_SOURCE -D_FILE_OFFSET_BITS=64 -I/blfs/builds/libcap-2.78/libcap/../libcap/include/uapi -I/blfs/builds/libcap-2.78/libcap/../libcap/include -c ../psx/wrap/psx_wrap.c -o ../psx/wrap/psx_wrap.o
rm -f include/sys/psx_syscall.h
ln -s ../../../psx/psx_syscall.h include/sys/psx_syscall.h
ar rcs libpsx.a ../psx/psx.o ../psx/psx_calls.o ../psx/wrap/psx_wrap.o
ranlib libpsx.a
make[2]: Leaving directory '/blfs/builds/libcap-2.78/libcap'
make libpsx.so
make[2]: Entering directory '/blfs/builds/libcap-2.78/libcap'
gcc -m32 -O2  -Wall -Wwrite-strings -Wpointer-arith -Wcast-qual -Wcast-align -Wstrict-prototypes -Wmissing-prototypes -Wnested-externs -Winline -Wshadow -Wunreachable-code -Wall -Wwrite-strings -Wpointer-arith -Wcast-qual -Wcast-align -Wstrict-prototypes -Wmissing-prototypes -Wnested-externs -Winline -Wshadow -Wunreachable-code -fPIC -D_LIBPSX_PTHREAD_LINKAGE -Wall -Wwrite-strings -Wpointer-arith -Wcast-qual -Wcast-align -Wstrict-prototypes -Wmissing-prototypes -Wnested-externs -Winline -Wshadow -Wunreachable-code -fPIC -D_LIBPSX_PTHREAD_LINKAGE -Dlinux -D_LARGEFILE64_SOURCE -D_FILE_OFFSET_BITS=64 -I/blfs/builds/libcap-2.78/libcap/../libcap/include/uapi -I/blfs/builds/libcap-2.78/libcap/../libcap/include -DLIBRARY_VERSION=\"libpsx-2.78\" -DSHARED_LOADER=\"/lib/ld-linux.so.2\" -c psx_exec.c -o psx_magic.o
gcc -m32 -Wl,-x -shared -Wl,-shared -O2  -Wall -Wwrite-strings -Wpointer-arith -Wcast-qual -Wcast-align -Wstrict-prototypes -Wmissing-prototypes -Wnested-externs -Winline -Wshadow -Wunreachable-code -Wall -Wwrite-strings -Wpointer-arith -Wcast-qual -Wcast-align -Wstrict-prototypes -Wmissing-prototypes -Wnested-externs -Winline -Wshadow -Wunreachable-code -fPIC -D_LIBPSX_PTHREAD_LINKAGE -Wall -Wwrite-strings -Wpointer-arith -Wcast-qual -Wcast-align -Wstrict-prototypes -Wmissing-prototypes -Wnested-externs -Winline -Wshadow -Wunreachable-code -fPIC -D_LIBPSX_PTHREAD_LINKAGE  -Wl,-soname,libpsx.so.2 -o libpsx.so.2.78 ../psx/psx.o ../psx/psx_calls.o ../psx/wrap/psx_wrap.o psx_magic.o -Wl,-e,__so_start -lpthread
ln -sf libpsx.so.2.78 libpsx.so.2
ln -sf libpsx.so.2 libpsx.so
make[2]: Leaving directory '/blfs/builds/libcap-2.78/libcap'
make[1]: Leaving directory '/blfs/builds/libcap-2.78/libcap'
make -C pam_cap all
make[1]: Entering directory '/blfs/builds/libcap-2.78/pam_cap'
gcc -m32 -O2  -Wall -Wwrite-strings -Wpointer-arith -Wcast-qual -Wcast-align -Wstrict-prototypes -Wmissing-prototypes -Wnested-externs -Winline -Wshadow -Wunreachable-code -Wall -Wwrite-strings -Wpointer-arith -Wcast-qual -Wcast-align -Wstrict-prototypes -Wmissing-prototypes -Wnested-externs -Winline -Wshadow -Wunreachable-code -fPIC -Dlinux -D_LARGEFILE64_SOURCE -D_FILE_OFFSET_BITS=64 -I/blfs/builds/libcap-2.78/pam_cap/../libcap/include/uapi -I/blfs/builds/libcap-2.78/pam_cap/../libcap/include  -c -o pam_cap.o pam_cap.c
gcc -m32 -O2  -Wall -Wwrite-strings -Wpointer-arith -Wcast-qual -Wcast-align -Wstrict-prototypes -Wmissing-prototypes -Wnested-externs -Winline -Wshadow -Wunreachable-code -Wall -Wwrite-strings -Wpointer-arith -Wcast-qual -Wcast-align -Wstrict-prototypes -Wmissing-prototypes -Wnested-externs -Winline -Wshadow -Wunreachable-code -fPIC -Dlinux -D_LARGEFILE64_SOURCE -D_FILE_OFFSET_BITS=64 -I/blfs/builds/libcap-2.78/pam_cap/../libcap/include/uapi -I/blfs/builds/libcap-2.78/pam_cap/../libcap/include -DLIBCAP_VERSION=\"libcap-2.78\" -DSHARED_LOADER=\"/lib/ld-linux.so.2\" -c execable.c -o execable.o
gcc -m32 -Wl,-x -shared -Wl,-shared -o lazylink.so -O2  -Wall -Wwrite-strings -Wpointer-arith -Wcast-qual -Wcast-align -Wstrict-prototypes -Wmissing-prototypes -Wnested-externs -Winline -Wshadow -Wunreachable-code -Wall -Wwrite-strings -Wpointer-arith -Wcast-qual -Wcast-align -Wstrict-prototypes -Wmissing-prototypes -Wnested-externs -Winline -Wshadow -Wunreachable-code -fPIC -Dlinux -D_LARGEFILE64_SOURCE -D_FILE_OFFSET_BITS=64 -I/blfs/builds/libcap-2.78/pam_cap/../libcap/include/uapi -I/blfs/builds/libcap-2.78/pam_cap/../libcap/include  lazylink.c -DSHARED_LOADER=\"/lib/ld-linux.so.2\" -Wl,-e,__so_start
make -C ../libcap all
make[2]: Entering directory '/blfs/builds/libcap-2.78/libcap'
make libpsx.pc
make[3]: Entering directory '/blfs/builds/libcap-2.78/libcap'
make[3]: 'libpsx.pc' is up to date.
make[3]: Leaving directory '/blfs/builds/libcap-2.78/libcap'
make libcap.so
make[3]: Entering directory '/blfs/builds/libcap-2.78/libcap'
make[3]: 'libcap.so' is up to date.
make[3]: Leaving directory '/blfs/builds/libcap-2.78/libcap'
make libpsx.a
make[3]: Entering directory '/blfs/builds/libcap-2.78/libcap'
make[3]: 'libpsx.a' is up to date.
make[3]: Leaving directory '/blfs/builds/libcap-2.78/libcap'
make libpsx.so
make[3]: Entering directory '/blfs/builds/libcap-2.78/libcap'
make[3]: 'libpsx.so' is up to date.
make[3]: Leaving directory '/blfs/builds/libcap-2.78/libcap'
make[2]: Leaving directory '/blfs/builds/libcap-2.78/libcap'
touch LIBCAP
echo "-Wl,-e,__so_start" > pam_cap_linkopts
./lazylink.so || echo "-lpam" >> pam_cap_linkopts
cat pam_cap_linkopts | xargs -e gcc -m32 -Wl,-x -shared -Wl,-shared  -o pam_cap.so pam_cap.o execable.o -L/blfs/builds/libcap-2.78/pam_cap/../libcap -lcap
make testlink
make[2]: Entering directory '/blfs/builds/libcap-2.78/pam_cap'
gcc -m32 -O2  -Wall -Wwrite-strings -Wpointer-arith -Wcast-qual -Wcast-align -Wstrict-prototypes -Wmissing-prototypes -Wnested-externs -Winline -Wshadow -Wunreachable-code -Wall -Wwrite-strings -Wpointer-arith -Wcast-qual -Wcast-align -Wstrict-prototypes -Wmissing-prototypes -Wnested-externs -Winline -Wshadow -Wunreachable-code -fPIC -Wall -Wwrite-strings -Wpointer-arith -Wcast-qual -Wcast-align -Wstrict-prototypes -Wmissing-prototypes -Wnested-externs -Winline -Wshadow -Wunreachable-code -fPIC -Dlinux -D_LARGEFILE64_SOURCE -D_FILE_OFFSET_BITS=64 -I/blfs/builds/libcap-2.78/pam_cap/../libcap/include/uapi -I/blfs/builds/libcap-2.78/pam_cap/../libcap/include  -c -o test.o test.c
gcc -m32 -O2  -Wall -Wwrite-strings -Wpointer-arith -Wcast-qual -Wcast-align -Wstrict-prototypes -Wmissing-prototypes -Wnested-externs -Winline -Wshadow -Wunreachable-code -Wall -Wwrite-strings -Wpointer-arith -Wcast-qual -Wcast-align -Wstrict-prototypes -Wmissing-prototypes -Wnested-externs -Winline -Wshadow -Wunreachable-code -fPIC -Wall -Wwrite-strings -Wpointer-arith -Wcast-qual -Wcast-align -Wstrict-prototypes -Wmissing-prototypes -Wnested-externs -Winline -Wshadow -Wunreachable-code -fPIC  -o testlink test.o pam_cap.o -lpam -ldl -L/blfs/builds/libcap-2.78/pam_cap/../libcap -lcap
make[2]: Leaving directory '/blfs/builds/libcap-2.78/pam_cap'
make[1]: Leaving directory '/blfs/builds/libcap-2.78/pam_cap'
make -C tests all
make[1]: Entering directory '/blfs/builds/libcap-2.78/tests'
leave test building to test target
make[1]: Leaving directory '/blfs/builds/libcap-2.78/tests'
make -C progs all
make[1]: Entering directory '/blfs/builds/libcap-2.78/progs'
gcc -m32 -O2  -Wall -Wwrite-strings -Wpointer-arith -Wcast-qual -Wcast-align -Wstrict-prototypes -Wmissing-prototypes -Wnested-externs -Winline -Wshadow -Wunreachable-code -Wall -Wwrite-strings -Wpointer-arith -Wcast-qual -Wcast-align -Wstrict-prototypes -Wmissing-prototypes -Wnested-externs -Winline -Wshadow -Wunreachable-code -Dlinux -D_LARGEFILE64_SOURCE -D_FILE_OFFSET_BITS=64 -I/blfs/builds/libcap-2.78/progs/../libcap/include/uapi -I/blfs/builds/libcap-2.78/progs/../libcap/include -c getpcaps.c -o getpcaps.o
gcc -m32 -O2  -Wall -Wwrite-strings -Wpointer-arith -Wcast-qual -Wcast-align -Wstrict-prototypes -Wmissing-prototypes -Wnested-externs -Winline -Wshadow -Wunreachable-code -Wall -Wwrite-strings -Wpointer-arith -Wcast-qual -Wcast-align -Wstrict-prototypes -Wmissing-prototypes -Wnested-externs -Winline -Wshadow -Wunreachable-code -Dlinux -D_LARGEFILE64_SOURCE -D_FILE_OFFSET_BITS=64 -I/blfs/builds/libcap-2.78/progs/../libcap/include/uapi -I/blfs/builds/libcap-2.78/progs/../libcap/include -c getcap.c -o getcap.o
gcc -m32 -O2  -Wall -Wwrite-strings -Wpointer-arith -Wcast-qual -Wcast-align -Wstrict-prototypes -Wmissing-prototypes -Wnested-externs -Winline -Wshadow -Wunreachable-code -Wall -Wwrite-strings -Wpointer-arith -Wcast-qual -Wcast-align -Wstrict-prototypes -Wmissing-prototypes -Wnested-externs -Winline -Wshadow -Wunreachable-code -Dlinux -D_LARGEFILE64_SOURCE -D_FILE_OFFSET_BITS=64 -I/blfs/builds/libcap-2.78/progs/../libcap/include/uapi -I/blfs/builds/libcap-2.78/progs/../libcap/include -c setcap.c -o setcap.o
./mkcapshdoc.sh > capshdoc.c.cf
gcc -m32 -O2  -Wall -Wwrite-strings -Wpointer-arith -Wcast-qual -Wcast-align -Wstrict-prototypes -Wmissing-prototypes -Wnested-externs -Winline -Wshadow -Wunreachable-code -Wall -Wwrite-strings -Wpointer-arith -Wcast-qual -Wcast-align -Wstrict-prototypes -Wmissing-prototypes -Wnested-externs -Winline -Wshadow -Wunreachable-code  getcap.o -L/blfs/builds/libcap-2.78/progs/../libcap -lcap  -o getcap
gcc -m32 -O2  -Wall -Wwrite-strings -Wpointer-arith -Wcast-qual -Wcast-align -Wstrict-prototypes -Wmissing-prototypes -Wnested-externs -Winline -Wshadow -Wunreachable-code -Wall -Wwrite-strings -Wpointer-arith -Wcast-qual -Wcast-align -Wstrict-prototypes -Wmissing-prototypes -Wnested-externs -Winline -Wshadow -Wunreachable-code  getpcaps.o -L/blfs/builds/libcap-2.78/progs/../libcap -lcap  -o getpcaps
gcc -m32 -O2  -Wall -Wwrite-strings -Wpointer-arith -Wcast-qual -Wcast-align -Wstrict-prototypes -Wmissing-prototypes -Wnested-externs -Winline -Wshadow -Wunreachable-code -Wall -Wwrite-strings -Wpointer-arith -Wcast-qual -Wcast-align -Wstrict-prototypes -Wmissing-prototypes -Wnested-externs -Winline -Wshadow -Wunreachable-code  setcap.o -L/blfs/builds/libcap-2.78/progs/../libcap -lcap  -o setcap
diff -u capshdoc.c capshdoc.c.cf || (rm capshdoc.c.cf ; exit 1)
gcc -m32 -O2  -Wall -Wwrite-strings -Wpointer-arith -Wcast-qual -Wcast-align -Wstrict-prototypes -Wmissing-prototypes -Wnested-externs -Winline -Wshadow -Wunreachable-code -Wall -Wwrite-strings -Wpointer-arith -Wcast-qual -Wcast-align -Wstrict-prototypes -Wmissing-prototypes -Wnested-externs -Winline -Wshadow -Wunreachable-code -Dlinux -D_LARGEFILE64_SOURCE -D_FILE_OFFSET_BITS=64 -I/blfs/builds/libcap-2.78/progs/../libcap/include/uapi -I/blfs/builds/libcap-2.78/progs/../libcap/include   capsh.c capshdoc.c -L/blfs/builds/libcap-2.78/progs/../libcap -lcap  -o capsh
make[1]: Leaving directory '/blfs/builds/libcap-2.78/progs'
make -C doc all
make[1]: Entering directory '/blfs/builds/libcap-2.78/doc'
make[1]: Nothing to be done for 'all'.
make[1]: Leaving directory '/blfs/builds/libcap-2.78/doc'
make -C libcap install
make[1]: Entering directory '/blfs/builds/libcap-2.78/libcap'
mkdir -p -m 0755 /blfs/builds/libcap-2.78/DESTDIR/usr/include/sys
mkdir -p -m 0755 /blfs/builds/libcap-2.78/DESTDIR/usr/lib32/pkgconfig
mkdir -p -m 0755 /blfs/builds/libcap-2.78/DESTDIR/usr/lib32
install -m 0644 include/sys/capability.h /blfs/builds/libcap-2.78/DESTDIR/usr/include/sys
install -m 0644 libcap.pc /blfs/builds/libcap-2.78/DESTDIR/usr/lib32/pkgconfig/libcap.pc
make install-static-psx
make[2]: Entering directory '/blfs/builds/libcap-2.78/libcap'
mkdir -p -m 0755 /blfs/builds/libcap-2.78/DESTDIR/usr/include/sys
mkdir -p -m 0755 /blfs/builds/libcap-2.78/DESTDIR/usr/lib32/pkgconfig
mkdir -p -m 0755 /blfs/builds/libcap-2.78/DESTDIR/usr/lib32
install -m 0644 include/sys/psx_syscall.h /blfs/builds/libcap-2.78/DESTDIR/usr/include/sys
install -m 0644 libpsx.pc /blfs/builds/libcap-2.78/DESTDIR/usr/lib32/pkgconfig/libpsx.pc
make[2]: Leaving directory '/blfs/builds/libcap-2.78/libcap'
make install-shared
make[2]: Entering directory '/blfs/builds/libcap-2.78/libcap'
mkdir -p -m 0755 /blfs/builds/libcap-2.78/DESTDIR/usr/include/sys
mkdir -p -m 0755 /blfs/builds/libcap-2.78/DESTDIR/usr/lib32/pkgconfig
mkdir -p -m 0755 /blfs/builds/libcap-2.78/DESTDIR/usr/lib32
install -m 0644 include/sys/capability.h /blfs/builds/libcap-2.78/DESTDIR/usr/include/sys
install -m 0644 libcap.pc /blfs/builds/libcap-2.78/DESTDIR/usr/lib32/pkgconfig/libcap.pc
install -m 0755 libcap.so.2.78 /blfs/builds/libcap-2.78/DESTDIR/usr/lib32/libcap.so.2.78
ln -sf libcap.so.2.78 /blfs/builds/libcap-2.78/DESTDIR/usr/lib32/libcap.so.2
ln -sf libcap.so.2 /blfs/builds/libcap-2.78/DESTDIR/usr/lib32/libcap.so
make install-shared-psx
make[3]: Entering directory '/blfs/builds/libcap-2.78/libcap'
mkdir -p -m 0755 /blfs/builds/libcap-2.78/DESTDIR/usr/include/sys
mkdir -p -m 0755 /blfs/builds/libcap-2.78/DESTDIR/usr/lib32/pkgconfig
mkdir -p -m 0755 /blfs/builds/libcap-2.78/DESTDIR/usr/lib32
install -m 0644 include/sys/psx_syscall.h /blfs/builds/libcap-2.78/DESTDIR/usr/include/sys
install -m 0644 libpsx.pc /blfs/builds/libcap-2.78/DESTDIR/usr/lib32/pkgconfig/libpsx.pc
install -m 0755 libpsx.so.2.78 /blfs/builds/libcap-2.78/DESTDIR/usr/lib32/libpsx.so.2.78
ln -sf libpsx.so.2.78 /blfs/builds/libcap-2.78/DESTDIR/usr/lib32/libpsx.so.2
ln -sf libpsx.so.2 /blfs/builds/libcap-2.78/DESTDIR/usr/lib32/libpsx.so
make[3]: Leaving directory '/blfs/builds/libcap-2.78/libcap'
make[2]: Leaving directory '/blfs/builds/libcap-2.78/libcap'
make[1]: Leaving directory '/blfs/builds/libcap-2.78/libcap'
make -C pam_cap install
make[1]: Entering directory '/blfs/builds/libcap-2.78/pam_cap'
make testlink
make[2]: Entering directory '/blfs/builds/libcap-2.78/pam_cap'
make[2]: 'testlink' is up to date.
make[2]: Leaving directory '/blfs/builds/libcap-2.78/pam_cap'
mkdir -p -m 0755 /blfs/builds/libcap-2.78/DESTDIR/usr/lib32/security
install -m 0755 pam_cap.so /blfs/builds/libcap-2.78/DESTDIR/usr/lib32/security
make[1]: Leaving directory '/blfs/builds/libcap-2.78/pam_cap'
make -C tests install
make[1]: Entering directory '/blfs/builds/libcap-2.78/tests'
nothing to install from tests
make[1]: Leaving directory '/blfs/builds/libcap-2.78/tests'
make -C progs install
make[1]: Entering directory '/blfs/builds/libcap-2.78/progs'
mkdir -p -m 0755 /blfs/builds/libcap-2.78/DESTDIR/usr/sbin
for p in getpcaps getcap setcap capsh ; do \
	install -m 0755 $p /blfs/builds/libcap-2.78/DESTDIR/usr/sbin ; \
done
make[1]: Leaving directory '/blfs/builds/libcap-2.78/progs'
make -C doc install
make[1]: Entering directory '/blfs/builds/libcap-2.78/doc'
mkdir -p -m 755 /blfs/builds/libcap-2.78/DESTDIR/usr/share/man/man1 /blfs/builds/libcap-2.78/DESTDIR/usr/share/man/man3 /blfs/builds/libcap-2.78/DESTDIR/usr/share/man/man5 /blfs/builds/libcap-2.78/DESTDIR/usr/share/man/man7 /blfs/builds/libcap-2.78/DESTDIR/usr/share/man/man8
for man in \
	/blfs/builds/libcap-2.78/DESTDIR/usr/share/man/man1 capsh.1 \
	/blfs/builds/libcap-2.78/DESTDIR/usr/share/man/man3 cap_init.3 cap_free.3 cap_dup.3 cap_clear.3 cap_clear_flag.3 cap_get_flag.3 cap_set_flag.3 cap_fill.3 cap_fill_flag.3 cap_max_bits.3 cap_compare.3 cap_get_proc.3 cap_get_pid.3 cap_set_proc.3 cap_get_file.3 cap_get_fd.3 cap_set_file.3 cap_set_fd.3 cap_set_nsowner.3 cap_get_nsowner.3 cap_copy_ext.3 cap_size.3 cap_copy_int.3 cap_mode.3 cap_copy_int_check.3 cap_set_syscall.3 cap_from_text.3 cap_to_text.3 cap_from_name.3 cap_to_name.3 capsetp.3 capgetp.3 libcap.3 cap_get_bound.3 cap_drop_bound.3 cap_get_mode.3 cap_set_mode.3 cap_mode_name.3 cap_get_secbits.3 cap_set_secbits.3 cap_setuid.3 cap_setgroups.3 cap_launch.3 cap_func_launcher.3 cap_launcher_callback.3 cap_launcher_set_chroot.3 cap_launcher_set_mode.3 cap_launcher_setgroups.3 cap_launcher_setuid.3 cap_launcher_set_iab.3 cap_new_launcher.3 cap_iab.3 cap_iab_init.3 cap_iab_dup.3 cap_iab_compare.3 cap_iab_get_proc.3 cap_iab_get_pid.3 cap_iab_set_proc.3 cap_iab_to_text.3 cap_iab_from_text.3 cap_iab_get_vector.3 cap_iab_set_vector.3 cap_iab_fill.3 cap_proc_root.3 cap_prctl.3 cap_prctlw.3 psx_syscall.3 psx_syscall3.3 psx_syscall6.3 psx_set_sensitivity.3 psx_load_syscalls.3 __psx_syscall.3 libpsx.3 \
	/blfs/builds/libcap-2.78/DESTDIR/usr/share/man/man5 capability.conf.5 \
	/blfs/builds/libcap-2.78/DESTDIR/usr/share/man/man7 cap_text_formats.7 \
	/blfs/builds/libcap-2.78/DESTDIR/usr/share/man/man8 getcap.8 setcap.8 getpcaps.8 captree.8 pam_cap.8 \
	; \
do \
	case $man in \
	/*)	sub=$man ; continue ;; \
	esac; \
	install -m 644 $man $sub ; \
done
make[1]: Leaving directory '/blfs/builds/libcap-2.78/doc'
'DESTDIR/usr/lib32/libcap.so' -> '/pkgs/lib32-libcap/usr/lib32/libcap.so'
'DESTDIR/usr/lib32/libcap.so.2' -> '/pkgs/lib32-libcap/usr/lib32/libcap.so.2'
'DESTDIR/usr/lib32/libcap.so.2.78' -> '/pkgs/lib32-libcap/usr/lib32/libcap.so.2.78'
'DESTDIR/usr/lib32/libpsx.so' -> '/pkgs/lib32-libcap/usr/lib32/libpsx.so'
'DESTDIR/usr/lib32/libpsx.so.2' -> '/pkgs/lib32-libcap/usr/lib32/libpsx.so.2'
'DESTDIR/usr/lib32/libpsx.so.2.78' -> '/pkgs/lib32-libcap/usr/lib32/libpsx.so.2.78'
'DESTDIR/usr/lib32/pkgconfig' -> '/pkgs/lib32-libcap/usr/lib32/pkgconfig'
'DESTDIR/usr/lib32/pkgconfig/libpsx.pc' -> '/pkgs/lib32-libcap/usr/lib32/pkgconfig/libpsx.pc'
'DESTDIR/usr/lib32/pkgconfig/libcap.pc' -> '/pkgs/lib32-libcap/usr/lib32/pkgconfig/libcap.pc'
'DESTDIR/usr/lib32/security' -> '/pkgs/lib32-libcap/usr/lib32/security'
'DESTDIR/usr/lib32/security/pam_cap.so' -> '/pkgs/lib32-libcap/usr/lib32/security/pam_cap.so'
removed '/usr/lib32/libcap.so'
'/pkgs/lib32-libcap/usr/lib32/libcap.so' -> '/usr/lib32/libcap.so'
removed '/usr/lib32/libcap.so.2'
'/pkgs/lib32-libcap/usr/lib32/libcap.so.2' -> '/usr/lib32/libcap.so.2'
'/pkgs/lib32-libcap/usr/lib32/libcap.so.2.78' -> '/usr/lib32/libcap.so.2.78'
removed '/usr/lib32/libpsx.so'
'/pkgs/lib32-libcap/usr/lib32/libpsx.so' -> '/usr/lib32/libpsx.so'
removed '/usr/lib32/libpsx.so.2'
'/pkgs/lib32-libcap/usr/lib32/libpsx.so.2' -> '/usr/lib32/libpsx.so.2'
'/pkgs/lib32-libcap/usr/lib32/libpsx.so.2.78' -> '/usr/lib32/libpsx.so.2.78'
'/pkgs/lib32-libcap/usr/lib32/pkgconfig/libpsx.pc' -> '/usr/lib32/pkgconfig/libpsx.pc'
'/pkgs/lib32-libcap/usr/lib32/pkgconfig/libcap.pc' -> '/usr/lib32/pkgconfig/libcap.pc'
'/pkgs/lib32-libcap/usr/lib32/security/pam_cap.so' -> '/usr/lib32/security/pam_cap.so'
lib32-libcap/
lib32-libcap/usr/
lib32-libcap/usr/lib32/
lib32-libcap/usr/lib32/libpsx.so
lib32-libcap/usr/lib32/libpsx.so.2.78
lib32-libcap/usr/lib32/libcap.so.2
lib32-libcap/usr/lib32/libcap.so
lib32-libcap/usr/lib32/security/
lib32-libcap/usr/lib32/security/pam_cap.so
lib32-libcap/usr/lib32/libpsx.so.2
lib32-libcap/usr/lib32/libcap.so.2.78
lib32-libcap/usr/lib32/pkgconfig/
lib32-libcap/usr/lib32/pkgconfig/libpsx.pc
lib32-libcap/usr/lib32/pkgconfig/libcap.pc
lib32-libcap/version
lib32-libcap/depends
lib32-libcap/make-depends
