--2026-04-07 07:13:52--  https://download.gnome.org/sources/vala/0.56/vala-0.56.19.tar.xz
Resolving download.gnome.org (download.gnome.org)... 79.127.206.207, 152.233.10.59, 79.127.206.234, ...
Connecting to download.gnome.org (download.gnome.org)|79.127.206.207|:443... connected.
HTTP request sent, awaiting response... 200 OK
Length: 4007612 (3.8M) [application/octet-stream]
Saving to: ‘vala-0.56.19.tar.xz’

     0K .......... .......... .......... .......... ..........  1% 4.14M 1s
    50K .......... .......... .......... .......... ..........  2% 9.37M 1s
   100K .......... .......... .......... .......... ..........  3% 14.7M 1s
   150K .......... .......... .......... .......... ..........  5% 10.6M 0s
   200K .......... .......... .......... .......... ..........  6% 15.5M 0s
   250K .......... .......... .......... .......... ..........  7% 11.2M 0s
   300K .......... .......... .......... .......... ..........  8% 58.1M 0s
   350K .......... .......... .......... .......... .......... 10% 17.3M 0s
   400K .......... .......... .......... .......... .......... 11% 12.3M 0s
   450K .......... .......... .......... .......... .......... 12% 46.6M 0s
   500K .......... .......... .......... .......... .......... 14%  103M 0s
   550K .......... .......... .......... .......... .......... 15% 87.8M 0s
   600K .......... .......... .......... .......... .......... 16% 8.57M 0s
   650K .......... .......... .......... .......... .......... 17%  144M 0s
   700K .......... .......... .......... .......... .......... 19%  102M 0s
   750K .......... .......... .......... .......... .......... 20% 86.7M 0s
   800K .......... .......... .......... .......... .......... 21%  133M 0s
   850K .......... .......... .......... .......... .......... 22% 19.9M 0s
   900K .......... .......... .......... .......... .......... 24%  103M 0s
   950K .......... .......... .......... .......... .......... 25%  131M 0s
  1000K .......... .......... .......... .......... .......... 26%  116M 0s
  1050K .......... .......... .......... .......... .......... 28% 18.5M 0s
  1100K .......... .......... .......... .......... .......... 29%  112M 0s
  1150K .......... .......... .......... .......... .......... 30% 84.3M 0s
  1200K .......... .......... .......... .......... .......... 31%  132M 0s
  1250K .......... .......... .......... .......... .......... 33%  116M 0s
  1300K .......... .......... .......... .......... .......... 34%  115M 0s
  1350K .......... .......... .......... .......... .......... 35% 27.8M 0s
  1400K .......... .......... .......... .......... .......... 37%  117M 0s
  1450K .......... .......... .......... .......... .......... 38%  117M 0s
  1500K .......... .......... .......... .......... .......... 39%  119M 0s
  1550K .......... .......... .......... .......... .......... 40% 17.5M 0s
  1600K .......... .......... .......... .......... .......... 42%  115M 0s
  1650K .......... .......... .......... .......... .......... 43%  129M 0s
  1700K .......... .......... .......... .......... .......... 44%  102M 0s
  1750K .......... .......... .......... .......... .......... 45%  131M 0s
  1800K .......... .......... .......... .......... .......... 47%  115M 0s
  1850K .......... .......... .......... .......... .......... 48%  118M 0s
  1900K .......... .......... .......... .......... .......... 49%  114M 0s
  1950K .......... .......... .......... .......... .......... 51% 57.8M 0s
  2000K .......... .......... .......... .......... .......... 52%  120M 0s
  2050K .......... .......... .......... .......... .......... 53%  129M 0s
  2100K .......... .......... .......... .......... .......... 54%  112M 0s
  2150K .......... .......... .......... .......... .......... 56%  112M 0s
  2200K .......... .......... .......... .......... .......... 57%  120M 0s
  2250K .......... .......... .......... .......... .......... 58% 21.5M 0s
  2300K .......... .......... .......... .......... .......... 60%  112M 0s
  2350K .......... .......... .......... .......... .......... 61% 92.9M 0s
  2400K .......... .......... .......... .......... .......... 62%  110M 0s
  2450K .......... .......... .......... .......... .......... 63%  115M 0s
  2500K .......... .......... .......... .......... .......... 65%  118M 0s
  2550K .......... .......... .......... .......... .......... 66%  117M 0s
  2600K .......... .......... .......... .......... .......... 67%  114M 0s
  2650K .......... .......... .......... .......... .......... 68%  114M 0s
  2700K .......... .......... .......... .......... .......... 70%  113M 0s
  2750K .......... .......... .......... .......... .......... 71% 91.5M 0s
  2800K .......... .......... .......... .......... .......... 72%  113M 0s
  2850K .......... .......... .......... .......... .......... 74%  115M 0s
  2900K .......... .......... .......... .......... .......... 75%  127M 0s
  2950K .......... .......... .......... .......... .......... 76%  114M 0s
  3000K .......... .......... .......... .......... .......... 77%  114M 0s
  3050K .......... .......... .......... .......... .......... 79%  119M 0s
  3100K .......... .......... .......... .......... .......... 80%  109M 0s
  3150K .......... .......... .......... .......... .......... 81% 92.4M 0s
  3200K .......... .......... .......... .......... .......... 83%  117M 0s
  3250K .......... .......... .......... .......... .......... 84%  114M 0s
  3300K .......... .......... .......... .......... .......... 85%  114M 0s
  3350K .......... .......... .......... .......... .......... 86% 7.46M 0s
  3400K .......... .......... .......... .......... .......... 88%  286M 0s
  3450K .......... .......... .......... .......... .......... 89%  282M 0s
  3500K .......... .......... .......... .......... .......... 90%  284M 0s
  3550K .......... .......... .......... .......... .......... 91%  208M 0s
  3600K .......... .......... .......... .......... .......... 93%  266M 0s
  3650K .......... .......... .......... .......... .......... 94% 16.7M 0s
  3700K .......... .......... .......... .......... .......... 95%  271M 0s
  3750K .......... .......... .......... .......... .......... 97%  282M 0s
  3800K .......... .......... .......... .......... .......... 98%  286M 0s
  3850K .......... .......... .......... .......... .......... 99%  281M 0s
  3900K .......... ...                                        100%  230M=0.09s

2026-04-07 07:13:52 (41.3 MB/s) - ‘vala-0.56.19.tar.xz’ saved [4007612/4007612]

--2026-04-07 07:13:52--  https://gitlab.archlinux.org/archlinux/packaging/packages/vala/-/raw/main/0001-valadoc-Fix-gvRenderData-to-match-graphviz-13.0.0.patch
Resolving gitlab.archlinux.org (gitlab.archlinux.org)... 213.133.111.15, 2a01:4f8:222:174c::1
Connecting to gitlab.archlinux.org (gitlab.archlinux.org)|213.133.111.15|:443... connected.
HTTP request sent, awaiting response... 404 Not Found
2026-04-07 07:13:52 ERROR 404: Not Found.

