--2026-04-07 09:07:21--  https://download.videolan.org/vlc/3.0.23/vlc-3.0.23.tar.xz
Resolving download.videolan.org (download.videolan.org)... 213.36.253.2, 2a01:e0d:1:3:58bf:fa02:c0de:5
Connecting to download.videolan.org (download.videolan.org)|213.36.253.2|:443... connected.
HTTP request sent, awaiting response... 200 OK
Length: 26486988 (25M) [application/octet-stream]
Saving to: ‘vlc-3.0.23.tar.xz’

     0K .......... .......... .......... .......... ..........  0%  568K 45s
    50K .......... .......... .......... .......... ..........  0%  575K 45s
   100K .......... .......... .......... .......... ..........  0%  109M 30s
   150K .......... .......... .......... .......... ..........  0%  567K 34s
   200K .......... .......... .......... .......... ..........  0% 64.1M 27s
   250K .......... .......... .......... .......... ..........  1%  573K 30s
   300K .......... .......... .......... .......... ..........  1% 1.22M 29s
   350K .......... .......... .......... .......... ..........  1% 1.01M 28s
   400K .......... .......... .......... .......... ..........  1% 1.24M 27s
   450K .......... .......... .......... .......... ..........  1% 37.2M 24s
   500K .......... .......... .......... .......... ..........  2%  576K 26s
   550K .......... .......... .......... .......... ..........  2% 37.0M 24s
   600K .......... .......... .......... .......... ..........  2% 1.03M 24s
   650K .......... .......... .......... .......... ..........  2% 43.6M 22s
   700K .......... .......... .......... .......... ..........  2% 1.26M 22s
   750K .......... .......... .......... .......... ..........  3% 1.02M 22s
   800K .......... .......... .......... .......... ..........  3% 1.24M 22s
   850K .......... .......... .......... .......... ..........  3% 39.5M 21s
   900K .......... .......... .......... .......... ..........  3% 1.06M 21s
   950K .......... .......... .......... .......... ..........  3%  138M 20s
  1000K .......... .......... .......... .......... ..........  4% 99.0M 19s
  1050K .......... .......... .......... .......... ..........  4% 1.24M 19s
  1100K .......... .......... .......... .......... ..........  4% 1.02M 19s
  1150K .......... .......... .......... .......... ..........  4% 71.9M 18s
  1200K .......... .......... .......... .......... ..........  4%  109M 17s
  1250K .......... .......... .......... .......... ..........  5%  134M 17s
  1300K .......... .......... .......... .......... ..........  5%  126M 16s
  1350K .......... .......... .......... .......... ..........  5% 1.26M 16s
  1400K .......... .......... .......... .......... ..........  5% 1.01M 16s
  1450K .......... .......... .......... .......... ..........  5% 39.8M 16s
  1500K .......... .......... .......... .......... ..........  5% 38.6M 15s
  1550K .......... .......... .......... .......... ..........  6% 32.2M 15s
  1600K .......... .......... .......... .......... ..........  6% 46.1M 14s
  1650K .......... .......... .......... .......... ..........  6%  243M 14s
  1700K .......... .......... .......... .......... ..........  6%  268M 13s
  1750K .......... .......... .......... .......... ..........  6% 1.43M 13s
  1800K .......... .......... .......... .......... ..........  7% 1022K 14s
  1850K .......... .......... .......... .......... ..........  7% 39.8M 13s
  1900K .......... .......... .......... .......... ..........  7% 43.1M 13s
  1950K .......... .......... .......... .......... ..........  7% 31.5M 13s
  2000K .......... .......... .......... .......... ..........  7% 42.9M 12s
  2050K .......... .......... .......... .......... ..........  8% 43.5M 12s
  2100K .......... .......... .......... .......... ..........  8% 43.6M 12s
  2150K .......... .......... .......... .......... ..........  8% 1.50M 12s
  2200K .......... .......... .......... .......... ..........  8% 40.1M 12s
  2250K .......... .......... .......... .......... ..........  8% 43.2M 11s
  2300K .......... .......... .......... .......... ..........  9% 1.07M 11s
  2350K .......... .......... .......... .......... ..........  9% 25.9M 11s
  2400K .......... .......... .......... .......... ..........  9%  279M 11s
  2450K .......... .......... .......... .......... ..........  9%  284M 11s
  2500K .......... .......... .......... .......... ..........  9% 64.8M 10s
  2550K .......... .......... .......... .......... .......... 10%  137M 10s
  2600K .......... .......... .......... .......... .......... 10%  100M 10s
  2650K .......... .......... .......... .......... .......... 10% 1.37M 10s
  2700K .......... .......... .......... .......... .......... 10%  136M 10s
  2750K .......... .......... .......... .......... .......... 10% 92.0M 10s
  2800K .......... .......... .......... .......... .......... 11%  101M 10s
  2850K .......... .......... .......... .......... .......... 11% 1.05M 10s
  2900K .......... .......... .......... .......... .......... 11% 46.5M 10s
  2950K .......... .......... .......... .......... .......... 11% 46.6M 9s
  3000K .......... .......... .......... .......... .......... 11% 79.6M 9s
  3050K .......... .......... .......... .......... .......... 11%  260M 9s
  3100K .......... .......... .......... .......... .......... 12%  277M 9s
  3150K .......... .......... .......... .......... .......... 12%  211M 9s
  3200K .......... .......... .......... .......... .......... 12%  277M 9s
  3250K .......... .......... .......... .......... .......... 12%  107M 8s
  3300K .......... .......... .......... .......... .......... 12% 99.3M 8s
  3350K .......... .......... .......... .......... .......... 13%  159M 8s
  3400K .......... .......... .......... .......... .......... 13% 93.6M 8s
  3450K .......... .......... .......... .......... .......... 13%  126M 8s
  3500K .......... .......... .......... .......... .......... 13%  151M 8s
  3550K .......... .......... .......... .......... .......... 13% 1.39M 8s
  3600K .......... .......... .......... .......... .......... 14% 69.8M 8s
  3650K .......... .......... .......... .......... .......... 14%  269M 8s
  3700K .......... .......... .......... .......... .......... 14%  275M 8s
  3750K .......... .......... .......... .......... .......... 14% 34.0M 7s
  3800K .......... .......... .......... .......... .......... 14% 1.10M 8s
  3850K .......... .......... .......... .......... .......... 15%  143M 7s
  3900K .......... .......... .......... .......... .......... 15%  122M 7s
  3950K .......... .......... .......... .......... .......... 15% 85.0M 7s
  4000K .......... .......... .......... .......... .......... 15%  116M 7s
  4050K .......... .......... .......... .......... .......... 15% 19.6M 7s
  4100K .......... .......... .......... .......... .......... 16%  110M 7s
  4150K .......... .......... .......... .......... .......... 16%  116M 7s
  4200K .......... .......... .......... .......... .......... 16%  114M 7s
  4250K .......... .......... .......... .......... .......... 16%  117M 7s
  4300K .......... .......... .......... .......... .......... 16%  116M 7s
  4350K .......... .......... .......... .......... .......... 17% 72.2M 6s
  4400K .......... .......... .......... .......... .......... 17%  106M 6s
  4450K .......... .......... .......... .......... .......... 17% 94.1M 6s
  4500K .......... .......... .......... .......... .......... 17%  109M 6s
  4550K .......... .......... .......... .......... .......... 17% 39.3M 6s
  4600K .......... .......... .......... .......... .......... 17%  146M 6s
  4650K .......... .......... .......... .......... .......... 18% 1.64M 6s
  4700K .......... .......... .......... .......... .......... 18% 11.6M 6s
  4750K .......... .......... .......... .......... .......... 18%  118M 6s
  4800K .......... .......... .......... .......... .......... 18%  104M 6s
  4850K .......... .......... .......... .......... .......... 18%  133M 6s
  4900K .......... .......... .......... .......... .......... 19%  119M 6s
  4950K .......... .......... .......... .......... .......... 19% 1.15M 6s
  5000K .......... .......... .......... .......... .......... 19% 96.6M 6s
  5050K .......... .......... .......... .......... .......... 19%  102M 6s
  5100K .......... .......... .......... .......... .......... 19%  147M 6s
  5150K .......... .......... .......... .......... .......... 20%  108M 6s
  5200K .......... .......... .......... .......... .......... 20% 98.6M 6s
  5250K .......... .......... .......... .......... .......... 20% 66.9M 5s
  5300K .......... .......... .......... .......... .......... 20% 99.8M 5s
  5350K .......... .......... .......... .......... .......... 20%  155M 5s
  5400K .......... .......... .......... .......... .......... 21%  106M 5s
  5450K .......... .......... .......... .......... .......... 21% 98.3M 5s
  5500K .......... .......... .......... .......... .......... 21%  152M 5s
  5550K .......... .......... .......... .......... .......... 21% 95.9M 5s
  5600K .......... .......... .......... .......... .......... 21% 98.2M 5s
  5650K .......... .......... .......... .......... .......... 22%  110M 5s
  5700K .......... .......... .......... .......... .......... 22% 97.3M 5s
  5750K .......... .......... .......... .......... .......... 22%  159M 5s
  5800K .......... .......... .......... .......... .......... 22%  108M 5s
  5850K .......... .......... .......... .......... .......... 22% 97.5M 5s
  5900K .......... .......... .......... .......... .......... 23%  161M 5s
  5950K .......... .......... .......... .......... .......... 23% 94.6M 5s
  6000K .......... .......... .......... .......... .......... 23% 68.3M 5s
  6050K .......... .......... .......... .......... .......... 23% 85.0M 5s
  6100K .......... .......... .......... .......... .......... 23%  106M 5s
  6150K .......... .......... .......... .......... .......... 23% 22.8M 5s
  6200K .......... .......... .......... .......... .......... 24% 94.1M 4s
  6250K .......... .......... .......... .......... .......... 24% 97.5M 4s
  6300K .......... .......... .......... .......... .......... 24%  158M 4s
  6350K .......... .......... .......... .......... .......... 24% 97.0M 4s
  6400K .......... .......... .......... .......... .......... 24% 96.4M 4s
  6450K .......... .......... .......... .......... .......... 25% 2.00M 4s
  6500K .......... .......... .......... .......... .......... 25% 12.1M 4s
  6550K .......... .......... .......... .......... .......... 25%  131M 4s
  6600K .......... .......... .......... .......... .......... 25%  103M 4s
  6650K .......... .......... .......... .......... .......... 25%  122M 4s
  6700K .......... .......... .......... .......... .......... 26% 19.6M 4s
  6750K .......... .......... .......... .......... .......... 26% 1.22M 4s
  6800K .......... .......... .......... .......... .......... 26%  112M 4s
  6850K .......... .......... .......... .......... .......... 26%  130M 4s
  6900K .......... .......... .......... .......... .......... 26%  104M 4s
  6950K .......... .......... .......... .......... .......... 27%  128M 4s
  7000K .......... .......... .......... .......... .......... 27%  116M 4s
  7050K .......... .......... .......... .......... .......... 27%  116M 4s
  7100K .......... .......... .......... .......... .......... 27%  114M 4s
  7150K .......... .......... .......... .......... .......... 27% 92.4M 4s
  7200K .......... .......... .......... .......... .......... 28%  114M 4s
  7250K .......... .......... .......... .......... .......... 28%  118M 4s
  7300K .......... .......... .......... .......... .......... 28%  119M 4s
  7350K .......... .......... .......... .......... .......... 28%  115M 4s
  7400K .......... .......... .......... .......... .......... 28%  104M 4s
  7450K .......... .......... .......... .......... .......... 28%  118M 4s
  7500K .......... .......... .......... .......... .......... 29%  113M 4s
  7550K .......... .......... .......... .......... .......... 29% 91.8M 4s
  7600K .......... .......... .......... .......... .......... 29%  112M 4s
  7650K .......... .......... .......... .......... .......... 29%  114M 4s
  7700K .......... .......... .......... .......... .......... 29%  119M 4s
  7750K .......... .......... .......... .......... .......... 30%  113M 3s
  7800K .......... .......... .......... .......... .......... 30% 74.0M 3s
  7850K .......... .......... .......... .......... .......... 30%  130M 3s
  7900K .......... .......... .......... .......... .......... 30%  116M 3s
  7950K .......... .......... .......... .......... .......... 30% 83.0M 3s
  8000K .......... .......... .......... .......... .......... 31%  120M 3s
  8050K .......... .......... .......... .......... .......... 31%  113M 3s
  8100K .......... .......... .......... .......... .......... 31%  115M 3s
  8150K .......... .......... .......... .......... .......... 31%  134M 3s
  8200K .......... .......... .......... .......... .......... 31%  104M 3s
  8250K .......... .......... .......... .......... .......... 32%  117M 3s
  8300K .......... .......... .......... .......... .......... 32% 99.3M 3s
  8350K .......... .......... .......... .......... .......... 32% 93.8M 3s
  8400K .......... .......... .......... .......... .......... 32%  115M 3s
  8450K .......... .......... .......... .......... .......... 32%  104M 3s
  8500K .......... .......... .......... .......... .......... 33% 47.8M 3s
  8550K .......... .......... .......... .......... .......... 33%  127M 3s
  8600K .......... .......... .......... .......... .......... 33%  103M 3s
  8650K .......... .......... .......... .......... .......... 33%  128M 3s
  8700K .......... .......... .......... .......... .......... 33% 2.12M 3s
  8750K .......... .......... .......... .......... .......... 34% 12.6M 3s
  8800K .......... .......... .......... .......... .......... 34% 96.7M 3s
  8850K .......... .......... .......... .......... .......... 34%  133M 3s
  8900K .......... .......... .......... .......... .......... 34%  107M 3s
  8950K .......... .......... .......... .......... .......... 34% 18.2M 3s
  9000K .......... .......... .......... .......... .......... 34% 1.22M 3s
  9050K .......... .......... .......... .......... .......... 35% 84.2M 3s
  9100K .......... .......... .......... .......... .......... 35%  113M 3s
  9150K .......... .......... .......... .......... .......... 35% 90.4M 3s
  9200K .......... .......... .......... .......... .......... 35%  141M 3s
  9250K .......... .......... .......... .......... .......... 35%  108M 3s
  9300K .......... .......... .......... .......... .......... 36%  148M 3s
  9350K .......... .......... .......... .......... .......... 36%  115M 3s
  9400K .......... .......... .......... .......... .......... 36%  107M 3s
  9450K .......... .......... .......... .......... .......... 36%  159M 3s
  9500K .......... .......... .......... .......... .......... 36%  103M 3s
  9550K .......... .......... .......... .......... .......... 37% 87.0M 3s
  9600K .......... .......... .......... .......... .......... 37%  107M 3s
  9650K .......... .......... .......... .......... .......... 37%  159M 3s
  9700K .......... .......... .......... .......... .......... 37%  111M 3s
  9750K .......... .......... .......... .......... .......... 37% 60.2M 3s
  9800K .......... .......... .......... .......... .......... 38%  151M 3s
  9850K .......... .......... .......... .......... .......... 38%  112M 3s
  9900K .......... .......... .......... .......... .......... 38% 97.8M 3s
  9950K .......... .......... .......... .......... .......... 38% 96.7M 3s
 10000K .......... .......... .......... .......... .......... 38%  143M 3s
 10050K .......... .......... .......... .......... .......... 39%  114M 2s
 10100K .......... .......... .......... .......... .......... 39% 95.1M 2s
 10150K .......... .......... .......... .......... .......... 39%  166M 2s
 10200K .......... .......... .......... .......... .......... 39%  107M 2s
 10250K .......... .......... .......... .......... .......... 39% 97.3M 2s
 10300K .......... .......... .......... .......... .......... 40%  161M 2s
 10350K .......... .......... .......... .......... .......... 40% 94.7M 2s
 10400K .......... .......... .......... .......... .......... 40% 97.1M 2s
 10450K .......... .......... .......... .......... .......... 40%  109M 2s
 10500K .......... .......... .......... .......... .......... 40%  146M 2s
 10550K .......... .......... .......... .......... .......... 40%  109M 2s
 10600K .......... .......... .......... .......... .......... 41% 97.3M 2s
 10650K .......... .......... .......... .......... .......... 41%  151M 2s
 10700K .......... .......... .......... .......... .......... 41%  108M 2s
 10750K .......... .......... .......... .......... .......... 41% 86.4M 2s
 10800K .......... .......... .......... .......... .......... 41%  105M 2s
 10850K .......... .......... .......... .......... .......... 42%  161M 2s
 10900K .......... .......... .......... .......... .......... 42%  111M 2s
 10950K .......... .......... .......... .......... .......... 42% 94.4M 2s
 11000K .......... .......... .......... .......... .......... 42%  156M 2s
 11050K .......... .......... .......... .......... .......... 42%  109M 2s
 11100K .......... .......... .......... .......... .......... 43% 95.0M 2s
 11150K .......... .......... .......... .......... .......... 43% 13.3M 2s
 11200K .......... .......... .......... .......... .......... 43%  267M 2s
 11250K .......... .......... .......... .......... .......... 43%  279M 2s
 11300K .......... .......... .......... .......... .......... 43%  271M 2s
 11350K .......... .......... .......... .......... .......... 44%  267M 2s
 11400K .......... .......... .......... .......... .......... 44%  280M 2s
 11450K .......... .......... .......... .......... .......... 44%  284M 2s
 11500K .......... .......... .......... .......... .......... 44%  260M 2s
 11550K .......... .......... .......... .......... .......... 44% 22.1M 2s
 11600K .......... .......... .......... .......... .......... 45%  216M 2s
 11650K .......... .......... .......... .......... .......... 45%  239M 2s
 11700K .......... .......... .......... .......... .......... 45%  280M 2s
 11750K .......... .......... .......... .......... .......... 45%  222M 2s
 11800K .......... .......... .......... .......... .......... 45%  272M 2s
 11850K .......... .......... .......... .......... .......... 46%  268M 2s
 11900K .......... .......... .......... .......... .......... 46%  279M 2s
 11950K .......... .......... .......... .......... .......... 46%  212M 2s
 12000K .......... .......... .......... .......... .......... 46%  277M 2s
 12050K .......... .......... .......... .......... .......... 46% 95.4M 2s
 12100K .......... .......... .......... .......... .......... 46%  106M 2s
 12150K .......... .......... .......... .......... .......... 47% 93.1M 2s
 12200K .......... .......... .......... .......... .......... 47%  194M 2s
 12250K .......... .......... .......... .......... .......... 47%  109M 2s
 12300K .......... .......... .......... .......... .......... 47% 4.93M 2s
 12350K .......... .......... .......... .......... .......... 47% 11.5M 2s
 12400K .......... .......... .......... .......... .......... 48%  144M 2s
 12450K .......... .......... .......... .......... .......... 48%  111M 2s
 12500K .......... .......... .......... .......... .......... 48%  142M 2s
 12550K .......... .......... .......... .......... .......... 48% 17.0M 2s
 12600K .......... .......... .......... .......... .......... 48%  129M 2s
 12650K .......... .......... .......... .......... .......... 49% 1.20M 2s
 12700K .......... .......... .......... .......... .......... 49% 43.3M 2s
 12750K .......... .......... .......... .......... .......... 49% 29.8M 2s
 12800K .......... .......... .......... .......... .......... 49% 51.8M 2s
 12850K .......... .......... .......... .......... .......... 49%  287M 2s
 12900K .......... .......... .......... .......... .......... 50%  258M 2s
 12950K .......... .......... .......... .......... .......... 50%  290M 2s
 13000K .......... .......... .......... .......... .......... 50%  279M 2s
 13050K .......... .......... .......... .......... .......... 50%  275M 2s
 13100K .......... .......... .......... .......... .......... 50%  286M 2s
 13150K .......... .......... .......... .......... .......... 51%  209M 2s
 13200K .......... .......... .......... .......... .......... 51%  274M 2s
 13250K .......... .......... .......... .......... .......... 51%  250M 2s
 13300K .......... .......... .......... .......... .......... 51%  254M 2s
 13350K .......... .......... .......... .......... .......... 51%  273M 2s
 13400K .......... .......... .......... .......... .......... 51%  281M 2s
 13450K .......... .......... .......... .......... .......... 52%  285M 2s
 13500K .......... .......... .......... .......... .......... 52%  124M 2s
 13550K .......... .......... .......... .......... .......... 52% 91.8M 2s
 13600K .......... .......... .......... .......... .......... 52%  132M 2s
 13650K .......... .......... .......... .......... .......... 52%  101M 1s
 13700K .......... .......... .......... .......... .......... 53%  153M 1s
 13750K .......... .......... .......... .......... .......... 53%  108M 1s
 13800K .......... .......... .......... .......... .......... 53%  133M 1s
 13850K .......... .......... .......... .......... .......... 53% 98.7M 1s
 13900K .......... .......... .......... .......... .......... 53%  120M 1s
 13950K .......... .......... .......... .......... .......... 54% 98.1M 1s
 14000K .......... .......... .......... .......... .......... 54% 91.5M 1s
 14050K .......... .......... .......... .......... .......... 54%  174M 1s
 14100K .......... .......... .......... .......... .......... 54% 91.7M 1s
 14150K .......... .......... .......... .......... .......... 54%  110M 1s
 14200K .......... .......... .......... .......... .......... 55%  153M 1s
 14250K .......... .......... .......... .......... .......... 55%  107M 1s
 14300K .......... .......... .......... .......... .......... 55% 97.8M 1s
 14350K .......... .......... .......... .......... .......... 55% 85.5M 1s
 14400K .......... .......... .......... .......... .......... 55%  106M 1s
 14450K .......... .......... .......... .......... .......... 56% 92.4M 1s
 14500K .......... .......... .......... .......... .......... 56% 95.5M 1s
 14550K .......... .......... .......... .......... .......... 56% 93.9M 1s
 14600K .......... .......... .......... .......... .......... 56%  161M 1s
 14650K .......... .......... .......... .......... .......... 56%  109M 1s
 14700K .......... .......... .......... .......... .......... 57% 94.3M 1s
 14750K .......... .......... .......... .......... .......... 57% 95.6M 1s
 14800K .......... .......... .......... .......... .......... 57%  162M 1s
 14850K .......... .......... .......... .......... .......... 57%  107M 1s
 14900K .......... .......... .......... .......... .......... 57% 97.4M 1s
 14950K .......... .......... .......... .......... .......... 57%  123M 1s
 15000K .......... .......... .......... .......... .......... 58%  128M 1s
 15050K .......... .......... .......... .......... .......... 58% 93.9M 1s
 15100K .......... .......... .......... .......... .......... 58%  164M 1s
 15150K .......... .......... .......... .......... .......... 58% 92.2M 1s
 15200K .......... .......... .......... .......... .......... 58% 97.7M 1s
 15250K .......... .......... .......... .......... .......... 59%  112M 1s
 15300K .......... .......... .......... .......... .......... 59%  149M 1s
 15350K .......... .......... .......... .......... .......... 59% 89.3M 1s
 15400K .......... .......... .......... .......... .......... 59%  122M 1s
 15450K .......... .......... .......... .......... .......... 59% 93.7M 1s
 15500K .......... .......... .......... .......... .......... 60%  101M 1s
 15550K .......... .......... .......... .......... .......... 60% 92.0M 1s
 15600K .......... .......... .......... .......... .......... 60% 97.9M 1s
 15650K .......... .......... .......... .......... .......... 60% 90.3M 1s
 15700K .......... .......... .......... .......... .......... 60%  170M 1s
 15750K .......... .......... .......... .......... .......... 61% 94.7M 1s
 15800K .......... .......... .......... .......... .......... 61%  106M 1s
 15850K .......... .......... .......... .......... .......... 61% 96.8M 1s
 15900K .......... .......... .......... .......... .......... 61%  146M 1s
 15950K .......... .......... .......... .......... .......... 61% 99.5M 1s
 16000K .......... .......... .......... .......... .......... 62% 93.7M 1s
 16050K .......... .......... .......... .......... .......... 62%  116M 1s
 16100K .......... .......... .......... .......... .......... 62%  155M 1s
 16150K .......... .......... .......... .......... .......... 62% 86.5M 1s
 16200K .......... .......... .......... .......... .......... 62%  120M 1s
 16250K .......... .......... .......... .......... .......... 63%  158M 1s
 16300K .......... .......... .......... .......... .......... 63%  103M 1s
 16350K .......... .......... .......... .......... .......... 63% 88.5M 1s
 16400K .......... .......... .......... .......... .......... 63%  108M 1s
 16450K .......... .......... .......... .......... .......... 63%  145M 1s
 16500K .......... .......... .......... .......... .......... 63% 95.0M 1s
 16550K .......... .......... .......... .......... .......... 64%  108M 1s
 16600K .......... .......... .......... .......... .......... 64% 97.0M 1s
 16650K .......... .......... .......... .......... .......... 64%  178M 1s
 16700K .......... .......... .......... .......... .......... 64%  104M 1s
 16750K .......... .......... .......... .......... .......... 64% 86.8M 1s
 16800K .......... .......... .......... .......... .......... 65% 97.2M 1s
 16850K .......... .......... .......... .......... .......... 65%  184M 1s
 16900K .......... .......... .......... .......... .......... 65%  106M 1s
 16950K .......... .......... .......... .......... .......... 65% 89.1M 1s
 17000K .......... .......... .......... .......... .......... 65%  173M 1s
 17050K .......... .......... .......... .......... .......... 66%  105M 1s
 17100K .......... .......... .......... .......... .......... 66% 62.0M 1s
 17150K .......... .......... .......... .......... .......... 66% 12.8M 1s
 17200K .......... .......... .......... .......... .......... 66%  119M 1s
 17250K .......... .......... .......... .......... .......... 66%  117M 1s
 17300K .......... .......... .......... .......... .......... 67% 16.6M 1s
 17350K .......... .......... .......... .......... .......... 67%  104M 1s
 17400K .......... .......... .......... .......... .......... 67% 1.22M 1s
 17450K .......... .......... .......... .......... .......... 67%  133M 1s
 17500K .......... .......... .......... .......... .......... 67% 96.9M 1s
 17550K .......... .......... .......... .......... .......... 68% 89.0M 1s
 17600K .......... .......... .......... .......... .......... 68%  130M 1s
 17650K .......... .......... .......... .......... .......... 68%  116M 1s
 17700K .......... .......... .......... .......... .......... 68%  131M 1s
 17750K .......... .......... .......... .......... .......... 68%  112M 1s
 17800K .......... .......... .......... .......... .......... 69%  168M 1s
 17850K .......... .......... .......... .......... .......... 69%  105M 1s
 17900K .......... .......... .......... .......... .......... 69% 95.3M 1s
 17950K .......... .......... .......... .......... .......... 69% 85.3M 1s
 18000K .......... .......... .......... .......... .......... 69%  110M 1s
 18050K .......... .......... .......... .......... .......... 69% 94.9M 1s
 18100K .......... .......... .......... .......... .......... 70%  149M 1s
 18150K .......... .......... .......... .......... .......... 70%  109M 1s
 18200K .......... .......... .......... .......... .......... 70% 98.5M 1s
 18250K .......... .......... .......... .......... .......... 70%  135M 1s
 18300K .......... .......... .......... .......... .......... 70%  123M 1s
 18350K .......... .......... .......... .......... .......... 71% 97.4M 1s
 18400K .......... .......... .......... .......... .......... 71% 94.5M 1s
 18450K .......... .......... .......... .......... .......... 71%  161M 1s
 18500K .......... .......... .......... .......... .......... 71%  106M 1s
 18550K .......... .......... .......... .......... .......... 71% 93.1M 1s
 18600K .......... .......... .......... .......... .......... 72%  139M 1s
 18650K .......... .......... .......... .......... .......... 72%  122M 1s
 18700K .......... .......... .......... .......... .......... 72%  153M 1s
 18750K .......... .......... .......... .......... .......... 72% 68.7M 1s
 18800K .......... .......... .......... .......... .......... 72%  167M 1s
 18850K .......... .......... .......... .......... .......... 73%  103M 1s
 18900K .......... .......... .......... .......... .......... 73% 99.4M 1s
 18950K .......... .......... .......... .......... .......... 73%  153M 1s
 19000K .......... .......... .......... .......... .......... 73%  108M 1s
 19050K .......... .......... .......... .......... .......... 73% 88.7M 1s
 19100K .......... .......... .......... .......... .......... 74%  191M 1s
 19150K .......... .......... .......... .......... .......... 74% 92.3M 1s
 19200K .......... .......... .......... .......... .......... 74% 91.3M 1s
 19250K .......... .......... .......... .......... .......... 74%  119M 1s
 19300K .......... .......... .......... .......... .......... 74%  148M 1s
 19350K .......... .......... .......... .......... .......... 75% 99.2M 1s
 19400K .......... .......... .......... .......... .......... 75%  106M 1s
 19450K .......... .......... .......... .......... .......... 75% 97.7M 1s
 19500K .......... .......... .......... .......... .......... 75%  158M 1s
 19550K .......... .......... .......... .......... .......... 75% 69.2M 1s
 19600K .......... .......... .......... .......... .......... 75%  159M 1s
 19650K .......... .......... .......... .......... .......... 76%  106M 1s
 19700K .......... .......... .......... .......... .......... 76%  159M 1s
 19750K .......... .......... .......... .......... .......... 76% 96.4M 1s
 19800K .......... .......... .......... .......... .......... 76%  111M 1s
 19850K .......... .......... .......... .......... .......... 76%  151M 1s
 19900K .......... .......... .......... .......... .......... 77% 97.5M 1s
 19950K .......... .......... .......... .......... .......... 77% 87.3M 1s
 20000K .......... .......... .......... .......... .......... 77%  121M 1s
 20050K .......... .......... .......... .......... .......... 77% 95.1M 1s
 20100K .......... .......... .......... .......... .......... 77%  162M 1s
 20150K .......... .......... .......... .......... .......... 78%  108M 1s
 20200K .......... .......... .......... .......... .......... 78% 99.7M 0s
 20250K .......... .......... .......... .......... .......... 78%  151M 0s
 20300K .......... .......... .......... .......... .......... 78%  105M 0s
 20350K .......... .......... .......... .......... .......... 78% 84.7M 0s
 20400K .......... .......... .......... .......... .......... 79% 88.7M 0s
 20450K .......... .......... .......... .......... .......... 79%  125M 0s
 20500K .......... .......... .......... .......... .......... 79% 95.8M 0s
 20550K .......... .......... .......... .......... .......... 79%  162M 0s
 20600K .......... .......... .......... .......... .......... 79%  111M 0s
 20650K .......... .......... .......... .......... .......... 80% 89.5M 0s
 20700K .......... .......... .......... .......... .......... 80% 97.8M 0s
 20750K .......... .......... .......... .......... .......... 80% 86.4M 0s
 20800K .......... .......... .......... .......... .......... 80%  107M 0s
 20850K .......... .......... .......... .......... .......... 80% 94.0M 0s
 20900K .......... .......... .......... .......... .......... 80% 92.6M 0s
 20950K .......... .......... .......... .......... .......... 81% 95.0M 0s
 21000K .......... .......... .......... .......... .......... 81% 95.0M 0s
 21050K .......... .......... .......... .......... .......... 81% 95.2M 0s
 21100K .......... .......... .......... .......... .......... 81%  156M 0s
 21150K .......... .......... .......... .......... .......... 81% 69.2M 0s
 21200K .......... .......... .......... .......... .......... 82%  155M 0s
 21250K .......... .......... .......... .......... .......... 82%  105M 0s
 21300K .......... .......... .......... .......... .......... 82%  100M 0s
 21350K .......... .......... .......... .......... .......... 82%  132M 0s
 21400K .......... .......... .......... .......... .......... 82%  104M 0s
 21450K .......... .......... .......... .......... .......... 83%  114M 0s
 21500K .......... .......... .......... .......... .......... 83%  154M 0s
 21550K .......... .......... .......... .......... .......... 83% 69.0M 0s
 21600K .......... .......... .......... .......... .......... 83%  158M 0s
 21650K .......... .......... .......... .......... .......... 83%  106M 0s
 21700K .......... .......... .......... .......... .......... 84% 98.9M 0s
 21750K .......... .......... .......... .......... .......... 84%  148M 0s
 21800K .......... .......... .......... .......... .......... 84%  100M 0s
 21850K .......... .......... .......... .......... .......... 84%  105M 0s
 21900K .......... .......... .......... .......... .......... 84%  167M 0s
 21950K .......... .......... .......... .......... .......... 85% 68.4M 0s
 22000K .......... .......... .......... .......... .......... 85%  167M 0s
 22050K .......... .......... .......... .......... .......... 85%  110M 0s
 22100K .......... .......... .......... .......... .......... 85% 94.1M 0s
 22150K .......... .......... .......... .......... .......... 85%  135M 0s
 22200K .......... .......... .......... .......... .......... 86%  100M 0s
 22250K .......... .......... .......... .......... .......... 86%  109M 0s
 22300K .......... .......... .......... .......... .......... 86%  173M 0s
 22350K .......... .......... .......... .......... .......... 86% 65.7M 0s
 22400K .......... .......... .......... .......... .......... 86%  156M 0s
 22450K .......... .......... .......... .......... .......... 86% 99.2M 0s
 22500K .......... .......... .......... .......... .......... 87%  110M 0s
 22550K .......... .......... .......... .......... .......... 87% 96.6M 0s
 22600K .......... .......... .......... .......... .......... 87%  153M 0s
 22650K .......... .......... .......... .......... .......... 87% 98.9M 0s
 22700K .......... .......... .......... .......... .......... 87%  106M 0s
 22750K .......... .......... .......... .......... .......... 88% 97.7M 0s
 22800K .......... .......... .......... .......... .......... 88% 96.8M 0s
 22850K .......... .......... .......... .......... .......... 88%  153M 0s
 22900K .......... .......... .......... .......... .......... 88% 93.0M 0s
 22950K .......... .......... .......... .......... .......... 88%  117M 0s
 23000K .......... .......... .......... .......... .......... 89% 94.7M 0s
 23050K .......... .......... .......... .......... .......... 89% 97.4M 0s
 23100K .......... .......... .......... .......... .......... 89%  160M 0s
 23150K .......... .......... .......... .......... .......... 89% 69.1M 0s
 23200K .......... .......... .......... .......... .......... 89%  156M 0s
 23250K .......... .......... .......... .......... .......... 90%  101M 0s
 23300K .......... .......... .......... .......... .......... 90% 96.8M 0s
 23350K .......... .......... .......... .......... .......... 90%  136M 0s
 23400K .......... .......... .......... .......... .......... 90%  104M 0s
 23450K .......... .......... .......... .......... .......... 90% 99.9M 0s
 23500K .......... .......... .......... .......... .......... 91%  101M 0s
 23550K .......... .......... .......... .......... .......... 91% 87.0M 0s
 23600K .......... .......... .......... .......... .......... 91% 95.3M 0s
 23650K .......... .......... .......... .......... .......... 91%  164M 0s
 23700K .......... .......... .......... .......... .......... 91%  107M 0s
 23750K .......... .......... .......... .......... .......... 92% 95.8M 0s
 23800K .......... .......... .......... .......... .......... 92%  161M 0s
 23850K .......... .......... .......... .......... .......... 92%  109M 0s
 23900K .......... .......... .......... .......... .......... 92% 93.0M 0s
 23950K .......... .......... .......... .......... .......... 92% 95.1M 0s
 24000K .......... .......... .......... .......... .......... 92% 93.8M 0s
 24050K .......... .......... .......... .......... .......... 93%  151M 0s
 24100K .......... .......... .......... .......... .......... 93% 92.2M 0s
 24150K .......... .......... .......... .......... .......... 93%  120M 0s
 24200K .......... .......... .......... .......... .......... 93%  152M 0s
 24250K .......... .......... .......... .......... .......... 93% 95.3M 0s
 24300K .......... .......... .......... .......... .......... 94% 1.16M 0s
 24350K .......... .......... .......... .......... .......... 94% 91.1M 0s
 24400K .......... .......... .......... .......... .......... 94% 84.6M 0s
 24450K .......... .......... .......... .......... .......... 94%  148M 0s
 24500K .......... .......... .......... .......... .......... 94%  102M 0s
 24550K .......... .......... .......... .......... .......... 95%  153M 0s
 24600K .......... .......... .......... .......... .......... 95% 96.8M 0s
 24650K .......... .......... .......... .......... .......... 95%  142M 0s
 24700K .......... .......... .......... .......... .......... 95% 95.5M 0s
 24750K .......... .......... .......... .......... .......... 95% 88.6M 0s
 24800K .......... .......... .......... .......... .......... 96%  177M 0s
 24850K .......... .......... .......... .......... .......... 96%  111M 0s
 24900K .......... .......... .......... .......... .......... 96% 96.3M 0s
 24950K .......... .......... .......... .......... .......... 96%  151M 0s
 25000K .......... .......... .......... .......... .......... 96%  114M 0s
 25050K .......... .......... .......... .......... .......... 97% 94.7M 0s
 25100K .......... .......... .......... .......... .......... 97%  155M 0s
 25150K .......... .......... .......... .......... .......... 97% 68.4M 0s
 25200K .......... .......... .......... .......... .......... 97%  137M 0s
 25250K .......... .......... .......... .......... .......... 97%  116M 0s
 25300K .......... .......... .......... .......... .......... 98%  151M 0s
 25350K .......... .......... .......... .......... .......... 98%  101M 0s
 25400K .......... .......... .......... .......... .......... 98%  108M 0s
 25450K .......... .......... .......... .......... .......... 98% 97.3M 0s
 25500K .......... .......... .......... .......... .......... 98%  152M 0s
 25550K .......... .......... .......... .......... .......... 98% 96.0M 0s
 25600K .......... .......... .......... .......... .......... 99%  111M 0s
 25650K .......... .......... .......... .......... .......... 99% 95.7M 0s
 25700K .......... .......... .......... .......... .......... 99%  161M 0s
 25750K .......... .......... .......... .......... .......... 99%  107M 0s
 25800K .......... .......... .......... .......... .......... 99% 92.9M 0s
 25850K .......... ......                                     100%  282M=1.9s

2026-04-07 09:07:23 (13.5 MB/s) - ‘vlc-3.0.23.tar.xz’ saved [26486988/26486988]

--2026-04-07 09:07:23--  https://www.linuxfromscratch.org/patches/blfs/svn/vlc-3.0.21-taglib-1.patch
Resolving www.linuxfromscratch.org (www.linuxfromscratch.org)... 208.118.68.85
Connecting to www.linuxfromscratch.org (www.linuxfromscratch.org)|208.118.68.85|:443... connected.
HTTP request sent, awaiting response... 404 Not Found
2026-04-07 09:07:24 ERROR 404: Not Found.

