--2026-04-07 07:16:47--  https://archive.xfce.org/src/apps/xfce4-terminal/1.2/xfce4-terminal-1.2.0.tar.xz
Resolving archive.xfce.org (archive.xfce.org)... 217.70.191.87
Connecting to archive.xfce.org (archive.xfce.org)|217.70.191.87|:443... connected.
HTTP request sent, awaiting response... 302 Found
Location: https://archive.al-us.xfce.org/src/apps/xfce4-terminal/1.2/xfce4-terminal-1.2.0.tar.xz [following]
--2026-04-07 07:16:48--  https://archive.al-us.xfce.org/src/apps/xfce4-terminal/1.2/xfce4-terminal-1.2.0.tar.xz
Resolving archive.al-us.xfce.org (archive.al-us.xfce.org)... 207.223.116.211
Connecting to archive.al-us.xfce.org (archive.al-us.xfce.org)|207.223.116.211|:443... connected.
HTTP request sent, awaiting response... 200 OK
Length: 451388 (441K) [application/x-xz]
Saving to: ‘xfce4-terminal-1.2.0.tar.xz’

     0K .......... .......... .......... .......... .......... 11%  631K 1s
    50K .......... .......... .......... .......... .......... 22%  772K 0s
   100K .......... .......... .......... .......... .......... 34%  845K 0s
   150K .......... .......... .......... .......... .......... 45%  963K 0s
   200K .......... .......... .......... .......... .......... 56%  842K 0s
   250K .......... .......... .......... .......... .......... 68%  996K 0s
   300K .......... .......... .......... .......... .......... 79%  990K 0s
   350K .......... .......... .......... .......... .......... 90%  719K 0s
   400K .......... .......... .......... ..........           100% 1.05M=0.5s

2026-04-07 07:16:49 (844 KB/s) - ‘xfce4-terminal-1.2.0.tar.xz’ saved [451388/451388]

xfce4-terminal-1.2.0/
xfce4-terminal-1.2.0/.clang-format
xfce4-terminal-1.2.0/.gitlab-ci.yml
xfce4-terminal-1.2.0/AUTHORS
xfce4-terminal-1.2.0/COPYING
xfce4-terminal-1.2.0/HACKING
xfce4-terminal-1.2.0/NEWS
xfce4-terminal-1.2.0/README.md
xfce4-terminal-1.2.0/THANKS
xfce4-terminal-1.2.0/TODO
xfce4-terminal-1.2.0/colorschemes/
xfce4-terminal-1.2.0/colorschemes/black-on-white.desktop.in
xfce4-terminal-1.2.0/colorschemes/dark-pastels.desktop.in
xfce4-terminal-1.2.0/colorschemes/green-on-black.desktop.in
xfce4-terminal-1.2.0/colorschemes/meson.build
xfce4-terminal-1.2.0/colorschemes/solarized-dark.desktop.in
xfce4-terminal-1.2.0/colorschemes/solarized-light.desktop.in
xfce4-terminal-1.2.0/colorschemes/tango.desktop.in
xfce4-terminal-1.2.0/colorschemes/white-on-black.desktop.in
xfce4-terminal-1.2.0/colorschemes/xterm.desktop.in
xfce4-terminal-1.2.0/doc/
xfce4-terminal-1.2.0/doc/meson.build
xfce4-terminal-1.2.0/doc/xfce4-terminal.xml
xfce4-terminal-1.2.0/icons/
xfce4-terminal-1.2.0/icons/128x128/
xfce4-terminal-1.2.0/icons/128x128/org.xfce.terminal-settings.png
xfce4-terminal-1.2.0/icons/128x128/org.xfce.terminal.png
xfce4-terminal-1.2.0/icons/16x16/
xfce4-terminal-1.2.0/icons/16x16/org.xfce.terminal-settings.png
xfce4-terminal-1.2.0/icons/16x16/org.xfce.terminal-settings.svg
xfce4-terminal-1.2.0/icons/16x16/org.xfce.terminal.png
xfce4-terminal-1.2.0/icons/16x16/org.xfce.terminal.svg
xfce4-terminal-1.2.0/icons/24x24/
xfce4-terminal-1.2.0/icons/24x24/org.xfce.terminal-settings.png
xfce4-terminal-1.2.0/icons/24x24/org.xfce.terminal-settings.svg
xfce4-terminal-1.2.0/icons/24x24/org.xfce.terminal.png
xfce4-terminal-1.2.0/icons/24x24/org.xfce.terminal.svg
xfce4-terminal-1.2.0/icons/32x32/
xfce4-terminal-1.2.0/icons/32x32/org.xfce.terminal-settings.png
xfce4-terminal-1.2.0/icons/32x32/org.xfce.terminal-settings.svg
xfce4-terminal-1.2.0/icons/32x32/org.xfce.terminal.png
xfce4-terminal-1.2.0/icons/32x32/org.xfce.terminal.svg
xfce4-terminal-1.2.0/icons/48x48/
xfce4-terminal-1.2.0/icons/48x48/org.xfce.terminal-settings.png
xfce4-terminal-1.2.0/icons/48x48/org.xfce.terminal-settings.svg
xfce4-terminal-1.2.0/icons/48x48/org.xfce.terminal.png
xfce4-terminal-1.2.0/icons/48x48/org.xfce.terminal.svg
xfce4-terminal-1.2.0/icons/64x64/
xfce4-terminal-1.2.0/icons/64x64/org.xfce.terminal-settings.png
xfce4-terminal-1.2.0/icons/64x64/org.xfce.terminal-settings.svg
xfce4-terminal-1.2.0/icons/64x64/org.xfce.terminal.png
xfce4-terminal-1.2.0/icons/64x64/org.xfce.terminal.svg
xfce4-terminal-1.2.0/icons/96x96/
xfce4-terminal-1.2.0/icons/96x96/org.xfce.terminal-settings.png
xfce4-terminal-1.2.0/icons/96x96/org.xfce.terminal-settings.svg
xfce4-terminal-1.2.0/icons/96x96/org.xfce.terminal.png
xfce4-terminal-1.2.0/icons/96x96/org.xfce.terminal.svg
xfce4-terminal-1.2.0/icons/meson.build
xfce4-terminal-1.2.0/icons/scalable/
xfce4-terminal-1.2.0/icons/scalable/org.xfce.terminal-settings.svg
xfce4-terminal-1.2.0/icons/scalable/org.xfce.terminal.svg
xfce4-terminal-1.2.0/meson.build
xfce4-terminal-1.2.0/meson_options.txt
xfce4-terminal-1.2.0/po/
xfce4-terminal-1.2.0/po/LINGUAS
xfce4-terminal-1.2.0/po/POTFILES
xfce4-terminal-1.2.0/po/ar.po
xfce4-terminal-1.2.0/po/ast.po
xfce4-terminal-1.2.0/po/be.po
xfce4-terminal-1.2.0/po/bg.po
xfce4-terminal-1.2.0/po/ca.po
xfce4-terminal-1.2.0/po/cs.po
xfce4-terminal-1.2.0/po/da.po
xfce4-terminal-1.2.0/po/de.po
xfce4-terminal-1.2.0/po/el.po
xfce4-terminal-1.2.0/po/en_AU.po
xfce4-terminal-1.2.0/po/en_GB.po
xfce4-terminal-1.2.0/po/eo.po
xfce4-terminal-1.2.0/po/es.po
xfce4-terminal-1.2.0/po/et.po
xfce4-terminal-1.2.0/po/eu.po
xfce4-terminal-1.2.0/po/fa_IR.po
xfce4-terminal-1.2.0/po/fi.po
xfce4-terminal-1.2.0/po/fr.po
xfce4-terminal-1.2.0/po/gl.po
xfce4-terminal-1.2.0/po/he.po
xfce4-terminal-1.2.0/po/hr.po
xfce4-terminal-1.2.0/po/hu.po
xfce4-terminal-1.2.0/po/hy_AM.po
xfce4-terminal-1.2.0/po/hye.po
xfce4-terminal-1.2.0/po/id.po
xfce4-terminal-1.2.0/po/ie.po
xfce4-terminal-1.2.0/po/is.po
xfce4-terminal-1.2.0/po/it.po
xfce4-terminal-1.2.0/po/ja.po
xfce4-terminal-1.2.0/po/kk.po
xfce4-terminal-1.2.0/po/ko.po
xfce4-terminal-1.2.0/po/lt.po
xfce4-terminal-1.2.0/po/lv.po
xfce4-terminal-1.2.0/po/meson.build
xfce4-terminal-1.2.0/po/ms.po
xfce4-terminal-1.2.0/po/nb.po
xfce4-terminal-1.2.0/po/nl.po
xfce4-terminal-1.2.0/po/oc.po
xfce4-terminal-1.2.0/po/pa.po
xfce4-terminal-1.2.0/po/pl.po
xfce4-terminal-1.2.0/po/pt.po
xfce4-terminal-1.2.0/po/pt_BR.po
xfce4-terminal-1.2.0/po/ro.po
xfce4-terminal-1.2.0/po/ru.po
xfce4-terminal-1.2.0/po/si.po
xfce4-terminal-1.2.0/po/sk.po
xfce4-terminal-1.2.0/po/sl.po
xfce4-terminal-1.2.0/po/sq.po
xfce4-terminal-1.2.0/po/sr.po
xfce4-terminal-1.2.0/po/sv.po
xfce4-terminal-1.2.0/po/te.po
xfce4-terminal-1.2.0/po/th.po
xfce4-terminal-1.2.0/po/tr.po
xfce4-terminal-1.2.0/po/tt.po
xfce4-terminal-1.2.0/po/ug.po
xfce4-terminal-1.2.0/po/uk.po
xfce4-terminal-1.2.0/po/ur.po
xfce4-terminal-1.2.0/po/ur_PK.po
xfce4-terminal-1.2.0/po/vi.po
xfce4-terminal-1.2.0/po/zh_CN.po
xfce4-terminal-1.2.0/po/zh_TW.po
xfce4-terminal-1.2.0/terminal/
xfce4-terminal-1.2.0/terminal/main.c
xfce4-terminal-1.2.0/terminal/meson.build
xfce4-terminal-1.2.0/terminal/terminal-app.c
xfce4-terminal-1.2.0/terminal/terminal-app.h
xfce4-terminal-1.2.0/terminal/terminal-config.h.in
xfce4-terminal-1.2.0/terminal/terminal-encoding-action.c
xfce4-terminal-1.2.0/terminal/terminal-encoding-action.h
xfce4-terminal-1.2.0/terminal/terminal-gdbus.c
xfce4-terminal-1.2.0/terminal/terminal-gdbus.h
xfce4-terminal-1.2.0/terminal/terminal-image-loader.c
xfce4-terminal-1.2.0/terminal/terminal-image-loader.h
xfce4-terminal-1.2.0/terminal/terminal-marshal.list
xfce4-terminal-1.2.0/terminal/terminal-options.c
xfce4-terminal-1.2.0/terminal/terminal-options.h
xfce4-terminal-1.2.0/terminal/terminal-preferences-dialog.c
xfce4-terminal-1.2.0/terminal/terminal-preferences-dialog.h
xfce4-terminal-1.2.0/terminal/terminal-preferences.c
xfce4-terminal-1.2.0/terminal/terminal-preferences.h
xfce4-terminal-1.2.0/terminal/terminal-private.h
xfce4-terminal-1.2.0/terminal/terminal-regex.h
xfce4-terminal-1.2.0/terminal/terminal-screen.c
xfce4-terminal-1.2.0/terminal/terminal-screen.h
xfce4-terminal-1.2.0/terminal/terminal-search-dialog.c
xfce4-terminal-1.2.0/terminal/terminal-search-dialog.h
xfce4-terminal-1.2.0/terminal/terminal-util.c
xfce4-terminal-1.2.0/terminal/terminal-util.h
xfce4-terminal-1.2.0/terminal/terminal-widget.c
xfce4-terminal-1.2.0/terminal/terminal-widget.h
xfce4-terminal-1.2.0/terminal/terminal-window-dropdown.c
xfce4-terminal-1.2.0/terminal/terminal-window-dropdown.h
xfce4-terminal-1.2.0/terminal/terminal-window.c
xfce4-terminal-1.2.0/terminal/terminal-window.h
xfce4-terminal-1.2.0/xfce-revision.h.in
xfce4-terminal-1.2.0/xfce4-terminal-settings.desktop.in
xfce4-terminal-1.2.0/xfce4-terminal.desktop.in
The Meson build system
Version: 1.10.2
Source dir: /blfs/builds/xfce4-terminal-1.2.0
Build dir: /blfs/builds/xfce4-terminal-1.2.0/build
Build type: native build
Project name: xfce4-terminal
Project version: 1.2.0
C compiler for the host machine: cc (gcc 15.2.0 "cc (GCC) 15.2.0")
C linker for the host machine: cc ld.bfd 2.45
Host machine cpu family: x86_64
Host machine cpu: x86_64
Found pkg-config: YES (/usr/bin/pkg-config) 2.5.1
Run-time dependency glib-2.0 found: YES 2.88.0
Run-time dependency gio-2.0 found: YES 2.88.0
Run-time dependency gtk+-3.0 found: YES 3.24.52
Run-time dependency vte-2.91 found: YES 0.82.3
Run-time dependency libpcre2-8 found: YES 10.47
Run-time dependency libxfce4ui-2 found: YES 4.21.7
Run-time dependency libxfce4kbd-private-3 found: YES 4.21.7
Run-time dependency libxfce4util-1.0 found: YES 4.20.1
Run-time dependency libxfconf-0 found: YES 4.21.2
Run-time dependency gdk-x11-3.0 found: YES 3.24.52
Run-time dependency x11 found: YES 1.8.13
Run-time dependency gdk-wayland-3.0 found: YES 3.24.52
Found CMake: /usr/bin/cmake (4.3.1)
Run-time dependency gtk-layer-shell-0 found: NO (tried pkgconfig and cmake)
Program xsltproc found: YES (/usr/bin/xsltproc)
Check usable header "sys/types.h" : YES 
Check usable header "errno.h" : YES 
Check usable header "limits.h" : YES 
Check usable header "locale.h" : YES 
Check usable header "memory.h" : YES 
Check usable header "pwd.h" : YES 
Check usable header "signal.h" : YES 
Check usable header "stdarg.h" : YES 
Check usable header "stdlib.h" : YES 
Check usable header "string.h" : YES 
Check usable header "time.h" : YES 
Check usable header "unistd.h" : YES 
Library utempter found: NO
Compiler for C supports arguments -Wmissing-declarations: YES 
Compiler for C supports arguments -Wmissing-noreturn: YES 
Compiler for C supports arguments -Wold-style-definition: YES 
Compiler for C supports arguments -Wredundant-decls: YES 
Compiler for C supports arguments -Wpointer-arith: YES 
Compiler for C supports arguments -Wcast-align: YES 
Compiler for C supports arguments -Winit-self: YES 
Compiler for C supports arguments -Wshadow: YES 
Compiler for C supports arguments -Wmissing-include-dirs: YES 
Compiler for C supports arguments -Wundef: YES 
Compiler for C supports arguments -Wformat: YES 
Compiler for C supports arguments -Wformat-security: YES 
Compiler for C supports arguments -Wformat-y2k: YES 
Compiler for C supports arguments -Wnested-externs: YES 
Compiler for C supports arguments -Wno-unused-parameter: YES 
Compiler for C supports arguments -Wno-declaration-after-statement: YES 
Compiler for C supports arguments -Wno-missing-field-initializers: YES 
Compiler for C supports arguments -Werror=implicit-function-declaration: YES 
Compiler for C supports arguments -Wno-error=deprecated-declarations: YES 
Program msgfmt found: YES (/usr/bin/msgfmt)
Program msginit found: YES (/usr/bin/msginit)
Program msgmerge found: YES (/usr/bin/msgmerge)
Program xgettext found: YES (/usr/bin/xgettext)
Dependency glib-2.0 found: YES 2.88.0 (cached)
Program /usr/bin/glib-genmarshal found: YES (/usr/bin/glib-genmarshal)
Configuring terminal-config.h using configuration
Dependency glib-2.0 found: YES 2.88.0 (cached)
Program /usr/bin/glib-mkenums found: YES (/usr/bin/glib-mkenums)
Dependency glib-2.0 found: YES 2.88.0 (cached)
Program /usr/bin/glib-mkenums found: YES (/usr/bin/glib-mkenums)
Build targets in project: 80

xfce4-terminal 1.2.0

  User defined options
    prefix: /usr

Found ninja-1.13.2 at /usr/bin/ninja
[1/93] Generating xfce-revision.h with a custom command
[2/93] Generating glib marshaller header terminal/terminal-marshal_h
[3/93] Generating GObject enum file terminal/terminal-enum-types.h (wrapped by meson because command contains newlines, to capture output)
[4/93] Generating glib marshaller source terminal/terminal-marshal_c
[5/93] Merging translations for xfce4-terminal.desktop
[6/93] Merging translations for colorschemes/green-on-black.theme
[7/93] Merging translations for colorschemes/dark-pastels.theme
[8/93] Merging translations for colorschemes/solarized-dark.theme
[9/93] Merging translations for colorschemes/solarized-light.theme
[10/93] Generating GObject enum file terminal/terminal-enum-types.c (wrapped by meson because command contains newlines, to capture output)
[11/93] Merging translations for colorschemes/tango.theme
[12/93] Merging translations for colorschemes/xterm.theme
[13/93] Compiling C object terminal/xfce4-terminal.p/meson-generated_.._terminal-marshal.c.o
[14/93] Merging translations for colorschemes/white-on-black.theme
[15/93] Merging translations for colorschemes/black-on-white.theme
[16/93] Merging translations for xfce4-terminal-settings.desktop
[17/93] Generating doc/xfce4-terminal.1 with a custom command
Note: Writing xfce4-terminal.1
[18/93] Compiling C object terminal/xfce4-terminal.p/main.c.o
[19/93] Compiling C object terminal/xfce4-terminal.p/terminal-gdbus.c.o
[20/93] Compiling C object terminal/xfce4-terminal.p/terminal-image-loader.c.o
[21/93] Building translation po/ar/LC_MESSAGES/xfce4-terminal-ar.mo
[22/93] Building translation po/ast/LC_MESSAGES/xfce4-terminal-ast.mo
[23/93] Building translation po/bg/LC_MESSAGES/xfce4-terminal-bg.mo
[24/93] Building translation po/be/LC_MESSAGES/xfce4-terminal-be.mo
[25/93] Building translation po/ca/LC_MESSAGES/xfce4-terminal-ca.mo
[26/93] Building translation po/cs/LC_MESSAGES/xfce4-terminal-cs.mo
[27/93] Building translation po/da/LC_MESSAGES/xfce4-terminal-da.mo
[28/93] Building translation po/de/LC_MESSAGES/xfce4-terminal-de.mo
[29/93] Building translation po/el/LC_MESSAGES/xfce4-terminal-el.mo
[30/93] Compiling C object terminal/xfce4-terminal.p/terminal-encoding-action.c.o
[31/93] Building translation po/en_AU/LC_MESSAGES/xfce4-terminal-en_AU.mo
[32/93] Building translation po/eo/LC_MESSAGES/xfce4-terminal-eo.mo
[33/93] Building translation po/en_GB/LC_MESSAGES/xfce4-terminal-en_GB.mo
[34/93] Compiling C object terminal/xfce4-terminal.p/meson-generated_.._terminal-enum-types.c.o
[35/93] Building translation po/es/LC_MESSAGES/xfce4-terminal-es.mo
[36/93] Building translation po/eu/LC_MESSAGES/xfce4-terminal-eu.mo
[37/93] Building translation po/et/LC_MESSAGES/xfce4-terminal-et.mo
[38/93] Building translation po/fa_IR/LC_MESSAGES/xfce4-terminal-fa_IR.mo
[39/93] Building translation po/fi/LC_MESSAGES/xfce4-terminal-fi.mo
[40/93] Building translation po/hr/LC_MESSAGES/xfce4-terminal-hr.mo
[41/93] Building translation po/hu/LC_MESSAGES/xfce4-terminal-hu.mo
[42/93] Building translation po/he/LC_MESSAGES/xfce4-terminal-he.mo
[43/93] Building translation po/fr/LC_MESSAGES/xfce4-terminal-fr.mo
[44/93] Building translation po/gl/LC_MESSAGES/xfce4-terminal-gl.mo
[45/93] Compiling C object terminal/xfce4-terminal.p/terminal-preferences.c.o
[46/93] Building translation po/id/LC_MESSAGES/xfce4-terminal-id.mo
[47/93] Building translation po/hy_AM/LC_MESSAGES/xfce4-terminal-hy_AM.mo
[48/93] Building translation po/hye/LC_MESSAGES/xfce4-terminal-hye.mo
[49/93] Building translation po/ie/LC_MESSAGES/xfce4-terminal-ie.mo
[50/93] Building translation po/is/LC_MESSAGES/xfce4-terminal-is.mo
[51/93] Building translation po/ja/LC_MESSAGES/xfce4-terminal-ja.mo
[52/93] Building translation po/it/LC_MESSAGES/xfce4-terminal-it.mo
[53/93] Building translation po/kk/LC_MESSAGES/xfce4-terminal-kk.mo
[54/93] Building translation po/lt/LC_MESSAGES/xfce4-terminal-lt.mo
[55/93] Building translation po/ko/LC_MESSAGES/xfce4-terminal-ko.mo
[56/93] Building translation po/lv/LC_MESSAGES/xfce4-terminal-lv.mo
[57/93] Building translation po/ms/LC_MESSAGES/xfce4-terminal-ms.mo
[58/93] Building translation po/nl/LC_MESSAGES/xfce4-terminal-nl.mo
[59/93] Building translation po/nb/LC_MESSAGES/xfce4-terminal-nb.mo
[60/93] Building translation po/oc/LC_MESSAGES/xfce4-terminal-oc.mo
[61/93] Building translation po/pa/LC_MESSAGES/xfce4-terminal-pa.mo
[62/93] Building translation po/pl/LC_MESSAGES/xfce4-terminal-pl.mo
[63/93] Building translation po/pt_BR/LC_MESSAGES/xfce4-terminal-pt_BR.mo
[64/93] Building translation po/pt/LC_MESSAGES/xfce4-terminal-pt.mo
[65/93] Compiling C object terminal/xfce4-terminal.p/terminal-app.c.o
[66/93] Building translation po/ru/LC_MESSAGES/xfce4-terminal-ru.mo
[67/93] Building translation po/si/LC_MESSAGES/xfce4-terminal-si.mo
[68/93] Building translation po/ro/LC_MESSAGES/xfce4-terminal-ro.mo
[69/93] Compiling C object terminal/xfce4-terminal.p/terminal-options.c.o
[70/93] Building translation po/sq/LC_MESSAGES/xfce4-terminal-sq.mo
[71/93] Building translation po/sv/LC_MESSAGES/xfce4-terminal-sv.mo
[72/93] Building translation po/sk/LC_MESSAGES/xfce4-terminal-sk.mo
[73/93] Building translation po/sl/LC_MESSAGES/xfce4-terminal-sl.mo
[74/93] Building translation po/sr/LC_MESSAGES/xfce4-terminal-sr.mo
[75/93] Building translation po/tr/LC_MESSAGES/xfce4-terminal-tr.mo
[76/93] Building translation po/tt/LC_MESSAGES/xfce4-terminal-tt.mo
[77/93] Building translation po/th/LC_MESSAGES/xfce4-terminal-th.mo
[78/93] Building translation po/ug/LC_MESSAGES/xfce4-terminal-ug.mo
[79/93] Building translation po/uk/LC_MESSAGES/xfce4-terminal-uk.mo
[80/93] Building translation po/te/LC_MESSAGES/xfce4-terminal-te.mo
[81/93] Building translation po/ur/LC_MESSAGES/xfce4-terminal-ur.mo
[82/93] Building translation po/vi/LC_MESSAGES/xfce4-terminal-vi.mo
[83/93] Building translation po/ur_PK/LC_MESSAGES/xfce4-terminal-ur_PK.mo
[84/93] Building translation po/zh_CN/LC_MESSAGES/xfce4-terminal-zh_CN.mo
[85/93] Building translation po/zh_TW/LC_MESSAGES/xfce4-terminal-zh_TW.mo
[86/93] Compiling C object terminal/xfce4-terminal.p/terminal-util.c.o
[87/93] Compiling C object terminal/xfce4-terminal.p/terminal-search-dialog.c.o
[88/93] Compiling C object terminal/xfce4-terminal.p/terminal-window-dropdown.c.o
FAILED: [code=1] terminal/xfce4-terminal.p/terminal-window-dropdown.c.o 
cc -Iterminal/xfce4-terminal.p -Iterminal -I../terminal -I. -I.. -I/usr/include/glib-2.0 -I/usr/lib/glib-2.0/include -I/usr/include/sysprof-6 -I/usr/include/libmount -I/usr/include/blkid -I/usr/include/gtk-3.0 -I/usr/include/pango-1.0 -I/usr/include/cairo -I/usr/include/gdk-pixbuf-2.0 -I/usr/include/glycin-2 -I/usr/include/at-spi2-atk/2.0 -I/usr/include/at-spi-2.0 -I/usr/include/atk-1.0 -I/usr/include/dbus-1.0 -I/usr/lib/dbus-1.0/include -I/usr/include/fribidi -I/usr/include/pixman-1 -I/usr/include/harfbuzz -I/usr/include/freetype2 -I/usr/include/libpng16 -I/usr/include/gio-unix-2.0 -I/usr/include/vte-2.91 -I/usr/include/xfce4/libxfce4ui-2 -I/usr/include/xfce4/xfconf-0 -I/usr/include/xfce4 -I/usr/include/uuid -I/usr/include/startup-notification-1.0 -I/usr/include/xfce4/libxfce4kbd-private-3 -fdiagnostics-color=always -D_FILE_OFFSET_BITS=64 -Wall -Winvalid-pch -Wextra -std=gnu11 -O2 -g -Wmissing-declarations -Wmissing-noreturn -Wold-style-definition -Wredundant-decls -Wpointer-arith -Wcast-align -Winit-self -Wshadow -Wmissing-include-dirs -Wundef -Wformat -Wformat-security -Wformat-y2k -Wnested-externs -Wno-unused-parameter -Wno-declaration-after-statement -Wno-missing-field-initializers -Werror=implicit-function-declaration -Wno-error=deprecated-declarations -DGLIB_VERSION_MIN_REQUIRED=GLIB_VERSION_2_44 -DGLIB_VERSION_MAX_ALLOWED=GLIB_VERSION_2_44 -DG_LOG_USE_STRUCTURED=1 '-DPACKAGE="xfce4-terminal"' '-DPACKAGE_NAME="xfce4-terminal"' '-DPACKAGE_VERSION="1.2.0"' '-DVERSION="1.2.0"' '-DVERSION_SHORT="1.2"' '-DPACKAGE_STRING="xfce4-terminal 1.2.0"' '-DPACKAGE_DATADIR="/usr/share/xfce4-terminal"' '-DCOPYRIGHT_YEAR="2026"' '-DPACKAGE_LOCALE_DIR="/usr/share/locale"' '-DPACKAGE_BUGREPORT="https://gitlab.xfce.org/apps/xfce4-terminal/-/issues"' '-DGETTEXT_PACKAGE="xfce4-terminal"' '-DPREFIX="/usr"' '-DBINDIR="/usr/bin"' '-DDATADIR="/usr/share"' '-DINCLUDEDIR="/usr/include"' '-DLIBDIR="/usr/lib"' '-DLIBEXECDIR="/usr/libexec"' '-DLOCALEDIR="/usr/share/locale"' '-DLOCALSTATEDIR="/var"' '-DSBINDIR="/usr/sbin"' '-DSYSCONFDIR="/etc"' -DHAVE_XFCE_REVISION_H=1 -DENABLE_X11=1 -DENABLE_WAYLAND=1 -DHAVE_SYS_TYPES_H=1 -DHAVE_ERRNO_H=1 -DHAVE_LIMITS_H=1 -DHAVE_LOCALE_H=1 -DHAVE_MEMORY_H=1 -DHAVE_PWD_H=1 -DHAVE_SIGNAL_H=1 -DHAVE_STDARG_H=1 -DHAVE_STDLIB_H=1 -DHAVE_STRING_H=1 -DHAVE_TIME_H=1 -DHAVE_UNISTD_H=1 -O2 -pthread '-DG_LOG_DOMAIN="xfce4-terminal"' -MD -MQ terminal/xfce4-terminal.p/terminal-window-dropdown.c.o -MF terminal/xfce4-terminal.p/terminal-window-dropdown.c.o.d -o terminal/xfce4-terminal.p/terminal-window-dropdown.c.o -c ../terminal/terminal-window-dropdown.c
../terminal/terminal-window-dropdown.c: In function ‘terminal_window_dropdown_finalize’:
../terminal/terminal-window-dropdown.c:570:15: error: ‘TerminalWindowDropdown’ {aka ‘struct _TerminalWindowDropdown’} has no member named ‘set_monitor_idle_id’
  570 |   if (dropdown->set_monitor_idle_id != 0)
      |               ^~
../terminal/terminal-window-dropdown.c:571:30: error: ‘TerminalWindowDropdown’ {aka ‘struct _TerminalWindowDropdown’} has no member named ‘set_monitor_idle_id’
  571 |     g_source_remove (dropdown->set_monitor_idle_id);
      |                              ^~
../terminal/terminal-window-dropdown.c:573:15: error: ‘TerminalWindowDropdown’ {aka ‘struct _TerminalWindowDropdown’} has no member named ‘monitor_removed_idle_id’
  573 |   if (dropdown->monitor_removed_idle_id != 0)
      |               ^~
../terminal/terminal-window-dropdown.c:574:30: error: ‘TerminalWindowDropdown’ {aka ‘struct _TerminalWindowDropdown’} has no member named ‘monitor_removed_idle_id’
  574 |     g_source_remove (dropdown->monitor_removed_idle_id);
      |                              ^~
[89/93] Compiling C object terminal/xfce4-terminal.p/terminal-widget.c.o
[90/93] Compiling C object terminal/xfce4-terminal.p/terminal-preferences-dialog.c.o
[91/93] Compiling C object terminal/xfce4-terminal.p/terminal-window.c.o
[92/93] Compiling C object terminal/xfce4-terminal.p/terminal-screen.c.o
../terminal/terminal-screen.c: In function ‘terminal_screen_get_property’:
../terminal/terminal-screen.c:533:15: warning: ‘vte_terminal_get_window_title’ is deprecated [-Wdeprecated-declarations]
  533 |               title = vte_terminal_get_window_title (VTE_TERMINAL (screen->terminal));
      |               ^~~~~
In file included from /usr/include/vte-2.91/vte/vte.h:38,
                 from ../terminal/terminal-private.h:36,
                 from ../terminal/terminal-screen.c:51:
/usr/include/vte-2.91/vte/vtedeprecated.h:217:13: note: declared here
  217 | const char *vte_terminal_get_window_title(VteTerminal *terminal) _VTE_CXX_NOEXCEPT _VTE_GNUC_NONNULL(1);
      |             ^~~~~~~~~~~~~~~~~~~~~~~~~~~~~
../terminal/terminal-screen.c: In function ‘terminal_screen_parse_title’:
../terminal/terminal-screen.c:932:11: warning: ‘vte_terminal_get_window_title’ is deprecated [-Wdeprecated-declarations]
  932 |           vte_title = vte_terminal_get_window_title (VTE_TERMINAL (screen->terminal));
      |           ^~~~~~~~~
/usr/include/vte-2.91/vte/vtedeprecated.h:217:13: note: declared here
  217 | const char *vte_terminal_get_window_title(VteTerminal *terminal) _VTE_CXX_NOEXCEPT _VTE_GNUC_NONNULL(1);
      |             ^~~~~~~~~~~~~~~~~~~~~~~~~~~~~
../terminal/terminal-screen.c: In function ‘terminal_screen_update_colors’:
../terminal/terminal-screen.c:1211:11: warning: ‘gtk_style_context_get_background_color’ is deprecated: Use 'gtk_render_background' instead [-Wdeprecated-declarations]
 1211 |           gtk_style_context_get_background_color (context, GTK_STATE_FLAG_ACTIVE, &bg);
      |           ^~~~~~~~~~~~~~~~~~~~~~~~~~~~~~~~~~~~~~
In file included from /usr/include/gtk-3.0/gtk/gtkicontheme.h:27,
                 from /usr/include/gtk-3.0/gtk/gtk.h:127,
                 from /usr/include/xfce4/libxfce4ui-2/libxfce4ui/xfce-cell-renderer-icon.h:27,
                 from /usr/include/xfce4/libxfce4ui-2/libxfce4ui/libxfce4ui.h:30,
                 from ../terminal/terminal-screen.c:45:
/usr/include/gtk-3.0/gtk/gtkstylecontext.h:1201:6: note: declared here
 1201 | void gtk_style_context_get_background_color (GtkStyleContext *context,
      |      ^~~~~~~~~~~~~~~~~~~~~~~~~~~~~~~~~~~~~~
../terminal/terminal-screen.c: In function ‘terminal_screen_get_title’:
../terminal/terminal-screen.c:2459:3: warning: ‘vte_terminal_get_window_title’ is deprecated [-Wdeprecated-declarations]
 2459 |   vte_title = vte_terminal_get_window_title (VTE_TERMINAL (screen->terminal));
      |   ^~~~~~~~~
/usr/include/vte-2.91/vte/vtedeprecated.h:217:13: note: declared here
  217 | const char *vte_terminal_get_window_title(VteTerminal *terminal) _VTE_CXX_NOEXCEPT _VTE_GNUC_NONNULL(1);
      |             ^~~~~~~~~~~~~~~~~~~~~~~~~~~~~
../terminal/terminal-screen.c: In function ‘terminal_screen_get_working_directory’:
../terminal/terminal-screen.c:2533:3: warning: ‘vte_terminal_get_current_directory_uri’ is deprecated [-Wdeprecated-declarations]
 2533 |   uri = vte_terminal_get_current_directory_uri (VTE_TERMINAL (screen->terminal));
      |   ^~~
/usr/include/vte-2.91/vte/vtedeprecated.h:221:13: note: declared here
  221 | const char *vte_terminal_get_current_directory_uri(VteTerminal *terminal) _VTE_CXX_NOEXCEPT _VTE_GNUC_NONNULL(1);
      |             ^~~~~~~~~~~~~~~~~~~~~~~~~~~~~~~~~~~~~~
../terminal/terminal-screen.c: In function ‘terminal_screen_get_encoding’:
../terminal/terminal-screen.c:2856:3: warning: ‘vte_terminal_get_encoding’ is deprecated [-Wdeprecated-declarations]
 2856 |   return vte_terminal_get_encoding (VTE_TERMINAL (screen->terminal));
      |   ^~~~~~
/usr/include/vte-2.91/vte/vtedeprecated.h:139:13: note: declared here
  139 | const char *vte_terminal_get_encoding(VteTerminal *terminal) _VTE_CXX_NOEXCEPT _VTE_GNUC_NONNULL(1);
      |             ^~~~~~~~~~~~~~~~~~~~~~~~~
../terminal/terminal-screen.c: In function ‘terminal_screen_set_encoding’:
../terminal/terminal-screen.c:2868:3: warning: ‘vte_terminal_set_encoding’ is deprecated [-Wdeprecated-declarations]
 2868 |   if (!vte_terminal_set_encoding (VTE_TERMINAL (screen->terminal), charset, NULL))
      |   ^~
/usr/include/vte-2.91/vte/vtedeprecated.h:133:10: note: declared here
  133 | gboolean vte_terminal_set_encoding(VteTerminal *terminal,
      |          ^~~~~~~~~~~~~~~~~~~~~~~~~
../terminal/terminal-screen.c: In function ‘terminal_screen_update_font’:
../terminal/terminal-screen.c:3026:7: warning: ‘vte_terminal_set_allow_bold’ is deprecated [-Wdeprecated-declarations]
 3026 |       vte_terminal_set_allow_bold (VTE_TERMINAL (screen->terminal), font_allow_bold);
      |       ^~~~~~~~~~~~~~~~~~~~~~~~~~~
/usr/include/vte-2.91/vte/vtedeprecated.h:185:6: note: declared here
  185 | void vte_terminal_set_allow_bold(VteTerminal *terminal,
      |      ^~~~~~~~~~~~~~~~~~~~~~~~~~~
ninja: build stopped: subcommand failed.
