--2025-12-15 08:34:25--  https://github.com/lu-zero/cargo-c/archive/v0.10.19/cargo-c-0.10.19.tar.gz
Resolving github.com (github.com)... 140.82.112.4
Connecting to github.com (github.com)|140.82.112.4|:443... connected.
HTTP request sent, awaiting response... 302 Found
Location: https://codeload.github.com/lu-zero/cargo-c/tar.gz/refs/tags/v0.10.19 [following]
--2025-12-15 08:34:26--  https://codeload.github.com/lu-zero/cargo-c/tar.gz/refs/tags/v0.10.19
Resolving codeload.github.com (codeload.github.com)... 140.82.114.9
Connecting to codeload.github.com (codeload.github.com)|140.82.114.9|:443... connected.
HTTP request sent, awaiting response... 200 OK
Length: 37408 (37K) [application/x-gzip]
Saving to: ‘cargo-c-0.10.19.tar.gz’

     0K .......... .......... .......... ......               100% 3.51M=0.01s

2025-12-15 08:34:26 (3.51 MB/s) - ‘cargo-c-0.10.19.tar.gz’ saved [37408/37408]

cargo-c-0.10.19/
cargo-c-0.10.19/.github/
cargo-c-0.10.19/.github/FUNDING.yml
cargo-c-0.10.19/.github/actions-rs/
cargo-c-0.10.19/.github/actions-rs/grcov.yml
cargo-c-0.10.19/.github/dependabot.yml
cargo-c-0.10.19/.github/workflows/
cargo-c-0.10.19/.github/workflows/deploy.yml
cargo-c-0.10.19/.github/workflows/example-project.yml
cargo-c-0.10.19/.github/workflows/rust.yml
cargo-c-0.10.19/.gitignore
cargo-c-0.10.19/Cargo.toml
cargo-c-0.10.19/LICENSE
cargo-c-0.10.19/README.md
cargo-c-0.10.19/codecov.yml
cargo-c-0.10.19/coverage.sh
cargo-c-0.10.19/example-project/
cargo-c-0.10.19/example-project/Cargo.toml
cargo-c-0.10.19/example-project/README.md
cargo-c-0.10.19/example-project/assets/
cargo-c-0.10.19/example-project/assets/capi/
cargo-c-0.10.19/example-project/assets/capi/include/
cargo-c-0.10.19/example-project/assets/capi/include/file.h
cargo-c-0.10.19/example-project/build.rs
cargo-c-0.10.19/example-project/cbindgen.toml
cargo-c-0.10.19/example-project/src/
cargo-c-0.10.19/example-project/src/capi.rs
cargo-c-0.10.19/example-project/src/lib.rs
cargo-c-0.10.19/example-project/tests/
cargo-c-0.10.19/example-project/tests/capi.rs
cargo-c-0.10.19/example-project/usage-from-c/
cargo-c-0.10.19/example-project/usage-from-c/Makefile
cargo-c-0.10.19/example-project/usage-from-c/meson.build
cargo-c-0.10.19/example-project/usage-from-c/run_tests.c
cargo-c-0.10.19/example-workspace/
cargo-c-0.10.19/example-workspace/Cargo.toml
cargo-c-0.10.19/example-workspace/api-a/
cargo-c-0.10.19/example-workspace/api-a/Cargo.toml
cargo-c-0.10.19/example-workspace/api-a/src/
cargo-c-0.10.19/example-workspace/api-a/src/lib.rs
cargo-c-0.10.19/example-workspace/api-b/
cargo-c-0.10.19/example-workspace/api-b/Cargo.toml
cargo-c-0.10.19/example-workspace/api-b/src/
cargo-c-0.10.19/example-workspace/api-b/src/lib.rs
cargo-c-0.10.19/src/
cargo-c-0.10.19/src/bin/
cargo-c-0.10.19/src/bin/capi.rs
cargo-c-0.10.19/src/bin/cbuild.rs
cargo-c-0.10.19/src/bin/cinstall.rs
cargo-c-0.10.19/src/bin/ctest.rs
cargo-c-0.10.19/src/build.rs
cargo-c-0.10.19/src/build_targets.rs
cargo-c-0.10.19/src/cli.rs
cargo-c-0.10.19/src/config.rs
cargo-c-0.10.19/src/install.rs
cargo-c-0.10.19/src/lib.rs
cargo-c-0.10.19/src/pkg_config_gen.rs
cargo-c-0.10.19/src/target.rs
  % Total    % Received % Xferd  Average Speed   Time    Time     Time  Current
                                 Dload  Upload   Total   Spent    Left  Speed
  0     0   0     0   0     0     0     0  --:--:-- --:--:-- --:--:--     0  0     0   0     0   0     0     0     0  --:--:-- --:--:-- --:--:--     0
100 100744 100 100744   0     0 231524     0  --:--:-- --:--:-- --:--:-- 231524
    Updating crates.io index
 Downloading crates ...
  Downloaded arrayref v0.3.9
  Downloaded anstyle-query v1.1.5
  Downloaded anstream v0.6.21
  Downloaded anstyle v1.0.13
  Downloaded anstyle-parse v0.2.7
  Downloaded gix-ignore v0.16.0
  Downloaded gix-negotiate v0.21.0
  Downloaded gix-lock v18.0.0
  Downloaded gix-hashtable v0.9.0
  Downloaded gix-glob v0.21.0
  Downloaded equivalent v1.0.2
  Downloaded gix-hash v0.19.0
  Downloaded gix-fs v0.16.1
  Downloaded gix-index v0.41.0
  Downloaded fnv v1.0.7
  Downloaded fallible-iterator v0.3.0
  Downloaded either v1.15.0
  Downloaded gix-refspec v0.31.0
  Downloaded openssl-probe v0.1.6
  Downloaded gix-sec v0.12.2
  Downloaded find-msvc-tools v0.1.5
  Downloaded opener v0.8.3
  Downloaded ordered-float v2.10.1
  Downloaded powerfmt v0.2.0
  Downloaded gix-quote v0.6.1
  Downloaded quote v1.0.42
  Downloaded ppv-lite86 v0.2.21
  Downloaded rfc6979 v0.4.0
  Downloaded hex v0.4.3
  Downloaded rand_core v0.9.3
  Downloaded shell-escape v0.1.5
  Downloaded serde-value v0.7.0
  Downloaded semver v1.0.27
  Downloaded rustfix v0.9.4
  Downloaded sec1 v0.7.3
  Downloaded shlex v1.3.0
  Downloaded pathdiff v0.2.3
  Downloaded scopeguard v1.2.0
  Downloaded memoffset v0.9.1
  Downloaded time-core v0.1.6
  Downloaded time-macros v0.2.24
  Downloaded toml_datetime v0.7.3
  Downloaded idna_adapter v1.2.1
  Downloaded version_check v0.9.5
  Downloaded utf8_iter v1.0.4
  Downloaded typeid v1.0.3
  Downloaded potential_utf v0.1.4
  Downloaded unicode-ident v1.0.22
  Downloaded tinyvec_macros v0.1.1
  Downloaded tracing-core v0.1.35
  Downloaded gix-protocol v0.51.0
  Downloaded hmac v0.12.1
  Downloaded rand_chacha v0.9.0
  Downloaded yoke-derive v0.8.1
  Downloaded walkdir v2.5.0
  Downloaded yoke v0.8.1
  Downloaded writeable v0.6.2
  Downloaded zeroize v1.8.2
  Downloaded zerovec-derive v0.11.2
  Downloaded zerofrom-derive v0.1.6
  Downloaded zerofrom v0.1.6
  Downloaded pin-project-lite v0.2.16
  Downloaded pkcs8 v0.10.2
  Downloaded serde_json v1.0.145
  Downloaded unicode-xid v0.2.6
  Downloaded gix-ref v0.53.1
  Downloaded tracing v0.1.43
  Downloaded regex-syntax v0.8.8
  Downloaded pem-rfc7468 v0.7.0
  Downloaded log v0.4.29
  Downloaded typenum v1.19.0
  Downloaded url v2.5.7
  Downloaded heapless v0.8.0
  Downloaded utf8parse v0.2.2
  Downloaded rustix v1.1.2
  Downloaded ignore v0.4.25
  Downloaded tracing-subscriber v0.3.22
  Downloaded icu_properties v2.1.2
  Downloaded vcpkg v0.2.15
  Downloaded regex-automata v0.4.13
  Downloaded serde v1.0.228
  Downloaded jiff-static v0.2.16
  Downloaded zerotrie v0.2.3
  Downloaded minimal-lexical v0.2.1
  Downloaded memchr v2.7.6
  Downloaded zerovec v0.11.5
  Downloaded sha1-checked v0.10.0
  Downloaded nom v7.1.3
  Downloaded zerocopy v0.8.31
  Downloaded hashbrown v0.15.5
  Downloaded hashbrown v0.16.1
  Downloaded winnow v0.7.14
  Downloaded idna v1.1.0
  Downloaded gix-revwalk v0.21.0
  Downloaded itertools v0.14.0
  Downloaded unicode-normalization v0.1.25
  Downloaded imara-diff v0.1.8
  Downloaded hashbrown v0.14.5
  Downloaded hkdf v0.12.4
  Downloaded icu_properties_data v2.1.2
  Downloaded encoding_rs v0.8.35
  Downloaded indexmap v2.12.1
  Downloaded icu_collections v2.1.1
  Downloaded gix-transport v0.48.0
  Downloaded im-rc v15.1.0
  Downloaded icu_normalizer_data v2.1.1
  Downloaded icu_normalizer v2.1.1
  Downloaded fiat-crypto v0.3.0
  Downloaded gix-pack v0.60.0
  Downloaded icu_locale_core v2.1.1
  Downloaded zlib-rs v0.5.4
  Downloaded curl-sys v0.4.84+curl-8.17.0
  Downloaded toml_edit v0.23.9
  Downloaded num-traits v0.2.19
  Downloaded syn v2.0.111
  Downloaded unicode-width v0.2.2
  Downloaded libz-rs-sys v0.5.4
  Downloaded time v0.3.44
  Downloaded once_cell v1.21.3
  Downloaded litemap v0.8.1
  Downloaded implib v0.4.0
  Downloaded object v0.37.3
  Downloaded nix v0.30.1
  Downloaded icu_provider v2.1.1
  Downloaded gix-traverse v0.47.0
  Downloaded bstr v1.12.1
  Downloaded rusqlite v0.37.0
  Downloaded nu-ansi-term v0.50.3
  Downloaded globset v0.4.18
  Downloaded gix-worktree v0.42.0
  Downloaded memmap2 v0.9.9
  Downloaded lock_api v0.4.14
  Downloaded libloading v0.8.9
  Downloaded gix-url v0.32.0
  Downloaded gix v0.73.0
  Downloaded serde-untagged v0.1.9
  Downloaded gix-status v0.20.0
  Downloaded gix-odb v0.70.0
  Downloaded rand_core v0.6.4
  Downloaded jobserver v0.1.34
  Downloaded object v0.38.0
  Downloaded pkg-config v0.3.32
  Downloaded percent-encoding v2.3.2
  Downloaded orion v0.17.11
  Downloaded hashlink v0.10.0
  Downloaded is_terminal_polyfill v1.70.2
  Downloaded group v0.13.0
  Downloaded tracing-log v0.2.0
  Downloaded tracing-chrome v0.7.2
  Downloaded regex v1.12.2
  Downloaded p384 v0.13.1
  Downloaded http-auth v0.1.10
  Downloaded libssh2-sys v0.3.1
  Downloaded git2 v0.20.3
  Downloaded cbindgen v0.29.2
  Downloaded unicode-bom v2.0.3
  Downloaded unicase v2.8.1
  Downloaded tracing-attributes v0.1.31
  Downloaded toml_writer v1.0.4
  Downloaded toml_parser v1.0.4
  Downloaded toml v0.9.8
  Downloaded tinyvec v1.10.0
  Downloaded serde_derive v1.0.228
  Downloaded lazycell v1.3.0
  Downloaded jiff v0.2.16
  Downloaded kstring v2.0.2
  Downloaded itoa v1.0.15
  Downloaded is_executable v1.0.5
  Downloaded gix-validate v0.10.1
  Downloaded blake3 v1.8.2
  Downloaded tinystr v0.8.2
  Downloaded libc v0.2.178
  Downloaded libz-sys v1.1.23
  Downloaded tempfile v3.23.0
  Downloaded tar v0.4.44
  Downloaded socket2 v0.6.1
  Downloaded sized-chunks v0.6.5
  Downloaded sharded-slab v0.1.7
  Downloaded serde_core v1.0.228
  Downloaded num-conv v0.1.0
  Downloaded maybe-async v0.2.10
  Downloaded glob v0.3.3
  Downloaded thread_local v1.1.9
  Downloaded thiserror-impl v2.0.17
  Downloaded thiserror v2.0.17
  Downloaded synstructure v0.13.2
  Downloaded subtle v2.6.1
  Downloaded static_assertions v1.1.0
  Downloaded smallvec v1.15.1
  Downloaded serde_spanned v1.0.3
  Downloaded ryu v1.0.20
  Downloaded rand v0.9.2
  Downloaded prodash v30.0.1
  Downloaded pasetors v0.7.7
  Downloaded clap_builder v4.5.53
  Downloaded terminal_size v0.4.3
  Downloaded supports-unicode v3.0.0
  Downloaded supports-hyperlinks v3.1.0
  Downloaded strsim v0.11.1
  Downloaded stable_deref_trait v1.2.1
  Downloaded spki v0.7.3
  Downloaded signature v2.2.0
  Downloaded shell-words v1.1.1
  Downloaded sha2 v0.10.9
  Downloaded sha1 v0.10.6
  Downloaded serde_ignored v0.1.14
  Downloaded gix-object v0.50.2
  Downloaded heck v0.5.0
  Downloaded gix-utils v0.3.1
  Downloaded gix-tempfile v18.0.0
  Downloaded gix-submodule v0.20.0
  Downloaded gix-shallow v0.5.0
  Downloaded gix-path v0.10.22
  Downloaded same-file v1.0.6
  Downloaded rustc-stable-hash v0.1.2
  Downloaded rustc-hash v2.1.1
  Downloaded proc-macro2 v1.0.103
  Downloaded openssl-sys v0.9.111
  Downloaded lazy_static v1.5.0
  Downloaded home v0.5.12
  Downloaded der v0.7.10
  Downloaded curl v0.4.49
  Downloaded crossbeam-channel v0.5.15
  Downloaded cc v1.2.49
  Downloaded aho-corasick v1.1.4
  Downloaded hash32 v0.3.1
  Downloaded gix-dir v0.15.0
  Downloaded flate2 v1.1.5
  Downloaded clap v4.5.53
  Downloaded gix-trace v0.1.15
  Downloaded rand_xoshiro v0.6.0
  Downloaded primeorder v0.13.6
  Downloaded parking_lot v0.12.5
  Downloaded gix-config v0.46.0
  Downloaded crypto-bigint v0.5.5
  Downloaded elliptic-curve v0.13.8
  Downloaded const-oid v0.9.6
  Downloaded parking_lot_core v0.9.12
  Downloaded os_info v3.14.0
  Downloaded libgit2-sys v0.18.3+1.9.2
  Downloaded matchers v0.2.0
  Downloaded gix-revision v0.35.0
  Downloaded gix-packetline v0.19.3
  Downloaded libnghttp2-sys v0.1.11+1.64.0
  Downloaded crossbeam-utils v0.8.21
  Downloaded crossbeam-epoch v0.9.18
  Downloaded crc32fast v1.5.0
  Downloaded clap_complete v4.5.61
  Downloaded cargo-util-schemas v0.10.2
  Downloaded bytes v1.11.0
  Downloaded gix-features v0.43.1
  Downloaded gix-diff v0.53.0
  Downloaded getrandom v0.3.4
  Downloaded ecdsa v0.16.9
  Downloaded displaydoc v0.2.5
  Downloaded base64 v0.22.1
  Downloaded gix-packetline-blocking v0.19.3
  Downloaded getrandom v0.2.16
  Downloaded foldhash v0.1.5
  Downloaded errno v0.3.14
  Downloaded ed25519-compact v2.2.0
  Downloaded dashmap v6.1.0
  Downloaded constant_time_eq v0.3.1
  Downloaded faster-hex v0.10.0
  Downloaded crypto-common v0.1.6
  Downloaded clap_derive v4.5.49
  Downloaded cfg-if v1.0.4
  Downloaded gix-pathspec v0.12.0
  Downloaded gix-command v0.6.3
  Downloaded gix-chunk v0.4.12
  Downloaded cargo v0.93.0
  Downloaded fallible-streaming-iterator v0.1.9
  Downloaded deranged v0.5.5
  Downloaded crossbeam-deque v0.8.6
  Downloaded cargo-util v0.2.25
  Downloaded bitflags v2.10.0
  Downloaded allocator-api2 v0.2.21
  Downloaded gix-date v0.10.7
  Downloaded gix-config-value v0.15.3
  Downloaded gix-bitmap v0.2.15
  Downloaded linux-raw-sys v0.11.0
  Downloaded gix-actor v0.35.6
  Downloaded git2-curl v0.21.0
  Downloaded fastrand v2.3.0
  Downloaded erased-serde v0.4.9
  Downloaded ct-codecs v1.1.6
  Downloaded crates-io v0.40.15
  Downloaded cpufeatures v0.2.17
  Downloaded colorchoice v1.0.4
  Downloaded clru v0.6.2
  Downloaded clap_lex v0.7.6
  Downloaded cargo-platform v0.3.2
  Downloaded gix-prompt v0.11.2
  Downloaded gix-discover v0.41.0
  Downloaded gix-credentials v0.30.0
  Downloaded gix-commitgraph v0.29.0
  Downloaded gix-attributes v0.27.0
  Downloaded generic-array v0.14.9
  Downloaded form_urlencoded v1.2.2
  Downloaded filetime v0.2.26
  Downloaded ff v0.13.1
  Downloaded color-print-proc-macro v0.3.7
  Downloaded color-print v0.3.7
  Downloaded digest v0.10.7
  Downloaded cfg_aliases v0.2.1
  Downloaded cargo-credential-libsecret v0.5.3
  Downloaded gix-filter v0.20.0
  Downloaded cargo-credential v0.4.9
  Downloaded base64ct v1.8.1
  Downloaded arrayvec v0.7.6
  Downloaded arc-swap v1.7.1
  Downloaded anyhow v1.0.100
  Downloaded annotate-snippets v0.12.10
  Downloaded byteorder v1.5.0
  Downloaded block-buffer v0.10.4
  Downloaded bitmaps v2.1.0
  Downloaded base16ct v0.2.0
  Downloaded autocfg v1.5.0
  Downloaded libsqlite3-sys v0.35.0
   Compiling proc-macro2 v1.0.103
   Compiling quote v1.0.42
   Compiling unicode-ident v1.0.22
   Compiling libc v0.2.178
   Compiling cfg-if v1.0.4
   Compiling memchr v2.7.6
   Compiling regex-syntax v0.8.8
   Compiling thiserror v2.0.17
   Compiling smallvec v1.15.1
   Compiling version_check v0.9.5
   Compiling stable_deref_trait v1.2.1
   Compiling typenum v1.19.0
   Compiling zeroize v1.8.2
   Compiling once_cell v1.21.3
   Compiling crc32fast v1.5.0
   Compiling generic-array v0.14.9
   Compiling crossbeam-utils v0.8.21
   Compiling fastrand v2.3.0
   Compiling subtle v2.6.1
   Compiling const-oid v0.9.6
   Compiling aho-corasick v1.1.4
   Compiling tinyvec_macros v0.1.1
   Compiling tinyvec v1.10.0
   Compiling parking_lot_core v0.9.12
   Compiling bitflags v2.10.0
   Compiling syn v2.0.111
   Compiling gix-trace v0.1.15
   Compiling scopeguard v1.2.0
   Compiling unicode-normalization v0.1.25
   Compiling lock_api v0.4.14
   Compiling same-file v1.0.6
   Compiling block-buffer v0.10.4
   Compiling crypto-common v0.1.6
   Compiling digest v0.10.7
   Compiling zlib-rs v0.5.4
   Compiling walkdir v2.5.0
   Compiling crossbeam-channel v0.5.15
   Compiling find-msvc-tools v0.1.5
   Compiling regex-automata v0.4.13
   Compiling shlex v1.3.0
   Compiling bytes v1.11.0
   Compiling parking_lot v0.12.5
   Compiling serde_core v1.0.228
   Compiling itoa v1.0.15
   Compiling prodash v30.0.1
   Compiling jobserver v0.1.34
   Compiling equivalent v1.0.2
   Compiling cc v1.2.49
   Compiling cpufeatures v0.2.17
   Compiling heapless v0.8.0
   Compiling byteorder v1.5.0
   Compiling hash32 v0.3.1
   Compiling rustix v1.1.2
   Compiling pkg-config v0.3.32
   Compiling faster-hex v0.10.0
   Compiling linux-raw-sys v0.11.0
   Compiling allocator-api2 v0.2.21
   Compiling libz-rs-sys v0.5.4
   Compiling flate2 v1.1.5
   Compiling foldhash v0.1.5
   Compiling hashbrown v0.15.5
   Compiling winnow v0.7.14
   Compiling bstr v1.12.1
   Compiling getrandom v0.3.4
   Compiling synstructure v0.13.2
   Compiling gix-utils v0.3.1
   Compiling sha1 v0.10.6
   Compiling vcpkg v0.2.15
   Compiling sha1-checked v0.10.0
   Compiling jiff v0.2.16
   Compiling serde v1.0.228
   Compiling memmap2 v0.9.9
   Compiling tempfile v3.23.0
   Compiling libz-sys v1.1.23
   Compiling thiserror-impl v2.0.17
   Compiling zerofrom-derive v0.1.6
   Compiling yoke-derive v0.8.1
   Compiling zerovec-derive v0.11.2
   Compiling displaydoc v0.2.5
   Compiling serde_derive v1.0.228
   Compiling openssl-sys v0.9.111
   Compiling writeable v0.6.2
   Compiling hashbrown v0.14.5
   Compiling litemap v0.8.1
   Compiling icu_properties_data v2.1.2
   Compiling gix-validate v0.10.1
   Compiling gix-chunk v0.4.12
   Compiling zerofrom v0.1.6
   Compiling icu_normalizer_data v2.1.1
   Compiling gix-quote v0.6.1
   Compiling yoke v0.8.1
   Compiling gix-path v0.10.22
   Compiling libnghttp2-sys v0.1.11+1.64.0
   Compiling zerovec v0.11.5
   Compiling zerotrie v0.2.3
   Compiling gix-features v0.43.1
   Compiling dashmap v6.1.0
   Compiling getrandom v0.2.16
   Compiling percent-encoding v2.3.2
   Compiling utf8_iter v1.0.4
   Compiling rand_core v0.6.4
   Compiling form_urlencoded v1.2.2
   Compiling gix-hash v0.19.0
   Compiling tinystr v0.8.2
   Compiling potential_utf v0.1.4
   Compiling gix-fs v0.16.1
   Compiling gix-glob v0.21.0
   Compiling gix-hashtable v0.9.0
   Compiling icu_locale_core v2.1.1
   Compiling icu_collections v2.1.1
   Compiling gix-commitgraph v0.29.0
   Compiling gix-tempfile v18.0.0
   Compiling gix-lock v18.0.0
   Compiling gix-config-value v0.15.3
   Compiling icu_provider v2.1.1
   Compiling icu_normalizer v2.1.1
   Compiling icu_properties v2.1.2
   Compiling unicode-bom v2.0.3
   Compiling curl-sys v0.4.84+curl-8.17.0
   Compiling gix-date v0.10.7
   Compiling static_assertions v1.1.0
   Compiling log v0.4.29
   Compiling gix-actor v0.35.6
   Compiling gix-object v0.50.2
   Compiling idna_adapter v1.2.1
   Compiling idna v1.1.0
   Compiling autocfg v1.5.0
   Compiling url v2.5.7
   Compiling base64ct v1.8.1
   Compiling kstring v2.0.2
   Compiling gix-sec v0.12.2
   Compiling shell-words v1.1.1
   Compiling pem-rfc7468 v0.7.0
   Compiling serde_json v1.0.145
   Compiling gix-revwalk v0.21.0
   Compiling der v0.7.10
   Compiling gix-command v0.6.3
   Compiling gix-attributes v0.27.0
   Compiling filetime v0.2.26
   Compiling ryu v1.0.20
   Compiling gix-ref v0.53.1
   Compiling libssh2-sys v0.3.1
   Compiling spki v0.7.3
   Compiling hmac v0.12.1
   Compiling openssl-probe v0.1.6
   Compiling curl v0.4.49
   Compiling hashbrown v0.16.1
   Compiling pkcs8 v0.10.2
   Compiling indexmap v2.12.1
   Compiling gix-traverse v0.47.0
   Compiling ff v0.13.1
   Compiling gix-bitmap v0.2.15
   Compiling socket2 v0.6.1
   Compiling tracing-core v0.1.35
   Compiling base16ct v0.2.0
   Compiling fnv v1.0.7
   Compiling gix-index v0.41.0
   Compiling sec1 v0.7.3
   Compiling group v0.13.0
   Compiling hkdf v0.12.4
   Compiling gix-pathspec v0.12.0
   Compiling gix-url v0.32.0
   Compiling num-traits v0.2.19
   Compiling gix-ignore v0.16.0
   Compiling crypto-bigint v0.5.5
   Compiling tracing-attributes v0.1.31
   Compiling libgit2-sys v0.18.3+1.9.2
   Compiling anyhow v1.0.100
   Compiling typeid v1.0.3
   Compiling powerfmt v0.2.0
   Compiling pin-project-lite v0.2.16
   Compiling utf8parse v0.2.2
   Compiling zerocopy v0.8.31
   Compiling anstyle v1.0.13
   Compiling deranged v0.5.5
   Compiling anstyle-parse v0.2.7
   Compiling elliptic-curve v0.13.8
   Compiling gix-worktree v0.42.0
   Compiling tracing v0.1.43
   Compiling gix-prompt v0.11.2
   Compiling gix-revision v0.35.0
   Compiling gix-packetline-blocking v0.19.3
   Compiling toml_parser v1.0.4
   Compiling toml_datetime v0.7.3
   Compiling serde_spanned v1.0.3
   Compiling encoding_rs v0.8.35
   Compiling anstyle-query v1.1.5
   Compiling is_terminal_polyfill v1.70.2
   Compiling colorchoice v1.0.4
   Compiling cfg_aliases v0.2.1
   Compiling toml_writer v1.0.4
   Compiling time-core v0.1.6
   Compiling erased-serde v0.4.9
   Compiling num-conv v0.1.0
   Compiling nix v0.30.1
   Compiling anstream v0.6.21
   Compiling gix-refspec v0.31.0
   Compiling gix-credentials v0.30.0
   Compiling time v0.3.44
   Compiling gix-filter v0.20.0
   Compiling gix-discover v0.41.0
   Compiling rfc6979 v0.4.0
   Compiling signature v2.2.0
   Compiling gix-packetline v0.19.3
   Compiling libsqlite3-sys v0.35.0
   Compiling terminal_size v0.4.3
   Compiling imara-diff v0.1.8
   Compiling sha2 v0.10.9
   Compiling crossbeam-epoch v0.9.18
   Compiling strsim v0.11.1
   Compiling base64 v0.22.1
   Compiling clru v0.6.2
   Compiling lazy_static v1.5.0
   Compiling minimal-lexical v0.2.1
   Compiling heck v0.5.0
   Compiling clap_lex v0.7.6
   Compiling clap_derive v4.5.49
   Compiling clap_builder v4.5.53
   Compiling nom v7.1.3
   Compiling sharded-slab v0.1.7
   Compiling gix-pack v0.60.0
   Compiling ppv-lite86 v0.2.21
   Compiling gix-transport v0.48.0
   Compiling crossbeam-deque v0.8.6
   Compiling gix-diff v0.53.0
   Compiling gix-dir v0.15.0
   Compiling ecdsa v0.16.9
   Compiling tar v0.4.44
   Compiling ordered-float v2.10.1
   Compiling toml v0.9.8
   Compiling primeorder v0.13.6
   Compiling tracing-log v0.2.0
   Compiling gix-config v0.46.0
   Compiling gix-negotiate v0.21.0
   Compiling memoffset v0.9.1
   Compiling globset v0.4.18
   Compiling gix-shallow v0.5.0
   Compiling maybe-async v0.2.10
   Compiling rand_core v0.9.3
   Compiling matchers v0.2.0
   Compiling blake3 v1.8.2
   Compiling bitmaps v2.1.0
   Compiling im-rc v15.1.0
   Compiling thread_local v1.1.9
   Compiling fiat-crypto v0.3.0
   Compiling nu-ansi-term v0.50.3
   Compiling object v0.37.3
   Compiling arc-swap v1.7.1
   Compiling tracing-subscriber v0.3.22
   Compiling gix-odb v0.70.0
   Compiling sized-chunks v0.6.5
   Compiling gix-protocol v0.51.0
   Compiling rand_chacha v0.9.0
   Compiling gix-submodule v0.20.0
   Compiling ignore v0.4.25
   Compiling p384 v0.13.1
   Compiling serde-value v0.7.0
   Compiling cargo v0.93.0
   Compiling serde-untagged v0.1.9
   Compiling clap v4.5.53
   Compiling gix-status v0.20.0
   Compiling color-print-proc-macro v0.3.7
   Compiling cargo-credential v0.4.9
   Compiling rand_xoshiro v0.6.0
   Compiling ed25519-compact v2.2.0
   Compiling hashlink v0.10.0
   Compiling regex v1.12.2
   Compiling semver v1.0.27
   Compiling libloading v0.8.9
   Compiling unicode-xid v0.2.6
   Compiling unicode-width v0.2.2
   Compiling cbindgen v0.29.2
   Compiling arrayvec v0.7.6
   Compiling hex v0.4.3
   Compiling constant_time_eq v0.3.1
   Compiling fallible-streaming-iterator v0.1.9
   Compiling shell-escape v0.1.5
   Compiling arrayref v0.3.9
   Compiling either v1.15.0
   Compiling ct-codecs v1.1.6
   Compiling is_executable v1.0.5
   Compiling object v0.38.0
   Compiling fallible-iterator v0.3.0
   Compiling clap_complete v4.5.61
   Compiling itertools v0.14.0
   Compiling cargo-util v0.2.25
   Compiling annotate-snippets v0.12.10
   Compiling cargo-util-schemas v0.10.2
   Compiling cargo-credential-libsecret v0.5.3
   Compiling color-print v0.3.7
   Compiling gix v0.73.0
   Compiling os_info v3.14.0
   Compiling rand v0.9.2
   Compiling tracing-chrome v0.7.2
   Compiling orion v0.17.11
   Compiling toml_edit v0.23.9
   Compiling rustfix v0.9.4
   Compiling crates-io v0.40.15
   Compiling pasetors v0.7.7
   Compiling opener v0.8.3
   Compiling serde_ignored v0.1.14
   Compiling cargo-platform v0.3.2
   Compiling http-auth v0.1.10
   Compiling pathdiff v0.2.3
   Compiling rustc-hash v2.1.1
   Compiling supports-unicode v3.0.0
   Compiling lazycell v1.3.0
   Compiling glob v0.3.3
   Compiling home v0.5.12
   Compiling unicase v2.8.1
   Compiling rustc-stable-hash v0.1.2
   Compiling supports-hyperlinks v3.1.0
   Compiling implib v0.4.0
   Compiling rusqlite v0.37.0
   Compiling git2 v0.20.3
   Compiling git2-curl v0.21.0
   Compiling cargo-c v0.10.19+cargo-0.93.0 (/blfs/builds/cargo-c-0.10.19)
    Finished `release` profile [optimized] target(s) in 3m 09s
cargo-c/
cargo-c/usr/
cargo-c/usr/bin/
cargo-c/usr/bin/cargo-ctest
cargo-c/usr/bin/cargo-cinstall
cargo-c/usr/bin/cargo-cbuild
cargo-c/version
cargo-c/depends
cargo-c/make-depends
