--2025-12-15 08:16:42--  https://download.videolan.org/vlc/3.0.22/vlc-3.0.22.tar.xz
Resolving download.videolan.org (download.videolan.org)... 213.36.253.2, 2a01:e0d:1:3:58bf:fa02:c0de:5
Connecting to download.videolan.org (download.videolan.org)|213.36.253.2|:443... connected.
HTTP request sent, awaiting response... 200 OK
Length: 26427084 (25M) [application/octet-stream]
Saving to: ‘vlc-3.0.22.tar.xz’

     0K .......... .......... .......... .......... ..........  0%  568K 45s
    50K .......... .......... .......... .......... ..........  0%  568K 45s
   100K .......... .......... .......... .......... ..........  0% 1.23M 37s
   150K .......... .......... .......... .......... ..........  0% 1.01M 34s
   200K .......... .......... .......... .......... ..........  0%  112M 27s
   250K .......... .......... .......... .......... ..........  1%  570K 30s
   300K .......... .......... .......... .......... ..........  1% 79.5M 26s
   350K .......... .......... .......... .......... ..........  1% 1.19M 25s
   400K .......... .......... .......... .......... ..........  1% 1.05M 25s
   450K .......... .......... .......... .......... ..........  1%  110M 22s
   500K .......... .......... .......... .......... ..........  2%  166M 20s
   550K .......... .......... .......... .......... ..........  2%  965K 21s
   600K .......... .......... .......... .......... ..........  2%  903K 21s
   650K .......... .......... .......... .......... ..........  2%  108M 20s
   700K .......... .......... .......... .......... ..........  2% 99.6M 18s
   750K .......... .......... .......... .......... ..........  3% 1.53M 18s
   800K .......... .......... .......... .......... ..........  3%  804K 19s
   850K .......... .......... .......... .......... ..........  3% 93.5M 18s
   900K .......... .......... .......... .......... ..........  3%  148M 17s
   950K .......... .......... .......... .......... ..........  3% 75.8M 16s
  1000K .......... .......... .......... .......... ..........  4%  190M 15s
  1050K .......... .......... .......... .......... ..........  4% 82.2M 14s
  1100K .......... .......... .......... .......... ..........  4% 2.46M 14s
  1150K .......... .......... .......... .......... ..........  4% 18.9M 14s
  1200K .......... .......... .......... .......... ..........  4%  764K 14s
  1250K .......... .......... .......... .......... ..........  5% 62.1M 14s
  1300K .......... .......... .......... .......... ..........  5%  104M 13s
  1350K .......... .......... .......... .......... ..........  5%  135M 13s
  1400K .......... .......... .......... .......... ..........  5% 51.7M 12s
  1450K .......... .......... .......... .......... ..........  5% 75.9M 12s
  1500K .......... .......... .......... .......... ..........  6% 2.69M 12s
  1550K .......... .......... .......... .......... ..........  6% 32.8M 11s
  1600K .......... .......... .......... .......... ..........  6%  777K 12s
  1650K .......... .......... .......... .......... ..........  6%  158M 12s
  1700K .......... .......... .......... .......... ..........  6%  100M 11s
  1750K .......... .......... .......... .......... ..........  6%  142M 11s
  1800K .......... .......... .......... .......... ..........  7%  106M 11s
  1850K .......... .......... .......... .......... ..........  7%  150M 10s
  1900K .......... .......... .......... .......... ..........  7%  104M 10s
  1950K .......... .......... .......... .......... ..........  7% 1.99M 10s
  2000K .......... .......... .......... .......... ..........  7%  106M 10s
  2050K .......... .......... .......... .......... ..........  8% 10.3M 10s
  2100K .......... .......... .......... .......... ..........  8%  891K 10s
  2150K .......... .......... .......... .......... ..........  8%  134M 10s
  2200K .......... .......... .......... .......... ..........  8%  111M 10s
  2250K .......... .......... .......... .......... ..........  8%  157M 9s
  2300K .......... .......... .......... .......... ..........  9% 96.8M 9s
  2350K .......... .......... .......... .......... ..........  9% 87.8M 9s
  2400K .......... .......... .......... .......... ..........  9% 5.39M 9s
  2450K .......... .......... .......... .......... ..........  9%  114M 9s
  2500K .......... .......... .......... .......... ..........  9% 3.04M 9s
  2550K .......... .......... .......... .......... .......... 10% 12.1M 8s
  2600K .......... .......... .......... .......... .......... 10%  846K 9s
  2650K .......... .......... .......... .......... .......... 10%  118M 9s
  2700K .......... .......... .......... .......... .......... 10%  108M 8s
  2750K .......... .......... .......... .......... .......... 10%  104M 8s
  2800K .......... .......... .......... .......... .......... 11% 80.9M 8s
  2850K .......... .......... .......... .......... .......... 11%  162M 8s
  2900K .......... .......... .......... .......... .......... 11%  197M 8s
  2950K .......... .......... .......... .......... .......... 11% 6.59M 8s
  3000K .......... .......... .......... .......... .......... 11% 3.30M 8s
  3050K .......... .......... .......... .......... .......... 12% 9.26M 8s
  3100K .......... .......... .......... .......... .......... 12%  184M 7s
  3150K .......... .......... .......... .......... .......... 12%  849K 8s
  3200K .......... .......... .......... .......... .......... 12% 26.4M 8s
  3250K .......... .......... .......... .......... .......... 12% 95.8M 7s
  3300K .......... .......... .......... .......... .......... 12% 83.6M 7s
  3350K .......... .......... .......... .......... .......... 13%  135M 7s
  3400K .......... .......... .......... .......... .......... 13%  115M 7s
  3450K .......... .......... .......... .......... .......... 13%  128M 7s
  3500K .......... .......... .......... .......... .......... 13% 7.07M 7s
  3550K .......... .......... .......... .......... .......... 13% 3.67M 7s
  3600K .......... .......... .......... .......... .......... 14% 15.3M 7s
  3650K .......... .......... .......... .......... .......... 14%  108M 7s
  3700K .......... .......... .......... .......... .......... 14%  791K 7s
  3750K .......... .......... .......... .......... .......... 14%  132M 7s
  3800K .......... .......... .......... .......... .......... 14% 96.5M 7s
  3850K .......... .......... .......... .......... .......... 15% 53.7M 7s
  3900K .......... .......... .......... .......... .......... 15% 84.6M 7s
  3950K .......... .......... .......... .......... .......... 15% 99.2M 6s
  4000K .......... .......... .......... .......... .......... 15%  138M 6s
  4050K .......... .......... .......... .......... .......... 15% 92.8M 6s
  4100K .......... .......... .......... .......... .......... 16% 6.24M 6s
  4150K .......... .......... .......... .......... .......... 16% 5.42M 6s
  4200K .......... .......... .......... .......... .......... 16% 87.1M 6s
  4250K .......... .......... .......... .......... .......... 16% 10.6M 6s
  4300K .......... .......... .......... .......... .......... 16%  802K 6s
  4350K .......... .......... .......... .......... .......... 17% 97.2M 6s
  4400K .......... .......... .......... .......... .......... 17%  113M 6s
  4450K .......... .......... .......... .......... .......... 17% 92.0M 6s
  4500K .......... .......... .......... .......... .......... 17%  149M 6s
  4550K .......... .......... .......... .......... .......... 17% 46.7M 6s
  4600K .......... .......... .......... .......... .......... 18% 10.9M 6s
  4650K .......... .......... .......... .......... .......... 18% 88.5M 6s
  4700K .......... .......... .......... .......... .......... 18% 10.4M 6s
  4750K .......... .......... .......... .......... .......... 18% 3.81M 6s
  4800K .......... .......... .......... .......... .......... 18%  234M 6s
  4850K .......... .......... .......... .......... .......... 18% 32.3M 6s
  4900K .......... .......... .......... .......... .......... 19%  126M 5s
  4950K .......... .......... .......... .......... .......... 19%  815K 6s
  5000K .......... .......... .......... .......... .......... 19%  130M 6s
  5050K .......... .......... .......... .......... .......... 19%  187M 6s
  5100K .......... .......... .......... .......... .......... 19% 94.7M 5s
  5150K .......... .......... .......... .......... .......... 20% 92.0M 5s
  5200K .......... .......... .......... .......... .......... 20%  123M 5s
  5250K .......... .......... .......... .......... .......... 20% 5.35M 5s
  5300K .......... .......... .......... .......... .......... 20%  135M 5s
  5350K .......... .......... .......... .......... .......... 20% 76.0M 5s
  5400K .......... .......... .......... .......... .......... 21% 1.61M 5s
  5450K .......... .......... .......... .......... .......... 21% 91.9M 5s
  5500K .......... .......... .......... .......... .......... 21%  125M 5s
  5550K .......... .......... .......... .......... .......... 21% 55.8M 5s
  5600K .......... .......... .......... .......... .......... 21% 1.13M 5s
  5650K .......... .......... .......... .......... .......... 22%  148M 5s
  5700K .......... .......... .......... .......... .......... 22%  121M 5s
  5750K .......... .......... .......... .......... .......... 22% 93.4M 5s
  5800K .......... .......... .......... .......... .......... 22%  185M 5s
  5850K .......... .......... .......... .......... .......... 22% 91.3M 5s
  5900K .......... .......... .......... .......... .......... 23% 31.7M 5s
  5950K .......... .......... .......... .......... .......... 23% 4.22M 5s
  6000K .......... .......... .......... .......... .......... 23%  168M 5s
  6050K .......... .......... .......... .......... .......... 23%  158M 5s
  6100K .......... .......... .......... .......... .......... 23% 1.65M 5s
  6150K .......... .......... .......... .......... .......... 24%  117M 5s
  6200K .......... .......... .......... .......... .......... 24%  123M 5s
  6250K .......... .......... .......... .......... .......... 24%  255M 5s
  6300K .......... .......... .......... .......... .......... 24%  989K 5s
  6350K .......... .......... .......... .......... .......... 24% 59.4M 5s
  6400K .......... .......... .......... .......... .......... 24% 87.7M 5s
  6450K .......... .......... .......... .......... .......... 25%  128M 5s
  6500K .......... .......... .......... .......... .......... 25%  129M 5s
  6550K .......... .......... .......... .......... .......... 25%  101M 4s
  6600K .......... .......... .......... .......... .......... 25% 10.4M 4s
  6650K .......... .......... .......... .......... .......... 25% 4.01M 4s
  6700K .......... .......... .......... .......... .......... 26%  103M 4s
  6750K .......... .......... .......... .......... .......... 26%  122M 4s
  6800K .......... .......... .......... .......... .......... 26% 3.45M 4s
  6850K .......... .......... .......... .......... .......... 26%  117M 4s
  6900K .......... .......... .......... .......... .......... 26%  127M 4s
  6950K .......... .......... .......... .......... .......... 27% 90.5M 4s
  7000K .......... .......... .......... .......... .......... 27%  990K 4s
  7050K .......... .......... .......... .......... .......... 27% 82.5M 4s
  7100K .......... .......... .......... .......... .......... 27% 89.7M 4s
  7150K .......... .......... .......... .......... .......... 27%  107M 4s
  7200K .......... .......... .......... .......... .......... 28% 5.39M 4s
  7250K .......... .......... .......... .......... .......... 28%  149M 4s
  7300K .......... .......... .......... .......... .......... 28%  110M 4s
  7350K .......... .......... .......... .......... .......... 28%  103M 4s
  7400K .......... .......... .......... .......... .......... 28% 4.63M 4s
  7450K .......... .......... .......... .......... .......... 29%  226M 4s
  7500K .......... .......... .......... .......... .......... 29%  104M 4s
  7550K .......... .......... .......... .......... .......... 29% 3.35M 4s
  7600K .......... .......... .......... .......... .......... 29%  105M 4s
  7650K .......... .......... .......... .......... .......... 29%  215M 4s
  7700K .......... .......... .......... .......... .......... 30%  106M 4s
  7750K .......... .......... .......... .......... .......... 30%  964K 4s
  7800K .......... .......... .......... .......... .......... 30%  123M 4s
  7850K .......... .......... .......... .......... .......... 30%  103M 4s
  7900K .......... .......... .......... .......... .......... 30%  109M 4s
  7950K .......... .......... .......... .......... .......... 30% 12.4M 4s
  8000K .......... .......... .......... .......... .......... 31% 75.1M 4s
  8050K .......... .......... .......... .......... .......... 31% 8.66M 4s
  8100K .......... .......... .......... .......... .......... 31%  102M 4s
  8150K .......... .......... .......... .......... .......... 31% 9.27M 4s
  8200K .......... .......... .......... .......... .......... 31%  130M 4s
  8250K .......... .......... .......... .......... .......... 32%  127M 4s
  8300K .......... .......... .......... .......... .......... 32%  111M 4s
  8350K .......... .......... .......... .......... .......... 32% 2.72M 4s
  8400K .......... .......... .......... .......... .......... 32%  174M 4s
  8450K .......... .......... .......... .......... .......... 32%  192M 4s
  8500K .......... .......... .......... .......... .......... 33% 95.8M 4s
  8550K .......... .......... .......... .......... .......... 33% 1014K 4s
  8600K .......... .......... .......... .......... .......... 33% 85.9M 4s
  8650K .......... .......... .......... .......... .......... 33% 18.1M 4s
  8700K .......... .......... .......... .......... .......... 33%  141M 4s
  8750K .......... .......... .......... .......... .......... 34% 16.5M 4s
  8800K .......... .......... .......... .......... .......... 34% 74.8M 3s
  8850K .......... .......... .......... .......... .......... 34% 11.7M 3s
  8900K .......... .......... .......... .......... .......... 34% 85.7M 3s
  8950K .......... .......... .......... .......... .......... 34% 7.30M 3s
  9000K .......... .......... .......... .......... .......... 35%  103M 3s
  9050K .......... .......... .......... .......... .......... 35%  120M 3s
  9100K .......... .......... .......... .......... .......... 35%  135M 3s
  9150K .......... .......... .......... .......... .......... 35% 3.21M 3s
  9200K .......... .......... .......... .......... .......... 35%  105M 3s
  9250K .......... .......... .......... .......... .......... 36% 7.23M 3s
  9300K .......... .......... .......... .......... .......... 36%  137M 3s
  9350K .......... .......... .......... .......... .......... 36% 1004K 3s
  9400K .......... .......... .......... .......... .......... 36%  214M 3s
  9450K .......... .......... .......... .......... .......... 36% 18.4M 3s
  9500K .......... .......... .......... .......... .......... 37%  124M 3s
  9550K .......... .......... .......... .......... .......... 37% 73.1M 3s
  9600K .......... .......... .......... .......... .......... 37%  136M 3s
  9650K .......... .......... .......... .......... .......... 37% 18.3M 3s
  9700K .......... .......... .......... .......... .......... 37% 65.7M 3s
  9750K .......... .......... .......... .......... .......... 37% 7.54M 3s
  9800K .......... .......... .......... .......... .......... 38%  200M 3s
  9850K .......... .......... .......... .......... .......... 38% 88.2M 3s
  9900K .......... .......... .......... .......... .......... 38%  141M 3s
  9950K .......... .......... .......... .......... .......... 38% 2.96M 3s
 10000K .......... .......... .......... .......... .......... 38%  139M 3s
 10050K .......... .......... .......... .......... .......... 39% 7.54M 3s
 10100K .......... .......... .......... .......... .......... 39%  139M 3s
 10150K .......... .......... .......... .......... .......... 39% 1.03M 3s
 10200K .......... .......... .......... .......... .......... 39%  150M 3s
 10250K .......... .......... .......... .......... .......... 39% 14.1M 3s
 10300K .......... .......... .......... .......... .......... 40%  201M 3s
 10350K .......... .......... .......... .......... .......... 40% 89.9M 3s
 10400K .......... .......... .......... .......... .......... 40%  108M 3s
 10450K .......... .......... .......... .......... .......... 40% 20.9M 3s
 10500K .......... .......... .......... .......... .......... 40%  191M 3s
 10550K .......... .......... .......... .......... .......... 41% 6.16M 3s
 10600K .......... .......... .......... .......... .......... 41%  108M 3s
 10650K .......... .......... .......... .......... .......... 41%  174M 3s
 10700K .......... .......... .......... .......... .......... 41% 93.6M 3s
 10750K .......... .......... .......... .......... .......... 41% 3.26M 3s
 10800K .......... .......... .......... .......... .......... 42% 95.6M 3s
 10850K .......... .......... .......... .......... .......... 42% 6.72M 3s
 10900K .......... .......... .......... .......... .......... 42%  216M 3s
 10950K .......... .......... .......... .......... .......... 42% 92.9M 3s
 11000K .......... .......... .......... .......... .......... 42% 1.03M 3s
 11050K .......... .......... .......... .......... .......... 43% 12.1M 3s
 11100K .......... .......... .......... .......... .......... 43%  127M 3s
 11150K .......... .......... .......... .......... .......... 43% 97.8M 3s
 11200K .......... .......... .......... .......... .......... 43%  109M 3s
 11250K .......... .......... .......... .......... .......... 43% 21.5M 3s
 11300K .......... .......... .......... .......... .......... 43%  107M 3s
 11350K .......... .......... .......... .......... .......... 44% 6.26M 3s
 11400K .......... .......... .......... .......... .......... 44% 92.4M 3s
 11450K .......... .......... .......... .......... .......... 44%  113M 3s
 11500K .......... .......... .......... .......... .......... 44%  203M 3s
 11550K .......... .......... .......... .......... .......... 44% 3.26M 3s
 11600K .......... .......... .......... .......... .......... 45%  125M 3s
 11650K .......... .......... .......... .......... .......... 45% 6.67M 3s
 11700K .......... .......... .......... .......... .......... 45% 81.0M 3s
 11750K .......... .......... .......... .......... .......... 45%  147M 3s
 11800K .......... .......... .......... .......... .......... 45% 1.04M 3s
 11850K .......... .......... .......... .......... .......... 46% 12.4M 3s
 11900K .......... .......... .......... .......... .......... 46%  125M 3s
 11950K .......... .......... .......... .......... .......... 46% 94.8M 2s
 12000K .......... .......... .......... .......... .......... 46%  118M 2s
 12050K .......... .......... .......... .......... .......... 46% 18.7M 2s
 12100K .......... .......... .......... .......... .......... 47%  131M 2s
 12150K .......... .......... .......... .......... .......... 47% 6.37M 2s
 12200K .......... .......... .......... .......... .......... 47%  147M 2s
 12250K .......... .......... .......... .......... .......... 47%  102M 2s
 12300K .......... .......... .......... .......... .......... 47%  114M 2s
 12350K .......... .......... .......... .......... .......... 48% 3.15M 2s
 12400K .......... .......... .......... .......... .......... 48%  107M 2s
 12450K .......... .......... .......... .......... .......... 48% 6.97M 2s
 12500K .......... .......... .......... .......... .......... 48%  101M 2s
 12550K .......... .......... .......... .......... .......... 48%  169M 2s
 12600K .......... .......... .......... .......... .......... 49% 1.04M 2s
 12650K .......... .......... .......... .......... .......... 49% 12.0M 2s
 12700K .......... .......... .......... .......... .......... 49% 66.4M 2s
 12750K .......... .......... .......... .......... .......... 49% 73.7M 2s
 12800K .......... .......... .......... .......... .......... 49% 68.7M 2s
 12850K .......... .......... .......... .......... .......... 49% 33.0M 2s
 12900K .......... .......... .......... .......... .......... 50% 72.4M 2s
 12950K .......... .......... .......... .......... .......... 50% 6.48M 2s
 13000K .......... .......... .......... .......... .......... 50%  157M 2s
 13050K .......... .......... .......... .......... .......... 50% 98.2M 2s
 13100K .......... .......... .......... .......... .......... 50%  134M 2s
 13150K .......... .......... .......... .......... .......... 51% 3.30M 2s
 13200K .......... .......... .......... .......... .......... 51%  124M 2s
 13250K .......... .......... .......... .......... .......... 51% 6.27M 2s
 13300K .......... .......... .......... .......... .......... 51%  171M 2s
 13350K .......... .......... .......... .......... .......... 51% 88.0M 2s
 13400K .......... .......... .......... .......... .......... 52% 1.03M 2s
 13450K .......... .......... .......... .......... .......... 52% 12.2M 2s
 13500K .......... .......... .......... .......... .......... 52%  206M 2s
 13550K .......... .......... .......... .......... .......... 52% 88.4M 2s
 13600K .......... .......... .......... .......... .......... 52%  104M 2s
 13650K .......... .......... .......... .......... .......... 53% 21.7M 2s
 13700K .......... .......... .......... .......... .......... 53% 76.7M 2s
 13750K .......... .......... .......... .......... .......... 53% 6.40M 2s
 13800K .......... .......... .......... .......... .......... 53% 98.1M 2s
 13850K .......... .......... .......... .......... .......... 53%  106M 2s
 13900K .......... .......... .......... .......... .......... 54%  122M 2s
 13950K .......... .......... .......... .......... .......... 54% 3.34M 2s
 14000K .......... .......... .......... .......... .......... 54%  105M 2s
 14050K .......... .......... .......... .......... .......... 54% 6.46M 2s
 14100K .......... .......... .......... .......... .......... 54%  206M 2s
 14150K .......... .......... .......... .......... .......... 55%  104M 2s
 14200K .......... .......... .......... .......... .......... 55% 1.03M 2s
 14250K .......... .......... .......... .......... .......... 55% 13.5M 2s
 14300K .......... .......... .......... .......... .......... 55%  104M 2s
 14350K .......... .......... .......... .......... .......... 55% 90.7M 2s
 14400K .......... .......... .......... .......... .......... 55%  130M 2s
 14450K .......... .......... .......... .......... .......... 56% 19.2M 2s
 14500K .......... .......... .......... .......... .......... 56% 84.7M 2s
 14550K .......... .......... .......... .......... .......... 56% 5.45M 2s
 14600K .......... .......... .......... .......... .......... 56%  196M 2s
 14650K .......... .......... .......... .......... .......... 56%  104M 2s
 14700K .......... .......... .......... .......... .......... 57%  154M 2s
 14750K .......... .......... .......... .......... .......... 57% 3.65M 2s
 14800K .......... .......... .......... .......... .......... 57%  103M 2s
 14850K .......... .......... .......... .......... .......... 57% 6.29M 2s
 14900K .......... .......... .......... .......... .......... 57%  103M 2s
 14950K .......... .......... .......... .......... .......... 58%  138M 2s
 15000K .......... .......... .......... .......... .......... 58% 1.02M 2s
 15050K .......... .......... .......... .......... .......... 58% 65.9M 2s
 15100K .......... .......... .......... .......... .......... 58% 19.1M 2s
 15150K .......... .......... .......... .......... .......... 58%  118M 2s
 15200K .......... .......... .......... .......... .......... 59%  200M 2s
 15250K .......... .......... .......... .......... .......... 59% 93.8M 2s
 15300K .......... .......... .......... .......... .......... 59% 16.7M 2s
 15350K .......... .......... .......... .......... .......... 59% 89.9M 2s
 15400K .......... .......... .......... .......... .......... 59% 6.46M 2s
 15450K .......... .......... .......... .......... .......... 60% 91.4M 2s
 15500K .......... .......... .......... .......... .......... 60%  158M 2s
 15550K .......... .......... .......... .......... .......... 60% 3.27M 2s
 15600K .......... .......... .......... .......... .......... 60%  191M 2s
 15650K .......... .......... .......... .......... .......... 60% 6.31M 2s
 15700K .......... .......... .......... .......... .......... 61%  109M 2s
 15750K .......... .......... .......... .......... .......... 61%  163M 2s
 15800K .......... .......... .......... .......... .......... 61% 1.03M 2s
 15850K .......... .......... .......... .......... .......... 61%  123M 2s
 15900K .......... .......... .......... .......... .......... 61% 14.8M 2s
 15950K .......... .......... .......... .......... .......... 61% 63.9M 2s
 16000K .......... .......... .......... .......... .......... 62%  147M 2s
 16050K .......... .......... .......... .......... .......... 62%  100M 2s
 16100K .......... .......... .......... .......... .......... 62% 15.5M 2s
 16150K .......... .......... .......... .......... .......... 62%  126M 2s
 16200K .......... .......... .......... .......... .......... 62% 6.64M 2s
 16250K .......... .......... .......... .......... .......... 63%  120M 2s
 16300K .......... .......... .......... .......... .......... 63%  107M 2s
 16350K .......... .......... .......... .......... .......... 63% 3.30M 2s
 16400K .......... .......... .......... .......... .......... 63%  209M 1s
 16450K .......... .......... .......... .......... .......... 63%  106M 1s
 16500K .......... .......... .......... .......... .......... 64% 6.24M 1s
 16550K .......... .......... .......... .......... .......... 64%  123M 1s
 16600K .......... .......... .......... .......... .......... 64% 1.04M 1s
 16650K .......... .......... .......... .......... .......... 64%  108M 1s
 16700K .......... .......... .......... .......... .......... 64%  115M 1s
 16750K .......... .......... .......... .......... .......... 65% 13.3M 1s
 16800K .......... .......... .......... .......... .......... 65%  215M 1s
 16850K .......... .......... .......... .......... .......... 65% 83.9M 1s
 16900K .......... .......... .......... .......... .......... 65% 11.7M 1s
 16950K .......... .......... .......... .......... .......... 65%  101M 1s
 17000K .......... .......... .......... .......... .......... 66% 7.33M 1s
 17050K .......... .......... .......... .......... .......... 66%  133M 1s
 17100K .......... .......... .......... .......... .......... 66%  109M 1s
 17150K .......... .......... .......... .......... .......... 66% 7.35M 1s
 17200K .......... .......... .......... .......... .......... 66% 5.87M 1s
 17250K .......... .......... .......... .......... .......... 67%  146M 1s
 17300K .......... .......... .......... .......... .......... 67% 6.34M 1s
 17350K .......... .......... .......... .......... .......... 67%  210M 1s
 17400K .......... .......... .......... .......... .......... 67% 1.03M 1s
 17450K .......... .......... .......... .......... .......... 67%  125M 1s
 17500K .......... .......... .......... .......... .......... 68% 88.5M 1s
 17550K .......... .......... .......... .......... .......... 68% 12.4M 1s
 17600K .......... .......... .......... .......... .......... 68%  198M 1s
 17650K .......... .......... .......... .......... .......... 68% 79.3M 1s
 17700K .......... .......... .......... .......... .......... 68% 19.6M 1s
 17750K .......... .......... .......... .......... .......... 68%  113M 1s
 17800K .......... .......... .......... .......... .......... 69% 6.60M 1s
 17850K .......... .......... .......... .......... .......... 69% 81.4M 1s
 17900K .......... .......... .......... .......... .......... 69%  141M 1s
 17950K .......... .......... .......... .......... .......... 69% 6.97M 1s
 18000K .......... .......... .......... .......... .......... 69% 5.56M 1s
 18050K .......... .......... .......... .......... .......... 70%  212M 1s
 18100K .......... .......... .......... .......... .......... 70% 6.65M 1s
 18150K .......... .......... .......... .......... .......... 70%  119M 1s
 18200K .......... .......... .......... .......... .......... 70% 1.24M 1s
 18250K .......... .......... .......... .......... .......... 70% 5.88M 1s
 18300K .......... .......... .......... .......... .......... 71% 99.2M 1s
 18350K .......... .......... .......... .......... .......... 71% 14.6M 1s
 18400K .......... .......... .......... .......... .......... 71%  122M 1s
 18450K .......... .......... .......... .......... .......... 71%  116M 1s
 18500K .......... .......... .......... .......... .......... 71% 16.5M 1s
 18550K .......... .......... .......... .......... .......... 72%  159M 1s
 18600K .......... .......... .......... .......... .......... 72% 6.34M 1s
 18650K .......... .......... .......... .......... .......... 72% 99.9M 1s
 18700K .......... .......... .......... .......... .......... 72%  120M 1s
 18750K .......... .......... .......... .......... .......... 72% 7.11M 1s
 18800K .......... .......... .......... .......... .......... 73% 5.74M 1s
 18850K .......... .......... .......... .......... .......... 73%  145M 1s
 18900K .......... .......... .......... .......... .......... 73% 6.54M 1s
 18950K .......... .......... .......... .......... .......... 73%  143M 1s
 19000K .......... .......... .......... .......... .......... 73% 1.24M 1s
 19050K .......... .......... .......... .......... .......... 74% 5.06M 1s
 19100K .......... .......... .......... .......... .......... 74%  148M 1s
 19150K .......... .......... .......... .......... .......... 74% 20.9M 1s
 19200K .......... .......... .......... .......... .......... 74% 87.8M 1s
 19250K .......... .......... .......... .......... .......... 74%  156M 1s
 19300K .......... .......... .......... .......... .......... 74% 14.2M 1s
 19350K .......... .......... .......... .......... .......... 75%  125M 1s
 19400K .......... .......... .......... .......... .......... 75% 7.06M 1s
 19450K .......... .......... .......... .......... .......... 75% 83.3M 1s
 19500K .......... .......... .......... .......... .......... 75%  101M 1s
 19550K .......... .......... .......... .......... .......... 75% 84.9M 1s
 19600K .......... .......... .......... .......... .......... 76% 3.36M 1s
 19650K .......... .......... .......... .......... .......... 76% 78.6M 1s
 19700K .......... .......... .......... .......... .......... 76% 6.55M 1s
 19750K .......... .......... .......... .......... .......... 76% 82.7M 1s
 19800K .......... .......... .......... .......... .......... 76%  141M 1s
 19850K .......... .......... .......... .......... .......... 77% 1.03M 1s
 19900K .......... .......... .......... .......... .......... 77%  233M 1s
 19950K .......... .......... .......... .......... .......... 77% 9.21M 1s
 20000K .......... .......... .......... .......... .......... 77%  129M 1s
 20050K .......... .......... .......... .......... .......... 77%  135M 1s
 20100K .......... .......... .......... .......... .......... 78% 36.7M 1s
 20150K .......... .......... .......... .......... .......... 78%  115M 1s
 20200K .......... .......... .......... .......... .......... 78%  120M 1s
 20250K .......... .......... .......... .......... .......... 78% 6.49M 1s
 20300K .......... .......... .......... .......... .......... 78%  109M 1s
 20350K .......... .......... .......... .......... .......... 79% 97.8M 1s
 20400K .......... .......... .......... .......... .......... 79% 3.29M 1s
 20450K .......... .......... .......... .......... .......... 79% 99.1M 1s
 20500K .......... .......... .......... .......... .......... 79% 5.56M 1s
 20550K .......... .......... .......... .......... .......... 79%  127M 1s
 20600K .......... .......... .......... .......... .......... 80%  143M 1s
 20650K .......... .......... .......... .......... .......... 80% 1.06M 1s
 20700K .......... .......... .......... .......... .......... 80%  131M 1s
 20750K .......... .......... .......... .......... .......... 80% 12.8M 1s
 20800K .......... .......... .......... .......... .......... 80% 12.4M 1s
 20850K .......... .......... .......... .......... .......... 80%  113M 1s
 20900K .......... .......... .......... .......... .......... 81%  109M 1s
 20950K .......... .......... .......... .......... .......... 81%  113M 1s
 21000K .......... .......... .......... .......... .......... 81%  110M 1s
 21050K .......... .......... .......... .......... .......... 81% 8.11M 1s
 21100K .......... .......... .......... .......... .......... 81%  123M 1s
 21150K .......... .......... .......... .......... .......... 82% 81.6M 1s
 21200K .......... .......... .......... .......... .......... 82% 3.29M 1s
 21250K .......... .......... .......... .......... .......... 82%  118M 1s
 21300K .......... .......... .......... .......... .......... 82% 6.52M 1s
 21350K .......... .......... .......... .......... .......... 82% 83.9M 1s
 21400K .......... .......... .......... .......... .......... 83%  119M 1s
 21450K .......... .......... .......... .......... .......... 83% 1.02M 1s
 21500K .......... .......... .......... .......... .......... 83%  140M 1s
 21550K .......... .......... .......... .......... .......... 83% 13.6M 1s
 21600K .......... .......... .......... .......... .......... 83% 12.8M 1s
 21650K .......... .......... .......... .......... .......... 84%  152M 1s
 21700K .......... .......... .......... .......... .......... 84%  111M 1s
 21750K .......... .......... .......... .......... .......... 84%  134M 1s
 21800K .......... .......... .......... .......... .......... 84%  111M 1s
 21850K .......... .......... .......... .......... .......... 84% 7.71M 1s
 21900K .......... .......... .......... .......... .......... 85% 81.4M 1s
 21950K .......... .......... .......... .......... .......... 85%  102M 1s
 22000K .......... .......... .......... .......... .......... 85% 3.30M 1s
 22050K .......... .......... .......... .......... .......... 85% 91.6M 1s
 22100K .......... .......... .......... .......... .......... 85% 6.77M 1s
 22150K .......... .......... .......... .......... .......... 86% 98.4M 1s
 22200K .......... .......... .......... .......... .......... 86%  125M 1s
 22250K .......... .......... .......... .......... .......... 86% 1.24M 1s
 22300K .......... .......... .......... .......... .......... 86% 5.98M 1s
 22350K .......... .......... .......... .......... .......... 86% 12.7M 1s
 22400K .......... .......... .......... .......... .......... 86% 11.8M 0s
 22450K .......... .......... .......... .......... .......... 87%  121M 0s
 22500K .......... .......... .......... .......... .......... 87%  114M 0s
 22550K .......... .......... .......... .......... .......... 87%  127M 0s
 22600K .......... .......... .......... .......... .......... 87%  113M 0s
 22650K .......... .......... .......... .......... .......... 87% 7.88M 0s
 22700K .......... .......... .......... .......... .......... 88% 94.5M 0s
 22750K .......... .......... .......... .......... .......... 88% 95.4M 0s
 22800K .......... .......... .......... .......... .......... 88% 6.83M 0s
 22850K .......... .......... .......... .......... .......... 88% 5.21M 0s
 22900K .......... .......... .......... .......... .......... 88%  110M 0s
 22950K .......... .......... .......... .......... .......... 89% 7.21M 0s
 23000K .......... .......... .......... .......... .......... 89%  150M 0s
 23050K .......... .......... .......... .......... .......... 89% 1.26M 0s
 23100K .......... .......... .......... .......... .......... 89% 5.69M 0s
 23150K .......... .......... .......... .......... .......... 89% 13.1M 0s
 23200K .......... .......... .......... .......... .......... 90% 12.2M 0s
 23250K .......... .......... .......... .......... .......... 90%  144M 0s
 23300K .......... .......... .......... .......... .......... 90%  108M 0s
 23350K .......... .......... .......... .......... .......... 90%  135M 0s
 23400K .......... .......... .......... .......... .......... 90%  104M 0s
 23450K .......... .......... .......... .......... .......... 91% 7.62M 0s
 23500K .......... .......... .......... .......... .......... 91%  120M 0s
 23550K .......... .......... .......... .......... .......... 91% 98.7M 0s
 23600K .......... .......... .......... .......... .......... 91%  136M 0s
 23650K .......... .......... .......... .......... .......... 91% 3.31M 0s
 23700K .......... .......... .......... .......... .......... 92% 9.41M 0s
 23750K .......... .......... .......... .......... .......... 92% 18.9M 0s
 23800K .......... .......... .......... .......... .......... 92% 81.0M 0s
 23850K .......... .......... .......... .......... .......... 92% 15.0M 0s
 23900K .......... .......... .......... .......... .......... 92% 1.10M 0s
 23950K .......... .......... .......... .......... .......... 92% 13.0M 0s
 24000K .......... .......... .......... .......... .......... 93% 83.5M 0s
 24050K .......... .......... .......... .......... .......... 93% 12.4M 0s
 24100K .......... .......... .......... .......... .......... 93%  112M 0s
 24150K .......... .......... .......... .......... .......... 93%  164M 0s
 24200K .......... .......... .......... .......... .......... 93% 96.9M 0s
 24250K .......... .......... .......... .......... .......... 94%  174M 0s
 24300K .......... .......... .......... .......... .......... 94% 6.72M 0s
 24350K .......... .......... .......... .......... .......... 94%  102M 0s
 24400K .......... .......... .......... .......... .......... 94%  153M 0s
 24450K .......... .......... .......... .......... .......... 94% 3.48M 0s
 24500K .......... .......... .......... .......... .......... 95% 12.1M 0s
 24550K .......... .......... .......... .......... .......... 95% 12.2M 0s
 24600K .......... .......... .......... .......... .......... 95% 80.9M 0s
 24650K .......... .......... .......... .......... .......... 95%  183M 0s
 24700K .......... .......... .......... .......... .......... 95% 1.03M 0s
 24750K .......... .......... .......... .......... .......... 96%  100M 0s
 24800K .......... .......... .......... .......... .......... 96% 13.4M 0s
 24850K .......... .......... .......... .......... .......... 96% 12.7M 0s
 24900K .......... .......... .......... .......... .......... 96% 84.2M 0s
 24950K .......... .......... .......... .......... .......... 96%  146M 0s
 25000K .......... .......... .......... .......... .......... 97%  106M 0s
 25050K .......... .......... .......... .......... .......... 97%  116M 0s
 25100K .......... .......... .......... .......... .......... 97% 7.85M 0s
 25150K .......... .......... .......... .......... .......... 97% 99.4M 0s
 25200K .......... .......... .......... .......... .......... 97% 14.5M 0s
 25250K .......... .......... .......... .......... .......... 98% 3.97M 0s
 25300K .......... .......... .......... .......... .......... 98% 94.3M 0s
 25350K .......... .......... .......... .......... .......... 98% 13.8M 0s
 25400K .......... .......... .......... .......... .......... 98% 12.1M 0s
 25450K .......... .......... .......... .......... .......... 98%  110M 0s
 25500K .......... .......... .......... .......... .......... 99% 1.03M 0s
 25550K .......... .......... .......... .......... .......... 99%  151M 0s
 25600K .......... .......... .......... .......... .......... 99% 13.7M 0s
 25650K .......... .......... .......... .......... .......... 99% 11.9M 0s
 25700K .......... .......... .......... .......... .......... 99%  135M 0s
 25750K .......... .......... .......... .......... .......... 99%  119M 0s
 25800K .......                                               100% 14.3T=3.7s

2025-12-15 08:16:47 (6.88 MB/s) - ‘vlc-3.0.22.tar.xz’ saved [26427084/26427084]

--2025-12-15 08:16:47--  https://www.linuxfromscratch.org/patches/blfs/svn/vlc-3.0.21-taglib-1.patch
Resolving www.linuxfromscratch.org (www.linuxfromscratch.org)... 208.118.68.85
Connecting to www.linuxfromscratch.org (www.linuxfromscratch.org)|208.118.68.85|:443... connected.
HTTP request sent, awaiting response... 404 Not Found
2025-12-15 08:16:48 ERROR 404: Not Found.

