--2026-02-19 11:06:47--  https://gitlab.gnome.org/GNOME/gucharmap/-/archive/17.0.1/gucharmap-17.0.1.tar.bz2
Resolving gitlab.gnome.org (gitlab.gnome.org)... 151.101.1.91, 151.101.129.91, 151.101.193.91, ...
Connecting to gitlab.gnome.org (gitlab.gnome.org)|151.101.1.91|:443... connected.
HTTP request sent, awaiting response... 200 OK
Length: 1511603 (1.4M) [application/octet-stream]
Saving to: ‘gucharmap-17.0.1.tar.bz2’

     0K .......... .......... .......... .......... ..........  3% 8.46M 0s
    50K .......... .......... .......... .......... ..........  6% 12.8M 0s
   100K .......... .......... .......... .......... .......... 10% 11.2M 0s
   150K .......... .......... .......... .......... .......... 13% 49.7M 0s
   200K .......... .......... .......... .......... .......... 16% 18.9M 0s
   250K .......... .......... .......... .......... .......... 20% 11.0M 0s
   300K .......... .......... .......... .......... .......... 23% 88.5M 0s
   350K .......... .......... .......... .......... .......... 27% 15.2M 0s
   400K .......... .......... .......... .......... .......... 30% 82.3M 0s
   450K .......... .......... .......... .......... .......... 33%  107M 0s
   500K .......... .......... .......... .......... .......... 37% 16.5M 0s
   550K .......... .......... .......... .......... .......... 40% 92.3M 0s
   600K .......... .......... .......... .......... .......... 44% 14.2M 0s
   650K .......... .......... .......... .......... .......... 47% 72.5M 0s
   700K .......... .......... .......... .......... .......... 50%  117M 0s
   750K .......... .......... .......... .......... .......... 54%  146M 0s
   800K .......... .......... .......... .......... .......... 57%  129M 0s
   850K .......... .......... .......... .......... .......... 60% 20.9M 0s
   900K .......... .......... .......... .......... .......... 64% 12.1M 0s
   950K .......... .......... .......... .......... .......... 67%  121M 0s
  1000K .......... .......... .......... .......... .......... 71%  112M 0s
  1050K .......... .......... .......... .......... .......... 74% 88.8M 0s
  1100K .......... .......... .......... .......... .......... 77%  124M 0s
  1150K .......... .......... .......... .......... .......... 81% 21.4M 0s
  1200K .......... .......... .......... .......... .......... 84%  130M 0s
  1250K .......... .......... .......... .......... .......... 88%  171M 0s
  1300K .......... .......... .......... .......... .......... 91% 15.3M 0s
  1350K .......... .......... .......... .......... .......... 94% 98.3M 0s
  1400K .......... .......... .......... .......... .......... 98%  120M 0s
  1450K .......... .......... ......                          100%  133M=0.05s

2026-02-19 11:06:47 (28.3 MB/s) - ‘gucharmap-17.0.1.tar.bz2’ saved [1511603/1511603]

--2026-02-19 11:06:47--  https://www.unicode.org/Public/7.0.1.0.0/ucd/UCD.zip
Resolving www.unicode.org (www.unicode.org)... 104.26.11.47, 104.26.10.47, 172.67.74.23, ...
Connecting to www.unicode.org (www.unicode.org)|104.26.11.47|:443... connected.
HTTP request sent, awaiting response... 404 Not Found
2026-02-19 11:06:47 ERROR 404: Not Found.

