--2026-02-19 10:19:22--  https://github.com/Mic92/iana-etc/releases/download/20260213/iana-etc-20260213.tar.gz
Resolving github.com (github.com)... 140.82.113.3
Connecting to github.com (github.com)|140.82.113.3|:443... connected.
HTTP request sent, awaiting response... 302 Found
Location: https://release-assets.githubusercontent.com/github-production-release-asset/84966990/d06e6f5f-9638-4aae-973a-57dc40da88c2?sp=r&sv=2018-11-09&sr=b&spr=https&se=2026-02-19T10%3A52%3A32Z&rscd=attachment%3B+filename%3Diana-etc-20260213.tar.gz&rsct=application%2Foctet-stream&skoid=96c2d410-5711-43a1-aedd-ab1947aa7ab0&sktid=398a6654-997b-47e9-b12b-9515b896b4de&skt=2026-02-19T09%3A51%3A48Z&ske=2026-02-19T10%3A52%3A32Z&sks=b&skv=2018-11-09&sig=wZd9uz9WvDDLI4dEWbT8Lh9hAIYIyrx%2FgWtVwHnUvrM%3D&jwt=eyJ0eXAiOiJKV1QiLCJhbGciOiJIUzI1NiJ9.eyJpc3MiOiJnaXRodWIuY29tIiwiYXVkIjoicmVsZWFzZS1hc3NldHMuZ2l0aHVidXNlcmNvbnRlbnQuY29tIiwia2V5Ijoia2V5MSIsImV4cCI6MTc3MTQ5NjY2MiwibmJmIjoxNzcxNDk2MzYyLCJwYXRoIjoicmVsZWFzZWFzc2V0cHJvZHVjdGlvbi5ibG9iLmNvcmUud2luZG93cy5uZXQifQ.56-omqQzpn5mjjsqhRlcANqFOfGuT9CGsI1fV8VvYBI&response-content-disposition=attachment%3B%20filename%3Diana-etc-20260213.tar.gz&response-content-type=application%2Foctet-stream [following]
--2026-02-19 10:19:23--  https://release-assets.githubusercontent.com/github-production-release-asset/84966990/d06e6f5f-9638-4aae-973a-57dc40da88c2?sp=r&sv=2018-11-09&sr=b&spr=https&se=2026-02-19T10%3A52%3A32Z&rscd=attachment%3B+filename%3Diana-etc-20260213.tar.gz&rsct=application%2Foctet-stream&skoid=96c2d410-5711-43a1-aedd-ab1947aa7ab0&sktid=398a6654-997b-47e9-b12b-9515b896b4de&skt=2026-02-19T09%3A51%3A48Z&ske=2026-02-19T10%3A52%3A32Z&sks=b&skv=2018-11-09&sig=wZd9uz9WvDDLI4dEWbT8Lh9hAIYIyrx%2FgWtVwHnUvrM%3D&jwt=eyJ0eXAiOiJKV1QiLCJhbGciOiJIUzI1NiJ9.eyJpc3MiOiJnaXRodWIuY29tIiwiYXVkIjoicmVsZWFzZS1hc3NldHMuZ2l0aHVidXNlcmNvbnRlbnQuY29tIiwia2V5Ijoia2V5MSIsImV4cCI6MTc3MTQ5NjY2MiwibmJmIjoxNzcxNDk2MzYyLCJwYXRoIjoicmVsZWFzZWFzc2V0cHJvZHVjdGlvbi5ibG9iLmNvcmUud2luZG93cy5uZXQifQ.56-omqQzpn5mjjsqhRlcANqFOfGuT9CGsI1fV8VvYBI&response-content-disposition=attachment%3B%20filename%3Diana-etc-20260213.tar.gz&response-content-type=application%2Foctet-stream
Resolving release-assets.githubusercontent.com (release-assets.githubusercontent.com)... 185.199.109.133, 185.199.108.133, 185.199.110.133, ...
Connecting to release-assets.githubusercontent.com (release-assets.githubusercontent.com)|185.199.109.133|:443... connected.
HTTP request sent, awaiting response... 200 OK
Length: 607418 (593K) [application/octet-stream]
Saving to: ‘iana-etc-20260213.tar.gz’

     0K .......... .......... .......... .......... ..........  8% 11.2M 0s
    50K .......... .......... .......... .......... .......... 16% 11.9M 0s
   100K .......... .......... .......... .......... .......... 25% 12.7M 0s
   150K .......... .......... .......... .......... .......... 33% 12.8M 0s
   200K .......... .......... .......... .......... .......... 42% 89.5M 0s
   250K .......... .......... .......... .......... .......... 50% 13.5M 0s
   300K .......... .......... .......... .......... .......... 59% 90.8M 0s
   350K .......... .......... .......... .......... .......... 67% 13.5M 0s
   400K .......... .......... .......... .......... .......... 75%  110M 0s
   450K .......... .......... .......... .......... .......... 84% 15.3M 0s
   500K .......... .......... .......... .......... .......... 92%  122M 0s
   550K .......... .......... .......... .......... ...       100%  105M=0.03s

2026-02-19 10:19:23 (20.1 MB/s) - ‘iana-etc-20260213.tar.gz’ saved [607418/607418]

iana-etc-20260213/service-names-port-numbers.xml
iana-etc-20260213/services
iana-etc-20260213/protocol-numbers.xml
iana-etc-20260213/protocols
iana-etc/
iana-etc/etc/
iana-etc/etc/protocols
iana-etc/etc/services
iana-etc/version
iana-etc/depends
iana-etc/make-depends
