--2026-03-04 09:36:32--  https://files.pythonhosted.org/packages/source/i/imagesize/imagesize-2.0.0.tar.gz
Resolving files.pythonhosted.org (files.pythonhosted.org)... 151.101.128.223, 151.101.0.223, 151.101.192.223, ...
Connecting to files.pythonhosted.org (files.pythonhosted.org)|151.101.128.223|:443... connected.
HTTP request sent, awaiting response... 302 Found
Location: https://files.pythonhosted.org/packages/6c/e6/7bf14eeb8f8b7251141944835abd42eb20a658d89084b7e1f3e5fe394090/imagesize-2.0.0.tar.gz [following]
--2026-03-04 09:36:32--  https://files.pythonhosted.org/packages/6c/e6/7bf14eeb8f8b7251141944835abd42eb20a658d89084b7e1f3e5fe394090/imagesize-2.0.0.tar.gz
Reusing existing connection to files.pythonhosted.org:443.
HTTP request sent, awaiting response... 200 OK
Length: 1773045 (1.7M) [application/octet-stream]
Saving to: ‘imagesize-2.0.0.tar.gz’

     0K .......... .......... .......... .......... ..........  2% 8.28M 0s
    50K .......... .......... .......... .......... ..........  5% 6.51M 0s
   100K .......... .......... .......... .......... ..........  8% 11.7M 0s
   150K .......... .......... .......... .......... .......... 11% 11.6M 0s
   200K .......... .......... .......... .......... .......... 14% 76.6M 0s
   250K .......... .......... .......... .......... .......... 17% 14.8M 0s
   300K .......... .......... .......... .......... .......... 20% 12.1M 0s
   350K .......... .......... .......... .......... .......... 23% 12.5M 0s
   400K .......... .......... .......... .......... .......... 25%  103M 0s
   450K .......... .......... .......... .......... .......... 28%  127M 0s
   500K .......... .......... .......... .......... .......... 31% 16.7M 0s
   550K .......... .......... .......... .......... .......... 34% 11.6M 0s
   600K .......... .......... .......... .......... .......... 37%  154M 0s
   650K .......... .......... .......... .......... .......... 40%  121M 0s
   700K .......... .......... .......... .......... .......... 43% 17.1M 0s
   750K .......... .......... .......... .......... .......... 46% 88.5M 0s
   800K .......... .......... .......... .......... .......... 49%  118M 0s
   850K .......... .......... .......... .......... .......... 51% 13.8M 0s
   900K .......... .......... .......... .......... .......... 54%  129M 0s
   950K .......... .......... .......... .......... .......... 57% 93.6M 0s
  1000K .......... .......... .......... .......... .......... 60% 17.7M 0s
  1050K .......... .......... .......... .......... .......... 63%  136M 0s
  1100K .......... .......... .......... .......... .......... 66%  101M 0s
  1150K .......... .......... .......... .......... .......... 69% 14.0M 0s
  1200K .......... .......... .......... .......... .......... 72%  233M 0s
  1250K .......... .......... .......... .......... .......... 75%  124M 0s
  1300K .......... .......... .......... .......... .......... 77%  106M 0s
  1350K .......... .......... .......... .......... .......... 80% 16.0M 0s
  1400K .......... .......... .......... .......... .......... 83%  105M 0s
  1450K .......... .......... .......... .......... .......... 86%  149M 0s
  1500K .......... .......... .......... .......... .......... 89% 99.7M 0s
  1550K .......... .......... .......... .......... .......... 92%  150M 0s
  1600K .......... .......... .......... .......... .......... 95% 21.0M 0s
  1650K .......... .......... .......... .......... .......... 98%  233M 0s
  1700K .......... .......... .......... .                    100% 95.5M=0.07s

2026-03-04 09:36:32 (25.5 MB/s) - ‘imagesize-2.0.0.tar.gz’ saved [1773045/1773045]

imagesize-2.0.0/
imagesize-2.0.0/LICENSE.rst
imagesize-2.0.0/MANIFEST.in
imagesize-2.0.0/PKG-INFO
imagesize-2.0.0/README.rst
imagesize-2.0.0/imagesize/
imagesize-2.0.0/imagesize/__init__.py
imagesize-2.0.0/imagesize/imagesize.py
imagesize-2.0.0/imagesize.egg-info/
imagesize-2.0.0/imagesize.egg-info/PKG-INFO
imagesize-2.0.0/imagesize.egg-info/SOURCES.txt
imagesize-2.0.0/imagesize.egg-info/dependency_links.txt
imagesize-2.0.0/imagesize.egg-info/top_level.txt
imagesize-2.0.0/setup.cfg
imagesize-2.0.0/setup.py
imagesize-2.0.0/test/
imagesize-2.0.0/test/__init__.py
imagesize-2.0.0/test/images/
imagesize-2.0.0/test/images/multipage_tiff_example.tif
imagesize-2.0.0/test/images/test-ascii.pbm
imagesize-2.0.0/test/images/test-ascii.pgm
imagesize-2.0.0/test/images/test-ascii.ppm
imagesize-2.0.0/test/images/test-rotated.avif
imagesize-2.0.0/test/images/test-rotated.heic
imagesize-2.0.0/test/images/test-rotated.jpg
imagesize-2.0.0/test/images/test-rotated.tiff
imagesize-2.0.0/test/images/test.avif
imagesize-2.0.0/test/images/test.gif
imagesize-2.0.0/test/images/test.heic
imagesize-2.0.0/test/images/test.jp2
imagesize-2.0.0/test/images/test.jpg
imagesize-2.0.0/test/images/test.pbm
imagesize-2.0.0/test/images/test.pgm
imagesize-2.0.0/test/images/test.png
imagesize-2.0.0/test/images/test.ppm
imagesize-2.0.0/test/images/test.svg
imagesize-2.0.0/test/images/test.tiff
imagesize-2.0.0/test/images/test_24.bmp
imagesize-2.0.0/test/images/test_vp8x.webp
imagesize-2.0.0/test/test_get.py
imagesize-2.0.0/test/test_get_filelike.py
imagesize-2.0.0/test/test_get_info.py
imagesize-2.0.0/test/test_get_url.py
imagesize-2.0.0/test/test_getdpi.py
* Creating isolated environment: venv+pip...
* Installing packages in isolated environment:
  - setuptools >= 40.8.0
* Getting build dependencies for wheel...
/tmp/build-env-l0az3tr9/lib/python3.14/site-packages/setuptools/dist.py:765: SetuptoolsDeprecationWarning: License classifiers are deprecated.
!!

        ********************************************************************************
        Please consider removing the following classifiers in favor of a SPDX license expression:

        License :: OSI Approved :: MIT License

        See https://packaging.python.org/en/latest/guides/writing-pyproject-toml/#license for details.
        ********************************************************************************

!!
  self._finalize_license_expression()
running egg_info
writing imagesize.egg-info/PKG-INFO
writing dependency_links to imagesize.egg-info/dependency_links.txt
writing top-level names to imagesize.egg-info/top_level.txt
reading manifest file 'imagesize.egg-info/SOURCES.txt'
reading manifest template 'MANIFEST.in'
adding license file 'LICENSE.rst'
writing manifest file 'imagesize.egg-info/SOURCES.txt'
* Building wheel...
/tmp/build-env-l0az3tr9/lib/python3.14/site-packages/setuptools/dist.py:765: SetuptoolsDeprecationWarning: License classifiers are deprecated.
!!

        ********************************************************************************
        Please consider removing the following classifiers in favor of a SPDX license expression:

        License :: OSI Approved :: MIT License

        See https://packaging.python.org/en/latest/guides/writing-pyproject-toml/#license for details.
        ********************************************************************************

!!
  self._finalize_license_expression()
running bdist_wheel
/tmp/build-env-l0az3tr9/lib/python3.14/site-packages/setuptools/_distutils/cmd.py:119: SetuptoolsDeprecationWarning: bdist_wheel.universal is deprecated
!!

        ********************************************************************************
        With Python 2.7 end-of-life, support for building universal wheels
        (i.e., wheels that support both Python 2 and Python 3)
        is being obviated.
        Please discontinue using this option, or if you still need it,
        file an issue with pypa/setuptools describing your use case.

        This deprecation is overdue, please update your project and remove deprecated
        calls to avoid build errors in the future.
        ********************************************************************************

!!
  self.finalize_options()
running build
running build_py
creating build/lib/imagesize
copying imagesize/imagesize.py -> build/lib/imagesize
copying imagesize/__init__.py -> build/lib/imagesize
installing to build/bdist.linux-x86_64/wheel
running install
running install_lib
creating build/bdist.linux-x86_64/wheel
creating build/bdist.linux-x86_64/wheel/imagesize
copying build/lib/imagesize/imagesize.py -> build/bdist.linux-x86_64/wheel/./imagesize
copying build/lib/imagesize/__init__.py -> build/bdist.linux-x86_64/wheel/./imagesize
running install_egg_info
running egg_info
writing imagesize.egg-info/PKG-INFO
writing dependency_links to imagesize.egg-info/dependency_links.txt
writing top-level names to imagesize.egg-info/top_level.txt
reading manifest file 'imagesize.egg-info/SOURCES.txt'
reading manifest template 'MANIFEST.in'
adding license file 'LICENSE.rst'
writing manifest file 'imagesize.egg-info/SOURCES.txt'
Copying imagesize.egg-info to build/bdist.linux-x86_64/wheel/./imagesize-2.0.0-py3.14.egg-info
running install_scripts
creating build/bdist.linux-x86_64/wheel/imagesize-2.0.0.dist-info/WHEEL
creating '/blfs/builds/imagesize-2.0.0/dist/.tmp-s67nq8dj/imagesize-2.0.0-py2.py3-none-any.whl' and adding 'build/bdist.linux-x86_64/wheel' to it
adding 'imagesize/__init__.py'
adding 'imagesize/imagesize.py'
adding 'imagesize-2.0.0.dist-info/licenses/LICENSE.rst'
adding 'imagesize-2.0.0.dist-info/METADATA'
adding 'imagesize-2.0.0.dist-info/WHEEL'
adding 'imagesize-2.0.0.dist-info/top_level.txt'
adding 'imagesize-2.0.0.dist-info/RECORD'
removing build/bdist.linux-x86_64/wheel
Successfully built imagesize-2.0.0-py2.py3-none-any.whl
'/pkgs/python-imagesize/usr/lib/python3.14/site-packages/imagesize/__init__.py' -> '/usr/lib/python3.14/site-packages/imagesize/__init__.py'
'/pkgs/python-imagesize/usr/lib/python3.14/site-packages/imagesize/imagesize.py' -> '/usr/lib/python3.14/site-packages/imagesize/imagesize.py'
'/pkgs/python-imagesize/usr/lib/python3.14/site-packages/imagesize/__pycache__/__init__.cpython-314.pyc' -> '/usr/lib/python3.14/site-packages/imagesize/__pycache__/__init__.cpython-314.pyc'
'/pkgs/python-imagesize/usr/lib/python3.14/site-packages/imagesize/__pycache__/__init__.cpython-314.opt-1.pyc' -> '/usr/lib/python3.14/site-packages/imagesize/__pycache__/__init__.cpython-314.opt-1.pyc'
'/pkgs/python-imagesize/usr/lib/python3.14/site-packages/imagesize/__pycache__/imagesize.cpython-314.pyc' -> '/usr/lib/python3.14/site-packages/imagesize/__pycache__/imagesize.cpython-314.pyc'
'/pkgs/python-imagesize/usr/lib/python3.14/site-packages/imagesize/__pycache__/imagesize.cpython-314.opt-1.pyc' -> '/usr/lib/python3.14/site-packages/imagesize/__pycache__/imagesize.cpython-314.opt-1.pyc'
'/pkgs/python-imagesize/usr/lib/python3.14/site-packages/imagesize-2.0.0.dist-info' -> '/usr/lib/python3.14/site-packages/imagesize-2.0.0.dist-info'
'/pkgs/python-imagesize/usr/lib/python3.14/site-packages/imagesize-2.0.0.dist-info/licenses' -> '/usr/lib/python3.14/site-packages/imagesize-2.0.0.dist-info/licenses'
'/pkgs/python-imagesize/usr/lib/python3.14/site-packages/imagesize-2.0.0.dist-info/licenses/LICENSE.rst' -> '/usr/lib/python3.14/site-packages/imagesize-2.0.0.dist-info/licenses/LICENSE.rst'
'/pkgs/python-imagesize/usr/lib/python3.14/site-packages/imagesize-2.0.0.dist-info/METADATA' -> '/usr/lib/python3.14/site-packages/imagesize-2.0.0.dist-info/METADATA'
'/pkgs/python-imagesize/usr/lib/python3.14/site-packages/imagesize-2.0.0.dist-info/WHEEL' -> '/usr/lib/python3.14/site-packages/imagesize-2.0.0.dist-info/WHEEL'
'/pkgs/python-imagesize/usr/lib/python3.14/site-packages/imagesize-2.0.0.dist-info/top_level.txt' -> '/usr/lib/python3.14/site-packages/imagesize-2.0.0.dist-info/top_level.txt'
'/pkgs/python-imagesize/usr/lib/python3.14/site-packages/imagesize-2.0.0.dist-info/RECORD' -> '/usr/lib/python3.14/site-packages/imagesize-2.0.0.dist-info/RECORD'
python-imagesize/
python-imagesize/usr/
python-imagesize/usr/lib/
python-imagesize/usr/lib/python3.14/
python-imagesize/usr/lib/python3.14/site-packages/
python-imagesize/usr/lib/python3.14/site-packages/imagesize/
python-imagesize/usr/lib/python3.14/site-packages/imagesize/imagesize.py
python-imagesize/usr/lib/python3.14/site-packages/imagesize/__pycache__/
python-imagesize/usr/lib/python3.14/site-packages/imagesize/__pycache__/__init__.cpython-314.opt-1.pyc
python-imagesize/usr/lib/python3.14/site-packages/imagesize/__pycache__/imagesize.cpython-314.pyc
python-imagesize/usr/lib/python3.14/site-packages/imagesize/__pycache__/imagesize.cpython-314.opt-1.pyc
python-imagesize/usr/lib/python3.14/site-packages/imagesize/__pycache__/__init__.cpython-314.pyc
python-imagesize/usr/lib/python3.14/site-packages/imagesize/__init__.py
python-imagesize/usr/lib/python3.14/site-packages/imagesize-2.0.0.dist-info/
python-imagesize/usr/lib/python3.14/site-packages/imagesize-2.0.0.dist-info/RECORD
python-imagesize/usr/lib/python3.14/site-packages/imagesize-2.0.0.dist-info/METADATA
python-imagesize/usr/lib/python3.14/site-packages/imagesize-2.0.0.dist-info/top_level.txt
python-imagesize/usr/lib/python3.14/site-packages/imagesize-2.0.0.dist-info/WHEEL
python-imagesize/usr/lib/python3.14/site-packages/imagesize-2.0.0.dist-info/licenses/
python-imagesize/usr/lib/python3.14/site-packages/imagesize-2.0.0.dist-info/licenses/LICENSE.rst
python-imagesize/version
python-imagesize/depends
python-imagesize/make-depends
