--2025-12-11 08:17:32--  https://download.videolan.org/vlc/3.0.22/vlc-3.0.22.tar.xz
Resolving download.videolan.org (download.videolan.org)... 213.36.253.2, 2a01:e0d:1:3:58bf:fa02:c0de:5
Connecting to download.videolan.org (download.videolan.org)|213.36.253.2|:443... connected.
HTTP request sent, awaiting response... 200 OK
Length: 26427084 (25M) [application/octet-stream]
Saving to: ‘vlc-3.0.22.tar.xz’

     0K .......... .......... .......... .......... ..........  0%  570K 45s
    50K .......... .......... .......... .......... ..........  0%  569K 45s
   100K .......... .......... .......... .......... ..........  0%  182M 30s
   150K .......... .......... .......... .......... ..........  0%  567K 34s
   200K .......... .......... .......... .......... ..........  0%  572K 36s
   250K .......... .......... .......... .......... ..........  1% 1.21M 33s
   300K .......... .......... .......... .......... ..........  1% 1.02M 32s
   350K .......... .......... .......... .......... ..........  1%  567K 34s
   400K .......... .......... .......... .......... ..........  1%  187M 30s
   450K .......... .......... .......... .......... ..........  1% 1.22M 29s
   500K .......... .......... .......... .......... ..........  2%  172M 26s
   550K .......... .......... .......... .......... ..........  2% 1.02M 26s
   600K .......... .......... .......... .......... ..........  2% 1.23M 25s
   650K .......... .......... .......... .......... ..........  2% 1.01M 25s
   700K .......... .......... .......... .......... ..........  2%  119M 24s
   750K .......... .......... .......... .......... ..........  3%  161M 22s
   800K .......... .......... .......... .......... ..........  3%  565K 23s
   850K .......... .......... .......... .......... ..........  3%  131M 22s
   900K .......... .......... .......... .......... ..........  3%  168M 21s
   950K .......... .......... .......... .......... ..........  3% 1.29M 21s
  1000K .......... .......... .......... .......... ..........  4%  103M 20s
  1050K .......... .......... .......... .......... ..........  4%  972K 20s
  1100K .......... .......... .......... .......... ..........  4%  183M 19s
  1150K .......... .......... .......... .......... ..........  4% 1.37M 19s
  1200K .......... .......... .......... .......... ..........  4%  202M 18s
  1250K .......... .......... .......... .......... ..........  5%  162M 17s
  1300K .......... .......... .......... .......... ..........  5% 92.7M 17s
  1350K .......... .......... .......... .......... ..........  5%  988K 17s
  1400K .......... .......... .......... .......... ..........  5%  142M 16s
  1450K .......... .......... .......... .......... ..........  5%  103M 16s
  1500K .......... .......... .......... .......... ..........  6%  130M 15s
  1550K .......... .......... .......... .......... ..........  6% 1.40M 15s
  1600K .......... .......... .......... .......... ..........  6%  143M 15s
  1650K .......... .......... .......... .......... ..........  6% 12.8M 14s
  1700K .......... .......... .......... .......... ..........  6% 14.0M 14s
  1750K .......... .......... .......... .......... ..........  6% 1.11M 14s
  1800K .......... .......... .......... .......... ..........  7%  122M 14s
  1850K .......... .......... .......... .......... ..........  7% 89.5M 13s
  1900K .......... .......... .......... .......... ..........  7%  182M 13s
  1950K .......... .......... .......... .......... ..........  7% 68.5M 13s
  2000K .......... .......... .......... .......... ..........  7%  150M 12s
  2050K .......... .......... .......... .......... ..........  8% 57.9M 12s
  2100K .......... .......... .......... .......... ..........  8%  157M 12s
  2150K .......... .......... .......... .......... ..........  8% 1.48M 12s
  2200K .......... .......... .......... .......... ..........  8% 14.2M 12s
  2250K .......... .......... .......... .......... ..........  8% 11.5M 11s
  2300K .......... .......... .......... .......... ..........  9%  194M 11s
  2350K .......... .......... .......... .......... ..........  9% 1.11M 11s
  2400K .......... .......... .......... .......... ..........  9% 14.8M 11s
  2450K .......... .......... .......... .......... ..........  9% 86.6M 11s
  2500K .......... .......... .......... .......... ..........  9%  128M 11s
  2550K .......... .......... .......... .......... .......... 10% 95.3M 10s
  2600K .......... .......... .......... .......... .......... 10%  161M 10s
  2650K .......... .......... .......... .......... .......... 10%  115M 10s
  2700K .......... .......... .......... .......... .......... 10%  116M 10s
  2750K .......... .......... .......... .......... .......... 10%  125M 9s
  2800K .......... .......... .......... .......... .......... 11% 95.7M 9s
  2850K .......... .......... .......... .......... .......... 11% 1.49M 9s
  2900K .......... .......... .......... .......... .......... 11% 96.5M 9s
  2950K .......... .......... .......... .......... .......... 11% 14.2M 9s
  3000K .......... .......... .......... .......... .......... 11% 74.0M 9s
  3050K .......... .......... .......... .......... .......... 12% 1.12M 9s
  3100K .......... .......... .......... .......... .......... 12% 99.1M 9s
  3150K .......... .......... .......... .......... .......... 12%  103M 9s
  3200K .......... .......... .......... .......... .......... 12% 16.0M 9s
  3250K .......... .......... .......... .......... .......... 12% 94.5M 8s
  3300K .......... .......... .......... .......... .......... 12%  124M 8s
  3350K .......... .......... .......... .......... .......... 13%  129M 8s
  3400K .......... .......... .......... .......... .......... 13%  104M 8s
  3450K .......... .......... .......... .......... .......... 13%  159M 8s
  3500K .......... .......... .......... .......... .......... 13%  107M 8s
  3550K .......... .......... .......... .......... .......... 13% 86.2M 8s
  3600K .......... .......... .......... .......... .......... 14%  144M 8s
  3650K .......... .......... .......... .......... .......... 14% 50.0M 7s
  3700K .......... .......... .......... .......... .......... 14% 83.0M 7s
  3750K .......... .......... .......... .......... .......... 14%  146M 7s
  3800K .......... .......... .......... .......... .......... 14% 99.6M 7s
  3850K .......... .......... .......... .......... .......... 15% 97.7M 7s
  3900K .......... .......... .......... .......... .......... 15% 1.91M 7s
  3950K .......... .......... .......... .......... .......... 15% 7.46M 7s
  4000K .......... .......... .......... .......... .......... 15%  135M 7s
  4050K .......... .......... .......... .......... .......... 15% 38.1M 7s
  4100K .......... .......... .......... .......... .......... 16%  135M 7s
  4150K .......... .......... .......... .......... .......... 16% 1.12M 7s
  4200K .......... .......... .......... .......... .......... 16%  210M 7s
  4250K .......... .......... .......... .......... .......... 16%  104M 7s
  4300K .......... .......... .......... .......... .......... 16%  165M 7s
  4350K .......... .......... .......... .......... .......... 17% 77.3M 6s
  4400K .......... .......... .......... .......... .......... 17%  104M 6s
  4450K .......... .......... .......... .......... .......... 17%  109M 6s
  4500K .......... .......... .......... .......... .......... 17%  118M 6s
  4550K .......... .......... .......... .......... .......... 17% 51.5M 6s
  4600K .......... .......... .......... .......... .......... 18%  106M 6s
  4650K .......... .......... .......... .......... .......... 18%  108M 6s
  4700K .......... .......... .......... .......... .......... 18% 50.0M 6s
  4750K .......... .......... .......... .......... .......... 18% 67.1M 6s
  4800K .......... .......... .......... .......... .......... 18%  131M 6s
  4850K .......... .......... .......... .......... .......... 18%  130M 6s
  4900K .......... .......... .......... .......... .......... 19% 16.1M 6s
  4950K .......... .......... .......... .......... .......... 19%  138M 6s
  5000K .......... .......... .......... .......... .......... 19%  104M 5s
  5050K .......... .......... .......... .......... .......... 19%  163M 5s
  5100K .......... .......... .......... .......... .......... 19% 63.6M 5s
  5150K .......... .......... .......... .......... .......... 20% 87.6M 5s
  5200K .......... .......... .......... .......... .......... 20%  121M 5s
  5250K .......... .......... .......... .......... .......... 20%  111M 5s
  5300K .......... .......... .......... .......... .......... 20% 1.61M 5s
  5350K .......... .......... .......... .......... .......... 20% 94.5M 5s
  5400K .......... .......... .......... .......... .......... 21%  145M 5s
  5450K .......... .......... .......... .......... .......... 21% 93.1M 5s
  5500K .......... .......... .......... .......... .......... 21%  111M 5s
  5550K .......... .......... .......... .......... .......... 21% 1.16M 5s
  5600K .......... .......... .......... .......... .......... 21% 87.4M 5s
  5650K .......... .......... .......... .......... .......... 22%  193M 5s
  5700K .......... .......... .......... .......... .......... 22%  100M 5s
  5750K .......... .......... .......... .......... .......... 22% 93.5M 5s
  5800K .......... .......... .......... .......... .......... 22%  171M 5s
  5850K .......... .......... .......... .......... .......... 22% 99.5M 5s
  5900K .......... .......... .......... .......... .......... 23%  140M 5s
  5950K .......... .......... .......... .......... .......... 23% 29.6M 5s
  6000K .......... .......... .......... .......... .......... 23%  103M 5s
  6050K .......... .......... .......... .......... .......... 23%  159M 5s
  6100K .......... .......... .......... .......... .......... 23%  118M 5s
  6150K .......... .......... .......... .......... .......... 24% 90.9M 4s
  6200K .......... .......... .......... .......... .......... 24%  159M 4s
  6250K .......... .......... .......... .......... .......... 24% 86.7M 4s
  6300K .......... .......... .......... .......... .......... 24%  129M 4s
  6350K .......... .......... .......... .......... .......... 24%  102M 4s
  6400K .......... .......... .......... .......... .......... 24% 96.5M 4s
  6450K .......... .......... .......... .......... .......... 25%  139M 4s
  6500K .......... .......... .......... .......... .......... 25% 96.5M 4s
  6550K .......... .......... .......... .......... .......... 25%  137M 4s
  6600K .......... .......... .......... .......... .......... 25% 88.4M 4s
  6650K .......... .......... .......... .......... .......... 25%  179M 4s
  6700K .......... .......... .......... .......... .......... 26%  128M 4s
  6750K .......... .......... .......... .......... .......... 26% 70.9M 4s
  6800K .......... .......... .......... .......... .......... 26%  100M 4s
  6850K .......... .......... .......... .......... .......... 26% 94.3M 4s
  6900K .......... .......... .......... .......... .......... 26%  159M 4s
  6950K .......... .......... .......... .......... .......... 27% 66.3M 4s
  7000K .......... .......... .......... .......... .......... 27%  156M 4s
  7050K .......... .......... .......... .......... .......... 27% 50.2M 4s
  7100K .......... .......... .......... .......... .......... 27%  141M 4s
  7150K .......... .......... .......... .......... .......... 27% 99.4M 4s
  7200K .......... .......... .......... .......... .......... 28%  135M 4s
  7250K .......... .......... .......... .......... .......... 28%  106M 4s
  7300K .......... .......... .......... .......... .......... 28%  104M 4s
  7350K .......... .......... .......... .......... .......... 28%  105M 4s
  7400K .......... .......... .......... .......... .......... 28% 39.9M 4s
  7450K .......... .......... .......... .......... .......... 29% 2.83M 4s
  7500K .......... .......... .......... .......... .......... 29% 6.06M 4s
  7550K .......... .......... .......... .......... .......... 29% 25.4M 3s
  7600K .......... .......... .......... .......... .......... 29%  126M 3s
  7650K .......... .......... .......... .......... .......... 29%  140M 3s
  7700K .......... .......... .......... .......... .......... 30% 1.18M 3s
  7750K .......... .......... .......... .......... .......... 30%  189M 3s
  7800K .......... .......... .......... .......... .......... 30%  101M 3s
  7850K .......... .......... .......... .......... .......... 30%  139M 3s
  7900K .......... .......... .......... .......... .......... 30%  110M 3s
  7950K .......... .......... .......... .......... .......... 30% 88.3M 3s
  8000K .......... .......... .......... .......... .......... 31%  157M 3s
  8050K .......... .......... .......... .......... .......... 31% 98.9M 3s
  8100K .......... .......... .......... .......... .......... 31% 39.6M 3s
  8150K .......... .......... .......... .......... .......... 31% 86.2M 3s
  8200K .......... .......... .......... .......... .......... 31%  122M 3s
  8250K .......... .......... .......... .......... .......... 32%  113M 3s
  8300K .......... .......... .......... .......... .......... 32%  151M 3s
  8350K .......... .......... .......... .......... .......... 32% 95.6M 3s
  8400K .......... .......... .......... .......... .......... 32% 98.4M 3s
  8450K .......... .......... .......... .......... .......... 32%  132M 3s
  8500K .......... .......... .......... .......... .......... 33%  104M 3s
  8550K .......... .......... .......... .......... .......... 33% 95.6M 3s
  8600K .......... .......... .......... .......... .......... 33%  160M 3s
  8650K .......... .......... .......... .......... .......... 33%  111M 3s
  8700K .......... .......... .......... .......... .......... 33% 97.5M 3s
  8750K .......... .......... .......... .......... .......... 34% 48.3M 3s
  8800K .......... .......... .......... .......... .......... 34% 92.0M 3s
  8850K .......... .......... .......... .......... .......... 34%  161M 3s
  8900K .......... .......... .......... .......... .......... 34%  116M 3s
  8950K .......... .......... .......... .......... .......... 34% 90.6M 3s
  9000K .......... .......... .......... .......... .......... 35%  121M 3s
  9050K .......... .......... .......... .......... .......... 35%  120M 3s
  9100K .......... .......... .......... .......... .......... 35%  110M 3s
  9150K .......... .......... .......... .......... .......... 35% 30.7M 3s
  9200K .......... .......... .......... .......... .......... 35%  139M 3s
  9250K .......... .......... .......... .......... .......... 36%  113M 3s
  9300K .......... .......... .......... .......... .......... 36%  237M 3s
  9350K .......... .......... .......... .......... .......... 36%  210M 3s
  9400K .......... .......... .......... .......... .......... 36%  212M 3s
  9450K .......... .......... .......... .......... .......... 36% 96.0M 3s
  9500K .......... .......... .......... .......... .......... 37%  153M 3s
  9550K .......... .......... .......... .......... .......... 37% 94.3M 3s
  9600K .......... .......... .......... .......... .......... 37% 41.0M 3s
  9650K .......... .......... .......... .......... .......... 37%  137M 3s
  9700K .......... .......... .......... .......... .......... 37%  101M 3s
  9750K .......... .......... .......... .......... .......... 37%  193M 2s
  9800K .......... .......... .......... .......... .......... 38% 91.4M 2s
  9850K .......... .......... .......... .......... .......... 38%  116M 2s
  9900K .......... .......... .......... .......... .......... 38%  155M 2s
  9950K .......... .......... .......... .......... .......... 38% 69.0M 2s
 10000K .......... .......... .......... .......... .......... 38% 25.1M 2s
 10050K .......... .......... .......... .......... .......... 39%  117M 2s
 10100K .......... .......... .......... .......... .......... 39%  105M 2s
 10150K .......... .......... .......... .......... .......... 39%  143M 2s
 10200K .......... .......... .......... .......... .......... 39% 2.59M 2s
 10250K .......... .......... .......... .......... .......... 39% 12.7M 2s
 10300K .......... .......... .......... .......... .......... 40%  192M 2s
 10350K .......... .......... .......... .......... .......... 40% 85.9M 2s
 10400K .......... .......... .......... .......... .......... 40% 95.8M 2s
 10450K .......... .......... .......... .......... .......... 40% 1.26M 2s
 10500K .......... .......... .......... .......... .......... 40%  199M 2s
 10550K .......... .......... .......... .......... .......... 41% 85.4M 2s
 10600K .......... .......... .......... .......... .......... 41%  205M 2s
 10650K .......... .......... .......... .......... .......... 41% 74.7M 2s
 10700K .......... .......... .......... .......... .......... 41%  209M 2s
 10750K .......... .......... .......... .......... .......... 41% 80.9M 2s
 10800K .......... .......... .......... .......... .......... 42% 44.5M 2s
 10850K .......... .......... .......... .......... .......... 42% 93.1M 2s
 10900K .......... .......... .......... .......... .......... 42%  122M 2s
 10950K .......... .......... .......... .......... .......... 42%  105M 2s
 11000K .......... .......... .......... .......... .......... 42%  154M 2s
 11050K .......... .......... .......... .......... .......... 43%  101M 2s
 11100K .......... .......... .......... .......... .......... 43%  150M 2s
 11150K .......... .......... .......... .......... .......... 43% 89.4M 2s
 11200K .......... .......... .......... .......... .......... 43%  103M 2s
 11250K .......... .......... .......... .......... .......... 43%  137M 2s
 11300K .......... .......... .......... .......... .......... 43% 90.3M 2s
 11350K .......... .......... .......... .......... .......... 44%  147M 2s
 11400K .......... .......... .......... .......... .......... 44% 94.3M 2s
 11450K .......... .......... .......... .......... .......... 44%  148M 2s
 11500K .......... .......... .......... .......... .......... 44% 95.6M 2s
 11550K .......... .......... .......... .......... .......... 44% 88.0M 2s
 11600K .......... .......... .......... .......... .......... 45%  156M 2s
 11650K .......... .......... .......... .......... .......... 45% 93.5M 2s
 11700K .......... .......... .......... .......... .......... 45%  130M 2s
 11750K .......... .......... .......... .......... .......... 45%  104M 2s
 11800K .......... .......... .......... .......... .......... 45%  145M 2s
 11850K .......... .......... .......... .......... .......... 46% 97.4M 2s
 11900K .......... .......... .......... .......... .......... 46% 52.3M 2s
 11950K .......... .......... .......... .......... .......... 46% 74.7M 2s
 12000K .......... .......... .......... .......... .......... 46%  132M 2s
 12050K .......... .......... .......... .......... .......... 46%  102M 2s
 12100K .......... .......... .......... .......... .......... 47%  147M 2s
 12150K .......... .......... .......... .......... .......... 47% 92.6M 2s
 12200K .......... .......... .......... .......... .......... 47%  133M 2s
 12250K .......... .......... .......... .......... .......... 47% 91.3M 2s
 12300K .......... .......... .......... .......... .......... 47% 96.7M 2s
 12350K .......... .......... .......... .......... .......... 48% 84.5M 2s
 12400K .......... .......... .......... .......... .......... 48%  150M 2s
 12450K .......... .......... .......... .......... .......... 48%  103M 2s
 12500K .......... .......... .......... .......... .......... 48%  135M 2s
 12550K .......... .......... .......... .......... .......... 48% 98.0M 2s
 12600K .......... .......... .......... .......... .......... 49%  157M 2s
 12650K .......... .......... .......... .......... .......... 49% 93.1M 2s
 12700K .......... .......... .......... .......... .......... 49%  139M 2s
 12750K .......... .......... .......... .......... .......... 49% 83.1M 2s
 12800K .......... .......... .......... .......... .......... 49% 95.8M 2s
 12850K .......... .......... .......... .......... .......... 49%  143M 2s
 12900K .......... .......... .......... .......... .......... 50% 98.5M 2s
 12950K .......... .......... .......... .......... .......... 50%  138M 2s
 13000K .......... .......... .......... .......... .......... 50%  112M 2s
 13050K .......... .......... .......... .......... .......... 50%  123M 2s
 13100K .......... .......... .......... .......... .......... 50% 93.4M 2s
 13150K .......... .......... .......... .......... .......... 51% 90.8M 2s
 13200K .......... .......... .......... .......... .......... 51% 63.5M 2s
 13250K .......... .......... .......... .......... .......... 51%  134M 2s
 13300K .......... .......... .......... .......... .......... 51% 90.1M 2s
 13350K .......... .......... .......... .......... .......... 51% 53.5M 1s
 13400K .......... .......... .......... .......... .......... 52% 86.5M 1s
 13450K .......... .......... .......... .......... .......... 52%  112M 1s
 13500K .......... .......... .......... .......... .......... 52%  152M 1s
 13550K .......... .......... .......... .......... .......... 52% 70.6M 1s
 13600K .......... .......... .......... .......... .......... 52%  160M 1s
 13650K .......... .......... .......... .......... .......... 53%  110M 1s
 13700K .......... .......... .......... .......... .......... 53% 94.5M 1s
 13750K .......... .......... .......... .......... .......... 53%  146M 1s
 13800K .......... .......... .......... .......... .......... 53%  108M 1s
 13850K .......... .......... .......... .......... .......... 53% 46.9M 1s
 13900K .......... .......... .......... .......... .......... 54%  146M 1s
 13950K .......... .......... .......... .......... .......... 54% 95.8M 1s
 14000K .......... .......... .......... .......... .......... 54%  120M 1s
 14050K .......... .......... .......... .......... .......... 54%  106M 1s
 14100K .......... .......... .......... .......... .......... 54%  131M 1s
 14150K .......... .......... .......... .......... .......... 55%  121M 1s
 14200K .......... .......... .......... .......... .......... 55% 96.2M 1s
 14250K .......... .......... .......... .......... .......... 55% 29.6M 1s
 14300K .......... .......... .......... .......... .......... 55% 95.8M 1s
 14350K .......... .......... .......... .......... .......... 55% 96.5M 1s
 14400K .......... .......... .......... .......... .......... 55%  135M 1s
 14450K .......... .......... .......... .......... .......... 56%  135M 1s
 14500K .......... .......... .......... .......... .......... 56% 27.8M 1s
 14550K .......... .......... .......... .......... .......... 56% 22.0M 1s
 14600K .......... .......... .......... .......... .......... 56%  131M 1s
 14650K .......... .......... .......... .......... .......... 56% 11.9M 1s
 14700K .......... .......... .......... .......... .......... 57%  128M 1s
 14750K .......... .......... .......... .......... .......... 57% 28.3M 1s
 14800K .......... .......... .......... .......... .......... 57% 1.29M 1s
 14850K .......... .......... .......... .......... .......... 57%  106M 1s
 14900K .......... .......... .......... .......... .......... 57%  187M 1s
 14950K .......... .......... .......... .......... .......... 58%  115M 1s
 15000K .......... .......... .......... .......... .......... 58%  115M 1s
 15050K .......... .......... .......... .......... .......... 58%  103M 1s
 15100K .......... .......... .......... .......... .......... 58%  106M 1s
 15150K .......... .......... .......... .......... .......... 58% 92.9M 1s
 15200K .......... .......... .......... .......... .......... 59%  147M 1s
 15250K .......... .......... .......... .......... .......... 59% 39.7M 1s
 15300K .......... .......... .......... .......... .......... 59%  125M 1s
 15350K .......... .......... .......... .......... .......... 59% 95.0M 1s
 15400K .......... .......... .......... .......... .......... 59%  220M 1s
 15450K .......... .......... .......... .......... .......... 60% 87.7M 1s
 15500K .......... .......... .......... .......... .......... 60%  146M 1s
 15550K .......... .......... .......... .......... .......... 60% 91.1M 1s
 15600K .......... .......... .......... .......... .......... 60%  101M 1s
 15650K .......... .......... .......... .......... .......... 60% 99.7M 1s
 15700K .......... .......... .......... .......... .......... 61%  165M 1s
 15750K .......... .......... .......... .......... .......... 61%  115M 1s
 15800K .......... .......... .......... .......... .......... 61% 94.2M 1s
 15850K .......... .......... .......... .......... .......... 61%  156M 1s
 15900K .......... .......... .......... .......... .......... 61%  111M 1s
 15950K .......... .......... .......... .......... .......... 61% 96.3M 1s
 16000K .......... .......... .......... .......... .......... 62% 99.1M 1s
 16050K .......... .......... .......... .......... .......... 62%  151M 1s
 16100K .......... .......... .......... .......... .......... 62%  111M 1s
 16150K .......... .......... .......... .......... .......... 62% 94.0M 1s
 16200K .......... .......... .......... .......... .......... 62%  154M 1s
 16250K .......... .......... .......... .......... .......... 63%  112M 1s
 16300K .......... .......... .......... .......... .......... 63% 94.0M 1s
 16350K .......... .......... .......... .......... .......... 63% 33.3M 1s
 16400K .......... .......... .......... .......... .......... 63%  106M 1s
 16450K .......... .......... .......... .......... .......... 63% 97.9M 1s
 16500K .......... .......... .......... .......... .......... 64%  156M 1s
 16550K .......... .......... .......... .......... .......... 64%  119M 1s
 16600K .......... .......... .......... .......... .......... 64% 95.6M 1s
 16650K .......... .......... .......... .......... .......... 64%  154M 1s
 16700K .......... .......... .......... .......... .......... 64%  101M 1s
 16750K .......... .......... .......... .......... .......... 65% 88.1M 1s
 16800K .......... .......... .......... .......... .......... 65%  102M 1s
 16850K .......... .......... .......... .......... .......... 65% 95.1M 1s
 16900K .......... .......... .......... .......... .......... 65% 28.2M 1s
 16950K .......... .......... .......... .......... .......... 65%  120M 1s
 17000K .......... .......... .......... .......... .......... 66% 92.4M 1s
 17050K .......... .......... .......... .......... .......... 66%  196M 1s
 17100K .......... .......... .......... .......... .......... 66% 98.7M 1s
 17150K .......... .......... .......... .......... .......... 66% 87.5M 1s
 17200K .......... .......... .......... .......... .......... 66%  106M 1s
 17250K .......... .......... .......... .......... .......... 67%  102M 1s
 17300K .......... .......... .......... .......... .......... 67% 87.7M 1s
 17350K .......... .......... .......... .......... .......... 67%  101M 1s
 17400K .......... .......... .......... .......... .......... 67% 97.6M 1s
 17450K .......... .......... .......... .......... .......... 67%  163M 1s
 17500K .......... .......... .......... .......... .......... 68% 97.3M 1s
 17550K .......... .......... .......... .......... .......... 68% 95.9M 1s
 17600K .......... .......... .......... .......... .......... 68% 63.9M 1s
 17650K .......... .......... .......... .......... .......... 68%  119M 1s
 17700K .......... .......... .......... .......... .......... 68%  108M 1s
 17750K .......... .......... .......... .......... .......... 68% 97.2M 1s
 17800K .......... .......... .......... .......... .......... 69%  174M 1s
 17850K .......... .......... .......... .......... .......... 69%  109M 1s
 17900K .......... .......... .......... .......... .......... 69% 95.3M 1s
 17950K .......... .......... .......... .......... .......... 69% 92.8M 1s
 18000K .......... .......... .......... .......... .......... 69%  152M 1s
 18050K .......... .......... .......... .......... .......... 70% 72.1M 1s
 18100K .......... .......... .......... .......... .......... 70% 48.1M 1s
 18150K .......... .......... .......... .......... .......... 70% 86.2M 1s
 18200K .......... .......... .......... .......... .......... 70%  190M 1s
 18250K .......... .......... .......... .......... .......... 70%  109M 1s
 18300K .......... .......... .......... .......... .......... 71%  156M 1s
 18350K .......... .......... .......... .......... .......... 71% 69.3M 1s
 18400K .......... .......... .......... .......... .......... 71%  148M 1s
 18450K .......... .......... .......... .......... .......... 71%  109M 1s
 18500K .......... .......... .......... .......... .......... 71% 93.3M 1s
 18550K .......... .......... .......... .......... .......... 72%  101M 1s
 18600K .......... .......... .......... .......... .......... 72%  150M 1s
 18650K .......... .......... .......... .......... .......... 72%  110M 1s
 18700K .......... .......... .......... .......... .......... 72%  162M 1s
 18750K .......... .......... .......... .......... .......... 72% 68.8M 1s
 18800K .......... .......... .......... .......... .......... 73% 97.8M 1s
 18850K .......... .......... .......... .......... .......... 73% 34.5M 1s
 18900K .......... .......... .......... .......... .......... 73%  150M 1s
 18950K .......... .......... .......... .......... .......... 73%  162M 1s
 19000K .......... .......... .......... .......... .......... 73% 94.5M 1s
 19050K .......... .......... .......... .......... .......... 74%  110M 1s
 19100K .......... .......... .......... .......... .......... 74%  164M 1s
 19150K .......... .......... .......... .......... .......... 74% 65.0M 1s
 19200K .......... .......... .......... .......... .......... 74%  188M 1s
 19250K .......... .......... .......... .......... .......... 74%  108M 1s
 19300K .......... .......... .......... .......... .......... 74% 64.0M 1s
 19350K .......... .......... .......... .......... .......... 75% 84.2M 1s
 19400K .......... .......... .......... .......... .......... 75% 99.7M 1s
 19450K .......... .......... .......... .......... .......... 75%  165M 1s
 19500K .......... .......... .......... .......... .......... 75%  110M 1s
 19550K .......... .......... .......... .......... .......... 75% 88.4M 1s
 19600K .......... .......... .......... .......... .......... 76%  107M 1s
 19650K .......... .......... .......... .......... .......... 76%  166M 1s
 19700K .......... .......... .......... .......... .......... 76% 45.1M 1s
 19750K .......... .......... .......... .......... .......... 76%  117M 1s
 19800K .......... .......... .......... .......... .......... 76%  161M 1s
 19850K .......... .......... .......... .......... .......... 77% 51.9M 1s
 19900K .......... .......... .......... .......... .......... 77%  102M 1s
 19950K .......... .......... .......... .......... .......... 77% 42.7M 1s
 20000K .......... .......... .......... .......... .......... 77%  110M 0s
 20050K .......... .......... .......... .......... .......... 77% 98.9M 0s
 20100K .......... .......... .......... .......... .......... 78% 38.1M 0s
 20150K .......... .......... .......... .......... .......... 78%  102M 0s
 20200K .......... .......... .......... .......... .......... 78%  112M 0s
 20250K .......... .......... .......... .......... .......... 78% 92.5M 0s
 20300K .......... .......... .......... .......... .......... 78% 1.53M 0s
 20350K .......... .......... .......... .......... .......... 79% 93.9M 0s
 20400K .......... .......... .......... .......... .......... 79%  107M 0s
 20450K .......... .......... .......... .......... .......... 79%  109M 0s
 20500K .......... .......... .......... .......... .......... 79%  118M 0s
 20550K .......... .......... .......... .......... .......... 79%  121M 0s
 20600K .......... .......... .......... .......... .......... 80%  167M 0s
 20650K .......... .......... .......... .......... .......... 80% 68.5M 0s
 20700K .......... .......... .......... .......... .......... 80% 11.7M 0s
 20750K .......... .......... .......... .......... .......... 80% 52.4M 0s
 20800K .......... .......... .......... .......... .......... 80% 94.0M 0s
 20850K .......... .......... .......... .......... .......... 80%  166M 0s
 20900K .......... .......... .......... .......... .......... 81%  116M 0s
 20950K .......... .......... .......... .......... .......... 81%  160M 0s
 21000K .......... .......... .......... .......... .......... 81% 85.6M 0s
 21050K .......... .......... .......... .......... .......... 81%  104M 0s
 21100K .......... .......... .......... .......... .......... 81%  112M 0s
 21150K .......... .......... .......... .......... .......... 82% 86.3M 0s
 21200K .......... .......... .......... .......... .......... 82%  108M 0s
 21250K .......... .......... .......... .......... .......... 82%  107M 0s
 21300K .......... .......... .......... .......... .......... 82%  165M 0s
 21350K .......... .......... .......... .......... .......... 82% 99.4M 0s
 21400K .......... .......... .......... .......... .......... 83% 91.2M 0s
 21450K .......... .......... .......... .......... .......... 83%  137M 0s
 21500K .......... .......... .......... .......... .......... 83%  119M 0s
 21550K .......... .......... .......... .......... .......... 83% 80.6M 0s
 21600K .......... .......... .......... .......... .......... 83%  122M 0s
 21650K .......... .......... .......... .......... .......... 84%  147M 0s
 21700K .......... .......... .......... .......... .......... 84% 87.4M 0s
 21750K .......... .......... .......... .......... .......... 84%  137M 0s
 21800K .......... .......... .......... .......... .......... 84%  129M 0s
 21850K .......... .......... .......... .......... .......... 84%  103M 0s
 21900K .......... .......... .......... .......... .......... 85%  104M 0s
 21950K .......... .......... .......... .......... .......... 85% 97.5M 0s
 22000K .......... .......... .......... .......... .......... 85% 88.3M 0s
 22050K .......... .......... .......... .......... .......... 85%  125M 0s
 22100K .......... .......... .......... .......... .......... 85%  120M 0s
 22150K .......... .......... .......... .......... .......... 86% 84.6M 0s
 22200K .......... .......... .......... .......... .......... 86%  111M 0s
 22250K .......... .......... .......... .......... .......... 86%  184M 0s
 22300K .......... .......... .......... .......... .......... 86%  169M 0s
 22350K .......... .......... .......... .......... .......... 86% 68.7M 0s
 22400K .......... .......... .......... .......... .......... 86%  188M 0s
 22450K .......... .......... .......... .......... .......... 87%  101M 0s
 22500K .......... .......... .......... .......... .......... 87% 84.8M 0s
 22550K .......... .......... .......... .......... .......... 87%  165M 0s
 22600K .......... .......... .......... .......... .......... 87%  112M 0s
 22650K .......... .......... .......... .......... .......... 87% 99.7M 0s
 22700K .......... .......... .......... .......... .......... 88%  162M 0s
 22750K .......... .......... .......... .......... .......... 88% 68.5M 0s
 22800K .......... .......... .......... .......... .......... 88%  163M 0s
 22850K .......... .......... .......... .......... .......... 88%  107M 0s
 22900K .......... .......... .......... .......... .......... 88%  154M 0s
 22950K .......... .......... .......... .......... .......... 89% 84.3M 0s
 23000K .......... .......... .......... .......... .......... 89%  129M 0s
 23050K .......... .......... .......... .......... .......... 89%  149M 0s
 23100K .......... .......... .......... .......... .......... 89%  100M 0s
 23150K .......... .......... .......... .......... .......... 89% 86.6M 0s
 23200K .......... .......... .......... .......... .......... 90%  125M 0s
 23250K .......... .......... .......... .......... .......... 90% 94.3M 0s
 23300K .......... .......... .......... .......... .......... 90%  132M 0s
 23350K .......... .......... .......... .......... .......... 90%  127M 0s
 23400K .......... .......... .......... .......... .......... 90% 80.6M 0s
 23450K .......... .......... .......... .......... .......... 91%  173M 0s
 23500K .......... .......... .......... .......... .......... 91%  115M 0s
 23550K .......... .......... .......... .......... .......... 91% 86.3M 0s
 23600K .......... .......... .......... .......... .......... 91%  114M 0s
 23650K .......... .......... .......... .......... .......... 91%  137M 0s
 23700K .......... .......... .......... .......... .......... 92% 98.1M 0s
 23750K .......... .......... .......... .......... .......... 92%  111M 0s
 23800K .......... .......... .......... .......... .......... 92% 94.8M 0s
 23850K .......... .......... .......... .......... .......... 92%  129M 0s
 23900K .......... .......... .......... .......... .......... 92%  129M 0s
 23950K .......... .......... .......... .......... .......... 92% 63.4M 0s
 24000K .......... .......... .......... .......... .......... 93%  159M 0s
 24050K .......... .......... .......... .......... .......... 93% 99.2M 0s
 24100K .......... .......... .......... .......... .......... 93%  104M 0s
 24150K .......... .......... .......... .......... .......... 93%  153M 0s
 24200K .......... .......... .......... .......... .......... 93%  112M 0s
 24250K .......... .......... .......... .......... .......... 94% 96.1M 0s
 24300K .......... .......... .......... .......... .......... 94%  142M 0s
 24350K .......... .......... .......... .......... .......... 94% 73.2M 0s
 24400K .......... .......... .......... .......... .......... 94% 7.92M 0s
 24450K .......... .......... .......... .......... .......... 94% 68.9M 0s
 24500K .......... .......... .......... .......... .......... 95%  160M 0s
 24550K .......... .......... .......... .......... .......... 95%  110M 0s
 24600K .......... .......... .......... .......... .......... 95%  168M 0s
 24650K .......... .......... .......... .......... .......... 95% 94.9M 0s
 24700K .......... .......... .......... .......... .......... 95%  106M 0s
 24750K .......... .......... .......... .......... .......... 96% 76.4M 0s
 24800K .......... .......... .......... .......... .......... 96%  143M 0s
 24850K .......... .......... .......... .......... .......... 96%  107M 0s
 24900K .......... .......... .......... .......... .......... 96%  155M 0s
 24950K .......... .......... .......... .......... .......... 96% 91.3M 0s
 25000K .......... .......... .......... .......... .......... 97%  111M 0s
 25050K .......... .......... .......... .......... .......... 97% 98.6M 0s
 25100K .......... .......... .......... .......... .......... 97%  142M 0s
 25150K .......... .......... .......... .......... .......... 97% 67.6M 0s
 25200K .......... .......... .......... .......... .......... 97%  144M 0s
 25250K .......... .......... .......... .......... .......... 98% 86.8M 0s
 25300K .......... .......... .......... .......... .......... 98%  130M 0s
 25350K .......... .......... .......... .......... .......... 98%  111M 0s
 25400K .......... .......... .......... .......... .......... 98%  108M 0s
 25450K .......... .......... .......... .......... .......... 98%  143M 0s
 25500K .......... .......... .......... .......... .......... 99%  134M 0s
 25550K .......... .......... .......... .......... .......... 99% 91.0M 0s
 25600K .......... .......... .......... .......... .......... 99%  103M 0s
 25650K .......... .......... .......... .......... .......... 99%  121M 0s
 25700K .......... .......... .......... .......... .......... 99%  128M 0s
 25750K .......... .......... .......... .......... .......... 99% 86.4M 0s
 25800K .......                                               100% 14.3T=1.8s

2025-12-11 08:17:36 (13.8 MB/s) - ‘vlc-3.0.22.tar.xz’ saved [26427084/26427084]

--2025-12-11 08:17:36--  https://www.linuxfromscratch.org/patches/blfs/svn/vlc-3.0.21-taglib-1.patch
Resolving www.linuxfromscratch.org (www.linuxfromscratch.org)... 208.118.68.85
Connecting to www.linuxfromscratch.org (www.linuxfromscratch.org)|208.118.68.85|:443... connected.
HTTP request sent, awaiting response... 404 Not Found
2025-12-11 08:17:37 ERROR 404: Not Found.

