--2025-08-03 07:56:29--  https://archive.apache.org/dist/httpd/httpd-2.4.65.tar.bz2
Resolving archive.apache.org (archive.apache.org)... 2a01:4f9:1a:a084::2, 65.108.204.189
Connecting to archive.apache.org (archive.apache.org)|2a01:4f9:1a:a084::2|:443... connected.
HTTP request sent, awaiting response... 200 OK
Length: 7506711 (7.2M) [application/x-bzip2]
Saving to: 'httpd-2.4.65.tar.bz2'

     0K .......... .......... .......... .......... ..........  0%  258K 28s
    50K .......... .......... .......... .......... ..........  1% 1.10M 17s
   100K .......... .......... .......... .......... ..........  2%  892K 14s
   150K .......... .......... .......... .......... ..........  2% 1.24M 12s
   200K .......... .......... .......... .......... ..........  3%  943K 11s
   250K .......... .......... .......... .......... ..........  4% 14.6M 9s
   300K .......... .......... .......... .......... ..........  4% 22.7M 8s
   350K .......... .......... .......... .......... ..........  5% 1.08M 8s
   400K .......... .......... .......... .......... ..........  6% 27.9M 7s
   450K .......... .......... .......... .......... ..........  6% 1.13M 7s
   500K .......... .......... .......... .......... ..........  7% 44.9M 6s
   550K .......... .......... .......... .......... ..........  8% 16.1M 5s
   600K .......... .......... .......... .......... ..........  8% 43.5M 5s
   650K .......... .......... .......... .......... ..........  9% 17.2M 5s
   700K .......... .......... .......... .......... .......... 10% 43.3M 4s
   750K .......... .......... .......... .......... .......... 10% 19.2M 4s
   800K .......... .......... .......... .......... .......... 11% 1.22M 4s
   850K .......... .......... .......... .......... .......... 12% 37.9M 4s
   900K .......... .......... .......... .......... .......... 12% 1.43M 4s
   950K .......... .......... .......... .......... .......... 13% 5.66M 4s
  1000K .......... .......... .......... .......... .......... 14% 14.4M 3s
  1050K .......... .......... .......... .......... .......... 15%  117M 3s
  1100K .......... .......... .......... .......... .......... 15% 66.6M 3s
  1150K .......... .......... .......... .......... .......... 16% 18.2M 3s
  1200K .......... .......... .......... .......... .......... 17% 80.5M 3s
  1250K .......... .......... .......... .......... .......... 17%  118M 3s
  1300K .......... .......... .......... .......... .......... 18%  118M 3s
  1350K .......... .......... .......... .......... .......... 19% 74.6M 2s
  1400K .......... .......... .......... .......... .......... 19% 25.8M 2s
  1450K .......... .......... .......... .......... .......... 20% 90.0M 2s
  1500K .......... .......... .......... .......... .......... 21%  109M 2s
  1550K .......... .......... .......... .......... .......... 21% 74.8M 2s
  1600K .......... .......... .......... .......... .......... 22% 1.25M 2s
  1650K .......... .......... .......... .......... .......... 23%  134M 2s
  1700K .......... .......... .......... .......... .......... 23% 93.3M 2s
  1750K .......... .......... .......... .......... .......... 24% 17.1M 2s
  1800K .......... .......... .......... .......... .......... 25% 78.8M 2s
  1850K .......... .......... .......... .......... .......... 25% 13.0M 2s
  1900K .......... .......... .......... .......... .......... 26% 1.38M 2s
  1950K .......... .......... .......... .......... .......... 27% 94.4M 2s
  2000K .......... .......... .......... .......... .......... 27% 14.4M 2s
  2050K .......... .......... .......... .......... .......... 28%  114M 2s
  2100K .......... .......... .......... .......... .......... 29% 94.4M 2s
  2150K .......... .......... .......... .......... .......... 30%  115M 2s
  2200K .......... .......... .......... .......... .......... 30% 17.2M 2s
  2250K .......... .......... .......... .......... .......... 31%  115M 1s
  2300K .......... .......... .......... .......... .......... 32%  116M 1s
  2350K .......... .......... .......... .......... .......... 32% 93.1M 1s
  2400K .......... .......... .......... .......... .......... 33%  117M 1s
  2450K .......... .......... .......... .......... .......... 34% 90.4M 1s
  2500K .......... .......... .......... .......... .......... 34%  118M 1s
  2550K .......... .......... .......... .......... .......... 35% 78.5M 1s
  2600K .......... .......... .......... .......... .......... 36% 56.5M 1s
  2650K .......... .......... .......... .......... .......... 36%  110M 1s
  2700K .......... .......... .......... .......... .......... 37%  102M 1s
  2750K .......... .......... .......... .......... .......... 38%  117M 1s
  2800K .......... .......... .......... .......... .......... 38%  114M 1s
  2850K .......... .......... .......... .......... .......... 39% 94.1M 1s
  2900K .......... .......... .......... .......... .......... 40%  116M 1s
  2950K .......... .......... .......... .......... .......... 40%  105M 1s
  3000K .......... .......... .......... .......... .......... 41%  117M 1s
  3050K .......... .......... .......... .......... .......... 42% 92.0M 1s
  3100K .......... .......... .......... .......... .......... 42%  109M 1s
  3150K .......... .......... .......... .......... .......... 43%  116M 1s
  3200K .......... .......... .......... .......... .......... 44%  104M 1s
  3250K .......... .......... .......... .......... .......... 45% 1.41M 1s
  3300K .......... .......... .......... .......... .......... 45%  185M 1s
  3350K .......... .......... .......... .......... .......... 46% 87.6M 1s
  3400K .......... .......... .......... .......... .......... 47%  106M 1s
  3450K .......... .......... .......... .......... .......... 47% 19.6M 1s
  3500K .......... .......... .......... .......... .......... 48% 96.7M 1s
  3550K .......... .......... .......... .......... .......... 49%  173M 1s
  3600K .......... .......... .......... .......... .......... 49% 69.6M 1s
  3650K .......... .......... .......... .......... .......... 50%  161M 1s
  3700K .......... .......... .......... .......... .......... 51% 20.9M 1s
  3750K .......... .......... .......... .......... .......... 51%  178M 1s
  3800K .......... .......... .......... .......... .......... 52% 1.39M 1s
  3850K .......... .......... .......... .......... .......... 53% 73.3M 1s
  3900K .......... .......... .......... .......... .......... 53%  176M 1s
  3950K .......... .......... .......... .......... .......... 54% 98.0M 1s
  4000K .......... .......... .......... .......... .......... 55% 18.6M 1s
  4050K .......... .......... .......... .......... .......... 55% 94.5M 1s
  4100K .......... .......... .......... .......... .......... 56% 78.8M 1s
  4150K .......... .......... .......... .......... .......... 57%  104M 1s
  4200K .......... .......... .......... .......... .......... 57%  164M 1s
  4250K .......... .......... .......... .......... .......... 58% 64.9M 1s
  4300K .......... .......... .......... .......... .......... 59% 87.8M 1s
  4350K .......... .......... .......... .......... .......... 60% 93.9M 1s
  4400K .......... .......... .......... .......... .......... 60% 96.1M 1s
  4450K .......... .......... .......... .......... .......... 61% 56.5M 0s
  4500K .......... .......... .......... .......... .......... 62%  102M 0s
  4550K .......... .......... .......... .......... .......... 62% 95.8M 0s
  4600K .......... .......... .......... .......... .......... 63%  100M 0s
  4650K .......... .......... .......... .......... .......... 64%  171M 0s
  4700K .......... .......... .......... .......... .......... 64% 93.0M 0s
  4750K .......... .......... .......... .......... .......... 65% 45.3M 0s
  4800K .......... .......... .......... .......... .......... 66%  127M 0s
  4850K .......... .......... .......... .......... .......... 66% 98.1M 0s
  4900K .......... .......... .......... .......... .......... 67% 92.3M 0s
  4950K .......... .......... .......... .......... .......... 68% 93.8M 0s
  5000K .......... .......... .......... .......... .......... 68% 99.1M 0s
  5050K .......... .......... .......... .......... .......... 69% 99.6M 0s
  5100K .......... .......... .......... .......... .......... 70% 94.5M 0s
  5150K .......... .......... .......... .......... .......... 70%  163M 0s
  5200K .......... .......... .......... .......... .......... 71% 98.2M 0s
  5250K .......... .......... .......... .......... .......... 72% 65.6M 0s
  5300K .......... .......... .......... .......... .......... 72%  179M 0s
  5350K .......... .......... .......... .......... .......... 73% 95.4M 0s
  5400K .......... .......... .......... .......... .......... 74%  100M 0s
  5450K .......... .......... .......... .......... .......... 75% 64.6M 0s
  5500K .......... .......... .......... .......... .......... 75%  178M 0s
  5550K .......... .......... .......... .......... .......... 76% 97.2M 0s
  5600K .......... .......... .......... .......... .......... 77% 92.6M 0s
  5650K .......... .......... .......... .......... .......... 77% 91.2M 0s
  5700K .......... .......... .......... .......... .......... 78% 65.4M 0s
  5750K .......... .......... .......... .......... .......... 79%  183M 0s
  5800K .......... .......... .......... .......... .......... 79% 99.7M 0s
  5850K .......... .......... .......... .......... .......... 80% 96.6M 0s
  5900K .......... .......... .......... .......... .......... 81%  173M 0s
  5950K .......... .......... .......... .......... .......... 81% 95.6M 0s
  6000K .......... .......... .......... .......... .......... 82% 97.3M 0s
  6050K .......... .......... .......... .......... .......... 83% 96.6M 0s
  6100K .......... .......... .......... .......... .......... 83% 95.6M 0s
  6150K .......... .......... .......... .......... .......... 84% 94.9M 0s
  6200K .......... .......... .......... .......... .......... 85% 97.5M 0s
  6250K .......... .......... .......... .......... .......... 85%  184M 0s
  6300K .......... .......... .......... .......... .......... 86% 98.8M 0s
  6350K .......... .......... .......... .......... .......... 87% 95.9M 0s
  6400K .......... .......... .......... .......... .......... 87% 97.9M 0s
  6450K .......... .......... .......... .......... .......... 88% 2.43M 0s
  6500K .......... .......... .......... .......... .......... 89% 13.2M 0s
  6550K .......... .......... .......... .......... .......... 90%  151M 0s
  6600K .......... .......... .......... .......... .......... 90% 98.3M 0s
  6650K .......... .......... .......... .......... .......... 91% 14.7M 0s
  6700K .......... .......... .......... .......... .......... 92% 97.8M 0s
  6750K .......... .......... .......... .......... .......... 92%  126M 0s
  6800K .......... .......... .......... .......... .......... 93% 94.3M 0s
  6850K .......... .......... .......... .......... .......... 94% 90.4M 0s
  6900K .......... .......... .......... .......... .......... 94%  159M 0s
  6950K .......... .......... .......... .......... .......... 95% 88.9M 0s
  7000K .......... .......... .......... .......... .......... 96% 52.6M 0s
  7050K .......... .......... .......... .......... .......... 96%  151M 0s
  7100K .......... .......... .......... .......... .......... 97% 1.11M 0s
  7150K .......... .......... .......... .......... .......... 98% 78.2M 0s
  7200K .......... .......... .......... .......... .......... 98%  110M 0s
  7250K .......... .......... .......... .......... .......... 99% 92.8M 0s
  7300K .......... .......... ..........                      100%  605M=0.9s

2025-08-03 07:56:30 (8.17 MB/s) - 'httpd-2.4.65.tar.bz2' saved [7506711/7506711]

--2025-08-03 07:56:30--  https://www.linuxfromscratch.org/patches/blfs/svn/httpd-2.4.65-blfs_layout-1.patch
Resolving www.linuxfromscratch.org (www.linuxfromscratch.org)... 208.118.68.85
Connecting to www.linuxfromscratch.org (www.linuxfromscratch.org)|208.118.68.85|:443... connected.
HTTP request sent, awaiting response... 404 Not Found
2025-08-03 07:56:31 ERROR 404: Not Found.

