--2026-04-01 09:18:05--  https://download.gnome.org/sources/gtk-doc/1.36/gtk-doc-1.36.0.tar.xz
Resolving download.gnome.org (download.gnome.org)... 79.127.206.208, 152.233.10.59, 79.127.206.234, ...
Connecting to download.gnome.org (download.gnome.org)|79.127.206.208|:443... connected.
HTTP request sent, awaiting response... 200 OK
Length: 563032 (550K) [application/octet-stream]
Saving to: ‘gtk-doc-1.36.0.tar.xz’

     0K .......... .......... .......... .......... ..........  9% 3.59M 0s
    50K .......... .......... .......... .......... .......... 18% 6.92M 0s
   100K .......... .......... .......... .......... .......... 27% 6.36M 0s
   150K .......... .......... .......... .......... .......... 36% 31.8M 0s
   200K .......... .......... .......... .......... .......... 45% 7.26M 0s
   250K .......... .......... .......... .......... .......... 54% 6.44M 0s
   300K .......... .......... .......... .......... .......... 63% 37.5M 0s
   350K .......... .......... .......... .......... .......... 72% 20.5M 0s
   400K .......... .......... .......... .......... .......... 81% 11.1M 0s
   450K .......... .......... .......... .......... .......... 90% 50.4M 0s
   500K .......... .......... .......... .......... ......... 100% 58.3M=0.05s

2026-04-01 09:18:05 (9.93 MB/s) - ‘gtk-doc-1.36.0.tar.xz’ saved [563032/563032]

gtk-doc-1.36.0/
gtk-doc-1.36.0/.gitignore
gtk-doc-1.36.0/.gitlab-ci.yml
gtk-doc-1.36.0/COPYING
gtk-doc-1.36.0/COPYING-DOCS
gtk-doc-1.36.0/HACKING
gtk-doc-1.36.0/NEWS
gtk-doc-1.36.0/README.md
gtk-doc-1.36.0/attic/
gtk-doc-1.36.0/attic/TODO
gtk-doc-1.36.0/build/
gtk-doc-1.36.0/build/.gitignore
gtk-doc-1.36.0/buildsystems/
gtk-doc-1.36.0/buildsystems/autotools/
gtk-doc-1.36.0/buildsystems/autotools/gtk-doc.m4
gtk-doc-1.36.0/buildsystems/autotools/gtk-doc.make
gtk-doc-1.36.0/buildsystems/autotools/gtk-doc.no-xslt.make
gtk-doc-1.36.0/buildsystems/autotools/gtkdocize.in
gtk-doc-1.36.0/buildsystems/autotools/meson.build
gtk-doc-1.36.0/buildsystems/cmake/
gtk-doc-1.36.0/buildsystems/cmake/GtkDocConfig.cmake
gtk-doc-1.36.0/buildsystems/cmake/GtkDocConfigVersion.cmake.in
gtk-doc-1.36.0/buildsystems/cmake/GtkDocScanGObjWrapper.cmake
gtk-doc-1.36.0/buildsystems/cmake/meson.build
gtk-doc-1.36.0/devhelp2.xsd
gtk-doc-1.36.0/devhelp2.xsl
gtk-doc-1.36.0/doc/
gtk-doc-1.36.0/doc/README
gtk-doc-1.36.0/doc/authors.txt
gtk-doc-1.36.0/doc/design-1.x.txt
gtk-doc-1.36.0/doc/design-2.x.txt
gtk-doc-1.36.0/doc/gnome.txt
gtk-doc-1.36.0/doc/gtkdoc.dot
gtk-doc-1.36.0/doc/sections-file.txt
gtk-doc-1.36.0/doc/setting-up.txt
gtk-doc-1.36.0/doc/style-guide.txt
gtk-doc-1.36.0/examples/
gtk-doc-1.36.0/examples/Makefile.am
gtk-doc-1.36.0/examples/README
gtk-doc-1.36.0/gtk-doc-fo.xsl
gtk-doc-1.36.0/gtk-doc.doap
gtk-doc-1.36.0/gtk-doc.pc.in
gtk-doc-1.36.0/gtk-doc.xsl
gtk-doc-1.36.0/gtkdoc/
gtk-doc-1.36.0/gtkdoc/__init__.py
gtk-doc-1.36.0/gtkdoc/check.py
gtk-doc-1.36.0/gtkdoc/common.py
gtk-doc-1.36.0/gtkdoc/config.py
gtk-doc-1.36.0/gtkdoc/config_data.py.in
gtk-doc-1.36.0/gtkdoc/fixxref.py
gtk-doc-1.36.0/gtkdoc/highlight.py
gtk-doc-1.36.0/gtkdoc/md_to_db.py
gtk-doc-1.36.0/gtkdoc/meson.build
gtk-doc-1.36.0/gtkdoc/mkdb.py
gtk-doc-1.36.0/gtkdoc/mkhtml.py
gtk-doc-1.36.0/gtkdoc/mkhtml2.py
gtk-doc-1.36.0/gtkdoc/mkman.py
gtk-doc-1.36.0/gtkdoc/mkpdf.py
gtk-doc-1.36.0/gtkdoc/rebase.py
gtk-doc-1.36.0/gtkdoc/scan.py
gtk-doc-1.36.0/gtkdoc/scangobj.py
gtk-doc-1.36.0/gtkdoc-check.in
gtk-doc-1.36.0/gtkdoc-depscan.in
gtk-doc-1.36.0/gtkdoc-fixxref.in
gtk-doc-1.36.0/gtkdoc-mkdb.in
gtk-doc-1.36.0/gtkdoc-mkhtml.in
gtk-doc-1.36.0/gtkdoc-mkhtml2.in
gtk-doc-1.36.0/gtkdoc-mkman.in
gtk-doc-1.36.0/gtkdoc-mkpdf.in
gtk-doc-1.36.0/gtkdoc-rebase.in
gtk-doc-1.36.0/gtkdoc-scan.in
gtk-doc-1.36.0/gtkdoc-scangobj.in
gtk-doc-1.36.0/gtkdoc_uninstalled.py.in
gtk-doc-1.36.0/help/
gtk-doc-1.36.0/help/manual/
gtk-doc-1.36.0/help/manual/C/
gtk-doc-1.36.0/help/manual/C/fdl-appendix.xml
gtk-doc-1.36.0/help/manual/C/index.docbook
gtk-doc-1.36.0/help/manual/LINGUAS
gtk-doc-1.36.0/help/manual/bn_IN/
gtk-doc-1.36.0/help/manual/bn_IN/bn_IN.po
gtk-doc-1.36.0/help/manual/cs/
gtk-doc-1.36.0/help/manual/cs/cs.po
gtk-doc-1.36.0/help/manual/de/
gtk-doc-1.36.0/help/manual/de/de.po
gtk-doc-1.36.0/help/manual/el/
gtk-doc-1.36.0/help/manual/el/el.po
gtk-doc-1.36.0/help/manual/en_GB/
gtk-doc-1.36.0/help/manual/en_GB/en_GB.po
gtk-doc-1.36.0/help/manual/es/
gtk-doc-1.36.0/help/manual/es/es.po
gtk-doc-1.36.0/help/manual/eu/
gtk-doc-1.36.0/help/manual/eu/eu.po
gtk-doc-1.36.0/help/manual/fr/
gtk-doc-1.36.0/help/manual/fr/fr.po
gtk-doc-1.36.0/help/manual/gl/
gtk-doc-1.36.0/help/manual/gl/gl.po
gtk-doc-1.36.0/help/manual/gu/
gtk-doc-1.36.0/help/manual/gu/gu.po
gtk-doc-1.36.0/help/manual/hu/
gtk-doc-1.36.0/help/manual/hu/hu.po
gtk-doc-1.36.0/help/manual/kk/
gtk-doc-1.36.0/help/manual/kk/kk.po
gtk-doc-1.36.0/help/manual/meson.build
gtk-doc-1.36.0/help/manual/pt_BR/
gtk-doc-1.36.0/help/manual/pt_BR/pt_BR.po
gtk-doc-1.36.0/help/manual/sl/
gtk-doc-1.36.0/help/manual/sl/sl.po
gtk-doc-1.36.0/help/manual/sv/
gtk-doc-1.36.0/help/manual/sv/sv.po
gtk-doc-1.36.0/help/manual/ta/
gtk-doc-1.36.0/help/manual/ta/ta.po
gtk-doc-1.36.0/help/manual/te/
gtk-doc-1.36.0/help/manual/te/te.po
gtk-doc-1.36.0/help/manual/zh_CN/
gtk-doc-1.36.0/help/manual/zh_CN/zh_CN.po
gtk-doc-1.36.0/help/meson.build
gtk-doc-1.36.0/meson.build
gtk-doc-1.36.0/meson_options.txt
gtk-doc-1.36.0/style/
gtk-doc-1.36.0/style/COPYING
gtk-doc-1.36.0/style/home.png
gtk-doc-1.36.0/style/left-insensitive.png
gtk-doc-1.36.0/style/left.png
gtk-doc-1.36.0/style/meson.build
gtk-doc-1.36.0/style/right-insensitive.png
gtk-doc-1.36.0/style/right.png
gtk-doc-1.36.0/style/style.css
gtk-doc-1.36.0/style/up-insensitive.png
gtk-doc-1.36.0/style/up.png
gtk-doc-1.36.0/tests/
gtk-doc-1.36.0/tests/Makefile.am
gtk-doc-1.36.0/tests/annotations/
gtk-doc-1.36.0/tests/annotations/Makefile.am
gtk-doc-1.36.0/tests/annotations/docs/
gtk-doc-1.36.0/tests/annotations/docs/Makefile.am
gtk-doc-1.36.0/tests/annotations/docs/meson.build
gtk-doc-1.36.0/tests/annotations/docs/tester-docs.xml
gtk-doc-1.36.0/tests/annotations/docs/tester-sections.txt
gtk-doc-1.36.0/tests/annotations/docs/xml/
gtk-doc-1.36.0/tests/annotations/docs/xml/meson.build
gtk-doc-1.36.0/tests/annotations/meson.build
gtk-doc-1.36.0/tests/annotations/src/
gtk-doc-1.36.0/tests/annotations/src/Makefile.am
gtk-doc-1.36.0/tests/annotations/src/tester.c
gtk-doc-1.36.0/tests/annotations/src/tester.h
gtk-doc-1.36.0/tests/annotations.sh
gtk-doc-1.36.0/tests/bugs/
gtk-doc-1.36.0/tests/bugs/Makefile.am
gtk-doc-1.36.0/tests/bugs/docs/
gtk-doc-1.36.0/tests/bugs/docs/Makefile.am
gtk-doc-1.36.0/tests/bugs/docs/meson.build
gtk-doc-1.36.0/tests/bugs/docs/tester-docs.xml
gtk-doc-1.36.0/tests/bugs/docs/tester-sections.txt
gtk-doc-1.36.0/tests/bugs/docs/xml/
gtk-doc-1.36.0/tests/bugs/docs/xml/meson.build
gtk-doc-1.36.0/tests/bugs/meson.build
gtk-doc-1.36.0/tests/bugs/src/
gtk-doc-1.36.0/tests/bugs/src/Makefile.am
gtk-doc-1.36.0/tests/bugs/src/tester.c
gtk-doc-1.36.0/tests/bugs/src/tester.h
gtk-doc-1.36.0/tests/bugs.sh
gtk-doc-1.36.0/tests/check.py
gtk-doc-1.36.0/tests/common.py
gtk-doc-1.36.0/tests/empty/
gtk-doc-1.36.0/tests/empty/Makefile.am
gtk-doc-1.36.0/tests/empty/docs/
gtk-doc-1.36.0/tests/empty/docs/Makefile.am
gtk-doc-1.36.0/tests/empty/docs/meson.build
gtk-doc-1.36.0/tests/empty/docs/xml/
gtk-doc-1.36.0/tests/empty/docs/xml/meson.build
gtk-doc-1.36.0/tests/empty/meson.build
gtk-doc-1.36.0/tests/empty/src/
gtk-doc-1.36.0/tests/empty/src/Makefile.am
gtk-doc-1.36.0/tests/empty/src/tester.c
gtk-doc-1.36.0/tests/empty/src/tester.h
gtk-doc-1.36.0/tests/empty.sh
gtk-doc-1.36.0/tests/fail/
gtk-doc-1.36.0/tests/fail/Makefile.am
gtk-doc-1.36.0/tests/fail/docs/
gtk-doc-1.36.0/tests/fail/docs/Makefile.am
gtk-doc-1.36.0/tests/fail/docs/meson.build
gtk-doc-1.36.0/tests/fail/docs/tester-docs.xml
gtk-doc-1.36.0/tests/fail/docs/tester-sections.txt
gtk-doc-1.36.0/tests/fail/docs/xml/
gtk-doc-1.36.0/tests/fail/docs/xml/meson.build
gtk-doc-1.36.0/tests/fail/meson.build
gtk-doc-1.36.0/tests/fail/src/
gtk-doc-1.36.0/tests/fail/src/Makefile.am
gtk-doc-1.36.0/tests/fail/src/tester.c
gtk-doc-1.36.0/tests/fail/src/tester.h
gtk-doc-1.36.0/tests/fail.sh
gtk-doc-1.36.0/tests/gobject/
gtk-doc-1.36.0/tests/gobject/Makefile.am
gtk-doc-1.36.0/tests/gobject/docs/
gtk-doc-1.36.0/tests/gobject/docs/Makefile.am
gtk-doc-1.36.0/tests/gobject/docs/images/
gtk-doc-1.36.0/tests/gobject/docs/images/meson.build
gtk-doc-1.36.0/tests/gobject/docs/images/object.png
gtk-doc-1.36.0/tests/gobject/docs/meson.build
gtk-doc-1.36.0/tests/gobject/docs/tester-docs.xml
gtk-doc-1.36.0/tests/gobject/docs/tester-sections.txt
gtk-doc-1.36.0/tests/gobject/docs/xml/
gtk-doc-1.36.0/tests/gobject/docs/xml/meson.build
gtk-doc-1.36.0/tests/gobject/examples/
gtk-doc-1.36.0/tests/gobject/examples/gobject.c
gtk-doc-1.36.0/tests/gobject/meson.build
gtk-doc-1.36.0/tests/gobject/src/
gtk-doc-1.36.0/tests/gobject/src/Makefile.am
gtk-doc-1.36.0/tests/gobject/src/giface.c
gtk-doc-1.36.0/tests/gobject/src/giface.h
gtk-doc-1.36.0/tests/gobject/src/gobject.c
gtk-doc-1.36.0/tests/gobject/src/gobject.h
gtk-doc-1.36.0/tests/gobject/src/gtypes.c
gtk-doc-1.36.0/tests/gobject/src/gtypes.h
gtk-doc-1.36.0/tests/gobject/src/meson.build
gtk-doc-1.36.0/tests/gobject.sh
gtk-doc-1.36.0/tests/gtk-doc.make
gtk-doc-1.36.0/tests/gtkdocentities.ent.in
gtk-doc-1.36.0/tests/gtkdoctest.sh
gtk-doc-1.36.0/tests/helpers/
gtk-doc-1.36.0/tests/helpers/gtkdoc_check_runner.py
gtk-doc-1.36.0/tests/helpers/gtkdoc_fixxref_runner.py
gtk-doc-1.36.0/tests/helpers/gtkdoc_mkdb_runner.py
gtk-doc-1.36.0/tests/helpers/gtkdoc_mkhtml_runner.py
gtk-doc-1.36.0/tests/helpers/gtkdoc_scan_runner.py
gtk-doc-1.36.0/tests/helpers/gtkdoc_scangobj_runner.py
gtk-doc-1.36.0/tests/helpers/meson.build
gtk-doc-1.36.0/tests/highlight.py
gtk-doc-1.36.0/tests/meson.build
gtk-doc-1.36.0/tests/mk_to_db.py
gtk-doc-1.36.0/tests/mkdb.py
gtk-doc-1.36.0/tests/mkhtml2.py
gtk-doc-1.36.0/tests/program/
gtk-doc-1.36.0/tests/program/Makefile.am
gtk-doc-1.36.0/tests/program/docs/
gtk-doc-1.36.0/tests/program/docs/Makefile.am
gtk-doc-1.36.0/tests/program/docs/meson.build
gtk-doc-1.36.0/tests/program/docs/tester-docs.xml
gtk-doc-1.36.0/tests/program/docs/tester-sections.txt
gtk-doc-1.36.0/tests/program/docs/xml/
gtk-doc-1.36.0/tests/program/docs/xml/meson.build
gtk-doc-1.36.0/tests/program/meson.build
gtk-doc-1.36.0/tests/program/src/
gtk-doc-1.36.0/tests/program/src/Makefile.am
gtk-doc-1.36.0/tests/program/src/test-program.c
gtk-doc-1.36.0/tests/program.sh
gtk-doc-1.36.0/tests/repro/
gtk-doc-1.36.0/tests/repro/Makefile.am
gtk-doc-1.36.0/tests/repro/docs/
gtk-doc-1.36.0/tests/repro/docs/Makefile.am
gtk-doc-1.36.0/tests/repro/docs/meson.build
gtk-doc-1.36.0/tests/repro/docs/tester-docs.xml
gtk-doc-1.36.0/tests/repro/meson.build
gtk-doc-1.36.0/tests/repro/src/
gtk-doc-1.36.0/tests/repro/src/Makefile.am
gtk-doc-1.36.0/tests/repro/src/tester.c
gtk-doc-1.36.0/tests/repro/src/tester.h
gtk-doc-1.36.0/tests/sanity.sh
gtk-doc-1.36.0/tests/scan.py
gtk-doc-1.36.0/tests/tools.sh.in
gtk-doc-1.36.0/tools/
gtk-doc-1.36.0/tools/c10e-html.py
gtk-doc-1.36.0/tools/db2md.py
gtk-doc-1.36.0/tools/docpercentages.pl
gtk-doc-1.36.0/tools/git-pre-commit
gtk-doc-1.36.0/tools/gtk-doc.el
gtk-doc-1.36.0/version-greater-or-equal.xsl
The Meson build system
Version: 1.10.2
Source dir: /blfs/builds/gtk-doc-1.36.0
Build dir: /blfs/builds/gtk-doc-1.36.0/build2
Build type: native build
Project name: gtk-doc
Project version: 1.36.0
C compiler for the host machine: cc (gcc 15.2.0 "cc (GCC) 15.2.0")
C linker for the host machine: cc ld.bfd 2.45
Host machine cpu family: x86_64
Host machine cpu: x86_64
Program python3 (pygments, parameterized) found: NO modules: pygments

../meson.build:16:17: ERROR: python3 is missing modules: parameterized

A full log can be found at /blfs/builds/gtk-doc-1.36.0/build2/meson-logs/meson-log.txt
