--2026-04-01 09:38:42--  https://files.pythonhosted.org/packages/source/p/pycparser/pycparser-2.23.tar.gz
Resolving files.pythonhosted.org (files.pythonhosted.org)... 151.101.64.223, 151.101.192.223, 151.101.128.223, ...
Connecting to files.pythonhosted.org (files.pythonhosted.org)|151.101.64.223|:443... connected.
HTTP request sent, awaiting response... 302 Found
Location: https://files.pythonhosted.org/packages/fe/cf/d2d3b9f5699fb1e4615c8e32ff220203e43b248e1dfcc6736ad9057731ca/pycparser-2.23.tar.gz [following]
--2026-04-01 09:38:42--  https://files.pythonhosted.org/packages/fe/cf/d2d3b9f5699fb1e4615c8e32ff220203e43b248e1dfcc6736ad9057731ca/pycparser-2.23.tar.gz
Reusing existing connection to files.pythonhosted.org:443.
HTTP request sent, awaiting response... 200 OK
Length: 173734 (170K) [application/octet-stream]
Saving to: ‘pycparser-2.23.tar.gz.1’

     0K .......... .......... .......... .......... .......... 29% 7.01M 0s
    50K .......... .......... .......... .......... .......... 58% 13.9M 0s
   100K .......... .......... .......... .......... .......... 88% 11.9M 0s
   150K .......... .........                                  100%  105M=0.01s

2026-04-01 09:38:42 (11.2 MB/s) - ‘pycparser-2.23.tar.gz.1’ saved [173734/173734]

pycparser-2.23/
pycparser-2.23/CHANGES
pycparser-2.23/LICENSE
pycparser-2.23/MANIFEST.in
pycparser-2.23/PKG-INFO
pycparser-2.23/README.rst
pycparser-2.23/examples/
pycparser-2.23/examples/c-to-c.py
pycparser-2.23/examples/c_files/
pycparser-2.23/examples/c_files/basic.c
pycparser-2.23/examples/c_files/funky.c
pycparser-2.23/examples/c_files/hash.c
pycparser-2.23/examples/c_files/memmgr.c
pycparser-2.23/examples/c_files/memmgr.h
pycparser-2.23/examples/c_files/pragmas.c
pycparser-2.23/examples/c_files/year.c
pycparser-2.23/examples/c_json.py
pycparser-2.23/examples/cdecl.py
pycparser-2.23/examples/construct_ast_from_scratch.py
pycparser-2.23/examples/dump_ast.py
pycparser-2.23/examples/explore_ast.py
pycparser-2.23/examples/func_calls.py
pycparser-2.23/examples/func_defs.py
pycparser-2.23/examples/func_defs_add_param.py
pycparser-2.23/examples/rewrite_ast.py
pycparser-2.23/examples/serialize_ast.py
pycparser-2.23/examples/using_cpp_libc.py
pycparser-2.23/examples/using_gcc_E_libc.py
pycparser-2.23/pycparser/
pycparser-2.23/pycparser/__init__.py
pycparser-2.23/pycparser/_ast_gen.py
pycparser-2.23/pycparser/_build_tables.py
pycparser-2.23/pycparser/_c_ast.cfg
pycparser-2.23/pycparser/ast_transforms.py
pycparser-2.23/pycparser/c_ast.py
pycparser-2.23/pycparser/c_generator.py
pycparser-2.23/pycparser/c_lexer.py
pycparser-2.23/pycparser/c_parser.py
pycparser-2.23/pycparser/lextab.py
pycparser-2.23/pycparser/ply/
pycparser-2.23/pycparser/ply/__init__.py
pycparser-2.23/pycparser/ply/cpp.py
pycparser-2.23/pycparser/ply/ctokens.py
pycparser-2.23/pycparser/ply/lex.py
pycparser-2.23/pycparser/ply/yacc.py
pycparser-2.23/pycparser/ply/ygen.py
pycparser-2.23/pycparser/plyparser.py
pycparser-2.23/pycparser/yacctab.py
pycparser-2.23/pycparser.egg-info/
pycparser-2.23/pycparser.egg-info/PKG-INFO
pycparser-2.23/pycparser.egg-info/SOURCES.txt
pycparser-2.23/pycparser.egg-info/dependency_links.txt
pycparser-2.23/pycparser.egg-info/top_level.txt
pycparser-2.23/setup.cfg
pycparser-2.23/setup.py
pycparser-2.23/tests/
pycparser-2.23/tests/__init__.py
pycparser-2.23/tests/c_files/
pycparser-2.23/tests/c_files/c11.c
pycparser-2.23/tests/c_files/cppd_with_stdio_h.c
pycparser-2.23/tests/c_files/empty.h
pycparser-2.23/tests/c_files/example_c_file.c
pycparser-2.23/tests/c_files/hdir/
pycparser-2.23/tests/c_files/hdir/9/
pycparser-2.23/tests/c_files/hdir/9/inc.h
pycparser-2.23/tests/c_files/memmgr.c
pycparser-2.23/tests/c_files/memmgr.h
pycparser-2.23/tests/c_files/memmgr_with_h.c
pycparser-2.23/tests/c_files/simplemain.c
pycparser-2.23/tests/c_files/year.c
pycparser-2.23/tests/test_c_ast.py
pycparser-2.23/tests/test_c_generator.py
pycparser-2.23/tests/test_c_lexer.py
pycparser-2.23/tests/test_c_parser.py
pycparser-2.23/tests/test_examples.py
pycparser-2.23/tests/test_general.py
pycparser-2.23/tests/test_util.py
pycparser-2.23/utils/
pycparser-2.23/utils/fake_libc_include/
pycparser-2.23/utils/fake_libc_include/X11/
pycparser-2.23/utils/fake_libc_include/X11/Intrinsic.h
pycparser-2.23/utils/fake_libc_include/X11/Xlib.h
pycparser-2.23/utils/fake_libc_include/X11/_X11_fake_defines.h
pycparser-2.23/utils/fake_libc_include/X11/_X11_fake_typedefs.h
pycparser-2.23/utils/fake_libc_include/_ansi.h
pycparser-2.23/utils/fake_libc_include/_fake_defines.h
pycparser-2.23/utils/fake_libc_include/_fake_typedefs.h
pycparser-2.23/utils/fake_libc_include/_syslist.h
pycparser-2.23/utils/fake_libc_include/aio.h
pycparser-2.23/utils/fake_libc_include/alloca.h
pycparser-2.23/utils/fake_libc_include/ar.h
pycparser-2.23/utils/fake_libc_include/argz.h
pycparser-2.23/utils/fake_libc_include/arpa/
pycparser-2.23/utils/fake_libc_include/arpa/inet.h
pycparser-2.23/utils/fake_libc_include/asm-generic/
pycparser-2.23/utils/fake_libc_include/asm-generic/int-ll64.h
pycparser-2.23/utils/fake_libc_include/assert.h
pycparser-2.23/utils/fake_libc_include/complex.h
pycparser-2.23/utils/fake_libc_include/cpio.h
pycparser-2.23/utils/fake_libc_include/ctype.h
pycparser-2.23/utils/fake_libc_include/dirent.h
pycparser-2.23/utils/fake_libc_include/dlfcn.h
pycparser-2.23/utils/fake_libc_include/emmintrin.h
pycparser-2.23/utils/fake_libc_include/endian.h
pycparser-2.23/utils/fake_libc_include/envz.h
pycparser-2.23/utils/fake_libc_include/errno.h
pycparser-2.23/utils/fake_libc_include/fastmath.h
pycparser-2.23/utils/fake_libc_include/fcntl.h
pycparser-2.23/utils/fake_libc_include/features.h
pycparser-2.23/utils/fake_libc_include/fenv.h
pycparser-2.23/utils/fake_libc_include/float.h
pycparser-2.23/utils/fake_libc_include/fmtmsg.h
pycparser-2.23/utils/fake_libc_include/fnmatch.h
pycparser-2.23/utils/fake_libc_include/ftw.h
pycparser-2.23/utils/fake_libc_include/getopt.h
pycparser-2.23/utils/fake_libc_include/glob.h
pycparser-2.23/utils/fake_libc_include/grp.h
pycparser-2.23/utils/fake_libc_include/iconv.h
pycparser-2.23/utils/fake_libc_include/ieeefp.h
pycparser-2.23/utils/fake_libc_include/immintrin.h
pycparser-2.23/utils/fake_libc_include/inttypes.h
pycparser-2.23/utils/fake_libc_include/iso646.h
pycparser-2.23/utils/fake_libc_include/langinfo.h
pycparser-2.23/utils/fake_libc_include/libgen.h
pycparser-2.23/utils/fake_libc_include/libintl.h
pycparser-2.23/utils/fake_libc_include/limits.h
pycparser-2.23/utils/fake_libc_include/linux/
pycparser-2.23/utils/fake_libc_include/linux/socket.h
pycparser-2.23/utils/fake_libc_include/linux/version.h
pycparser-2.23/utils/fake_libc_include/locale.h
pycparser-2.23/utils/fake_libc_include/malloc.h
pycparser-2.23/utils/fake_libc_include/math.h
pycparser-2.23/utils/fake_libc_include/mir_toolkit/
pycparser-2.23/utils/fake_libc_include/mir_toolkit/client_types.h
pycparser-2.23/utils/fake_libc_include/monetary.h
pycparser-2.23/utils/fake_libc_include/mqueue.h
pycparser-2.23/utils/fake_libc_include/ndbm.h
pycparser-2.23/utils/fake_libc_include/net/
pycparser-2.23/utils/fake_libc_include/net/if.h
pycparser-2.23/utils/fake_libc_include/netdb.h
pycparser-2.23/utils/fake_libc_include/netinet/
pycparser-2.23/utils/fake_libc_include/netinet/in.h
pycparser-2.23/utils/fake_libc_include/netinet/tcp.h
pycparser-2.23/utils/fake_libc_include/newlib.h
pycparser-2.23/utils/fake_libc_include/nl_types.h
pycparser-2.23/utils/fake_libc_include/openssl/
pycparser-2.23/utils/fake_libc_include/openssl/err.h
pycparser-2.23/utils/fake_libc_include/openssl/evp.h
pycparser-2.23/utils/fake_libc_include/openssl/hmac.h
pycparser-2.23/utils/fake_libc_include/openssl/ssl.h
pycparser-2.23/utils/fake_libc_include/openssl/x509v3.h
pycparser-2.23/utils/fake_libc_include/paths.h
pycparser-2.23/utils/fake_libc_include/poll.h
pycparser-2.23/utils/fake_libc_include/process.h
pycparser-2.23/utils/fake_libc_include/pthread.h
pycparser-2.23/utils/fake_libc_include/pwd.h
pycparser-2.23/utils/fake_libc_include/reent.h
pycparser-2.23/utils/fake_libc_include/regdef.h
pycparser-2.23/utils/fake_libc_include/regex.h
pycparser-2.23/utils/fake_libc_include/sched.h
pycparser-2.23/utils/fake_libc_include/search.h
pycparser-2.23/utils/fake_libc_include/semaphore.h
pycparser-2.23/utils/fake_libc_include/setjmp.h
pycparser-2.23/utils/fake_libc_include/signal.h
pycparser-2.23/utils/fake_libc_include/smmintrin.h
pycparser-2.23/utils/fake_libc_include/spawn.h
pycparser-2.23/utils/fake_libc_include/stdalign.h
pycparser-2.23/utils/fake_libc_include/stdarg.h
pycparser-2.23/utils/fake_libc_include/stdatomic.h
pycparser-2.23/utils/fake_libc_include/stdbool.h
pycparser-2.23/utils/fake_libc_include/stddef.h
pycparser-2.23/utils/fake_libc_include/stdint.h
pycparser-2.23/utils/fake_libc_include/stdio.h
pycparser-2.23/utils/fake_libc_include/stdlib.h
pycparser-2.23/utils/fake_libc_include/stdnoreturn.h
pycparser-2.23/utils/fake_libc_include/string.h
pycparser-2.23/utils/fake_libc_include/strings.h
pycparser-2.23/utils/fake_libc_include/stropts.h
pycparser-2.23/utils/fake_libc_include/sys/
pycparser-2.23/utils/fake_libc_include/sys/ioctl.h
pycparser-2.23/utils/fake_libc_include/sys/ipc.h
pycparser-2.23/utils/fake_libc_include/sys/mman.h
pycparser-2.23/utils/fake_libc_include/sys/msg.h
pycparser-2.23/utils/fake_libc_include/sys/poll.h
pycparser-2.23/utils/fake_libc_include/sys/resource.h
pycparser-2.23/utils/fake_libc_include/sys/select.h
pycparser-2.23/utils/fake_libc_include/sys/sem.h
pycparser-2.23/utils/fake_libc_include/sys/shm.h
pycparser-2.23/utils/fake_libc_include/sys/socket.h
pycparser-2.23/utils/fake_libc_include/sys/stat.h
pycparser-2.23/utils/fake_libc_include/sys/statvfs.h
pycparser-2.23/utils/fake_libc_include/sys/sysctl.h
pycparser-2.23/utils/fake_libc_include/sys/time.h
pycparser-2.23/utils/fake_libc_include/sys/times.h
pycparser-2.23/utils/fake_libc_include/sys/types.h
pycparser-2.23/utils/fake_libc_include/sys/uio.h
pycparser-2.23/utils/fake_libc_include/sys/un.h
pycparser-2.23/utils/fake_libc_include/sys/utsname.h
pycparser-2.23/utils/fake_libc_include/sys/wait.h
pycparser-2.23/utils/fake_libc_include/syslog.h
pycparser-2.23/utils/fake_libc_include/tar.h
pycparser-2.23/utils/fake_libc_include/termios.h
pycparser-2.23/utils/fake_libc_include/tgmath.h
pycparser-2.23/utils/fake_libc_include/threads.h
pycparser-2.23/utils/fake_libc_include/time.h
pycparser-2.23/utils/fake_libc_include/trace.h
pycparser-2.23/utils/fake_libc_include/ulimit.h
pycparser-2.23/utils/fake_libc_include/unctrl.h
pycparser-2.23/utils/fake_libc_include/unistd.h
pycparser-2.23/utils/fake_libc_include/utime.h
pycparser-2.23/utils/fake_libc_include/utmp.h
pycparser-2.23/utils/fake_libc_include/utmpx.h
pycparser-2.23/utils/fake_libc_include/wchar.h
pycparser-2.23/utils/fake_libc_include/wctype.h
pycparser-2.23/utils/fake_libc_include/wordexp.h
pycparser-2.23/utils/fake_libc_include/xcb/
pycparser-2.23/utils/fake_libc_include/xcb/xcb.h
pycparser-2.23/utils/fake_libc_include/zlib.h
* Creating isolated environment: venv+pip...
* Installing packages in isolated environment:
  - setuptools >= 40.8.0
* Getting build dependencies for wheel...
/tmp/build-env-lc5wfi0i/lib/python3.14/site-packages/setuptools/dist.py:765: SetuptoolsDeprecationWarning: License classifiers are deprecated.
!!

        ********************************************************************************
        Please consider removing the following classifiers in favor of a SPDX license expression:

        License :: OSI Approved :: BSD License

        See https://packaging.python.org/en/latest/guides/writing-pyproject-toml/#license for details.
        ********************************************************************************

!!
  self._finalize_license_expression()
running egg_info
writing pycparser.egg-info/PKG-INFO
writing dependency_links to pycparser.egg-info/dependency_links.txt
writing top-level names to pycparser.egg-info/top_level.txt
reading manifest file 'pycparser.egg-info/SOURCES.txt'
reading manifest template 'MANIFEST.in'
warning: no previously-included files found matching 'setup.pyc'
warning: no previously-included files matching 'yacctab.*' found under directory 'tests'
warning: no previously-included files matching 'lextab.*' found under directory 'tests'
warning: no previously-included files matching 'yacctab.*' found under directory 'examples'
warning: no previously-included files matching 'lextab.*' found under directory 'examples'
adding license file 'LICENSE'
writing manifest file 'pycparser.egg-info/SOURCES.txt'
* Building wheel...
/tmp/build-env-lc5wfi0i/lib/python3.14/site-packages/setuptools/dist.py:765: SetuptoolsDeprecationWarning: License classifiers are deprecated.
!!

        ********************************************************************************
        Please consider removing the following classifiers in favor of a SPDX license expression:

        License :: OSI Approved :: BSD License

        See https://packaging.python.org/en/latest/guides/writing-pyproject-toml/#license for details.
        ********************************************************************************

!!
  self._finalize_license_expression()
running bdist_wheel
running build
running build_py
creating build/lib/pycparser
copying pycparser/c_ast.py -> build/lib/pycparser
copying pycparser/c_parser.py -> build/lib/pycparser
copying pycparser/yacctab.py -> build/lib/pycparser
copying pycparser/_build_tables.py -> build/lib/pycparser
copying pycparser/lextab.py -> build/lib/pycparser
copying pycparser/c_generator.py -> build/lib/pycparser
copying pycparser/plyparser.py -> build/lib/pycparser
copying pycparser/__init__.py -> build/lib/pycparser
copying pycparser/ast_transforms.py -> build/lib/pycparser
copying pycparser/c_lexer.py -> build/lib/pycparser
copying pycparser/_ast_gen.py -> build/lib/pycparser
creating build/lib/pycparser/ply
copying pycparser/ply/yacc.py -> build/lib/pycparser/ply
copying pycparser/ply/ctokens.py -> build/lib/pycparser/ply
copying pycparser/ply/cpp.py -> build/lib/pycparser/ply
copying pycparser/ply/ygen.py -> build/lib/pycparser/ply
copying pycparser/ply/lex.py -> build/lib/pycparser/ply
copying pycparser/ply/__init__.py -> build/lib/pycparser/ply
copying pycparser/_c_ast.cfg -> build/lib/pycparser
installing to build/bdist.linux-x86_64/wheel
running install
running install_lib
creating build/bdist.linux-x86_64/wheel
creating build/bdist.linux-x86_64/wheel/pycparser
copying build/lib/pycparser/c_ast.py -> build/bdist.linux-x86_64/wheel/./pycparser
copying build/lib/pycparser/c_parser.py -> build/bdist.linux-x86_64/wheel/./pycparser
creating build/bdist.linux-x86_64/wheel/pycparser/ply
copying build/lib/pycparser/ply/yacc.py -> build/bdist.linux-x86_64/wheel/./pycparser/ply
copying build/lib/pycparser/ply/ctokens.py -> build/bdist.linux-x86_64/wheel/./pycparser/ply
copying build/lib/pycparser/ply/cpp.py -> build/bdist.linux-x86_64/wheel/./pycparser/ply
copying build/lib/pycparser/ply/ygen.py -> build/bdist.linux-x86_64/wheel/./pycparser/ply
copying build/lib/pycparser/ply/lex.py -> build/bdist.linux-x86_64/wheel/./pycparser/ply
copying build/lib/pycparser/ply/__init__.py -> build/bdist.linux-x86_64/wheel/./pycparser/ply
copying build/lib/pycparser/yacctab.py -> build/bdist.linux-x86_64/wheel/./pycparser
copying build/lib/pycparser/_build_tables.py -> build/bdist.linux-x86_64/wheel/./pycparser
copying build/lib/pycparser/lextab.py -> build/bdist.linux-x86_64/wheel/./pycparser
copying build/lib/pycparser/c_generator.py -> build/bdist.linux-x86_64/wheel/./pycparser
copying build/lib/pycparser/_c_ast.cfg -> build/bdist.linux-x86_64/wheel/./pycparser
copying build/lib/pycparser/plyparser.py -> build/bdist.linux-x86_64/wheel/./pycparser
copying build/lib/pycparser/__init__.py -> build/bdist.linux-x86_64/wheel/./pycparser
copying build/lib/pycparser/ast_transforms.py -> build/bdist.linux-x86_64/wheel/./pycparser
copying build/lib/pycparser/c_lexer.py -> build/bdist.linux-x86_64/wheel/./pycparser
copying build/lib/pycparser/_ast_gen.py -> build/bdist.linux-x86_64/wheel/./pycparser
running install_egg_info
running egg_info
writing pycparser.egg-info/PKG-INFO
writing dependency_links to pycparser.egg-info/dependency_links.txt
writing top-level names to pycparser.egg-info/top_level.txt
reading manifest file 'pycparser.egg-info/SOURCES.txt'
reading manifest template 'MANIFEST.in'
warning: no previously-included files found matching 'setup.pyc'
warning: no previously-included files matching 'yacctab.*' found under directory 'tests'
warning: no previously-included files matching 'lextab.*' found under directory 'tests'
warning: no previously-included files matching 'yacctab.*' found under directory 'examples'
warning: no previously-included files matching 'lextab.*' found under directory 'examples'
adding license file 'LICENSE'
writing manifest file 'pycparser.egg-info/SOURCES.txt'
Copying pycparser.egg-info to build/bdist.linux-x86_64/wheel/./pycparser-2.23-py3.14.egg-info
running install_scripts
Build the lexing/parsing tables
creating build/bdist.linux-x86_64/wheel/pycparser-2.23.dist-info/WHEEL
creating '/blfs/builds/pycparser-2.23/dist/.tmp-s6zgjqi6/pycparser-2.23-py3-none-any.whl' and adding 'build/bdist.linux-x86_64/wheel' to it
adding 'pycparser/__init__.py'
adding 'pycparser/_ast_gen.py'
adding 'pycparser/_build_tables.py'
adding 'pycparser/_c_ast.cfg'
adding 'pycparser/ast_transforms.py'
adding 'pycparser/c_ast.py'
adding 'pycparser/c_generator.py'
adding 'pycparser/c_lexer.py'
adding 'pycparser/c_parser.py'
adding 'pycparser/lextab.py'
adding 'pycparser/plyparser.py'
adding 'pycparser/yacctab.py'
adding 'pycparser/ply/__init__.py'
adding 'pycparser/ply/cpp.py'
adding 'pycparser/ply/ctokens.py'
adding 'pycparser/ply/lex.py'
adding 'pycparser/ply/yacc.py'
adding 'pycparser/ply/ygen.py'
adding 'pycparser-2.23.dist-info/licenses/LICENSE'
adding 'pycparser-2.23.dist-info/METADATA'
adding 'pycparser-2.23.dist-info/WHEEL'
adding 'pycparser-2.23.dist-info/top_level.txt'
adding 'pycparser-2.23.dist-info/RECORD'
removing build/bdist.linux-x86_64/wheel
Successfully built pycparser-2.23-py3-none-any.whl
Traceback (most recent call last):
  File "<frozen runpy>", line 198, in _run_module_as_main
  File "<frozen runpy>", line 88, in _run_code
  File "/usr/lib/python3.14/site-packages/installer/__main__.py", line 115, in <module>
    _main(sys.argv[1:], "python -m installer")
    ~~~~~^^^^^^^^^^^^^^^^^^^^^^^^^^^^^^^^^^^^^
  File "/usr/lib/python3.14/site-packages/installer/__main__.py", line 111, in _main
    installer.install(source, destination, {})
    ~~~~~~~~~~~~~~~~~^^^^^^^^^^^^^^^^^^^^^^^^^
  File "/usr/lib/python3.14/site-packages/installer/_core.py", line 124, in install
    record = destination.write_file(
        scheme=scheme,
    ...<2 lines>...
        is_executable=is_executable,
    )
  File "/usr/lib/python3.14/site-packages/installer/destinations.py", line 212, in write_file
    return self.write_to_fs(scheme, path_, stream, is_executable)
           ~~~~~~~~~~~~~~~~^^^^^^^^^^^^^^^^^^^^^^^^^^^^^^^^^^^^^^
  File "/usr/lib/python3.14/site-packages/installer/destinations.py", line 172, in write_to_fs
    raise FileExistsError(message)
FileExistsError: File already exists: /pkgs/python-pycparser/usr/lib/python3.14/site-packages/pycparser/__init__.py
