--2026-04-01 07:14:14--  https://download.gnome.org/sources/vala/0.56/vala-0.56.19.tar.xz
Resolving download.gnome.org (download.gnome.org)... 79.127.206.208, 152.233.11.105, 79.127.206.234, ...
Connecting to download.gnome.org (download.gnome.org)|79.127.206.208|:443... connected.
HTTP request sent, awaiting response... 200 OK
Length: 4007612 (3.8M) [application/octet-stream]
Saving to: ‘vala-0.56.19.tar.xz’

     0K .......... .......... .......... .......... ..........  1% 4.54M 1s
    50K .......... .......... .......... .......... ..........  2% 9.14M 1s
   100K .......... .......... .......... .......... ..........  3% 11.0M 1s
   150K .......... .......... .......... .......... ..........  5% 13.6M 0s
   200K .......... .......... .......... .......... ..........  6% 12.1M 0s
   250K .......... .......... .......... .......... ..........  7% 47.6M 0s
   300K .......... .......... .......... .......... ..........  8% 15.5M 0s
   350K .......... .......... .......... .......... .......... 10% 61.5M 0s
   400K .......... .......... .......... .......... .......... 11% 16.5M 0s
   450K .......... .......... .......... .......... .......... 12%  106M 0s
   500K .......... .......... .......... .......... .......... 14% 13.9M 0s
   550K .......... .......... .......... .......... .......... 15%  130M 0s
   600K .......... .......... .......... .......... .......... 16% 56.9M 0s
   650K .......... .......... .......... .......... .......... 17%  125M 0s
   700K .......... .......... .......... .......... .......... 19%  119M 0s
   750K .......... .......... .......... .......... .......... 20% 21.1M 0s
   800K .......... .......... .......... .......... .......... 21% 13.5M 0s
   850K .......... .......... .......... .......... .......... 22%  140M 0s
   900K .......... .......... .......... .......... .......... 24%  123M 0s
   950K .......... .......... .......... .......... .......... 25% 98.2M 0s
  1000K .......... .......... .......... .......... .......... 26%  133M 0s
  1050K .......... .......... .......... .......... .......... 28% 20.4M 0s
  1100K .......... .......... .......... .......... .......... 29%  127M 0s
  1150K .......... .......... .......... .......... .......... 30% 95.0M 0s
  1200K .......... .......... .......... .......... .......... 31%  118M 0s
  1250K .......... .......... .......... .......... .......... 33%  116M 0s
  1300K .......... .......... .......... .......... .......... 34% 22.0M 0s
  1350K .......... .......... .......... .......... .......... 35%  118M 0s
  1400K .......... .......... .......... .......... .......... 37%  133M 0s
  1450K .......... .......... .......... .......... .......... 38%  110M 0s
  1500K .......... .......... .......... .......... .......... 39%  122M 0s
  1550K .......... .......... .......... .......... .......... 40% 85.4M 0s
  1600K .......... .......... .......... .......... .......... 42%  112M 0s
  1650K .......... .......... .......... .......... .......... 43% 27.6M 0s
  1700K .......... .......... .......... .......... .......... 44%  131M 0s
  1750K .......... .......... .......... .......... .......... 45%  106M 0s
  1800K .......... .......... .......... .......... .......... 47%  119M 0s
  1850K .......... .......... .......... .......... .......... 48%  115M 0s
  1900K .......... .......... .......... .......... .......... 49% 24.7M 0s
  1950K .......... .......... .......... .......... .......... 51% 43.9M 0s
  2000K .......... .......... .......... .......... .......... 52% 98.6M 0s
  2050K .......... .......... .......... .......... .......... 53%  136M 0s
  2100K .......... .......... .......... .......... .......... 54%  111M 0s
  2150K .......... .......... .......... .......... .......... 56%  117M 0s
  2200K .......... .......... .......... .......... .......... 57%  120M 0s
  2250K .......... .......... .......... .......... .......... 58%  113M 0s
  2300K .......... .......... .......... .......... .......... 60%  114M 0s
  2350K .......... .......... .......... .......... .......... 61% 96.5M 0s
  2400K .......... .......... .......... .......... .......... 62%  111M 0s
  2450K .......... .......... .......... .......... .......... 63%  124M 0s
  2500K .......... .......... .......... .......... .......... 65%  112M 0s
  2550K .......... .......... .......... .......... .......... 66% 21.5M 0s
  2600K .......... .......... .......... .......... .......... 67%  112M 0s
  2650K .......... .......... .......... .......... .......... 68%  124M 0s
  2700K .......... .......... .......... .......... .......... 70%  116M 0s
  2750K .......... .......... .......... .......... .......... 71% 97.7M 0s
  2800K .......... .......... .......... .......... .......... 72%  115M 0s
  2850K .......... .......... .......... .......... .......... 74%  110M 0s
  2900K .......... .......... .......... .......... .......... 75%  123M 0s
  2950K .......... .......... .......... .......... .......... 76%  117M 0s
  3000K .......... .......... .......... .......... .......... 77%  107M 0s
  3050K .......... .......... .......... .......... .......... 79%  125M 0s
  3100K .......... .......... .......... .......... .......... 80%  109M 0s
  3150K .......... .......... .......... .......... .......... 81% 6.89M 0s
  3200K .......... .......... .......... .......... .......... 83%  223M 0s
  3250K .......... .......... .......... .......... .......... 84%  286M 0s
  3300K .......... .......... .......... .......... .......... 85%  268M 0s
  3350K .......... .......... .......... .......... .......... 86%  281M 0s
  3400K .......... .......... .......... .......... .......... 88%  291M 0s
  3450K .......... .......... .......... .......... .......... 89%  270M 0s
  3500K .......... .......... .......... .......... .......... 90%  286M 0s
  3550K .......... .......... .......... .......... .......... 91%  217M 0s
  3600K .......... .......... .......... .......... .......... 93%  272M 0s
  3650K .......... .......... .......... .......... .......... 94%  288M 0s
  3700K .......... .......... .......... .......... .......... 95%  277M 0s
  3750K .......... .......... .......... .......... .......... 97%  288M 0s
  3800K .......... .......... .......... .......... .......... 98%  290M 0s
  3850K .......... .......... .......... .......... .......... 99%  274M 0s
  3900K .......... ...                                        100%  246M=0.09s

2026-04-01 07:14:14 (44.1 MB/s) - ‘vala-0.56.19.tar.xz’ saved [4007612/4007612]

--2026-04-01 07:14:14--  https://gitlab.archlinux.org/archlinux/packaging/packages/vala/-/raw/main/0001-valadoc-Fix-gvRenderData-to-match-graphviz-13.0.0.patch
Resolving gitlab.archlinux.org (gitlab.archlinux.org)... 213.133.111.15, 2a01:4f8:222:174c::1
Connecting to gitlab.archlinux.org (gitlab.archlinux.org)|213.133.111.15|:443... connected.
HTTP request sent, awaiting response... 404 Not Found
2026-04-01 07:14:15 ERROR 404: Not Found.

