--2026-04-01 09:09:43--  https://download.gnome.org/sources/vte/0.84/vte-0.84.0.tar.xz
Resolving download.gnome.org (download.gnome.org)... 109.61.92.48, 109.61.92.53, 109.61.92.56, ...
Connecting to download.gnome.org (download.gnome.org)|109.61.92.48|:443... connected.
HTTP request sent, awaiting response... 200 OK
Length: 6572728 (6.3M) [application/octet-stream]
Saving to: ‘vte-0.84.0.tar.xz.1’

     0K .......... .......... .......... .......... ..........  0%  623K 10s
    50K .......... .......... .......... .......... ..........  1% 1.41M 7s
   100K .......... .......... .......... .......... ..........  2% 2.19M 6s
   150K .......... .......... .......... .......... ..........  3% 1.44M 5s
   200K .......... .......... .......... .......... ..........  3% 4.83M 4s
   250K .......... .......... .......... .......... ..........  4% 4.87M 4s
   300K .......... .......... .......... .......... ..........  5% 1.95M 4s
   350K .......... .......... .......... .......... ..........  6% 3.77M 3s
   400K .......... .......... .......... .......... ..........  7% 4.83M 3s
   450K .......... .......... .......... .......... ..........  7% 2.24M 3s
   500K .......... .......... .......... .......... ..........  8% 9.46M 3s
   550K .......... .......... .......... .......... ..........  9% 9.12M 3s
   600K .......... .......... .......... .......... .......... 10% 10.8M 2s
   650K .......... .......... .......... .......... .......... 10% 9.26M 2s
   700K .......... .......... .......... .......... .......... 11% 3.53M 2s
   750K .......... .......... .......... .......... .......... 12% 3.69M 2s
   800K .......... .......... .......... .......... .......... 13% 10.7M 2s
   850K .......... .......... .......... .......... .......... 14% 8.10M 2s
   900K .......... .......... .......... .......... .......... 14% 11.5M 2s
   950K .......... .......... .......... .......... .......... 15% 10.2M 2s
  1000K .......... .......... .......... .......... .......... 16% 2.56M 2s
  1050K .......... .......... .......... .......... .......... 17% 22.5M 2s
  1100K .......... .......... .......... .......... .......... 17% 18.4M 2s
  1150K .......... .......... .......... .......... .......... 18% 14.3M 2s
  1200K .......... .......... .......... .......... .......... 19% 17.7M 1s
  1250K .......... .......... .......... .......... .......... 20% 19.1M 1s
  1300K .......... .......... .......... .......... .......... 21% 25.2M 1s
  1350K .......... .......... .......... .......... .......... 21% 17.2M 1s
  1400K .......... .......... .......... .......... .......... 22% 17.2M 1s
  1450K .......... .......... .......... .......... .......... 23% 20.8M 1s
  1500K .......... .......... .......... .......... .......... 24% 24.1M 1s
  1550K .......... .......... .......... .......... .......... 24% 2.60M 1s
  1600K .......... .......... .......... .......... .......... 25% 13.4M 1s
  1650K .......... .......... .......... .......... .......... 26% 35.6M 1s
  1700K .......... .......... .......... .......... .......... 27% 18.0M 1s
  1750K .......... .......... .......... .......... .......... 28% 27.1M 1s
  1800K .......... .......... .......... .......... .......... 28% 16.1M 1s
  1850K .......... .......... .......... .......... .......... 29% 15.2M 1s
  1900K .......... .......... .......... .......... .......... 30% 28.7M 1s
  1950K .......... .......... .......... .......... .......... 31% 14.3M 1s
  2000K .......... .......... .......... .......... .......... 31% 17.0M 1s
  2050K .......... .......... .......... .......... .......... 32% 33.2M 1s
  2100K .......... .......... .......... .......... .......... 33% 2.65M 1s
  2150K .......... .......... .......... .......... .......... 34% 53.4M 1s
  2200K .......... .......... .......... .......... .......... 35% 52.2M 1s
  2250K .......... .......... .......... .......... .......... 35% 27.5M 1s
  2300K .......... .......... .......... .......... .......... 36% 48.4M 1s
  2350K .......... .......... .......... .......... .......... 37% 24.0M 1s
  2400K .......... .......... .......... .......... .......... 38% 45.9M 1s
  2450K .......... .......... .......... .......... .......... 38% 29.5M 1s
  2500K .......... .......... .......... .......... .......... 39% 45.5M 1s
  2550K .......... .......... .......... .......... .......... 40% 30.3M 1s
  2600K .......... .......... .......... .......... .......... 41% 46.9M 1s
  2650K .......... .......... .......... .......... .......... 42% 44.2M 1s
  2700K .......... .......... .......... .......... .......... 42% 31.1M 1s
  2750K .......... .......... .......... .......... .......... 43% 26.7M 1s
  2800K .......... .......... .......... .......... .......... 44% 46.0M 1s
  2850K .......... .......... .......... .......... .......... 45% 30.4M 1s
  2900K .......... .......... .......... .......... .......... 45% 45.7M 1s
  2950K .......... .......... .......... .......... .......... 46% 31.6M 1s
  3000K .......... .......... .......... .......... .......... 47% 46.7M 1s
  3050K .......... .......... .......... .......... .......... 48% 46.0M 0s
  3100K .......... .......... .......... .......... .......... 49% 30.2M 0s
  3150K .......... .......... .......... .......... .......... 49% 29.7M 0s
  3200K .......... .......... .......... .......... .......... 50% 3.08M 0s
  3250K .......... .......... .......... .......... .......... 51% 61.3M 0s
  3300K .......... .......... .......... .......... .......... 52% 16.1M 0s
  3350K .......... .......... .......... .......... .......... 52% 44.9M 0s
  3400K .......... .......... .......... .......... .......... 53% 45.2M 0s
  3450K .......... .......... .......... .......... .......... 54% 26.5M 0s
  3500K .......... .......... .......... .......... .......... 55% 97.3M 0s
  3550K .......... .......... .......... .......... .......... 56% 36.8M 0s
  3600K .......... .......... .......... .......... .......... 56% 20.1M 0s
  3650K .......... .......... .......... .......... .......... 57% 46.9M 0s
  3700K .......... .......... .......... .......... .......... 58% 52.6M 0s
  3750K .......... .......... .......... .......... .......... 59% 24.4M 0s
  3800K .......... .......... .......... .......... .......... 59% 52.2M 0s
  3850K .......... .......... .......... .......... .......... 60% 54.7M 0s
  3900K .......... .......... .......... .......... .......... 61% 24.9M 0s
  3950K .......... .......... .......... .......... .......... 62% 47.0M 0s
  4000K .......... .......... .......... .......... .......... 63% 91.3M 0s
  4050K .......... .......... .......... .......... .......... 63%  606K 0s
  4100K .......... .......... .......... .......... .......... 64% 4.69M 0s
  4150K .......... .......... .......... .......... .......... 65% 39.9M 0s
  4200K .......... .......... .......... .......... .......... 66% 37.5M 0s
  4250K .......... .......... .......... .......... .......... 66% 41.6M 0s
  4300K .......... .......... .......... .......... .......... 67% 58.4M 0s
  4350K .......... .......... .......... .......... .......... 68% 4.00M 0s
  4400K .......... .......... .......... .......... .......... 69% 89.5M 0s
  4450K .......... .......... .......... .......... .......... 70% 80.4M 0s
  4500K .......... .......... .......... .......... .......... 70% 79.3M 0s
  4550K .......... .......... .......... .......... .......... 71% 83.8M 0s
  4600K .......... .......... .......... .......... .......... 72% 8.63M 0s
  4650K .......... .......... .......... .......... .......... 73% 95.5M 0s
  4700K .......... .......... .......... .......... .......... 74% 71.3M 0s
  4750K .......... .......... .......... .......... .......... 74% 47.6M 0s
  4800K .......... .......... .......... .......... .......... 75%  150M 0s
  4850K .......... .......... .......... .......... .......... 76% 57.0M 0s
  4900K .......... .......... .......... .......... .......... 77% 82.6M 0s
  4950K .......... .......... .......... .......... .......... 77% 80.2M 0s
  5000K .......... .......... .......... .......... .......... 78% 3.77M 0s
  5050K .......... .......... .......... .......... .......... 79% 78.0M 0s
  5100K .......... .......... .......... .......... .......... 80% 63.4M 0s
  5150K .......... .......... .......... .......... .......... 81% 71.1M 0s
  5200K .......... .......... .......... .......... .......... 81% 60.2M 0s
  5250K .......... .......... .......... .......... .......... 82% 79.4M 0s
  5300K .......... .......... .......... .......... .......... 83% 88.7M 0s
  5350K .......... .......... .......... .......... .......... 84% 60.0M 0s
  5400K .......... .......... .......... .......... .......... 84% 91.2M 0s
  5450K .......... .......... .......... .......... .......... 85% 18.3M 0s
  5500K .......... .......... .......... .......... .......... 86% 77.5M 0s
  5550K .......... .......... .......... .......... .......... 87% 62.6M 0s
  5600K .......... .......... .......... .......... .......... 88% 60.1M 0s
  5650K .......... .......... .......... .......... .......... 88% 80.2M 0s
  5700K .......... .......... .......... .......... .......... 89% 93.2M 0s
  5750K .......... .......... .......... .......... .......... 90% 64.9M 0s
  5800K .......... .......... .......... .......... .......... 91% 60.5M 0s
  5850K .......... .......... .......... .......... .......... 91% 92.0M 0s
  5900K .......... .......... .......... .......... .......... 92% 60.7M 0s
  5950K .......... .......... .......... .......... .......... 93% 59.7M 0s
  6000K .......... .......... .......... .......... .......... 94% 4.32M 0s
  6050K .......... .......... .......... .......... .......... 95% 78.2M 0s
  6100K .......... .......... .......... .......... .......... 95% 88.9M 0s
  6150K .......... .......... .......... .......... .......... 96% 63.9M 0s
  6200K .......... .......... .......... .......... .......... 97% 86.3M 0s
  6250K .......... .......... .......... .......... .......... 98% 66.3M 0s
  6300K .......... .......... .......... .......... .......... 98% 88.6M 0s
  6350K .......... .......... .......... .......... .......... 99% 51.4M 0s
  6400K .......... ........                                   100%  427M=0.7s

2026-04-01 09:09:44 (9.40 MB/s) - ‘vte-0.84.0.tar.xz.1’ saved [6572728/6572728]

vte-0.84.0/
vte-0.84.0/.dir-locals.el
vte-0.84.0/.gitattributes
vte-0.84.0/.gitlab-ci/
vte-0.84.0/.gitlab-ci/docs.html
vte-0.84.0/.gitlab-ci/make-release.sh
vte-0.84.0/.gitlab-ci.yml
vte-0.84.0/AUTHORS
vte-0.84.0/COPYING.CC-BY-4-0
vte-0.84.0/COPYING.GPL3
vte-0.84.0/COPYING.LGPL3
vte-0.84.0/COPYING.README
vte-0.84.0/COPYING.XTERM
vte-0.84.0/ChangeLog
vte-0.84.0/Makefile.meson
vte-0.84.0/README.md
vte-0.84.0/bindings/
vte-0.84.0/bindings/gir/
vte-0.84.0/bindings/gir/meson.build
vte-0.84.0/bindings/glade/
vte-0.84.0/bindings/glade/hicolor_actions_16x16_widget-vte-terminal.png
vte-0.84.0/bindings/glade/hicolor_actions_22x22_widget-vte-terminal.png
vte-0.84.0/bindings/glade/meson.build
vte-0.84.0/bindings/glade/vte.xml.in
vte-0.84.0/bindings/meson.build
vte-0.84.0/bindings/vala/
vte-0.84.0/bindings/vala/Vte-2.91.metadata
vte-0.84.0/bindings/vala/meson.build
vte-0.84.0/build-aux/
vte-0.84.0/build-aux/Makefile
vte-0.84.0/build-aux/org.gnome.vte.gtk.json.in
vte-0.84.0/build-aux/org.gnome.vte.gtk3.json
vte-0.84.0/build-aux/org.gnome.vte.gtk4.json
vte-0.84.0/doc/
vte-0.84.0/doc/ambiguous.txt
vte-0.84.0/doc/boxes.txt
vte-0.84.0/doc/reference/
vte-0.84.0/doc/reference/licence.md
vte-0.84.0/doc/reference/meson.build
vte-0.84.0/doc/reference/vte-gtk3.toml.in
vte-0.84.0/doc/reference/vte-gtk4.toml.in
vte-0.84.0/doc/rewrap.txt
vte-0.84.0/doc/scrolling-region.txt
vte-0.84.0/meson.build
vte-0.84.0/meson_changelog.sh
vte-0.84.0/meson_options.txt
vte-0.84.0/meson_subprojects.sh
vte-0.84.0/perf/
vte-0.84.0/perf/1fb.sh
vte-0.84.0/perf/256test.sh
vte-0.84.0/perf/UTF-8-demo.txt
vte-0.84.0/perf/UTF-8-test.txt
vte-0.84.0/perf/bidi-demo.txt
vte-0.84.0/perf/bidi.sh
vte-0.84.0/perf/block.py
vte-0.84.0/perf/checkered.sh
vte-0.84.0/perf/deco.sh
vte-0.84.0/perf/devanagari.txt
vte-0.84.0/perf/hyperlink-demo.txt
vte-0.84.0/perf/img.sh
vte-0.84.0/perf/inc.sh
vte-0.84.0/perf/legacy.py
vte-0.84.0/perf/line-drawing-missing.sh
vte-0.84.0/perf/printwinsize.py
vte-0.84.0/perf/random.sh
vte-0.84.0/perf/scroll.vim
vte-0.84.0/perf/sgr-test.sh
vte-0.84.0/perf/utf8.sh
vte-0.84.0/perf/vim.sh
vte-0.84.0/po/
vte-0.84.0/po/LINGUAS
vte-0.84.0/po/POTFILES.in
vte-0.84.0/po/POTFILES.skip
vte-0.84.0/po/ab.po
vte-0.84.0/po/am.po
vte-0.84.0/po/an.po
vte-0.84.0/po/ang.po
vte-0.84.0/po/ar.po
vte-0.84.0/po/as.po
vte-0.84.0/po/ast.po
vte-0.84.0/po/az.po
vte-0.84.0/po/be.po
vte-0.84.0/po/be@latin.po
vte-0.84.0/po/bg.po
vte-0.84.0/po/bn.po
vte-0.84.0/po/bn_IN.po
vte-0.84.0/po/bs.po
vte-0.84.0/po/ca.po
vte-0.84.0/po/ca@valencia.po
vte-0.84.0/po/ckb.po
vte-0.84.0/po/cs.po
vte-0.84.0/po/cy.po
vte-0.84.0/po/da.po
vte-0.84.0/po/de.po
vte-0.84.0/po/dz.po
vte-0.84.0/po/el.po
vte-0.84.0/po/en@shaw.po
vte-0.84.0/po/en_CA.po
vte-0.84.0/po/en_GB.po
vte-0.84.0/po/eo.po
vte-0.84.0/po/es.po
vte-0.84.0/po/et.po
vte-0.84.0/po/eu.po
vte-0.84.0/po/fa.po
vte-0.84.0/po/fi.po
vte-0.84.0/po/fr.po
vte-0.84.0/po/fur.po
vte-0.84.0/po/ga.po
vte-0.84.0/po/gd.po
vte-0.84.0/po/gl.po
vte-0.84.0/po/gu.po
vte-0.84.0/po/he.po
vte-0.84.0/po/hi.po
vte-0.84.0/po/hr.po
vte-0.84.0/po/hu.po
vte-0.84.0/po/ia.po
vte-0.84.0/po/id.po
vte-0.84.0/po/is.po
vte-0.84.0/po/it.po
vte-0.84.0/po/ja.po
vte-0.84.0/po/ka.po
vte-0.84.0/po/kab.po
vte-0.84.0/po/kk.po
vte-0.84.0/po/kn.po
vte-0.84.0/po/ko.po
vte-0.84.0/po/ku.po
vte-0.84.0/po/kw.po
vte-0.84.0/po/ky.po
vte-0.84.0/po/li.po
vte-0.84.0/po/lt.po
vte-0.84.0/po/lv.po
vte-0.84.0/po/mai.po
vte-0.84.0/po/meson.build
vte-0.84.0/po/mi.po
vte-0.84.0/po/mjw.po
vte-0.84.0/po/mk.po
vte-0.84.0/po/ml.po
vte-0.84.0/po/mn.po
vte-0.84.0/po/mr.po
vte-0.84.0/po/ms.po
vte-0.84.0/po/nb.po
vte-0.84.0/po/nds.po
vte-0.84.0/po/ne.po
vte-0.84.0/po/nl.po
vte-0.84.0/po/nn.po
vte-0.84.0/po/oc.po
vte-0.84.0/po/or.po
vte-0.84.0/po/pa.po
vte-0.84.0/po/pl.po
vte-0.84.0/po/pt.po
vte-0.84.0/po/pt_BR.po
vte-0.84.0/po/ro.po
vte-0.84.0/po/ru.po
vte-0.84.0/po/rw.po
vte-0.84.0/po/si.po
vte-0.84.0/po/sk.po
vte-0.84.0/po/sl.po
vte-0.84.0/po/sq.po
vte-0.84.0/po/sr.po
vte-0.84.0/po/sr@latin.po
vte-0.84.0/po/sv.po
vte-0.84.0/po/ta.po
vte-0.84.0/po/te.po
vte-0.84.0/po/tg.po
vte-0.84.0/po/th.po
vte-0.84.0/po/tr.po
vte-0.84.0/po/ug.po
vte-0.84.0/po/uk.po
vte-0.84.0/po/uz.po
vte-0.84.0/po/uz@cyrillic.po
vte-0.84.0/po/vi.po
vte-0.84.0/po/wa.po
vte-0.84.0/po/xh.po
vte-0.84.0/po/zh_CN.po
vte-0.84.0/po/zh_HK.po
vte-0.84.0/po/zh_TW.po
vte-0.84.0/src/
vte-0.84.0/src/app/
vte-0.84.0/src/app/app-gtk3.css
vte-0.84.0/src/app/app-gtk3.gresource.xml
vte-0.84.0/src/app/app-gtk4.css
vte-0.84.0/src/app/app-gtk4.gresource.xml
vte-0.84.0/src/app/app.cc
vte-0.84.0/src/app/appmenu-gtk3.ui
vte-0.84.0/src/app/appmenu-gtk4.ui
vte-0.84.0/src/app/meson.build
vte-0.84.0/src/app/meson_desktopfile.py
vte-0.84.0/src/app/search-popover-gtk3.ui
vte-0.84.0/src/app/search-popover-gtk4.ui
vte-0.84.0/src/app/vte.desktop.in
vte-0.84.0/src/app/window-gtk3.ui
vte-0.84.0/src/app/window-gtk4.ui
vte-0.84.0/src/attr.hh
vte-0.84.0/src/base16-test.cc
vte-0.84.0/src/base16.hh
vte-0.84.0/src/bidi.cc
vte-0.84.0/src/bidi.hh
vte-0.84.0/src/bidiarrays.hh
vte-0.84.0/src/box-drawing.hh
vte-0.84.0/src/boxed.hh
vte-0.84.0/src/buffer.h
vte-0.84.0/src/cairo-glue.hh
vte-0.84.0/src/caps.hh
vte-0.84.0/src/cell.hh
vte-0.84.0/src/check-doc-syntax.sh
vte-0.84.0/src/chunk.cc
vte-0.84.0/src/chunk.hh
vte-0.84.0/src/clipboard-gtk.cc
vte-0.84.0/src/clipboard-gtk.hh
vte-0.84.0/src/color-lightness-tests.cc
vte-0.84.0/src/color-lightness.cc
vte-0.84.0/src/color-lightness.hh
vte-0.84.0/src/color-names-tests.hh
vte-0.84.0/src/color-names.hh
vte-0.84.0/src/color-palette.hh
vte-0.84.0/src/color-parser.cc
vte-0.84.0/src/color-parser.hh
vte-0.84.0/src/color-test.cc
vte-0.84.0/src/color-triple.hh
vte-0.84.0/src/color.hh
vte-0.84.0/src/cxx-utils.hh
vte-0.84.0/src/debug.cc
vte-0.84.0/src/debug.hh
vte-0.84.0/src/decoder-cat.cc
vte-0.84.0/src/decset
vte-0.84.0/src/drawing-cairo.cc
vte-0.84.0/src/drawing-cairo.hh
vte-0.84.0/src/drawing-context.cc
vte-0.84.0/src/drawing-context.hh
vte-0.84.0/src/drawing-gsk.cc
vte-0.84.0/src/drawing-gsk.hh
vte-0.84.0/src/dumpkeys.c
vte-0.84.0/src/fmt-glue.cc
vte-0.84.0/src/fmt-glue.hh
vte-0.84.0/src/fonts-pangocairo.cc
vte-0.84.0/src/fonts-pangocairo.hh
vte-0.84.0/src/fwd.hh
vte-0.84.0/src/gdkarrayimpl.c
vte-0.84.0/src/glib-glue.cc
vte-0.84.0/src/glib-glue.hh
vte-0.84.0/src/gobject-glue.hh
vte-0.84.0/src/graphene-glue.hh
vte-0.84.0/src/gtk-glue.hh
vte-0.84.0/src/icu-converter.cc
vte-0.84.0/src/icu-converter.hh
vte-0.84.0/src/icu-decoder.cc
vte-0.84.0/src/icu-decoder.hh
vte-0.84.0/src/icu-glue.cc
vte-0.84.0/src/icu-glue.hh
vte-0.84.0/src/keymap.cc
vte-0.84.0/src/keymap.h
vte-0.84.0/src/libc-glue.hh
vte-0.84.0/src/marshal.list
vte-0.84.0/src/meson.build
vte-0.84.0/src/mev.c
vte-0.84.0/src/minifont-coverage.py
vte-0.84.0/src/minifont-test.cc
vte-0.84.0/src/minifont.cc
vte-0.84.0/src/minifont.hh
vte-0.84.0/src/missing.cc
vte-0.84.0/src/missing.hh
vte-0.84.0/src/modes-test.cc
vte-0.84.0/src/modes.hh
vte-0.84.0/src/modes.py
vte-0.84.0/src/osc
vte-0.84.0/src/osc-colors.cc
vte-0.84.0/src/osc-colors.hh
vte-0.84.0/src/pango-glue.hh
vte-0.84.0/src/parser-arg.hh
vte-0.84.0/src/parser-cat.cc
vte-0.84.0/src/parser-charset-tables.hh
vte-0.84.0/src/parser-charset.hh
vte-0.84.0/src/parser-decsgr.hh
vte-0.84.0/src/parser-fmt.cc
vte-0.84.0/src/parser-fmt.hh
vte-0.84.0/src/parser-glue.hh
vte-0.84.0/src/parser-osc.hh
vte-0.84.0/src/parser-seq.py
vte-0.84.0/src/parser-sgr.hh
vte-0.84.0/src/parser-string.hh
vte-0.84.0/src/parser-test.cc
vte-0.84.0/src/parser.cc
vte-0.84.0/src/parser.hh
vte-0.84.0/src/pastify-test.cc
vte-0.84.0/src/pastify.cc
vte-0.84.0/src/pastify.hh
vte-0.84.0/src/pcre2-glue.hh
vte-0.84.0/src/properties-test.cc
vte-0.84.0/src/properties.hh
vte-0.84.0/src/pty.cc
vte-0.84.0/src/pty.hh
vte-0.84.0/src/reaper.cc
vte-0.84.0/src/reaper.hh
vte-0.84.0/src/rect.hh
vte-0.84.0/src/reflect.c
vte-0.84.0/src/refptr-test.cc
vte-0.84.0/src/refptr.hh
vte-0.84.0/src/regex.cc
vte-0.84.0/src/regex.hh
vte-0.84.0/src/ring.cc
vte-0.84.0/src/ring.hh
vte-0.84.0/src/ringview.cc
vte-0.84.0/src/ringview.hh
vte-0.84.0/src/scheduler.cc
vte-0.84.0/src/scheduler.h
vte-0.84.0/src/sgr.hh
vte-0.84.0/src/slowcat.c
vte-0.84.0/src/spawn.cc
vte-0.84.0/src/spawn.hh
vte-0.84.0/src/std-glue.hh
vte-0.84.0/src/systemd.cc
vte-0.84.0/src/systemd.hh
vte-0.84.0/src/tabstops-test.cc
vte-0.84.0/src/tabstops.hh
vte-0.84.0/src/terminfo/
vte-0.84.0/src/terminfo/Makefile
vte-0.84.0/src/terminfo/meson.build
vte-0.84.0/src/terminfo/run_tic.py
vte-0.84.0/src/terminfo/terminfo.src
vte-0.84.0/src/terminfo/xterm-256color
vte-0.84.0/src/termpropsregistry.cc
vte-0.84.0/src/termpropsregistry.hh
vte-0.84.0/src/test-vte-urlencode-cwd.sh
vte-0.84.0/src/unicode-width-generate.py
vte-0.84.0/src/unicode-width-test.cc
vte-0.84.0/src/unicode-width.hh
vte-0.84.0/src/urlencode.cc
vte-0.84.0/src/utf8-test.cc
vte-0.84.0/src/utf8.cc
vte-0.84.0/src/utf8.hh
vte-0.84.0/src/uuid-fmt.hh
vte-0.84.0/src/uuid-test.cc
vte-0.84.0/src/uuid.cc
vte-0.84.0/src/uuid.hh
vte-0.84.0/src/vte/
vte-0.84.0/src/vte/meson.build
vte-0.84.0/src/vte/vte.h
vte-0.84.0/src/vte/vtedeprecated.h
vte-0.84.0/src/vte/vteenums.h
vte-0.84.0/src/vte/vteglobals.h
vte-0.84.0/src/vte/vtemacros.h
vte-0.84.0/src/vte/vtepty.h
vte-0.84.0/src/vte/vteregex.h
vte-0.84.0/src/vte/vteterminal.h
vte-0.84.0/src/vte/vtetypebuiltins.h
vte-0.84.0/src/vte/vteuuid.h
vte-0.84.0/src/vte/vteversion.h.in
vte-0.84.0/src/vte-glue.hh
vte-0.84.0/src/vte-gtk4.gresource.xml
vte-0.84.0/src/vte-spawn-.scope.conf
vte-0.84.0/src/vte.cc
vte-0.84.0/src/vte.csh.in
vte-0.84.0/src/vte.gresource.xml
vte-0.84.0/src/vte.sh.in
vte-0.84.0/src/vteaccess-gtk4.cc
vte-0.84.0/src/vteaccess-gtk4.h
vte-0.84.0/src/vteaccess.cc
vte-0.84.0/src/vteaccess.h
vte-0.84.0/src/vtedefines.hh
vte-0.84.0/src/vtegtk.cc
vte-0.84.0/src/vtegtk.hh
vte-0.84.0/src/vtegtype.hh
vte-0.84.0/src/vteinternal.hh
vte-0.84.0/src/vteproperties.cc
vte-0.84.0/src/vtepropertiesinternal.hh
vte-0.84.0/src/vtepty.cc
vte-0.84.0/src/vteptyinternal.hh
vte-0.84.0/src/vteregex.cc
vte-0.84.0/src/vteregexinternal.hh
vte-0.84.0/src/vterowdata.cc
vte-0.84.0/src/vterowdata.hh
vte-0.84.0/src/vteseq.cc
vte-0.84.0/src/vtespawn.cc
vte-0.84.0/src/vtespawn.hh
vte-0.84.0/src/vtestream-base.h
vte-0.84.0/src/vtestream-file.h
vte-0.84.0/src/vtestream.cc
vte-0.84.0/src/vtestream.h
vte-0.84.0/src/vtetypebuiltins.cc.template
vte-0.84.0/src/vtetypebuiltins.h.template
vte-0.84.0/src/vtetypes.cc
vte-0.84.0/src/vtetypes.hh
vte-0.84.0/src/vteunistr.cc
vte-0.84.0/src/vteunistr.h
vte-0.84.0/src/vteutils.cc
vte-0.84.0/src/vteutils.h
vte-0.84.0/src/vteuuid.cc
vte-0.84.0/src/vteuuidinternal.hh
vte-0.84.0/src/widget.cc
vte-0.84.0/src/widget.hh
vte-0.84.0/src/window
vte-0.84.0/src/xtermcap.cc
vte-0.84.0/src/xtermcap.hh
vte-0.84.0/src/xticker.c
vte-0.84.0/subprojects/
vte-0.84.0/subprojects/fast_float/
vte-0.84.0/subprojects/fast_float/.bazelrc
vte-0.84.0/subprojects/fast_float/.cirrus.yml
vte-0.84.0/subprojects/fast_float/.clang-format
vte-0.84.0/subprojects/fast_float/.git/
vte-0.84.0/subprojects/fast_float/.git/HEAD
vte-0.84.0/subprojects/fast_float/.git/config
vte-0.84.0/subprojects/fast_float/.git/description
vte-0.84.0/subprojects/fast_float/.git/hooks/
vte-0.84.0/subprojects/fast_float/.git/hooks/applypatch-msg.sample
vte-0.84.0/subprojects/fast_float/.git/hooks/commit-msg.sample
vte-0.84.0/subprojects/fast_float/.git/hooks/fsmonitor-watchman.sample
vte-0.84.0/subprojects/fast_float/.git/hooks/post-update.sample
vte-0.84.0/subprojects/fast_float/.git/hooks/pre-applypatch.sample
vte-0.84.0/subprojects/fast_float/.git/hooks/pre-commit.sample
vte-0.84.0/subprojects/fast_float/.git/hooks/pre-merge-commit.sample
vte-0.84.0/subprojects/fast_float/.git/hooks/pre-push.sample
vte-0.84.0/subprojects/fast_float/.git/hooks/pre-rebase.sample
vte-0.84.0/subprojects/fast_float/.git/hooks/pre-receive.sample
vte-0.84.0/subprojects/fast_float/.git/hooks/prepare-commit-msg.sample
vte-0.84.0/subprojects/fast_float/.git/hooks/push-to-checkout.sample
vte-0.84.0/subprojects/fast_float/.git/hooks/sendemail-validate.sample
vte-0.84.0/subprojects/fast_float/.git/hooks/update.sample
vte-0.84.0/subprojects/fast_float/.git/index
vte-0.84.0/subprojects/fast_float/.git/info/
vte-0.84.0/subprojects/fast_float/.git/info/exclude
vte-0.84.0/subprojects/fast_float/.git/logs/
vte-0.84.0/subprojects/fast_float/.git/logs/HEAD
vte-0.84.0/subprojects/fast_float/.git/objects/
vte-0.84.0/subprojects/fast_float/.git/objects/info/
vte-0.84.0/subprojects/fast_float/.git/objects/pack/
vte-0.84.0/subprojects/fast_float/.git/objects/pack/pack-bf3219ce40d0558c9e523d547d1abc7927d49813.idx
vte-0.84.0/subprojects/fast_float/.git/objects/pack/pack-bf3219ce40d0558c9e523d547d1abc7927d49813.pack
vte-0.84.0/subprojects/fast_float/.git/objects/pack/pack-bf3219ce40d0558c9e523d547d1abc7927d49813.rev
vte-0.84.0/subprojects/fast_float/.git/packed-refs
vte-0.84.0/subprojects/fast_float/.git/refs/
vte-0.84.0/subprojects/fast_float/.git/refs/heads/
vte-0.84.0/subprojects/fast_float/.git/refs/tags/
vte-0.84.0/subprojects/fast_float/.git/shallow
vte-0.84.0/subprojects/fast_float/.github/
vte-0.84.0/subprojects/fast_float/.github/dependabot.yml
vte-0.84.0/subprojects/fast_float/.github/pull_request_template.md
vte-0.84.0/subprojects/fast_float/.github/workflows/
vte-0.84.0/subprojects/fast_float/.github/workflows/alpine.yml
vte-0.84.0/subprojects/fast_float/.github/workflows/amalgamate-ubuntu24.yml
vte-0.84.0/subprojects/fast_float/.github/workflows/cifuzz.yml
vte-0.84.0/subprojects/fast_float/.github/workflows/emscripten.yml
vte-0.84.0/subprojects/fast_float/.github/workflows/lint_and_format_check.yml
vte-0.84.0/subprojects/fast_float/.github/workflows/msys2-clang.yml
vte-0.84.0/subprojects/fast_float/.github/workflows/msys2.yml
vte-0.84.0/subprojects/fast_float/.github/workflows/on-release.yml
vte-0.84.0/subprojects/fast_float/.github/workflows/risc.yml
vte-0.84.0/subprojects/fast_float/.github/workflows/s390x.yml
vte-0.84.0/subprojects/fast_float/.github/workflows/ubuntu22-clang.yml
vte-0.84.0/subprojects/fast_float/.github/workflows/ubuntu22-gcc12.yml
vte-0.84.0/subprojects/fast_float/.github/workflows/ubuntu22-sanitize.yml
vte-0.84.0/subprojects/fast_float/.github/workflows/ubuntu22.yml
vte-0.84.0/subprojects/fast_float/.github/workflows/ubuntu24-cxx20.yml
vte-0.84.0/subprojects/fast_float/.github/workflows/ubuntu24.yml
vte-0.84.0/subprojects/fast_float/.github/workflows/vs17-arm-ci.yml
vte-0.84.0/subprojects/fast_float/.github/workflows/vs17-ci.yml
vte-0.84.0/subprojects/fast_float/.github/workflows/vs17-clang-ci.yml
vte-0.84.0/subprojects/fast_float/.github/workflows/vs17-cxx20.yml
vte-0.84.0/subprojects/fast_float/.gitignore
vte-0.84.0/subprojects/fast_float/.meson-subproject-wrap-hash.txt
vte-0.84.0/subprojects/fast_float/.travis.yml
vte-0.84.0/subprojects/fast_float/AUTHORS
vte-0.84.0/subprojects/fast_float/BUILD.bazel
vte-0.84.0/subprojects/fast_float/CMakeLists.txt
vte-0.84.0/subprojects/fast_float/CONTRIBUTORS
vte-0.84.0/subprojects/fast_float/LICENSE-APACHE
vte-0.84.0/subprojects/fast_float/LICENSE-BOOST
vte-0.84.0/subprojects/fast_float/LICENSE-MIT
vte-0.84.0/subprojects/fast_float/MODULE.bazel
vte-0.84.0/subprojects/fast_float/README.md
vte-0.84.0/subprojects/fast_float/SECURITY.md
vte-0.84.0/subprojects/fast_float/benchmarks/
vte-0.84.0/subprojects/fast_float/benchmarks/CMakeLists.txt
vte-0.84.0/subprojects/fast_float/benchmarks/apple_arm_events.h
vte-0.84.0/subprojects/fast_float/benchmarks/benchmark.cpp
vte-0.84.0/subprojects/fast_float/benchmarks/event_counter.h
vte-0.84.0/subprojects/fast_float/benchmarks/linux-perf-events.h
vte-0.84.0/subprojects/fast_float/ci/
vte-0.84.0/subprojects/fast_float/ci/script.sh
vte-0.84.0/subprojects/fast_float/clang-format-ignore.txt
vte-0.84.0/subprojects/fast_float/cmake/
vte-0.84.0/subprojects/fast_float/cmake/config.cmake.in
vte-0.84.0/subprojects/fast_float/cmake/toolchains-ci/
vte-0.84.0/subprojects/fast_float/cmake/toolchains-ci/riscv64-linux-gnu.cmake
vte-0.84.0/subprojects/fast_float/fuzz/
vte-0.84.0/subprojects/fast_float/fuzz/build.sh
vte-0.84.0/subprojects/fast_float/fuzz/from_chars.cc
vte-0.84.0/subprojects/fast_float/include/
vte-0.84.0/subprojects/fast_float/include/fast_float/
vte-0.84.0/subprojects/fast_float/include/fast_float/ascii_number.h
vte-0.84.0/subprojects/fast_float/include/fast_float/bigint.h
vte-0.84.0/subprojects/fast_float/include/fast_float/constexpr_feature_detect.h
vte-0.84.0/subprojects/fast_float/include/fast_float/decimal_to_binary.h
vte-0.84.0/subprojects/fast_float/include/fast_float/digit_comparison.h
vte-0.84.0/subprojects/fast_float/include/fast_float/fast_float.h
vte-0.84.0/subprojects/fast_float/include/fast_float/fast_table.h
vte-0.84.0/subprojects/fast_float/include/fast_float/float_common.h
vte-0.84.0/subprojects/fast_float/include/fast_float/parse_number.h
vte-0.84.0/subprojects/fast_float/meson.build
vte-0.84.0/subprojects/fast_float/script/
vte-0.84.0/subprojects/fast_float/script/amalgamate.py
vte-0.84.0/subprojects/fast_float/script/analysis.py
vte-0.84.0/subprojects/fast_float/script/mushtak_lemire.py
vte-0.84.0/subprojects/fast_float/script/release.py
vte-0.84.0/subprojects/fast_float/script/run-clangcldocker.sh
vte-0.84.0/subprojects/fast_float/script/table_generation.py
vte-0.84.0/subprojects/fast_float/tests/
vte-0.84.0/subprojects/fast_float/tests/BUILD.bazel
vte-0.84.0/subprojects/fast_float/tests/CMakeLists.txt
vte-0.84.0/subprojects/fast_float/tests/basictest.cpp
vte-0.84.0/subprojects/fast_float/tests/bloat_analysis/
vte-0.84.0/subprojects/fast_float/tests/bloat_analysis/CMakeLists.txt
vte-0.84.0/subprojects/fast_float/tests/bloat_analysis/a1.cpp
vte-0.84.0/subprojects/fast_float/tests/bloat_analysis/a10.cpp
vte-0.84.0/subprojects/fast_float/tests/bloat_analysis/a2.cpp
vte-0.84.0/subprojects/fast_float/tests/bloat_analysis/a3.cpp
vte-0.84.0/subprojects/fast_float/tests/bloat_analysis/a4.cpp
vte-0.84.0/subprojects/fast_float/tests/bloat_analysis/a5.cpp
vte-0.84.0/subprojects/fast_float/tests/bloat_analysis/a6.cpp
vte-0.84.0/subprojects/fast_float/tests/bloat_analysis/a7.cpp
vte-0.84.0/subprojects/fast_float/tests/bloat_analysis/a8.cpp
vte-0.84.0/subprojects/fast_float/tests/bloat_analysis/a9.cpp
vte-0.84.0/subprojects/fast_float/tests/bloat_analysis/main.cpp
vte-0.84.0/subprojects/fast_float/tests/bloat_analysis/main_ref.cpp
vte-0.84.0/subprojects/fast_float/tests/build_tests/
vte-0.84.0/subprojects/fast_float/tests/build_tests/CMakeLists.txt
vte-0.84.0/subprojects/fast_float/tests/build_tests/issue72/
vte-0.84.0/subprojects/fast_float/tests/build_tests/issue72/CMakeLists.txt
vte-0.84.0/subprojects/fast_float/tests/build_tests/issue72/foo.cpp
vte-0.84.0/subprojects/fast_float/tests/build_tests/issue72/main.cpp
vte-0.84.0/subprojects/fast_float/tests/build_tests/issue72/test.h
vte-0.84.0/subprojects/fast_float/tests/example_comma_test.cpp
vte-0.84.0/subprojects/fast_float/tests/example_integer_times_pow10.cpp
vte-0.84.0/subprojects/fast_float/tests/example_test.cpp
vte-0.84.0/subprojects/fast_float/tests/exhaustive32.cpp
vte-0.84.0/subprojects/fast_float/tests/exhaustive32_64.cpp
vte-0.84.0/subprojects/fast_float/tests/exhaustive32_midpoint.cpp
vte-0.84.0/subprojects/fast_float/tests/fast_int.cpp
vte-0.84.0/subprojects/fast_float/tests/fixedwidthtest.cpp
vte-0.84.0/subprojects/fast_float/tests/fortran.cpp
vte-0.84.0/subprojects/fast_float/tests/installation_tests/
vte-0.84.0/subprojects/fast_float/tests/installation_tests/find/
vte-0.84.0/subprojects/fast_float/tests/installation_tests/find/CMakeLists.txt
vte-0.84.0/subprojects/fast_float/tests/installation_tests/issue72_installation/
vte-0.84.0/subprojects/fast_float/tests/installation_tests/issue72_installation/CMakeLists.txt
vte-0.84.0/subprojects/fast_float/tests/json_fmt.cpp
vte-0.84.0/subprojects/fast_float/tests/long_exhaustive32.cpp
vte-0.84.0/subprojects/fast_float/tests/long_exhaustive32_64.cpp
vte-0.84.0/subprojects/fast_float/tests/long_random64.cpp
vte-0.84.0/subprojects/fast_float/tests/long_test.cpp
vte-0.84.0/subprojects/fast_float/tests/p2497.cpp
vte-0.84.0/subprojects/fast_float/tests/powersoffive_hardround.cpp
vte-0.84.0/subprojects/fast_float/tests/random64.cpp
vte-0.84.0/subprojects/fast_float/tests/random_string.cpp
vte-0.84.0/subprojects/fast_float/tests/rcppfastfloat_test.cpp
vte-0.84.0/subprojects/fast_float/tests/short_random_string.cpp
vte-0.84.0/subprojects/fast_float/tests/string_test.cpp
vte-0.84.0/subprojects/fast_float/tests/supported_chars_test.cpp
vte-0.84.0/subprojects/fast_float/tests/wide_char_test.cpp
vte-0.84.0/subprojects/fast_float.wrap
vte-0.84.0/subprojects/fmt/
vte-0.84.0/subprojects/fmt/.clang-format
vte-0.84.0/subprojects/fmt/.clang-tidy
vte-0.84.0/subprojects/fmt/.git/
vte-0.84.0/subprojects/fmt/.git/HEAD
vte-0.84.0/subprojects/fmt/.git/config
vte-0.84.0/subprojects/fmt/.git/description
vte-0.84.0/subprojects/fmt/.git/hooks/
vte-0.84.0/subprojects/fmt/.git/hooks/applypatch-msg.sample
vte-0.84.0/subprojects/fmt/.git/hooks/commit-msg.sample
vte-0.84.0/subprojects/fmt/.git/hooks/fsmonitor-watchman.sample
vte-0.84.0/subprojects/fmt/.git/hooks/post-update.sample
vte-0.84.0/subprojects/fmt/.git/hooks/pre-applypatch.sample
vte-0.84.0/subprojects/fmt/.git/hooks/pre-commit.sample
vte-0.84.0/subprojects/fmt/.git/hooks/pre-merge-commit.sample
vte-0.84.0/subprojects/fmt/.git/hooks/pre-push.sample
vte-0.84.0/subprojects/fmt/.git/hooks/pre-rebase.sample
vte-0.84.0/subprojects/fmt/.git/hooks/pre-receive.sample
vte-0.84.0/subprojects/fmt/.git/hooks/prepare-commit-msg.sample
vte-0.84.0/subprojects/fmt/.git/hooks/push-to-checkout.sample
vte-0.84.0/subprojects/fmt/.git/hooks/sendemail-validate.sample
vte-0.84.0/subprojects/fmt/.git/hooks/update.sample
vte-0.84.0/subprojects/fmt/.git/index
vte-0.84.0/subprojects/fmt/.git/info/
vte-0.84.0/subprojects/fmt/.git/info/exclude
vte-0.84.0/subprojects/fmt/.git/logs/
vte-0.84.0/subprojects/fmt/.git/logs/HEAD
vte-0.84.0/subprojects/fmt/.git/objects/
vte-0.84.0/subprojects/fmt/.git/objects/info/
vte-0.84.0/subprojects/fmt/.git/objects/pack/
vte-0.84.0/subprojects/fmt/.git/objects/pack/pack-19e0dd40079b79a356664c59d5b0afa93ced27fd.idx
vte-0.84.0/subprojects/fmt/.git/objects/pack/pack-19e0dd40079b79a356664c59d5b0afa93ced27fd.pack
vte-0.84.0/subprojects/fmt/.git/objects/pack/pack-19e0dd40079b79a356664c59d5b0afa93ced27fd.rev
vte-0.84.0/subprojects/fmt/.git/packed-refs
vte-0.84.0/subprojects/fmt/.git/refs/
vte-0.84.0/subprojects/fmt/.git/refs/heads/
vte-0.84.0/subprojects/fmt/.git/refs/tags/
vte-0.84.0/subprojects/fmt/.git/shallow
vte-0.84.0/subprojects/fmt/.github/
vte-0.84.0/subprojects/fmt/.github/dependabot.yml
vte-0.84.0/subprojects/fmt/.github/issue_template.md
vte-0.84.0/subprojects/fmt/.github/pull_request_template.md
vte-0.84.0/subprojects/fmt/.github/workflows/
vte-0.84.0/subprojects/fmt/.github/workflows/cifuzz.yml
vte-0.84.0/subprojects/fmt/.github/workflows/doc.yml
vte-0.84.0/subprojects/fmt/.github/workflows/lint.yml
vte-0.84.0/subprojects/fmt/.github/workflows/linux.yml
vte-0.84.0/subprojects/fmt/.github/workflows/macos.yml
vte-0.84.0/subprojects/fmt/.github/workflows/scorecard.yml
vte-0.84.0/subprojects/fmt/.github/workflows/windows.yml
vte-0.84.0/subprojects/fmt/.gitignore
vte-0.84.0/subprojects/fmt/.meson-subproject-wrap-hash.txt
vte-0.84.0/subprojects/fmt/CMakeLists.txt
vte-0.84.0/subprojects/fmt/CONTRIBUTING.md
vte-0.84.0/subprojects/fmt/ChangeLog.md
vte-0.84.0/subprojects/fmt/LICENSE
vte-0.84.0/subprojects/fmt/README.md
vte-0.84.0/subprojects/fmt/doc/
vte-0.84.0/subprojects/fmt/doc/ChangeLog-old.md
vte-0.84.0/subprojects/fmt/doc/api.md
vte-0.84.0/subprojects/fmt/doc/fmt.css
vte-0.84.0/subprojects/fmt/doc/fmt.js
vte-0.84.0/subprojects/fmt/doc/get-started.md
vte-0.84.0/subprojects/fmt/doc/index.md
vte-0.84.0/subprojects/fmt/doc/perf.svg
vte-0.84.0/subprojects/fmt/doc/python-license.txt
vte-0.84.0/subprojects/fmt/doc/syntax.md
vte-0.84.0/subprojects/fmt/include/
vte-0.84.0/subprojects/fmt/include/fmt/
vte-0.84.0/subprojects/fmt/include/fmt/args.h
vte-0.84.0/subprojects/fmt/include/fmt/base.h
vte-0.84.0/subprojects/fmt/include/fmt/chrono.h
vte-0.84.0/subprojects/fmt/include/fmt/color.h
vte-0.84.0/subprojects/fmt/include/fmt/compile.h
vte-0.84.0/subprojects/fmt/include/fmt/core.h
vte-0.84.0/subprojects/fmt/include/fmt/format-inl.h
vte-0.84.0/subprojects/fmt/include/fmt/format.h
vte-0.84.0/subprojects/fmt/include/fmt/os.h
vte-0.84.0/subprojects/fmt/include/fmt/ostream.h
vte-0.84.0/subprojects/fmt/include/fmt/printf.h
vte-0.84.0/subprojects/fmt/include/fmt/ranges.h
vte-0.84.0/subprojects/fmt/include/fmt/std.h
vte-0.84.0/subprojects/fmt/include/fmt/xchar.h
vte-0.84.0/subprojects/fmt/meson.build
vte-0.84.0/subprojects/fmt/src/
vte-0.84.0/subprojects/fmt/src/fmt.cc
vte-0.84.0/subprojects/fmt/src/format.cc
vte-0.84.0/subprojects/fmt/src/os.cc
vte-0.84.0/subprojects/fmt/support/
vte-0.84.0/subprojects/fmt/support/Android.mk
vte-0.84.0/subprojects/fmt/support/AndroidManifest.xml
vte-0.84.0/subprojects/fmt/support/C++.sublime-syntax
vte-0.84.0/subprojects/fmt/support/README
vte-0.84.0/subprojects/fmt/support/Vagrantfile
vte-0.84.0/subprojects/fmt/support/build.gradle
vte-0.84.0/subprojects/fmt/support/check-commits
vte-0.84.0/subprojects/fmt/support/cmake/
vte-0.84.0/subprojects/fmt/support/cmake/FindSetEnv.cmake
vte-0.84.0/subprojects/fmt/support/cmake/JoinPaths.cmake
vte-0.84.0/subprojects/fmt/support/cmake/fmt-config.cmake.in
vte-0.84.0/subprojects/fmt/support/cmake/fmt.pc.in
vte-0.84.0/subprojects/fmt/support/docopt.py
vte-0.84.0/subprojects/fmt/support/mkdocs
vte-0.84.0/subprojects/fmt/support/mkdocs.yml
vte-0.84.0/subprojects/fmt/support/printable.py
vte-0.84.0/subprojects/fmt/support/python/
vte-0.84.0/subprojects/fmt/support/python/mkdocstrings_handlers/
vte-0.84.0/subprojects/fmt/support/python/mkdocstrings_handlers/cxx/
vte-0.84.0/subprojects/fmt/support/python/mkdocstrings_handlers/cxx/__init__.py
vte-0.84.0/subprojects/fmt/support/python/mkdocstrings_handlers/cxx/templates/
vte-0.84.0/subprojects/fmt/support/python/mkdocstrings_handlers/cxx/templates/README
vte-0.84.0/subprojects/fmt/support/release.py
vte-0.84.0/subprojects/fmt/test/
vte-0.84.0/subprojects/fmt/test/CMakeLists.txt
vte-0.84.0/subprojects/fmt/test/add-subdirectory-test/
vte-0.84.0/subprojects/fmt/test/add-subdirectory-test/CMakeLists.txt
vte-0.84.0/subprojects/fmt/test/add-subdirectory-test/main.cc
vte-0.84.0/subprojects/fmt/test/args-test.cc
vte-0.84.0/subprojects/fmt/test/assert-test.cc
vte-0.84.0/subprojects/fmt/test/base-test.cc
vte-0.84.0/subprojects/fmt/test/chrono-test.cc
vte-0.84.0/subprojects/fmt/test/color-test.cc
vte-0.84.0/subprojects/fmt/test/compile-error-test/
vte-0.84.0/subprojects/fmt/test/compile-error-test/CMakeLists.txt
vte-0.84.0/subprojects/fmt/test/compile-fp-test.cc
vte-0.84.0/subprojects/fmt/test/compile-test.cc
vte-0.84.0/subprojects/fmt/test/cuda-test/
vte-0.84.0/subprojects/fmt/test/cuda-test/CMakeLists.txt
vte-0.84.0/subprojects/fmt/test/cuda-test/cpp14.cc
vte-0.84.0/subprojects/fmt/test/cuda-test/cuda-cpp14.cu
vte-0.84.0/subprojects/fmt/test/detect-stdfs.cc
vte-0.84.0/subprojects/fmt/test/enforce-checks-test.cc
vte-0.84.0/subprojects/fmt/test/find-package-test/
vte-0.84.0/subprojects/fmt/test/find-package-test/CMakeLists.txt
vte-0.84.0/subprojects/fmt/test/find-package-test/main.cc
vte-0.84.0/subprojects/fmt/test/format-impl-test.cc
vte-0.84.0/subprojects/fmt/test/format-test.cc
vte-0.84.0/subprojects/fmt/test/fuzzing/
vte-0.84.0/subprojects/fmt/test/fuzzing/.gitignore
vte-0.84.0/subprojects/fmt/test/fuzzing/CMakeLists.txt
vte-0.84.0/subprojects/fmt/test/fuzzing/README.md
vte-0.84.0/subprojects/fmt/test/fuzzing/build.sh
vte-0.84.0/subprojects/fmt/test/fuzzing/chrono-duration.cc
vte-0.84.0/subprojects/fmt/test/fuzzing/chrono-timepoint.cc
vte-0.84.0/subprojects/fmt/test/fuzzing/float.cc
vte-0.84.0/subprojects/fmt/test/fuzzing/fuzzer-common.h
vte-0.84.0/subprojects/fmt/test/fuzzing/main.cc
vte-0.84.0/subprojects/fmt/test/fuzzing/named-arg.cc
vte-0.84.0/subprojects/fmt/test/fuzzing/one-arg.cc
vte-0.84.0/subprojects/fmt/test/fuzzing/two-args.cc
vte-0.84.0/subprojects/fmt/test/gtest/
vte-0.84.0/subprojects/fmt/test/gtest/.clang-format
vte-0.84.0/subprojects/fmt/test/gtest/CMakeLists.txt
vte-0.84.0/subprojects/fmt/test/gtest/gmock/
vte-0.84.0/subprojects/fmt/test/gtest/gmock/gmock.h
vte-0.84.0/subprojects/fmt/test/gtest/gmock-gtest-all.cc
vte-0.84.0/subprojects/fmt/test/gtest/gtest/
vte-0.84.0/subprojects/fmt/test/gtest/gtest/gtest-spi.h
vte-0.84.0/subprojects/fmt/test/gtest/gtest/gtest.h
vte-0.84.0/subprojects/fmt/test/gtest-extra-test.cc
vte-0.84.0/subprojects/fmt/test/gtest-extra.cc
vte-0.84.0/subprojects/fmt/test/gtest-extra.h
vte-0.84.0/subprojects/fmt/test/header-only-test.cc
vte-0.84.0/subprojects/fmt/test/mock-allocator.h
vte-0.84.0/subprojects/fmt/test/module-test.cc
vte-0.84.0/subprojects/fmt/test/no-builtin-types-test.cc
vte-0.84.0/subprojects/fmt/test/noexception-test.cc
vte-0.84.0/subprojects/fmt/test/os-test.cc
vte-0.84.0/subprojects/fmt/test/ostream-test.cc
vte-0.84.0/subprojects/fmt/test/perf-sanity.cc
vte-0.84.0/subprojects/fmt/test/posix-mock-test.cc
vte-0.84.0/subprojects/fmt/test/posix-mock.h
vte-0.84.0/subprojects/fmt/test/printf-test.cc
vte-0.84.0/subprojects/fmt/test/ranges-odr-test.cc
vte-0.84.0/subprojects/fmt/test/ranges-test.cc
vte-0.84.0/subprojects/fmt/test/scan-test.cc
vte-0.84.0/subprojects/fmt/test/scan.h
vte-0.84.0/subprojects/fmt/test/static-export-test/
vte-0.84.0/subprojects/fmt/test/static-export-test/CMakeLists.txt
vte-0.84.0/subprojects/fmt/test/static-export-test/library.cc
vte-0.84.0/subprojects/fmt/test/static-export-test/main.cc
vte-0.84.0/subprojects/fmt/test/std-test.cc
vte-0.84.0/subprojects/fmt/test/test-assert.h
vte-0.84.0/subprojects/fmt/test/test-main.cc
vte-0.84.0/subprojects/fmt/test/unicode-test.cc
vte-0.84.0/subprojects/fmt/test/util.cc
vte-0.84.0/subprojects/fmt/test/util.h
vte-0.84.0/subprojects/fmt/test/xchar-test.cc
vte-0.84.0/subprojects/fmt.wrap
vte-0.84.0/subprojects/packagefiles/
vte-0.84.0/subprojects/packagefiles/fast_float/
vte-0.84.0/subprojects/packagefiles/fast_float/meson.build
vte-0.84.0/subprojects/packagefiles/fmt/
vte-0.84.0/subprojects/packagefiles/fmt/meson.build
vte-0.84.0/subprojects/packagefiles/simdutf/
vte-0.84.0/subprojects/packagefiles/simdutf/1.patch
vte-0.84.0/subprojects/packagefiles/simdutf/meson.build
vte-0.84.0/subprojects/packagefiles/simdutf/meson.options
vte-0.84.0/subprojects/simdutf/
vte-0.84.0/subprojects/simdutf/.clang-format
vte-0.84.0/subprojects/simdutf/.git/
vte-0.84.0/subprojects/simdutf/.git/HEAD
vte-0.84.0/subprojects/simdutf/.git/config
vte-0.84.0/subprojects/simdutf/.git/description
vte-0.84.0/subprojects/simdutf/.git/hooks/
vte-0.84.0/subprojects/simdutf/.git/hooks/applypatch-msg.sample
vte-0.84.0/subprojects/simdutf/.git/hooks/commit-msg.sample
vte-0.84.0/subprojects/simdutf/.git/hooks/fsmonitor-watchman.sample
vte-0.84.0/subprojects/simdutf/.git/hooks/post-update.sample
vte-0.84.0/subprojects/simdutf/.git/hooks/pre-applypatch.sample
vte-0.84.0/subprojects/simdutf/.git/hooks/pre-commit.sample
vte-0.84.0/subprojects/simdutf/.git/hooks/pre-merge-commit.sample
vte-0.84.0/subprojects/simdutf/.git/hooks/pre-push.sample
vte-0.84.0/subprojects/simdutf/.git/hooks/pre-rebase.sample
vte-0.84.0/subprojects/simdutf/.git/hooks/pre-receive.sample
vte-0.84.0/subprojects/simdutf/.git/hooks/prepare-commit-msg.sample
vte-0.84.0/subprojects/simdutf/.git/hooks/push-to-checkout.sample
vte-0.84.0/subprojects/simdutf/.git/hooks/sendemail-validate.sample
vte-0.84.0/subprojects/simdutf/.git/hooks/update.sample
vte-0.84.0/subprojects/simdutf/.git/index
vte-0.84.0/subprojects/simdutf/.git/info/
vte-0.84.0/subprojects/simdutf/.git/info/exclude
vte-0.84.0/subprojects/simdutf/.git/logs/
vte-0.84.0/subprojects/simdutf/.git/logs/HEAD
vte-0.84.0/subprojects/simdutf/.git/objects/
vte-0.84.0/subprojects/simdutf/.git/objects/info/
vte-0.84.0/subprojects/simdutf/.git/objects/pack/
vte-0.84.0/subprojects/simdutf/.git/objects/pack/pack-dc2b18d6622d7c6be37f795750368013112b06e1.idx
vte-0.84.0/subprojects/simdutf/.git/objects/pack/pack-dc2b18d6622d7c6be37f795750368013112b06e1.pack
vte-0.84.0/subprojects/simdutf/.git/objects/pack/pack-dc2b18d6622d7c6be37f795750368013112b06e1.rev
vte-0.84.0/subprojects/simdutf/.git/packed-refs
vte-0.84.0/subprojects/simdutf/.git/refs/
vte-0.84.0/subprojects/simdutf/.git/refs/heads/
vte-0.84.0/subprojects/simdutf/.git/refs/tags/
vte-0.84.0/subprojects/simdutf/.git/shallow
vte-0.84.0/subprojects/simdutf/.github/
vte-0.84.0/subprojects/simdutf/.github/ISSUE_TEMPLATE/
vte-0.84.0/subprojects/simdutf/.github/ISSUE_TEMPLATE/bug_report.md
vte-0.84.0/subprojects/simdutf/.github/ISSUE_TEMPLATE/config.yml
vte-0.84.0/subprojects/simdutf/.github/ISSUE_TEMPLATE/feature_request.md
vte-0.84.0/subprojects/simdutf/.github/ISSUE_TEMPLATE/standard-issue-template.md
vte-0.84.0/subprojects/simdutf/.github/pull_request_template.md
vte-0.84.0/subprojects/simdutf/.github/workflows/
vte-0.84.0/subprojects/simdutf/.github/workflows/aarch64.yml
vte-0.84.0/subprojects/simdutf/.github/workflows/alpine.yml
vte-0.84.0/subprojects/simdutf/.github/workflows/armv7.yml
vte-0.84.0/subprojects/simdutf/.github/workflows/atomic_fuzz.yml
vte-0.84.0/subprojects/simdutf/.github/workflows/cifuzz.yml
vte-0.84.0/subprojects/simdutf/.github/workflows/clangformat.yml
vte-0.84.0/subprojects/simdutf/.github/workflows/debian.yml
vte-0.84.0/subprojects/simdutf/.github/workflows/documentation.yml
vte-0.84.0/subprojects/simdutf/.github/workflows/emscripten.yml
vte-0.84.0/subprojects/simdutf/.github/workflows/loongarch64-gcc-14.2.yml
vte-0.84.0/subprojects/simdutf/.github/workflows/macos-latest.yml
vte-0.84.0/subprojects/simdutf/.github/workflows/msys2-clang.yml
vte-0.84.0/subprojects/simdutf/.github/workflows/msys2.yml
vte-0.84.0/subprojects/simdutf/.github/workflows/ppc64le.yml
vte-0.84.0/subprojects/simdutf/.github/workflows/rvv-1024-clang-18.yml
vte-0.84.0/subprojects/simdutf/.github/workflows/rvv-128-clang-17.yml
vte-0.84.0/subprojects/simdutf/.github/workflows/rvv-256-gcc-14.yml
vte-0.84.0/subprojects/simdutf/.github/workflows/s390x.yml
vte-0.84.0/subprojects/simdutf/.github/workflows/ubuntu22-cxx20.yml
vte-0.84.0/subprojects/simdutf/.github/workflows/ubuntu22.yml
vte-0.84.0/subprojects/simdutf/.github/workflows/ubuntu22_gcc12.yml
vte-0.84.0/subprojects/simdutf/.github/workflows/ubuntu22sani.yml
vte-0.84.0/subprojects/simdutf/.github/workflows/ubuntu24.yml
vte-0.84.0/subprojects/simdutf/.github/workflows/ubuntu24sani.yml
vte-0.84.0/subprojects/simdutf/.github/workflows/ubuntu24sani_clang.yml
vte-0.84.0/subprojects/simdutf/.github/workflows/vs17-arm-ci.yml
vte-0.84.0/subprojects/simdutf/.github/workflows/vs17-ci-cxx20.yml
vte-0.84.0/subprojects/simdutf/.github/workflows/vs17-ci.yml
vte-0.84.0/subprojects/simdutf/.github/workflows/vs17-clang-ci.yml
vte-0.84.0/subprojects/simdutf/.gitignore
vte-0.84.0/subprojects/simdutf/.meson-subproject-wrap-hash.txt
vte-0.84.0/subprojects/simdutf/1.patch
vte-0.84.0/subprojects/simdutf/AUTHORS
vte-0.84.0/subprojects/simdutf/CMakeLists.txt
vte-0.84.0/subprojects/simdutf/CONTRIBUTING.md
vte-0.84.0/subprojects/simdutf/CONTRIBUTORS
vte-0.84.0/subprojects/simdutf/Doxyfile
vte-0.84.0/subprojects/simdutf/LICENSE-APACHE
vte-0.84.0/subprojects/simdutf/LICENSE-MIT
vte-0.84.0/subprojects/simdutf/Makefile.crosscompile
vte-0.84.0/subprojects/simdutf/README-RVV.md
vte-0.84.0/subprojects/simdutf/README.md
vte-0.84.0/subprojects/simdutf/SECURITY.md
vte-0.84.0/subprojects/simdutf/benchmarks/
vte-0.84.0/subprojects/simdutf/benchmarks/CMakeLists.txt
vte-0.84.0/subprojects/simdutf/benchmarks/alignment.cpp
vte-0.84.0/subprojects/simdutf/benchmarks/base64/
vte-0.84.0/subprojects/simdutf/benchmarks/base64/CMakeLists.txt
vte-0.84.0/subprojects/simdutf/benchmarks/base64/benchmark_base64.cpp
vte-0.84.0/subprojects/simdutf/benchmarks/base64/libbase64_spaces.h
vte-0.84.0/subprojects/simdutf/benchmarks/base64/node_base64.h
vte-0.84.0/subprojects/simdutf/benchmarks/base64/openssl3_base64.h
vte-0.84.0/subprojects/simdutf/benchmarks/benchmark.cpp
vte-0.84.0/subprojects/simdutf/benchmarks/benchmark_to_well_formed_utf16.cpp
vte-0.84.0/subprojects/simdutf/benchmarks/competition/
vte-0.84.0/subprojects/simdutf/benchmarks/competition/.clang-format-ignore
vte-0.84.0/subprojects/simdutf/benchmarks/competition/CppCon2018/
vte-0.84.0/subprojects/simdutf/benchmarks/competition/CppCon2018/utf_utils.cpp
vte-0.84.0/subprojects/simdutf/benchmarks/competition/CppCon2018/utf_utils.h
vte-0.84.0/subprojects/simdutf/benchmarks/competition/README.md
vte-0.84.0/subprojects/simdutf/benchmarks/competition/hoehrmann/
vte-0.84.0/subprojects/simdutf/benchmarks/competition/hoehrmann/hoehrmann.h
vte-0.84.0/subprojects/simdutf/benchmarks/competition/inoue2008/
vte-0.84.0/subprojects/simdutf/benchmarks/competition/inoue2008/inoue_utf8_to_utf16.h
vte-0.84.0/subprojects/simdutf/benchmarks/competition/inoue2008/inoue_utf8_to_utf16_tables.h
vte-0.84.0/subprojects/simdutf/benchmarks/competition/inoue2008/script.py
vte-0.84.0/subprojects/simdutf/benchmarks/competition/llvm/
vte-0.84.0/subprojects/simdutf/benchmarks/competition/llvm/ConvertUTF.cpp
vte-0.84.0/subprojects/simdutf/benchmarks/competition/llvm/ConvertUTF.h
vte-0.84.0/subprojects/simdutf/benchmarks/competition/u8u16/
vte-0.84.0/subprojects/simdutf/benchmarks/competition/u8u16/COPYRIGHT
vte-0.84.0/subprojects/simdutf/benchmarks/competition/u8u16/Makefile
vte-0.84.0/subprojects/simdutf/benchmarks/competition/u8u16/OSL3.0.txt
vte-0.84.0/subprojects/simdutf/benchmarks/competition/u8u16/Profiling/
vte-0.84.0/subprojects/simdutf/benchmarks/competition/u8u16/Profiling/BOM_Profiler.h
vte-0.84.0/subprojects/simdutf/benchmarks/competition/u8u16/Profiling/i386_timer.h
vte-0.84.0/subprojects/simdutf/benchmarks/competition/u8u16/Profiling/ppc_timer.c
vte-0.84.0/subprojects/simdutf/benchmarks/competition/u8u16/README
vte-0.84.0/subprojects/simdutf/benchmarks/competition/u8u16/config/
vte-0.84.0/subprojects/simdutf/benchmarks/competition/u8u16/config/config_defs.h
vte-0.84.0/subprojects/simdutf/benchmarks/competition/u8u16/config/g4_config.h
vte-0.84.0/subprojects/simdutf/benchmarks/competition/u8u16/config/mmx_config.h
vte-0.84.0/subprojects/simdutf/benchmarks/competition/u8u16/config/p4_config.h
vte-0.84.0/subprojects/simdutf/benchmarks/competition/u8u16/config/p4_ideal_config.h
vte-0.84.0/subprojects/simdutf/benchmarks/competition/u8u16/config/spu_config.h
vte-0.84.0/subprojects/simdutf/benchmarks/competition/u8u16/config/ssse3_config.h
vte-0.84.0/subprojects/simdutf/benchmarks/competition/u8u16/iconv_u8u16.c
vte-0.84.0/subprojects/simdutf/benchmarks/competition/u8u16/lib/
vte-0.84.0/subprojects/simdutf/benchmarks/competition/u8u16/lib/altivec_simd.h
vte-0.84.0/subprojects/simdutf/benchmarks/competition/u8u16/lib/libgen/
vte-0.84.0/subprojects/simdutf/benchmarks/competition/u8u16/lib/libgen/make_basic_ops.py
vte-0.84.0/subprojects/simdutf/benchmarks/competition/u8u16/lib/libgen/make_half_operand_versions.py
vte-0.84.0/subprojects/simdutf/benchmarks/competition/u8u16/lib/libgen/make_test.py
vte-0.84.0/subprojects/simdutf/benchmarks/competition/u8u16/lib/mmx_simd.h
vte-0.84.0/subprojects/simdutf/benchmarks/competition/u8u16/lib/mmx_simd_basic.h
vte-0.84.0/subprojects/simdutf/benchmarks/competition/u8u16/lib/mmx_simd_built_in.h
vte-0.84.0/subprojects/simdutf/benchmarks/competition/u8u16/lib/mmx_simd_modified.h
vte-0.84.0/subprojects/simdutf/benchmarks/competition/u8u16/lib/outline.txt
vte-0.84.0/subprojects/simdutf/benchmarks/competition/u8u16/lib/spu_simd.h
vte-0.84.0/subprojects/simdutf/benchmarks/competition/u8u16/lib/sse_simd.h
vte-0.84.0/subprojects/simdutf/benchmarks/competition/u8u16/lib/stdint.h
vte-0.84.0/subprojects/simdutf/benchmarks/competition/u8u16/libu8u16_BE.c
vte-0.84.0/subprojects/simdutf/benchmarks/competition/u8u16/libu8u16_LE.c
vte-0.84.0/subprojects/simdutf/benchmarks/competition/u8u16/proto/
vte-0.84.0/subprojects/simdutf/benchmarks/competition/u8u16/proto/u8u16.py
vte-0.84.0/subprojects/simdutf/benchmarks/competition/u8u16/src/
vte-0.84.0/subprojects/simdutf/benchmarks/competition/u8u16/src/Makefile
vte-0.84.0/subprojects/simdutf/benchmarks/competition/u8u16/src/bytelex.h
vte-0.84.0/subprojects/simdutf/benchmarks/competition/u8u16/src/charsets/
vte-0.84.0/subprojects/simdutf/benchmarks/competition/u8u16/src/charsets/ASCII_EBCDIC.h
vte-0.84.0/subprojects/simdutf/benchmarks/competition/u8u16/src/libu8u16.c
vte-0.84.0/subprojects/simdutf/benchmarks/competition/u8u16/src/libu8u16.pdf
vte-0.84.0/subprojects/simdutf/benchmarks/competition/u8u16/src/libu8u16.w
vte-0.84.0/subprojects/simdutf/benchmarks/competition/u8u16/src/multiliteral.h
vte-0.84.0/subprojects/simdutf/benchmarks/competition/u8u16/src/u8u16.c
vte-0.84.0/subprojects/simdutf/benchmarks/competition/u8u16/src/x8x16.c
vte-0.84.0/subprojects/simdutf/benchmarks/competition/u8u16/src/xml_error.c
vte-0.84.0/subprojects/simdutf/benchmarks/competition/u8u16/src/xml_error.h
vte-0.84.0/subprojects/simdutf/benchmarks/competition/u8u16/src/xmldecl.c
vte-0.84.0/subprojects/simdutf/benchmarks/competition/u8u16/src/xmldecl.h
vte-0.84.0/subprojects/simdutf/benchmarks/competition/u8u16/u8u16_g4.c
vte-0.84.0/subprojects/simdutf/benchmarks/competition/u8u16/u8u16_mmx.c
vte-0.84.0/subprojects/simdutf/benchmarks/competition/u8u16/u8u16_p4.c
vte-0.84.0/subprojects/simdutf/benchmarks/competition/u8u16/u8u16_p4_ideal.c
vte-0.84.0/subprojects/simdutf/benchmarks/competition/u8u16/u8u16_spu.c
vte-0.84.0/subprojects/simdutf/benchmarks/competition/u8u16/u8u16_ssse3.c
vte-0.84.0/subprojects/simdutf/benchmarks/competition/u8u16/x8x16_p4.c
vte-0.84.0/subprojects/simdutf/benchmarks/competition/utf8lut/
vte-0.84.0/subprojects/simdutf/benchmarks/competition/utf8lut/LICENSE
vte-0.84.0/subprojects/simdutf/benchmarks/competition/utf8lut/data/
vte-0.84.0/subprojects/simdutf/benchmarks/competition/utf8lut/data/test_minimal.txt
vte-0.84.0/subprojects/simdutf/benchmarks/competition/utf8lut/readme.md
vte-0.84.0/subprojects/simdutf/benchmarks/competition/utf8lut/scripts/
vte-0.84.0/subprojects/simdutf/benchmarks/competition/utf8lut/scripts/build_clang_corr_tests.cmd
vte-0.84.0/subprojects/simdutf/benchmarks/competition/utf8lut/scripts/build_clang_corr_tests.sh
vte-0.84.0/subprojects/simdutf/benchmarks/competition/utf8lut/scripts/build_gcc_corr_tests.sh
vte-0.84.0/subprojects/simdutf/benchmarks/competition/utf8lut/scripts/build_gcc_example.sh
vte-0.84.0/subprojects/simdutf/benchmarks/competition/utf8lut/scripts/build_gcc_file_conv.sh
vte-0.84.0/subprojects/simdutf/benchmarks/competition/utf8lut/scripts/build_gcc_iconv_lib.sh
vte-0.84.0/subprojects/simdutf/benchmarks/competition/utf8lut/scripts/build_gcc_iconv_sample.sh
vte-0.84.0/subprojects/simdutf/benchmarks/competition/utf8lut/scripts/build_mingw_corr_tests.cmd
vte-0.84.0/subprojects/simdutf/benchmarks/competition/utf8lut/scripts/build_mingw_example.cmd
vte-0.84.0/subprojects/simdutf/benchmarks/competition/utf8lut/scripts/build_mingw_file_conv.cmd
vte-0.84.0/subprojects/simdutf/benchmarks/competition/utf8lut/scripts/build_mingw_iconv_lib.cmd
vte-0.84.0/subprojects/simdutf/benchmarks/competition/utf8lut/scripts/build_mingw_iconv_sample.cmd
vte-0.84.0/subprojects/simdutf/benchmarks/competition/utf8lut/scripts/build_msvc_corr_tests.cmd
vte-0.84.0/subprojects/simdutf/benchmarks/competition/utf8lut/scripts/build_msvc_example.cmd
vte-0.84.0/subprojects/simdutf/benchmarks/competition/utf8lut/scripts/build_msvc_file_conv.cmd
vte-0.84.0/subprojects/simdutf/benchmarks/competition/utf8lut/scripts/build_msvc_iconv_lib.cmd
vte-0.84.0/subprojects/simdutf/benchmarks/competition/utf8lut/scripts/build_msvc_iconv_sample.cmd
vte-0.84.0/subprojects/simdutf/benchmarks/competition/utf8lut/scripts/html_table.py
vte-0.84.0/subprojects/simdutf/benchmarks/competition/utf8lut/scripts/measure.py
vte-0.84.0/subprojects/simdutf/benchmarks/competition/utf8lut/scripts/resize.py
vte-0.84.0/subprojects/simdutf/benchmarks/competition/utf8lut/scripts/wipe_all.cmd
vte-0.84.0/subprojects/simdutf/benchmarks/competition/utf8lut/scripts/wipe_interm.cmd
vte-0.84.0/subprojects/simdutf/benchmarks/competition/utf8lut/src/
vte-0.84.0/subprojects/simdutf/benchmarks/competition/utf8lut/src/base/
vte-0.84.0/subprojects/simdutf/benchmarks/competition/utf8lut/src/base/CustomMemcpy.h
vte-0.84.0/subprojects/simdutf/benchmarks/competition/utf8lut/src/base/PerfDefs.h
vte-0.84.0/subprojects/simdutf/benchmarks/competition/utf8lut/src/base/Timing.cpp
vte-0.84.0/subprojects/simdutf/benchmarks/competition/utf8lut/src/base/Timing.h
vte-0.84.0/subprojects/simdutf/benchmarks/competition/utf8lut/src/buffer/
vte-0.84.0/subprojects/simdutf/benchmarks/competition/utf8lut/src/buffer/AllProcessors.cpp
vte-0.84.0/subprojects/simdutf/benchmarks/competition/utf8lut/src/buffer/BaseBufferProcessor.cpp
vte-0.84.0/subprojects/simdutf/benchmarks/competition/utf8lut/src/buffer/BaseBufferProcessor.h
vte-0.84.0/subprojects/simdutf/benchmarks/competition/utf8lut/src/buffer/BufferDecoder.h
vte-0.84.0/subprojects/simdutf/benchmarks/competition/utf8lut/src/buffer/BufferEncoder.h
vte-0.84.0/subprojects/simdutf/benchmarks/competition/utf8lut/src/buffer/ProcessorPlugins.h
vte-0.84.0/subprojects/simdutf/benchmarks/competition/utf8lut/src/buffer/ProcessorSelector.h
vte-0.84.0/subprojects/simdutf/benchmarks/competition/utf8lut/src/core/
vte-0.84.0/subprojects/simdutf/benchmarks/competition/utf8lut/src/core/DecoderLut.cpp
vte-0.84.0/subprojects/simdutf/benchmarks/competition/utf8lut/src/core/DecoderLut.h
vte-0.84.0/subprojects/simdutf/benchmarks/competition/utf8lut/src/core/DecoderProcess.h
vte-0.84.0/subprojects/simdutf/benchmarks/competition/utf8lut/src/core/Dfa.h
vte-0.84.0/subprojects/simdutf/benchmarks/competition/utf8lut/src/core/EncoderLut.cpp
vte-0.84.0/subprojects/simdutf/benchmarks/competition/utf8lut/src/core/EncoderLut.h
vte-0.84.0/subprojects/simdutf/benchmarks/competition/utf8lut/src/core/EncoderProcess.h
vte-0.84.0/subprojects/simdutf/benchmarks/competition/utf8lut/src/core/ProcessTrivial.h
vte-0.84.0/subprojects/simdutf/benchmarks/competition/utf8lut/src/iconv/
vte-0.84.0/subprojects/simdutf/benchmarks/competition/utf8lut/src/iconv/iconv.cpp
vte-0.84.0/subprojects/simdutf/benchmarks/competition/utf8lut/src/iconv/iconv.h
vte-0.84.0/subprojects/simdutf/benchmarks/competition/utf8lut/src/message/
vte-0.84.0/subprojects/simdutf/benchmarks/competition/utf8lut/src/message/MessageConverter.cpp
vte-0.84.0/subprojects/simdutf/benchmarks/competition/utf8lut/src/message/MessageConverter.h
vte-0.84.0/subprojects/simdutf/benchmarks/competition/utf8lut/src/tests/
vte-0.84.0/subprojects/simdutf/benchmarks/competition/utf8lut/src/tests/CorrectnessTests.cpp
vte-0.84.0/subprojects/simdutf/benchmarks/competition/utf8lut/src/tests/Example.cpp
vte-0.84.0/subprojects/simdutf/benchmarks/competition/utf8lut/src/tests/FileConverter.cpp
vte-0.84.0/subprojects/simdutf/benchmarks/competition/utf8lut/src/tests/iconv_sample.c
vte-0.84.0/subprojects/simdutf/benchmarks/competition/utf8lut/src/utf8lut.h
vte-0.84.0/subprojects/simdutf/benchmarks/competition/utf8sse4/
vte-0.84.0/subprojects/simdutf/benchmarks/competition/utf8sse4/fromutf8-sse.cpp
vte-0.84.0/subprojects/simdutf/benchmarks/competition/utfcpp/
vte-0.84.0/subprojects/simdutf/benchmarks/competition/utfcpp/LICENSE
vte-0.84.0/subprojects/simdutf/benchmarks/competition/utfcpp/README.md
vte-0.84.0/subprojects/simdutf/benchmarks/competition/utfcpp/source/
vte-0.84.0/subprojects/simdutf/benchmarks/competition/utfcpp/source/utf8/
vte-0.84.0/subprojects/simdutf/benchmarks/competition/utfcpp/source/utf8/checked.h
vte-0.84.0/subprojects/simdutf/benchmarks/competition/utfcpp/source/utf8/core.h
vte-0.84.0/subprojects/simdutf/benchmarks/competition/utfcpp/source/utf8/cpp11.h
vte-0.84.0/subprojects/simdutf/benchmarks/competition/utfcpp/source/utf8/cpp17.h
vte-0.84.0/subprojects/simdutf/benchmarks/competition/utfcpp/source/utf8/unchecked.h
vte-0.84.0/subprojects/simdutf/benchmarks/competition/utfcpp/source/utf8.h
vte-0.84.0/subprojects/simdutf/benchmarks/dataset/
vte-0.84.0/subprojects/simdutf/benchmarks/dataset/README.md
vte-0.84.0/subprojects/simdutf/benchmarks/dataset/emoji.txt
vte-0.84.0/subprojects/simdutf/benchmarks/dataset/scripts/
vte-0.84.0/subprojects/simdutf/benchmarks/dataset/scripts/utf8type.py
vte-0.84.0/subprojects/simdutf/benchmarks/dataset/wikipedia_mars/
vte-0.84.0/subprojects/simdutf/benchmarks/dataset/wikipedia_mars/.gitignore
vte-0.84.0/subprojects/simdutf/benchmarks/dataset/wikipedia_mars/Makefile
vte-0.84.0/subprojects/simdutf/benchmarks/dataset/wikipedia_mars/convert_to_utf6.py
vte-0.84.0/subprojects/simdutf/benchmarks/find/
vte-0.84.0/subprojects/simdutf/benchmarks/find/CMakeLists.txt
vte-0.84.0/subprojects/simdutf/benchmarks/find/findbenchmark.cpp
vte-0.84.0/subprojects/simdutf/benchmarks/find/findbenchmarker.h
vte-0.84.0/subprojects/simdutf/benchmarks/src/
vte-0.84.0/subprojects/simdutf/benchmarks/src/CMakeLists.txt
vte-0.84.0/subprojects/simdutf/benchmarks/src/apple_arm_events.h
vte-0.84.0/subprojects/simdutf/benchmarks/src/benchmark.cpp
vte-0.84.0/subprojects/simdutf/benchmarks/src/benchmark.h
vte-0.84.0/subprojects/simdutf/benchmarks/src/benchmark_base.cpp
vte-0.84.0/subprojects/simdutf/benchmarks/src/benchmark_base.h
vte-0.84.0/subprojects/simdutf/benchmarks/src/cmdline.cpp
vte-0.84.0/subprojects/simdutf/benchmarks/src/cmdline.h
vte-0.84.0/subprojects/simdutf/benchmarks/src/event_counter.h
vte-0.84.0/subprojects/simdutf/benchmarks/src/linux-perf-events.h
vte-0.84.0/subprojects/simdutf/benchmarks/stream.cpp
vte-0.84.0/subprojects/simdutf/benchmarks/threaded.cpp
vte-0.84.0/subprojects/simdutf/cmake/
vte-0.84.0/subprojects/simdutf/cmake/CPM.cmake
vte-0.84.0/subprojects/simdutf/cmake/JoinPaths.cmake
vte-0.84.0/subprojects/simdutf/cmake/add_cpp_test.cmake
vte-0.84.0/subprojects/simdutf/cmake/simdutf-config.cmake.in
vte-0.84.0/subprojects/simdutf/cmake/simdutf-flags.cmake
vte-0.84.0/subprojects/simdutf/cmake/toolchains-ci/
vte-0.84.0/subprojects/simdutf/cmake/toolchains-ci/riscv64-linux-gnu.cmake
vte-0.84.0/subprojects/simdutf/cmake/toolchains-dev/
vte-0.84.0/subprojects/simdutf/cmake/toolchains-dev/README.md
vte-0.84.0/subprojects/simdutf/cmake/toolchains-dev/aarch64.cmake
vte-0.84.0/subprojects/simdutf/cmake/toolchains-dev/loongarch64.cmake
vte-0.84.0/subprojects/simdutf/cmake/toolchains-dev/powerpc64.cmake
vte-0.84.0/subprojects/simdutf/cmake/toolchains-dev/powerpc64le.cmake
vte-0.84.0/subprojects/simdutf/cmake/toolchains-dev/riscv64.cmake
vte-0.84.0/subprojects/simdutf/cmake/toolchains-dev/rvv-spike.cmake
vte-0.84.0/subprojects/simdutf/doc/
vte-0.84.0/subprojects/simdutf/doc/avx512.png
vte-0.84.0/subprojects/simdutf/doc/logo.png
vte-0.84.0/subprojects/simdutf/doc/logo.svg
vte-0.84.0/subprojects/simdutf/doc/node2023.png
vte-0.84.0/subprojects/simdutf/doc/utf16utf8.png
vte-0.84.0/subprojects/simdutf/doc/utf8utf16.png
vte-0.84.0/subprojects/simdutf/doc/widelogo.png
vte-0.84.0/subprojects/simdutf/doxygen.sh
vte-0.84.0/subprojects/simdutf/fuzz/
vte-0.84.0/subprojects/simdutf/fuzz/.clang-format
vte-0.84.0/subprojects/simdutf/fuzz/.gitignore
vte-0.84.0/subprojects/simdutf/fuzz/CMakeLists.txt
vte-0.84.0/subprojects/simdutf/fuzz/README.md
vte-0.84.0/subprojects/simdutf/fuzz/atomic_base64.cpp
vte-0.84.0/subprojects/simdutf/fuzz/base64.cpp
vte-0.84.0/subprojects/simdutf/fuzz/build.sh
vte-0.84.0/subprojects/simdutf/fuzz/conversion.cpp
vte-0.84.0/subprojects/simdutf/fuzz/helpers/
vte-0.84.0/subprojects/simdutf/fuzz/helpers/.clang-format-ignore
vte-0.84.0/subprojects/simdutf/fuzz/helpers/common.h
vte-0.84.0/subprojects/simdutf/fuzz/helpers/nameof.hpp
vte-0.84.0/subprojects/simdutf/fuzz/main.cpp
vte-0.84.0/subprojects/simdutf/fuzz/minimize_and_cleanse.sh
vte-0.84.0/subprojects/simdutf/fuzz/misc.cpp
vte-0.84.0/subprojects/simdutf/fuzz/random_fuzz.sh
vte-0.84.0/subprojects/simdutf/fuzz/roundtrip.cpp
vte-0.84.0/subprojects/simdutf/include/
vte-0.84.0/subprojects/simdutf/include/simdutf/
vte-0.84.0/subprojects/simdutf/include/simdutf/avx512.h
vte-0.84.0/subprojects/simdutf/include/simdutf/common_defs.h
vte-0.84.0/subprojects/simdutf/include/simdutf/compiler_check.h
vte-0.84.0/subprojects/simdutf/include/simdutf/encoding_types.h
vte-0.84.0/subprojects/simdutf/include/simdutf/error.h
vte-0.84.0/subprojects/simdutf/include/simdutf/implementation.h
vte-0.84.0/subprojects/simdutf/include/simdutf/internal/
vte-0.84.0/subprojects/simdutf/include/simdutf/internal/isadetection.h
vte-0.84.0/subprojects/simdutf/include/simdutf/portability.h
vte-0.84.0/subprojects/simdutf/include/simdutf/simdutf_version.h
vte-0.84.0/subprojects/simdutf/include/simdutf.h
vte-0.84.0/subprojects/simdutf/meson.build
vte-0.84.0/subprojects/simdutf/meson.options
vte-0.84.0/subprojects/simdutf/riscv/
vte-0.84.0/subprojects/simdutf/riscv/Dockerfile
vte-0.84.0/subprojects/simdutf/riscv/README.md
vte-0.84.0/subprojects/simdutf/riscv/remove-docker-station
vte-0.84.0/subprojects/simdutf/riscv/run-docker-station
vte-0.84.0/subprojects/simdutf/scripts/
vte-0.84.0/subprojects/simdutf/scripts/.flake8
vte-0.84.0/subprojects/simdutf/scripts/Makefile
vte-0.84.0/subprojects/simdutf/scripts/README_ADD_FUNCTION.md
vte-0.84.0/subprojects/simdutf/scripts/add_function.py
vte-0.84.0/subprojects/simdutf/scripts/base64/
vte-0.84.0/subprojects/simdutf/scripts/base64/Makefile
vte-0.84.0/subprojects/simdutf/scripts/base64/README.md
vte-0.84.0/subprojects/simdutf/scripts/base64/avx512.py
vte-0.84.0/subprojects/simdutf/scripts/base64/neon_decode.py
vte-0.84.0/subprojects/simdutf/scripts/base64/neon_generate_lut.py
vte-0.84.0/subprojects/simdutf/scripts/base64/sse.py
vte-0.84.0/subprojects/simdutf/scripts/base64/sseregular.py
vte-0.84.0/subprojects/simdutf/scripts/base64/sseurl.py
vte-0.84.0/subprojects/simdutf/scripts/base64/table.py
vte-0.84.0/subprojects/simdutf/scripts/base64bench_print.py
vte-0.84.0/subprojects/simdutf/scripts/benchmark-all.py
vte-0.84.0/subprojects/simdutf/scripts/benchmark_print.py
vte-0.84.0/subprojects/simdutf/scripts/check_feature_macros.py
vte-0.84.0/subprojects/simdutf/scripts/clang_format.sh
vte-0.84.0/subprojects/simdutf/scripts/clang_format_docker.sh
vte-0.84.0/subprojects/simdutf/scripts/common.py
vte-0.84.0/subprojects/simdutf/scripts/create_latex_table.py
vte-0.84.0/subprojects/simdutf/scripts/docker/
vte-0.84.0/subprojects/simdutf/scripts/docker/Dockerfile
vte-0.84.0/subprojects/simdutf/scripts/docker/Makefile
vte-0.84.0/subprojects/simdutf/scripts/docker/README.md
vte-0.84.0/subprojects/simdutf/scripts/docker/llvm.gpg
vte-0.84.0/subprojects/simdutf/scripts/ppc64_convert_utf16_to_utf8.py
vte-0.84.0/subprojects/simdutf/scripts/prepare_doxygen.sh
vte-0.84.0/subprojects/simdutf/scripts/release.py
vte-0.84.0/subprojects/simdutf/scripts/sse_convert_utf16_to_utf8.py
vte-0.84.0/subprojects/simdutf/scripts/sse_convert_utf32_to_utf16.py
vte-0.84.0/subprojects/simdutf/scripts/sse_utf8_utf16_decode.py
vte-0.84.0/subprojects/simdutf/scripts/sse_validate_utf16le_proof.py
vte-0.84.0/subprojects/simdutf/scripts/sse_validate_utf16le_testcases.py
vte-0.84.0/subprojects/simdutf/scripts/table.py
vte-0.84.0/subprojects/simdutf/scripts/tests/
vte-0.84.0/subprojects/simdutf/scripts/tests/new.txt
vte-0.84.0/subprojects/simdutf/scripts/tests/old.txt
vte-0.84.0/subprojects/simdutf/scripts/tests/results.txt
vte-0.84.0/subprojects/simdutf/simdutf.pc.in
vte-0.84.0/subprojects/simdutf/singleheader/
vte-0.84.0/subprojects/simdutf/singleheader/.flake8
vte-0.84.0/subprojects/simdutf/singleheader/.gitignore
vte-0.84.0/subprojects/simdutf/singleheader/CMakeLists.txt
vte-0.84.0/subprojects/simdutf/singleheader/README-dev.md
vte-0.84.0/subprojects/simdutf/singleheader/README.md
vte-0.84.0/subprojects/simdutf/singleheader/amalgamate.py
vte-0.84.0/subprojects/simdutf/singleheader/amalgamation_demo.cpp
vte-0.84.0/subprojects/simdutf/singleheader/test-features.py
vte-0.84.0/subprojects/simdutf/src/
vte-0.84.0/subprojects/simdutf/src/CMakeLists.txt
vte-0.84.0/subprojects/simdutf/src/arm64/
vte-0.84.0/subprojects/simdutf/src/arm64/arm_base64.cpp
vte-0.84.0/subprojects/simdutf/src/arm64/arm_convert_latin1_to_utf16.cpp
vte-0.84.0/subprojects/simdutf/src/arm64/arm_convert_latin1_to_utf32.cpp
vte-0.84.0/subprojects/simdutf/src/arm64/arm_convert_latin1_to_utf8.cpp
vte-0.84.0/subprojects/simdutf/src/arm64/arm_convert_utf16_to_latin1.cpp
vte-0.84.0/subprojects/simdutf/src/arm64/arm_convert_utf16_to_utf32.cpp
vte-0.84.0/subprojects/simdutf/src/arm64/arm_convert_utf16_to_utf8.cpp
vte-0.84.0/subprojects/simdutf/src/arm64/arm_convert_utf32_to_latin1.cpp
vte-0.84.0/subprojects/simdutf/src/arm64/arm_convert_utf32_to_utf16.cpp
vte-0.84.0/subprojects/simdutf/src/arm64/arm_convert_utf32_to_utf8.cpp
vte-0.84.0/subprojects/simdutf/src/arm64/arm_convert_utf8_to_latin1.cpp
vte-0.84.0/subprojects/simdutf/src/arm64/arm_convert_utf8_to_utf16.cpp
vte-0.84.0/subprojects/simdutf/src/arm64/arm_convert_utf8_to_utf32.cpp
vte-0.84.0/subprojects/simdutf/src/arm64/arm_find.cpp
vte-0.84.0/subprojects/simdutf/src/arm64/arm_utf16fix.cpp
vte-0.84.0/subprojects/simdutf/src/arm64/arm_validate_utf16.cpp
vte-0.84.0/subprojects/simdutf/src/arm64/arm_validate_utf32le.cpp
vte-0.84.0/subprojects/simdutf/src/arm64/implementation.cpp
vte-0.84.0/subprojects/simdutf/src/encoding_types.cpp
vte-0.84.0/subprojects/simdutf/src/error.cpp
vte-0.84.0/subprojects/simdutf/src/fallback/
vte-0.84.0/subprojects/simdutf/src/fallback/implementation.cpp
vte-0.84.0/subprojects/simdutf/src/generic/
vte-0.84.0/subprojects/simdutf/src/generic/ascii_validation.h
vte-0.84.0/subprojects/simdutf/src/generic/base64.h
vte-0.84.0/subprojects/simdutf/src/generic/buf_block_reader.h
vte-0.84.0/subprojects/simdutf/src/generic/find.h
vte-0.84.0/subprojects/simdutf/src/generic/utf16/
vte-0.84.0/subprojects/simdutf/src/generic/utf16/change_endianness.h
vte-0.84.0/subprojects/simdutf/src/generic/utf16/count_code_points_bytemask.h
vte-0.84.0/subprojects/simdutf/src/generic/utf16/to_well_formed.h
vte-0.84.0/subprojects/simdutf/src/generic/utf16/utf32_length_from_utf16.h
vte-0.84.0/subprojects/simdutf/src/generic/utf16/utf8_length_from_utf16.h
vte-0.84.0/subprojects/simdutf/src/generic/utf16/utf8_length_from_utf16_bytemask.h
vte-0.84.0/subprojects/simdutf/src/generic/utf16.h
vte-0.84.0/subprojects/simdutf/src/generic/utf32.h
vte-0.84.0/subprojects/simdutf/src/generic/utf8/
vte-0.84.0/subprojects/simdutf/src/generic/utf8/utf16_length_from_utf8_bytemask.h
vte-0.84.0/subprojects/simdutf/src/generic/utf8.h
vte-0.84.0/subprojects/simdutf/src/generic/utf8_to_latin1/
vte-0.84.0/subprojects/simdutf/src/generic/utf8_to_latin1/utf8_to_latin1.h
vte-0.84.0/subprojects/simdutf/src/generic/utf8_to_latin1/valid_utf8_to_latin1.h
vte-0.84.0/subprojects/simdutf/src/generic/utf8_to_utf16/
vte-0.84.0/subprojects/simdutf/src/generic/utf8_to_utf16/utf8_to_utf16.h
vte-0.84.0/subprojects/simdutf/src/generic/utf8_to_utf16/valid_utf8_to_utf16.h
vte-0.84.0/subprojects/simdutf/src/generic/utf8_to_utf32/
vte-0.84.0/subprojects/simdutf/src/generic/utf8_to_utf32/utf8_to_utf32.h
vte-0.84.0/subprojects/simdutf/src/generic/utf8_to_utf32/valid_utf8_to_utf32.h
vte-0.84.0/subprojects/simdutf/src/generic/utf8_validation/
vte-0.84.0/subprojects/simdutf/src/generic/utf8_validation/utf8_lookup4_algorithm.h
vte-0.84.0/subprojects/simdutf/src/generic/utf8_validation/utf8_validator.h
vte-0.84.0/subprojects/simdutf/src/generic/validate_utf16.h
vte-0.84.0/subprojects/simdutf/src/generic/validate_utf32.h
vte-0.84.0/subprojects/simdutf/src/haswell/
vte-0.84.0/subprojects/simdutf/src/haswell/avx2_base64.cpp
vte-0.84.0/subprojects/simdutf/src/haswell/avx2_convert_latin1_to_utf16.cpp
vte-0.84.0/subprojects/simdutf/src/haswell/avx2_convert_latin1_to_utf32.cpp
vte-0.84.0/subprojects/simdutf/src/haswell/avx2_convert_latin1_to_utf8.cpp
vte-0.84.0/subprojects/simdutf/src/haswell/avx2_convert_utf16_to_latin1.cpp
vte-0.84.0/subprojects/simdutf/src/haswell/avx2_convert_utf16_to_utf32.cpp
vte-0.84.0/subprojects/simdutf/src/haswell/avx2_convert_utf16_to_utf8.cpp
vte-0.84.0/subprojects/simdutf/src/haswell/avx2_convert_utf32_to_latin1.cpp
vte-0.84.0/subprojects/simdutf/src/haswell/avx2_convert_utf32_to_utf16.cpp
vte-0.84.0/subprojects/simdutf/src/haswell/avx2_convert_utf32_to_utf8.cpp
vte-0.84.0/subprojects/simdutf/src/haswell/avx2_convert_utf8_to_latin1.cpp
vte-0.84.0/subprojects/simdutf/src/haswell/avx2_convert_utf8_to_utf16.cpp
vte-0.84.0/subprojects/simdutf/src/haswell/avx2_convert_utf8_to_utf32.cpp
vte-0.84.0/subprojects/simdutf/src/haswell/avx2_utf16fix.cpp
vte-0.84.0/subprojects/simdutf/src/haswell/avx2_validate_utf16.cpp
vte-0.84.0/subprojects/simdutf/src/haswell/implementation.cpp
vte-0.84.0/subprojects/simdutf/src/icelake/
vte-0.84.0/subprojects/simdutf/src/icelake/icelake_ascii_validation.inl.cpp
vte-0.84.0/subprojects/simdutf/src/icelake/icelake_base64.inl.cpp
vte-0.84.0/subprojects/simdutf/src/icelake/icelake_common.inl.cpp
vte-0.84.0/subprojects/simdutf/src/icelake/icelake_convert_latin1_to_utf16.inl.cpp
vte-0.84.0/subprojects/simdutf/src/icelake/icelake_convert_latin1_to_utf32.inl.cpp
vte-0.84.0/subprojects/simdutf/src/icelake/icelake_convert_latin1_to_utf8.inl.cpp
vte-0.84.0/subprojects/simdutf/src/icelake/icelake_convert_utf16_to_latin1.inl.cpp
vte-0.84.0/subprojects/simdutf/src/icelake/icelake_convert_utf16_to_utf32.inl.cpp
vte-0.84.0/subprojects/simdutf/src/icelake/icelake_convert_utf16_to_utf8.inl.cpp
vte-0.84.0/subprojects/simdutf/src/icelake/icelake_convert_utf32_to_latin1.inl.cpp
vte-0.84.0/subprojects/simdutf/src/icelake/icelake_convert_utf32_to_utf16.inl.cpp
vte-0.84.0/subprojects/simdutf/src/icelake/icelake_convert_utf32_to_utf8.inl.cpp
vte-0.84.0/subprojects/simdutf/src/icelake/icelake_convert_utf8_to_latin1.inl.cpp
vte-0.84.0/subprojects/simdutf/src/icelake/icelake_convert_utf8_to_utf16.inl.cpp
vte-0.84.0/subprojects/simdutf/src/icelake/icelake_convert_valid_utf8_to_latin1.inl.cpp
vte-0.84.0/subprojects/simdutf/src/icelake/icelake_find.inl.cpp
vte-0.84.0/subprojects/simdutf/src/icelake/icelake_from_utf8.inl.cpp
vte-0.84.0/subprojects/simdutf/src/icelake/icelake_from_valid_utf8.inl.cpp
vte-0.84.0/subprojects/simdutf/src/icelake/icelake_macros.inl.cpp
vte-0.84.0/subprojects/simdutf/src/icelake/icelake_utf16fix.cpp
vte-0.84.0/subprojects/simdutf/src/icelake/icelake_utf32_validation.inl.cpp
vte-0.84.0/subprojects/simdutf/src/icelake/icelake_utf8_common.inl.cpp
vte-0.84.0/subprojects/simdutf/src/icelake/icelake_utf8_length_from_utf16.inl.cpp
vte-0.84.0/subprojects/simdutf/src/icelake/icelake_utf8_validation.inl.cpp
vte-0.84.0/subprojects/simdutf/src/icelake/implementation.cpp
vte-0.84.0/subprojects/simdutf/src/implementation.cpp
vte-0.84.0/subprojects/simdutf/src/lasx/
vte-0.84.0/subprojects/simdutf/src/lasx/implementation.cpp
vte-0.84.0/subprojects/simdutf/src/lasx/lasx_base64.cpp
vte-0.84.0/subprojects/simdutf/src/lasx/lasx_convert_latin1_to_utf16.cpp
vte-0.84.0/subprojects/simdutf/src/lasx/lasx_convert_latin1_to_utf32.cpp
vte-0.84.0/subprojects/simdutf/src/lasx/lasx_convert_latin1_to_utf8.cpp
vte-0.84.0/subprojects/simdutf/src/lasx/lasx_convert_utf16_to_latin1.cpp
vte-0.84.0/subprojects/simdutf/src/lasx/lasx_convert_utf16_to_utf32.cpp
vte-0.84.0/subprojects/simdutf/src/lasx/lasx_convert_utf16_to_utf8.cpp
vte-0.84.0/subprojects/simdutf/src/lasx/lasx_convert_utf32_to_latin1.cpp
vte-0.84.0/subprojects/simdutf/src/lasx/lasx_convert_utf32_to_utf16.cpp
vte-0.84.0/subprojects/simdutf/src/lasx/lasx_convert_utf32_to_utf8.cpp
vte-0.84.0/subprojects/simdutf/src/lasx/lasx_convert_utf8_to_latin1.cpp
vte-0.84.0/subprojects/simdutf/src/lasx/lasx_convert_utf8_to_utf16.cpp
vte-0.84.0/subprojects/simdutf/src/lasx/lasx_convert_utf8_to_utf32.cpp
vte-0.84.0/subprojects/simdutf/src/lasx/lasx_find.cpp
vte-0.84.0/subprojects/simdutf/src/lasx/lasx_validate_utf16.cpp
vte-0.84.0/subprojects/simdutf/src/lasx/lasx_validate_utf32le.cpp
vte-0.84.0/subprojects/simdutf/src/lsx/
vte-0.84.0/subprojects/simdutf/src/lsx/implementation.cpp
vte-0.84.0/subprojects/simdutf/src/lsx/lsx_base64.cpp
vte-0.84.0/subprojects/simdutf/src/lsx/lsx_convert_latin1_to_utf16.cpp
vte-0.84.0/subprojects/simdutf/src/lsx/lsx_convert_latin1_to_utf32.cpp
vte-0.84.0/subprojects/simdutf/src/lsx/lsx_convert_latin1_to_utf8.cpp
vte-0.84.0/subprojects/simdutf/src/lsx/lsx_convert_utf16_to_latin1.cpp
vte-0.84.0/subprojects/simdutf/src/lsx/lsx_convert_utf16_to_utf32.cpp
vte-0.84.0/subprojects/simdutf/src/lsx/lsx_convert_utf16_to_utf8.cpp
vte-0.84.0/subprojects/simdutf/src/lsx/lsx_convert_utf32_to_latin1.cpp
vte-0.84.0/subprojects/simdutf/src/lsx/lsx_convert_utf32_to_utf16.cpp
vte-0.84.0/subprojects/simdutf/src/lsx/lsx_convert_utf32_to_utf8.cpp
vte-0.84.0/subprojects/simdutf/src/lsx/lsx_convert_utf8_to_latin1.cpp
vte-0.84.0/subprojects/simdutf/src/lsx/lsx_convert_utf8_to_utf16.cpp
vte-0.84.0/subprojects/simdutf/src/lsx/lsx_convert_utf8_to_utf32.cpp
vte-0.84.0/subprojects/simdutf/src/lsx/lsx_find.cpp
vte-0.84.0/subprojects/simdutf/src/lsx/lsx_validate_utf16.cpp
vte-0.84.0/subprojects/simdutf/src/lsx/lsx_validate_utf32le.cpp
vte-0.84.0/subprojects/simdutf/src/ppc64/
vte-0.84.0/subprojects/simdutf/src/ppc64/implementation.cpp
vte-0.84.0/subprojects/simdutf/src/ppc64/ppc64_base64.cpp
vte-0.84.0/subprojects/simdutf/src/ppc64/ppc64_base64_internal_tests.cpp
vte-0.84.0/subprojects/simdutf/src/ppc64/ppc64_convert_latin1_to_utf16.cpp
vte-0.84.0/subprojects/simdutf/src/ppc64/ppc64_convert_latin1_to_utf32.cpp
vte-0.84.0/subprojects/simdutf/src/ppc64/ppc64_convert_latin1_to_utf8.cpp
vte-0.84.0/subprojects/simdutf/src/ppc64/ppc64_convert_utf16_to_latin1.cpp
vte-0.84.0/subprojects/simdutf/src/ppc64/ppc64_convert_utf16_to_utf32.cpp
vte-0.84.0/subprojects/simdutf/src/ppc64/ppc64_convert_utf16_to_utf8.cpp
vte-0.84.0/subprojects/simdutf/src/ppc64/ppc64_convert_utf32_to_latin1.cpp
vte-0.84.0/subprojects/simdutf/src/ppc64/ppc64_convert_utf32_to_utf16.cpp
vte-0.84.0/subprojects/simdutf/src/ppc64/ppc64_convert_utf32_to_utf8.cpp
vte-0.84.0/subprojects/simdutf/src/ppc64/ppc64_convert_utf8_to_latin1.cpp
vte-0.84.0/subprojects/simdutf/src/ppc64/ppc64_convert_utf8_to_utf16.cpp
vte-0.84.0/subprojects/simdutf/src/ppc64/ppc64_convert_utf8_to_utf32.cpp
vte-0.84.0/subprojects/simdutf/src/ppc64/ppc64_utf16_to_utf8_tables.h
vte-0.84.0/subprojects/simdutf/src/ppc64/ppc64_utf8_length_from_latin1.cpp
vte-0.84.0/subprojects/simdutf/src/ppc64/ppc64_validate_utf16.cpp
vte-0.84.0/subprojects/simdutf/src/ppc64/templates.cpp
vte-0.84.0/subprojects/simdutf/src/rvv/
vte-0.84.0/subprojects/simdutf/src/rvv/implementation.cpp
vte-0.84.0/subprojects/simdutf/src/rvv/rvv_find.cpp
vte-0.84.0/subprojects/simdutf/src/rvv/rvv_helpers.inl.cpp
vte-0.84.0/subprojects/simdutf/src/rvv/rvv_latin1_to.inl.cpp
vte-0.84.0/subprojects/simdutf/src/rvv/rvv_length_from.inl.cpp
vte-0.84.0/subprojects/simdutf/src/rvv/rvv_utf16_to.inl.cpp
vte-0.84.0/subprojects/simdutf/src/rvv/rvv_utf16fix.cpp
vte-0.84.0/subprojects/simdutf/src/rvv/rvv_utf32_to.inl.cpp
vte-0.84.0/subprojects/simdutf/src/rvv/rvv_utf8_to.inl.cpp
vte-0.84.0/subprojects/simdutf/src/rvv/rvv_validate.inl.cpp
vte-0.84.0/subprojects/simdutf/src/scalar/
vte-0.84.0/subprojects/simdutf/src/scalar/ascii.h
vte-0.84.0/subprojects/simdutf/src/scalar/atomic_util.h
vte-0.84.0/subprojects/simdutf/src/scalar/base64.h
vte-0.84.0/subprojects/simdutf/src/scalar/latin1.h
vte-0.84.0/subprojects/simdutf/src/scalar/latin1_to_utf16/
vte-0.84.0/subprojects/simdutf/src/scalar/latin1_to_utf16/latin1_to_utf16.h
vte-0.84.0/subprojects/simdutf/src/scalar/latin1_to_utf32/
vte-0.84.0/subprojects/simdutf/src/scalar/latin1_to_utf32/latin1_to_utf32.h
vte-0.84.0/subprojects/simdutf/src/scalar/latin1_to_utf8/
vte-0.84.0/subprojects/simdutf/src/scalar/latin1_to_utf8/latin1_to_utf8.h
vte-0.84.0/subprojects/simdutf/src/scalar/swap_bytes.h
vte-0.84.0/subprojects/simdutf/src/scalar/utf16.h
vte-0.84.0/subprojects/simdutf/src/scalar/utf16_to_latin1/
vte-0.84.0/subprojects/simdutf/src/scalar/utf16_to_latin1/utf16_to_latin1.h
vte-0.84.0/subprojects/simdutf/src/scalar/utf16_to_latin1/valid_utf16_to_latin1.h
vte-0.84.0/subprojects/simdutf/src/scalar/utf16_to_utf32/
vte-0.84.0/subprojects/simdutf/src/scalar/utf16_to_utf32/utf16_to_utf32.h
vte-0.84.0/subprojects/simdutf/src/scalar/utf16_to_utf32/valid_utf16_to_utf32.h
vte-0.84.0/subprojects/simdutf/src/scalar/utf16_to_utf8/
vte-0.84.0/subprojects/simdutf/src/scalar/utf16_to_utf8/utf16_to_utf8.h
vte-0.84.0/subprojects/simdutf/src/scalar/utf16_to_utf8/valid_utf16_to_utf8.h
vte-0.84.0/subprojects/simdutf/src/scalar/utf32.h
vte-0.84.0/subprojects/simdutf/src/scalar/utf32_to_latin1/
vte-0.84.0/subprojects/simdutf/src/scalar/utf32_to_latin1/utf32_to_latin1.h
vte-0.84.0/subprojects/simdutf/src/scalar/utf32_to_latin1/valid_utf32_to_latin1.h
vte-0.84.0/subprojects/simdutf/src/scalar/utf32_to_utf16/
vte-0.84.0/subprojects/simdutf/src/scalar/utf32_to_utf16/utf32_to_utf16.h
vte-0.84.0/subprojects/simdutf/src/scalar/utf32_to_utf16/valid_utf32_to_utf16.h
vte-0.84.0/subprojects/simdutf/src/scalar/utf32_to_utf8/
vte-0.84.0/subprojects/simdutf/src/scalar/utf32_to_utf8/utf32_to_utf8.h
vte-0.84.0/subprojects/simdutf/src/scalar/utf32_to_utf8/valid_utf32_to_utf8.h
vte-0.84.0/subprojects/simdutf/src/scalar/utf8.h
vte-0.84.0/subprojects/simdutf/src/scalar/utf8_to_latin1/
vte-0.84.0/subprojects/simdutf/src/scalar/utf8_to_latin1/utf8_to_latin1.h
vte-0.84.0/subprojects/simdutf/src/scalar/utf8_to_latin1/valid_utf8_to_latin1.h
vte-0.84.0/subprojects/simdutf/src/scalar/utf8_to_utf16/
vte-0.84.0/subprojects/simdutf/src/scalar/utf8_to_utf16/utf8_to_utf16.h
vte-0.84.0/subprojects/simdutf/src/scalar/utf8_to_utf16/valid_utf8_to_utf16.h
vte-0.84.0/subprojects/simdutf/src/scalar/utf8_to_utf32/
vte-0.84.0/subprojects/simdutf/src/scalar/utf8_to_utf32/utf8_to_utf32.h
vte-0.84.0/subprojects/simdutf/src/scalar/utf8_to_utf32/valid_utf8_to_utf32.h
vte-0.84.0/subprojects/simdutf/src/simdutf/
vte-0.84.0/subprojects/simdutf/src/simdutf/arm64/
vte-0.84.0/subprojects/simdutf/src/simdutf/arm64/begin.h
vte-0.84.0/subprojects/simdutf/src/simdutf/arm64/bitmanipulation.h
vte-0.84.0/subprojects/simdutf/src/simdutf/arm64/end.h
vte-0.84.0/subprojects/simdutf/src/simdutf/arm64/implementation.h
vte-0.84.0/subprojects/simdutf/src/simdutf/arm64/intrinsics.h
vte-0.84.0/subprojects/simdutf/src/simdutf/arm64/simd.h
vte-0.84.0/subprojects/simdutf/src/simdutf/arm64/simd16-inl.h
vte-0.84.0/subprojects/simdutf/src/simdutf/arm64/simd32-inl.h
vte-0.84.0/subprojects/simdutf/src/simdutf/arm64/simd64-inl.h
vte-0.84.0/subprojects/simdutf/src/simdutf/arm64.h
vte-0.84.0/subprojects/simdutf/src/simdutf/fallback/
vte-0.84.0/subprojects/simdutf/src/simdutf/fallback/begin.h
vte-0.84.0/subprojects/simdutf/src/simdutf/fallback/bitmanipulation.h
vte-0.84.0/subprojects/simdutf/src/simdutf/fallback/end.h
vte-0.84.0/subprojects/simdutf/src/simdutf/fallback/implementation.h
vte-0.84.0/subprojects/simdutf/src/simdutf/fallback.h
vte-0.84.0/subprojects/simdutf/src/simdutf/haswell/
vte-0.84.0/subprojects/simdutf/src/simdutf/haswell/begin.h
vte-0.84.0/subprojects/simdutf/src/simdutf/haswell/bitmanipulation.h
vte-0.84.0/subprojects/simdutf/src/simdutf/haswell/end.h
vte-0.84.0/subprojects/simdutf/src/simdutf/haswell/implementation.h
vte-0.84.0/subprojects/simdutf/src/simdutf/haswell/intrinsics.h
vte-0.84.0/subprojects/simdutf/src/simdutf/haswell/simd.h
vte-0.84.0/subprojects/simdutf/src/simdutf/haswell/simd16-inl.h
vte-0.84.0/subprojects/simdutf/src/simdutf/haswell/simd32-inl.h
vte-0.84.0/subprojects/simdutf/src/simdutf/haswell/simd64-inl.h
vte-0.84.0/subprojects/simdutf/src/simdutf/haswell.h
vte-0.84.0/subprojects/simdutf/src/simdutf/icelake/
vte-0.84.0/subprojects/simdutf/src/simdutf/icelake/begin.h
vte-0.84.0/subprojects/simdutf/src/simdutf/icelake/bitmanipulation.h
vte-0.84.0/subprojects/simdutf/src/simdutf/icelake/end.h
vte-0.84.0/subprojects/simdutf/src/simdutf/icelake/implementation.h
vte-0.84.0/subprojects/simdutf/src/simdutf/icelake/intrinsics.h
vte-0.84.0/subprojects/simdutf/src/simdutf/icelake/simd.h
vte-0.84.0/subprojects/simdutf/src/simdutf/icelake/simd16-inl.h
vte-0.84.0/subprojects/simdutf/src/simdutf/icelake/simd32-inl.h
vte-0.84.0/subprojects/simdutf/src/simdutf/icelake.h
vte-0.84.0/subprojects/simdutf/src/simdutf/lasx/
vte-0.84.0/subprojects/simdutf/src/simdutf/lasx/begin.h
vte-0.84.0/subprojects/simdutf/src/simdutf/lasx/bitmanipulation.h
vte-0.84.0/subprojects/simdutf/src/simdutf/lasx/end.h
vte-0.84.0/subprojects/simdutf/src/simdutf/lasx/implementation.h
vte-0.84.0/subprojects/simdutf/src/simdutf/lasx/intrinsics.h
vte-0.84.0/subprojects/simdutf/src/simdutf/lasx/simd.h
vte-0.84.0/subprojects/simdutf/src/simdutf/lasx/simd16-inl.h
vte-0.84.0/subprojects/simdutf/src/simdutf/lasx/simd32-inl.h
vte-0.84.0/subprojects/simdutf/src/simdutf/lasx/simd64-inl.h
vte-0.84.0/subprojects/simdutf/src/simdutf/lasx.h
vte-0.84.0/subprojects/simdutf/src/simdutf/lsx/
vte-0.84.0/subprojects/simdutf/src/simdutf/lsx/begin.h
vte-0.84.0/subprojects/simdutf/src/simdutf/lsx/bitmanipulation.h
vte-0.84.0/subprojects/simdutf/src/simdutf/lsx/end.h
vte-0.84.0/subprojects/simdutf/src/simdutf/lsx/implementation.h
vte-0.84.0/subprojects/simdutf/src/simdutf/lsx/intrinsics.h
vte-0.84.0/subprojects/simdutf/src/simdutf/lsx/simd.h
vte-0.84.0/subprojects/simdutf/src/simdutf/lsx/simd16-inl.h
vte-0.84.0/subprojects/simdutf/src/simdutf/lsx/simd32-inl.h
vte-0.84.0/subprojects/simdutf/src/simdutf/lsx/simd64-inl.h
vte-0.84.0/subprojects/simdutf/src/simdutf/lsx.h
vte-0.84.0/subprojects/simdutf/src/simdutf/ppc64/
vte-0.84.0/subprojects/simdutf/src/simdutf/ppc64/begin.h
vte-0.84.0/subprojects/simdutf/src/simdutf/ppc64/bitmanipulation.h
vte-0.84.0/subprojects/simdutf/src/simdutf/ppc64/end.h
vte-0.84.0/subprojects/simdutf/src/simdutf/ppc64/implementation.h
vte-0.84.0/subprojects/simdutf/src/simdutf/ppc64/intrinsics.h
vte-0.84.0/subprojects/simdutf/src/simdutf/ppc64/simd.h
vte-0.84.0/subprojects/simdutf/src/simdutf/ppc64/simd16-inl.h
vte-0.84.0/subprojects/simdutf/src/simdutf/ppc64/simd32-inl.h
vte-0.84.0/subprojects/simdutf/src/simdutf/ppc64/simd8-inl.h
vte-0.84.0/subprojects/simdutf/src/simdutf/ppc64.h
vte-0.84.0/subprojects/simdutf/src/simdutf/rvv/
vte-0.84.0/subprojects/simdutf/src/simdutf/rvv/begin.h
vte-0.84.0/subprojects/simdutf/src/simdutf/rvv/end.h
vte-0.84.0/subprojects/simdutf/src/simdutf/rvv/implementation.h
vte-0.84.0/subprojects/simdutf/src/simdutf/rvv/intrinsics.h
vte-0.84.0/subprojects/simdutf/src/simdutf/rvv.h
vte-0.84.0/subprojects/simdutf/src/simdutf/westmere/
vte-0.84.0/subprojects/simdutf/src/simdutf/westmere/begin.h
vte-0.84.0/subprojects/simdutf/src/simdutf/westmere/bitmanipulation.h
vte-0.84.0/subprojects/simdutf/src/simdutf/westmere/end.h
vte-0.84.0/subprojects/simdutf/src/simdutf/westmere/implementation.h
vte-0.84.0/subprojects/simdutf/src/simdutf/westmere/intrinsics.h
vte-0.84.0/subprojects/simdutf/src/simdutf/westmere/simd.h
vte-0.84.0/subprojects/simdutf/src/simdutf/westmere/simd16-inl.h
vte-0.84.0/subprojects/simdutf/src/simdutf/westmere/simd32-inl.h
vte-0.84.0/subprojects/simdutf/src/simdutf/westmere/simd64-inl.h
vte-0.84.0/subprojects/simdutf/src/simdutf/westmere.h
vte-0.84.0/subprojects/simdutf/src/simdutf.cpp
vte-0.84.0/subprojects/simdutf/src/tables/
vte-0.84.0/subprojects/simdutf/src/tables/base64_tables.h
vte-0.84.0/subprojects/simdutf/src/tables/utf16_to_utf8_tables.h
vte-0.84.0/subprojects/simdutf/src/tables/utf32_to_utf16_tables.h
vte-0.84.0/subprojects/simdutf/src/tables/utf8_to_utf16_tables.h
vte-0.84.0/subprojects/simdutf/src/westmere/
vte-0.84.0/subprojects/simdutf/src/westmere/implementation.cpp
vte-0.84.0/subprojects/simdutf/src/westmere/internal/
vte-0.84.0/subprojects/simdutf/src/westmere/internal/loader.cpp
vte-0.84.0/subprojects/simdutf/src/westmere/internal/write_v_u16_11bits_to_utf8.cpp
vte-0.84.0/subprojects/simdutf/src/westmere/sse_base64.cpp
vte-0.84.0/subprojects/simdutf/src/westmere/sse_convert_latin1_to_utf16.cpp
vte-0.84.0/subprojects/simdutf/src/westmere/sse_convert_latin1_to_utf32.cpp
vte-0.84.0/subprojects/simdutf/src/westmere/sse_convert_latin1_to_utf8.cpp
vte-0.84.0/subprojects/simdutf/src/westmere/sse_convert_utf16_to_latin1.cpp
vte-0.84.0/subprojects/simdutf/src/westmere/sse_convert_utf16_to_utf32.cpp
vte-0.84.0/subprojects/simdutf/src/westmere/sse_convert_utf16_to_utf8.cpp
vte-0.84.0/subprojects/simdutf/src/westmere/sse_convert_utf32_to_latin1.cpp
vte-0.84.0/subprojects/simdutf/src/westmere/sse_convert_utf32_to_utf16.cpp
vte-0.84.0/subprojects/simdutf/src/westmere/sse_convert_utf32_to_utf8.cpp
vte-0.84.0/subprojects/simdutf/src/westmere/sse_convert_utf8_to_latin1.cpp
vte-0.84.0/subprojects/simdutf/src/westmere/sse_convert_utf8_to_utf16.cpp
vte-0.84.0/subprojects/simdutf/src/westmere/sse_convert_utf8_to_utf32.cpp
vte-0.84.0/subprojects/simdutf/src/westmere/sse_utf16fix.cpp
vte-0.84.0/subprojects/simdutf/src/westmere/sse_validate_utf16.cpp
vte-0.84.0/subprojects/simdutf/tests/
vte-0.84.0/subprojects/simdutf/tests/CMakeLists.txt
vte-0.84.0/subprojects/simdutf/tests/atomic_base64_tests.cpp
vte-0.84.0/subprojects/simdutf/tests/base64_tests.cpp
vte-0.84.0/subprojects/simdutf/tests/basic_fuzzer.cpp
vte-0.84.0/subprojects/simdutf/tests/bele_tests.cpp
vte-0.84.0/subprojects/simdutf/tests/convert_latin1_to_utf16be_tests.cpp
vte-0.84.0/subprojects/simdutf/tests/convert_latin1_to_utf16le_tests.cpp
vte-0.84.0/subprojects/simdutf/tests/convert_latin1_to_utf32_tests.cpp
vte-0.84.0/subprojects/simdutf/tests/convert_latin1_to_utf8_tests.cpp
vte-0.84.0/subprojects/simdutf/tests/convert_utf16_to_utf8_safe_tests.cpp
vte-0.84.0/subprojects/simdutf/tests/convert_utf16be_to_latin1_tests.cpp
vte-0.84.0/subprojects/simdutf/tests/convert_utf16be_to_latin1_tests_with_errors.cpp
vte-0.84.0/subprojects/simdutf/tests/convert_utf16be_to_utf32_tests.cpp
vte-0.84.0/subprojects/simdutf/tests/convert_utf16be_to_utf32_with_errors_tests.cpp
vte-0.84.0/subprojects/simdutf/tests/convert_utf16be_to_utf8_tests.cpp
vte-0.84.0/subprojects/simdutf/tests/convert_utf16be_to_utf8_with_errors_tests.cpp
vte-0.84.0/subprojects/simdutf/tests/convert_utf16le_to_latin1_tests.cpp
vte-0.84.0/subprojects/simdutf/tests/convert_utf16le_to_latin1_tests_with_errors.cpp
vte-0.84.0/subprojects/simdutf/tests/convert_utf16le_to_utf32_tests.cpp
vte-0.84.0/subprojects/simdutf/tests/convert_utf16le_to_utf32_with_errors_tests.cpp
vte-0.84.0/subprojects/simdutf/tests/convert_utf16le_to_utf8_tests.cpp
vte-0.84.0/subprojects/simdutf/tests/convert_utf16le_to_utf8_with_errors_tests.cpp
vte-0.84.0/subprojects/simdutf/tests/convert_utf32_to_latin1_tests.cpp
vte-0.84.0/subprojects/simdutf/tests/convert_utf32_to_latin1_with_errors_tests.cpp
vte-0.84.0/subprojects/simdutf/tests/convert_utf32_to_utf16be_tests.cpp
vte-0.84.0/subprojects/simdutf/tests/convert_utf32_to_utf16be_with_errors_tests.cpp
vte-0.84.0/subprojects/simdutf/tests/convert_utf32_to_utf16le_tests.cpp
vte-0.84.0/subprojects/simdutf/tests/convert_utf32_to_utf16le_with_errors_tests.cpp
vte-0.84.0/subprojects/simdutf/tests/convert_utf32_to_utf8_tests.cpp
vte-0.84.0/subprojects/simdutf/tests/convert_utf32_to_utf8_with_errors_tests.cpp
vte-0.84.0/subprojects/simdutf/tests/convert_utf8_to_latin1_tests.cpp
vte-0.84.0/subprojects/simdutf/tests/convert_utf8_to_latin1_with_errors_tests.cpp
vte-0.84.0/subprojects/simdutf/tests/convert_utf8_to_utf16be_tests.cpp
vte-0.84.0/subprojects/simdutf/tests/convert_utf8_to_utf16be_with_errors_tests.cpp
vte-0.84.0/subprojects/simdutf/tests/convert_utf8_to_utf16le_tests.cpp
vte-0.84.0/subprojects/simdutf/tests/convert_utf8_to_utf16le_with_errors_tests.cpp
vte-0.84.0/subprojects/simdutf/tests/convert_utf8_to_utf32_tests.cpp
vte-0.84.0/subprojects/simdutf/tests/convert_utf8_to_utf32_with_errors_tests.cpp
vte-0.84.0/subprojects/simdutf/tests/convert_valid_utf16be_to_latin1_tests.cpp
vte-0.84.0/subprojects/simdutf/tests/convert_valid_utf16be_to_utf32_tests.cpp
vte-0.84.0/subprojects/simdutf/tests/convert_valid_utf16be_to_utf8_tests.cpp
vte-0.84.0/subprojects/simdutf/tests/convert_valid_utf16le_to_latin1_tests.cpp
vte-0.84.0/subprojects/simdutf/tests/convert_valid_utf16le_to_utf32_tests.cpp
vte-0.84.0/subprojects/simdutf/tests/convert_valid_utf16le_to_utf8_tests.cpp
vte-0.84.0/subprojects/simdutf/tests/convert_valid_utf32_to_latin1_tests.cpp
vte-0.84.0/subprojects/simdutf/tests/convert_valid_utf32_to_utf16be_tests.cpp
vte-0.84.0/subprojects/simdutf/tests/convert_valid_utf32_to_utf16le_tests.cpp
vte-0.84.0/subprojects/simdutf/tests/convert_valid_utf32_to_utf8_tests.cpp
vte-0.84.0/subprojects/simdutf/tests/convert_valid_utf8_to_latin1_tests.cpp
vte-0.84.0/subprojects/simdutf/tests/convert_valid_utf8_to_utf16be_tests.cpp
vte-0.84.0/subprojects/simdutf/tests/convert_valid_utf8_to_utf16le_tests.cpp
vte-0.84.0/subprojects/simdutf/tests/convert_valid_utf8_to_utf32_tests.cpp
vte-0.84.0/subprojects/simdutf/tests/count_utf16be.cpp
vte-0.84.0/subprojects/simdutf/tests/count_utf16le.cpp
vte-0.84.0/subprojects/simdutf/tests/count_utf8.cpp
vte-0.84.0/subprojects/simdutf/tests/detect_encodings_tests.cpp
vte-0.84.0/subprojects/simdutf/tests/find_tests.cpp
vte-0.84.0/subprojects/simdutf/tests/helpers/
vte-0.84.0/subprojects/simdutf/tests/helpers/CMakeLists.txt
vte-0.84.0/subprojects/simdutf/tests/helpers/random_int.cpp
vte-0.84.0/subprojects/simdutf/tests/helpers/random_int.h
vte-0.84.0/subprojects/simdutf/tests/helpers/random_utf16.cpp
vte-0.84.0/subprojects/simdutf/tests/helpers/random_utf16.h
vte-0.84.0/subprojects/simdutf/tests/helpers/random_utf32.cpp
vte-0.84.0/subprojects/simdutf/tests/helpers/random_utf32.h
vte-0.84.0/subprojects/simdutf/tests/helpers/random_utf8.cpp
vte-0.84.0/subprojects/simdutf/tests/helpers/random_utf8.h
vte-0.84.0/subprojects/simdutf/tests/helpers/test.cpp
vte-0.84.0/subprojects/simdutf/tests/helpers/test.h
vte-0.84.0/subprojects/simdutf/tests/helpers/transcode_test_base.cpp
vte-0.84.0/subprojects/simdutf/tests/helpers/transcode_test_base.h
vte-0.84.0/subprojects/simdutf/tests/helpers/utf16.h
vte-0.84.0/subprojects/simdutf/tests/installation_tests/
vte-0.84.0/subprojects/simdutf/tests/installation_tests/find/
vte-0.84.0/subprojects/simdutf/tests/installation_tests/find/CMakeLists.txt
vte-0.84.0/subprojects/simdutf/tests/installation_tests/from_fetch/
vte-0.84.0/subprojects/simdutf/tests/installation_tests/from_fetch/CMakeLists.txt
vte-0.84.0/subprojects/simdutf/tests/internal_tests.cpp
vte-0.84.0/subprojects/simdutf/tests/null_safety_tests.cpp
vte-0.84.0/subprojects/simdutf/tests/random_fuzzer.cpp
vte-0.84.0/subprojects/simdutf/tests/readme_tests.cpp
vte-0.84.0/subprojects/simdutf/tests/reference/
vte-0.84.0/subprojects/simdutf/tests/reference/CMakeLists.txt
vte-0.84.0/subprojects/simdutf/tests/reference/decode_utf16.h
vte-0.84.0/subprojects/simdutf/tests/reference/decode_utf32.h
vte-0.84.0/subprojects/simdutf/tests/reference/encode_latin1.cpp
vte-0.84.0/subprojects/simdutf/tests/reference/encode_latin1.h
vte-0.84.0/subprojects/simdutf/tests/reference/encode_utf16.cpp
vte-0.84.0/subprojects/simdutf/tests/reference/encode_utf16.h
vte-0.84.0/subprojects/simdutf/tests/reference/encode_utf32.cpp
vte-0.84.0/subprojects/simdutf/tests/reference/encode_utf32.h
vte-0.84.0/subprojects/simdutf/tests/reference/encode_utf8.cpp
vte-0.84.0/subprojects/simdutf/tests/reference/encode_utf8.h
vte-0.84.0/subprojects/simdutf/tests/reference/validate_utf16.cpp
vte-0.84.0/subprojects/simdutf/tests/reference/validate_utf16.h
vte-0.84.0/subprojects/simdutf/tests/reference/validate_utf16_to_latin1.cpp
vte-0.84.0/subprojects/simdutf/tests/reference/validate_utf16_to_latin1.h
vte-0.84.0/subprojects/simdutf/tests/reference/validate_utf32.cpp
vte-0.84.0/subprojects/simdutf/tests/reference/validate_utf32.h
vte-0.84.0/subprojects/simdutf/tests/reference/validate_utf32_to_latin1.cpp
vte-0.84.0/subprojects/simdutf/tests/reference/validate_utf32_to_latin1.h
vte-0.84.0/subprojects/simdutf/tests/reference/validate_utf8.cpp
vte-0.84.0/subprojects/simdutf/tests/reference/validate_utf8.h
vte-0.84.0/subprojects/simdutf/tests/reference/validate_utf8_to_latin1.cpp
vte-0.84.0/subprojects/simdutf/tests/reference/validate_utf8_to_latin1.h
vte-0.84.0/subprojects/simdutf/tests/select_implementation.cpp
vte-0.84.0/subprojects/simdutf/tests/span_tests.cpp
vte-0.84.0/subprojects/simdutf/tests/special_tests.cpp
vte-0.84.0/subprojects/simdutf/tests/to_well_formed_utf16_tests.cpp
vte-0.84.0/subprojects/simdutf/tests/utf8_length_from_utf16_tests.cpp
vte-0.84.0/subprojects/simdutf/tests/validate_ascii_basic_tests.cpp
vte-0.84.0/subprojects/simdutf/tests/validate_ascii_with_errors_tests.cpp
vte-0.84.0/subprojects/simdutf/tests/validate_utf16be_basic_tests.cpp
vte-0.84.0/subprojects/simdutf/tests/validate_utf16be_with_errors_tests.cpp
vte-0.84.0/subprojects/simdutf/tests/validate_utf16le_basic_tests.cpp
vte-0.84.0/subprojects/simdutf/tests/validate_utf16le_with_errors_tests.cpp
vte-0.84.0/subprojects/simdutf/tests/validate_utf32_basic_tests.cpp
vte-0.84.0/subprojects/simdutf/tests/validate_utf32_with_errors_tests.cpp
vte-0.84.0/subprojects/simdutf/tests/validate_utf8_basic_tests.cpp
vte-0.84.0/subprojects/simdutf/tests/validate_utf8_brute_force_tests.cpp
vte-0.84.0/subprojects/simdutf/tests/validate_utf8_puzzler_tests.cpp
vte-0.84.0/subprojects/simdutf/tests/validate_utf8_with_errors_tests.cpp
vte-0.84.0/subprojects/simdutf/tools/
vte-0.84.0/subprojects/simdutf/tools/CMakeLists.txt
vte-0.84.0/subprojects/simdutf/tools/fastbase64.cpp
vte-0.84.0/subprojects/simdutf/tools/sutf.cpp
vte-0.84.0/subprojects/simdutf/tools/sutf.h
vte-0.84.0/subprojects/simdutf.wrap
vte-0.84.0/vte.doap
mkdir: cannot create directory ‘build’: File exists
ninja: error: loading 'build.ninja': No such file or directory
