--2025-06-28 07:09:56--  https://download.gnome.org/sources/pango/1.56/pango-1.56.4.tar.xz
Resolving download.gnome.org (download.gnome.org)... 2a02:6ea0:c400::53, 2a02:6ea0:c400::54, 79.127.206.208, ...
Connecting to download.gnome.org (download.gnome.org)|2a02:6ea0:c400::53|:443... connected.
HTTP request sent, awaiting response... 200 OK
Length: 1883988 (1.8M) [application/octet-stream]
Saving to: 'pango-1.56.4.tar.xz.1'

     0K .......... .......... .......... .......... ..........  2% 3.48M 1s
    50K .......... .......... .......... .......... ..........  5% 7.73M 0s
   100K .......... .......... .......... .......... ..........  8% 12.4M 0s
   150K .......... .......... .......... .......... .......... 10% 17.2M 0s
   200K .......... .......... .......... .......... .......... 13% 16.3M 0s
   250K .......... .......... .......... .......... .......... 16% 32.6M 0s
   300K .......... .......... .......... .......... .......... 19% 25.6M 0s
   350K .......... .......... .......... .......... .......... 21% 28.3M 0s
   400K .......... .......... .......... .......... .......... 24% 21.4M 0s
   450K .......... .......... .......... .......... .......... 27% 91.9M 0s
   500K .......... .......... .......... .......... .......... 29% 34.0M 0s
   550K .......... .......... .......... .......... .......... 32% 50.4M 0s
   600K .......... .......... .......... .......... .......... 35% 60.0M 0s
   650K .......... .......... .......... .......... .......... 38%  105M 0s
   700K .......... .......... .......... .......... .......... 40% 59.4M 0s
   750K .......... .......... .......... .......... .......... 43% 17.3M 0s
   800K .......... .......... .......... .......... .......... 46%  113M 0s
   850K .......... .......... .......... .......... .......... 48% 89.2M 0s
   900K .......... .......... .......... .......... .......... 51% 10.9M 0s
   950K .......... .......... .......... .......... .......... 54%  115M 0s
  1000K .......... .......... .......... .......... .......... 57%  115M 0s
  1050K .......... .......... .......... .......... .......... 59% 11.0M 0s
  1100K .......... .......... .......... .......... .......... 62%  119M 0s
  1150K .......... .......... .......... .......... .......... 65% 85.7M 0s
  1200K .......... .......... .......... .......... .......... 67% 11.9M 0s
  1250K .......... .......... .......... .......... .......... 70%  105M 0s
  1300K .......... .......... .......... .......... .......... 73%  130M 0s
  1350K .......... .......... .......... .......... .......... 76% 9.36M 0s
  1400K .......... .......... .......... .......... .......... 78%  115M 0s
  1450K .......... .......... .......... .......... .......... 81%  116M 0s
  1500K .......... .......... .......... .......... .......... 84% 12.2M 0s
  1550K .......... .......... .......... .......... .......... 86% 85.4M 0s
  1600K .......... .......... .......... .......... .......... 89%  130M 0s
  1650K .......... .......... .......... .......... .......... 92% 10.8M 0s
  1700K .......... .......... .......... .......... .......... 95%  119M 0s
  1750K .......... .......... .......... .......... .......... 97%  115M 0s
  1800K .......... .......... .......... .........            100% 10.8M=0.08s

2025-06-28 07:09:56 (21.9 MB/s) - 'pango-1.56.4.tar.xz.1' saved [1883988/1883988]

pango-1.56.4/
pango-1.56.4/.gitignore
pango-1.56.4/.gitlab-ci/
pango-1.56.4/.gitlab-ci/README.md
pango-1.56.4/.gitlab-ci/fedora.Dockerfile
pango-1.56.4/.gitlab-ci/list-msys2.sh
pango-1.56.4/.gitlab-ci/render-msys2.sh
pango-1.56.4/.gitlab-ci/run-docker.sh
pango-1.56.4/.gitlab-ci/run-tests.sh
pango-1.56.4/.gitlab-ci/test-msvc.bat
pango-1.56.4/.gitlab-ci/test-msys2.sh
pango-1.56.4/.gitlab-ci.yml
pango-1.56.4/CODING_STYLE.md
pango-1.56.4/COPYING
pango-1.56.4/NEWS
pango-1.56.4/README.md
pango-1.56.4/README.win32.md
pango-1.56.4/THANKS
pango-1.56.4/build-aux/
pango-1.56.4/build-aux/meson/
pango-1.56.4/build-aux/meson/dist-docs.py
pango-1.56.4/docs/
pango-1.56.4/docs/align-center-justify.png
pango-1.56.4/docs/align-center.png
pango-1.56.4/docs/align-left-justify.png
pango-1.56.4/docs/align-left.png
pango-1.56.4/docs/align-right-justify.png
pango-1.56.4/docs/align-right.png
pango-1.56.4/docs/arabic-markup.png
pango-1.56.4/docs/baseline-shift-dark.png
pango-1.56.4/docs/baseline-shift-light.png
pango-1.56.4/docs/baseline-shift.svg
pango-1.56.4/docs/bidi-annotate-dark.png
pango-1.56.4/docs/bidi-annotate-light.png
pango-1.56.4/docs/bidi-annotate.png
pango-1.56.4/docs/bidi-input-dark.png
pango-1.56.4/docs/bidi-input-light.png
pango-1.56.4/docs/bidi-input.png
pango-1.56.4/docs/blue-text.png
pango-1.56.4/docs/caret-metrics-dark.png
pango-1.56.4/docs/caret-metrics-light.png
pango-1.56.4/docs/caret-metrics.svg
pango-1.56.4/docs/cursor-positions-dark.png
pango-1.56.4/docs/cursor-positions-light.png
pango-1.56.4/docs/cursor-positions.svg
pango-1.56.4/docs/fontmetrics-dark.png
pango-1.56.4/docs/fontmetrics-light.png
pango-1.56.4/docs/fontmetrics.svg
pango-1.56.4/docs/glyphstring-positions-dark.png
pango-1.56.4/docs/glyphstring-positions-light.png
pango-1.56.4/docs/glyphstring-positions.svg
pango-1.56.4/docs/layout-dark.png
pango-1.56.4/docs/layout-light.png
pango-1.56.4/docs/layout.eps
pango-1.56.4/docs/layout.fig
pango-1.56.4/docs/layout.gif
pango-1.56.4/docs/layout.png
pango-1.56.4/docs/layout.svg
pango-1.56.4/docs/m-east.png
pango-1.56.4/docs/m-north.png
pango-1.56.4/docs/m-south.png
pango-1.56.4/docs/m-west.png
pango-1.56.4/docs/meson.build
pango-1.56.4/docs/pango-list.rst
pango-1.56.4/docs/pango-name-black.png
pango-1.56.4/docs/pango-name-solid.png
pango-1.56.4/docs/pango-name-white.png
pango-1.56.4/docs/pango-name.png
pango-1.56.4/docs/pango-segmentation.rst
pango-1.56.4/docs/pango-view.rst
pango-1.56.4/docs/pango.toml.in
pango-1.56.4/docs/pango.types.in
pango-1.56.4/docs/pango_bidi.md
pango-1.56.4/docs/pango_cairo.md
pango-1.56.4/docs/pango_fonts.md
pango-1.56.4/docs/pango_markup.md
pango-1.56.4/docs/pango_rendering.md
pango-1.56.4/docs/pango_xft.md
pango-1.56.4/docs/pangocairo.toml.in
pango-1.56.4/docs/pangofc.toml.in
pango-1.56.4/docs/pangoft2.toml.in
pango-1.56.4/docs/pangoot.toml.in
pango-1.56.4/docs/pangoxft.toml.in
pango-1.56.4/docs/pipeline-dark.png
pango-1.56.4/docs/pipeline-light.png
pango-1.56.4/docs/pipeline.png
pango-1.56.4/docs/pipeline.svg
pango-1.56.4/docs/rects1.png
pango-1.56.4/docs/rects2.png
pango-1.56.4/docs/rects3.png
pango-1.56.4/docs/rotated-text.png
pango-1.56.4/docs/split-cursor-dark.png
pango-1.56.4/docs/split-cursor-light.png
pango-1.56.4/docs/split-cursor.png
pango-1.56.4/docs/tools.md
pango-1.56.4/docs/urlmap.js
pango-1.56.4/docs/vertical-dark.png
pango-1.56.4/docs/vertical-light.png
pango-1.56.4/examples/
pango-1.56.4/examples/cairoshape.c
pango-1.56.4/examples/cairosimple.c
pango-1.56.4/examples/cairotwisted.c
pango-1.56.4/examples/meson.build
pango-1.56.4/examples/pangowin32tobmp.c
pango-1.56.4/lsan.supp
pango-1.56.4/make-release.sh
pango-1.56.4/meson.build
pango-1.56.4/meson.options
pango-1.56.4/pango/
pango-1.56.4/pango/break-arabic.c
pango-1.56.4/pango/break-indic.c
pango-1.56.4/pango/break-latin.c
pango-1.56.4/pango/break-thai.c
pango-1.56.4/pango/break.c
pango-1.56.4/pango/ellipsize.c
pango-1.56.4/pango/emoji_presentation_scanner.c
pango-1.56.4/pango/emoji_presentation_scanner.rl
pango-1.56.4/pango/fonts.c
pango-1.56.4/pango/glyphstring.c
pango-1.56.4/pango/itemize.c
pango-1.56.4/pango/json/
pango-1.56.4/pango/json/gtkjsonparser.c
pango-1.56.4/pango/json/gtkjsonparserprivate.h
pango-1.56.4/pango/json/gtkjsonprinter.c
pango-1.56.4/pango/json/gtkjsonprinterprivate.h
pango-1.56.4/pango/meson.build
pango-1.56.4/pango/modules.c
pango-1.56.4/pango/pango-attributes-private.h
pango-1.56.4/pango/pango-attributes.c
pango-1.56.4/pango/pango-attributes.h
pango-1.56.4/pango/pango-bidi-type.c
pango-1.56.4/pango/pango-bidi-type.h
pango-1.56.4/pango/pango-break-table.h
pango-1.56.4/pango/pango-break.h
pango-1.56.4/pango/pango-color-table.h
pango-1.56.4/pango/pango-color.c
pango-1.56.4/pango/pango-color.h
pango-1.56.4/pango/pango-context-private.h
pango-1.56.4/pango/pango-context.c
pango-1.56.4/pango/pango-context.h
pango-1.56.4/pango/pango-coverage-private.h
pango-1.56.4/pango/pango-coverage.c
pango-1.56.4/pango/pango-coverage.h
pango-1.56.4/pango/pango-direction.h
pango-1.56.4/pango/pango-emoji-private.h
pango-1.56.4/pango/pango-emoji-table.h
pango-1.56.4/pango/pango-emoji.c
pango-1.56.4/pango/pango-engine.c
pango-1.56.4/pango/pango-engine.h
pango-1.56.4/pango/pango-enum-types.c.template
pango-1.56.4/pango/pango-enum-types.h.template
pango-1.56.4/pango/pango-features.h.meson
pango-1.56.4/pango/pango-font-private.h
pango-1.56.4/pango/pango-font.h
pango-1.56.4/pango/pango-fontmap-private.h
pango-1.56.4/pango/pango-fontmap.c
pango-1.56.4/pango/pango-fontmap.h
pango-1.56.4/pango/pango-fontset-simple-private.h
pango-1.56.4/pango/pango-fontset-simple.c
pango-1.56.4/pango/pango-fontset-simple.h
pango-1.56.4/pango/pango-fontset.c
pango-1.56.4/pango/pango-fontset.h
pango-1.56.4/pango/pango-glyph-item.c
pango-1.56.4/pango/pango-glyph-item.h
pango-1.56.4/pango/pango-glyph.h
pango-1.56.4/pango/pango-gravity.c
pango-1.56.4/pango/pango-gravity.h
pango-1.56.4/pango/pango-impl-utils.h
pango-1.56.4/pango/pango-item-private.h
pango-1.56.4/pango/pango-item.c
pango-1.56.4/pango/pango-item.h
pango-1.56.4/pango/pango-language-sample-table.h
pango-1.56.4/pango/pango-language.c
pango-1.56.4/pango/pango-language.h
pango-1.56.4/pango/pango-layout-private.h
pango-1.56.4/pango/pango-layout.c
pango-1.56.4/pango/pango-layout.h
pango-1.56.4/pango/pango-markup.c
pango-1.56.4/pango/pango-markup.h
pango-1.56.4/pango/pango-matrix.c
pango-1.56.4/pango/pango-matrix.h
pango-1.56.4/pango/pango-modules.h
pango-1.56.4/pango/pango-ot-buffer.c
pango-1.56.4/pango/pango-ot-info.c
pango-1.56.4/pango/pango-ot-private.h
pango-1.56.4/pango/pango-ot-ruleset.c
pango-1.56.4/pango/pango-ot-tag.c
pango-1.56.4/pango/pango-ot.h
pango-1.56.4/pango/pango-renderer.c
pango-1.56.4/pango/pango-renderer.h
pango-1.56.4/pango/pango-script-lang-table.h
pango-1.56.4/pango/pango-script-private.h
pango-1.56.4/pango/pango-script.c
pango-1.56.4/pango/pango-script.h
pango-1.56.4/pango/pango-tabs.c
pango-1.56.4/pango/pango-tabs.h
pango-1.56.4/pango/pango-trace-private.h
pango-1.56.4/pango/pango-trace.c
pango-1.56.4/pango/pango-types.h
pango-1.56.4/pango/pango-utils-internal.h
pango-1.56.4/pango/pango-utils-private.h
pango-1.56.4/pango/pango-utils.c
pango-1.56.4/pango/pango-utils.h
pango-1.56.4/pango/pango-version-macros.h
pango-1.56.4/pango/pango.h
pango-1.56.4/pango/pango.rc.in
pango-1.56.4/pango/pangocairo-context.c
pango-1.56.4/pango/pangocairo-coretext.h
pango-1.56.4/pango/pangocairo-coretextfont.c
pango-1.56.4/pango/pangocairo-coretextfont.h
pango-1.56.4/pango/pangocairo-coretextfontmap.c
pango-1.56.4/pango/pangocairo-fc-private.h
pango-1.56.4/pango/pangocairo-fc.h
pango-1.56.4/pango/pangocairo-fcfont.c
pango-1.56.4/pango/pangocairo-fcfontmap.c
pango-1.56.4/pango/pangocairo-font.c
pango-1.56.4/pango/pangocairo-fontmap.c
pango-1.56.4/pango/pangocairo-private.h
pango-1.56.4/pango/pangocairo-render.c
pango-1.56.4/pango/pangocairo-win32.h
pango-1.56.4/pango/pangocairo-win32font.c
pango-1.56.4/pango/pangocairo-win32fontmap.c
pango-1.56.4/pango/pangocairo.h
pango-1.56.4/pango/pangocairo.rc.in
pango-1.56.4/pango/pangocoretext-fontmap.c
pango-1.56.4/pango/pangocoretext-private.h
pango-1.56.4/pango/pangocoretext.c
pango-1.56.4/pango/pangocoretext.h
pango-1.56.4/pango/pangofc-decoder.c
pango-1.56.4/pango/pangofc-decoder.h
pango-1.56.4/pango/pangofc-font-private.h
pango-1.56.4/pango/pangofc-font.c
pango-1.56.4/pango/pangofc-font.h
pango-1.56.4/pango/pangofc-fontmap-private.h
pango-1.56.4/pango/pangofc-fontmap.c
pango-1.56.4/pango/pangofc-fontmap.h
pango-1.56.4/pango/pangofc-private.h
pango-1.56.4/pango/pangoft2-fontmap.c
pango-1.56.4/pango/pangoft2-private.h
pango-1.56.4/pango/pangoft2-render.c
pango-1.56.4/pango/pangoft2.c
pango-1.56.4/pango/pangoft2.h
pango-1.56.4/pango/pangoft2.rc.in
pango-1.56.4/pango/pangowin32-dwrite-fontmap.cpp
pango-1.56.4/pango/pangowin32-fontcache.c
pango-1.56.4/pango/pangowin32-fontmap.c
pango-1.56.4/pango/pangowin32-private.h
pango-1.56.4/pango/pangowin32-private.hpp
pango-1.56.4/pango/pangowin32.c
pango-1.56.4/pango/pangowin32.h
pango-1.56.4/pango/pangowin32.rc.in
pango-1.56.4/pango/pangoxft-font.c
pango-1.56.4/pango/pangoxft-fontmap.c
pango-1.56.4/pango/pangoxft-private.h
pango-1.56.4/pango/pangoxft-render.c
pango-1.56.4/pango/pangoxft-render.h
pango-1.56.4/pango/pangoxft.h
pango-1.56.4/pango/pangoxft.rc.in
pango-1.56.4/pango/reorder-items.c
pango-1.56.4/pango/serializer.c
pango-1.56.4/pango/shape.c
pango-1.56.4/pango.doap
pango-1.56.4/pango.supp
pango-1.56.4/subprojects/
pango-1.56.4/subprojects/cairo.wrap
pango-1.56.4/subprojects/fontconfig.wrap
pango-1.56.4/subprojects/freetype2.wrap
pango-1.56.4/subprojects/fribidi.wrap
pango-1.56.4/subprojects/gi-docgen.wrap
pango-1.56.4/subprojects/glib.wrap
pango-1.56.4/subprojects/gobject-introspection.wrap
pango-1.56.4/subprojects/harfbuzz.wrap
pango-1.56.4/subprojects/sysprof.wrap
pango-1.56.4/tests/
pango-1.56.4/tests/CharBreakTest.txt
pango-1.56.4/tests/EmojiBreakTest.txt
pango-1.56.4/tests/GraphemeBreakTest.txt
pango-1.56.4/tests/LineBreakTest.txt
pango-1.56.4/tests/SentenceBreakTest.txt
pango-1.56.4/tests/WordBreakTest.txt
pango-1.56.4/tests/boundaries.utf8
pango-1.56.4/tests/breaks/
pango-1.56.4/tests/breaks/eight.break
pango-1.56.4/tests/breaks/eight.expected
pango-1.56.4/tests/breaks/eleven.break
pango-1.56.4/tests/breaks/eleven.expected
pango-1.56.4/tests/breaks/fifteen.break
pango-1.56.4/tests/breaks/fifteen.expected
pango-1.56.4/tests/breaks/five.break
pango-1.56.4/tests/breaks/five.expected
pango-1.56.4/tests/breaks/four.break
pango-1.56.4/tests/breaks/four.expected
pango-1.56.4/tests/breaks/fourteen.break
pango-1.56.4/tests/breaks/fourteen.expected
pango-1.56.4/tests/breaks/nine.break
pango-1.56.4/tests/breaks/nine.expected
pango-1.56.4/tests/breaks/one.break
pango-1.56.4/tests/breaks/one.expected
pango-1.56.4/tests/breaks/seven.break
pango-1.56.4/tests/breaks/seven.expected
pango-1.56.4/tests/breaks/seventeen.break
pango-1.56.4/tests/breaks/seventeen.expected
pango-1.56.4/tests/breaks/six.break
pango-1.56.4/tests/breaks/six.expected
pango-1.56.4/tests/breaks/sixteen.break
pango-1.56.4/tests/breaks/sixteen.expected
pango-1.56.4/tests/breaks/ten.break
pango-1.56.4/tests/breaks/ten.expected
pango-1.56.4/tests/breaks/thirteen.break
pango-1.56.4/tests/breaks/thirteen.expected
pango-1.56.4/tests/breaks/three.break
pango-1.56.4/tests/breaks/three.expected
pango-1.56.4/tests/breaks/twelve.break
pango-1.56.4/tests/breaks/twelve.expected
pango-1.56.4/tests/breaks/two.break
pango-1.56.4/tests/breaks/two.expected
pango-1.56.4/tests/cxx-test.cpp
pango-1.56.4/tests/dump-boundaries.c
pango-1.56.4/tests/fonts/
pango-1.56.4/tests/fonts/Cantarell-VF.otf
pango-1.56.4/tests/fonts/DejaVuSans-Bold.ttf
pango-1.56.4/tests/fonts/DejaVuSans.ttf
pango-1.56.4/tests/fonts/DejaVuSansMono.ttf
pango-1.56.4/tests/fonts/README
pango-1.56.4/tests/fonts/amiri-06dd.ttf
pango-1.56.4/tests/fonts/boxes.ttf
pango-1.56.4/tests/fonts/boxes.ttx
pango-1.56.4/tests/fonts/droid-sans-subset.ttf
pango-1.56.4/tests/fonts/emoji-subset.ttf
pango-1.56.4/tests/fonts/fa-regular-f2db.ttf
pango-1.56.4/tests/fonts/fa-solid-f2db.ttf
pango-1.56.4/tests/fonts/fonts.conf
pango-1.56.4/tests/fonts/noto-sans-cjk.ttf
pango-1.56.4/tests/fontsets/
pango-1.56.4/tests/fontsets/cantarell
pango-1.56.4/tests/fontsets/cantarell2
pango-1.56.4/tests/fontsets/mono
pango-1.56.4/tests/fontsets/mono2
pango-1.56.4/tests/gen-all-unicode.c
pango-1.56.4/tests/gen-all-unicode.py
pango-1.56.4/tests/itemize/
pango-1.56.4/tests/itemize/one.expected
pango-1.56.4/tests/itemize/one.items
pango-1.56.4/tests/itemize/three.expected
pango-1.56.4/tests/itemize/three.items
pango-1.56.4/tests/itemize/two.expected
pango-1.56.4/tests/itemize/two.items
pango-1.56.4/tests/layouts/
pango-1.56.4/tests/layouts/aaa.layout
pango-1.56.4/tests/layouts/arabic-format.layout
pango-1.56.4/tests/layouts/bratwurst.layout
pango-1.56.4/tests/layouts/bratwurst2.layout
pango-1.56.4/tests/layouts/bratwurst3.layout
pango-1.56.4/tests/layouts/bratwurst4.layout
pango-1.56.4/tests/layouts/effigy.layout
pango-1.56.4/tests/layouts/kebab.layout
pango-1.56.4/tests/layouts/letterspacing.layout
pango-1.56.4/tests/layouts/no-space.layout
pango-1.56.4/tests/layouts/screaming.layout
pango-1.56.4/tests/layouts/tab-assert.layout
pango-1.56.4/tests/layouts/tab-crash.layout
pango-1.56.4/tests/layouts/tabs-nowrap.layout
pango-1.56.4/tests/layouts/tabs.layout
pango-1.56.4/tests/layouts/valid-1.layout
pango-1.56.4/tests/layouts/valid-10.layout
pango-1.56.4/tests/layouts/valid-11.layout
pango-1.56.4/tests/layouts/valid-12.layout
pango-1.56.4/tests/layouts/valid-13.layout
pango-1.56.4/tests/layouts/valid-14.layout
pango-1.56.4/tests/layouts/valid-15.layout
pango-1.56.4/tests/layouts/valid-16.layout
pango-1.56.4/tests/layouts/valid-17.layout
pango-1.56.4/tests/layouts/valid-18.layout
pango-1.56.4/tests/layouts/valid-19.layout
pango-1.56.4/tests/layouts/valid-2.layout
pango-1.56.4/tests/layouts/valid-20.layout
pango-1.56.4/tests/layouts/valid-21.layout
pango-1.56.4/tests/layouts/valid-22.layout
pango-1.56.4/tests/layouts/valid-3.layout
pango-1.56.4/tests/layouts/valid-4.layout
pango-1.56.4/tests/layouts/valid-5.layout
pango-1.56.4/tests/layouts/valid-6.layout
pango-1.56.4/tests/layouts/valid-7.layout
pango-1.56.4/tests/layouts/valid-8.layout
pango-1.56.4/tests/layouts/valid-9.layout
pango-1.56.4/tests/layouts/vertical.layout
pango-1.56.4/tests/markup-parse.c
pango-1.56.4/tests/markups/
pango-1.56.4/tests/markups/fail-1.expected
pango-1.56.4/tests/markups/fail-1.markup
pango-1.56.4/tests/markups/fail-10.expected
pango-1.56.4/tests/markups/fail-10.markup
pango-1.56.4/tests/markups/fail-11.expected
pango-1.56.4/tests/markups/fail-11.markup
pango-1.56.4/tests/markups/fail-12.expected
pango-1.56.4/tests/markups/fail-12.markup
pango-1.56.4/tests/markups/fail-13.expected
pango-1.56.4/tests/markups/fail-13.markup
pango-1.56.4/tests/markups/fail-14.expected
pango-1.56.4/tests/markups/fail-14.markup
pango-1.56.4/tests/markups/fail-15.expected
pango-1.56.4/tests/markups/fail-15.markup
pango-1.56.4/tests/markups/fail-16.expected
pango-1.56.4/tests/markups/fail-16.markup
pango-1.56.4/tests/markups/fail-17.expected
pango-1.56.4/tests/markups/fail-17.markup
pango-1.56.4/tests/markups/fail-2.expected
pango-1.56.4/tests/markups/fail-2.markup
pango-1.56.4/tests/markups/fail-20.expected
pango-1.56.4/tests/markups/fail-20.markup
pango-1.56.4/tests/markups/fail-21.expected
pango-1.56.4/tests/markups/fail-21.markup
pango-1.56.4/tests/markups/fail-22.expected
pango-1.56.4/tests/markups/fail-22.markup
pango-1.56.4/tests/markups/fail-23.expected
pango-1.56.4/tests/markups/fail-23.markup
pango-1.56.4/tests/markups/fail-24.expected
pango-1.56.4/tests/markups/fail-24.markup
pango-1.56.4/tests/markups/fail-25.expected
pango-1.56.4/tests/markups/fail-25.markup
pango-1.56.4/tests/markups/fail-26.expected
pango-1.56.4/tests/markups/fail-26.markup
pango-1.56.4/tests/markups/fail-27.expected
pango-1.56.4/tests/markups/fail-27.markup
pango-1.56.4/tests/markups/fail-28.expected
pango-1.56.4/tests/markups/fail-28.markup
pango-1.56.4/tests/markups/fail-29.expected
pango-1.56.4/tests/markups/fail-29.markup
pango-1.56.4/tests/markups/fail-3.expected
pango-1.56.4/tests/markups/fail-3.markup
pango-1.56.4/tests/markups/fail-30.expected
pango-1.56.4/tests/markups/fail-30.markup
pango-1.56.4/tests/markups/fail-31.expected
pango-1.56.4/tests/markups/fail-31.markup
pango-1.56.4/tests/markups/fail-32.expected
pango-1.56.4/tests/markups/fail-32.markup
pango-1.56.4/tests/markups/fail-33.expected
pango-1.56.4/tests/markups/fail-33.markup
pango-1.56.4/tests/markups/fail-34.expected
pango-1.56.4/tests/markups/fail-34.markup
pango-1.56.4/tests/markups/fail-35.expected
pango-1.56.4/tests/markups/fail-35.markup
pango-1.56.4/tests/markups/fail-36.expected
pango-1.56.4/tests/markups/fail-36.markup
pango-1.56.4/tests/markups/fail-37.expected
pango-1.56.4/tests/markups/fail-37.markup
pango-1.56.4/tests/markups/fail-38.expected
pango-1.56.4/tests/markups/fail-38.markup
pango-1.56.4/tests/markups/fail-39.expected
pango-1.56.4/tests/markups/fail-39.markup
pango-1.56.4/tests/markups/fail-4.expected
pango-1.56.4/tests/markups/fail-4.markup
pango-1.56.4/tests/markups/fail-5.expected
pango-1.56.4/tests/markups/fail-5.markup
pango-1.56.4/tests/markups/fail-6.expected
pango-1.56.4/tests/markups/fail-6.markup
pango-1.56.4/tests/markups/fail-7.expected
pango-1.56.4/tests/markups/fail-7.markup
pango-1.56.4/tests/markups/fail-8.expected
pango-1.56.4/tests/markups/fail-8.markup
pango-1.56.4/tests/markups/fail-9.expected
pango-1.56.4/tests/markups/fail-9.markup
pango-1.56.4/tests/markups/valid-1.expected
pango-1.56.4/tests/markups/valid-1.markup
pango-1.56.4/tests/markups/valid-10.expected
pango-1.56.4/tests/markups/valid-10.markup
pango-1.56.4/tests/markups/valid-11.expected
pango-1.56.4/tests/markups/valid-11.markup
pango-1.56.4/tests/markups/valid-12.expected
pango-1.56.4/tests/markups/valid-12.markup
pango-1.56.4/tests/markups/valid-13.expected
pango-1.56.4/tests/markups/valid-13.markup
pango-1.56.4/tests/markups/valid-14.expected
pango-1.56.4/tests/markups/valid-14.markup
pango-1.56.4/tests/markups/valid-15.expected
pango-1.56.4/tests/markups/valid-15.markup
pango-1.56.4/tests/markups/valid-16.expected
pango-1.56.4/tests/markups/valid-16.markup
pango-1.56.4/tests/markups/valid-17.expected
pango-1.56.4/tests/markups/valid-17.markup
pango-1.56.4/tests/markups/valid-18.expected
pango-1.56.4/tests/markups/valid-18.markup
pango-1.56.4/tests/markups/valid-19.expected
pango-1.56.4/tests/markups/valid-19.markup
pango-1.56.4/tests/markups/valid-2.expected
pango-1.56.4/tests/markups/valid-2.markup
pango-1.56.4/tests/markups/valid-20.expected
pango-1.56.4/tests/markups/valid-20.markup
pango-1.56.4/tests/markups/valid-21.expected
pango-1.56.4/tests/markups/valid-21.markup
pango-1.56.4/tests/markups/valid-22.expected
pango-1.56.4/tests/markups/valid-22.markup
pango-1.56.4/tests/markups/valid-23.expected
pango-1.56.4/tests/markups/valid-23.markup
pango-1.56.4/tests/markups/valid-24.expected
pango-1.56.4/tests/markups/valid-24.markup
pango-1.56.4/tests/markups/valid-3.expected
pango-1.56.4/tests/markups/valid-3.markup
pango-1.56.4/tests/markups/valid-4.expected
pango-1.56.4/tests/markups/valid-4.markup
pango-1.56.4/tests/markups/valid-5.expected
pango-1.56.4/tests/markups/valid-5.markup
pango-1.56.4/tests/markups/valid-6.expected
pango-1.56.4/tests/markups/valid-6.markup
pango-1.56.4/tests/markups/valid-7.expected
pango-1.56.4/tests/markups/valid-7.markup
pango-1.56.4/tests/markups/valid-8.expected
pango-1.56.4/tests/markups/valid-8.markup
pango-1.56.4/tests/markups/valid-9.expected
pango-1.56.4/tests/markups/valid-9.markup
pango-1.56.4/tests/meson.build
pango-1.56.4/tests/nofonts/
pango-1.56.4/tests/nofonts/fonts.conf
pango-1.56.4/tests/test-bidi.c
pango-1.56.4/tests/test-break.c
pango-1.56.4/tests/test-common.c
pango-1.56.4/tests/test-common.h
pango-1.56.4/tests/test-coverage.c
pango-1.56.4/tests/test-ellipsize.c
pango-1.56.4/tests/test-font-data.c
pango-1.56.4/tests/test-font.c
pango-1.56.4/tests/test-fonts.c
pango-1.56.4/tests/test-harfbuzz.c
pango-1.56.4/tests/test-itemize.c
pango-1.56.4/tests/test-layout.c
pango-1.56.4/tests/test-layout2.c
pango-1.56.4/tests/test-no-fonts.c
pango-1.56.4/tests/test-ot-tags.c
pango-1.56.4/tests/test-pangocairo-threads.c
pango-1.56.4/tests/test-shape.c
pango-1.56.4/tests/testattributes.c
pango-1.56.4/tests/testboundaries.c
pango-1.56.4/tests/testboundaries_ucd.c
pango-1.56.4/tests/testcolor.c
pango-1.56.4/tests/testcontext.c
pango-1.56.4/tests/testiter.c
pango-1.56.4/tests/testlanguage.c
pango-1.56.4/tests/testmatrix.c
pango-1.56.4/tests/testmisc.c
pango-1.56.4/tests/testrandom.c
pango-1.56.4/tests/testscript.c
pango-1.56.4/tests/testserialize.c
pango-1.56.4/tests/testtabs.c
pango-1.56.4/tests/validate-log-attrs.c
pango-1.56.4/tests/validate-log-attrs.h
pango-1.56.4/tools/
pango-1.56.4/tools/gen-break-table.py
pango-1.56.4/tools/gen-color-table.pl
pango-1.56.4/tools/gen-emoji-table.py
pango-1.56.4/tools/gen-script-for-lang.c
pango-1.56.4/tools/gen-vertical-orientation-U-table.py
pango-1.56.4/tools/meson.build
pango-1.56.4/tools/rgb.txt
pango-1.56.4/utils/
pango-1.56.4/utils/EMOJI-MODIFIERS.txt
pango-1.56.4/utils/GLASS.txt
pango-1.56.4/utils/HELLO.txt
pango-1.56.4/utils/meson.build
pango-1.56.4/utils/pango-list.c
pango-1.56.4/utils/pango-segmentation.c
pango-1.56.4/utils/pango-view.c
pango-1.56.4/utils/test-arabic.txt
pango-1.56.4/utils/test-chinese.txt
pango-1.56.4/utils/test-color-run.markup
pango-1.56.4/utils/test-devanagari.txt
pango-1.56.4/utils/test-feature-tag.markup
pango-1.56.4/utils/test-font-variations.markup
pango-1.56.4/utils/test-gurmukhi.txt
pango-1.56.4/utils/test-hebrew.txt
pango-1.56.4/utils/test-hyphens.txt
pango-1.56.4/utils/test-ipa.txt
pango-1.56.4/utils/test-justify.txt
pango-1.56.4/utils/test-lao.txt
pango-1.56.4/utils/test-latin.txt
pango-1.56.4/utils/test-long-paragraph.txt
pango-1.56.4/utils/test-mixed.markup
pango-1.56.4/utils/test-mixed.txt
pango-1.56.4/utils/test-mongolian.txt
pango-1.56.4/utils/test-nko.txt
pango-1.56.4/utils/test-opentype-language.markup
pango-1.56.4/utils/test-syriac.txt
pango-1.56.4/utils/test-tamil.txt
pango-1.56.4/utils/test-thai.txt
pango-1.56.4/utils/test-tibetan.txt
pango-1.56.4/utils/viewer-cairo.c
pango-1.56.4/utils/viewer-cairo.h
pango-1.56.4/utils/viewer-main.c
pango-1.56.4/utils/viewer-pangocairo.c
pango-1.56.4/utils/viewer-pangoft2.c
pango-1.56.4/utils/viewer-pangoxft.c
pango-1.56.4/utils/viewer-render.c
pango-1.56.4/utils/viewer-render.h
pango-1.56.4/utils/viewer-x.c
pango-1.56.4/utils/viewer-x.h
pango-1.56.4/utils/viewer.h
The Meson build system
Version: 1.7.0
Source dir: /blfs/builds/pango-1.56.4
Build dir: /blfs/builds/pango-1.56.4/build
Build type: native build
Project name: pango
Project version: 1.56.4
C compiler for the host machine: cc (gcc 14.2.0 "cc (GCC) 14.2.0")
C linker for the host machine: cc ld.bfd 2.44
C++ compiler for the host machine: c++ (gcc 14.2.0 "c++ (GCC) 14.2.0")
C++ linker for the host machine: c++ ld.bfd 2.44
Host machine cpu family: x86_64
Host machine cpu: x86_64
Compiler for C supports arguments -Wno-c++11-extensions: NO 
Compiler for C supports arguments -Wno-missing-include-dirs: YES 
Compiler for C supports arguments -Wno-typedef-redefinition: NO 
Compiler for C supports arguments -Wduplicated-branches: YES 
Compiler for C supports arguments -Wduplicated-cond: YES 
Compiler for C supports arguments -Wformat=2: YES 
Compiler for C supports arguments -Wformat-nonliteral: YES 
Compiler for C supports arguments -Wformat-security: YES 
Compiler for C supports arguments -Wignored-qualifiers: YES 
Compiler for C supports arguments -Wimplicit-function-declaration: YES 
Compiler for C supports arguments -Wlogical-op: YES 
Compiler for C supports arguments -Wmisleading-indentation: YES 
Compiler for C supports arguments -Wmissing-format-attribute: YES 
Compiler for C supports arguments -Wmissing-include-dirs: YES 
Compiler for C supports arguments -Wmissing-noreturn: YES 
Compiler for C supports arguments -Wnested-externs: YES 
Compiler for C supports arguments -Wold-style-definition: YES 
Compiler for C supports arguments -Wpointer-arith: YES 
Compiler for C supports arguments -Wshadow: YES 
Compiler for C supports arguments -Wstrict-prototypes: YES 
Compiler for C supports arguments -Wswitch-default: YES 
Compiler for C supports arguments -Wswitch-enum: YES 
Compiler for C supports arguments -Wundef: YES 
Compiler for C supports arguments -Wuninitialized: YES 
Compiler for C supports arguments -Wunused: YES 
Compiler for C supports arguments -Werror=address: YES 
Compiler for C supports arguments -Werror=empty-body: YES 
Compiler for C supports arguments -Werror=implicit: YES 
Compiler for C supports arguments -Werror=implicit-fallthrough: YES 
Compiler for C supports arguments -Werror=init-self: YES 
Compiler for C supports arguments -Werror=int-to-pointer-cast: YES 
Compiler for C supports arguments -Werror=main: YES 
Compiler for C supports arguments -Werror=missing-braces: YES 
Compiler for C supports arguments -Werror=missing-declarations: YES 
Compiler for C supports arguments -Werror=missing-prototypes: YES 
Compiler for C supports arguments -Werror=nonnull: YES 
Compiler for C supports arguments -Werror=pointer-to-int-cast: YES 
Compiler for C supports arguments -Werror=redundant-decls: YES 
Compiler for C supports arguments -Werror=return-type: YES 
Compiler for C supports arguments -Werror=sequence-point: YES 
Compiler for C supports arguments -Werror=trigraphs: YES 
Compiler for C supports arguments -Werror=vla: YES 
Compiler for C supports arguments -Werror=write-strings: YES 
Compiler for C supports arguments -fno-strict-aliasing: YES 
Compiler for C supports arguments -Wpointer-arith: YES (cached)
Compiler for C supports arguments -Wmissing-declarations: YES 
Compiler for C supports arguments -Wformat=2: YES (cached)
Compiler for C supports arguments -Wformat-nonliteral: YES (cached)
Compiler for C supports arguments -Wformat-security: YES (cached)
Compiler for C supports arguments -Wunused: YES (cached)
Compiler for C supports arguments -Wcast-align: YES 
Compiler for C supports arguments -Wmissing-noreturn: YES (cached)
Compiler for C supports arguments -Wmissing-format-attribute: YES (cached)
Compiler for C supports arguments -Wmissing-include-dirs: YES (cached)
Compiler for C supports arguments -Wlogical-op: YES (cached)
Compiler for C supports arguments -Wno-uninitialized: YES 
Compiler for C supports arguments -Wno-shadow: YES 
Compiler for C supports arguments -Werror=implicit-fallthrough: YES (cached)
Compiler for C supports arguments -Werror=nonnull: YES (cached)
Compiler for C supports arguments -Werror=init-self: YES (cached)
Compiler for C supports arguments -Werror=main: YES (cached)
Compiler for C supports arguments -Werror=missing-braces: YES (cached)
Compiler for C supports arguments -Werror=sequence-point: YES (cached)
Compiler for C supports arguments -Werror=return-type: YES (cached)
Compiler for C supports arguments -Werror=trigraphs: YES (cached)
Compiler for C supports arguments -Werror=write-strings: YES (cached)
Compiler for C supports arguments -Werror=address: YES (cached)
Compiler for C supports arguments -Werror=int-to-pointer-cast: YES (cached)
Compiler for C supports arguments -Werror=empty-body: YES (cached)
Compiler for C supports arguments -Werror=write-strings: YES (cached)
Compiler for C supports arguments -Werror=unused-but-set-variable: YES 
Compiler for C supports arguments -Wundef: YES (cached)
Compiler for C supports arguments -Werror=redundant-decls: YES (cached)
Compiler for C supports arguments -fvisibility=hidden: YES 
Compiler for C supports link arguments -Wl,-Bsymbolic: YES 
Compiler for C supports link arguments -Wl,-z,relro: YES 
Compiler for C supports link arguments -Wl,-z,now: YES 
Message: Disabling cast checks
Library m found: YES
Found pkg-config: YES (/usr/bin/i686-pc-linux-gnu-pkg-config) 2.5.0
Run-time dependency glib-2.0 found: YES 2.84.3
Run-time dependency gobject-2.0 found: YES 2.84.3
Run-time dependency gio-2.0 found: YES 2.84.3
Found CMake: /usr/bin/cmake (4.0.3)
Run-time dependency gobject-introspection-1.0 found: NO (tried pkgconfig and cmake)
Run-time dependency fribidi found: YES 1.0.16
Run-time dependency libthai found: NO (tried pkgconfig and cmake)
Run-time dependency harfbuzz found: YES 11.2.1
Run-time dependency fontconfig found: YES 2.16.0
Run-time dependency freetype2 found: YES 26.1.20
Run-time dependency xft found: YES 2.3.9
Run-time dependency xrender found: YES 0.9.12
Run-time dependency cairo found: YES 1.18.4
Run-time dependency cairo-ft found: YES 1.18.4
Checking if "Cairo is built with FreeType and FontConfig support" with dependency cairo-ft links: YES 
Run-time dependency cairo-win32 found: NO (tried pkgconfig and cmake)
Run-time dependency cairo-quartz found: NO (tried pkgconfig and cmake)
Run-time dependency cairo-png found: YES 1.18.4
Run-time dependency cairo-ps found: YES 1.18.4
Run-time dependency cairo-pdf found: YES 1.18.4
Run-time dependency cairo-xlib found: YES 1.18.4
Program g-ir-scanner skipped: feature introspection disabled
Dependency sysprof-capture-4 skipped: feature sysprof disabled
Configuring config.h using configuration
Configuring pango-features.h using configuration
Dependency glib-2.0 found: YES 2.84.3 (cached)
Program /usr/bin/glib-mkenums found: YES (/usr/bin/glib-mkenums)
Dependency glib-2.0 found: YES 2.84.3 (cached)
Program /usr/bin/glib-mkenums found: YES (/usr/bin/glib-mkenums)
Program gi-docgen found: YES (/usr/bin/gi-docgen)
Program rst2man found: YES (/usr/bin/rst2man)
Program rst2html5 found: YES (/usr/bin/rst2html5)
Build targets in project: 43

pango 1.56.4

  Font backends
    Fontconfig   : true
    DirectWrite  : false
    CoreText     : false

  Features
    Cairo        : true
    Thai         : false
    Sysprof      : false

  Toolchain
    Compiler     : gcc
    Linker       : ld.bfd

  Build
    Debugging    : false
    Optimization : 3
    Introspection: false
    Documentation: false
    Man pages    : false
    Tests        : true
    Examples     : true

  Directories
    prefix       : /usr
    includedir   : /usr/include
    libdir       : /usr/lib32
    datadir      : /usr/share

  User defined options
    buildtype    : release
    introspection: disabled
    libdir       : /usr/lib32
    prefix       : /usr
    wrap_mode    : nofallback

Found ninja-1.13.0 at /usr/bin/ninja
WARNING: Running the setup command as `meson [options]` instead of `meson setup [options]` is ambiguous and deprecated.
[1/152] Generating GObject enum file pango/pango-enum-types.h (wrapped by meson to capture output)
[2/152] Compiling C object pango/libpango-1.0.so.0.5600.4.p/modules.c.o
[3/152] Compiling C object pango/libpango-1.0.so.0.5600.4.p/pango-gravity.c.o
[4/152] Compiling C object pango/libpango-1.0.so.0.5600.4.p/pango-coverage.c.o
[5/152] Compiling C object pango/libpango-1.0.so.0.5600.4.p/pango-engine.c.o
[6/152] Compiling C object pango/libpango-1.0.so.0.5600.4.p/pango-bidi-type.c.o
[7/152] Compiling C object pango/libpango-1.0.so.0.5600.4.p/pango-fontset-simple.c.o
[8/152] Compiling C object pango/libpango-1.0.so.0.5600.4.p/pango-fontset.c.o
[9/152] Generating GObject enum file pango/pango-enum-types.c (wrapped by meson to capture output)
[10/152] Compiling C object pango/libpango-1.0.so.0.5600.4.p/pango-emoji.c.o
[11/152] Compiling C object pango/libpango-1.0.so.0.5600.4.p/pango-color.c.o
[12/152] Compiling C object pango/libpango-1.0.so.0.5600.4.p/pango-item.c.o
[13/152] Compiling C object pango/libpango-1.0.so.0.5600.4.p/pango-context.c.o
[14/152] Compiling C object pango/libpango-1.0.so.0.5600.4.p/ellipsize.c.o
[15/152] Compiling C object pango/libpango-1.0.so.0.5600.4.p/glyphstring.c.o
[16/152] Compiling C object pango/libpango-1.0.so.0.5600.4.p/pango-glyph-item.c.o
[17/152] Compiling C object pango/libpango-1.0.so.0.5600.4.p/pango-script.c.o
[18/152] Compiling C object pango/libpango-1.0.so.0.5600.4.p/pango-fontmap.c.o
[19/152] Compiling C object pango/libpango-1.0.so.0.5600.4.p/reorder-items.c.o
[20/152] Compiling C object pango/libpango-1.0.so.0.5600.4.p/pango-matrix.c.o
[21/152] Compiling C object pango/libpango-1.0.so.0.5600.4.p/pango-language.c.o
[22/152] Compiling C object pango/libpangoft2-1.0.so.0.5600.4.p/pango-trace.c.o
[23/152] Compiling C object pango/libpangoft2-1.0.so.0.5600.4.p/pangofc-decoder.c.o
[24/152] Compiling C object pango/libpango-1.0.so.0.5600.4.p/pango-tabs.c.o
[25/152] Compiling C object pango/libpango-1.0.so.0.5600.4.p/itemize.c.o
[26/152] Compiling C object pango/libpango-1.0.so.0.5600.4.p/meson-generated_.._pango-enum-types.c.o
[27/152] Compiling C object pango/libpango-1.0.so.0.5600.4.p/json_gtkjsonprinter.c.o
[28/152] Compiling C object pango/libpango-1.0.so.0.5600.4.p/pango-renderer.c.o
[29/152] Compiling C object pango/libpangoft2-1.0.so.0.5600.4.p/pango-ot-info.c.o
[30/152] Compiling C object pango/libpangoft2-1.0.so.0.5600.4.p/pango-ot-buffer.c.o
[31/152] Compiling C object pango/libpango-1.0.so.0.5600.4.p/pango-utils.c.o
[32/152] Compiling C object pango/libpangoft2-1.0.so.0.5600.4.p/pangoft2-fontmap.c.o
[33/152] Compiling C object pango/libpangoft2-1.0.so.0.5600.4.p/pango-ot-tag.c.o
[34/152] Compiling C object pango/libpangoft2-1.0.so.0.5600.4.p/pangofc-font.c.o
[35/152] Compiling C object pango/libpango-1.0.so.0.5600.4.p/shape.c.o
[36/152] Compiling C object pango/libpangoft2-1.0.so.0.5600.4.p/pango-ot-ruleset.c.o
[37/152] Compiling C object pango/libpangoft2-1.0.so.0.5600.4.p/pangoft2.c.o
[38/152] Compiling C object pango/libpangoxft-1.0.so.0.5600.4.p/pangoxft-fontmap.c.o
[39/152] Compiling C object pango/libpangoxft-1.0.so.0.5600.4.p/pangoxft-font.c.o
[40/152] Compiling C object pango/libpangocairo-1.0.so.0.5600.4.p/pangocairo-fontmap.c.o
[41/152] Compiling C object pango/libpangocairo-1.0.so.0.5600.4.p/pangocairo-context.c.o
[42/152] Compiling C object utils/pango-view.p/pango-view.c.o
[43/152] Compiling C object pango/libpangoft2-1.0.so.0.5600.4.p/pangoft2-render.c.o
[44/152] Compiling C object pango/libpango-1.0.so.0.5600.4.p/pango-markup.c.o
[45/152] Compiling C object pango/libpangocairo-1.0.so.0.5600.4.p/pangocairo-fcfont.c.o
[46/152] Compiling C object pango/libpango-1.0.so.0.5600.4.p/serializer.c.o
[47/152] Compiling C object pango/libpango-1.0.so.0.5600.4.p/json_gtkjsonparser.c.o
[48/152] Compiling C object pango/libpangocairo-1.0.so.0.5600.4.p/pangocairo-fcfontmap.c.o
[49/152] Compiling C object pango/libpangoxft-1.0.so.0.5600.4.p/pangoxft-render.c.o
[50/152] Compiling C object utils/pango-view.p/viewer-main.c.o
[51/152] Compiling C object pango/libpango-1.0.so.0.5600.4.p/pango-attributes.c.o
[52/152] Compiling C object utils/pango-view.p/viewer-pangoxft.c.o
[53/152] Compiling C object utils/pango-view.p/viewer-pangoft2.c.o
[54/152] Compiling C object pango/libpango-1.0.so.0.5600.4.p/fonts.c.o
[55/152] Compiling C object pango/libpangocairo-1.0.so.0.5600.4.p/pangocairo-font.c.o
[56/152] Compiling C object utils/pango-view.p/viewer-x.c.o
[57/152] Compiling C object utils/pango-view.p/viewer-cairo.c.o
[58/152] Compiling C object utils/pango-list.p/pango-list.c.o
[59/152] Compiling C object tools/gen-script-for-lang.p/gen-script-for-lang.c.o
[60/152] Compiling C object tests/test-coverage.p/test-coverage.c.o
[61/152] Compiling C object tests/testboundaries.p/testboundaries.c.o
[62/152] Compiling C object tests/testlanguage.p/testlanguage.c.o
[63/152] Compiling C object tests/testscript.p/testscript.c.o
[64/152] Compiling C object utils/pango-segmentation.p/pango-segmentation.c.o
[65/152] Compiling C object tests/testboundaries_ucd.p/testboundaries_ucd.c.o
[66/152] Compiling C object tests/test-ot-tags.p/test-ot-tags.c.o
[67/152] Compiling C object tests/testcolor.p/testcolor.c.o
[68/152] Compiling C object pango/libpangocairo-1.0.so.0.5600.4.p/pangocairo-render.c.o
[69/152] Compiling C object tests/testtabs.p/testtabs.c.o
[70/152] Compiling C object tests/testcontext.p/testcontext.c.o
[71/152] Compiling C object tests/test-font-data.p/test-common.c.o
[72/152] Compiling C object utils/pango-view.p/viewer-pangocairo.c.o
[73/152] Compiling C object tests/testmatrix.p/testmatrix.c.o
[74/152] Compiling C object tests/testiter.p/testiter.c.o
[75/152] Compiling C object utils/pango-view.p/viewer-render.c.o
[76/152] Compiling C object tests/test-font-data.p/test-font-data.c.o
[77/152] Compiling C object tests/test-ellipsize.p/test-ellipsize.c.o
[78/152] Compiling C object tests/markup-parse.p/test-common.c.o
[79/152] Compiling C object tests/markup-parse.p/markup-parse.c.o
[80/152] Compiling C object tests/test-itemize.p/test-common.c.o
[81/152] Compiling C object tests/test-shape.p/test-common.c.o
[82/152] Compiling C object tests/test-itemize.p/test-itemize.c.o
[83/152] Compiling C object tests/test-font.p/test-common.c.o
[84/152] Compiling C object tests/testattributes.p/test-common.c.o
[85/152] Compiling C object tests/test-harfbuzz.p/test-harfbuzz.c.o
[86/152] Compiling C object tests/test-bidi.p/test-bidi.c.o
[87/152] Compiling C object tests/test-layout2.p/test-layout2.c.o
[88/152] Compiling C object pango/libpangoft2-1.0.so.0.5600.4.p/pangofc-fontmap.c.o
[89/152] Compiling C object tests/test-break.p/validate-log-attrs.c.o
[90/152] Compiling C++ object tests/cxx-test.p/cxx-test.cpp.o
[91/152] Compiling C object tests/test-break.p/test-common.c.o
[92/152] Compiling C object tests/test-layout.p/test-common.c.o
[93/152] Compiling C object tests/test-fonts.p/test-fonts.c.o
[94/152] Compiling C object tests/test-fonts.p/test-common.c.o
[95/152] Compiling C object tests/test-layout.p/test-layout.c.o
[96/152] Compiling C object tests/test-no-fonts.p/test-no-fonts.c.o
[97/152] Compiling C object tests/test-pangocairo-threads.p/test-pangocairo-threads.c.o
[98/152] Compiling C object examples/cairoshape.p/cairoshape.c.o
[99/152] Compiling C object tests/testserialize.p/testserialize.c.o
[100/152] Compiling C object examples/cairosimple.p/cairosimple.c.o
[101/152] Compiling C object tests/test-shape.p/test-shape.c.o
[102/152] Compiling C object tests/testattributes.p/testattributes.c.o
[103/152] Compiling C object tests/testmisc.p/testmisc.c.o
[104/152] Compiling C object examples/cairotwisted.p/cairotwisted.c.o
[105/152] Compiling C object tests/test-break.p/test-break.c.o
[106/152] Compiling C object tests/test-font.p/test-font.c.o
[107/152] Compiling C object pango/libpango-1.0.so.0.5600.4.p/pango-layout.c.o
[108/152] Compiling C object pango/libpango-1.0.so.0.5600.4.p/break.c.o
[109/152] Linking target pango/libpango-1.0.so.0.5600.4
[110/152] Generating symbol file pango/libpango-1.0.so.0.5600.4.p/libpango-1.0.so.0.5600.4.symbols
[111/152] Linking target tests/testboundaries
[112/152] Linking target tests/testboundaries_ucd
[113/152] Linking target tests/testscript
[114/152] Linking target tests/testlanguage
[115/152] Linking target tests/test-coverage
[116/152] Linking target tools/gen-script-for-lang
[117/152] Linking target pango/libpangoft2-1.0.so.0.5600.4
[118/152] Linking target tests/testcolor
[119/152] Linking target tests/testtabs
[120/152] Linking target tests/testmatrix
[121/152] Generating symbol file pango/libpangoft2-1.0.so.0.5600.4.p/libpangoft2-1.0.so.0.5600.4.symbols
[122/152] Linking target pango/libpangocairo-1.0.so.0.5600.4
[123/152] Linking target tests/test-ot-tags
[124/152] Linking target pango/libpangoxft-1.0.so.0.5600.4
[125/152] Generating symbol file pango/libpangocairo-1.0.so.0.5600.4.p/libpangocairo-1.0.so.0.5600.4.symbols
[126/152] Generating symbol file pango/libpangoxft-1.0.so.0.5600.4.p/libpangoxft-1.0.so.0.5600.4.symbols
[127/152] Linking target tests/cxx-test
[128/152] Linking target tests/testiter
[129/152] Linking target tests/test-bidi
[130/152] Linking target tests/testcontext
[131/152] Linking target tests/test-ellipsize
[132/152] Linking target tests/test-itemize
[133/152] Linking target utils/pango-segmentation
[134/152] Linking target utils/pango-list
[135/152] Linking target tests/test-layout2
[136/152] Linking target tests/testmisc
[137/152] Linking target tests/test-layout
[138/152] Linking target tests/test-no-fonts
[139/152] Linking target tests/test-fonts
[140/152] Linking target tests/test-font
[141/152] Linking target tests/markup-parse
[142/152] Linking target tests/test-font-data
[143/152] Linking target utils/pango-view
[144/152] Linking target tests/test-harfbuzz
[145/152] Linking target tests/test-break
[146/152] Linking target tests/testserialize
[147/152] Linking target tests/test-shape
[148/152] Linking target tests/test-pangocairo-threads
[149/152] Linking target examples/cairoshape
[150/152] Linking target examples/cairotwisted
[151/152] Linking target tests/testattributes
[152/152] Linking target examples/cairosimple
[0/1] Installing files
Installing pango/pango-enum-types.h to /blfs/builds/pango-1.56.4/build/DESTDIR/usr/include/pango-1.0/pango
Installing pango/libpango-1.0.so.0.5600.4 to /blfs/builds/pango-1.56.4/build/DESTDIR/usr/lib32
Installing pango/libpangoft2-1.0.so.0.5600.4 to /blfs/builds/pango-1.56.4/build/DESTDIR/usr/lib32
Installing pango/libpangoxft-1.0.so.0.5600.4 to /blfs/builds/pango-1.56.4/build/DESTDIR/usr/lib32
Installing pango/libpangocairo-1.0.so.0.5600.4 to /blfs/builds/pango-1.56.4/build/DESTDIR/usr/lib32
Installing utils/pango-view to /blfs/builds/pango-1.56.4/build/DESTDIR/usr/bin
Installing utils/pango-list to /blfs/builds/pango-1.56.4/build/DESTDIR/usr/bin
Installing utils/pango-segmentation to /blfs/builds/pango-1.56.4/build/DESTDIR/usr/bin
Installing /blfs/builds/pango-1.56.4/pango/pango.h to /blfs/builds/pango-1.56.4/build/DESTDIR/usr/include/pango-1.0/pango
Installing /blfs/builds/pango-1.56.4/pango/pango-attributes.h to /blfs/builds/pango-1.56.4/build/DESTDIR/usr/include/pango-1.0/pango
Installing /blfs/builds/pango-1.56.4/pango/pango-bidi-type.h to /blfs/builds/pango-1.56.4/build/DESTDIR/usr/include/pango-1.0/pango
Installing /blfs/builds/pango-1.56.4/pango/pango-break.h to /blfs/builds/pango-1.56.4/build/DESTDIR/usr/include/pango-1.0/pango
Installing /blfs/builds/pango-1.56.4/pango/pango-color.h to /blfs/builds/pango-1.56.4/build/DESTDIR/usr/include/pango-1.0/pango
Installing /blfs/builds/pango-1.56.4/pango/pango-context.h to /blfs/builds/pango-1.56.4/build/DESTDIR/usr/include/pango-1.0/pango
Installing /blfs/builds/pango-1.56.4/pango/pango-coverage.h to /blfs/builds/pango-1.56.4/build/DESTDIR/usr/include/pango-1.0/pango
Installing /blfs/builds/pango-1.56.4/pango/pango-direction.h to /blfs/builds/pango-1.56.4/build/DESTDIR/usr/include/pango-1.0/pango
Installing /blfs/builds/pango-1.56.4/pango/pango-engine.h to /blfs/builds/pango-1.56.4/build/DESTDIR/usr/include/pango-1.0/pango
Installing /blfs/builds/pango-1.56.4/pango/pango-font.h to /blfs/builds/pango-1.56.4/build/DESTDIR/usr/include/pango-1.0/pango
Installing /blfs/builds/pango-1.56.4/pango/pango-fontmap.h to /blfs/builds/pango-1.56.4/build/DESTDIR/usr/include/pango-1.0/pango
Installing /blfs/builds/pango-1.56.4/pango/pango-fontset.h to /blfs/builds/pango-1.56.4/build/DESTDIR/usr/include/pango-1.0/pango
Installing /blfs/builds/pango-1.56.4/pango/pango-fontset-simple.h to /blfs/builds/pango-1.56.4/build/DESTDIR/usr/include/pango-1.0/pango
Installing /blfs/builds/pango-1.56.4/pango/pango-glyph.h to /blfs/builds/pango-1.56.4/build/DESTDIR/usr/include/pango-1.0/pango
Installing /blfs/builds/pango-1.56.4/pango/pango-glyph-item.h to /blfs/builds/pango-1.56.4/build/DESTDIR/usr/include/pango-1.0/pango
Installing /blfs/builds/pango-1.56.4/pango/pango-gravity.h to /blfs/builds/pango-1.56.4/build/DESTDIR/usr/include/pango-1.0/pango
Installing /blfs/builds/pango-1.56.4/pango/pango-item.h to /blfs/builds/pango-1.56.4/build/DESTDIR/usr/include/pango-1.0/pango
Installing /blfs/builds/pango-1.56.4/pango/pango-language.h to /blfs/builds/pango-1.56.4/build/DESTDIR/usr/include/pango-1.0/pango
Installing /blfs/builds/pango-1.56.4/pango/pango-layout.h to /blfs/builds/pango-1.56.4/build/DESTDIR/usr/include/pango-1.0/pango
Installing /blfs/builds/pango-1.56.4/pango/pango-matrix.h to /blfs/builds/pango-1.56.4/build/DESTDIR/usr/include/pango-1.0/pango
Installing /blfs/builds/pango-1.56.4/pango/pango-markup.h to /blfs/builds/pango-1.56.4/build/DESTDIR/usr/include/pango-1.0/pango
Installing /blfs/builds/pango-1.56.4/pango/pango-modules.h to /blfs/builds/pango-1.56.4/build/DESTDIR/usr/include/pango-1.0/pango
Installing /blfs/builds/pango-1.56.4/pango/pango-renderer.h to /blfs/builds/pango-1.56.4/build/DESTDIR/usr/include/pango-1.0/pango
Installing /blfs/builds/pango-1.56.4/pango/pango-script.h to /blfs/builds/pango-1.56.4/build/DESTDIR/usr/include/pango-1.0/pango
Installing /blfs/builds/pango-1.56.4/pango/pango-tabs.h to /blfs/builds/pango-1.56.4/build/DESTDIR/usr/include/pango-1.0/pango
Installing /blfs/builds/pango-1.56.4/pango/pango-types.h to /blfs/builds/pango-1.56.4/build/DESTDIR/usr/include/pango-1.0/pango
Installing /blfs/builds/pango-1.56.4/pango/pango-utils.h to /blfs/builds/pango-1.56.4/build/DESTDIR/usr/include/pango-1.0/pango
Installing /blfs/builds/pango-1.56.4/pango/pango-version-macros.h to /blfs/builds/pango-1.56.4/build/DESTDIR/usr/include/pango-1.0/pango
Installing /blfs/builds/pango-1.56.4/pango/pangoft2.h to /blfs/builds/pango-1.56.4/build/DESTDIR/usr/include/pango-1.0/pango
Installing /blfs/builds/pango-1.56.4/pango/pangofc-font.h to /blfs/builds/pango-1.56.4/build/DESTDIR/usr/include/pango-1.0/pango
Installing /blfs/builds/pango-1.56.4/pango/pangofc-fontmap.h to /blfs/builds/pango-1.56.4/build/DESTDIR/usr/include/pango-1.0/pango
Installing /blfs/builds/pango-1.56.4/pango/pangofc-decoder.h to /blfs/builds/pango-1.56.4/build/DESTDIR/usr/include/pango-1.0/pango
Installing /blfs/builds/pango-1.56.4/pango/pango-ot.h to /blfs/builds/pango-1.56.4/build/DESTDIR/usr/include/pango-1.0/pango
Installing /blfs/builds/pango-1.56.4/pango/pangoxft.h to /blfs/builds/pango-1.56.4/build/DESTDIR/usr/include/pango-1.0/pango
Installing /blfs/builds/pango-1.56.4/pango/pangoxft-render.h to /blfs/builds/pango-1.56.4/build/DESTDIR/usr/include/pango-1.0/pango
Installing /blfs/builds/pango-1.56.4/pango/pangocairo.h to /blfs/builds/pango-1.56.4/build/DESTDIR/usr/include/pango-1.0/pango
Installing /blfs/builds/pango-1.56.4/build/pango/pango-features.h to /blfs/builds/pango-1.56.4/build/DESTDIR/usr/include/pango-1.0/pango
Installing /blfs/builds/pango-1.56.4/build/meson-private/pango.pc to /blfs/builds/pango-1.56.4/build/DESTDIR/usr/lib32/pkgconfig
Installing /blfs/builds/pango-1.56.4/build/meson-private/pangoft2.pc to /blfs/builds/pango-1.56.4/build/DESTDIR/usr/lib32/pkgconfig
Installing /blfs/builds/pango-1.56.4/build/meson-private/pangoot.pc to /blfs/builds/pango-1.56.4/build/DESTDIR/usr/lib32/pkgconfig
Installing /blfs/builds/pango-1.56.4/build/meson-private/pangofc.pc to /blfs/builds/pango-1.56.4/build/DESTDIR/usr/lib32/pkgconfig
Installing /blfs/builds/pango-1.56.4/build/meson-private/pangoxft.pc to /blfs/builds/pango-1.56.4/build/DESTDIR/usr/lib32/pkgconfig
Installing /blfs/builds/pango-1.56.4/build/meson-private/pangocairo.pc to /blfs/builds/pango-1.56.4/build/DESTDIR/usr/lib32/pkgconfig
Installing symlink pointing to libpango-1.0.so.0.5600.4 to /blfs/builds/pango-1.56.4/build/DESTDIR/usr/lib32/libpango-1.0.so.0
Installing symlink pointing to libpango-1.0.so.0 to /blfs/builds/pango-1.56.4/build/DESTDIR/usr/lib32/libpango-1.0.so
Installing symlink pointing to libpangoft2-1.0.so.0.5600.4 to /blfs/builds/pango-1.56.4/build/DESTDIR/usr/lib32/libpangoft2-1.0.so.0
Installing symlink pointing to libpangoft2-1.0.so.0 to /blfs/builds/pango-1.56.4/build/DESTDIR/usr/lib32/libpangoft2-1.0.so
Installing symlink pointing to libpangoxft-1.0.so.0.5600.4 to /blfs/builds/pango-1.56.4/build/DESTDIR/usr/lib32/libpangoxft-1.0.so.0
Installing symlink pointing to libpangoxft-1.0.so.0 to /blfs/builds/pango-1.56.4/build/DESTDIR/usr/lib32/libpangoxft-1.0.so
Installing symlink pointing to libpangocairo-1.0.so.0.5600.4 to /blfs/builds/pango-1.56.4/build/DESTDIR/usr/lib32/libpangocairo-1.0.so.0
Installing symlink pointing to libpangocairo-1.0.so.0 to /blfs/builds/pango-1.56.4/build/DESTDIR/usr/lib32/libpangocairo-1.0.so
'DESTDIR/usr/lib32/libpango-1.0.so' -> '/pkgs/lib32-pango/usr/lib32/libpango-1.0.so'
'DESTDIR/usr/lib32/libpango-1.0.so.0' -> '/pkgs/lib32-pango/usr/lib32/libpango-1.0.so.0'
'DESTDIR/usr/lib32/libpango-1.0.so.0.5600.4' -> '/pkgs/lib32-pango/usr/lib32/libpango-1.0.so.0.5600.4'
'DESTDIR/usr/lib32/libpangocairo-1.0.so' -> '/pkgs/lib32-pango/usr/lib32/libpangocairo-1.0.so'
'DESTDIR/usr/lib32/libpangocairo-1.0.so.0' -> '/pkgs/lib32-pango/usr/lib32/libpangocairo-1.0.so.0'
'DESTDIR/usr/lib32/libpangocairo-1.0.so.0.5600.4' -> '/pkgs/lib32-pango/usr/lib32/libpangocairo-1.0.so.0.5600.4'
'DESTDIR/usr/lib32/libpangoft2-1.0.so' -> '/pkgs/lib32-pango/usr/lib32/libpangoft2-1.0.so'
'DESTDIR/usr/lib32/libpangoft2-1.0.so.0' -> '/pkgs/lib32-pango/usr/lib32/libpangoft2-1.0.so.0'
'DESTDIR/usr/lib32/libpangoft2-1.0.so.0.5600.4' -> '/pkgs/lib32-pango/usr/lib32/libpangoft2-1.0.so.0.5600.4'
'DESTDIR/usr/lib32/libpangoxft-1.0.so' -> '/pkgs/lib32-pango/usr/lib32/libpangoxft-1.0.so'
'DESTDIR/usr/lib32/libpangoxft-1.0.so.0' -> '/pkgs/lib32-pango/usr/lib32/libpangoxft-1.0.so.0'
'DESTDIR/usr/lib32/libpangoxft-1.0.so.0.5600.4' -> '/pkgs/lib32-pango/usr/lib32/libpangoxft-1.0.so.0.5600.4'
'DESTDIR/usr/lib32/pkgconfig' -> '/pkgs/lib32-pango/usr/lib32/pkgconfig'
'DESTDIR/usr/lib32/pkgconfig/pango.pc' -> '/pkgs/lib32-pango/usr/lib32/pkgconfig/pango.pc'
'DESTDIR/usr/lib32/pkgconfig/pangoft2.pc' -> '/pkgs/lib32-pango/usr/lib32/pkgconfig/pangoft2.pc'
'DESTDIR/usr/lib32/pkgconfig/pangoot.pc' -> '/pkgs/lib32-pango/usr/lib32/pkgconfig/pangoot.pc'
'DESTDIR/usr/lib32/pkgconfig/pangofc.pc' -> '/pkgs/lib32-pango/usr/lib32/pkgconfig/pangofc.pc'
'DESTDIR/usr/lib32/pkgconfig/pangoxft.pc' -> '/pkgs/lib32-pango/usr/lib32/pkgconfig/pangoxft.pc'
'DESTDIR/usr/lib32/pkgconfig/pangocairo.pc' -> '/pkgs/lib32-pango/usr/lib32/pkgconfig/pangocairo.pc'
removed '/usr/lib32/libpango-1.0.so'
'/pkgs/lib32-pango/usr/lib32/libpango-1.0.so' -> '/usr/lib32/libpango-1.0.so'
removed '/usr/lib32/libpango-1.0.so.0'
'/pkgs/lib32-pango/usr/lib32/libpango-1.0.so.0' -> '/usr/lib32/libpango-1.0.so.0'
'/pkgs/lib32-pango/usr/lib32/libpango-1.0.so.0.5600.4' -> '/usr/lib32/libpango-1.0.so.0.5600.4'
removed '/usr/lib32/libpangocairo-1.0.so'
'/pkgs/lib32-pango/usr/lib32/libpangocairo-1.0.so' -> '/usr/lib32/libpangocairo-1.0.so'
removed '/usr/lib32/libpangocairo-1.0.so.0'
'/pkgs/lib32-pango/usr/lib32/libpangocairo-1.0.so.0' -> '/usr/lib32/libpangocairo-1.0.so.0'
'/pkgs/lib32-pango/usr/lib32/libpangocairo-1.0.so.0.5600.4' -> '/usr/lib32/libpangocairo-1.0.so.0.5600.4'
removed '/usr/lib32/libpangoft2-1.0.so'
'/pkgs/lib32-pango/usr/lib32/libpangoft2-1.0.so' -> '/usr/lib32/libpangoft2-1.0.so'
removed '/usr/lib32/libpangoft2-1.0.so.0'
'/pkgs/lib32-pango/usr/lib32/libpangoft2-1.0.so.0' -> '/usr/lib32/libpangoft2-1.0.so.0'
'/pkgs/lib32-pango/usr/lib32/libpangoft2-1.0.so.0.5600.4' -> '/usr/lib32/libpangoft2-1.0.so.0.5600.4'
removed '/usr/lib32/libpangoxft-1.0.so'
'/pkgs/lib32-pango/usr/lib32/libpangoxft-1.0.so' -> '/usr/lib32/libpangoxft-1.0.so'
removed '/usr/lib32/libpangoxft-1.0.so.0'
'/pkgs/lib32-pango/usr/lib32/libpangoxft-1.0.so.0' -> '/usr/lib32/libpangoxft-1.0.so.0'
'/pkgs/lib32-pango/usr/lib32/libpangoxft-1.0.so.0.5600.4' -> '/usr/lib32/libpangoxft-1.0.so.0.5600.4'
'/pkgs/lib32-pango/usr/lib32/pkgconfig/pango.pc' -> '/usr/lib32/pkgconfig/pango.pc'
'/pkgs/lib32-pango/usr/lib32/pkgconfig/pangoft2.pc' -> '/usr/lib32/pkgconfig/pangoft2.pc'
'/pkgs/lib32-pango/usr/lib32/pkgconfig/pangoot.pc' -> '/usr/lib32/pkgconfig/pangoot.pc'
'/pkgs/lib32-pango/usr/lib32/pkgconfig/pangofc.pc' -> '/usr/lib32/pkgconfig/pangofc.pc'
'/pkgs/lib32-pango/usr/lib32/pkgconfig/pangoxft.pc' -> '/usr/lib32/pkgconfig/pangoxft.pc'
'/pkgs/lib32-pango/usr/lib32/pkgconfig/pangocairo.pc' -> '/usr/lib32/pkgconfig/pangocairo.pc'
lib32-pango/
lib32-pango/usr/
lib32-pango/usr/lib32/
lib32-pango/usr/lib32/libpangocairo-1.0.so
lib32-pango/usr/lib32/libpangoxft-1.0.so.0
lib32-pango/usr/lib32/libpangoft2-1.0.so.0.5600.4
lib32-pango/usr/lib32/libpangocairo-1.0.so.0
lib32-pango/usr/lib32/libpangocairo-1.0.so.0.5600.4
lib32-pango/usr/lib32/libpango-1.0.so.0.5600.4
lib32-pango/usr/lib32/libpango-1.0.so
lib32-pango/usr/lib32/libpangoxft-1.0.so.0.5600.4
lib32-pango/usr/lib32/libpangoft2-1.0.so
lib32-pango/usr/lib32/pkgconfig/
lib32-pango/usr/lib32/pkgconfig/pangofc.pc
lib32-pango/usr/lib32/pkgconfig/pangoft2.pc
lib32-pango/usr/lib32/pkgconfig/pangocairo.pc
lib32-pango/usr/lib32/pkgconfig/pangoxft.pc
lib32-pango/usr/lib32/pkgconfig/pangoot.pc
lib32-pango/usr/lib32/pkgconfig/pango.pc
lib32-pango/usr/lib32/libpango-1.0.so.0
lib32-pango/usr/lib32/libpangoft2-1.0.so.0
lib32-pango/usr/lib32/libpangoxft-1.0.so
lib32-pango/version
lib32-pango/depends
