--2026-04-11 09:53:28--  https://gitlab.gnome.org/GNOME/gucharmap/-/archive/17.0.2/gucharmap-17.0.2.tar.bz2
Resolving gitlab.gnome.org (gitlab.gnome.org)... 151.101.1.91, 151.101.65.91, 151.101.129.91, ...
Connecting to gitlab.gnome.org (gitlab.gnome.org)|151.101.1.91|:443... connected.
HTTP request sent, awaiting response... 200 OK
Length: 1514068 (1.4M) [application/octet-stream]
Saving to: ‘gucharmap-17.0.2.tar.bz2’

     0K .......... .......... .......... .......... ..........  3% 10.6M 0s
    50K .......... .......... .......... .......... ..........  6% 11.7M 0s
   100K .......... .......... .......... .......... .......... 10% 7.16M 0s
   150K .......... .......... .......... .......... .......... 13%  120M 0s
   200K .......... .......... .......... .......... .......... 16% 58.4M 0s
   250K .......... .......... .......... .......... .......... 20% 17.9M 0s
   300K .......... .......... .......... .......... .......... 23% 12.3M 0s
   350K .......... .......... .......... .......... .......... 27% 78.0M 0s
   400K .......... .......... .......... .......... .......... 30%  130M 0s
   450K .......... .......... .......... .......... .......... 33%  120M 0s
   500K .......... .......... .......... .......... .......... 37% 18.8M 0s
   550K .......... .......... .......... .......... .......... 40%  114M 0s
   600K .......... .......... .......... .......... .......... 43%  119M 0s
   650K .......... .......... .......... .......... .......... 47%  116M 0s
   700K .......... .......... .......... .......... .......... 50% 15.3M 0s
   750K .......... .......... .......... .......... .......... 54% 99.0M 0s
   800K .......... .......... .......... .......... .......... 57%  102M 0s
   850K .......... .......... .......... .......... .......... 60%  134M 0s
   900K .......... .......... .......... .......... .......... 64%  119M 0s
   950K .......... .......... .......... .......... .......... 67% 24.4M 0s
  1000K .......... .......... .......... .......... .......... 71%  104M 0s
  1050K .......... .......... .......... .......... .......... 74%  131M 0s
  1100K .......... .......... .......... .......... .......... 77% 14.5M 0s
  1150K .......... .......... .......... .......... .......... 81% 85.8M 0s
  1200K .......... .......... .......... .......... .......... 84%  113M 0s
  1250K .......... .......... .......... .......... .......... 87%  118M 0s
  1300K .......... .......... .......... .......... .......... 91%  118M 0s
  1350K .......... .......... .......... .......... .......... 94%  112M 0s
  1400K .......... .......... .......... .......... .......... 98%  136M 0s
  1450K .......... .......... ........                        100%  138M=0.04s

2026-04-11 09:53:28 (33.8 MB/s) - ‘gucharmap-17.0.2.tar.bz2’ saved [1514068/1514068]

--2026-04-11 09:53:28--  https://www.unicode.org/Public/7.0.2.0.0/ucd/UCD.zip
Resolving www.unicode.org (www.unicode.org)... 104.26.10.47, 172.67.74.23, 104.26.11.47, ...
Connecting to www.unicode.org (www.unicode.org)|104.26.10.47|:443... connected.
HTTP request sent, awaiting response... 404 Not Found
2026-04-11 09:53:28 ERROR 404: Not Found.

