--2026-04-11 07:14:13--  https://download.gnome.org/sources/vala/0.56/vala-0.56.19.tar.xz
Resolving download.gnome.org (download.gnome.org)... 109.61.92.53, 109.61.92.47, 109.61.92.50, ...
Connecting to download.gnome.org (download.gnome.org)|109.61.92.53|:443... connected.
HTTP request sent, awaiting response... 200 OK
Length: 4007612 (3.8M) [application/octet-stream]
Saving to: ‘vala-0.56.19.tar.xz’

     0K .......... .......... .......... .......... ..........  1%  632K 6s
    50K .......... .......... .......... .......... ..........  2% 1.51M 4s
   100K .......... .......... .......... .......... ..........  3% 1.99M 3s
   150K .......... .......... .......... .......... ..........  5% 1.72M 3s
   200K .......... .......... .......... .......... ..........  6% 4.14M 3s
   250K .......... .......... .......... .......... ..........  7% 5.37M 2s
   300K .......... .......... .......... .......... ..........  8% 2.12M 2s
   350K .......... .......... .......... .......... .......... 10% 3.55M 2s
   400K .......... .......... .......... .......... .......... 11% 4.91M 2s
   450K .......... .......... .......... .......... .......... 12% 2.31M 2s
   500K .......... .......... .......... .......... .......... 14% 9.76M 2s
   550K .......... .......... .......... .......... .......... 15% 9.54M 1s
   600K .......... .......... .......... .......... .......... 16% 9.31M 1s
   650K .......... .......... .......... .......... .......... 17% 11.3M 1s
   700K .......... .......... .......... .......... .......... 19% 4.33M 1s
   750K .......... .......... .......... .......... .......... 20% 3.05M 1s
   800K .......... .......... .......... .......... .......... 21% 12.0M 1s
   850K .......... .......... .......... .......... .......... 22% 9.79M 1s
   900K .......... .......... .......... .......... .......... 24% 12.0M 1s
   950K .......... .......... .......... .......... .......... 25% 12.1M 1s
  1000K .......... .......... .......... .......... .......... 26% 2.57M 1s
  1050K .......... .......... .......... .......... .......... 28% 8.99M 1s
  1100K .......... .......... .......... .......... .......... 29% 17.0M 1s
  1150K .......... .......... .......... .......... .......... 30% 15.9M 1s
  1200K .......... .......... .......... .......... .......... 31% 16.9M 1s
  1250K .......... .......... .......... .......... .......... 33% 21.1M 1s
  1300K .......... .......... .......... .......... .......... 34% 19.5M 1s
  1350K .......... .......... .......... .......... .......... 35% 17.3M 1s
  1400K .......... .......... .......... .......... .......... 37% 23.8M 1s
  1450K .......... .......... .......... .......... .......... 38% 17.4M 1s
  1500K .......... .......... .......... .......... .......... 39% 23.1M 1s
  1550K .......... .......... .......... .......... .......... 40% 2.57M 1s
  1600K .......... .......... .......... .......... .......... 42% 31.1M 1s
  1650K .......... .......... .......... .......... .......... 43% 16.4M 1s
  1700K .......... .......... .......... .......... .......... 44% 26.5M 0s
  1750K .......... .......... .......... .......... .......... 45% 22.2M 0s
  1800K .......... .......... .......... .......... .......... 47% 12.8M 0s
  1850K .......... .......... .......... .......... .......... 48% 26.5M 0s
  1900K .......... .......... .......... .......... .......... 49% 21.4M 0s
  1950K .......... .......... .......... .......... .......... 51% 13.6M 0s
  2000K .......... .......... .......... .......... .......... 52% 29.8M 0s
  2050K .......... .......... .......... .......... .......... 53% 19.6M 0s
  2100K .......... .......... .......... .......... .......... 54% 6.32M 0s
  2150K .......... .......... .......... .......... .......... 56% 3.94M 0s
  2200K .......... .......... .......... .......... .......... 57% 35.0M 0s
  2250K .......... .......... .......... .......... .......... 58% 46.4M 0s
  2300K .......... .......... .......... .......... .......... 60% 29.1M 0s
  2350K .......... .......... .......... .......... .......... 61% 28.3M 0s
  2400K .......... .......... .......... .......... .......... 62% 46.0M 0s
  2450K .......... .......... .......... .......... .......... 63% 45.3M 0s
  2500K .......... .......... .......... .......... .......... 65% 31.4M 0s
  2550K .......... .......... .......... .......... .......... 66% 46.7M 0s
  2600K .......... .......... .......... .......... .......... 67% 28.7M 0s
  2650K .......... .......... .......... .......... .......... 68% 51.2M 0s
  2700K .......... .......... .......... .......... .......... 70% 29.3M 0s
  2750K .......... .......... .......... .......... .......... 71% 28.4M 0s
  2800K .......... .......... .......... .......... .......... 72% 46.7M 0s
  2850K .......... .......... .......... .......... .......... 74% 47.1M 0s
  2900K .......... .......... .......... .......... .......... 75% 30.2M 0s
  2950K .......... .......... .......... .......... .......... 76% 46.4M 0s
  3000K .......... .......... .......... .......... .......... 77% 29.5M 0s
  3050K .......... .......... .......... .......... .......... 79% 53.7M 0s
  3100K .......... .......... .......... .......... .......... 80% 29.3M 0s
  3150K .......... .......... .......... .......... .......... 81% 27.4M 0s
  3200K .......... .......... .......... .......... .......... 83% 47.5M 0s
  3250K .......... .......... .......... .......... .......... 84% 3.17M 0s
  3300K .......... .......... .......... .......... .......... 85% 33.7M 0s
  3350K .......... .......... .......... .......... .......... 86% 39.8M 0s
  3400K .......... .......... .......... .......... .......... 88% 39.8M 0s
  3450K .......... .......... .......... .......... .......... 89% 60.6M 0s
  3500K .......... .......... .......... .......... .......... 90% 36.5M 0s
  3550K .......... .......... .......... .......... .......... 91% 25.2M 0s
  3600K .......... .......... .......... .......... .......... 93% 88.1M 0s
  3650K .......... .......... .......... .......... .......... 94% 41.8M 0s
  3700K .......... .......... .......... .......... .......... 95% 22.0M 0s
  3750K .......... .......... .......... .......... .......... 97%  104M 0s
  3800K .......... .......... .......... .......... .......... 98% 36.1M 0s
  3850K .......... .......... .......... .......... .......... 99% 21.9M 0s
  3900K .......... ...                                        100%  201M=0.5s

2026-04-11 07:14:14 (7.83 MB/s) - ‘vala-0.56.19.tar.xz’ saved [4007612/4007612]

--2026-04-11 07:14:14--  https://gitlab.archlinux.org/archlinux/packaging/packages/vala/-/raw/main/0001-valadoc-Fix-gvRenderData-to-match-graphviz-13.0.0.patch
Resolving gitlab.archlinux.org (gitlab.archlinux.org)... 213.133.111.15, 2a01:4f8:222:174c::1
Connecting to gitlab.archlinux.org (gitlab.archlinux.org)|213.133.111.15|:443... connected.
HTTP request sent, awaiting response... 404 Not Found
2026-04-11 07:14:14 ERROR 404: Not Found.

