--2026-04-11 09:16:51--  https://download.videolan.org/vlc/3.0.23/vlc-3.0.23.tar.xz
Resolving download.videolan.org (download.videolan.org)... 213.36.253.2, 2a01:e0d:1:3:58bf:fa02:c0de:5
Connecting to download.videolan.org (download.videolan.org)|213.36.253.2|:443... connected.
HTTP request sent, awaiting response... 200 OK
Length: 26486988 (25M) [application/octet-stream]
Saving to: ‘vlc-3.0.23.tar.xz’

     0K .......... .......... .......... .......... ..........  0%  575K 45s
    50K .......... .......... .......... .......... ..........  0%  391K 55s
   100K .......... .......... .......... .......... ..........  0%  565K 52s
   150K .......... .......... .......... .......... ..........  0%  568K 50s
   200K .......... .......... .......... .......... ..........  0% 1.01M 45s
   250K .......... .......... .......... .......... ..........  1% 1.24M 41s
   300K .......... .......... .......... .......... ..........  1% 1.02M 38s
   350K .......... .......... .......... .......... ..........  1% 1.20M 36s
   400K .......... .......... .......... .......... ..........  1% 1.00M 35s
   450K .......... .......... .......... .......... ..........  1% 1.23M 33s
   500K .......... .......... .......... .......... ..........  2% 39.5M 30s
   550K .......... .......... .......... .......... ..........  2% 40.9M 28s
   600K .......... .......... .......... .......... ..........  2% 1.07M 27s
   650K .......... .......... .......... .......... ..........  2% 1.22M 27s
   700K .......... .......... .......... .......... ..........  2% 40.2M 25s
   750K .......... .......... .......... .......... ..........  3% 1.03M 25s
   800K .......... .......... .......... .......... ..........  3% 40.2M 23s
   850K .......... .......... .......... .......... ..........  3% 42.3M 22s
   900K .......... .......... .......... .......... ..........  3% 43.5M 21s
   950K .......... .......... .......... .......... ..........  3% 1.34M 21s
  1000K .......... .......... .......... .......... ..........  4% 38.6M 20s
  1050K .......... .......... .......... .......... ..........  4% 41.7M 19s
  1100K .......... .......... .......... .......... ..........  4% 1.10M 19s
  1150K .......... .......... .......... .......... ..........  4% 30.8M 18s
  1200K .......... .......... .......... .......... ..........  4% 19.9M 17s
  1250K .......... .......... .......... .......... ..........  5% 1.33M 17s
  1300K .......... .......... .......... .......... ..........  5% 40.5M 17s
  1350K .......... .......... .......... .......... ..........  5% 42.3M 16s
  1400K .......... .......... .......... .......... ..........  5% 30.3M 16s
  1450K .......... .......... .......... .......... ..........  5% 1.13M 16s
  1500K .......... .......... .......... .......... ..........  5% 35.6M 15s
  1550K .......... .......... .......... .......... ..........  6% 30.5M 15s
  1600K .......... .......... .......... .......... ..........  6% 40.4M 14s
  1650K .......... .......... .......... .......... ..........  6% 41.1M 14s
  1700K .......... .......... .......... .......... ..........  6% 42.8M 13s
  1750K .......... .......... .......... .......... ..........  6% 42.4M 13s
  1800K .......... .......... .......... .......... ..........  7% 1.49M 13s
  1850K .......... .......... .......... .......... ..........  7% 39.4M 13s
  1900K .......... .......... .......... .......... ..........  7% 48.7M 12s
  1950K .......... .......... .......... .......... ..........  7%  206M 12s
  2000K .......... .......... .......... .......... ..........  7% 93.5M 12s
  2050K .......... .......... .......... .......... ..........  8%  124M 11s
  2100K .......... .......... .......... .......... ..........  8%  146M 11s
  2150K .......... .......... .......... .......... ..........  8% 1.12M 11s
  2200K .......... .......... .......... .......... ..........  8%  165M 11s
  2250K .......... .......... .......... .......... ..........  8% 13.9M 11s
  2300K .......... .......... .......... .......... ..........  9%  119M 11s
  2350K .......... .......... .......... .......... ..........  9% 97.7M 10s
  2400K .......... .......... .......... .......... ..........  9% 1.34M 10s
  2450K .......... .......... .......... .......... ..........  9% 39.0M 10s
  2500K .......... .......... .......... .......... ..........  9% 41.6M 10s
  2550K .......... .......... .......... .......... .......... 10% 39.5M 10s
  2600K .......... .......... .......... .......... .......... 10% 36.9M 10s
  2650K .......... .......... .......... .......... .......... 10% 42.8M 9s
  2700K .......... .......... .......... .......... .......... 10% 65.8M 9s
  2750K .......... .......... .......... .......... .......... 10%  169M 9s
  2800K .......... .......... .......... .......... .......... 11%  250M 9s
  2850K .......... .......... .......... .......... .......... 11% 1.23M 9s
  2900K .......... .......... .......... .......... .......... 11% 96.9M 9s
  2950K .......... .......... .......... .......... .......... 11%  165M 9s
  3000K .......... .......... .......... .......... .......... 11%  125M 9s
  3050K .......... .......... .......... .......... .......... 11% 95.0M 8s
  3100K .......... .......... .......... .......... .......... 12%  166M 8s
  3150K .......... .......... .......... .......... .......... 12% 16.7M 8s
  3200K .......... .......... .......... .......... .......... 12%  130M 8s
  3250K .......... .......... .......... .......... .......... 12% 86.2M 8s
  3300K .......... .......... .......... .......... .......... 12%  173M 8s
  3350K .......... .......... .......... .......... .......... 13% 17.1M 8s
  3400K .......... .......... .......... .......... .......... 13%  220M 7s
  3450K .......... .......... .......... .......... .......... 13%  100M 7s
  3500K .......... .......... .......... .......... .......... 13%  120M 7s
  3550K .......... .......... .......... .......... .......... 13% 1.64M 7s
  3600K .......... .......... .......... .......... .......... 14%  140M 7s
  3650K .......... .......... .......... .......... .......... 14%  245M 7s
  3700K .......... .......... .......... .......... .......... 14%  137M 7s
  3750K .......... .......... .......... .......... .......... 14% 99.9M 7s
  3800K .......... .......... .......... .......... .......... 14% 22.1M 7s
  3850K .......... .......... .......... .......... .......... 15%  120M 7s
  3900K .......... .......... .......... .......... .......... 15%  119M 7s
  3950K .......... .......... .......... .......... .......... 15% 92.6M 6s
  4000K .......... .......... .......... .......... .......... 15% 17.7M 6s
  4050K .......... .......... .......... .......... .......... 15% 1.22M 7s
  4100K .......... .......... .......... .......... .......... 16%  146M 6s
  4150K .......... .......... .......... .......... .......... 16%  131M 6s
  4200K .......... .......... .......... .......... .......... 16%  115M 6s
  4250K .......... .......... .......... .......... .......... 16%  127M 6s
  4300K .......... .......... .......... .......... .......... 16%  111M 6s
  4350K .......... .......... .......... .......... .......... 17% 83.7M 6s
  4400K .......... .......... .......... .......... .......... 17% 32.0M 6s
  4450K .......... .......... .......... .......... .......... 17%  105M 6s
  4500K .......... .......... .......... .......... .......... 17%  130M 6s
  4550K .......... .......... .......... .......... .......... 17%  118M 6s
  4600K .......... .......... .......... .......... .......... 17% 17.4M 6s
  4650K .......... .......... .......... .......... .......... 18%  116M 6s
  4700K .......... .......... .......... .......... .......... 18%  119M 6s
  4750K .......... .......... .......... .......... .......... 18% 16.2M 5s
  4800K .......... .......... .......... .......... .......... 18%  135M 5s
  4850K .......... .......... .......... .......... .......... 18%  114M 5s
  4900K .......... .......... .......... .......... .......... 19% 1.78M 5s
  4950K .......... .......... .......... .......... .......... 19%  184M 5s
  5000K .......... .......... .......... .......... .......... 19%  114M 5s
  5050K .......... .......... .......... .......... .......... 19%  109M 5s
  5100K .......... .......... .......... .......... .......... 19% 17.1M 5s
  5150K .......... .......... .......... .......... .......... 20% 87.2M 5s
  5200K .......... .......... .......... .......... .......... 20%  117M 5s
  5250K .......... .......... .......... .......... .......... 20%  114M 5s
  5300K .......... .......... .......... .......... .......... 20%  118M 5s
  5350K .......... .......... .......... .......... .......... 20% 24.1M 5s
  5400K .......... .......... .......... .......... .......... 21% 1.22M 5s
  5450K .......... .......... .......... .......... .......... 21%  135M 5s
  5500K .......... .......... .......... .......... .......... 21% 83.0M 5s
  5550K .......... .......... .......... .......... .......... 21% 96.3M 5s
  5600K .......... .......... .......... .......... .......... 21%  148M 5s
  5650K .......... .......... .......... .......... .......... 22% 95.6M 5s
  5700K .......... .......... .......... .......... .......... 22%  124M 5s
  5750K .......... .......... .......... .......... .......... 22%  158M 5s
  5800K .......... .......... .......... .......... .......... 22% 99.5M 5s
  5850K .......... .......... .......... .......... .......... 22%  110M 4s
  5900K .......... .......... .......... .......... .......... 23%  143M 4s
  5950K .......... .......... .......... .......... .......... 23% 73.2M 4s
  6000K .......... .......... .......... .......... .......... 23%  152M 4s
  6050K .......... .......... .......... .......... .......... 23%  110M 4s
  6100K .......... .......... .......... .......... .......... 23% 92.6M 4s
  6150K .......... .......... .......... .......... .......... 23%  166M 4s
  6200K .......... .......... .......... .......... .......... 24%  108M 4s
  6250K .......... .......... .......... .......... .......... 24% 97.5M 4s
  6300K .......... .......... .......... .......... .......... 24%  153M 4s
  6350K .......... .......... .......... .......... .......... 24% 96.0M 4s
  6400K .......... .......... .......... .......... .......... 24% 97.4M 4s
  6450K .......... .......... .......... .......... .......... 25%  107M 4s
  6500K .......... .......... .......... .......... .......... 25%  162M 4s
  6550K .......... .......... .......... .......... .......... 25% 98.0M 4s
  6600K .......... .......... .......... .......... .......... 25%  107M 4s
  6650K .......... .......... .......... .......... .......... 25%  161M 4s
  6700K .......... .......... .......... .......... .......... 26%  107M 4s
  6750K .......... .......... .......... .......... .......... 26% 85.0M 4s
  6800K .......... .......... .......... .......... .......... 26%  110M 4s
  6850K .......... .......... .......... .......... .......... 26%  152M 4s
  6900K .......... .......... .......... .......... .......... 26% 96.0M 4s
  6950K .......... .......... .......... .......... .......... 27% 58.2M 4s
  7000K .......... .......... .......... .......... .......... 27%  111M 4s
  7050K .......... .......... .......... .......... .......... 27% 96.8M 4s
  7100K .......... .......... .......... .......... .......... 27%  143M 3s
  7150K .......... .......... .......... .......... .......... 27% 98.2M 3s
  7200K .......... .......... .......... .......... .......... 28% 67.8M 3s
  7250K .......... .......... .......... .......... .......... 28%  159M 3s
  7300K .......... .......... .......... .......... .......... 28% 2.13M 3s
  7350K .......... .......... .......... .......... .......... 28% 84.1M 3s
  7400K .......... .......... .......... .......... .......... 28%  135M 3s
  7450K .......... .......... .......... .......... .......... 28%  105M 3s
  7500K .......... .......... .......... .......... .......... 29% 16.5M 3s
  7550K .......... .......... .......... .......... .......... 29%  131M 3s
  7600K .......... .......... .......... .......... .......... 29%  103M 3s
  7650K .......... .......... .......... .......... .......... 29%  139M 3s
  7700K .......... .......... .......... .......... .......... 29%  135M 3s
  7750K .......... .......... .......... .......... .......... 30% 21.1M 3s
  7800K .......... .......... .......... .......... .......... 30%  110M 3s
  7850K .......... .......... .......... .......... .......... 30% 1.22M 3s
  7900K .......... .......... .......... .......... .......... 30%  110M 3s
  7950K .......... .......... .......... .......... .......... 30%  119M 3s
  8000K .......... .......... .......... .......... .......... 31% 92.3M 3s
  8050K .......... .......... .......... .......... .......... 31%  165M 3s
  8100K .......... .......... .......... .......... .......... 31%  120M 3s
  8150K .......... .......... .......... .......... .......... 31% 96.7M 3s
  8200K .......... .......... .......... .......... .......... 31%  156M 3s
  8250K .......... .......... .......... .......... .......... 32%  110M 3s
  8300K .......... .......... .......... .......... .......... 32% 87.3M 3s
  8350K .......... .......... .......... .......... .......... 32% 92.2M 3s
  8400K .......... .......... .......... .......... .......... 32%  109M 3s
  8450K .......... .......... .......... .......... .......... 32%  153M 3s
  8500K .......... .......... .......... .......... .......... 33%  109M 3s
  8550K .......... .......... .......... .......... .......... 33% 97.1M 3s
  8600K .......... .......... .......... .......... .......... 33%  153M 3s
  8650K .......... .......... .......... .......... .......... 33%  107M 3s
  8700K .......... .......... .......... .......... .......... 33% 92.6M 3s
  8750K .......... .......... .......... .......... .......... 34% 81.1M 3s
  8800K .......... .......... .......... .......... .......... 34%  112M 3s
  8850K .......... .......... .......... .......... .......... 34% 93.1M 3s
  8900K .......... .......... .......... .......... .......... 34%  158M 3s
  8950K .......... .......... .......... .......... .......... 34%  109M 3s
  9000K .......... .......... .......... .......... .......... 34% 91.1M 3s
  9050K .......... .......... .......... .......... .......... 35%  178M 3s
  9100K .......... .......... .......... .......... .......... 35%  111M 3s
  9150K .......... .......... .......... .......... .......... 35% 34.4M 3s
  9200K .......... .......... .......... .......... .......... 35%  157M 3s
  9250K .......... .......... .......... .......... .......... 35%  109M 3s
  9300K .......... .......... .......... .......... .......... 36% 97.9M 3s
  9350K .......... .......... .......... .......... .......... 36%  154M 2s
  9400K .......... .......... .......... .......... .......... 36%  105M 2s
  9450K .......... .......... .......... .......... .......... 36% 97.1M 2s
  9500K .......... .......... .......... .......... .......... 36%  152M 2s
  9550K .......... .......... .......... .......... .......... 37% 98.8M 2s
  9600K .......... .......... .......... .......... .......... 37% 42.2M 2s
  9650K .......... .......... .......... .......... .......... 37% 88.9M 2s
  9700K .......... .......... .......... .......... .......... 37%  153M 2s
  9750K .......... .......... .......... .......... .......... 37%  112M 2s
  9800K .......... .......... .......... .......... .......... 38% 97.8M 2s
  9850K .......... .......... .......... .......... .......... 38%  147M 2s
  9900K .......... .......... .......... .......... .......... 38%  112M 2s
  9950K .......... .......... .......... .......... .......... 38% 85.5M 2s
 10000K .......... .......... .......... .......... .......... 38% 2.46M 2s
 10050K .......... .......... .......... .......... .......... 39%  196M 2s
 10100K .......... .......... .......... .......... .......... 39% 86.1M 2s
 10150K .......... .......... .......... .......... .......... 39%  176M 2s
 10200K .......... .......... .......... .......... .......... 39% 16.7M 2s
 10250K .......... .......... .......... .......... .......... 39%  169M 2s
 10300K .......... .......... .......... .......... .......... 40%  110M 2s
 10350K .......... .......... .......... .......... .......... 40% 17.7M 2s
 10400K .......... .......... .......... .......... .......... 40% 91.3M 2s
 10450K .......... .......... .......... .......... .......... 40% 89.9M 2s
 10500K .......... .......... .......... .......... .......... 40% 1.24M 2s
 10550K .......... .......... .......... .......... .......... 40%  161M 2s
 10600K .......... .......... .......... .......... .......... 41%  117M 2s
 10650K .......... .......... .......... .......... .......... 41%  114M 2s
 10700K .......... .......... .......... .......... .......... 41%  147M 2s
 10750K .......... .......... .......... .......... .......... 41% 81.2M 2s
 10800K .......... .......... .......... .......... .......... 41%  118M 2s
 10850K .......... .......... .......... .......... .......... 42%  139M 2s
 10900K .......... .......... .......... .......... .......... 42% 88.9M 2s
 10950K .......... .......... .......... .......... .......... 42%  106M 2s
 11000K .......... .......... .......... .......... .......... 42%  134M 2s
 11050K .......... .......... .......... .......... .......... 42% 36.4M 2s
 11100K .......... .......... .......... .......... .......... 43%  129M 2s
 11150K .......... .......... .......... .......... .......... 43% 96.9M 2s
 11200K .......... .......... .......... .......... .......... 43%  104M 2s
 11250K .......... .......... .......... .......... .......... 43%  158M 2s
 11300K .......... .......... .......... .......... .......... 43%  109M 2s
 11350K .......... .......... .......... .......... .......... 44% 94.5M 2s
 11400K .......... .......... .......... .......... .......... 44%  160M 2s
 11450K .......... .......... .......... .......... .......... 44%  107M 2s
 11500K .......... .......... .......... .......... .......... 44%  144M 2s
 11550K .......... .......... .......... .......... .......... 44% 66.2M 2s
 11600K .......... .......... .......... .......... .......... 45%  138M 2s
 11650K .......... .......... .......... .......... .......... 45%  138M 2s
 11700K .......... .......... .......... .......... .......... 45% 89.9M 2s
 11750K .......... .......... .......... .......... .......... 45%  122M 2s
 11800K .......... .......... .......... .......... .......... 45%  138M 2s
 11850K .......... .......... .......... .......... .......... 46% 96.0M 2s
 11900K .......... .......... .......... .......... .......... 46%  169M 2s
 11950K .......... .......... .......... .......... .......... 46% 85.1M 2s
 12000K .......... .......... .......... .......... .......... 46%  124M 2s
 12050K .......... .......... .......... .......... .......... 46% 87.9M 2s
 12100K .......... .......... .......... .......... .......... 46%  197M 2s
 12150K .......... .......... .......... .......... .......... 47%  107M 2s
 12200K .......... .......... .......... .......... .......... 47% 99.5M 2s
 12250K .......... .......... .......... .......... .......... 47%  150M 2s
 12300K .......... .......... .......... .......... .......... 47%  110M 2s
 12350K .......... .......... .......... .......... .......... 47% 86.0M 2s
 12400K .......... .......... .......... .......... .......... 48%  113M 2s
 12450K .......... .......... .......... .......... .......... 48% 92.1M 2s
 12500K .......... .......... .......... .......... .......... 48%  163M 2s
 12550K .......... .......... .......... .......... .......... 48%  112M 2s
 12600K .......... .......... .......... .......... .......... 48% 96.0M 2s
 12650K .......... .......... .......... .......... .......... 49%  151M 2s
 12700K .......... .......... .......... .......... .......... 49%  111M 2s
 12750K .......... .......... .......... .......... .......... 49% 86.4M 2s
 12800K .......... .......... .......... .......... .......... 49%  106M 2s
 12850K .......... .......... .......... .......... .......... 49%  163M 2s
 12900K .......... .......... .......... .......... .......... 50% 97.2M 2s
 12950K .......... .......... .......... .......... .......... 50%  110M 2s
 13000K .......... .......... .......... .......... .......... 50%  106M 1s
 13050K .......... .......... .......... .......... .......... 50%  157M 1s
 13100K .......... .......... .......... .......... .......... 50% 96.4M 1s
 13150K .......... .......... .......... .......... .......... 51% 94.3M 1s
 13200K .......... .......... .......... .......... .......... 51%  152M 1s
 13250K .......... .......... .......... .......... .......... 51% 99.6M 1s
 13300K .......... .......... .......... .......... .......... 51%  107M 1s
 13350K .......... .......... .......... .......... .......... 51%  153M 1s
 13400K .......... .......... .......... .......... .......... 51% 93.6M 1s
 13450K .......... .......... .......... .......... .......... 52%  114M 1s
 13500K .......... .......... .......... .......... .......... 52%  162M 1s
 13550K .......... .......... .......... .......... .......... 52% 69.5M 1s
 13600K .......... .......... .......... .......... .......... 52%  156M 1s
 13650K .......... .......... .......... .......... .......... 52%  110M 1s
 13700K .......... .......... .......... .......... .......... 53% 59.9M 1s
 13750K .......... .......... .......... .......... .......... 53%  154M 1s
 13800K .......... .......... .......... .......... .......... 53%  112M 1s
 13850K .......... .......... .......... .......... .......... 53% 95.9M 1s
 13900K .......... .......... .......... .......... .......... 53%  152M 1s
 13950K .......... .......... .......... .......... .......... 54% 71.0M 1s
 14000K .......... .......... .......... .......... .......... 54%  159M 1s
 14050K .......... .......... .......... .......... .......... 54% 35.7M 1s
 14100K .......... .......... .......... .......... .......... 54%  136M 1s
 14150K .......... .......... .......... .......... .......... 54%  151M 1s
 14200K .......... .......... .......... .......... .......... 55%  107M 1s
 14250K .......... .......... .......... .......... .......... 55% 95.4M 1s
 14300K .......... .......... .......... .......... .......... 55% 95.5M 1s
 14350K .......... .......... .......... .......... .......... 55% 99.0M 1s
 14400K .......... .......... .......... .......... .......... 55%  150M 1s
 14450K .......... .......... .......... .......... .......... 56% 32.4M 1s
 14500K .......... .......... .......... .......... .......... 56%  160M 1s
 14550K .......... .......... .......... .......... .......... 56%  108M 1s
 14600K .......... .......... .......... .......... .......... 56% 97.6M 1s
 14650K .......... .......... .......... .......... .......... 56%  152M 1s
 14700K .......... .......... .......... .......... .......... 57%  111M 1s
 14750K .......... .......... .......... .......... .......... 57% 9.30M 1s
 14800K .......... .......... .......... .......... .......... 57% 88.1M 1s
 14850K .......... .......... .......... .......... .......... 57%  151M 1s
 14900K .......... .......... .......... .......... .......... 57%  113M 1s
 14950K .......... .......... .......... .......... .......... 57% 81.7M 1s
 15000K .......... .......... .......... .......... .......... 58%  108M 1s
 15050K .......... .......... .......... .......... .......... 58% 98.3M 1s
 15100K .......... .......... .......... .......... .......... 58%  152M 1s
 15150K .......... .......... .......... .......... .......... 58% 66.7M 1s
 15200K .......... .......... .......... .......... .......... 58% 98.1M 1s
 15250K .......... .......... .......... .......... .......... 59% 1.27M 1s
 15300K .......... .......... .......... .......... .......... 59% 82.7M 1s
 15350K .......... .......... .......... .......... .......... 59%  135M 1s
 15400K .......... .......... .......... .......... .......... 59%  114M 1s
 15450K .......... .......... .......... .......... .......... 59%  110M 1s
 15500K .......... .......... .......... .......... .......... 60%  160M 1s
 15550K .......... .......... .......... .......... .......... 60% 97.5M 1s
 15600K .......... .......... .......... .......... .......... 60%  103M 1s
 15650K .......... .......... .......... .......... .......... 60% 97.8M 1s
 15700K .......... .......... .......... .......... .......... 60%  145M 1s
 15750K .......... .......... .......... .......... .......... 61%  130M 1s
 15800K .......... .......... .......... .......... .......... 61%  157M 1s
 15850K .......... .......... .......... .......... .......... 61% 96.8M 1s
 15900K .......... .......... .......... .......... .......... 61%  108M 1s
 15950K .......... .......... .......... .......... .......... 61% 55.6M 1s
 16000K .......... .......... .......... .......... .......... 62%  109M 1s
 16050K .......... .......... .......... .......... .......... 62%  155M 1s
 16100K .......... .......... .......... .......... .......... 62% 99.2M 1s
 16150K .......... .......... .......... .......... .......... 62%  108M 1s
 16200K .......... .......... .......... .......... .......... 62%  155M 1s
 16250K .......... .......... .......... .......... .......... 63%  108M 1s
 16300K .......... .......... .......... .......... .......... 63% 96.2M 1s
 16350K .......... .......... .......... .......... .......... 63% 85.2M 1s
 16400K .......... .......... .......... .......... .......... 63%  110M 1s
 16450K .......... .......... .......... .......... .......... 63% 93.5M 1s
 16500K .......... .......... .......... .......... .......... 63%  158M 1s
 16550K .......... .......... .......... .......... .......... 64%  111M 1s
 16600K .......... .......... .......... .......... .......... 64% 97.0M 1s
 16650K .......... .......... .......... .......... .......... 64%  149M 1s
 16700K .......... .......... .......... .......... .......... 64%  104M 1s
 16750K .......... .......... .......... .......... .......... 64% 31.4M 1s
 16800K .......... .......... .......... .......... .......... 65%  107M 1s
 16850K .......... .......... .......... .......... .......... 65%  134M 1s
 16900K .......... .......... .......... .......... .......... 65%  107M 1s
 16950K .......... .......... .......... .......... .......... 65%  110M 1s
 17000K .......... .......... .......... .......... .......... 65%  149M 1s
 17050K .......... .......... .......... .......... .......... 66%  113M 1s
 17100K .......... .......... .......... .......... .......... 66% 94.6M 1s
 17150K .......... .......... .......... .......... .......... 66% 97.2M 1s
 17200K .......... .......... .......... .......... .......... 66% 38.8M 1s
 17250K .......... .......... .......... .......... .......... 66%  135M 1s
 17300K .......... .......... .......... .......... .......... 67%  116M 1s
 17350K .......... .......... .......... .......... .......... 67%  114M 1s
 17400K .......... .......... .......... .......... .......... 67%  116M 1s
 17450K .......... .......... .......... .......... .......... 67% 90.5M 1s
 17500K .......... .......... .......... .......... .......... 67% 89.3M 1s
 17550K .......... .......... .......... .......... .......... 68% 81.0M 1s
 17600K .......... .......... .......... .......... .......... 68%  119M 1s
 17650K .......... .......... .......... .......... .......... 68%  102M 1s
 17700K .......... .......... .......... .......... .......... 68% 45.0M 1s
 17750K .......... .......... .......... .......... .......... 68%  250M 1s
 17800K .......... .......... .......... .......... .......... 69%  137M 1s
 17850K .......... .......... .......... .......... .......... 69%  133M 1s
 17900K .......... .......... .......... .......... .......... 69%  102M 1s
 17950K .......... .......... .......... .......... .......... 69% 93.5M 1s
 18000K .......... .......... .......... .......... .......... 69%  112M 1s
 18050K .......... .......... .......... .......... .......... 69%  120M 1s
 18100K .......... .......... .......... .......... .......... 70%  115M 1s
 18150K .......... .......... .......... .......... .......... 70% 23.3M 1s
 18200K .......... .......... .......... .......... .......... 70%  111M 1s
 18250K .......... .......... .......... .......... .......... 70%  130M 1s
 18300K .......... .......... .......... .......... .......... 70%  117M 1s
 18350K .......... .......... .......... .......... .......... 71% 82.2M 1s
 18400K .......... .......... .......... .......... .......... 71%  112M 1s
 18450K .......... .......... .......... .......... .......... 71%  118M 1s
 18500K .......... .......... .......... .......... .......... 71%  128M 1s
 18550K .......... .......... .......... .......... .......... 71%  107M 1s
 18600K .......... .......... .......... .......... .......... 72% 53.3M 1s
 18650K .......... .......... .......... .......... .......... 72%  111M 1s
 18700K .......... .......... .......... .......... .......... 72%  113M 1s
 18750K .......... .......... .......... .......... .......... 72% 93.5M 1s
 18800K .......... .......... .......... .......... .......... 72%  117M 1s
 18850K .......... .......... .......... .......... .......... 73%  114M 1s
 18900K .......... .......... .......... .......... .......... 73%  114M 1s
 18950K .......... .......... .......... .......... .......... 73%  118M 1s
 19000K .......... .......... .......... .......... .......... 73%  128M 1s
 19050K .......... .......... .......... .......... .......... 73% 48.1M 1s
 19100K .......... .......... .......... .......... .......... 74%  117M 1s
 19150K .......... .......... .......... .......... .......... 74% 83.5M 1s
 19200K .......... .......... .......... .......... .......... 74%  116M 1s
 19250K .......... .......... .......... .......... .......... 74%  116M 1s
 19300K .......... .......... .......... .......... .......... 74%  118M 1s
 19350K .......... .......... .......... .......... .......... 75% 69.2M 1s
 19400K .......... .......... .......... .......... .......... 75%  116M 1s
 19450K .......... .......... .......... .......... .......... 75%  117M 1s
 19500K .......... .......... .......... .......... .......... 75%  115M 1s
 19550K .......... .......... .......... .......... .......... 75% 92.5M 1s
 19600K .......... .......... .......... .......... .......... 75%  105M 1s
 19650K .......... .......... .......... .......... .......... 76%  128M 1s
 19700K .......... .......... .......... .......... .......... 76%  116M 1s
 19750K .......... .......... .......... .......... .......... 76%  102M 0s
 19800K .......... .......... .......... .......... .......... 76%  118M 0s
 19850K .......... .......... .......... .......... .......... 76%  115M 0s
 19900K .......... .......... .......... .......... .......... 77%  117M 0s
 19950K .......... .......... .......... .......... .......... 77% 81.8M 0s
 20000K .......... .......... .......... .......... .......... 77% 41.1M 0s
 20050K .......... .......... .......... .......... .......... 77% 96.0M 0s
 20100K .......... .......... .......... .......... .......... 77%  116M 0s
 20150K .......... .......... .......... .......... .......... 78%  117M 0s
 20200K .......... .......... .......... .......... .......... 78%  115M 0s
 20250K .......... .......... .......... .......... .......... 78%  105M 0s
 20300K .......... .......... .......... .......... .......... 78%  129M 0s
 20350K .......... .......... .......... .......... .......... 78% 84.7M 0s
 20400K .......... .......... .......... .......... .......... 79%  128M 0s
 20450K .......... .......... .......... .......... .......... 79%  118M 0s
 20500K .......... .......... .......... .......... .......... 79% 61.1M 0s
 20550K .......... .......... .......... .......... .......... 79% 1.40M 0s
 20600K .......... .......... .......... .......... .......... 79% 86.3M 0s
 20650K .......... .......... .......... .......... .......... 80%  134M 0s
 20700K .......... .......... .......... .......... .......... 80%  102M 0s
 20750K .......... .......... .......... .......... .......... 80%  103M 0s
 20800K .......... .......... .......... .......... .......... 80%  132M 0s
 20850K .......... .......... .......... .......... .......... 80% 98.9M 0s
 20900K .......... .......... .......... .......... .......... 80%  143M 0s
 20950K .......... .......... .......... .......... .......... 81% 94.0M 0s
 21000K .......... .......... .......... .......... .......... 81%  170M 0s
 21050K .......... .......... .......... .......... .......... 81%  106M 0s
 21100K .......... .......... .......... .......... .......... 81% 96.1M 0s
 21150K .......... .......... .......... .......... .......... 81% 99.9M 0s
 21200K .......... .......... .......... .......... .......... 82% 95.6M 0s
 21250K .......... .......... .......... .......... .......... 82%  153M 0s
 21300K .......... .......... .......... .......... .......... 82%  108M 0s
 21350K .......... .......... .......... .......... .......... 82% 98.0M 0s
 21400K .......... .......... .......... .......... .......... 82%  150M 0s
 21450K .......... .......... .......... .......... .......... 83%  111M 0s
 21500K .......... .......... .......... .......... .......... 83%  155M 0s
 21550K .......... .......... .......... .......... .......... 83% 69.8M 0s
 21600K .......... .......... .......... .......... .......... 83%  158M 0s
 21650K .......... .......... .......... .......... .......... 83%  109M 0s
 21700K .......... .......... .......... .......... .......... 84% 94.9M 0s
 21750K .......... .......... .......... .......... .......... 84% 27.3M 0s
 21800K .......... .......... .......... .......... .......... 84%  134M 0s
 21850K .......... .......... .......... .......... .......... 84% 94.2M 0s
 21900K .......... .......... .......... .......... .......... 84%  155M 0s
 21950K .......... .......... .......... .......... .......... 85% 94.3M 0s
 22000K .......... .......... .......... .......... .......... 85%  110M 0s
 22050K .......... .......... .......... .......... .......... 85% 92.0M 0s
 22100K .......... .......... .......... .......... .......... 85%  161M 0s
 22150K .......... .......... .......... .......... .......... 85%  113M 0s
 22200K .......... .......... .......... .......... .......... 86% 84.4M 0s
 22250K .......... .......... .......... .......... .......... 86%  197M 0s
 22300K .......... .......... .......... .......... .......... 86%  104M 0s
 22350K .......... .......... .......... .......... .......... 86% 86.4M 0s
 22400K .......... .......... .......... .......... .......... 86%  110M 0s
 22450K .......... .......... .......... .......... .......... 86%  155M 0s
 22500K .......... .......... .......... .......... .......... 87%  110M 0s
 22550K .......... .......... .......... .......... .......... 87% 97.5M 0s
 22600K .......... .......... .......... .......... .......... 87%  152M 0s
 22650K .......... .......... .......... .......... .......... 87%  110M 0s
 22700K .......... .......... .......... .......... .......... 87% 99.2M 0s
 22750K .......... .......... .......... .......... .......... 88% 92.1M 0s
 22800K .......... .......... .......... .......... .......... 88% 96.3M 0s
 22850K .......... .......... .......... .......... .......... 88%  161M 0s
 22900K .......... .......... .......... .......... .......... 88%  108M 0s
 22950K .......... .......... .......... .......... .......... 88% 97.5M 0s
 23000K .......... .......... .......... .......... .......... 89% 94.6M 0s
 23050K .......... .......... .......... .......... .......... 89%  156M 0s
 23100K .......... .......... .......... .......... .......... 89%  108M 0s
 23150K .......... .......... .......... .......... .......... 89% 86.5M 0s
 23200K .......... .......... .......... .......... .......... 89%  110M 0s
 23250K .......... .......... .......... .......... .......... 90%  150M 0s
 23300K .......... .......... .......... .......... .......... 90% 98.0M 0s
 23350K .......... .......... .......... .......... .......... 90%  109M 0s
 23400K .......... .......... .......... .......... .......... 90%  147M 0s
 23450K .......... .......... .......... .......... .......... 90%  100M 0s
 23500K .......... .......... .......... .......... .......... 91%  110M 0s
 23550K .......... .......... .......... .......... .......... 91% 96.2M 0s
 23600K .......... .......... .......... .......... .......... 91% 94.0M 0s
 23650K .......... .......... .......... .......... .......... 91%  153M 0s
 23700K .......... .......... .......... .......... .......... 91%  108M 0s
 23750K .......... .......... .......... .......... .......... 92% 97.3M 0s
 23800K .......... .......... .......... .......... .......... 92%  160M 0s
 23850K .......... .......... .......... .......... .......... 92%  109M 0s
 23900K .......... .......... .......... .......... .......... 92% 95.8M 0s
 23950K .......... .......... .......... .......... .......... 92% 93.2M 0s
 24000K .......... .......... .......... .......... .......... 92% 96.8M 0s
 24050K .......... .......... .......... .......... .......... 93% 95.3M 0s
 24100K .......... .......... .......... .......... .......... 93% 96.5M 0s
 24150K .......... .......... .......... .......... .......... 93%  152M 0s
 24200K .......... .......... .......... .......... .......... 93% 66.4M 0s
 24250K .......... .......... .......... .......... .......... 93%  153M 0s
 24300K .......... .......... .......... .......... .......... 94%  113M 0s
 24350K .......... .......... .......... .......... .......... 94% 96.2M 0s
 24400K .......... .......... .......... .......... .......... 94% 98.0M 0s
 24450K .......... .......... .......... .......... .......... 94%  154M 0s
 24500K .......... .......... .......... .......... .......... 94%  109M 0s
 24550K .......... .......... .......... .......... .......... 95% 95.8M 0s
 24600K .......... .......... .......... .......... .......... 95%  157M 0s
 24650K .......... .......... .......... .......... .......... 95% 67.7M 0s
 24700K .......... .......... .......... .......... .......... 95%  146M 0s
 24750K .......... .......... .......... .......... .......... 95%  101M 0s
 24800K .......... .......... .......... .......... .......... 96% 93.5M 0s
 24850K .......... .......... .......... .......... .......... 96% 64.2M 0s
 24900K .......... .......... .......... .......... .......... 96%  102M 0s
 24950K .......... .......... .......... .......... .......... 96%  125M 0s
 25000K .......... .......... .......... .......... .......... 96% 95.7M 0s
 25050K .......... .......... .......... .......... .......... 97% 62.6M 0s
 25100K .......... .......... .......... .......... .......... 97%  155M 0s
 25150K .......... .......... .......... .......... .......... 97% 69.6M 0s
 25200K .......... .......... .......... .......... .......... 97% 94.4M 0s
 25250K .......... .......... .......... .......... .......... 97%  156M 0s
 25300K .......... .......... .......... .......... .......... 98%  107M 0s
 25350K .......... .......... .......... .......... .......... 98% 96.5M 0s
 25400K .......... .......... .......... .......... .......... 98%  151M 0s
 25450K .......... .......... .......... .......... .......... 98%  112M 0s
 25500K .......... .......... .......... .......... .......... 98% 96.2M 0s
 25550K .......... .......... .......... .......... .......... 98% 97.8M 0s
 25600K .......... .......... .......... .......... .......... 99%  157M 0s
 25650K .......... .......... .......... .......... .......... 99% 10.0M 0s
 25700K .......... .......... .......... .......... .......... 99%  106M 0s
 25750K .......... .......... .......... .......... .......... 99%  117M 0s
 25800K .......... .......... .......... .......... .......... 99%  116M 0s
 25850K .......... ......                                     100%  257M=1.7s

2026-04-11 09:16:53 (14.6 MB/s) - ‘vlc-3.0.23.tar.xz’ saved [26486988/26486988]

--2026-04-11 09:16:53--  https://www.linuxfromscratch.org/patches/blfs/svn/vlc-3.0.21-taglib-1.patch
Resolving www.linuxfromscratch.org (www.linuxfromscratch.org)... 208.118.68.85
Connecting to www.linuxfromscratch.org (www.linuxfromscratch.org)|208.118.68.85|:443... connected.
HTTP request sent, awaiting response... 404 Not Found
2026-04-11 09:16:54 ERROR 404: Not Found.

