--2026-01-25 08:18:40--  https://github.com/akheron/jansson/releases/download/v2.15.0/jansson-2.15.0.tar.bz2
Resolving github.com (github.com)... 140.82.113.3
Connecting to github.com (github.com)|140.82.113.3|:443... connected.
HTTP request sent, awaiting response... 302 Found
Location: https://release-assets.githubusercontent.com/github-production-release-asset/183362/8c24ffa6-6200-4f03-a32b-b8dd3d1fd9e7?sp=r&sv=2018-11-09&sr=b&spr=https&se=2026-01-25T09%3A09%3A03Z&rscd=attachment%3B+filename%3Djansson-2.15.0.tar.bz2&rsct=application%2Foctet-stream&skoid=96c2d410-5711-43a1-aedd-ab1947aa7ab0&sktid=398a6654-997b-47e9-b12b-9515b896b4de&skt=2026-01-25T08%3A08%3A47Z&ske=2026-01-25T09%3A09%3A03Z&sks=b&skv=2018-11-09&sig=dtkqGbhzYBE0Dey2ej4PTvrOb%2Bgzygh986K3lVQlGRI%3D&jwt=eyJ0eXAiOiJKV1QiLCJhbGciOiJIUzI1NiJ9.eyJpc3MiOiJnaXRodWIuY29tIiwiYXVkIjoicmVsZWFzZS1hc3NldHMuZ2l0aHVidXNlcmNvbnRlbnQuY29tIiwia2V5Ijoia2V5MSIsImV4cCI6MTc2OTMyOTQyMSwibmJmIjoxNzY5MzI5MTIxLCJwYXRoIjoicmVsZWFzZWFzc2V0cHJvZHVjdGlvbi5ibG9iLmNvcmUud2luZG93cy5uZXQifQ.jsBKNcJ9jh4Sae2G6DELONBTQ0bQe-b_aGc7vwqJLzI&response-content-disposition=attachment%3B%20filename%3Djansson-2.15.0.tar.bz2&response-content-type=application%2Foctet-stream [following]
--2026-01-25 08:18:41--  https://release-assets.githubusercontent.com/github-production-release-asset/183362/8c24ffa6-6200-4f03-a32b-b8dd3d1fd9e7?sp=r&sv=2018-11-09&sr=b&spr=https&se=2026-01-25T09%3A09%3A03Z&rscd=attachment%3B+filename%3Djansson-2.15.0.tar.bz2&rsct=application%2Foctet-stream&skoid=96c2d410-5711-43a1-aedd-ab1947aa7ab0&sktid=398a6654-997b-47e9-b12b-9515b896b4de&skt=2026-01-25T08%3A08%3A47Z&ske=2026-01-25T09%3A09%3A03Z&sks=b&skv=2018-11-09&sig=dtkqGbhzYBE0Dey2ej4PTvrOb%2Bgzygh986K3lVQlGRI%3D&jwt=eyJ0eXAiOiJKV1QiLCJhbGciOiJIUzI1NiJ9.eyJpc3MiOiJnaXRodWIuY29tIiwiYXVkIjoicmVsZWFzZS1hc3NldHMuZ2l0aHVidXNlcmNvbnRlbnQuY29tIiwia2V5Ijoia2V5MSIsImV4cCI6MTc2OTMyOTQyMSwibmJmIjoxNzY5MzI5MTIxLCJwYXRoIjoicmVsZWFzZWFzc2V0cHJvZHVjdGlvbi5ibG9iLmNvcmUud2luZG93cy5uZXQifQ.jsBKNcJ9jh4Sae2G6DELONBTQ0bQe-b_aGc7vwqJLzI&response-content-disposition=attachment%3B%20filename%3Djansson-2.15.0.tar.bz2&response-content-type=application%2Foctet-stream
Resolving release-assets.githubusercontent.com (release-assets.githubusercontent.com)... 185.199.111.133, 185.199.109.133, 185.199.110.133, ...
Connecting to release-assets.githubusercontent.com (release-assets.githubusercontent.com)|185.199.111.133|:443... connected.
HTTP request sent, awaiting response... 200 OK
Length: 486348 (475K) [application/octet-stream]
Saving to: ‘jansson-2.15.0.tar.bz2’

     0K .......... .......... .......... .......... .......... 10% 5.83M 0s
    50K .......... .......... .......... .......... .......... 21% 17.7M 0s
   100K .......... .......... .......... .......... .......... 31% 9.46M 0s
   150K .......... .......... .......... .......... .......... 42% 7.13M 0s
   200K .......... .......... .......... .......... .......... 52% 98.8M 0s
   250K .......... .......... .......... .......... .......... 63% 64.0M 0s
   300K .......... .......... .......... .......... .......... 73% 7.18M 0s
   350K .......... .......... .......... .......... .......... 84% 93.3M 0s
   400K .......... .......... .......... .......... .......... 94% 91.1M 0s
   450K .......... .......... ....                            100%  354M=0.03s

2026-01-25 08:18:41 (14.3 MB/s) - ‘jansson-2.15.0.tar.bz2’ saved [486348/486348]

jansson-2.15.0/
jansson-2.15.0/install-sh
jansson-2.15.0/configure.ac
jansson-2.15.0/jansson_private_config.h.in
jansson-2.15.0/ltmain.sh
jansson-2.15.0/CMakeLists.txt
jansson-2.15.0/LICENSE
jansson-2.15.0/test/
jansson-2.15.0/cmake/
jansson-2.15.0/configure
jansson-2.15.0/CHANGES
jansson-2.15.0/config.guess
jansson-2.15.0/depcomp
jansson-2.15.0/missing
jansson-2.15.0/jansson.pc.in
jansson-2.15.0/Makefile.am
jansson-2.15.0/config.sub
jansson-2.15.0/compile
jansson-2.15.0/examples/
jansson-2.15.0/android/
jansson-2.15.0/scripts/
jansson-2.15.0/test-driver
jansson-2.15.0/doc/
jansson-2.15.0/README.rst
jansson-2.15.0/Makefile.in
jansson-2.15.0/aclocal.m4
jansson-2.15.0/src/
jansson-2.15.0/src/pack_unpack.c
jansson-2.15.0/src/jansson_config.h.in
jansson-2.15.0/src/memory.c
jansson-2.15.0/src/dtoa.c
jansson-2.15.0/src/strconv.c
jansson-2.15.0/src/jansson_private.h
jansson-2.15.0/src/hashtable.h
jansson-2.15.0/src/utf.h
jansson-2.15.0/src/strbuffer.c
jansson-2.15.0/src/Makefile.am
jansson-2.15.0/src/lookup3.h
jansson-2.15.0/src/dump.c
jansson-2.15.0/src/hashtable_seed.c
jansson-2.15.0/src/error.c
jansson-2.15.0/src/hashtable.c
jansson-2.15.0/src/version.c
jansson-2.15.0/src/utf.c
jansson-2.15.0/src/jansson.h
jansson-2.15.0/src/load.c
jansson-2.15.0/src/Makefile.in
jansson-2.15.0/src/jansson.def
jansson-2.15.0/src/value.c
jansson-2.15.0/src/strbuffer.h
jansson-2.15.0/doc/index.rst
jansson-2.15.0/doc/conformance.rst
jansson-2.15.0/doc/github_commits.c
jansson-2.15.0/doc/conf.py
jansson-2.15.0/doc/ext/
jansson-2.15.0/doc/tutorial.rst
jansson-2.15.0/doc/README
jansson-2.15.0/doc/Makefile.am
jansson-2.15.0/doc/gettingstarted.rst
jansson-2.15.0/doc/apiref.rst
jansson-2.15.0/doc/threadsafety.rst
jansson-2.15.0/doc/upgrading.rst
jansson-2.15.0/doc/changes.rst
jansson-2.15.0/doc/Makefile.in
jansson-2.15.0/doc/ext/refcounting.py
jansson-2.15.0/scripts/clang-format
jansson-2.15.0/scripts/clang-format-check
jansson-2.15.0/android/jansson_config.h
jansson-2.15.0/examples/simple_parse.c
jansson-2.15.0/examples/README.rst
jansson-2.15.0/cmake/CheckFunctionKeywords.cmake
jansson-2.15.0/cmake/janssonConfig.cmake.in
jansson-2.15.0/cmake/jansson_private_config.h.cmake
jansson-2.15.0/cmake/jansson_config.h.cmake
jansson-2.15.0/cmake/CodeCoverage.cmake
jansson-2.15.0/cmake/FindSphinx.cmake
jansson-2.15.0/test/bin/
jansson-2.15.0/test/suites/
jansson-2.15.0/test/run-suites
jansson-2.15.0/test/Makefile.am
jansson-2.15.0/test/scripts/
jansson-2.15.0/test/ossfuzz/
jansson-2.15.0/test/Makefile.in
jansson-2.15.0/test/ossfuzz/json_load_dump_fuzzer.cc
jansson-2.15.0/test/ossfuzz/Makefile.am
jansson-2.15.0/test/ossfuzz/testinput.h
jansson-2.15.0/test/ossfuzz/standaloneengine.cc
jansson-2.15.0/test/ossfuzz/Makefile.in
jansson-2.15.0/test/scripts/run-tests.sh
jansson-2.15.0/test/scripts/valgrind.sh
jansson-2.15.0/test/suites/valid/
jansson-2.15.0/test/suites/invalid-unicode/
jansson-2.15.0/test/suites/invalid/
jansson-2.15.0/test/suites/Makefile.am
jansson-2.15.0/test/suites/api/
jansson-2.15.0/test/suites/Makefile.in
jansson-2.15.0/test/suites/api/test_array.c
jansson-2.15.0/test/suites/api/test_chaos_realloc.c
jansson-2.15.0/test/suites/api/test_copy.c
jansson-2.15.0/test/suites/api/test_simple.c
jansson-2.15.0/test/suites/api/test_version.c
jansson-2.15.0/test/suites/api/test_fixed_size.c
jansson-2.15.0/test/suites/api/test_loadb.c
jansson-2.15.0/test/suites/api/Makefile.am
jansson-2.15.0/test/suites/api/test_chaos.c
jansson-2.15.0/test/suites/api/test_memory_funcs_realloc.c
jansson-2.15.0/test/suites/api/test_load.c
jansson-2.15.0/test/suites/api/test_equal.c
jansson-2.15.0/test/suites/api/test_object.c
jansson-2.15.0/test/suites/api/check-exports
jansson-2.15.0/test/suites/api/util.h
jansson-2.15.0/test/suites/api/test_unpack.c
jansson-2.15.0/test/suites/api/test_pack.c
jansson-2.15.0/test/suites/api/test_load_callback.c
jansson-2.15.0/test/suites/api/test_dump.c
jansson-2.15.0/test/suites/api/run
jansson-2.15.0/test/suites/api/test_dump_callback.c
jansson-2.15.0/test/suites/api/test_number.c
jansson-2.15.0/test/suites/api/test_memory_funcs.c
jansson-2.15.0/test/suites/api/Makefile.in
jansson-2.15.0/test/suites/api/test_sprintf.c
jansson-2.15.0/test/suites/invalid/object-garbage-at-end/
jansson-2.15.0/test/suites/invalid/object-apostrophes/
jansson-2.15.0/test/suites/invalid/invalid-escape/
jansson-2.15.0/test/suites/invalid/null-byte-in-string/
jansson-2.15.0/test/suites/invalid/invalid-negative-real/
jansson-2.15.0/test/suites/invalid/null-byte-in-object-key/
jansson-2.15.0/test/suites/invalid/unicode-identifier/
jansson-2.15.0/test/suites/invalid/empty/
jansson-2.15.0/test/suites/invalid/recursion-depth/
jansson-2.15.0/test/suites/invalid/invalid-unicode-escape/
jansson-2.15.0/test/suites/invalid/apostrophe/
jansson-2.15.0/test/suites/invalid/extra-comma-in-array/
jansson-2.15.0/test/suites/invalid/object-no-value/
jansson-2.15.0/test/suites/invalid/brace-comma/
jansson-2.15.0/test/suites/invalid/real-positive-overflow/
jansson-2.15.0/test/suites/invalid/object-no-colon/
jansson-2.15.0/test/suites/invalid/truncated-unicode-surrogate/
jansson-2.15.0/test/suites/invalid/real-truncated-at-e/
jansson-2.15.0/test/suites/invalid/lone-open-brace/
jansson-2.15.0/test/suites/invalid/real-truncated-at-point/
jansson-2.15.0/test/suites/invalid/lone-open-bracket/
jansson-2.15.0/test/suites/invalid/negative-integer-starting-with-zero/
jansson-2.15.0/test/suites/invalid/minus-sign-without-number/
jansson-2.15.0/test/suites/invalid/unterminated-key/
jansson-2.15.0/test/suites/invalid/too-big-positive-integer/
jansson-2.15.0/test/suites/invalid/invalid-identifier/
jansson-2.15.0/test/suites/invalid/bracket-one-comma/
jansson-2.15.0/test/suites/invalid/tab-character-in-string/
jansson-2.15.0/test/suites/invalid/unterminated-object-and-array/
jansson-2.15.0/test/suites/invalid/too-big-negative-integer/
jansson-2.15.0/test/suites/invalid/bracket-comma/
jansson-2.15.0/test/suites/invalid/lone-second-surrogate/
jansson-2.15.0/test/suites/invalid/integer-starting-with-zero/
jansson-2.15.0/test/suites/invalid/unterminated-array/
jansson-2.15.0/test/suites/invalid/null/
jansson-2.15.0/test/suites/invalid/null-byte-outside-string/
jansson-2.15.0/test/suites/invalid/invalid-second-surrogate/
jansson-2.15.0/test/suites/invalid/invalid-negative-integer/
jansson-2.15.0/test/suites/invalid/real-negative-overflow/
jansson-2.15.0/test/suites/invalid/real-garbage-after-e/
jansson-2.15.0/test/suites/invalid/object-in-unterminated-array/
jansson-2.15.0/test/suites/invalid/garbage-at-the-end/
jansson-2.15.0/test/suites/invalid/unterminated-empty-key/
jansson-2.15.0/test/suites/invalid/garbage-after-newline/
jansson-2.15.0/test/suites/invalid/unterminated-array-and-object/
jansson-2.15.0/test/suites/invalid/ascii-unicode-identifier/
jansson-2.15.0/test/suites/invalid/run
jansson-2.15.0/test/suites/invalid/object-unterminated-value/
jansson-2.15.0/test/suites/invalid/unterminated-string/
jansson-2.15.0/test/suites/invalid/null-escape-in-string/
jansson-2.15.0/test/suites/invalid/extra-comma-in-multiline-array/
jansson-2.15.0/test/suites/invalid/extra-comma-in-multiline-array/input
jansson-2.15.0/test/suites/invalid/extra-comma-in-multiline-array/error
jansson-2.15.0/test/suites/invalid/null-escape-in-string/input
jansson-2.15.0/test/suites/invalid/null-escape-in-string/error
jansson-2.15.0/test/suites/invalid/unterminated-string/error.normal
jansson-2.15.0/test/suites/invalid/unterminated-string/input
jansson-2.15.0/test/suites/invalid/unterminated-string/error.strip
jansson-2.15.0/test/suites/invalid/object-unterminated-value/error.normal
jansson-2.15.0/test/suites/invalid/object-unterminated-value/input
jansson-2.15.0/test/suites/invalid/object-unterminated-value/error.strip
jansson-2.15.0/test/suites/invalid/ascii-unicode-identifier/input
jansson-2.15.0/test/suites/invalid/ascii-unicode-identifier/error
jansson-2.15.0/test/suites/invalid/unterminated-array-and-object/error.normal
jansson-2.15.0/test/suites/invalid/unterminated-array-and-object/input
jansson-2.15.0/test/suites/invalid/unterminated-array-and-object/error.strip
jansson-2.15.0/test/suites/invalid/garbage-after-newline/input
jansson-2.15.0/test/suites/invalid/garbage-after-newline/error
jansson-2.15.0/test/suites/invalid/unterminated-empty-key/error.normal
jansson-2.15.0/test/suites/invalid/unterminated-empty-key/input
jansson-2.15.0/test/suites/invalid/unterminated-empty-key/error.strip
jansson-2.15.0/test/suites/invalid/garbage-at-the-end/input
jansson-2.15.0/test/suites/invalid/garbage-at-the-end/error
jansson-2.15.0/test/suites/invalid/object-in-unterminated-array/error.normal
jansson-2.15.0/test/suites/invalid/object-in-unterminated-array/input
jansson-2.15.0/test/suites/invalid/object-in-unterminated-array/error.strip
jansson-2.15.0/test/suites/invalid/real-garbage-after-e/input
jansson-2.15.0/test/suites/invalid/real-garbage-after-e/error
jansson-2.15.0/test/suites/invalid/real-negative-overflow/input
jansson-2.15.0/test/suites/invalid/real-negative-overflow/error
jansson-2.15.0/test/suites/invalid/invalid-negative-integer/input
jansson-2.15.0/test/suites/invalid/invalid-negative-integer/error
jansson-2.15.0/test/suites/invalid/invalid-second-surrogate/input
jansson-2.15.0/test/suites/invalid/invalid-second-surrogate/error
jansson-2.15.0/test/suites/invalid/null-byte-outside-string/nostrip
jansson-2.15.0/test/suites/invalid/null-byte-outside-string/input
jansson-2.15.0/test/suites/invalid/null-byte-outside-string/error
jansson-2.15.0/test/suites/invalid/null/input
jansson-2.15.0/test/suites/invalid/null/error
jansson-2.15.0/test/suites/invalid/unterminated-array/error.normal
jansson-2.15.0/test/suites/invalid/unterminated-array/input
jansson-2.15.0/test/suites/invalid/unterminated-array/error.strip
jansson-2.15.0/test/suites/invalid/integer-starting-with-zero/input
jansson-2.15.0/test/suites/invalid/integer-starting-with-zero/error
jansson-2.15.0/test/suites/invalid/lone-second-surrogate/input
jansson-2.15.0/test/suites/invalid/lone-second-surrogate/error
jansson-2.15.0/test/suites/invalid/bracket-comma/input
jansson-2.15.0/test/suites/invalid/bracket-comma/error
jansson-2.15.0/test/suites/invalid/too-big-negative-integer/input
jansson-2.15.0/test/suites/invalid/too-big-negative-integer/error
jansson-2.15.0/test/suites/invalid/unterminated-object-and-array/input
jansson-2.15.0/test/suites/invalid/unterminated-object-and-array/error
jansson-2.15.0/test/suites/invalid/tab-character-in-string/input
jansson-2.15.0/test/suites/invalid/tab-character-in-string/error
jansson-2.15.0/test/suites/invalid/bracket-one-comma/error.normal
jansson-2.15.0/test/suites/invalid/bracket-one-comma/input
jansson-2.15.0/test/suites/invalid/bracket-one-comma/error.strip
jansson-2.15.0/test/suites/invalid/invalid-identifier/input
jansson-2.15.0/test/suites/invalid/invalid-identifier/error
jansson-2.15.0/test/suites/invalid/too-big-positive-integer/input
jansson-2.15.0/test/suites/invalid/too-big-positive-integer/error
jansson-2.15.0/test/suites/invalid/unterminated-key/error.normal
jansson-2.15.0/test/suites/invalid/unterminated-key/input
jansson-2.15.0/test/suites/invalid/unterminated-key/error.strip
jansson-2.15.0/test/suites/invalid/minus-sign-without-number/input
jansson-2.15.0/test/suites/invalid/minus-sign-without-number/error
jansson-2.15.0/test/suites/invalid/negative-integer-starting-with-zero/input
jansson-2.15.0/test/suites/invalid/negative-integer-starting-with-zero/error
jansson-2.15.0/test/suites/invalid/lone-open-bracket/error.normal
jansson-2.15.0/test/suites/invalid/lone-open-bracket/input
jansson-2.15.0/test/suites/invalid/lone-open-bracket/error.strip
jansson-2.15.0/test/suites/invalid/real-truncated-at-point/input
jansson-2.15.0/test/suites/invalid/real-truncated-at-point/error
jansson-2.15.0/test/suites/invalid/lone-open-brace/error.normal
jansson-2.15.0/test/suites/invalid/lone-open-brace/input
jansson-2.15.0/test/suites/invalid/lone-open-brace/error.strip
jansson-2.15.0/test/suites/invalid/real-truncated-at-e/input
jansson-2.15.0/test/suites/invalid/real-truncated-at-e/error
jansson-2.15.0/test/suites/invalid/truncated-unicode-surrogate/input
jansson-2.15.0/test/suites/invalid/truncated-unicode-surrogate/error
jansson-2.15.0/test/suites/invalid/object-no-colon/error.normal
jansson-2.15.0/test/suites/invalid/object-no-colon/input
jansson-2.15.0/test/suites/invalid/object-no-colon/error.strip
jansson-2.15.0/test/suites/invalid/real-positive-overflow/input
jansson-2.15.0/test/suites/invalid/real-positive-overflow/error
jansson-2.15.0/test/suites/invalid/brace-comma/input
jansson-2.15.0/test/suites/invalid/brace-comma/error
jansson-2.15.0/test/suites/invalid/object-no-value/error.normal
jansson-2.15.0/test/suites/invalid/object-no-value/input
jansson-2.15.0/test/suites/invalid/object-no-value/error.strip
jansson-2.15.0/test/suites/invalid/extra-comma-in-array/input
jansson-2.15.0/test/suites/invalid/extra-comma-in-array/error
jansson-2.15.0/test/suites/invalid/apostrophe/input
jansson-2.15.0/test/suites/invalid/apostrophe/error
jansson-2.15.0/test/suites/invalid/invalid-unicode-escape/input
jansson-2.15.0/test/suites/invalid/invalid-unicode-escape/error
jansson-2.15.0/test/suites/invalid/recursion-depth/input
jansson-2.15.0/test/suites/invalid/recursion-depth/error
jansson-2.15.0/test/suites/invalid/empty/input
jansson-2.15.0/test/suites/invalid/empty/error
jansson-2.15.0/test/suites/invalid/unicode-identifier/input
jansson-2.15.0/test/suites/invalid/unicode-identifier/error
jansson-2.15.0/test/suites/invalid/null-byte-in-object-key/input
jansson-2.15.0/test/suites/invalid/null-byte-in-object-key/error
jansson-2.15.0/test/suites/invalid/invalid-negative-real/input
jansson-2.15.0/test/suites/invalid/invalid-negative-real/error
jansson-2.15.0/test/suites/invalid/null-byte-in-string/nostrip
jansson-2.15.0/test/suites/invalid/null-byte-in-string/input
jansson-2.15.0/test/suites/invalid/null-byte-in-string/error
jansson-2.15.0/test/suites/invalid/invalid-escape/input
jansson-2.15.0/test/suites/invalid/invalid-escape/error
jansson-2.15.0/test/suites/invalid/object-apostrophes/input
jansson-2.15.0/test/suites/invalid/object-apostrophes/error
jansson-2.15.0/test/suites/invalid/object-garbage-at-end/input
jansson-2.15.0/test/suites/invalid/object-garbage-at-end/error
jansson-2.15.0/test/suites/invalid-unicode/invalid-utf-8-in-array/
jansson-2.15.0/test/suites/invalid-unicode/lone-invalid-utf-8/
jansson-2.15.0/test/suites/invalid-unicode/invalid-utf-8-in-bigger-int/
jansson-2.15.0/test/suites/invalid-unicode/invalid-utf-8-in-string/
jansson-2.15.0/test/suites/invalid-unicode/truncated-utf-8/
jansson-2.15.0/test/suites/invalid-unicode/encoded-surrogate-half/
jansson-2.15.0/test/suites/invalid-unicode/invalid-utf-8-in-exponent/
jansson-2.15.0/test/suites/invalid-unicode/invalid-utf-8-in-real-after-e/
jansson-2.15.0/test/suites/invalid-unicode/invalid-utf-8-in-escape/
jansson-2.15.0/test/suites/invalid-unicode/invalid-utf-8-in-int/
jansson-2.15.0/test/suites/invalid-unicode/invalid-utf-8-in-identifier/
jansson-2.15.0/test/suites/invalid-unicode/invalid-utf-8-after-backslash/
jansson-2.15.0/test/suites/invalid-unicode/run
jansson-2.15.0/test/suites/invalid-unicode/overlong-3-byte-encoding/
jansson-2.15.0/test/suites/invalid-unicode/overlong-ascii-encoding/
jansson-2.15.0/test/suites/invalid-unicode/lone-utf-8-continuation-byte/
jansson-2.15.0/test/suites/invalid-unicode/overlong-4-byte-encoding/
jansson-2.15.0/test/suites/invalid-unicode/not-in-unicode-range/
jansson-2.15.0/test/suites/invalid-unicode/restricted-utf-8/
jansson-2.15.0/test/suites/invalid-unicode/restricted-utf-8/input
jansson-2.15.0/test/suites/invalid-unicode/restricted-utf-8/error
jansson-2.15.0/test/suites/invalid-unicode/not-in-unicode-range/input
jansson-2.15.0/test/suites/invalid-unicode/not-in-unicode-range/error
jansson-2.15.0/test/suites/invalid-unicode/overlong-4-byte-encoding/input
jansson-2.15.0/test/suites/invalid-unicode/overlong-4-byte-encoding/error
jansson-2.15.0/test/suites/invalid-unicode/lone-utf-8-continuation-byte/input
jansson-2.15.0/test/suites/invalid-unicode/lone-utf-8-continuation-byte/error
jansson-2.15.0/test/suites/invalid-unicode/overlong-ascii-encoding/input
jansson-2.15.0/test/suites/invalid-unicode/overlong-ascii-encoding/error
jansson-2.15.0/test/suites/invalid-unicode/overlong-3-byte-encoding/input
jansson-2.15.0/test/suites/invalid-unicode/overlong-3-byte-encoding/error
jansson-2.15.0/test/suites/invalid-unicode/invalid-utf-8-after-backslash/input
jansson-2.15.0/test/suites/invalid-unicode/invalid-utf-8-after-backslash/error
jansson-2.15.0/test/suites/invalid-unicode/invalid-utf-8-in-identifier/input
jansson-2.15.0/test/suites/invalid-unicode/invalid-utf-8-in-identifier/error
jansson-2.15.0/test/suites/invalid-unicode/invalid-utf-8-in-int/input
jansson-2.15.0/test/suites/invalid-unicode/invalid-utf-8-in-int/error
jansson-2.15.0/test/suites/invalid-unicode/invalid-utf-8-in-escape/input
jansson-2.15.0/test/suites/invalid-unicode/invalid-utf-8-in-escape/error
jansson-2.15.0/test/suites/invalid-unicode/invalid-utf-8-in-real-after-e/input
jansson-2.15.0/test/suites/invalid-unicode/invalid-utf-8-in-real-after-e/error
jansson-2.15.0/test/suites/invalid-unicode/invalid-utf-8-in-exponent/input
jansson-2.15.0/test/suites/invalid-unicode/invalid-utf-8-in-exponent/error
jansson-2.15.0/test/suites/invalid-unicode/encoded-surrogate-half/input
jansson-2.15.0/test/suites/invalid-unicode/encoded-surrogate-half/error
jansson-2.15.0/test/suites/invalid-unicode/truncated-utf-8/input
jansson-2.15.0/test/suites/invalid-unicode/truncated-utf-8/error
jansson-2.15.0/test/suites/invalid-unicode/invalid-utf-8-in-string/input
jansson-2.15.0/test/suites/invalid-unicode/invalid-utf-8-in-string/error
jansson-2.15.0/test/suites/invalid-unicode/invalid-utf-8-in-bigger-int/input
jansson-2.15.0/test/suites/invalid-unicode/invalid-utf-8-in-bigger-int/error
jansson-2.15.0/test/suites/invalid-unicode/lone-invalid-utf-8/input
jansson-2.15.0/test/suites/invalid-unicode/lone-invalid-utf-8/error
jansson-2.15.0/test/suites/invalid-unicode/invalid-utf-8-in-array/input
jansson-2.15.0/test/suites/invalid-unicode/invalid-utf-8-in-array/error
jansson-2.15.0/test/suites/valid/real-capital-e/
jansson-2.15.0/test/suites/valid/one-byte-utf-8/
jansson-2.15.0/test/suites/valid/empty-array/
jansson-2.15.0/test/suites/valid/negative-zero/
jansson-2.15.0/test/suites/valid/simple-object/
jansson-2.15.0/test/suites/valid/real-exponent/
jansson-2.15.0/test/suites/valid/real-capital-e-negative-exponent/
jansson-2.15.0/test/suites/valid/utf-8-string/
jansson-2.15.0/test/suites/valid/utf-surrogate-four-byte-encoding/
jansson-2.15.0/test/suites/valid/real-underflow/
jansson-2.15.0/test/suites/valid/real-negative-exponent/
jansson-2.15.0/test/suites/valid/simple-int-123/
jansson-2.15.0/test/suites/valid/string-escapes/
jansson-2.15.0/test/suites/valid/short-string/
jansson-2.15.0/test/suites/valid/negative-int/
jansson-2.15.0/test/suites/valid/real-fraction-exponent/
jansson-2.15.0/test/suites/valid/simple-int-1/
jansson-2.15.0/test/suites/valid/negative-one/
jansson-2.15.0/test/suites/valid/simple-int-0/
jansson-2.15.0/test/suites/valid/null/
jansson-2.15.0/test/suites/valid/real-subnormal-number/
jansson-2.15.0/test/suites/valid/real-capital-e-positive-exponent/
jansson-2.15.0/test/suites/valid/escaped-utf-control-char/
jansson-2.15.0/test/suites/valid/three-byte-utf-8/
jansson-2.15.0/test/suites/valid/simple-ascii-string/
jansson-2.15.0/test/suites/valid/empty-string/
jansson-2.15.0/test/suites/valid/simple-real/
jansson-2.15.0/test/suites/valid/true/
jansson-2.15.0/test/suites/valid/run
jansson-2.15.0/test/suites/valid/real-exponent-no-dtoa/
jansson-2.15.0/test/suites/valid/empty-object/
jansson-2.15.0/test/suites/valid/two-byte-utf-8/
jansson-2.15.0/test/suites/valid/false/
jansson-2.15.0/test/suites/valid/complex-array/
jansson-2.15.0/test/suites/valid/real-positive-exponent/
jansson-2.15.0/test/suites/valid/empty-object-in-array/
jansson-2.15.0/test/suites/valid/empty-object-in-array/input
jansson-2.15.0/test/suites/valid/empty-object-in-array/output
jansson-2.15.0/test/suites/valid/real-positive-exponent/input
jansson-2.15.0/test/suites/valid/real-positive-exponent/output
jansson-2.15.0/test/suites/valid/complex-array/input
jansson-2.15.0/test/suites/valid/complex-array/output
jansson-2.15.0/test/suites/valid/complex-array/env
jansson-2.15.0/test/suites/valid/false/input
jansson-2.15.0/test/suites/valid/false/output
jansson-2.15.0/test/suites/valid/two-byte-utf-8/input
jansson-2.15.0/test/suites/valid/two-byte-utf-8/output
jansson-2.15.0/test/suites/valid/empty-object/input
jansson-2.15.0/test/suites/valid/empty-object/output
jansson-2.15.0/test/suites/valid/real-exponent-no-dtoa/input
jansson-2.15.0/test/suites/valid/real-exponent-no-dtoa/output
jansson-2.15.0/test/suites/valid/real-exponent-no-dtoa/skip_if_dtoa
jansson-2.15.0/test/suites/valid/true/input
jansson-2.15.0/test/suites/valid/true/output
jansson-2.15.0/test/suites/valid/simple-real/input
jansson-2.15.0/test/suites/valid/simple-real/output
jansson-2.15.0/test/suites/valid/empty-string/input
jansson-2.15.0/test/suites/valid/empty-string/output
jansson-2.15.0/test/suites/valid/simple-ascii-string/input
jansson-2.15.0/test/suites/valid/simple-ascii-string/output
jansson-2.15.0/test/suites/valid/three-byte-utf-8/input
jansson-2.15.0/test/suites/valid/three-byte-utf-8/output
jansson-2.15.0/test/suites/valid/escaped-utf-control-char/input
jansson-2.15.0/test/suites/valid/escaped-utf-control-char/output
jansson-2.15.0/test/suites/valid/real-capital-e-positive-exponent/input
jansson-2.15.0/test/suites/valid/real-capital-e-positive-exponent/output
jansson-2.15.0/test/suites/valid/real-subnormal-number/input
jansson-2.15.0/test/suites/valid/real-subnormal-number/output
jansson-2.15.0/test/suites/valid/null/input
jansson-2.15.0/test/suites/valid/null/output
jansson-2.15.0/test/suites/valid/simple-int-0/input
jansson-2.15.0/test/suites/valid/simple-int-0/output
jansson-2.15.0/test/suites/valid/negative-one/input
jansson-2.15.0/test/suites/valid/negative-one/output
jansson-2.15.0/test/suites/valid/simple-int-1/input
jansson-2.15.0/test/suites/valid/simple-int-1/output
jansson-2.15.0/test/suites/valid/real-fraction-exponent/input
jansson-2.15.0/test/suites/valid/real-fraction-exponent/output
jansson-2.15.0/test/suites/valid/negative-int/input
jansson-2.15.0/test/suites/valid/negative-int/output
jansson-2.15.0/test/suites/valid/short-string/input
jansson-2.15.0/test/suites/valid/short-string/output
jansson-2.15.0/test/suites/valid/string-escapes/input
jansson-2.15.0/test/suites/valid/string-escapes/output
jansson-2.15.0/test/suites/valid/simple-int-123/input
jansson-2.15.0/test/suites/valid/simple-int-123/output
jansson-2.15.0/test/suites/valid/real-negative-exponent/input
jansson-2.15.0/test/suites/valid/real-negative-exponent/output
jansson-2.15.0/test/suites/valid/real-underflow/input
jansson-2.15.0/test/suites/valid/real-underflow/output
jansson-2.15.0/test/suites/valid/utf-surrogate-four-byte-encoding/input
jansson-2.15.0/test/suites/valid/utf-surrogate-four-byte-encoding/output
jansson-2.15.0/test/suites/valid/utf-8-string/input
jansson-2.15.0/test/suites/valid/utf-8-string/output
jansson-2.15.0/test/suites/valid/real-capital-e-negative-exponent/input
jansson-2.15.0/test/suites/valid/real-capital-e-negative-exponent/output
jansson-2.15.0/test/suites/valid/real-exponent/skip_unless_dtoa
jansson-2.15.0/test/suites/valid/real-exponent/input
jansson-2.15.0/test/suites/valid/real-exponent/output
jansson-2.15.0/test/suites/valid/simple-object/input
jansson-2.15.0/test/suites/valid/simple-object/output
jansson-2.15.0/test/suites/valid/negative-zero/input
jansson-2.15.0/test/suites/valid/negative-zero/output
jansson-2.15.0/test/suites/valid/empty-array/input
jansson-2.15.0/test/suites/valid/empty-array/output
jansson-2.15.0/test/suites/valid/one-byte-utf-8/input
jansson-2.15.0/test/suites/valid/one-byte-utf-8/output
jansson-2.15.0/test/suites/valid/real-capital-e/input
jansson-2.15.0/test/suites/valid/real-capital-e/output
jansson-2.15.0/test/bin/json_process.c
jansson-2.15.0/test/bin/Makefile.am
jansson-2.15.0/test/bin/Makefile.in
checking for a BSD-compatible install... /usr/bin/install -c
checking whether sleep supports fractional seconds... yes
checking filesystem timestamp resolution... 0.01
checking whether build environment is sane... yes
checking for a race-free mkdir -p... /usr/bin/mkdir -p
checking for gawk... gawk
checking whether make sets $(MAKE)... yes
checking whether make supports nested variables... yes
checking xargs -n works... yes
checking whether UID '0' is supported by ustar format... yes
checking whether GID '0' is supported by ustar format... yes
checking how to create a ustar tar archive... gnutar
checking for gcc... gcc
checking whether the C compiler works... yes
checking for C compiler default output file name... a.out
checking for suffix of executables... 
checking whether we are cross compiling... no
checking for suffix of object files... o
checking whether the compiler supports GNU C... yes
checking whether gcc accepts -g... yes
checking for gcc option to enable C11 features... none needed
checking whether gcc understands -c and -o together... yes
checking whether make supports the include directive... yes (GNU style)
checking dependency style of gcc... gcc3
checking for g++... g++
checking whether the compiler supports GNU C++... yes
checking whether g++ accepts -g... yes
checking for g++ option to enable C++11 features... none needed
checking dependency style of g++... gcc3
checking build system type... x86_64-pc-linux-gnu
checking host system type... x86_64-pc-linux-gnu
checking how to print strings... printf
checking for a sed that does not truncate output... /usr/bin/sed
checking for grep that handles long lines and -e... /usr/bin/grep
checking for egrep... /usr/bin/grep -E
checking for fgrep... /usr/bin/grep -F
checking for ld used by gcc... /usr/bin/ld
checking if the linker (/usr/bin/ld) is GNU ld... yes
checking for BSD- or MS-compatible name lister (nm)... /usr/bin/nm -B
checking the name lister (/usr/bin/nm -B) interface... BSD nm
checking whether ln -s works... yes
checking the maximum length of command line arguments... 1572864
checking how to convert x86_64-pc-linux-gnu file names to x86_64-pc-linux-gnu format... func_convert_file_noop
checking how to convert x86_64-pc-linux-gnu file names to toolchain format... func_convert_file_noop
checking for /usr/bin/ld option to reload object files... -r
checking for file... file
checking for objdump... objdump
checking how to recognize dependent libraries... pass_all
checking for dlltool... no
checking how to associate runtime and link libraries... printf %s\n
checking for ranlib... ranlib
checking for ar... ar
checking for archiver @FILE support... @
checking for strip... strip
checking command to parse /usr/bin/nm -B output from gcc object... ok
checking for sysroot... no
checking for a working dd... /usr/bin/dd
checking how to truncate binary pipes... /usr/bin/dd bs=4096 count=1
checking for mt... mt
checking if mt is a manifest tool... no
checking for stdio.h... yes
checking for stdlib.h... yes
checking for string.h... yes
checking for inttypes.h... yes
checking for stdint.h... yes
checking for strings.h... yes
checking for sys/stat.h... yes
checking for sys/types.h... yes
checking for unistd.h... yes
checking for dlfcn.h... yes
checking for objdir... .libs
checking if gcc supports -fno-rtti -fno-exceptions... no
checking for gcc option to produce PIC... -fPIC -DPIC
checking if gcc PIC flag -fPIC -DPIC works... yes
checking if gcc static flag -static works... yes
checking if gcc supports -c -o file.o... yes
checking if gcc supports -c -o file.o... (cached) yes
checking whether the gcc linker (/usr/bin/ld -m elf_x86_64) supports shared libraries... yes
checking whether -lc should be explicitly linked in... no
checking dynamic linker characteristics... GNU/Linux ld.so
checking how to hardcode library paths into programs... immediate
checking whether stripping libraries is possible... yes
checking if libtool supports shared libraries... yes
checking whether to build shared libraries... yes
checking whether to build static libraries... no
checking how to run the C++ preprocessor... g++ -E
checking for ld used by g++... /usr/bin/ld -m elf_x86_64
checking if the linker (/usr/bin/ld -m elf_x86_64) is GNU ld... yes
checking whether the g++ linker (/usr/bin/ld -m elf_x86_64) supports shared libraries... yes
checking for g++ option to produce PIC... -fPIC -DPIC
checking if g++ PIC flag -fPIC -DPIC works... yes
checking if g++ static flag -static works... yes
checking if g++ supports -c -o file.o... yes
checking if g++ supports -c -o file.o... (cached) yes
checking whether the g++ linker (/usr/bin/ld -m elf_x86_64) supports shared libraries... yes
checking dynamic linker characteristics... (cached) GNU/Linux ld.so
checking how to hardcode library paths into programs... immediate
checking for endian.h... yes
checking for fcntl.h... yes
checking for locale.h... yes
checking for sched.h... yes
checking for unistd.h... (cached) yes
checking for sys/param.h... yes
checking for sys/stat.h... (cached) yes
checking for sys/time.h... yes
checking for sys/types.h... (cached) yes
checking for int32_t... yes
checking for uint32_t... yes
checking for uint16_t... yes
checking for uint8_t... yes
checking for unsigned long long int... yes
checking for long long int... yes
checking whether byte ordering is bigendian... no
checking for inline... inline
checking for close... yes
checking for getpid... yes
checking for gettimeofday... yes
checking for open... yes
checking for read... yes
checking for setlocale... yes
checking for sched_yield... yes
checking for strtoll... yes
checking for gcc __sync builtins... yes
checking for gcc __atomic builtins... yes
checking for -Bsymbolic-functions linker flag... yes
checking for gcc options needed to detect all undeclared functions... none needed
checking whether __GLIBC__ is declared... yes
checking for -Wno-format-truncation... yes
checking that generated files are newer than configure... done
configure: creating ./config.status
config.status: creating jansson.pc
config.status: creating Makefile
config.status: creating doc/Makefile
config.status: creating src/Makefile
config.status: creating src/jansson_config.h
config.status: creating test/Makefile
config.status: creating test/bin/Makefile
config.status: creating test/ossfuzz/Makefile
config.status: creating test/suites/Makefile
config.status: creating test/suites/api/Makefile
config.status: creating jansson_private_config.h
config.status: executing depfiles commands
config.status: executing libtool commands
make  all-recursive
make[1]: Entering directory '/blfs/builds/jansson-2.15.0'
Making all in doc
make[2]: Entering directory '/blfs/builds/jansson-2.15.0/doc'
make[2]: Nothing to be done for 'all'.
make[2]: Leaving directory '/blfs/builds/jansson-2.15.0/doc'
Making all in src
make[2]: Entering directory '/blfs/builds/jansson-2.15.0/src'
/bin/sh ../libtool  --tag=CC   --mode=compile gcc -DHAVE_CONFIG_H -I. -I..    -Wall -Wextra -Wdeclaration-after-statement -Wshadow -Wno-format-truncation -O2 -MT dump.lo -MD -MP -MF .deps/dump.Tpo -c -o dump.lo dump.c
/bin/sh ../libtool  --tag=CC   --mode=compile gcc -DHAVE_CONFIG_H -I. -I..    -Wall -Wextra -Wdeclaration-after-statement -Wshadow -Wno-format-truncation -O2 -MT error.lo -MD -MP -MF .deps/error.Tpo -c -o error.lo error.c
/bin/sh ../libtool  --tag=CC   --mode=compile gcc -DHAVE_CONFIG_H -I. -I..    -Wall -Wextra -Wdeclaration-after-statement -Wshadow -Wno-format-truncation -O2 -MT hashtable.lo -MD -MP -MF .deps/hashtable.Tpo -c -o hashtable.lo hashtable.c
/bin/sh ../libtool  --tag=CC   --mode=compile gcc -DHAVE_CONFIG_H -I. -I..    -Wall -Wextra -Wdeclaration-after-statement -Wshadow -Wno-format-truncation -O2 -MT hashtable_seed.lo -MD -MP -MF .deps/hashtable_seed.Tpo -c -o hashtable_seed.lo hashtable_seed.c
/bin/sh ../libtool  --tag=CC   --mode=compile gcc -DHAVE_CONFIG_H -I. -I..    -Wall -Wextra -Wdeclaration-after-statement -Wshadow -Wno-format-truncation -O2 -MT load.lo -MD -MP -MF .deps/load.Tpo -c -o load.lo load.c
/bin/sh ../libtool  --tag=CC   --mode=compile gcc -DHAVE_CONFIG_H -I. -I..    -Wall -Wextra -Wdeclaration-after-statement -Wshadow -Wno-format-truncation -O2 -MT memory.lo -MD -MP -MF .deps/memory.Tpo -c -o memory.lo memory.c
/bin/sh ../libtool  --tag=CC   --mode=compile gcc -DHAVE_CONFIG_H -I. -I..    -Wall -Wextra -Wdeclaration-after-statement -Wshadow -Wno-format-truncation -O2 -MT pack_unpack.lo -MD -MP -MF .deps/pack_unpack.Tpo -c -o pack_unpack.lo pack_unpack.c
/bin/sh ../libtool  --tag=CC   --mode=compile gcc -DHAVE_CONFIG_H -I. -I..    -Wall -Wextra -Wdeclaration-after-statement -Wshadow -Wno-format-truncation -O2 -MT strbuffer.lo -MD -MP -MF .deps/strbuffer.Tpo -c -o strbuffer.lo strbuffer.c
/bin/sh ../libtool  --tag=CC   --mode=compile gcc -DHAVE_CONFIG_H -I. -I..    -Wall -Wextra -Wdeclaration-after-statement -Wshadow -Wno-format-truncation -O2 -MT strconv.lo -MD -MP -MF .deps/strconv.Tpo -c -o strconv.lo strconv.c
/bin/sh ../libtool  --tag=CC   --mode=compile gcc -DHAVE_CONFIG_H -I. -I..    -Wall -Wextra -Wdeclaration-after-statement -Wshadow -Wno-format-truncation -O2 -MT utf.lo -MD -MP -MF .deps/utf.Tpo -c -o utf.lo utf.c
/bin/sh ../libtool  --tag=CC   --mode=compile gcc -DHAVE_CONFIG_H -I. -I..    -Wall -Wextra -Wdeclaration-after-statement -Wshadow -Wno-format-truncation -O2 -MT value.lo -MD -MP -MF .deps/value.Tpo -c -o value.lo value.c
/bin/sh ../libtool  --tag=CC   --mode=compile gcc -DHAVE_CONFIG_H -I. -I..    -Wall -Wextra -Wdeclaration-after-statement -Wshadow -Wno-format-truncation -O2 -MT version.lo -MD -MP -MF .deps/version.Tpo -c -o version.lo version.c
libtool: compile:  gcc -DHAVE_CONFIG_H -I. -I.. -Wall -Wextra -Wdeclaration-after-statement -Wshadow -Wno-format-truncation -O2 -MT error.lo -MD -MP -MF .deps/error.Tpo -c error.c  -fPIC -DPIC -o .libs/error.o
libtool: compile:  gcc -DHAVE_CONFIG_H -I. -I.. -Wall -Wextra -Wdeclaration-after-statement -Wshadow -Wno-format-truncation -O2 -MT strconv.lo -MD -MP -MF .deps/strconv.Tpo -c strconv.c  -fPIC -DPIC -o .libs/strconv.o
libtool: compile:  gcc -DHAVE_CONFIG_H -I. -I.. -Wall -Wextra -Wdeclaration-after-statement -Wshadow -Wno-format-truncation -O2 -MT hashtable_seed.lo -MD -MP -MF .deps/hashtable_seed.Tpo -c hashtable_seed.c  -fPIC -DPIC -o .libs/hashtable_seed.o
libtool: compile:  gcc -DHAVE_CONFIG_H -I. -I.. -Wall -Wextra -Wdeclaration-after-statement -Wshadow -Wno-format-truncation -O2 -MT dump.lo -MD -MP -MF .deps/dump.Tpo -c dump.c  -fPIC -DPIC -o .libs/dump.o
libtool: compile:  gcc -DHAVE_CONFIG_H -I. -I.. -Wall -Wextra -Wdeclaration-after-statement -Wshadow -Wno-format-truncation -O2 -MT version.lo -MD -MP -MF .deps/version.Tpo -c version.c  -fPIC -DPIC -o .libs/version.o
libtool: compile:  gcc -DHAVE_CONFIG_H -I. -I.. -Wall -Wextra -Wdeclaration-after-statement -Wshadow -Wno-format-truncation -O2 -MT hashtable.lo -MD -MP -MF .deps/hashtable.Tpo -c hashtable.c  -fPIC -DPIC -o .libs/hashtable.o
libtool: compile:  gcc -DHAVE_CONFIG_H -I. -I.. -Wall -Wextra -Wdeclaration-after-statement -Wshadow -Wno-format-truncation -O2 -MT memory.lo -MD -MP -MF .deps/memory.Tpo -c memory.c  -fPIC -DPIC -o .libs/memory.o
libtool: compile:  gcc -DHAVE_CONFIG_H -I. -I.. -Wall -Wextra -Wdeclaration-after-statement -Wshadow -Wno-format-truncation -O2 -MT strbuffer.lo -MD -MP -MF .deps/strbuffer.Tpo -c strbuffer.c  -fPIC -DPIC -o .libs/strbuffer.o
libtool: compile:  gcc -DHAVE_CONFIG_H -I. -I.. -Wall -Wextra -Wdeclaration-after-statement -Wshadow -Wno-format-truncation -O2 -MT load.lo -MD -MP -MF .deps/load.Tpo -c load.c  -fPIC -DPIC -o .libs/load.o
libtool: compile:  gcc -DHAVE_CONFIG_H -I. -I.. -Wall -Wextra -Wdeclaration-after-statement -Wshadow -Wno-format-truncation -O2 -MT utf.lo -MD -MP -MF .deps/utf.Tpo -c utf.c  -fPIC -DPIC -o .libs/utf.o
libtool: compile:  gcc -DHAVE_CONFIG_H -I. -I.. -Wall -Wextra -Wdeclaration-after-statement -Wshadow -Wno-format-truncation -O2 -MT value.lo -MD -MP -MF .deps/value.Tpo -c value.c  -fPIC -DPIC -o .libs/value.o
libtool: compile:  gcc -DHAVE_CONFIG_H -I. -I.. -Wall -Wextra -Wdeclaration-after-statement -Wshadow -Wno-format-truncation -O2 -MT pack_unpack.lo -MD -MP -MF .deps/pack_unpack.Tpo -c pack_unpack.c  -fPIC -DPIC -o .libs/pack_unpack.o
In function 'jsonp_error_set_source',
    inlined from 'jsonp_error_set_source' at error.c:17:6:
error.c:25:9: warning: 'strncpy' specified bound depends on the length of the source argument [-Wstringop-truncation]
   25 |         strncpy(error->source, source, length + 1);
      |         ^~~~~~~~~~~~~~~~~~~~~~~~~~~~~~~~~~~~~~~~~~
error.c:23:14: note: length computed here
   23 |     length = strlen(source);
      |              ^~~~~~~~~~~~~~
mv -f .deps/error.Tpo .deps/error.Plo
mv -f .deps/hashtable_seed.Tpo .deps/hashtable_seed.Plo
/bin/sh ../libtool  --tag=CC   --mode=compile gcc -DHAVE_CONFIG_H -I. -I..    -Wall -Wextra -Wdeclaration-after-statement -Wshadow -Wno-format-truncation -O2 -MT dtoa.lo -MD -MP -MF .deps/dtoa.Tpo -c -o dtoa.lo dtoa.c
mv -f .deps/version.Tpo .deps/version.Plo
mv -f .deps/memory.Tpo .deps/memory.Plo
mv -f .deps/strbuffer.Tpo .deps/strbuffer.Plo
mv -f .deps/strconv.Tpo .deps/strconv.Plo
libtool: compile:  gcc -DHAVE_CONFIG_H -I. -I.. -Wall -Wextra -Wdeclaration-after-statement -Wshadow -Wno-format-truncation -O2 -MT dtoa.lo -MD -MP -MF .deps/dtoa.Tpo -c dtoa.c  -fPIC -DPIC -o .libs/dtoa.o
mv -f .deps/utf.Tpo .deps/utf.Plo
mv -f .deps/dump.Tpo .deps/dump.Plo
mv -f .deps/hashtable.Tpo .deps/hashtable.Plo
mv -f .deps/pack_unpack.Tpo .deps/pack_unpack.Plo
mv -f .deps/load.Tpo .deps/load.Plo
mv -f .deps/value.Tpo .deps/value.Plo
mv -f .deps/dtoa.Tpo .deps/dtoa.Plo
/bin/sh ../libtool  --tag=CC   --mode=link gcc -Wall -Wextra -Wdeclaration-after-statement -Wshadow -Wno-format-truncation -O2 -no-undefined -export-symbols-regex '^json_|^jansson_' -version-info 19:0:15 -Wl,--default-symver -Wl,-Bsymbolic-functions  -o libjansson.la -rpath /usr/lib dump.lo error.lo hashtable.lo hashtable_seed.lo load.lo memory.lo pack_unpack.lo strbuffer.lo strconv.lo utf.lo value.lo version.lo dtoa.lo  
libtool: link: /usr/bin/nm -B  .libs/dump.o .libs/error.o .libs/hashtable.o .libs/hashtable_seed.o .libs/load.o .libs/memory.o .libs/pack_unpack.o .libs/strbuffer.o .libs/strconv.o .libs/utf.o .libs/value.o .libs/version.o .libs/dtoa.o   | /usr/bin/sed -n -e 's/^.*[	 ]\([ABCDGIRSTW][ABCDGIRSTW]*\)[	 ][	 ]*\([_A-Za-z][_A-Za-z0-9]*\)$/\1 \2 \2/p' | /usr/bin/sed '/ __gnu_lto/d' | /usr/bin/sed 's/.* //' | sort | uniq > .libs/libjansson.exp
libtool: link: /usr/bin/grep -E -e "^json_|^jansson_" ".libs/libjansson.exp" > ".libs/libjansson.expT"
libtool: link: mv -f ".libs/libjansson.expT" ".libs/libjansson.exp"
libtool: link: echo "{ global:" > .libs/libjansson.ver
libtool: link:  cat .libs/libjansson.exp | /usr/bin/sed -e "s/\(.*\)/\1;/" >> .libs/libjansson.ver
libtool: link:  echo "local: *; };" >> .libs/libjansson.ver
libtool: link:  gcc -shared  -fPIC -DPIC  .libs/dump.o .libs/error.o .libs/hashtable.o .libs/hashtable_seed.o .libs/load.o .libs/memory.o .libs/pack_unpack.o .libs/strbuffer.o .libs/strconv.o .libs/utf.o .libs/value.o .libs/version.o .libs/dtoa.o    -O2 -Wl,--default-symver -Wl,-Bsymbolic-functions   -Wl,-soname -Wl,libjansson.so.4 -Wl,-version-script -Wl,.libs/libjansson.ver -o .libs/libjansson.so.4.15.0
libtool: link: (cd ".libs" && rm -f "libjansson.so.4" && ln -s "libjansson.so.4.15.0" "libjansson.so.4")
libtool: link: (cd ".libs" && rm -f "libjansson.so" && ln -s "libjansson.so.4.15.0" "libjansson.so")
libtool: link: ( cd ".libs" && rm -f "libjansson.la" && ln -s "../libjansson.la" "libjansson.la" )
make[2]: Leaving directory '/blfs/builds/jansson-2.15.0/src'
Making all in test
make[2]: Entering directory '/blfs/builds/jansson-2.15.0/test'
Making all in bin
make[3]: Entering directory '/blfs/builds/jansson-2.15.0/test/bin'
make[3]: Nothing to be done for 'all'.
make[3]: Leaving directory '/blfs/builds/jansson-2.15.0/test/bin'
Making all in suites
make[3]: Entering directory '/blfs/builds/jansson-2.15.0/test/suites'
Making all in api
make[4]: Entering directory '/blfs/builds/jansson-2.15.0/test/suites/api'
make[4]: Nothing to be done for 'all'.
make[4]: Leaving directory '/blfs/builds/jansson-2.15.0/test/suites/api'
make[4]: Entering directory '/blfs/builds/jansson-2.15.0/test/suites'
make[4]: Nothing to be done for 'all-am'.
make[4]: Leaving directory '/blfs/builds/jansson-2.15.0/test/suites'
make[3]: Leaving directory '/blfs/builds/jansson-2.15.0/test/suites'
Making all in ossfuzz
make[3]: Entering directory '/blfs/builds/jansson-2.15.0/test/ossfuzz'
make[3]: Nothing to be done for 'all'.
make[3]: Leaving directory '/blfs/builds/jansson-2.15.0/test/ossfuzz'
make[3]: Entering directory '/blfs/builds/jansson-2.15.0/test'
make[3]: Nothing to be done for 'all-am'.
make[3]: Leaving directory '/blfs/builds/jansson-2.15.0/test'
make[2]: Leaving directory '/blfs/builds/jansson-2.15.0/test'
make[2]: Entering directory '/blfs/builds/jansson-2.15.0'
make[2]: Leaving directory '/blfs/builds/jansson-2.15.0'
make[1]: Leaving directory '/blfs/builds/jansson-2.15.0'
Making install in doc
make[1]: Entering directory '/blfs/builds/jansson-2.15.0/doc'
make[2]: Entering directory '/blfs/builds/jansson-2.15.0/doc'
make[2]: Nothing to be done for 'install-exec-am'.
make[2]: Nothing to be done for 'install-data-am'.
make[2]: Leaving directory '/blfs/builds/jansson-2.15.0/doc'
make[1]: Leaving directory '/blfs/builds/jansson-2.15.0/doc'
Making install in src
make[1]: Entering directory '/blfs/builds/jansson-2.15.0/src'
make[2]: Entering directory '/blfs/builds/jansson-2.15.0/src'
 /usr/bin/mkdir -p '/pkgs/jansson/usr/lib'
 /bin/sh ../libtool   --mode=install /usr/bin/install -c   libjansson.la '/pkgs/jansson/usr/lib'
libtool: install: /usr/bin/install -c .libs/libjansson.so.4.15.0 /pkgs/jansson/usr/lib/libjansson.so.4.15.0
libtool: install: (cd /pkgs/jansson/usr/lib && { ln -s -f libjansson.so.4.15.0 libjansson.so.4 || { rm -f libjansson.so.4 && ln -s libjansson.so.4.15.0 libjansson.so.4; }; })
libtool: install: (cd /pkgs/jansson/usr/lib && { ln -s -f libjansson.so.4.15.0 libjansson.so || { rm -f libjansson.so && ln -s libjansson.so.4.15.0 libjansson.so; }; })
libtool: install: /usr/bin/install -c .libs/libjansson.lai /pkgs/jansson/usr/lib/libjansson.la
libtool: warning: remember to run 'libtool --finish /usr/lib'
 /usr/bin/mkdir -p '/pkgs/jansson/usr/include'
 /usr/bin/install -c -m 644 jansson.h '/pkgs/jansson/usr/include'
 /usr/bin/mkdir -p '/pkgs/jansson/usr/include'
 /usr/bin/install -c -m 644 jansson_config.h '/pkgs/jansson/usr/include'
make[2]: Leaving directory '/blfs/builds/jansson-2.15.0/src'
make[1]: Leaving directory '/blfs/builds/jansson-2.15.0/src'
Making install in test
make[1]: Entering directory '/blfs/builds/jansson-2.15.0/test'
Making install in bin
make[2]: Entering directory '/blfs/builds/jansson-2.15.0/test/bin'
make[3]: Entering directory '/blfs/builds/jansson-2.15.0/test/bin'
make[3]: Nothing to be done for 'install-exec-am'.
make[3]: Nothing to be done for 'install-data-am'.
make[3]: Leaving directory '/blfs/builds/jansson-2.15.0/test/bin'
make[2]: Leaving directory '/blfs/builds/jansson-2.15.0/test/bin'
Making install in suites
make[2]: Entering directory '/blfs/builds/jansson-2.15.0/test/suites'
Making install in api
make[3]: Entering directory '/blfs/builds/jansson-2.15.0/test/suites/api'
make[4]: Entering directory '/blfs/builds/jansson-2.15.0/test/suites/api'
make[4]: Nothing to be done for 'install-exec-am'.
make[4]: Nothing to be done for 'install-data-am'.
make[4]: Leaving directory '/blfs/builds/jansson-2.15.0/test/suites/api'
make[3]: Leaving directory '/blfs/builds/jansson-2.15.0/test/suites/api'
make[3]: Entering directory '/blfs/builds/jansson-2.15.0/test/suites'
make[4]: Entering directory '/blfs/builds/jansson-2.15.0/test/suites'
make[4]: Nothing to be done for 'install-exec-am'.
make[4]: Nothing to be done for 'install-data-am'.
make[4]: Leaving directory '/blfs/builds/jansson-2.15.0/test/suites'
make[3]: Leaving directory '/blfs/builds/jansson-2.15.0/test/suites'
make[2]: Leaving directory '/blfs/builds/jansson-2.15.0/test/suites'
Making install in ossfuzz
make[2]: Entering directory '/blfs/builds/jansson-2.15.0/test/ossfuzz'
make[3]: Entering directory '/blfs/builds/jansson-2.15.0/test/ossfuzz'
make[3]: Nothing to be done for 'install-exec-am'.
make[3]: Nothing to be done for 'install-data-am'.
make[3]: Leaving directory '/blfs/builds/jansson-2.15.0/test/ossfuzz'
make[2]: Leaving directory '/blfs/builds/jansson-2.15.0/test/ossfuzz'
make[2]: Entering directory '/blfs/builds/jansson-2.15.0/test'
make[3]: Entering directory '/blfs/builds/jansson-2.15.0/test'
make[3]: Nothing to be done for 'install-exec-am'.
make[3]: Nothing to be done for 'install-data-am'.
make[3]: Leaving directory '/blfs/builds/jansson-2.15.0/test'
make[2]: Leaving directory '/blfs/builds/jansson-2.15.0/test'
make[1]: Leaving directory '/blfs/builds/jansson-2.15.0/test'
make[1]: Entering directory '/blfs/builds/jansson-2.15.0'
make[2]: Entering directory '/blfs/builds/jansson-2.15.0'
make[2]: Nothing to be done for 'install-exec-am'.
 /usr/bin/mkdir -p '/pkgs/jansson/usr/lib/pkgconfig'
 /usr/bin/install -c -m 644 jansson.pc '/pkgs/jansson/usr/lib/pkgconfig'
make[2]: Leaving directory '/blfs/builds/jansson-2.15.0'
make[1]: Leaving directory '/blfs/builds/jansson-2.15.0'
Making install in doc
make[1]: Entering directory '/blfs/builds/jansson-2.15.0/doc'
make[2]: Entering directory '/blfs/builds/jansson-2.15.0/doc'
make[2]: Nothing to be done for 'install-exec-am'.
make[2]: Nothing to be done for 'install-data-am'.
make[2]: Leaving directory '/blfs/builds/jansson-2.15.0/doc'
make[1]: Leaving directory '/blfs/builds/jansson-2.15.0/doc'
Making install in src
make[1]: Entering directory '/blfs/builds/jansson-2.15.0/src'
make[2]: Entering directory '/blfs/builds/jansson-2.15.0/src'
 /usr/bin/mkdir -p '/usr/lib'
 /bin/sh ../libtool   --mode=install /usr/bin/install -c   libjansson.la '/usr/lib'
libtool: install: /usr/bin/install -c .libs/libjansson.so.4.15.0 /usr/lib/libjansson.so.4.15.0
libtool: install: (cd /usr/lib && { ln -s -f libjansson.so.4.15.0 libjansson.so.4 || { rm -f libjansson.so.4 && ln -s libjansson.so.4.15.0 libjansson.so.4; }; })
libtool: install: (cd /usr/lib && { ln -s -f libjansson.so.4.15.0 libjansson.so || { rm -f libjansson.so && ln -s libjansson.so.4.15.0 libjansson.so; }; })
libtool: install: /usr/bin/install -c .libs/libjansson.lai /usr/lib/libjansson.la
libtool: finish: PATH="/usr/sbin:/usr/bin:/sbin" ldconfig -n /usr/lib
----------------------------------------------------------------------
Libraries have been installed in:
   /usr/lib

If you ever happen to want to link against installed libraries
in a given directory, LIBDIR, you must either use libtool, and
specify the full pathname of the library, or use the '-LLIBDIR'
flag during linking and do at least one of the following:
   - add LIBDIR to the 'LD_LIBRARY_PATH' environment variable
     during execution
   - add LIBDIR to the 'LD_RUN_PATH' environment variable
     during linking
   - use the '-Wl,-rpath -Wl,LIBDIR' linker flag
   - have your system administrator add LIBDIR to '/etc/ld.so.conf'

See any operating system documentation about shared libraries for
more information, such as the ld(1) and ld.so(8) manual pages.
----------------------------------------------------------------------
 /usr/bin/mkdir -p '/usr/include'
 /usr/bin/install -c -m 644 jansson.h '/usr/include'
 /usr/bin/mkdir -p '/usr/include'
 /usr/bin/install -c -m 644 jansson_config.h '/usr/include'
make[2]: Leaving directory '/blfs/builds/jansson-2.15.0/src'
make[1]: Leaving directory '/blfs/builds/jansson-2.15.0/src'
Making install in test
make[1]: Entering directory '/blfs/builds/jansson-2.15.0/test'
Making install in bin
make[2]: Entering directory '/blfs/builds/jansson-2.15.0/test/bin'
make[3]: Entering directory '/blfs/builds/jansson-2.15.0/test/bin'
make[3]: Nothing to be done for 'install-exec-am'.
make[3]: Nothing to be done for 'install-data-am'.
make[3]: Leaving directory '/blfs/builds/jansson-2.15.0/test/bin'
make[2]: Leaving directory '/blfs/builds/jansson-2.15.0/test/bin'
Making install in suites
make[2]: Entering directory '/blfs/builds/jansson-2.15.0/test/suites'
Making install in api
make[3]: Entering directory '/blfs/builds/jansson-2.15.0/test/suites/api'
make[4]: Entering directory '/blfs/builds/jansson-2.15.0/test/suites/api'
make[4]: Nothing to be done for 'install-exec-am'.
make[4]: Nothing to be done for 'install-data-am'.
make[4]: Leaving directory '/blfs/builds/jansson-2.15.0/test/suites/api'
make[3]: Leaving directory '/blfs/builds/jansson-2.15.0/test/suites/api'
make[3]: Entering directory '/blfs/builds/jansson-2.15.0/test/suites'
make[4]: Entering directory '/blfs/builds/jansson-2.15.0/test/suites'
make[4]: Nothing to be done for 'install-exec-am'.
make[4]: Nothing to be done for 'install-data-am'.
make[4]: Leaving directory '/blfs/builds/jansson-2.15.0/test/suites'
make[3]: Leaving directory '/blfs/builds/jansson-2.15.0/test/suites'
make[2]: Leaving directory '/blfs/builds/jansson-2.15.0/test/suites'
Making install in ossfuzz
make[2]: Entering directory '/blfs/builds/jansson-2.15.0/test/ossfuzz'
make[3]: Entering directory '/blfs/builds/jansson-2.15.0/test/ossfuzz'
make[3]: Nothing to be done for 'install-exec-am'.
make[3]: Nothing to be done for 'install-data-am'.
make[3]: Leaving directory '/blfs/builds/jansson-2.15.0/test/ossfuzz'
make[2]: Leaving directory '/blfs/builds/jansson-2.15.0/test/ossfuzz'
make[2]: Entering directory '/blfs/builds/jansson-2.15.0/test'
make[3]: Entering directory '/blfs/builds/jansson-2.15.0/test'
make[3]: Nothing to be done for 'install-exec-am'.
make[3]: Nothing to be done for 'install-data-am'.
make[3]: Leaving directory '/blfs/builds/jansson-2.15.0/test'
make[2]: Leaving directory '/blfs/builds/jansson-2.15.0/test'
make[1]: Leaving directory '/blfs/builds/jansson-2.15.0/test'
make[1]: Entering directory '/blfs/builds/jansson-2.15.0'
make[2]: Entering directory '/blfs/builds/jansson-2.15.0'
make[2]: Nothing to be done for 'install-exec-am'.
 /usr/bin/mkdir -p '/usr/lib/pkgconfig'
 /usr/bin/install -c -m 644 jansson.pc '/usr/lib/pkgconfig'
make[2]: Leaving directory '/blfs/builds/jansson-2.15.0'
make[1]: Leaving directory '/blfs/builds/jansson-2.15.0'
jansson/
jansson/usr/
jansson/usr/include/
jansson/usr/include/jansson_config.h
jansson/usr/include/jansson.h
jansson/usr/lib/
jansson/usr/lib/libjansson.la
jansson/usr/lib/libjansson.so.4.15.0
jansson/usr/lib/pkgconfig/
jansson/usr/lib/pkgconfig/jansson.pc
jansson/usr/lib/libjansson.so.4
jansson/usr/lib/libjansson.so
jansson/version
jansson/depends
jansson/make-depends
