--2026-01-25 08:25:34--  https://github.com/yshui/picom/archive/refs/tags/v12.5.tar.gz
Resolving github.com (github.com)... 140.82.114.3
Connecting to github.com (github.com)|140.82.114.3|:443... connected.
HTTP request sent, awaiting response... 302 Found
Location: https://codeload.github.com/yshui/picom/tar.gz/refs/tags/v12.5 [following]
--2026-01-25 08:25:34--  https://codeload.github.com/yshui/picom/tar.gz/refs/tags/v12.5
Resolving codeload.github.com (codeload.github.com)... 140.82.113.9
Connecting to codeload.github.com (codeload.github.com)|140.82.113.9|:443... connected.
HTTP request sent, awaiting response... 200 OK
Length: unspecified [application/x-gzip]
Saving to: ‘v12.5.tar.gz’

     0K .......... .......... .......... .......... .......... 1.80M
    50K .......... .......... .......... .......... .......... 2.06M
   100K .......... .......... .......... .......... .......... 2.07M
   150K .......... .......... .......... .......... .......... 3.62M
   200K .......... .......... .......... .......... .......... 2.07M
   250K .......... .......... .......... .......... .......... 4.02M
   300K .......... .......... .......... .......... .......... 3.84M
   350K .......... .......... .......... .......... .......... 4.51M
   400K .......... .......... .......... .......... .......... 4.19M
   450K .......... .......... .......... .......... .......... 4.13M
   500K .......... .......... .......... .......... .......... 20.9M
   550K .......... .......... .......... .......... .......... 5.18M
   600K .......... .......... .......... .......... .......... 4.04M
   650K ........                                                119M=0.2s

2026-01-25 08:25:35 (3.30 MB/s) - ‘v12.5.tar.gz’ saved [674165]

picom-12.5/
picom-12.5/.circleci/
picom-12.5/.circleci/config.yml
picom-12.5/.clang-format
picom-12.5/.clang-tidy
picom-12.5/.editorconfig
picom-12.5/.github/
picom-12.5/.github/FUNDING.yml
picom-12.5/.github/issue_template.md
picom-12.5/.github/pull_request_template.md
picom-12.5/.github/workflows/
picom-12.5/.github/workflows/codeql-analysis.yml
picom-12.5/.github/workflows/coding-style-pr.yml
picom-12.5/.github/workflows/coding-style.yml
picom-12.5/.github/workflows/freebsd.yml
picom-12.5/.github/workflows/openbsd.yml
picom-12.5/.github/workflows/page.yml
picom-12.5/.gitignore
picom-12.5/CHANGELOG.md
picom-12.5/CONTRIBUTORS
picom-12.5/COPYING
picom-12.5/Doxyfile
picom-12.5/History.md
picom-12.5/LICENSE.spdx
picom-12.5/LICENSES/
picom-12.5/LICENSES/MIT
picom-12.5/LICENSES/MPL-2.0
picom-12.5/README.md
picom-12.5/assets/
picom-12.5/assets/appear.mp4
picom-12.5/assets/fly.mp4
picom-12.5/assets/geometry-change.mp4
picom-12.5/assets/next.css
picom-12.5/assets/slide.mp4
picom-12.5/bin/
picom-12.5/bin/picom-trans
picom-12.5/compton-default-fshader-win.glsl
picom-12.5/compton-fake-transparency-fshader-win.glsl
picom-12.5/compton.desktop
picom-12.5/data/
picom-12.5/data/animation_presets.conf
picom-12.5/dbus-examples/
picom-12.5/dbus-examples/cdbus-driver.sh
picom-12.5/dbus-examples/inverter.sh
picom-12.5/desc.txt
picom-12.5/flake.lock
picom-12.5/flake.nix
picom-12.5/include/
picom-12.5/include/meson.build
picom-12.5/include/picom/
picom-12.5/include/picom/api.h
picom-12.5/include/picom/backend.h
picom-12.5/include/picom/meson.build
picom-12.5/include/picom/types.h
picom-12.5/man/
picom-12.5/man/meson.build
picom-12.5/man/picom-inspect.1.adoc
picom-12.5/man/picom-trans.1.adoc
picom-12.5/man/picom.1.adoc
picom-12.5/media/
picom-12.5/media/compton.svg
picom-12.5/media/icons/
picom-12.5/media/icons/48x48/
picom-12.5/media/icons/48x48/compton.png
picom-12.5/meson.build
picom-12.5/meson/
picom-12.5/meson/install.sh
picom-12.5/meson_options.txt
picom-12.5/picom-dbus.desktop
picom-12.5/picom.desktop
picom-12.5/picom.sample.conf
picom-12.5/src/
picom-12.5/src/api.c
picom-12.5/src/api_internal.h
picom-12.5/src/atom.c
picom-12.5/src/atom.h
picom-12.5/src/backend/
picom-12.5/src/backend/backend.c
picom-12.5/src/backend/backend.h
picom-12.5/src/backend/backend_common.c
picom-12.5/src/backend/backend_common.h
picom-12.5/src/backend/driver.c
picom-12.5/src/backend/driver.h
picom-12.5/src/backend/dummy/
picom-12.5/src/backend/dummy/dummy.c
picom-12.5/src/backend/gl/
picom-12.5/src/backend/gl/blur.c
picom-12.5/src/backend/gl/egl.c
picom-12.5/src/backend/gl/egl.h
picom-12.5/src/backend/gl/gl_common.c
picom-12.5/src/backend/gl/gl_common.h
picom-12.5/src/backend/gl/glx.c
picom-12.5/src/backend/gl/glx.h
picom-12.5/src/backend/gl/meson.build
picom-12.5/src/backend/gl/shaders.c
picom-12.5/src/backend/meson.build
picom-12.5/src/backend/xrender/
picom-12.5/src/backend/xrender/meson.build
picom-12.5/src/backend/xrender/xrender.c
picom-12.5/src/c2.c
picom-12.5/src/c2.h
picom-12.5/src/common.h
picom-12.5/src/compiler.h
picom-12.5/src/config.c
picom-12.5/src/config.h
picom-12.5/src/config_libconfig.c
picom-12.5/src/dbus.c
picom-12.5/src/dbus.h
picom-12.5/src/diagnostic.c
picom-12.5/src/diagnostic.h
picom-12.5/src/err.h
picom-12.5/src/event.c
picom-12.5/src/event.h
picom-12.5/src/fuzzer/
picom-12.5/src/fuzzer/c2.c
picom-12.5/src/inspect.c
picom-12.5/src/inspect.h
picom-12.5/src/log.c
picom-12.5/src/log.h
picom-12.5/src/meson.build
picom-12.5/src/opengl.c
picom-12.5/src/opengl.h
picom-12.5/src/options.c
picom-12.5/src/options.h
picom-12.5/src/picom.c
picom-12.5/src/picom.h
picom-12.5/src/picom.modulemap
picom-12.5/src/region.h
picom-12.5/src/render.c
picom-12.5/src/render.h
picom-12.5/src/renderer/
picom-12.5/src/renderer/command_builder.c
picom-12.5/src/renderer/command_builder.h
picom-12.5/src/renderer/damage.c
picom-12.5/src/renderer/damage.h
picom-12.5/src/renderer/layout.c
picom-12.5/src/renderer/layout.h
picom-12.5/src/renderer/meson.build
picom-12.5/src/renderer/renderer.c
picom-12.5/src/renderer/renderer.h
picom-12.5/src/rtkit.c
picom-12.5/src/rtkit.h
picom-12.5/src/transition/
picom-12.5/src/transition/curve.c
picom-12.5/src/transition/curve.h
picom-12.5/src/transition/generated/
picom-12.5/src/transition/generated/script_templates.c
picom-12.5/src/transition/meson.build
picom-12.5/src/transition/preset.c
picom-12.5/src/transition/preset.h
picom-12.5/src/transition/script.c
picom-12.5/src/transition/script.h
picom-12.5/src/transition/script_internal.h
picom-12.5/src/utils/
picom-12.5/src/utils/cache.c
picom-12.5/src/utils/cache.h
picom-12.5/src/utils/console.h
picom-12.5/src/utils/dynarr.c
picom-12.5/src/utils/dynarr.h
picom-12.5/src/utils/file_watch.c
picom-12.5/src/utils/file_watch.h
picom-12.5/src/utils/kernel.c
picom-12.5/src/utils/kernel.h
picom-12.5/src/utils/list.h
picom-12.5/src/utils/meson.build
picom-12.5/src/utils/meta.h
picom-12.5/src/utils/misc.c
picom-12.5/src/utils/misc.h
picom-12.5/src/utils/statistics.c
picom-12.5/src/utils/statistics.h
picom-12.5/src/utils/str.c
picom-12.5/src/utils/str.h
picom-12.5/src/utils/uthash_extra.h
picom-12.5/src/vblank.c
picom-12.5/src/vblank.h
picom-12.5/src/vsync.c
picom-12.5/src/vsync.h
picom-12.5/src/wm/
picom-12.5/src/wm/defs.h
picom-12.5/src/wm/meson.build
picom-12.5/src/wm/tree.c
picom-12.5/src/wm/win.c
picom-12.5/src/wm/win.h
picom-12.5/src/wm/wm.c
picom-12.5/src/wm/wm.h
picom-12.5/src/wm/wm_internal.h
picom-12.5/src/x.c
picom-12.5/src/x.h
picom-12.5/src/xrescheck.c
picom-12.5/src/xrescheck.h
picom-12.5/subprojects/
picom-12.5/subprojects/libconfig.wrap
picom-12.5/subprojects/test.h/
picom-12.5/subprojects/test.h/meson.build
picom-12.5/subprojects/test.h/test.h
picom-12.5/tests/
picom-12.5/tests/configs/
picom-12.5/tests/configs/clear_shadow_unredirected.conf
picom-12.5/tests/configs/empty.conf
picom-12.5/tests/configs/issue239.conf
picom-12.5/tests/configs/issue239_2.conf
picom-12.5/tests/configs/issue239_3.conf
picom-12.5/tests/configs/issue239_universal.conf
picom-12.5/tests/configs/issue314.conf
picom-12.5/tests/configs/issue357.conf
picom-12.5/tests/configs/issue394.conf
picom-12.5/tests/configs/issue465.conf
picom-12.5/tests/configs/parsing_test.conf
picom-12.5/tests/configs/pull1091.conf
picom-12.5/tests/configs/shader.frag
picom-12.5/tests/run_one_test.sh
picom-12.5/tests/run_tests.sh
picom-12.5/tests/testcases/
picom-12.5/tests/testcases/basic.py
picom-12.5/tests/testcases/clear_shadow_unredirected.py
picom-12.5/tests/testcases/common.py
picom-12.5/tests/testcases/issue239.py
picom-12.5/tests/testcases/issue239_2.py
picom-12.5/tests/testcases/issue239_3.py
picom-12.5/tests/testcases/issue239_3_norefresh.py
picom-12.5/tests/testcases/issue299.py
picom-12.5/tests/testcases/issue314.py
picom-12.5/tests/testcases/issue314_2.py
picom-12.5/tests/testcases/issue314_3.py
picom-12.5/tests/testcases/issue357.py
picom-12.5/tests/testcases/issue394.py
picom-12.5/tests/testcases/issue465.py
picom-12.5/tests/testcases/issue525.py
picom-12.5/tests/testcases/pull1091.py
picom-12.5/tests/testcases/redirect_when_unmapped_window_has_shadow.py
picom-12.5/tools/
picom-12.5/tools/animgen.c
picom-12.5/tools/meson.build
The Meson build system
Version: 1.10.1
Source dir: /blfs/builds/picom-12.5
Build dir: /blfs/builds/picom-12.5/build
Build type: native build
Project name: picom
Project version: 12.5
C compiler for the host machine: cc (gcc 15.2.0 "cc (GCC) 15.2.0")
C linker for the host machine: cc ld.bfd 2.45
Host machine cpu family: x86_64
Host machine cpu: x86_64
Program git found: YES (/usr/bin/git)
Has header "stdc-predef.h" : YES 
Compiler for C supports arguments -Wcast-function-type: YES 
Compiler for C supports arguments -Wignored-qualifiers: YES 
Compiler for C supports arguments -Wmissing-parameter-type: YES 
Compiler for C supports arguments -Wnonnull: YES 
Compiler for C supports arguments -Wshadow: YES 
Compiler for C supports arguments -Wno-type-limits: YES 
Compiler for C supports arguments -Wold-style-declaration: YES 
Compiler for C supports arguments -Woverride-init: YES 
Compiler for C supports arguments -Wsign-compare: YES 
Compiler for C supports arguments -Wtype-limits: YES 
Compiler for C supports arguments -Wuninitialized: YES 
Compiler for C supports arguments -Wshift-negative-value: YES 
Compiler for C supports arguments -Wunused-but-set-parameter: YES 
Compiler for C supports arguments -Wunused-parameter: YES 
Compiler for C supports arguments -Wimplicit-fallthrough=2: YES 
Compiler for C supports arguments -Wno-unknown-warning-option: NO 
Compiler for C supports arguments -Wno-missing-braces: YES 
Compiler for C supports arguments -Wconversion: YES 
Compiler for C supports arguments -Wempty-body: YES 
Compiler for C supports arguments -Wno-c2x-extensions: NO 

Executing subproject test.h 

test.h| Project name: test.h
test.h| Project version: undefined
test.h| C compiler for the host machine: cc (gcc 15.2.0 "cc (GCC) 15.2.0")
test.h| C linker for the host machine: cc ld.bfd 2.45
test.h| Build targets in project: 0
test.h| Subproject test.h finished.

Found pkg-config: YES (/usr/bin/pkg-config) 2.5.1
Found CMake: /usr/bin/cmake (4.2.2)
Run-time dependency libev found: NO (tried pkgconfig and cmake)

../src/meson.build:3:12: ERROR: C shared or static library 'ev' not found

A full log can be found at /blfs/builds/picom-12.5/build/meson-logs/meson-log.txt
