--2025-12-27 08:15:37--  https://download.videolan.org/vlc/3.0.22/vlc-3.0.22.tar.xz
Resolving download.videolan.org (download.videolan.org)... 213.36.253.2, 2a01:e0d:1:3:58bf:fa02:c0de:5
Connecting to download.videolan.org (download.videolan.org)|213.36.253.2|:443... connected.
HTTP request sent, awaiting response... 200 OK
Length: 26427084 (25M) [application/octet-stream]
Saving to: ‘vlc-3.0.22.tar.xz’

     0K .......... .......... .......... .......... ..........  0%  568K 45s
    50K .......... .......... .......... .......... ..........  0%  284K 68s
   100K .......... .......... .......... .......... ..........  0%  563K 60s
   150K .......... .......... .......... .......... ..........  0%  572K 56s
   200K .......... .......... .......... .......... ..........  0%  284K 63s
   250K .......... .......... .......... .......... ..........  1%  569K 60s
   300K .......... .......... .......... .......... ..........  1%  567K 58s
   350K .......... .......... .......... .......... ..........  1%  568K 56s
   400K .......... .......... .......... .......... ..........  1%  568K 55s
   450K .......... .......... .......... .......... ..........  1%  568K 53s
   500K .......... .......... .......... .......... ..........  2%  569K 53s
   550K .......... .......... .......... .......... ..........  2%  566K 52s
   600K .......... .......... .......... .......... ..........  2%  159M 48s
   650K .......... .......... .......... .......... ..........  2%  572K 47s
   700K .......... .......... .......... .......... ..........  2% 12.1M 44s
   750K .......... .......... .......... .......... ..........  3%  593K 44s
   800K .......... .......... .......... .......... ..........  3% 13.1M 41s
   850K .......... .......... .......... .......... ..........  3%  597K 41s
   900K .......... .......... .......... .......... ..........  3% 90.9M 39s
   950K .......... .......... .......... .......... ..........  3% 12.5M 37s
  1000K .......... .......... .......... .......... ..........  4%  599K 37s
  1050K .......... .......... .......... .......... ..........  4%  108M 36s
  1100K .......... .......... .......... .......... ..........  4%  150M 34s
  1150K .......... .......... .......... .......... ..........  4% 13.5M 33s
  1200K .......... .......... .......... .......... ..........  4%  598K 33s
  1250K .......... .......... .......... .......... ..........  5%  114M 32s
  1300K .......... .......... .......... .......... ..........  5%  170M 30s
  1350K .......... .......... .......... .......... ..........  5% 14.1M 29s
  1400K .......... .......... .......... .......... ..........  5%  132M 28s
  1450K .......... .......... .......... .......... ..........  5%  595K 29s
  1500K .......... .......... .......... .......... ..........  6%  142M 28s
  1550K .......... .......... .......... .......... ..........  6%  153M 27s
  1600K .......... .......... .......... .......... ..........  6% 86.5M 26s
  1650K .......... .......... .......... .......... ..........  6% 23.3M 25s
  1700K .......... .......... .......... .......... ..........  6%  159M 24s
  1750K .......... .......... .......... .......... ..........  6% 79.6M 24s
  1800K .......... .......... .......... .......... ..........  7%  598K 24s
  1850K .......... .......... .......... .......... ..........  7%  147M 23s
  1900K .......... .......... .......... .......... ..........  7% 15.1M 23s
  1950K .......... .......... .......... .......... ..........  7% 74.6M 22s
  2000K .......... .......... .......... .......... ..........  7%  153M 21s
  2050K .......... .......... .......... .......... ..........  8%  220M 21s
  2100K .......... .......... .......... .......... ..........  8% 88.1M 20s
  2150K .......... .......... .......... .......... ..........  8% 21.6M 20s
  2200K .......... .......... .......... .......... ..........  8%  625K 20s
  2250K .......... .......... .......... .......... ..........  8%  106M 20s
  2300K .......... .......... .......... .......... ..........  9%  136M 19s
  2350K .......... .......... .......... .......... ..........  9% 81.4M 19s
  2400K .......... .......... .......... .......... ..........  9%  146M 18s
  2450K .......... .......... .......... .......... ..........  9% 21.1M 18s
  2500K .......... .......... .......... .......... ..........  9% 90.1M 18s
  2550K .......... .......... .......... .......... .......... 10% 97.2M 17s
  2600K .......... .......... .......... .......... .......... 10% 17.1M 17s
  2650K .......... .......... .......... .......... .......... 10% 96.1M 17s
  2700K .......... .......... .......... .......... .......... 10%  174M 16s
  2750K .......... .......... .......... .......... .......... 10% 78.2M 16s
  2800K .......... .......... .......... .......... .......... 11%  117M 16s
  2850K .......... .......... .......... .......... .......... 11%  640K 16s
  2900K .......... .......... .......... .......... .......... 11%  110M 16s
  2950K .......... .......... .......... .......... .......... 11%  122M 15s
  3000K .......... .......... .......... .......... .......... 11% 98.4M 15s
  3050K .......... .......... .......... .......... .......... 12% 18.5M 15s
  3100K .......... .......... .......... .......... .......... 12%  122M 15s
  3150K .......... .......... .......... .......... .......... 12%  106M 14s
  3200K .......... .......... .......... .......... .......... 12% 88.2M 14s
  3250K .......... .......... .......... .......... .......... 12%  103M 14s
  3300K .......... .......... .......... .......... .......... 12% 23.4M 14s
  3350K .......... .......... .......... .......... .......... 13%  117M 13s
  3400K .......... .......... .......... .......... .......... 13%  122M 13s
  3450K .......... .......... .......... .......... .......... 13% 16.4M 13s
  3500K .......... .......... .......... .......... .......... 13% 88.9M 13s
  3550K .......... .......... .......... .......... .......... 13% 78.7M 13s
  3600K .......... .......... .......... .......... .......... 14%  667K 13s
  3650K .......... .......... .......... .......... .......... 14%  110M 13s
  3700K .......... .......... .......... .......... .......... 14%  116M 12s
  3750K .......... .......... .......... .......... .......... 14%  106M 12s
  3800K .......... .......... .......... .......... .......... 14%  120M 12s
  3850K .......... .......... .......... .......... .......... 15%  208M 12s
  3900K .......... .......... .......... .......... .......... 15% 95.6M 12s
  3950K .......... .......... .......... .......... .......... 15% 35.4M 12s
  4000K .......... .......... .......... .......... .......... 15% 92.4M 11s
  4050K .......... .......... .......... .......... .......... 15%  118M 11s
  4100K .......... .......... .......... .......... .......... 16%  108M 11s
  4150K .......... .......... .......... .......... .......... 16%  149M 11s
  4200K .......... .......... .......... .......... .......... 16% 94.3M 11s
  4250K .......... .......... .......... .......... .......... 16%  148M 11s
  4300K .......... .......... .......... .......... .......... 16% 94.2M 10s
  4350K .......... .......... .......... .......... .......... 17% 88.5M 10s
  4400K .......... .......... .......... .......... .......... 17%  134M 10s
  4450K .......... .......... .......... .......... .......... 17%  101M 10s
  4500K .......... .......... .......... .......... .......... 17%  138M 10s
  4550K .......... .......... .......... .......... .......... 17%  105M 10s
  4600K .......... .......... .......... .......... .......... 18%  138M 10s
  4650K .......... .......... .......... .......... .......... 18%  103M 10s
  4700K .......... .......... .......... .......... .......... 18% 21.8M 9s
  4750K .......... .......... .......... .......... .......... 18% 89.0M 9s
  4800K .......... .......... .......... .......... .......... 18% 15.9M 9s
  4850K .......... .......... .......... .......... .......... 18% 85.2M 9s
  4900K .......... .......... .......... .......... .......... 19%  697K 9s
  4950K .......... .......... .......... .......... .......... 19% 89.5M 9s
  5000K .......... .......... .......... .......... .......... 19%  173M 9s
  5050K .......... .......... .......... .......... .......... 19%  171M 9s
  5100K .......... .......... .......... .......... .......... 19%  109M 9s
  5150K .......... .......... .......... .......... .......... 20% 81.8M 9s
  5200K .......... .......... .......... .......... .......... 20% 26.2M 9s
  5250K .......... .......... .......... .......... .......... 20% 99.1M 9s
  5300K .......... .......... .......... .......... .......... 20%  159M 8s
  5350K .......... .......... .......... .......... .......... 20% 84.2M 8s
  5400K .......... .......... .......... .......... .......... 21%  128M 8s
  5450K .......... .......... .......... .......... .......... 21% 92.0M 8s
  5500K .......... .......... .......... .......... .......... 21%  154M 8s
  5550K .......... .......... .......... .......... .......... 21% 75.1M 8s
  5600K .......... .......... .......... .......... .......... 21% 66.2M 8s
  5650K .......... .......... .......... .......... .......... 22% 84.4M 8s
  5700K .......... .......... .......... .......... .......... 22%  110M 8s
  5750K .......... .......... .......... .......... .......... 22%  144M 8s
  5800K .......... .......... .......... .......... .......... 22%  126M 8s
  5850K .......... .......... .......... .......... .......... 22% 99.7M 7s
  5900K .......... .......... .......... .......... .......... 23%  132M 7s
  5950K .......... .......... .......... .......... .......... 23% 97.4M 7s
  6000K .......... .......... .......... .......... .......... 23% 92.6M 7s
  6050K .......... .......... .......... .......... .......... 23% 59.2M 7s
  6100K .......... .......... .......... .......... .......... 23% 20.3K 15s
  6150K .......... .......... .......... .......... .......... 24%  567K 15s
  6200K .......... .......... .......... .......... .......... 24%  568K 15s
  6250K .......... .......... .......... .......... .......... 24%  109M 15s
  6300K .......... .......... .......... .......... .......... 24%  573K 15s
  6350K .......... .......... .......... .......... .......... 24% 95.0M 15s
  6400K .......... .......... .......... .......... .......... 24%  130M 15s
  6450K .......... .......... .......... .......... .......... 25%  102M 15s
  6500K .......... .......... .......... .......... .......... 25%  104M 15s
  6550K .......... .......... .......... .......... .......... 25%  578K 15s
  6600K .......... .......... .......... .......... .......... 25%  122M 14s
  6650K .......... .......... .......... .......... .......... 25%  149M 14s
  6700K .......... .......... .......... .......... .......... 26%  111M 14s
  6750K .......... .......... .......... .......... .......... 26%  101M 14s
  6800K .......... .......... .......... .......... .......... 26% 21.5M 14s
  6850K .......... .......... .......... .......... .......... 26%  112M 14s
  6900K .......... .......... .......... .......... .......... 26% 90.3M 14s
  6950K .......... .......... .......... .......... .......... 27% 1.25M 14s
  7000K .......... .......... .......... .......... .......... 27% 1.11M 14s
  7050K .......... .......... .......... .......... .......... 27% 93.4M 13s
  7100K .......... .......... .......... .......... .......... 27% 96.9M 13s
  7150K .......... .......... .......... .......... .......... 27% 85.2M 13s
  7200K .......... .......... .......... .......... .......... 28%  113M 13s
  7250K .......... .......... .......... .......... .......... 28% 24.9M 13s
  7300K .......... .......... .......... .......... .......... 28%  102M 13s
  7350K .......... .......... .......... .......... .......... 28%  133M 13s
  7400K .......... .......... .......... .......... .......... 28%  133M 13s
  7450K .......... .......... .......... .......... .......... 29% 94.1M 13s
  7500K .......... .......... .......... .......... .......... 29%  169M 12s
  7550K .......... .......... .......... .......... .......... 29% 64.4M 12s
  7600K .......... .......... .......... .......... .......... 29%  271M 12s
  7650K .......... .......... .......... .......... .......... 29% 90.7M 12s
  7700K .......... .......... .......... .......... .......... 30%  111M 12s
  7750K .......... .......... .......... .......... .......... 30%  137M 12s
  7800K .......... .......... .......... .......... .......... 30% 88.4M 12s
  7850K .......... .......... .......... .......... .......... 30% 1.39M 12s
  7900K .......... .......... .......... .......... .......... 30% 1.11M 12s
  7950K .......... .......... .......... .......... .......... 30% 91.3M 12s
  8000K .......... .......... .......... .......... .......... 31%  108M 11s
  8050K .......... .......... .......... .......... .......... 31% 16.4M 11s
  8100K .......... .......... .......... .......... .......... 31%  135M 11s
  8150K .......... .......... .......... .......... .......... 31% 26.1K 15s
  8200K .......... .......... .......... .......... .......... 31% 12.6M 15s
  8250K .......... .......... .......... .......... .......... 32%  592K 15s
  8300K .......... .......... .......... .......... .......... 32%  159M 15s
  8350K .......... .......... .......... .......... .......... 32%  571K 15s
  8400K .......... .......... .......... .......... .......... 32%  113M 15s
  8450K .......... .......... .......... .......... .......... 32%  144M 15s
  8500K .......... .......... .......... .......... .......... 33%  221M 15s
  8550K .......... .......... .......... .......... .......... 33% 16.4M 15s
  8600K .......... .......... .......... .......... .......... 33%  597K 15s
  8650K .......... .......... .......... .......... .......... 33% 91.5M 15s
  8700K .......... .......... .......... .......... .......... 33%  170M 14s
  8750K .......... .......... .......... .......... .......... 34% 83.8M 14s
  8800K .......... .......... .......... .......... .......... 34%  112M 14s
  8850K .......... .......... .......... .......... .......... 34% 24.9M 14s
  8900K .......... .......... .......... .......... .......... 34%  110M 14s
  8950K .......... .......... .......... .......... .......... 34%  127M 14s
  9000K .......... .......... .......... .......... .......... 35%  101M 14s
  9050K .......... .......... .......... .......... .......... 35%  149M 14s
  9100K .......... .......... .......... .......... .......... 35%  607K 14s
  9150K .......... .......... .......... .......... .......... 35% 68.5M 14s
  9200K .......... .......... .......... .......... .......... 35%  133M 13s
  9250K .......... .......... .......... .......... .......... 36%  115M 13s
  9300K .......... .......... .......... .......... .......... 36%  122M 13s
  9350K .......... .......... .......... .......... .......... 36% 20.1M 13s
  9400K .......... .......... .......... .......... .......... 36%  104M 13s
  9450K .......... .......... .......... .......... .......... 36% 94.6M 13s
  9500K .......... .......... .......... .......... .......... 37%  164M 13s
  9550K .......... .......... .......... .......... .......... 37% 92.1M 13s
  9600K .......... .......... .......... .......... .......... 37%  116M 13s
  9650K .......... .......... .......... .......... .......... 37%  119M 12s
  9700K .......... .......... .......... .......... .......... 37% 99.5M 12s
  9750K .......... .......... .......... .......... .......... 37%  101M 12s
  9800K .......... .......... .......... .......... .......... 38%  162M 12s
  9850K .......... .......... .......... .......... .......... 38% 47.9M 12s
  9900K .......... .......... .......... .......... .......... 38%  154M 12s
  9950K .......... .......... .......... .......... .......... 38% 84.1M 12s
 10000K .......... .......... .......... .......... .......... 38%  125M 12s
 10050K .......... .......... .......... .......... .......... 39%  108M 12s
 10100K .......... .......... .......... .......... .......... 39%  647K 12s
 10150K .......... .......... .......... .......... .......... 39%  117M 12s
 10200K .......... .......... .......... .......... .......... 39% 51.0K 13s
 10250K .......... .......... .......... .......... .......... 39%  252M 13s
 10300K .......... .......... .......... .......... .......... 40%  124M 13s
 10350K .......... .......... .......... .......... .......... 40% 89.3M 13s
 10400K .......... .......... .......... .......... .......... 40%  113M 13s
 10450K .......... .......... .......... .......... .......... 40%  582K 13s
 10500K .......... .......... .......... .......... .......... 40% 92.5M 12s
 10550K .......... .......... .......... .......... .......... 41%  268M 12s
 10600K .......... .......... .......... .......... .......... 41% 17.6M 12s
 10650K .......... .......... .......... .......... .......... 41% 82.8M 12s
 10700K .......... .......... .......... .......... .......... 41%  120M 12s
 10750K .......... .......... .......... .......... .......... 41%  118M 12s
 10800K .......... .......... .......... .......... .......... 42%  111M 12s
 10850K .......... .......... .......... .......... .......... 42% 99.6M 12s
 10900K .......... .......... .......... .......... .......... 42%  141M 12s
 10950K .......... .......... .......... .......... .......... 42%  610K 12s
 11000K .......... .......... .......... .......... .......... 42%  110M 12s
 11050K .......... .......... .......... .......... .......... 43%  219M 12s
 11100K .......... .......... .......... .......... .......... 43%  250M 11s
 11150K .......... .......... .......... .......... .......... 43% 16.7M 11s
 11200K .......... .......... .......... .......... .......... 43%  175M 11s
 11250K .......... .......... .......... .......... .......... 43% 77.3M 11s
 11300K .......... .......... .......... .......... .......... 43%  128M 11s
 11350K .......... .......... .......... .......... .......... 44%  164M 11s
 11400K .......... .......... .......... .......... .......... 44%  115M 11s
 11450K .......... .......... .......... .......... .......... 44%  156M 11s
 11500K .......... .......... .......... .......... .......... 44%  104M 11s
 11550K .......... .......... .......... .......... .......... 44% 87.3M 11s
 11600K .......... .......... .......... .......... .......... 45% 67.9M 11s
 11650K .......... .......... .......... .......... .......... 45%  161M 11s
 11700K .......... .......... .......... .......... .......... 45% 88.9M 10s
 11750K .......... .......... .......... .......... .......... 45%  166M 10s
 11800K .......... .......... .......... .......... .......... 45% 99.1M 10s
 11850K .......... .......... .......... .......... .......... 46%  146M 10s
 11900K .......... .......... .......... .......... .......... 46%  111M 10s
 11950K .......... .......... .......... .......... .......... 46% 82.9M 10s
 12000K .......... .......... .......... .......... .......... 46%  650K 10s
 12050K .......... .......... .......... .......... .......... 46%  113M 10s
 12100K .......... .......... .......... .......... .......... 47%  131M 10s
 12150K .......... .......... .......... .......... .......... 47%  156M 10s
 12200K .......... .......... .......... .......... .......... 47% 18.3M 10s
 12250K .......... .......... .......... .......... .......... 47% 50.2K 11s
 12300K .......... .......... .......... .......... .......... 47%  133M 11s
 12350K .......... .......... .......... .......... .......... 48% 90.8M 11s
 12400K .......... .......... .......... .......... .......... 48%  113M 11s
 12450K .......... .......... .......... .......... .......... 48% 81.5M 10s
 12500K .......... .......... .......... .......... .......... 48%  584K 10s
 12550K .......... .......... .......... .......... .......... 48%  112M 10s
 12600K .......... .......... .......... .......... .......... 49%  123M 10s
 12650K .......... .......... .......... .......... .......... 49% 15.0M 10s
 12700K .......... .......... .......... .......... .......... 49%  135M 10s
 12750K .......... .......... .......... .......... .......... 49% 78.6M 10s
 12800K .......... .......... .......... .......... .......... 49%  189M 10s
 12850K .......... .......... .......... .......... .......... 49%  106M 10s
 12900K .......... .......... .......... .......... .......... 50% 97.2M 10s
 12950K .......... .......... .......... .......... .......... 50%  194M 10s
 13000K .......... .......... .......... .......... .......... 50% 90.4M 10s
 13050K .......... .......... .......... .......... .......... 50%  196M 10s
 13100K .......... .......... .......... .......... .......... 50%  619K 10s
 13150K .......... .......... .......... .......... .......... 51%  109M 10s
 13200K .......... .......... .......... .......... .......... 51%  105M 9s
 13250K .......... .......... .......... .......... .......... 51%  198M 9s
 13300K .......... .......... .......... .......... .......... 51% 20.2M 9s
 13350K .......... .......... .......... .......... .......... 51% 93.6M 9s
 13400K .......... .......... .......... .......... .......... 52%  141M 9s
 13450K .......... .......... .......... .......... .......... 52% 99.4M 9s
 13500K .......... .......... .......... .......... .......... 52% 82.8M 9s
 13550K .......... .......... .......... .......... .......... 52%  104M 9s
 13600K .......... .......... .......... .......... .......... 52% 27.9M 9s
 13650K .......... .......... .......... .......... .......... 53%  106M 9s
 13700K .......... .......... .......... .......... .......... 53% 83.7M 9s
 13750K .......... .......... .......... .......... .......... 53%  205M 9s
 13800K .......... .......... .......... .......... .......... 53% 81.7M 9s
 13850K .......... .......... .......... .......... .......... 53%  193M 9s
 13900K .......... .......... .......... .......... .......... 54%  104M 8s
 13950K .......... .......... .......... .......... .......... 54% 88.5M 8s
 14000K .......... .......... .......... .......... .......... 54%  117M 8s
 14050K .......... .......... .......... .......... .......... 54%  122M 8s
 14100K .......... .......... .......... .......... .......... 54%  112M 8s
 14150K .......... .......... .......... .......... .......... 55%  153M 8s
 14200K .......... .......... .......... .......... .......... 55% 74.2M 8s
 14250K .......... .......... .......... .......... .......... 55%  667K 8s
 14300K .......... .......... .......... .......... .......... 55%  108M 8s
 14350K .......... .......... .......... .......... .......... 55%  134M 8s
 14400K .......... .......... .......... .......... .......... 55% 78.2M 8s
 14450K .......... .......... .......... .......... .......... 56%  177M 8s
 14500K .......... .......... .......... .......... .......... 56% 22.5M 8s
 14550K .......... .......... .......... .......... .......... 56%  112M 8s
 14600K .......... .......... .......... .......... .......... 56%  141M 8s
 14650K .......... .......... .......... .......... .......... 56%  102M 8s
 14700K .......... .......... .......... .......... .......... 57%  127M 8s
 14750K .......... .......... .......... .......... .......... 57% 92.7M 7s
 14800K .......... .......... .......... .......... .......... 57%  148M 7s
 14850K .......... .......... .......... .......... .......... 57% 88.6M 7s
 14900K .......... .......... .......... .......... .......... 57%  163M 7s
 14950K .......... .......... .......... .......... .......... 58%  108M 7s
 15000K .......... .......... .......... .......... .......... 58% 73.6M 7s
 15050K .......... .......... .......... .......... .......... 58% 95.3M 7s
 15100K .......... .......... .......... .......... .......... 58%  124M 7s
 15150K .......... .......... .......... .......... .......... 58%  108M 7s
 15200K .......... .......... .......... .......... .......... 59%  102M 7s
 15250K .......... .......... .......... .......... .......... 59%  131M 7s
 15300K .......... .......... .......... .......... .......... 59%  118M 7s
 15350K .......... .......... .......... .......... .......... 59%  140M 7s
 15400K .......... .......... .......... .......... .......... 59%  111M 7s
 15450K .......... .......... .......... .......... .......... 60%  132M 7s
 15500K .......... .......... .......... .......... .......... 60% 62.2M 7s
 15550K .......... .......... .......... .......... .......... 60%  141M 7s
 15600K .......... .......... .......... .......... .......... 60%  111M 7s
 15650K .......... .......... .......... .......... .......... 60% 95.3M 6s
 15700K .......... .......... .......... .......... .......... 61%  121M 6s
 15750K .......... .......... .......... .......... .......... 61%  108M 6s
 15800K .......... .......... .......... .......... .......... 61% 92.5M 6s
 15850K .......... .......... .......... .......... .......... 61%  133M 6s
 15900K .......... .......... .......... .......... .......... 61%  171M 6s
 15950K .......... .......... .......... .......... .......... 61% 88.7M 6s
 16000K .......... .......... .......... .......... .......... 62%  109M 6s
 16050K .......... .......... .......... .......... .......... 62%  112M 6s
 16100K .......... .......... .......... .......... .......... 62%  110M 6s
 16150K .......... .......... .......... .......... .......... 62%  138M 6s
 16200K .......... .......... .......... .......... .......... 62%  101M 6s
 16250K .......... .......... .......... .......... .......... 63%  133M 6s
 16300K .......... .......... .......... .......... .......... 63% 98.1M 6s
 16350K .......... .......... .......... .......... .......... 63%  447K 6s
 16400K .......... .......... .......... .......... .......... 63%  142M 6s
 16450K .......... .......... .......... .......... .......... 63%  140M 6s
 16500K .......... .......... .......... .......... .......... 64%  134M 6s
 16550K .......... .......... .......... .......... .......... 64%  145M 6s
 16600K .......... .......... .......... .......... .......... 64% 90.1M 6s
 16650K .......... .......... .......... .......... .......... 64%  131M 6s
 16700K .......... .......... .......... .......... .......... 64%  109M 6s
 16750K .......... .......... .......... .......... .......... 65% 84.0M 5s
 16800K .......... .......... .......... .......... .......... 65% 86.4M 5s
 16850K .......... .......... .......... .......... .......... 65%  132M 5s
 16900K .......... .......... .......... .......... .......... 65%  186M 5s
 16950K .......... .......... .......... .......... .......... 65%  153M 5s
 17000K .......... .......... .......... .......... .......... 66% 90.1M 5s
 17050K .......... .......... .......... .......... .......... 66%  176M 5s
 17100K .......... .......... .......... .......... .......... 66% 88.5M 5s
 17150K .......... .......... .......... .......... .......... 66% 80.6M 5s
 17200K .......... .......... .......... .......... .......... 66%  152M 5s
 17250K .......... .......... .......... .......... .......... 67% 90.6M 5s
 17300K .......... .......... .......... .......... .......... 67%  148M 5s
 17350K .......... .......... .......... .......... .......... 67%  105M 5s
 17400K .......... .......... .......... .......... .......... 67%  117M 5s
 17450K .......... .......... .......... .......... .......... 67%  114M 5s
 17500K .......... .......... .......... .......... .......... 68%  140M 5s
 17550K .......... .......... .......... .......... .......... 68% 72.1M 5s
 17600K .......... .......... .......... .......... .......... 68%  115M 5s
 17650K .......... .......... .......... .......... .......... 68%  177M 5s
 17700K .......... .......... .......... .......... .......... 68%  106M 5s
 17750K .......... .......... .......... .......... .......... 68%  104M 5s
 17800K .......... .......... .......... .......... .......... 69%  108M 5s
 17850K .......... .......... .......... .......... .......... 69% 91.5M 5s
 17900K .......... .......... .......... .......... .......... 69%  133M 4s
 17950K .......... .......... .......... .......... .......... 69% 88.1M 4s
 18000K .......... .......... .......... .......... .......... 69%  108M 4s
 18050K .......... .......... .......... .......... .......... 70%  154M 4s
 18100K .......... .......... .......... .......... .......... 70% 90.1M 4s
 18150K .......... .......... .......... .......... .......... 70%  136M 4s
 18200K .......... .......... .......... .......... .......... 70%  117M 4s
 18250K .......... .......... .......... .......... .......... 70%  137M 4s
 18300K .......... .......... .......... .......... .......... 71% 94.3M 4s
 18350K .......... .......... .......... .......... .......... 71% 85.1M 4s
 18400K .......... .......... .......... .......... .......... 71%  157K 4s
 18450K .......... .......... .......... .......... .......... 71% 90.9M 4s
 18500K .......... .......... .......... .......... .......... 71%  163M 4s
 18550K .......... .......... .......... .......... .......... 72%  124M 4s
 18600K .......... .......... .......... .......... .......... 72%  157M 4s
 18650K .......... .......... .......... .......... .......... 72%  199M 4s
 18700K .......... .......... .......... .......... .......... 72% 86.9M 4s
 18750K .......... .......... .......... .......... .......... 72% 68.7M 4s
 18800K .......... .......... .......... .......... .......... 73%  122M 4s
 18850K .......... .......... .......... .......... .......... 73%  120M 4s
 18900K .......... .......... .......... .......... .......... 73%  107M 4s
 18950K .......... .......... .......... .......... .......... 73%  181M 4s
 19000K .......... .......... .......... .......... .......... 73%  103M 4s
 19050K .......... .......... .......... .......... .......... 74% 98.6M 4s
 19100K .......... .......... .......... .......... .......... 74%  160M 4s
 19150K .......... .......... .......... .......... .......... 74% 77.3M 4s
 19200K .......... .......... .......... .......... .......... 74%  185M 4s
 19250K .......... .......... .......... .......... .......... 74%  101M 4s
 19300K .......... .......... .......... .......... .......... 74%  141M 4s
 19350K .......... .......... .......... .......... .......... 75%  106M 3s
 19400K .......... .......... .......... .......... .......... 75% 97.8M 3s
 19450K .......... .......... .......... .......... .......... 75%  129M 3s
 19500K .......... .......... .......... .......... .......... 75%  149M 3s
 19550K .......... .......... .......... .......... .......... 75% 79.0M 3s
 19600K .......... .......... .......... .......... .......... 76% 89.3M 3s
 19650K .......... .......... .......... .......... .......... 76%  162M 3s
 19700K .......... .......... .......... .......... .......... 76%  131M 3s
 19750K .......... .......... .......... .......... .......... 76%  110M 3s
 19800K .......... .......... .......... .......... .......... 76% 88.1M 3s
 19850K .......... .......... .......... .......... .......... 77%  180M 3s
 19900K .......... .......... .......... .......... .......... 77%  102M 3s
 19950K .......... .......... .......... .......... .......... 77% 91.7M 3s
 20000K .......... .......... .......... .......... .......... 77% 97.5M 3s
 20050K .......... .......... .......... .......... .......... 77%  136M 3s
 20100K .......... .......... .......... .......... .......... 78%  100M 3s
 20150K .......... .......... .......... .......... .......... 78%  133M 3s
 20200K .......... .......... .......... .......... .......... 78%  103M 3s
 20250K .......... .......... .......... .......... .......... 78%  176M 3s
 20300K .......... .......... .......... .......... .......... 78% 92.3M 3s
 20350K .......... .......... .......... .......... .......... 79% 88.2M 3s
 20400K .......... .......... .......... .......... .......... 79%  149M 3s
 20450K .......... .......... .......... .......... .......... 79%  213K 3s
 20500K .......... .......... .......... .......... .......... 79%  140M 3s
 20550K .......... .......... .......... .......... .......... 79% 98.0M 3s
 20600K .......... .......... .......... .......... .......... 80%  123M 3s
 20650K .......... .......... .......... .......... .......... 80%  103M 3s
 20700K .......... .......... .......... .......... .......... 80% 92.6M 3s
 20750K .......... .......... .......... .......... .......... 80% 41.5M 3s
 20800K .......... .......... .......... .......... .......... 80% 57.6M 3s
 20850K .......... .......... .......... .......... .......... 80% 55.1M 3s
 20900K .......... .......... .......... .......... .......... 81% 56.0M 3s
 20950K .......... .......... .......... .......... .......... 81% 31.9M 2s
 21000K .......... .......... .......... .......... .......... 81% 51.1M 2s
 21050K .......... .......... .......... .......... .......... 81% 82.2M 2s
 21100K .......... .......... .......... .......... .......... 81%  147M 2s
 21150K .......... .......... .......... .......... .......... 82%  105M 2s
 21200K .......... .......... .......... .......... .......... 82% 89.4M 2s
 21250K .......... .......... .......... .......... .......... 82%  166M 2s
 21300K .......... .......... .......... .......... .......... 82% 97.4M 2s
 21350K .......... .......... .......... .......... .......... 82%  164M 2s
 21400K .......... .......... .......... .......... .......... 83% 91.8M 2s
 21450K .......... .......... .......... .......... .......... 83% 12.9M 2s
 21500K .......... .......... .......... .......... .......... 83% 49.4M 2s
 21550K .......... .......... .......... .......... .......... 83% 78.4M 2s
 21600K .......... .......... .......... .......... .......... 83% 80.4M 2s
 21650K .......... .......... .......... .......... .......... 84%  191M 2s
 21700K .......... .......... .......... .......... .......... 84%  119M 2s
 21750K .......... .......... .......... .......... .......... 84% 73.2M 2s
 21800K .......... .......... .......... .......... .......... 84%  100M 2s
 21850K .......... .......... .......... .......... .......... 84% 84.8M 2s
 21900K .......... .......... .......... .......... .......... 85%  106M 2s
 21950K .......... .......... .......... .......... .......... 85%  135M 2s
 22000K .......... .......... .......... .......... .......... 85%  142M 2s
 22050K .......... .......... .......... .......... .......... 85% 81.0M 2s
 22100K .......... .......... .......... .......... .......... 85%  111M 2s
 22150K .......... .......... .......... .......... .......... 86%  106M 2s
 22200K .......... .......... .......... .......... .......... 86%  133M 2s
 22250K .......... .......... .......... .......... .......... 86%  147M 2s
 22300K .......... .......... .......... .......... .......... 86%  106M 2s
 22350K .......... .......... .......... .......... .......... 86% 80.7M 2s
 22400K .......... .......... .......... .......... .......... 86%  138M 2s
 22450K .......... .......... .......... .......... .......... 87%  105M 2s
 22500K .......... .......... .......... .......... .......... 87%  259K 2s
 22550K .......... .......... .......... .......... .......... 87%  117M 2s
 22600K .......... .......... .......... .......... .......... 87%  157M 2s
 22650K .......... .......... .......... .......... .......... 87% 91.9M 2s
 22700K .......... .......... .......... .......... .......... 88%  154M 1s
 22750K .......... .......... .......... .......... .......... 88% 85.3M 1s
 22800K .......... .......... .......... .......... .......... 88%  127M 1s
 22850K .......... .......... .......... .......... .......... 88% 89.2M 1s
 22900K .......... .......... .......... .......... .......... 88%  148M 1s
 22950K .......... .......... .......... .......... .......... 89%  107M 1s
 23000K .......... .......... .......... .......... .......... 89% 96.0M 1s
 23050K .......... .......... .......... .......... .......... 89%  179M 1s
 23100K .......... .......... .......... .......... .......... 89%  110M 1s
 23150K .......... .......... .......... .......... .......... 89% 93.5M 1s
 23200K .......... .......... .......... .......... .......... 90% 82.4M 1s
 23250K .......... .......... .......... .......... .......... 90%  137M 1s
 23300K .......... .......... .......... .......... .......... 90%  101M 1s
 23350K .......... .......... .......... .......... .......... 90%  209M 1s
 23400K .......... .......... .......... .......... .......... 90%  105M 1s
 23450K .......... .......... .......... .......... .......... 91%  130M 1s
 23500K .......... .......... .......... .......... .......... 91%  100M 1s
 23550K .......... .......... .......... .......... .......... 91% 90.0M 1s
 23600K .......... .......... .......... .......... .......... 91%  105M 1s
 23650K .......... .......... .......... .......... .......... 91%  162M 1s
 23700K .......... .......... .......... .......... .......... 92% 98.8M 1s
 23750K .......... .......... .......... .......... .......... 92%  136M 1s
 23800K .......... .......... .......... .......... .......... 92%  103M 1s
 23850K .......... .......... .......... .......... .......... 92%  101M 1s
 23900K .......... .......... .......... .......... .......... 92%  141M 1s
 23950K .......... .......... .......... .......... .......... 92% 71.4M 1s
 24000K .......... .......... .......... .......... .......... 93%  125M 1s
 24050K .......... .......... .......... .......... .......... 93%  102M 1s
 24100K .......... .......... .......... .......... .......... 93%  167M 1s
 24150K .......... .......... .......... .......... .......... 93%  101M 1s
 24200K .......... .......... .......... .......... .......... 93% 95.9M 1s
 24250K .......... .......... .......... .......... .......... 94%  168M 1s
 24300K .......... .......... .......... .......... .......... 94%  119M 1s
 24350K .......... .......... .......... .......... .......... 94% 68.6M 1s
 24400K .......... .......... .......... .......... .......... 94%  127M 1s
 24450K .......... .......... .......... .......... .......... 94%  153M 1s
 24500K .......... .......... .......... .......... .......... 95% 92.0M 1s
 24550K .......... .......... .......... .......... .......... 95%  259K 1s
 24600K .......... .......... .......... .......... .......... 95% 83.0M 1s
 24650K .......... .......... .......... .......... .......... 95%  188M 1s
 24700K .......... .......... .......... .......... .......... 95%  118M 0s
 24750K .......... .......... .......... .......... .......... 96% 97.0M 0s
 24800K .......... .......... .......... .......... .......... 96%  104M 0s
 24850K .......... .......... .......... .......... .......... 96%  103M 0s
 24900K .......... .......... .......... .......... .......... 96%  125M 0s
 24950K .......... .......... .......... .......... .......... 96% 47.1M 0s
 25000K .......... .......... .......... .......... .......... 97%  173M 0s
 25050K .......... .......... .......... .......... .......... 97% 92.4M 0s
 25100K .......... .......... .......... .......... .......... 97%  122M 0s
 25150K .......... .......... .......... .......... .......... 97% 99.2M 0s
 25200K .......... .......... .......... .......... .......... 97% 92.6M 0s
 25250K .......... .......... .......... .......... .......... 98%  206M 0s
 25300K .......... .......... .......... .......... .......... 98%  112M 0s
 25350K .......... .......... .......... .......... .......... 98% 88.6M 0s
 25400K .......... .......... .......... .......... .......... 98%  123M 0s
 25450K .......... .......... .......... .......... .......... 98%  110M 0s
 25500K .......... .......... .......... .......... .......... 99%  153M 0s
 25550K .......... .......... .......... .......... .......... 99% 93.0M 0s
 25600K .......... .......... .......... .......... .......... 99%  113M 0s
 25650K .......... .......... .......... .......... .......... 99% 83.5M 0s
 25700K .......... .......... .......... .......... .......... 99%  150M 0s
 25750K .......... .......... .......... .......... .......... 99%  113M 0s
 25800K .......                                               100% 14.3T=11s

2025-12-27 08:15:50 (2.24 MB/s) - ‘vlc-3.0.22.tar.xz’ saved [26427084/26427084]

--2025-12-27 08:15:50--  https://www.linuxfromscratch.org/patches/blfs/svn/vlc-3.0.21-taglib-1.patch
Resolving www.linuxfromscratch.org (www.linuxfromscratch.org)... 208.118.68.85
Connecting to www.linuxfromscratch.org (www.linuxfromscratch.org)|208.118.68.85|:443... connected.
HTTP request sent, awaiting response... 404 Not Found
2025-12-27 08:15:51 ERROR 404: Not Found.

