--2025-11-18 18:10:41--  https://archive.xfce.org/src/xfce/xfce4-panel/4.21/xfce4-panel-4.21.1.tar.xz
Resolving archive.xfce.org (archive.xfce.org)... 217.70.191.87
Connecting to archive.xfce.org (archive.xfce.org)|217.70.191.87|:443... connected.
HTTP request sent, awaiting response... 302 Found
Location: https://archive.al-us.xfce.org/src/xfce/xfce4-panel/4.21/xfce4-panel-4.21.1.tar.xz [following]
--2025-11-18 18:10:42--  https://archive.al-us.xfce.org/src/xfce/xfce4-panel/4.21/xfce4-panel-4.21.1.tar.xz
Resolving archive.al-us.xfce.org (archive.al-us.xfce.org)... 207.223.116.211
Connecting to archive.al-us.xfce.org (archive.al-us.xfce.org)|207.223.116.211|:443... connected.
HTTP request sent, awaiting response... 200 OK
Length: 827800 (808K) [application/x-xz]
Saving to: 'xfce4-panel-4.21.1.tar.xz'

     0K .......... .......... .......... .......... ..........  6%  697K 1s
    50K .......... .......... .......... .......... .......... 12%  966K 1s
   100K .......... .......... .......... .......... .......... 18%  860K 1s
   150K .......... .......... .......... .......... .......... 24%  707K 1s
   200K .......... .......... .......... .......... .......... 30%  753K 1s
   250K .......... .......... .......... .......... .......... 37%  941K 1s
   300K .......... .......... .......... .......... .......... 43% 1.00M 1s
   350K .......... .......... .......... .......... .......... 49%  783K 0s
   400K .......... .......... .......... .......... .......... 55%  909K 0s
   450K .......... .......... .......... .......... .......... 61%  526K 0s
   500K .......... .......... .......... .......... .......... 68%  963K 0s
   550K .......... .......... .......... .......... .......... 74%  992K 0s
   600K .......... .......... .......... .......... .......... 80%  818K 0s
   650K .......... .......... .......... .......... .......... 86%  853K 0s
   700K .......... .......... .......... .......... .......... 92%  861K 0s
   750K .......... .......... .......... .......... .......... 98%  870K 0s
   800K ........                                              100%  101M=1.0s

2025-11-18 18:10:43 (832 KB/s) - 'xfce4-panel-4.21.1.tar.xz' saved [827800/827800]

xfce4-panel-4.21.1/
xfce4-panel-4.21.1/.clang-format
xfce4-panel-4.21.1/.gcc-analyzer-false-positives
xfce4-panel-4.21.1/.gitlab-ci.yml
xfce4-panel-4.21.1/.scan-build-false-positives
xfce4-panel-4.21.1/AUTHORS
xfce4-panel-4.21.1/COPYING
xfce4-panel-4.21.1/COPYING.LIB
xfce4-panel-4.21.1/NEWS
xfce4-panel-4.21.1/README.md
xfce4-panel-4.21.1/common/
xfce4-panel-4.21.1/common/meson.build
xfce4-panel-4.21.1/common/panel-dbus.h
xfce4-panel-4.21.1/common/panel-debug.c
xfce4-panel-4.21.1/common/panel-debug.h
xfce4-panel-4.21.1/common/panel-private.h
xfce4-panel-4.21.1/common/panel-utils.c
xfce4-panel-4.21.1/common/panel-utils.h
xfce4-panel-4.21.1/common/panel-xfconf.c
xfce4-panel-4.21.1/common/panel-xfconf.h
xfce4-panel-4.21.1/common/resources/
xfce4-panel-4.21.1/common/resources/actions-dialog.glade
xfce4-panel-4.21.1/common/resources/applicationsmenu-dialog.glade
xfce4-panel-4.21.1/common/resources/clock-dialog.glade
xfce4-panel-4.21.1/common/resources/directorymenu-dialog.glade
xfce4-panel-4.21.1/common/resources/launcher-dialog.glade
xfce4-panel-4.21.1/common/resources/pager-dialog.glade
xfce4-panel-4.21.1/common/resources/panel-preferences-dialog.glade
xfce4-panel-4.21.1/common/resources/separator-dialog.glade
xfce4-panel-4.21.1/common/resources/showdesktop-dialog.glade
xfce4-panel-4.21.1/common/resources/sn-dialog.glade
xfce4-panel-4.21.1/common/resources/tasklist-dialog.glade
xfce4-panel-4.21.1/common/resources/windowmenu-dialog.glade
xfce4-panel-4.21.1/common/resources/xfce4-panel.gresource.xml
xfce4-panel-4.21.1/docs/
xfce4-panel-4.21.1/docs/reference/
xfce4-panel-4.21.1/docs/reference/gtkdocentities.ent.in
xfce4-panel-4.21.1/docs/reference/libxfce4panel-docs.xml.in
xfce4-panel-4.21.1/docs/reference/libxfce4panel-sections.txt
xfce4-panel-4.21.1/docs/reference/libxfce4panel.types
xfce4-panel-4.21.1/docs/reference/meson.build
xfce4-panel-4.21.1/docs/reference/version.xml.in
xfce4-panel-4.21.1/icons/
xfce4-panel-4.21.1/icons/128x128/
xfce4-panel-4.21.1/icons/128x128/org.xfce.panel.actions.png
xfce4-panel-4.21.1/icons/128x128/org.xfce.panel.applicationsmenu.png
xfce4-panel-4.21.1/icons/128x128/org.xfce.panel.clock.png
xfce4-panel-4.21.1/icons/128x128/org.xfce.panel.directorymenu.png
xfce4-panel-4.21.1/icons/128x128/org.xfce.panel.launcher.png
xfce4-panel-4.21.1/icons/128x128/org.xfce.panel.pager.png
xfce4-panel-4.21.1/icons/128x128/org.xfce.panel.png
xfce4-panel-4.21.1/icons/128x128/org.xfce.panel.separator.png
xfce4-panel-4.21.1/icons/128x128/org.xfce.panel.showdesktop.png
xfce4-panel-4.21.1/icons/128x128/org.xfce.panel.systray.png
xfce4-panel-4.21.1/icons/128x128/org.xfce.panel.tasklist.png
xfce4-panel-4.21.1/icons/128x128/org.xfce.panel.windowmenu.png
xfce4-panel-4.21.1/icons/16x16/
xfce4-panel-4.21.1/icons/16x16/org.xfce.panel.actions.png
xfce4-panel-4.21.1/icons/16x16/org.xfce.panel.actions.svg
xfce4-panel-4.21.1/icons/16x16/org.xfce.panel.applicationsmenu.png
xfce4-panel-4.21.1/icons/16x16/org.xfce.panel.applicationsmenu.svg
xfce4-panel-4.21.1/icons/16x16/org.xfce.panel.clock.png
xfce4-panel-4.21.1/icons/16x16/org.xfce.panel.clock.svg
xfce4-panel-4.21.1/icons/16x16/org.xfce.panel.directorymenu.png
xfce4-panel-4.21.1/icons/16x16/org.xfce.panel.directorymenu.svg
xfce4-panel-4.21.1/icons/16x16/org.xfce.panel.launcher.png
xfce4-panel-4.21.1/icons/16x16/org.xfce.panel.launcher.svg
xfce4-panel-4.21.1/icons/16x16/org.xfce.panel.pager.png
xfce4-panel-4.21.1/icons/16x16/org.xfce.panel.pager.svg
xfce4-panel-4.21.1/icons/16x16/org.xfce.panel.png
xfce4-panel-4.21.1/icons/16x16/org.xfce.panel.separator.png
xfce4-panel-4.21.1/icons/16x16/org.xfce.panel.separator.svg
xfce4-panel-4.21.1/icons/16x16/org.xfce.panel.showdesktop.png
xfce4-panel-4.21.1/icons/16x16/org.xfce.panel.showdesktop.svg
xfce4-panel-4.21.1/icons/16x16/org.xfce.panel.svg
xfce4-panel-4.21.1/icons/16x16/org.xfce.panel.systray.png
xfce4-panel-4.21.1/icons/16x16/org.xfce.panel.systray.svg
xfce4-panel-4.21.1/icons/16x16/org.xfce.panel.tasklist.png
xfce4-panel-4.21.1/icons/16x16/org.xfce.panel.tasklist.svg
xfce4-panel-4.21.1/icons/16x16/org.xfce.panel.windowmenu.png
xfce4-panel-4.21.1/icons/16x16/org.xfce.panel.windowmenu.svg
xfce4-panel-4.21.1/icons/24x24/
xfce4-panel-4.21.1/icons/24x24/org.xfce.panel.actions.png
xfce4-panel-4.21.1/icons/24x24/org.xfce.panel.actions.svg
xfce4-panel-4.21.1/icons/24x24/org.xfce.panel.applicationsmenu.png
xfce4-panel-4.21.1/icons/24x24/org.xfce.panel.applicationsmenu.svg
xfce4-panel-4.21.1/icons/24x24/org.xfce.panel.clock.png
xfce4-panel-4.21.1/icons/24x24/org.xfce.panel.clock.svg
xfce4-panel-4.21.1/icons/24x24/org.xfce.panel.directorymenu.png
xfce4-panel-4.21.1/icons/24x24/org.xfce.panel.directorymenu.svg
xfce4-panel-4.21.1/icons/24x24/org.xfce.panel.launcher.png
xfce4-panel-4.21.1/icons/24x24/org.xfce.panel.launcher.svg
xfce4-panel-4.21.1/icons/24x24/org.xfce.panel.pager.png
xfce4-panel-4.21.1/icons/24x24/org.xfce.panel.pager.svg
xfce4-panel-4.21.1/icons/24x24/org.xfce.panel.png
xfce4-panel-4.21.1/icons/24x24/org.xfce.panel.separator.png
xfce4-panel-4.21.1/icons/24x24/org.xfce.panel.separator.svg
xfce4-panel-4.21.1/icons/24x24/org.xfce.panel.showdesktop.png
xfce4-panel-4.21.1/icons/24x24/org.xfce.panel.showdesktop.svg
xfce4-panel-4.21.1/icons/24x24/org.xfce.panel.svg
xfce4-panel-4.21.1/icons/24x24/org.xfce.panel.systray.png
xfce4-panel-4.21.1/icons/24x24/org.xfce.panel.systray.svg
xfce4-panel-4.21.1/icons/24x24/org.xfce.panel.tasklist.png
xfce4-panel-4.21.1/icons/24x24/org.xfce.panel.tasklist.svg
xfce4-panel-4.21.1/icons/24x24/org.xfce.panel.windowmenu.png
xfce4-panel-4.21.1/icons/24x24/org.xfce.panel.windowmenu.svg
xfce4-panel-4.21.1/icons/32x32/
xfce4-panel-4.21.1/icons/32x32/org.xfce.panel.actions.png
xfce4-panel-4.21.1/icons/32x32/org.xfce.panel.actions.svg
xfce4-panel-4.21.1/icons/32x32/org.xfce.panel.applicationsmenu.png
xfce4-panel-4.21.1/icons/32x32/org.xfce.panel.applicationsmenu.svg
xfce4-panel-4.21.1/icons/32x32/org.xfce.panel.clock.png
xfce4-panel-4.21.1/icons/32x32/org.xfce.panel.clock.svg
xfce4-panel-4.21.1/icons/32x32/org.xfce.panel.directorymenu.png
xfce4-panel-4.21.1/icons/32x32/org.xfce.panel.directorymenu.svg
xfce4-panel-4.21.1/icons/32x32/org.xfce.panel.launcher.png
xfce4-panel-4.21.1/icons/32x32/org.xfce.panel.launcher.svg
xfce4-panel-4.21.1/icons/32x32/org.xfce.panel.pager.png
xfce4-panel-4.21.1/icons/32x32/org.xfce.panel.pager.svg
xfce4-panel-4.21.1/icons/32x32/org.xfce.panel.png
xfce4-panel-4.21.1/icons/32x32/org.xfce.panel.separator.png
xfce4-panel-4.21.1/icons/32x32/org.xfce.panel.separator.svg
xfce4-panel-4.21.1/icons/32x32/org.xfce.panel.showdesktop.png
xfce4-panel-4.21.1/icons/32x32/org.xfce.panel.showdesktop.svg
xfce4-panel-4.21.1/icons/32x32/org.xfce.panel.svg
xfce4-panel-4.21.1/icons/32x32/org.xfce.panel.systray.png
xfce4-panel-4.21.1/icons/32x32/org.xfce.panel.systray.svg
xfce4-panel-4.21.1/icons/32x32/org.xfce.panel.tasklist.png
xfce4-panel-4.21.1/icons/32x32/org.xfce.panel.tasklist.svg
xfce4-panel-4.21.1/icons/32x32/org.xfce.panel.windowmenu.png
xfce4-panel-4.21.1/icons/32x32/org.xfce.panel.windowmenu.svg
xfce4-panel-4.21.1/icons/48x48/
xfce4-panel-4.21.1/icons/48x48/org.xfce.panel.actions.png
xfce4-panel-4.21.1/icons/48x48/org.xfce.panel.actions.svg
xfce4-panel-4.21.1/icons/48x48/org.xfce.panel.applicationsmenu.png
xfce4-panel-4.21.1/icons/48x48/org.xfce.panel.applicationsmenu.svg
xfce4-panel-4.21.1/icons/48x48/org.xfce.panel.clock.png
xfce4-panel-4.21.1/icons/48x48/org.xfce.panel.clock.svg
xfce4-panel-4.21.1/icons/48x48/org.xfce.panel.directorymenu.png
xfce4-panel-4.21.1/icons/48x48/org.xfce.panel.directorymenu.svg
xfce4-panel-4.21.1/icons/48x48/org.xfce.panel.launcher.png
xfce4-panel-4.21.1/icons/48x48/org.xfce.panel.launcher.svg
xfce4-panel-4.21.1/icons/48x48/org.xfce.panel.pager.png
xfce4-panel-4.21.1/icons/48x48/org.xfce.panel.pager.svg
xfce4-panel-4.21.1/icons/48x48/org.xfce.panel.png
xfce4-panel-4.21.1/icons/48x48/org.xfce.panel.separator.png
xfce4-panel-4.21.1/icons/48x48/org.xfce.panel.separator.svg
xfce4-panel-4.21.1/icons/48x48/org.xfce.panel.showdesktop.png
xfce4-panel-4.21.1/icons/48x48/org.xfce.panel.showdesktop.svg
xfce4-panel-4.21.1/icons/48x48/org.xfce.panel.svg
xfce4-panel-4.21.1/icons/48x48/org.xfce.panel.systray.png
xfce4-panel-4.21.1/icons/48x48/org.xfce.panel.systray.svg
xfce4-panel-4.21.1/icons/48x48/org.xfce.panel.tasklist.png
xfce4-panel-4.21.1/icons/48x48/org.xfce.panel.tasklist.svg
xfce4-panel-4.21.1/icons/48x48/org.xfce.panel.windowmenu.png
xfce4-panel-4.21.1/icons/48x48/org.xfce.panel.windowmenu.svg
xfce4-panel-4.21.1/icons/64x64/
xfce4-panel-4.21.1/icons/64x64/org.xfce.panel.actions.png
xfce4-panel-4.21.1/icons/64x64/org.xfce.panel.actions.svg
xfce4-panel-4.21.1/icons/64x64/org.xfce.panel.applicationsmenu.png
xfce4-panel-4.21.1/icons/64x64/org.xfce.panel.applicationsmenu.svg
xfce4-panel-4.21.1/icons/64x64/org.xfce.panel.clock.png
xfce4-panel-4.21.1/icons/64x64/org.xfce.panel.clock.svg
xfce4-panel-4.21.1/icons/64x64/org.xfce.panel.directorymenu.png
xfce4-panel-4.21.1/icons/64x64/org.xfce.panel.directorymenu.svg
xfce4-panel-4.21.1/icons/64x64/org.xfce.panel.launcher.png
xfce4-panel-4.21.1/icons/64x64/org.xfce.panel.launcher.svg
xfce4-panel-4.21.1/icons/64x64/org.xfce.panel.pager.png
xfce4-panel-4.21.1/icons/64x64/org.xfce.panel.pager.svg
xfce4-panel-4.21.1/icons/64x64/org.xfce.panel.png
xfce4-panel-4.21.1/icons/64x64/org.xfce.panel.separator.png
xfce4-panel-4.21.1/icons/64x64/org.xfce.panel.separator.svg
xfce4-panel-4.21.1/icons/64x64/org.xfce.panel.showdesktop.png
xfce4-panel-4.21.1/icons/64x64/org.xfce.panel.showdesktop.svg
xfce4-panel-4.21.1/icons/64x64/org.xfce.panel.svg
xfce4-panel-4.21.1/icons/64x64/org.xfce.panel.systray.png
xfce4-panel-4.21.1/icons/64x64/org.xfce.panel.systray.svg
xfce4-panel-4.21.1/icons/64x64/org.xfce.panel.tasklist.png
xfce4-panel-4.21.1/icons/64x64/org.xfce.panel.tasklist.svg
xfce4-panel-4.21.1/icons/64x64/org.xfce.panel.windowmenu.png
xfce4-panel-4.21.1/icons/64x64/org.xfce.panel.windowmenu.svg
xfce4-panel-4.21.1/icons/96x96/
xfce4-panel-4.21.1/icons/96x96/org.xfce.panel.actions.png
xfce4-panel-4.21.1/icons/96x96/org.xfce.panel.actions.svg
xfce4-panel-4.21.1/icons/96x96/org.xfce.panel.applicationsmenu.png
xfce4-panel-4.21.1/icons/96x96/org.xfce.panel.applicationsmenu.svg
xfce4-panel-4.21.1/icons/96x96/org.xfce.panel.clock.png
xfce4-panel-4.21.1/icons/96x96/org.xfce.panel.clock.svg
xfce4-panel-4.21.1/icons/96x96/org.xfce.panel.directorymenu.png
xfce4-panel-4.21.1/icons/96x96/org.xfce.panel.directorymenu.svg
xfce4-panel-4.21.1/icons/96x96/org.xfce.panel.launcher.png
xfce4-panel-4.21.1/icons/96x96/org.xfce.panel.launcher.svg
xfce4-panel-4.21.1/icons/96x96/org.xfce.panel.pager.png
xfce4-panel-4.21.1/icons/96x96/org.xfce.panel.pager.svg
xfce4-panel-4.21.1/icons/96x96/org.xfce.panel.png
xfce4-panel-4.21.1/icons/96x96/org.xfce.panel.separator.png
xfce4-panel-4.21.1/icons/96x96/org.xfce.panel.separator.svg
xfce4-panel-4.21.1/icons/96x96/org.xfce.panel.showdesktop.png
xfce4-panel-4.21.1/icons/96x96/org.xfce.panel.showdesktop.svg
xfce4-panel-4.21.1/icons/96x96/org.xfce.panel.svg
xfce4-panel-4.21.1/icons/96x96/org.xfce.panel.systray.png
xfce4-panel-4.21.1/icons/96x96/org.xfce.panel.systray.svg
xfce4-panel-4.21.1/icons/96x96/org.xfce.panel.tasklist.png
xfce4-panel-4.21.1/icons/96x96/org.xfce.panel.tasklist.svg
xfce4-panel-4.21.1/icons/96x96/org.xfce.panel.windowmenu.png
xfce4-panel-4.21.1/icons/96x96/org.xfce.panel.windowmenu.svg
xfce4-panel-4.21.1/icons/meson.build
xfce4-panel-4.21.1/icons/scalable/
xfce4-panel-4.21.1/icons/scalable/org.xfce.panel.actions.svg
xfce4-panel-4.21.1/icons/scalable/org.xfce.panel.applicationsmenu.svg
xfce4-panel-4.21.1/icons/scalable/org.xfce.panel.clock.svg
xfce4-panel-4.21.1/icons/scalable/org.xfce.panel.directorymenu.svg
xfce4-panel-4.21.1/icons/scalable/org.xfce.panel.launcher.svg
xfce4-panel-4.21.1/icons/scalable/org.xfce.panel.pager.svg
xfce4-panel-4.21.1/icons/scalable/org.xfce.panel.separator.svg
xfce4-panel-4.21.1/icons/scalable/org.xfce.panel.showdesktop.svg
xfce4-panel-4.21.1/icons/scalable/org.xfce.panel.svg
xfce4-panel-4.21.1/icons/scalable/org.xfce.panel.systray.svg
xfce4-panel-4.21.1/icons/scalable/org.xfce.panel.tasklist.svg
xfce4-panel-4.21.1/icons/scalable/org.xfce.panel.windowmenu.svg
xfce4-panel-4.21.1/libxfce4panel/
xfce4-panel-4.21.1/libxfce4panel/.clang-format
xfce4-panel-4.21.1/libxfce4panel/Libxfce4panel-2.0.metadata
xfce4-panel-4.21.1/libxfce4panel/libxfce4panel-2.0.deps
xfce4-panel-4.21.1/libxfce4panel/libxfce4panel-2.0.pc.in
xfce4-panel-4.21.1/libxfce4panel/libxfce4panel-config.c
xfce4-panel-4.21.1/libxfce4panel/libxfce4panel-config.h.in
xfce4-panel-4.21.1/libxfce4panel/libxfce4panel-enums.h
xfce4-panel-4.21.1/libxfce4panel/libxfce4panel-marshal.list
xfce4-panel-4.21.1/libxfce4panel/libxfce4panel.h
xfce4-panel-4.21.1/libxfce4panel/libxfce4panel.symbols
xfce4-panel-4.21.1/libxfce4panel/meson.build
xfce4-panel-4.21.1/libxfce4panel/xfce-arrow-button.c
xfce4-panel-4.21.1/libxfce4panel/xfce-arrow-button.h
xfce4-panel-4.21.1/libxfce4panel/xfce-panel-convenience.c
xfce4-panel-4.21.1/libxfce4panel/xfce-panel-convenience.h
xfce4-panel-4.21.1/libxfce4panel/xfce-panel-image.c
xfce4-panel-4.21.1/libxfce4panel/xfce-panel-image.h
xfce4-panel-4.21.1/libxfce4panel/xfce-panel-macros.h
xfce4-panel-4.21.1/libxfce4panel/xfce-panel-plugin-provider.c
xfce4-panel-4.21.1/libxfce4panel/xfce-panel-plugin-provider.h
xfce4-panel-4.21.1/libxfce4panel/xfce-panel-plugin.c
xfce4-panel-4.21.1/libxfce4panel/xfce-panel-plugin.h
xfce4-panel-4.21.1/meson.build
xfce4-panel-4.21.1/meson_options.txt
xfce4-panel-4.21.1/migrate/
xfce4-panel-4.21.1/migrate/default.xml.in
xfce4-panel-4.21.1/migrate/main.c
xfce4-panel-4.21.1/migrate/meson.build
xfce4-panel-4.21.1/migrate/migrate-config.c
xfce4-panel-4.21.1/migrate/migrate-config.h
xfce4-panel-4.21.1/migrate/migrate-default.c
xfce4-panel-4.21.1/migrate/migrate-default.h
xfce4-panel-4.21.1/panel/
xfce4-panel-4.21.1/panel/main.c
xfce4-panel-4.21.1/panel/meson.build
xfce4-panel-4.21.1/panel/panel-application.c
xfce4-panel-4.21.1/panel/panel-application.h
xfce4-panel-4.21.1/panel/panel-base-window.c
xfce4-panel-4.21.1/panel/panel-base-window.h
xfce4-panel-4.21.1/panel/panel-dbus-client.c
xfce4-panel-4.21.1/panel/panel-dbus-client.h
xfce4-panel-4.21.1/panel/panel-dbus-service-infos.xml
xfce4-panel-4.21.1/panel/panel-dbus-service.c
xfce4-panel-4.21.1/panel/panel-dbus-service.h
xfce4-panel-4.21.1/panel/panel-dialogs.c
xfce4-panel-4.21.1/panel/panel-dialogs.h
xfce4-panel-4.21.1/panel/panel-item-dialog.c
xfce4-panel-4.21.1/panel/panel-item-dialog.h
xfce4-panel-4.21.1/panel/panel-itembar.c
xfce4-panel-4.21.1/panel/panel-itembar.h
xfce4-panel-4.21.1/panel/panel-marshal.list
xfce4-panel-4.21.1/panel/panel-module-factory.c
xfce4-panel-4.21.1/panel/panel-module-factory.h
xfce4-panel-4.21.1/panel/panel-module.c
xfce4-panel-4.21.1/panel/panel-module.h
xfce4-panel-4.21.1/panel/panel-plugin-external-wrapper-infos.xml
xfce4-panel-4.21.1/panel/panel-plugin-external-wrapper-wayland.c
xfce4-panel-4.21.1/panel/panel-plugin-external-wrapper-wayland.h
xfce4-panel-4.21.1/panel/panel-plugin-external-wrapper-x11.c
xfce4-panel-4.21.1/panel/panel-plugin-external-wrapper-x11.h
xfce4-panel-4.21.1/panel/panel-plugin-external-wrapper.c
xfce4-panel-4.21.1/panel/panel-plugin-external-wrapper.h
xfce4-panel-4.21.1/panel/panel-plugin-external.c
xfce4-panel-4.21.1/panel/panel-plugin-external.h
xfce4-panel-4.21.1/panel/panel-preferences-dialog.c
xfce4-panel-4.21.1/panel/panel-preferences-dialog.h
xfce4-panel-4.21.1/panel/panel-tic-tac-toe.c
xfce4-panel-4.21.1/panel/panel-tic-tac-toe.h
xfce4-panel-4.21.1/panel/panel-window.c
xfce4-panel-4.21.1/panel/panel-window.h
xfce4-panel-4.21.1/panel-desktop-handler.desktop.in
xfce4-panel-4.21.1/panel-preferences.desktop.in
xfce4-panel-4.21.1/plugins/
xfce4-panel-4.21.1/plugins/actions/
xfce4-panel-4.21.1/plugins/actions/actions.c
xfce4-panel-4.21.1/plugins/actions/actions.desktop.in.in
xfce4-panel-4.21.1/plugins/actions/actions.h
xfce4-panel-4.21.1/plugins/actions/meson.build
xfce4-panel-4.21.1/plugins/applicationsmenu/
xfce4-panel-4.21.1/plugins/applicationsmenu/applicationsmenu.c
xfce4-panel-4.21.1/plugins/applicationsmenu/applicationsmenu.desktop.in.in
xfce4-panel-4.21.1/plugins/applicationsmenu/applicationsmenu.h
xfce4-panel-4.21.1/plugins/applicationsmenu/meson.build
xfce4-panel-4.21.1/plugins/applicationsmenu/xfce4-popup-applicationsmenu.sh
xfce4-panel-4.21.1/plugins/clock/
xfce4-panel-4.21.1/plugins/clock/clock-analog.c
xfce4-panel-4.21.1/plugins/clock/clock-analog.h
xfce4-panel-4.21.1/plugins/clock/clock-binary.c
xfce4-panel-4.21.1/plugins/clock/clock-binary.h
xfce4-panel-4.21.1/plugins/clock/clock-digital.c
xfce4-panel-4.21.1/plugins/clock/clock-digital.h
xfce4-panel-4.21.1/plugins/clock/clock-fuzzy.c
xfce4-panel-4.21.1/plugins/clock/clock-fuzzy.h
xfce4-panel-4.21.1/plugins/clock/clock-lcd.c
xfce4-panel-4.21.1/plugins/clock/clock-lcd.h
xfce4-panel-4.21.1/plugins/clock/clock-sleep-monitor.c
xfce4-panel-4.21.1/plugins/clock/clock-sleep-monitor.h
xfce4-panel-4.21.1/plugins/clock/clock-time.c
xfce4-panel-4.21.1/plugins/clock/clock-time.h
xfce4-panel-4.21.1/plugins/clock/clock.c
xfce4-panel-4.21.1/plugins/clock/clock.desktop.in.in
xfce4-panel-4.21.1/plugins/clock/clock.h
xfce4-panel-4.21.1/plugins/clock/meson.build
xfce4-panel-4.21.1/plugins/directorymenu/
xfce4-panel-4.21.1/plugins/directorymenu/directorymenu.c
xfce4-panel-4.21.1/plugins/directorymenu/directorymenu.desktop.in.in
xfce4-panel-4.21.1/plugins/directorymenu/directorymenu.h
xfce4-panel-4.21.1/plugins/directorymenu/meson.build
xfce4-panel-4.21.1/plugins/directorymenu/xfce4-popup-directorymenu.sh
xfce4-panel-4.21.1/plugins/launcher/
xfce4-panel-4.21.1/plugins/launcher/launcher-dialog.c
xfce4-panel-4.21.1/plugins/launcher/launcher-dialog.h
xfce4-panel-4.21.1/plugins/launcher/launcher.c
xfce4-panel-4.21.1/plugins/launcher/launcher.desktop.in.in
xfce4-panel-4.21.1/plugins/launcher/launcher.h
xfce4-panel-4.21.1/plugins/launcher/meson.build
xfce4-panel-4.21.1/plugins/pager/
xfce4-panel-4.21.1/plugins/pager/meson.build
xfce4-panel-4.21.1/plugins/pager/pager-buttons.c
xfce4-panel-4.21.1/plugins/pager/pager-buttons.h
xfce4-panel-4.21.1/plugins/pager/pager.c
xfce4-panel-4.21.1/plugins/pager/pager.desktop.in.in
xfce4-panel-4.21.1/plugins/pager/pager.h
xfce4-panel-4.21.1/plugins/separator/
xfce4-panel-4.21.1/plugins/separator/meson.build
xfce4-panel-4.21.1/plugins/separator/separator.c
xfce4-panel-4.21.1/plugins/separator/separator.desktop.in.in
xfce4-panel-4.21.1/plugins/separator/separator.h
xfce4-panel-4.21.1/plugins/showdesktop/
xfce4-panel-4.21.1/plugins/showdesktop/meson.build
xfce4-panel-4.21.1/plugins/showdesktop/showdesktop.c
xfce4-panel-4.21.1/plugins/showdesktop/showdesktop.desktop.in.in
xfce4-panel-4.21.1/plugins/showdesktop/showdesktop.h
xfce4-panel-4.21.1/plugins/systray/
xfce4-panel-4.21.1/plugins/systray/meson.build
xfce4-panel-4.21.1/plugins/systray/sn-backend.c
xfce4-panel-4.21.1/plugins/systray/sn-backend.h
xfce4-panel-4.21.1/plugins/systray/sn-box.c
xfce4-panel-4.21.1/plugins/systray/sn-box.h
xfce4-panel-4.21.1/plugins/systray/sn-button.c
xfce4-panel-4.21.1/plugins/systray/sn-button.h
xfce4-panel-4.21.1/plugins/systray/sn-config.c
xfce4-panel-4.21.1/plugins/systray/sn-config.h
xfce4-panel-4.21.1/plugins/systray/sn-dialog.c
xfce4-panel-4.21.1/plugins/systray/sn-dialog.h
xfce4-panel-4.21.1/plugins/systray/sn-icon-box.c
xfce4-panel-4.21.1/plugins/systray/sn-icon-box.h
xfce4-panel-4.21.1/plugins/systray/sn-item.c
xfce4-panel-4.21.1/plugins/systray/sn-item.h
xfce4-panel-4.21.1/plugins/systray/sn-plugin.c
xfce4-panel-4.21.1/plugins/systray/sn-plugin.h
xfce4-panel-4.21.1/plugins/systray/sn-util.c
xfce4-panel-4.21.1/plugins/systray/sn-util.h
xfce4-panel-4.21.1/plugins/systray/sn-watcher.xml
xfce4-panel-4.21.1/plugins/systray/statusnotifier.py
xfce4-panel-4.21.1/plugins/systray/systray-box.c
xfce4-panel-4.21.1/plugins/systray/systray-box.h
xfce4-panel-4.21.1/plugins/systray/systray-manager.c
xfce4-panel-4.21.1/plugins/systray/systray-manager.h
xfce4-panel-4.21.1/plugins/systray/systray-marshal.list
xfce4-panel-4.21.1/plugins/systray/systray-socket.c
xfce4-panel-4.21.1/plugins/systray/systray-socket.h
xfce4-panel-4.21.1/plugins/systray/systray.c
xfce4-panel-4.21.1/plugins/systray/systray.desktop.in.in
xfce4-panel-4.21.1/plugins/systray/systray.h
xfce4-panel-4.21.1/plugins/tasklist/
xfce4-panel-4.21.1/plugins/tasklist/meson.build
xfce4-panel-4.21.1/plugins/tasklist/tasklist-widget.c
xfce4-panel-4.21.1/plugins/tasklist/tasklist-widget.h
xfce4-panel-4.21.1/plugins/tasklist/tasklist.c
xfce4-panel-4.21.1/plugins/tasklist/tasklist.desktop.in.in
xfce4-panel-4.21.1/plugins/tasklist/tasklist.h
xfce4-panel-4.21.1/plugins/windowmenu/
xfce4-panel-4.21.1/plugins/windowmenu/meson.build
xfce4-panel-4.21.1/plugins/windowmenu/windowmenu.c
xfce4-panel-4.21.1/plugins/windowmenu/windowmenu.desktop.in.in
xfce4-panel-4.21.1/plugins/windowmenu/windowmenu.h
xfce4-panel-4.21.1/plugins/windowmenu/xfce4-popup-windowmenu.sh
xfce4-panel-4.21.1/po/
xfce4-panel-4.21.1/po/LINGUAS
xfce4-panel-4.21.1/po/POTFILES
xfce4-panel-4.21.1/po/am.po
xfce4-panel-4.21.1/po/ar.po
xfce4-panel-4.21.1/po/ast.po
xfce4-panel-4.21.1/po/be.po
xfce4-panel-4.21.1/po/bg.po
xfce4-panel-4.21.1/po/bn.po
xfce4-panel-4.21.1/po/ca.po
xfce4-panel-4.21.1/po/cs.po
xfce4-panel-4.21.1/po/da.po
xfce4-panel-4.21.1/po/de.po
xfce4-panel-4.21.1/po/el.po
xfce4-panel-4.21.1/po/en_AU.po
xfce4-panel-4.21.1/po/en_GB.po
xfce4-panel-4.21.1/po/eo.po
xfce4-panel-4.21.1/po/es.po
xfce4-panel-4.21.1/po/et.po
xfce4-panel-4.21.1/po/eu.po
xfce4-panel-4.21.1/po/fi.po
xfce4-panel-4.21.1/po/fr.po
xfce4-panel-4.21.1/po/gl.po
xfce4-panel-4.21.1/po/he.po
xfce4-panel-4.21.1/po/hr.po
xfce4-panel-4.21.1/po/hu.po
xfce4-panel-4.21.1/po/hy_AM.po
xfce4-panel-4.21.1/po/hye.po
xfce4-panel-4.21.1/po/id.po
xfce4-panel-4.21.1/po/ie.po
xfce4-panel-4.21.1/po/is.po
xfce4-panel-4.21.1/po/it.po
xfce4-panel-4.21.1/po/ja.po
xfce4-panel-4.21.1/po/ka.po
xfce4-panel-4.21.1/po/kk.po
xfce4-panel-4.21.1/po/ko.po
xfce4-panel-4.21.1/po/lt.po
xfce4-panel-4.21.1/po/lv.po
xfce4-panel-4.21.1/po/meson.build
xfce4-panel-4.21.1/po/ms.po
xfce4-panel-4.21.1/po/nb.po
xfce4-panel-4.21.1/po/nl.po
xfce4-panel-4.21.1/po/nn.po
xfce4-panel-4.21.1/po/oc.po
xfce4-panel-4.21.1/po/pa.po
xfce4-panel-4.21.1/po/pl.po
xfce4-panel-4.21.1/po/pt.po
xfce4-panel-4.21.1/po/pt_BR.po
xfce4-panel-4.21.1/po/ro.po
xfce4-panel-4.21.1/po/ru.po
xfce4-panel-4.21.1/po/si.po
xfce4-panel-4.21.1/po/sk.po
xfce4-panel-4.21.1/po/sl.po
xfce4-panel-4.21.1/po/sq.po
xfce4-panel-4.21.1/po/sr.po
xfce4-panel-4.21.1/po/sv.po
xfce4-panel-4.21.1/po/te.po
xfce4-panel-4.21.1/po/th.po
xfce4-panel-4.21.1/po/tr.po
xfce4-panel-4.21.1/po/tt.po
xfce4-panel-4.21.1/po/ug.po
xfce4-panel-4.21.1/po/uk.po
xfce4-panel-4.21.1/po/ur.po
xfce4-panel-4.21.1/po/ur_PK.po
xfce4-panel-4.21.1/po/vec.po
xfce4-panel-4.21.1/po/vi.po
xfce4-panel-4.21.1/po/zh_CN.po
xfce4-panel-4.21.1/po/zh_HK.po
xfce4-panel-4.21.1/po/zh_TW.po
xfce4-panel-4.21.1/wrapper/
xfce4-panel-4.21.1/wrapper/main.c
xfce4-panel-4.21.1/wrapper/meson.build
xfce4-panel-4.21.1/wrapper/wrapper-external-infos.xml
xfce4-panel-4.21.1/wrapper/wrapper-module.c
xfce4-panel-4.21.1/wrapper/wrapper-module.h
xfce4-panel-4.21.1/wrapper/wrapper-plug-wayland.c
xfce4-panel-4.21.1/wrapper/wrapper-plug-wayland.h
xfce4-panel-4.21.1/wrapper/wrapper-plug-x11.c
xfce4-panel-4.21.1/wrapper/wrapper-plug-x11.h
xfce4-panel-4.21.1/wrapper/wrapper-plug.c
xfce4-panel-4.21.1/wrapper/wrapper-plug.h
xfce4-panel-4.21.1/xdt-gen-visibility
xfce4-panel-4.21.1/xfce-revision.h.in
The Meson build system
Version: 1.9.1
Source dir: /blfs/builds/xfce4-panel-4.21.1
Build dir: /blfs/builds/xfce4-panel-4.21.1/build
Build type: native build
Project name: xfce4-panel
Project version: 4.21.1
C compiler for the host machine: cc (gcc 15.2.0 "cc (GCC) 15.2.0")
C linker for the host machine: cc ld.bfd 2.45
Host machine cpu family: x86_64
Host machine cpu: x86_64
Found pkg-config: YES (/usr/bin/pkg-config) 2.5.1
Run-time dependency cairo found: YES 1.18.4
Run-time dependency garcon-1 found: YES 4.21.0
Run-time dependency garcon-gtk3-1 found: YES 4.21.0
Run-time dependency glib-2.0 found: YES 2.86.2
Run-time dependency gio-unix-2.0 found: YES 2.86.2
Run-time dependency gmodule-2.0 found: YES 2.86.2
Run-time dependency gtk+-3.0 found: YES 3.24.51
Run-time dependency libxfce4ui-2 found: YES 4.21.3
Run-time dependency libxfce4util-1.0 found: YES 4.20.1
Run-time dependency libxfce4windowing-0 found: YES 4.20.4
Run-time dependency libxfce4windowingui-0 found: YES 4.20.4
Run-time dependency libxfconf-0 found: YES 4.21.0
Program xdt-gen-visibility found: YES (/blfs/builds/xfce4-panel-4.21.1/xdt-gen-visibility)
Run-time dependency gdk-x11-3.0 found: YES 3.24.51
Run-time dependency gtk+-x11-3.0 found: YES 3.24.51
Run-time dependency libwnck-3.0 found: YES 43.3
Run-time dependency x11 found: YES 1.8.12
Run-time dependency xext found: YES 1.3.6
Run-time dependency libxfce4windowing-x11-0 found: YES 4.20.4
Run-time dependency gdk-wayland-3.0 found: YES 3.24.51
Run-time dependency wayland-client found: YES 1.24.0
Found CMake: /usr/bin/cmake (4.1.2)
Run-time dependency gtk-layer-shell-0 found: NO (tried pkgconfig and cmake)
Run-time dependency dbusmenu-gtk3-0.4 found: NO (tried pkgconfig and cmake)
Run-time dependency gobject-introspection-1.0 found: YES 1.86.0
Program vapigen found: YES (/usr/bin/vapigen)
Checking for function "bind_textdomain_codeset" : YES 
Check usable header "sys/prctl.h" : YES 
Check usable header "sys/wait.h" : YES 
Check usable header "math.h" : YES 
Library m found: YES
Compiler for C supports arguments -Wmissing-declarations: YES 
Compiler for C supports arguments -Wmissing-noreturn: YES 
Compiler for C supports arguments -Wold-style-definition: YES 
Compiler for C supports arguments -Wredundant-decls: YES 
Compiler for C supports arguments -Wpointer-arith: YES 
Compiler for C supports arguments -Wcast-align: YES 
Compiler for C supports arguments -Winit-self: YES 
Compiler for C supports arguments -Wshadow: YES 
Compiler for C supports arguments -Wmissing-include-dirs: YES 
Compiler for C supports arguments -Wundef: YES 
Compiler for C supports arguments -Wformat: YES 
Compiler for C supports arguments -Wformat-security: YES 
Compiler for C supports arguments -Wformat-y2k: YES 
Compiler for C supports arguments -Wnested-externs: YES 
Compiler for C supports arguments -Wno-unused-parameter: YES 
Compiler for C supports arguments -Wno-declaration-after-statement: YES 
Compiler for C supports arguments -Wno-missing-field-initializers: YES 
Compiler for C supports arguments -Werror=implicit-function-declaration: YES 
Compiler for C supports arguments -Wno-error=deprecated-declarations: YES 
Program msgfmt found: YES (/usr/bin/msgfmt)
Configuring libxfce4panel-config.h using configuration
Dependency glib-2.0 found: YES 2.86.2 (cached)
Program /usr/bin/glib-genmarshal found: YES (/usr/bin/glib-genmarshal)
Configuring libxfce4panel-visibility.h with command
Configuring libxfce4panel-visibility.c with command
Dependency glib-2.0 found: YES 2.86.2 (cached)
Program /usr/bin/glib-mkenums found: YES (/usr/bin/glib-mkenums)
Dependency glib-2.0 found: YES 2.86.2 (cached)
Program /usr/bin/glib-mkenums found: YES (/usr/bin/glib-mkenums)
Dependency gobject-introspection-1.0 found: YES 1.86.0 (cached)
Dependency gobject-introspection-1.0 found: YES 1.86.0 (cached)
Program /usr/bin/g-ir-scanner found: YES (/usr/bin/g-ir-scanner)
Dependency gobject-introspection-1.0 found: YES 1.86.0 (cached)
Program /usr/bin/g-ir-compiler found: YES (/usr/bin/g-ir-compiler)
Program vapigen found: YES (/usr/bin/vapigen)
Build-time dependency gio-2.0 found: YES 2.86.2
Program /usr/bin/glib-compile-resources found: YES (/usr/bin/glib-compile-resources)
Configuring default.xml using configuration
Dependency glib-2.0 found: YES 2.86.2 (cached)
Program /usr/bin/glib-genmarshal found: YES (/usr/bin/glib-genmarshal)
Dependency gio-2.0 found: YES 2.86.2 (cached)
Program /usr/bin/gdbus-codegen found: YES (/usr/bin/gdbus-codegen)
Dependency gio-2.0 found: YES 2.86.2 (cached)
Program /usr/bin/gdbus-codegen found: YES (/usr/bin/gdbus-codegen)
Configuring actions.desktop.in using configuration
Configuring xfce4-popup-applicationsmenu using configuration
Configuring applicationsmenu.desktop.in using configuration
Configuring clock.desktop.in using configuration
Configuring xfce4-popup-directorymenu using configuration
Configuring directorymenu.desktop.in using configuration
Configuring launcher.desktop.in using configuration
Configuring pager.desktop.in using configuration
Configuring separator.desktop.in using configuration
Configuring showdesktop.desktop.in using configuration
Dependency glib-2.0 found: YES 2.86.2 (cached)
Program /usr/bin/glib-genmarshal found: YES (/usr/bin/glib-genmarshal)
Dependency gio-2.0 found: YES 2.86.2 (cached)
Program /usr/bin/gdbus-codegen found: YES (/usr/bin/gdbus-codegen)
Configuring systray.desktop.in using configuration
Configuring tasklist.desktop.in using configuration
Configuring xfce4-popup-windowmenu using configuration
Configuring windowmenu.desktop.in using configuration
Program msginit found: YES (/usr/bin/msginit)
Program msgmerge found: YES (/usr/bin/msgmerge)
Program xgettext found: YES (/usr/bin/xgettext)
Dependency gio-2.0 found: YES 2.86.2 (cached)
Program /usr/bin/gdbus-codegen found: YES (/usr/bin/gdbus-codegen)
Build targets in project: 119

xfce4-panel 4.21.1

  User defined options
    buildtype: release
    prefix   : /usr

Found ninja-1.13.1 at /usr/bin/ninja
[1/203] Generating glib marshaller header plugins/systray/systray-marshal_h
[2/203] Generating glib marshaller header libxfce4panel/libxfce4panel-marshal_h
[3/203] Generating common/xfce4-panel-resources_h with a custom command
[4/203] Generating xfce-revision.h with a custom command
fatal: not a git repository (or any of the parent directories): .git
[5/203] Generating glib marshaller header panel/panel-marshal_h
[6/203] Generating common/xfce4-panel-resources_c with a custom command
[7/203] Generating GObject enum file libxfce4panel/libxfce4panel-enum-types.h (wrapped by meson because command contains newlines, to capture output)
[8/203] Generating gdbus header panel/panel-gdbus-exported-service.h
[9/203] Generating GObject enum file libxfce4panel/libxfce4panel-enum-types.c (wrapped by meson because command contains newlines, to capture output)
[10/203] Generating glib marshaller source libxfce4panel/libxfce4panel-marshal_c
[11/203] Generating gdbus source panel/panel-gdbus-exported-service.c
[12/203] Generating gdbus source panel/panel-plugin-external-wrapper-exported.c
[13/203] Generating glib marshaller source plugins/systray/systray-marshal_c
[14/203] Generating glib marshaller source panel/panel-marshal_c
[15/203] Generating gdbus header panel/panel-plugin-external-wrapper-exported.h
[16/203] Compiling C object libxfce4panel/libxfce4panel-2.0.so.4.0.0.p/libxfce4panel-config.c.o
[17/203] Compiling C object libxfce4panel/libxfce4panel-2.0.so.4.0.0.p/meson-generated_.._libxfce4panel-enum-types.c.o
[18/203] Compiling C object libxfce4panel/libxfce4panel-2.0.so.4.0.0.p/meson-generated_.._libxfce4panel-visibility.c.o
[19/203] Compiling C object libxfce4panel/libxfce4panel-2.0.so.4.0.0.p/meson-generated_.._libxfce4panel-marshal.c.o
[20/203] Generating gdbus source plugins/systray/sn-watcher.c
[21/203] Generating gdbus header plugins/systray/sn-watcher.h
[22/203] Generating gdbus source wrapper/wrapper-external-exported.c
[23/203] Compiling C object common/libpanel-common.a.p/panel-xfconf.c.o
../common/panel-xfconf.c: In function 'panel_properties_bind':
../common/panel-xfconf.c:118:9: warning: 'xfconf_g_property_bind_gdkrgba' is deprecated: Use xfconf_g_property_bind instead [-Wdeprecated-declarations]
  118 |         xfconf_g_property_bind_gdkrgba (channel, property, object, prop->property);
      |         ^~~~~~~~~~~~~~~~~~~~~~~~~~~~~~
In file included from /usr/include/xfce4/xfconf-0/xfconf/xfconf.h:28,
                 from ../common/panel-xfconf.h:22,
                 from ../common/panel-xfconf.c:20:
/usr/include/xfce4/xfconf-0/xfconf/xfconf-binding.h:46:8: note: declared here
   46 | gulong xfconf_g_property_bind_gdkrgba(XfconfChannel *channel,
      |        ^~~~~~~~~~~~~~~~~~~~~~~~~~~~~~
[24/203] Compiling C object common/libpanel-common.a.p/panel-debug.c.o
[25/203] Generating gdbus header wrapper/wrapper-external-exported.h
[26/203] Compiling C object panel/xfce4-panel.p/meson-generated_.._panel-marshal.c.o
[27/203] Compiling C object libxfce4panel/libxfce4panel-2.0.so.4.0.0.p/xfce-panel-image.c.o
[28/203] Compiling C object libxfce4panel/libxfce4panel-2.0.so.4.0.0.p/xfce-panel-convenience.c.o
[29/203] Compiling C object migrate/migrate.p/main.c.o
[30/203] Compiling C object panel/xfce4-panel.p/meson-generated_.._panel-gdbus-exported-service.c.o
[31/203] Compiling C object migrate/migrate.p/migrate-default.c.o
[32/203] Compiling C object panel/xfce4-panel.p/meson-generated_.._panel-plugin-external-wrapper-exported.c.o
[33/203] Compiling C object libxfce4panel/libxfce4panel-2.0.so.4.0.0.p/xfce-arrow-button.c.o
[34/203] Compiling C object panel/xfce4-panel.p/meson-generated_.._.._common_xfce4-panel-resources.c.o
[35/203] Compiling C object common/libpanel-common.a.p/panel-utils.c.o
[36/203] Linking static target common/libpanel-common.a
[37/203] Compiling C object libxfce4panel/libxfce4panel-2.0.so.4.0.0.p/xfce-panel-plugin-provider.c.o
[38/203] Compiling C object migrate/migrate.p/migrate-config.c.o
[39/203] Compiling C object panel/xfce4-panel.p/panel-dbus-service.c.o
[40/203] Compiling C object panel/xfce4-panel.p/panel-dbus-client.c.o
[41/203] Compiling C object libxfce4panel/libxfce4panel-2.0.so.4.0.0.p/xfce-panel-plugin.c.o
[42/203] Compiling C object panel/xfce4-panel.p/panel-base-window.c.o
[43/203] Compiling C object panel/xfce4-panel.p/panel-item-dialog.c.o
[44/203] Linking target libxfce4panel/libxfce4panel-2.0.so.4.0.0
[45/203] Compiling C object panel/xfce4-panel.p/main.c.o
[46/203] Compiling C object panel/xfce4-panel.p/panel-dialogs.c.o
[47/203] Generating symbol file libxfce4panel/libxfce4panel-2.0.so.4.0.0.p/libxfce4panel-2.0.so.4.0.0.symbols
[48/203] Compiling C object panel/xfce4-panel.p/panel-itembar.c.o
[49/203] Compiling C object panel/xfce4-panel.p/panel-module.c.o
[50/203] Compiling C object panel/xfce4-panel.p/panel-application.c.o
[51/203] Compiling C object panel/xfce4-panel.p/panel-module-factory.c.o
[52/203] Compiling C object plugins/actions/libactions.so.p/meson-generated_.._.._.._common_xfce4-panel-resources.c.o
[53/203] Compiling C object panel/xfce4-panel.p/panel-plugin-external-wrapper-x11.c.o
[54/203] Compiling C object panel/xfce4-panel.p/panel-plugin-external-wrapper.c.o
[55/203] Compiling C object panel/xfce4-panel.p/panel-tic-tac-toe.c.o
[56/203] Compiling C object plugins/applicationsmenu/libapplicationsmenu.so.p/meson-generated_.._.._.._common_xfce4-panel-resources.c.o
[57/203] Compiling C object plugins/clock/libclock.so.p/meson-generated_.._.._.._common_xfce4-panel-resources.c.o
[58/203] Compiling C object panel/xfce4-panel.p/panel-preferences-dialog.c.o
[59/203] Compiling C object plugins/applicationsmenu/libapplicationsmenu.so.p/applicationsmenu.c.o
[60/203] Compiling C object plugins/actions/libactions.so.p/actions.c.o
[61/203] Compiling C object panel/xfce4-panel.p/panel-plugin-external.c.o
[62/203] Compiling C object plugins/clock/libclock.so.p/clock-analog.c.o
[63/203] Compiling C object plugins/clock/libclock.so.p/clock-time.c.o
[64/203] Compiling C object panel/xfce4-panel.p/panel-window.c.o
[65/203] Compiling C object plugins/directorymenu/libdirectorymenu.so.p/meson-generated_.._.._.._common_xfce4-panel-resources.c.o
[66/203] Compiling C object plugins/clock/libclock.so.p/clock-fuzzy.c.o
[67/203] Compiling C object plugins/pager/libpager.so.p/meson-generated_.._.._.._common_xfce4-panel-resources.c.o
[68/203] Compiling C object plugins/launcher/liblauncher.so.p/meson-generated_.._.._.._common_xfce4-panel-resources.c.o
[69/203] Compiling C object plugins/clock/libclock.so.p/clock-digital.c.o
[70/203] Compiling C object plugins/clock/libclock.so.p/clock-sleep-monitor.c.o
[71/203] Compiling C object plugins/clock/libclock.so.p/clock-binary.c.o
[72/203] Compiling C object plugins/clock/libclock.so.p/clock.c.o
[73/203] Compiling C object plugins/clock/libclock.so.p/clock-lcd.c.o
[74/203] Compiling C object plugins/separator/libseparator.so.p/meson-generated_.._.._.._common_xfce4-panel-resources.c.o
[75/203] Compiling C object plugins/showdesktop/libshowdesktop.so.p/meson-generated_.._.._.._common_xfce4-panel-resources.c.o
[76/203] Compiling C object plugins/systray/libsystray.so.p/meson-generated_.._systray-marshal.c.o
[77/203] Compiling C object plugins/launcher/liblauncher.so.p/launcher-dialog.c.o
[78/203] Compiling C object plugins/separator/libseparator.so.p/separator.c.o
[79/203] Compiling C object plugins/pager/libpager.so.p/pager.c.o
[80/203] Compiling C object plugins/directorymenu/libdirectorymenu.so.p/directorymenu.c.o
[81/203] Compiling C object plugins/systray/libsystray.so.p/meson-generated_.._.._.._common_xfce4-panel-resources.c.o
[82/203] Compiling C object plugins/launcher/liblauncher.so.p/launcher.c.o
[83/203] Compiling C object plugins/showdesktop/libshowdesktop.so.p/showdesktop.c.o
[84/203] Compiling C object plugins/systray/libsystray.so.p/meson-generated_.._sn-watcher.c.o
[85/203] Compiling C object plugins/systray/libsystray.so.p/sn-button.c.o
[86/203] Compiling C object plugins/pager/libpager.so.p/pager-buttons.c.o
[87/203] Compiling C object plugins/systray/libsystray.so.p/sn-box.c.o
[88/203] Compiling C object plugins/systray/libsystray.so.p/sn-backend.c.o
[89/203] Compiling C object plugins/systray/libsystray.so.p/sn-icon-box.c.o
[90/203] Compiling C object plugins/systray/libsystray.so.p/sn-dialog.c.o
[91/203] Compiling C object plugins/systray/libsystray.so.p/sn-item.c.o
[92/203] Compiling C object plugins/systray/libsystray.so.p/sn-config.c.o
[93/203] Compiling C object plugins/systray/libsystray.so.p/sn-util.c.o
[94/203] Compiling C object plugins/systray/libsystray.so.p/sn-plugin.c.o
[95/203] Generating libxfce4panel/Libxfce4panel-2.0.gir with a custom command (wrapped by meson to set env)
[96/203] Compiling C object plugins/tasklist/libtasklist.so.p/meson-generated_.._.._.._common_xfce4-panel-resources.c.o
[97/203] Compiling C object plugins/windowmenu/libwindowmenu.so.p/meson-generated_.._.._.._common_xfce4-panel-resources.c.o
[98/203] Compiling C object plugins/systray/libsystray.so.p/systray-box.c.o
[99/203] Compiling C object plugins/tasklist/libtasklist.so.p/tasklist.c.o
[100/203] Compiling C object plugins/systray/libsystray.so.p/systray-manager.c.o
[101/203] Compiling C object plugins/systray/libsystray.so.p/systray.c.o
[102/203] Compiling C object wrapper/wrapper-2.0.p/wrapper-module.c.o
[103/203] Compiling C object wrapper/wrapper-2.0.p/main.c.o
[104/203] Merging translations for panel-desktop-handler.desktop
[105/203] Compiling C object wrapper/wrapper-2.0.p/meson-generated_.._wrapper-external-exported.c.o
[106/203] Linking target migrate/migrate
[107/203] Linking target plugins/actions/libactions.so
[108/203] Compiling C object plugins/systray/libsystray.so.p/systray-socket.c.o
[109/203] Linking target plugins/applicationsmenu/libapplicationsmenu.so
[110/203] Linking target plugins/clock/libclock.so
[111/203] Compiling C object plugins/windowmenu/libwindowmenu.so.p/windowmenu.c.o
[112/203] Compiling C object wrapper/wrapper-2.0.p/wrapper-plug-x11.c.o
[113/203] Generating libxfce4panel/Libxfce4panel-2.0.typelib with a custom command
[114/203] Linking target plugins/directorymenu/libdirectorymenu.so
[115/203] Compiling C object wrapper/wrapper-2.0.p/wrapper-plug.c.o
[116/203] Merging translations for panel-preferences.desktop
[117/203] Linking target panel/xfce4-panel
FAILED: [code=1] panel/xfce4-panel 
cc  -o panel/xfce4-panel panel/xfce4-panel.p/meson-generated_.._panel-marshal.c.o panel/xfce4-panel.p/meson-generated_.._panel-gdbus-exported-service.c.o panel/xfce4-panel.p/meson-generated_.._panel-plugin-external-wrapper-exported.c.o panel/xfce4-panel.p/meson-generated_.._.._common_xfce4-panel-resources.c.o panel/xfce4-panel.p/main.c.o panel/xfce4-panel.p/panel-application.c.o panel/xfce4-panel.p/panel-base-window.c.o panel/xfce4-panel.p/panel-dbus-service.c.o panel/xfce4-panel.p/panel-dbus-client.c.o panel/xfce4-panel.p/panel-dialogs.c.o panel/xfce4-panel.p/panel-item-dialog.c.o panel/xfce4-panel.p/panel-itembar.c.o panel/xfce4-panel.p/panel-module.c.o panel/xfce4-panel.p/panel-module-factory.c.o panel/xfce4-panel.p/panel-plugin-external.c.o panel/xfce4-panel.p/panel-plugin-external-wrapper.c.o panel/xfce4-panel.p/panel-preferences-dialog.c.o panel/xfce4-panel.p/panel-tic-tac-toe.c.o panel/xfce4-panel.p/panel-window.c.o panel/xfce4-panel.p/panel-plugin-external-wrapper-x11.c.o -Wl,--as-needed -Wl,--no-undefined -Wl,-O1 -O2 '-Wl,-rpath,$ORIGIN/../libxfce4panel' -Wl,--start-group common/libpanel-common.a libxfce4panel/libxfce4panel-2.0.so.4.0.0 -Wl,--export-dynamic /usr/lib/libgmodule-2.0.so -pthread /usr/lib/libglib-2.0.so /usr/lib/libgtk-3.so /usr/lib/libgdk-3.so /usr/lib/libpangocairo-1.0.so /usr/lib/libcairo-gobject.so /usr/lib/libgdk_pixbuf-2.0.so /usr/lib/libatk-1.0.so /usr/lib/libpango-1.0.so /usr/lib/libcairo.so /usr/lib/libharfbuzz.so /usr/lib/libgio-2.0.so /usr/lib/libgobject-2.0.so /usr/lib/libxfce4util.so /usr/lib/libxfce4ui-2.so /usr/lib/libxfce4windowing-0.so /usr/lib/libxfconf-0.so /usr/lib/libwnck-3.so /usr/lib/libX11.so /usr/lib/libXext.so /usr/lib/libwayland-client.so -lm -Wl,--end-group
/usr/bin/ld: warning: libdisplay-info.so.2, needed by /usr/lib/libxfce4windowing-0.so, not found (try using -rpath or -rpath-link)
/usr/bin/ld: /usr/lib/libxfce4windowing-0.so: undefined reference to `di_info_destroy'
/usr/bin/ld: /usr/lib/libxfce4windowing-0.so: undefined reference to `di_info_get_make'
/usr/bin/ld: /usr/lib/libxfce4windowing-0.so: undefined reference to `di_info_get_serial'
/usr/bin/ld: /usr/lib/libxfce4windowing-0.so: undefined reference to `di_info_parse_edid'
/usr/bin/ld: /usr/lib/libxfce4windowing-0.so: undefined reference to `di_info_get_model'
collect2: error: ld returned 1 exit status
[118/203] Linking target plugins/pager/libpager.so
[119/203] Linking target plugins/separator/libseparator.so
[120/203] Linking target plugins/launcher/liblauncher.so
[121/203] Merging translations for plugins/actions/actions.desktop
[122/203] Generating libxfce4panel/libxfce4panel-2.0.vapi with a custom command
[123/203] Merging translations for plugins/clock/clock.desktop
[124/203] Merging translations for plugins/applicationsmenu/applicationsmenu.desktop
[125/203] Merging translations for plugins/launcher/launcher.desktop
[126/203] Merging translations for plugins/pager/pager.desktop
[127/203] Merging translations for plugins/directorymenu/directorymenu.desktop
[128/203] Compiling C object plugins/tasklist/libtasklist.so.p/tasklist-widget.c.o
ninja: build stopped: subcommand failed.
