--2025-10-29 15:12:51--  https://github.com/fontforge/fontforge/releases/download/20251009/fontforge-20251009.tar.xz
Resolving github.com (github.com)... 140.82.112.4
Connecting to github.com (github.com)|140.82.112.4|:443... connected.
HTTP request sent, awaiting response... 302 Found
Location: https://release-assets.githubusercontent.com/github-production-release-asset/5390156/8b168d17-01c9-43c7-a4b2-f405bd7742a1?sp=r&sv=2018-11-09&sr=b&spr=https&se=2025-10-29T16%3A05%3A19Z&rscd=attachment%3B+filename%3Dfontforge-20251009.tar.xz&rsct=application%2Foctet-stream&skoid=96c2d410-5711-43a1-aedd-ab1947aa7ab0&sktid=398a6654-997b-47e9-b12b-9515b896b4de&skt=2025-10-29T15%3A05%3A17Z&ske=2025-10-29T16%3A05%3A19Z&sks=b&skv=2018-11-09&sig=p4MzdkjASt%2BTh6N%2FxEkLhQ8ia1Ih81jg2U0x3LLLNQ8%3D&jwt=eyJ0eXAiOiJKV1QiLCJhbGciOiJIUzI1NiJ9.eyJpc3MiOiJnaXRodWIuY29tIiwiYXVkIjoicmVsZWFzZS1hc3NldHMuZ2l0aHVidXNlcmNvbnRlbnQuY29tIiwia2V5Ijoia2V5MSIsImV4cCI6MTc2MTc1MjU3MSwibmJmIjoxNzYxNzUwNzcxLCJwYXRoIjoicmVsZWFzZWFzc2V0cHJvZHVjdGlvbi5ibG9iLmNvcmUud2luZG93cy5uZXQifQ.-mnzgnUltBqt4cFAbZm2Om_cC5-DsbdyPeWeOywCHRU&response-content-disposition=attachment%3B%20filename%3Dfontforge-20251009.tar.xz&response-content-type=application%2Foctet-stream [following]
--2025-10-29 15:12:51--  https://release-assets.githubusercontent.com/github-production-release-asset/5390156/8b168d17-01c9-43c7-a4b2-f405bd7742a1?sp=r&sv=2018-11-09&sr=b&spr=https&se=2025-10-29T16%3A05%3A19Z&rscd=attachment%3B+filename%3Dfontforge-20251009.tar.xz&rsct=application%2Foctet-stream&skoid=96c2d410-5711-43a1-aedd-ab1947aa7ab0&sktid=398a6654-997b-47e9-b12b-9515b896b4de&skt=2025-10-29T15%3A05%3A17Z&ske=2025-10-29T16%3A05%3A19Z&sks=b&skv=2018-11-09&sig=p4MzdkjASt%2BTh6N%2FxEkLhQ8ia1Ih81jg2U0x3LLLNQ8%3D&jwt=eyJ0eXAiOiJKV1QiLCJhbGciOiJIUzI1NiJ9.eyJpc3MiOiJnaXRodWIuY29tIiwiYXVkIjoicmVsZWFzZS1hc3NldHMuZ2l0aHVidXNlcmNvbnRlbnQuY29tIiwia2V5Ijoia2V5MSIsImV4cCI6MTc2MTc1MjU3MSwibmJmIjoxNzYxNzUwNzcxLCJwYXRoIjoicmVsZWFzZWFzc2V0cHJvZHVjdGlvbi5ibG9iLmNvcmUud2luZG93cy5uZXQifQ.-mnzgnUltBqt4cFAbZm2Om_cC5-DsbdyPeWeOywCHRU&response-content-disposition=attachment%3B%20filename%3Dfontforge-20251009.tar.xz&response-content-type=application%2Foctet-stream
Resolving release-assets.githubusercontent.com (release-assets.githubusercontent.com)... 185.199.110.133, 185.199.108.133, 185.199.109.133, ...
Connecting to release-assets.githubusercontent.com (release-assets.githubusercontent.com)|185.199.110.133|:443... connected.
HTTP request sent, awaiting response... 200 OK
Length: 14032824 (13M) [application/octet-stream]
Saving to: ‘fontforge-20251009.tar.xz’

     0K .......... .......... .......... .......... ..........  0% 13.9M 1s
    50K .......... .......... .......... .......... ..........  0% 11.5M 1s
   100K .......... .......... .......... .......... ..........  1% 13.7M 1s
   150K .......... .......... .......... .......... ..........  1% 11.0M 1s
   200K .......... .......... .......... .......... ..........  1% 91.0M 1s
   250K .......... .......... .......... .......... ..........  2% 15.3M 1s
   300K .......... .......... .......... .......... ..........  2% 12.1M 1s
   350K .......... .......... .......... .......... ..........  2%  200M 1s
   400K .......... .......... .......... .......... ..........  3%  104M 1s
   450K .......... .......... .......... .......... ..........  3%  111M 1s
   500K .......... .......... .......... .......... ..........  4% 16.3M 1s
   550K .......... .......... .......... .......... ..........  4% 10.6M 1s
   600K .......... .......... .......... .......... ..........  4%  146M 1s
   650K .......... .......... .......... .......... ..........  5% 98.7M 1s
   700K .......... .......... .......... .......... ..........  5%  109M 1s
   750K .......... .......... .......... .......... ..........  5% 8.25M 1s
   800K .......... .......... .......... .......... ..........  6%  110M 1s
   850K .......... .......... .......... .......... ..........  6%  136M 1s
   900K .......... .......... .......... .......... ..........  6%  124M 1s
   950K .......... .......... .......... .......... ..........  7%  116M 1s
  1000K .......... .......... .......... .......... ..........  7%  128M 1s
  1050K .......... .......... .......... .......... ..........  8% 22.0M 1s
  1100K .......... .......... .......... .......... ..........  8%  151M 0s
  1150K .......... .......... .......... .......... ..........  8% 14.1M 0s
  1200K .......... .......... .......... .......... ..........  9%  112M 0s
  1250K .......... .......... .......... .......... ..........  9%  159M 0s
  1300K .......... .......... .......... .......... ..........  9%  100M 0s
  1350K .......... .......... .......... .......... .......... 10%  138M 0s
  1400K .......... .......... .......... .......... .......... 10%  101M 0s
  1450K .......... .......... .......... .......... .......... 10% 74.4M 0s
  1500K .......... .......... .......... .......... .......... 11% 31.7M 0s
  1550K .......... .......... .......... .......... .......... 11% 98.7M 0s
  1600K .......... .......... .......... .......... .......... 12%  120M 0s
  1650K .......... .......... .......... .......... .......... 12%  105M 0s
  1700K .......... .......... .......... .......... .......... 12%  134M 0s
  1750K .......... .......... .......... .......... .......... 13%  119M 0s
  1800K .......... .......... .......... .......... .......... 13% 30.3M 0s
  1850K .......... .......... .......... .......... .......... 13%  120M 0s
  1900K .......... .......... .......... .......... .......... 14%  114M 0s
  1950K .......... .......... .......... .......... .......... 14% 77.9M 0s
  2000K .......... .......... .......... .......... .......... 14%  144M 0s
  2050K .......... .......... .......... .......... .......... 15% 21.4M 0s
  2100K .......... .......... .......... .......... .......... 15%  130M 0s
  2150K .......... .......... .......... .......... .......... 16% 85.5M 0s
  2200K .......... .......... .......... .......... .......... 16%  222M 0s
  2250K .......... .......... .......... .......... .......... 16% 87.4M 0s
  2300K .......... .......... .......... .......... .......... 17%  121M 0s
  2350K .......... .......... .......... .......... .......... 17%  111M 0s
  2400K .......... .......... .......... .......... .......... 17%  169M 0s
  2450K .......... .......... .......... .......... .......... 18% 98.9M 0s
  2500K .......... .......... .......... .......... .......... 18% 85.6M 0s
  2550K .......... .......... .......... .......... .......... 18% 6.63M 0s
  2600K .......... .......... .......... .......... .......... 19%  261M 0s
  2650K .......... .......... .......... .......... .......... 19%  170M 0s
  2700K .......... .......... .......... .......... .......... 20%  222M 0s
  2750K .......... .......... .......... .......... .......... 20% 98.4M 0s
  2800K .......... .......... .......... .......... .......... 20%  180M 0s
  2850K .......... .......... .......... .......... .......... 21%  194M 0s
  2900K .......... .......... .......... .......... .......... 21%  273M 0s
  2950K .......... .......... .......... .......... .......... 21%  272M 0s
  3000K .......... .......... .......... .......... .......... 22%  276M 0s
  3050K .......... .......... .......... .......... .......... 22%  256M 0s
  3100K .......... .......... .......... .......... .......... 22%  220M 0s
  3150K .......... .......... .......... .......... .......... 23%  203M 0s
  3200K .......... .......... .......... .......... .......... 23%  270M 0s
  3250K .......... .......... .......... .......... .......... 24%  263M 0s
  3300K .......... .......... .......... .......... .......... 24%  266M 0s
  3350K .......... .......... .......... .......... .......... 24% 35.5M 0s
  3400K .......... .......... .......... .......... .......... 25%  108M 0s
  3450K .......... .......... .......... .......... .......... 25%  138M 0s
  3500K .......... .......... .......... .......... .......... 25%  103M 0s
  3550K .......... .......... .......... .......... .......... 26% 94.9M 0s
  3600K .......... .......... .......... .......... .......... 26%  103M 0s
  3650K .......... .......... .......... .......... .......... 26%  150M 0s
  3700K .......... .......... .......... .......... .......... 27% 38.9M 0s
  3750K .......... .......... .......... .......... .......... 27%  164M 0s
  3800K .......... .......... .......... .......... .......... 28%  106M 0s
  3850K .......... .......... .......... .......... .......... 28% 85.9M 0s
  3900K .......... .......... .......... .......... .......... 28%  176M 0s
  3950K .......... .......... .......... .......... .......... 29% 91.2M 0s
  4000K .......... .......... .......... .......... .......... 29%  122M 0s
  4050K .......... .......... .......... .......... .......... 29% 96.1M 0s
  4100K .......... .......... .......... .......... .......... 30%  161M 0s
  4150K .......... .......... .......... .......... .......... 30%  114M 0s
  4200K .......... .......... .......... .......... .......... 31% 93.6M 0s
  4250K .......... .......... .......... .......... .......... 31%  136M 0s
  4300K .......... .......... .......... .......... .......... 31%  115M 0s
  4350K .......... .......... .......... .......... .......... 32% 6.04M 0s
  4400K .......... .......... .......... .......... .......... 32%  139M 0s
  4450K .......... .......... .......... .......... .......... 32% 6.30M 0s
  4500K .......... .......... .......... .......... .......... 33%  272M 0s
  4550K .......... .......... .......... .......... .......... 33%  166M 0s
  4600K .......... .......... .......... .......... .......... 33%  190M 0s
  4650K .......... .......... .......... .......... .......... 34%  236M 0s
  4700K .......... .......... .......... .......... .......... 34%  192M 0s
  4750K .......... .......... .......... .......... .......... 35%  247M 0s
  4800K .......... .......... .......... .......... .......... 35%  266M 0s
  4850K .......... .......... .......... .......... .......... 35%  193M 0s
  4900K .......... .......... .......... .......... .......... 36%  272M 0s
  4950K .......... .......... .......... .......... .......... 36%  275M 0s
  5000K .......... .......... .......... .......... .......... 36%  265M 0s
  5050K .......... .......... .......... .......... .......... 37%  175M 0s
  5100K .......... .......... .......... .......... .......... 37%  233M 0s
  5150K .......... .......... .......... .......... .......... 37%  274M 0s
  5200K .......... .......... .......... .......... .......... 38%  232M 0s
  5250K .......... .......... .......... .......... .......... 38%  198M 0s
  5300K .......... .......... .......... .......... .......... 39%  193M 0s
  5350K .......... .......... .......... .......... .......... 39%  268M 0s
  5400K .......... .......... .......... .......... .......... 39%  179M 0s
  5450K .......... .......... .......... .......... .......... 40%  204M 0s
  5500K .......... .......... .......... .......... .......... 40%  190M 0s
  5550K .......... .......... .......... .......... .......... 40%  273M 0s
  5600K .......... .......... .......... .......... .......... 41%  275M 0s
  5650K .......... .......... .......... .......... .......... 41%  277M 0s
  5700K .......... .......... .......... .......... .......... 41%  259M 0s
  5750K .......... .......... .......... .......... .......... 42%  175M 0s
  5800K .......... .......... .......... .......... .......... 42%  270M 0s
  5850K .......... .......... .......... .......... .......... 43%  205M 0s
  5900K .......... .......... .......... .......... .......... 43%  271M 0s
  5950K .......... .......... .......... .......... .......... 43%  241M 0s
  6000K .......... .......... .......... .......... .......... 44%  160M 0s
  6050K .......... .......... .......... .......... .......... 44% 26.7M 0s
  6100K .......... .......... .......... .......... .......... 44%  257M 0s
  6150K .......... .......... .......... .......... .......... 45%  235M 0s
  6200K .......... .......... .......... .......... .......... 45%  235M 0s
  6250K .......... .......... .......... .......... .......... 45%  119M 0s
  6300K .......... .......... .......... .......... .......... 46%  204M 0s
  6350K .......... .......... .......... .......... .......... 46%  276M 0s
  6400K .......... .......... .......... .......... .......... 47%  277M 0s
  6450K .......... .......... .......... .......... .......... 47%  204M 0s
  6500K .......... .......... .......... .......... .......... 47%  218M 0s
  6550K .......... .......... .......... .......... .......... 48%  271M 0s
  6600K .......... .......... .......... .......... .......... 48%  249M 0s
  6650K .......... .......... .......... .......... .......... 48%  188M 0s
  6700K .......... .......... .......... .......... .......... 49%  310M 0s
  6750K .......... .......... .......... .......... .......... 49% 14.7M 0s
  6800K .......... .......... .......... .......... .......... 49%  118M 0s
  6850K .......... .......... .......... .......... .......... 50% 78.3M 0s
  6900K .......... .......... .......... .......... .......... 50% 98.2M 0s
  6950K .......... .......... .......... .......... .......... 51%  209M 0s
  7000K .......... .......... .......... .......... .......... 51% 83.7M 0s
  7050K .......... .......... .......... .......... .......... 51%  176M 0s
  7100K .......... .......... .......... .......... .......... 52% 94.8M 0s
  7150K .......... .......... .......... .......... .......... 52%  120M 0s
  7200K .......... .......... .......... .......... .......... 52%  101M 0s
  7250K .......... .......... .......... .......... .......... 53%  142M 0s
  7300K .......... .......... .......... .......... .......... 53% 13.8M 0s
  7350K .......... .......... .......... .......... .......... 53% 97.5M 0s
  7400K .......... .......... .......... .......... .......... 54%  107M 0s
  7450K .......... .......... .......... .......... .......... 54%  209M 0s
  7500K .......... .......... .......... .......... .......... 55%  111M 0s
  7550K .......... .......... .......... .......... .......... 55% 87.4M 0s
  7600K .......... .......... .......... .......... .......... 55%  111M 0s
  7650K .......... .......... .......... .......... .......... 56%  133M 0s
  7700K .......... .......... .......... .......... .......... 56%  129M 0s
  7750K .......... .......... .......... .......... .......... 56% 74.3M 0s
  7800K .......... .......... .......... .......... .......... 57%  119M 0s
  7850K .......... .......... .......... .......... .......... 57%  187M 0s
  7900K .......... .......... .......... .......... .......... 58% 14.8M 0s
  7950K .......... .......... .......... .......... .......... 58% 78.2M 0s
  8000K .......... .......... .......... .......... .......... 58%  145M 0s
  8050K .......... .......... .......... .......... .......... 59% 96.1M 0s
  8100K .......... .......... .......... .......... .......... 59%  106M 0s
  8150K .......... .......... .......... .......... .......... 59%  113M 0s
  8200K .......... .......... .......... .......... .......... 60%  150M 0s
  8250K .......... .......... .......... .......... .......... 60% 86.8M 0s
  8300K .......... .......... .......... .......... .......... 60%  109M 0s
  8350K .......... .......... .......... .......... .......... 61% 89.6M 0s
  8400K .......... .......... .......... .......... .......... 61%  122M 0s
  8450K .......... .......... .......... .......... .......... 62% 15.1M 0s
  8500K .......... .......... .......... .......... .......... 62%  113M 0s
  8550K .......... .......... .......... .......... .......... 62% 87.1M 0s
  8600K .......... .......... .......... .......... .......... 63%  118M 0s
  8650K .......... .......... .......... .......... .......... 63%  113M 0s
  8700K .......... .......... .......... .......... .......... 63%  118M 0s
  8750K .......... .......... .......... .......... .......... 64%  132M 0s
  8800K .......... .......... .......... .......... .......... 64%  104M 0s
  8850K .......... .......... .......... .......... .......... 64%  127M 0s
  8900K .......... .......... .......... .......... .......... 65% 95.9M 0s
  8950K .......... .......... .......... .......... .......... 65% 98.4M 0s
  9000K .......... .......... .......... .......... .......... 66% 14.4M 0s
  9050K .......... .......... .......... .......... .......... 66%  107M 0s
  9100K .......... .......... .......... .......... .......... 66%  147M 0s
  9150K .......... .......... .......... .......... .......... 67%  114M 0s
  9200K .......... .......... .......... .......... .......... 67%  118M 0s
  9250K .......... .......... .......... .......... .......... 67%  116M 0s
  9300K .......... .......... .......... .......... .......... 68%  111M 0s
  9350K .......... .......... .......... .......... .......... 68% 94.4M 0s
  9400K .......... .......... .......... .......... .......... 68%  116M 0s
  9450K .......... .......... .......... .......... .......... 69% 80.9M 0s
  9500K .......... .......... .......... .......... .......... 69%  121M 0s
  9550K .......... .......... .......... .......... .......... 70%  119M 0s
  9600K .......... .......... .......... .......... .......... 70% 13.4M 0s
  9650K .......... .......... .......... .......... .......... 70%  131M 0s
  9700K .......... .......... .......... .......... .......... 71%  124M 0s
  9750K .......... .......... .......... .......... .......... 71% 96.3M 0s
  9800K .......... .......... .......... .......... .......... 71%  145M 0s
  9850K .......... .......... .......... .......... .......... 72%  103M 0s
  9900K .......... .......... .......... .......... .......... 72% 22.6M 0s
  9950K .......... .......... .......... .......... .......... 72% 94.1M 0s
 10000K .......... .......... .......... .......... .......... 73% 5.75M 0s
 10050K .......... .......... .......... .......... .......... 73% 63.7M 0s
 10100K .......... .......... .......... .......... .......... 74%  207M 0s
 10150K .......... .......... .......... .......... .......... 74% 49.6M 0s
 10200K .......... .......... .......... .......... .......... 74% 58.8M 0s
 10250K .......... .......... .......... .......... .......... 75% 44.4M 0s
 10300K .......... .......... .......... .......... .......... 75% 76.8M 0s
 10350K .......... .......... .......... .......... .......... 75% 40.9M 0s
 10400K .......... .......... .......... .......... .......... 76% 40.4M 0s
 10450K .......... .......... .......... .......... .......... 76% 47.7M 0s
 10500K .......... .......... .......... .......... .......... 76%  142M 0s
 10550K .......... .......... .......... .......... .......... 77% 60.8M 0s
 10600K .......... .......... .......... .......... .......... 77% 92.3M 0s
 10650K .......... .......... .......... .......... .......... 78% 99.7M 0s
 10700K .......... .......... .......... .......... .......... 78% 63.1M 0s
 10750K .......... .......... .......... .......... .......... 78%  176M 0s
 10800K .......... .......... .......... .......... .......... 79% 96.9M 0s
 10850K .......... .......... .......... .......... .......... 79% 95.8M 0s
 10900K .......... .......... .......... .......... .......... 79% 21.1M 0s
 10950K .......... .......... .......... .......... .......... 80%  131M 0s
 11000K .......... .......... .......... .......... .......... 80% 93.6M 0s
 11050K .......... .......... .......... .......... .......... 80%  157M 0s
 11100K .......... .......... .......... .......... .......... 81%  127M 0s
 11150K .......... .......... .......... .......... .......... 81% 84.5M 0s
 11200K .......... .......... .......... .......... .......... 82%  112M 0s
 11250K .......... .......... .......... .......... .......... 82% 28.4M 0s
 11300K .......... .......... .......... .......... .......... 82%  155M 0s
 11350K .......... .......... .......... .......... .......... 83%  100M 0s
 11400K .......... .......... .......... .......... .......... 83%  107M 0s
 11450K .......... .......... .......... .......... .......... 83%  150M 0s
 11500K .......... .......... .......... .......... .......... 84% 22.1M 0s
 11550K .......... .......... .......... .......... .......... 84% 89.6M 0s
 11600K .......... .......... .......... .......... .......... 85%  135M 0s
 11650K .......... .......... .......... .......... .......... 85%  116M 0s
 11700K .......... .......... .......... .......... .......... 85%  116M 0s
 11750K .......... .......... .......... .......... .......... 86%  116M 0s
 11800K .......... .......... .......... .......... .......... 86% 33.2M 0s
 11850K .......... .......... .......... .......... .......... 86%  117M 0s
 11900K .......... .......... .......... .......... .......... 87%  116M 0s
 11950K .......... .......... .......... .......... .......... 87% 84.1M 0s
 12000K .......... .......... .......... .......... .......... 87%  115M 0s
 12050K .......... .......... .......... .......... .......... 88% 22.3M 0s
 12100K .......... .......... .......... .......... .......... 88%  107M 0s
 12150K .......... .......... .......... .......... .......... 89%  133M 0s
 12200K .......... .......... .......... .......... .......... 89%  105M 0s
 12250K .......... .......... .......... .......... .......... 89%  115M 0s
 12300K .......... .......... .......... .......... .......... 90%  109M 0s
 12350K .......... .......... .......... .......... .......... 90% 27.1M 0s
 12400K .......... .......... .......... .......... .......... 90%  157M 0s
 12450K .......... .......... .......... .......... .......... 91% 92.6M 0s
 12500K .......... .......... .......... .......... .......... 91%  115M 0s
 12550K .......... .......... .......... .......... .......... 91%  117M 0s
 12600K .......... .......... .......... .......... .......... 92%  106M 0s
 12650K .......... .......... .......... .......... .......... 92% 22.7M 0s
 12700K .......... .......... .......... .......... .......... 93%  138M 0s
 12750K .......... .......... .......... .......... .......... 93% 86.4M 0s
 12800K .......... .......... .......... .......... .......... 93%  126M 0s
 12850K .......... .......... .......... .......... .......... 94%  112M 0s
 12900K .......... .......... .......... .......... .......... 94%  116M 0s
 12950K .......... .......... .......... .......... .......... 94% 27.0M 0s
 13000K .......... .......... .......... .......... .......... 95%  148M 0s
 13050K .......... .......... .......... .......... .......... 95%  112M 0s
 13100K .......... .......... .......... .......... .......... 95%  133M 0s
 13150K .......... .......... .......... .......... .......... 96% 93.3M 0s
 13200K .......... .......... .......... .......... .......... 96% 20.9M 0s
 13250K .......... .......... .......... .......... .......... 97%  162M 0s
 13300K .......... .......... .......... .......... .......... 97%  111M 0s
 13350K .......... .......... .......... .......... .......... 97%  124M 0s
 13400K .......... .......... .......... .......... .......... 98%  114M 0s
 13450K .......... .......... .......... .......... .......... 98%  119M 0s
 13500K .......... .......... .......... .......... .......... 98% 28.7M 0s
 13550K .......... .......... .......... .......... .......... 99% 90.4M 0s
 13600K .......... .......... .......... .......... .......... 99%  121M 0s
 13650K .......... .......... .......... .......... .......... 99%  134M 0s
 13700K ...                                                   100% 7.32T=0.2s

2025-10-29 15:12:52 (60.7 MB/s) - ‘fontforge-20251009.tar.xz’ saved [14032824/14032824]

--2025-10-29 15:12:52--  https://raw.githubusercontent.com/Tucana-Linux/tucana-pkgs-extra/refs/heads/main/fontforge/fontforge-20251009-upstream-fixes.patch
Resolving raw.githubusercontent.com (raw.githubusercontent.com)... 2606:50c0:8003::154, 2606:50c0:8000::154, 2606:50c0:8001::154, ...
Connecting to raw.githubusercontent.com (raw.githubusercontent.com)|2606:50c0:8003::154|:443... connected.
HTTP request sent, awaiting response... 404 Not Found
2025-10-29 15:12:52 ERROR 404: Not Found.

