--2025-06-29 07:12:49--  https://github.com/lu-zero/cargo-c/archive/v0.10.14/cargo-c-0.10.14.tar.gz
Resolving github.com (github.com)... 140.82.113.4
Connecting to github.com (github.com)|140.82.113.4|:443... connected.
HTTP request sent, awaiting response... 302 Found
Location: https://codeload.github.com/lu-zero/cargo-c/tar.gz/refs/tags/v0.10.14 [following]
--2025-06-29 07:12:49--  https://codeload.github.com/lu-zero/cargo-c/tar.gz/refs/tags/v0.10.14
Resolving codeload.github.com (codeload.github.com)... 140.82.112.9
Connecting to codeload.github.com (codeload.github.com)|140.82.112.9|:443... connected.
HTTP request sent, awaiting response... 200 OK
Length: unspecified [application/x-gzip]
Saving to: 'cargo-c-0.10.14.tar.gz'

     0K .......... .......... .......... ....                  3.33M=0.01s

2025-06-29 07:12:49 (3.33 MB/s) - 'cargo-c-0.10.14.tar.gz' saved [35360]

cargo-c-0.10.14/
cargo-c-0.10.14/.github/
cargo-c-0.10.14/.github/FUNDING.yml
cargo-c-0.10.14/.github/actions-rs/
cargo-c-0.10.14/.github/actions-rs/grcov.yml
cargo-c-0.10.14/.github/dependabot.yml
cargo-c-0.10.14/.github/workflows/
cargo-c-0.10.14/.github/workflows/deploy.yml
cargo-c-0.10.14/.github/workflows/example-project.yml
cargo-c-0.10.14/.github/workflows/rust.yml
cargo-c-0.10.14/.gitignore
cargo-c-0.10.14/Cargo.toml
cargo-c-0.10.14/LICENSE
cargo-c-0.10.14/README.md
cargo-c-0.10.14/codecov.yml
cargo-c-0.10.14/coverage.sh
cargo-c-0.10.14/example-project/
cargo-c-0.10.14/example-project/Cargo.toml
cargo-c-0.10.14/example-project/README.md
cargo-c-0.10.14/example-project/assets/
cargo-c-0.10.14/example-project/assets/capi/
cargo-c-0.10.14/example-project/assets/capi/include/
cargo-c-0.10.14/example-project/assets/capi/include/file.h
cargo-c-0.10.14/example-project/build.rs
cargo-c-0.10.14/example-project/cbindgen.toml
cargo-c-0.10.14/example-project/src/
cargo-c-0.10.14/example-project/src/capi.rs
cargo-c-0.10.14/example-project/src/lib.rs
cargo-c-0.10.14/example-project/tests/
cargo-c-0.10.14/example-project/tests/capi.rs
cargo-c-0.10.14/example-project/usage-from-c/
cargo-c-0.10.14/example-project/usage-from-c/Makefile
cargo-c-0.10.14/example-project/usage-from-c/meson.build
cargo-c-0.10.14/example-project/usage-from-c/run_tests.c
cargo-c-0.10.14/example-workspace/
cargo-c-0.10.14/example-workspace/Cargo.toml
cargo-c-0.10.14/example-workspace/api-a/
cargo-c-0.10.14/example-workspace/api-a/Cargo.toml
cargo-c-0.10.14/example-workspace/api-a/src/
cargo-c-0.10.14/example-workspace/api-a/src/lib.rs
cargo-c-0.10.14/example-workspace/api-b/
cargo-c-0.10.14/example-workspace/api-b/Cargo.toml
cargo-c-0.10.14/example-workspace/api-b/src/
cargo-c-0.10.14/example-workspace/api-b/src/lib.rs
cargo-c-0.10.14/src/
cargo-c-0.10.14/src/bin/
cargo-c-0.10.14/src/bin/capi.rs
cargo-c-0.10.14/src/bin/cbuild.rs
cargo-c-0.10.14/src/bin/cinstall.rs
cargo-c-0.10.14/src/bin/ctest.rs
cargo-c-0.10.14/src/build.rs
cargo-c-0.10.14/src/build_targets.rs
cargo-c-0.10.14/src/cli.rs
cargo-c-0.10.14/src/config.rs
cargo-c-0.10.14/src/install.rs
cargo-c-0.10.14/src/lib.rs
cargo-c-0.10.14/src/pkg_config_gen.rs
cargo-c-0.10.14/src/target.rs
  % Total    % Received % Xferd  Average Speed   Time    Time     Time  Current
                                 Dload  Upload   Total   Spent    Left  Speed
  0     0    0     0    0     0      0      0 --:--:-- --:--:-- --:--:--     0  0     0    0     0    0     0      0      0 --:--:-- --:--:-- --:--:--     0
100   98k  100   98k    0     0   464k      0 --:--:-- --:--:-- --:--:--  464k
    Updating crates.io index
 Downloading crates ...
  Downloaded autocfg v1.5.0
  Downloaded anstyle-parse v0.2.7
  Downloaded base64ct v1.8.0
  Downloaded color-print v0.3.7
  Downloaded cargo-platform v0.3.0
  Downloaded bitmaps v2.1.0
  Downloaded gix-discover v0.39.0
  Downloaded ct-codecs v1.1.6
  Downloaded gix-fs v0.15.0
  Downloaded color-print-proc-macro v0.3.7
  Downloaded anstream v0.6.19
  Downloaded annotate-snippets v0.11.5
  Downloaded adler2 v2.0.1
  Downloaded cpufeatures v0.2.17
  Downloaded num-conv v0.1.0
  Downloaded gix-features v0.41.1
  Downloaded gix-ignore v0.14.0
  Downloaded gix-index v0.39.0
  Downloaded gix-tempfile v17.1.0
  Downloaded gix-utils v0.3.0
  Downloaded elliptic-curve v0.13.8
  Downloaded either v1.15.0
  Downloaded gix-pathspec v0.10.0
  Downloaded num-traits v0.2.19
  Downloaded once_cell v1.21.3
  Downloaded pkg-config v0.3.32
  Downloaded powerfmt v0.2.0
  Downloaded potential_utf v0.1.2
  Downloaded pin-project-lite v0.2.16
  Downloaded pkcs8 v0.10.2
  Downloaded matchers v0.1.0
  Downloaded der v0.7.10
  Downloaded rustc-hash v2.1.1
  Downloaded rand_core v0.6.4
  Downloaded ignore v0.4.23
  Downloaded quote v1.0.40
  Downloaded aho-corasick v1.1.3
  Downloaded spki v0.7.3
  Downloaded semver v1.0.26
  Downloaded scopeguard v1.2.0
  Downloaded same-file v1.0.6
  Downloaded rfc6979 v0.4.0
  Downloaded openssl-sys v0.9.109
  Downloaded blake3 v1.8.2
  Downloaded tinyvec_macros v0.1.1
  Downloaded stable_deref_trait v1.2.0
  Downloaded serde_spanned v0.6.9
  Downloaded proc-macro2 v1.0.95
  Downloaded git2 v0.20.2
  Downloaded time-macros v0.2.22
  Downloaded thiserror v2.0.12
  Downloaded supports-unicode v3.0.0
  Downloaded shlex v1.3.0
  Downloaded shell-words v1.1.0
  Downloaded sha1 v0.10.6
  Downloaded smallvec v1.15.1
  Downloaded time-core v0.1.4
  Downloaded subtle v2.6.1
  Downloaded thiserror v1.0.69
  Downloaded zerofrom v0.1.6
  Downloaded pasetors v0.7.6
  Downloaded tinystr v0.8.1
  Downloaded yoke-derive v0.8.0
  Downloaded tracing-chrome v0.7.2
  Downloaded sharded-slab v0.1.7
  Downloaded utf8parse v0.2.2
  Downloaded unicode-xid v0.2.6
  Downloaded unicode-bom v2.0.3
  Downloaded zerofrom-derive v0.1.6
  Downloaded tracing-attributes v0.1.30
  Downloaded writeable v0.6.1
  Downloaded toml_write v0.1.2
  Downloaded serde_derive v1.0.219
  Downloaded utf8_iter v1.0.4
  Downloaded rand v0.9.1
  Downloaded zeroize v1.8.1
  Downloaded unicode-ident v1.0.18
  Downloaded tracing-log v0.2.0
  Downloaded tar v0.4.44
  Downloaded tinyvec v1.9.0
  Downloaded tracing-core v0.1.34
  Downloaded toml_edit v0.22.27
  Downloaded glob v0.3.2
  Downloaded maybe-async v0.2.10
  Downloaded tracing v0.1.41
  Downloaded orion v0.17.11
  Downloaded zerotrie v0.2.2
  Downloaded rusqlite v0.34.0
  Downloaded gix-negotiate v0.19.0
  Downloaded object v0.36.7
  Downloaded zerovec v0.11.2
  Downloaded time v0.3.41
  Downloaded object v0.37.1
  Downloaded regex v1.11.1
  Downloaded winnow v0.7.11
  Downloaded tracing-subscriber v0.3.19
  Downloaded zlib-rs v0.5.1
  Downloaded lazy_static v1.5.0
  Downloaded zerocopy v0.8.26
  Downloaded syn v2.0.104
  Downloaded unicode-width v0.2.1
  Downloaded ppv-lite86 v0.2.21
  Downloaded gix-submodule v0.18.0
  Downloaded libz-rs-sys v0.5.1
  Downloaded fiat-crypto v0.3.0
  Downloaded serde-untagged v0.1.7
  Downloaded rustfix v0.9.1
  Downloaded rustc-stable-hash v0.1.2
  Downloaded hash32 v0.3.1
  Downloaded typeid v1.0.3
  Downloaded version_check v0.9.5
  Downloaded walkdir v2.5.0
  Downloaded zerovec-derive v0.11.1
  Downloaded terminal_size v0.4.2
  Downloaded vcpkg v0.2.15
  Downloaded gix-worktree v0.40.0
  Downloaded gix-revision v0.33.0
  Downloaded gix-path v0.10.18
  Downloaded gix-utils v0.2.0
  Downloaded kstring v2.0.2
  Downloaded hashlink v0.10.0
  Downloaded globset v0.4.16
  Downloaded lock_api v0.4.13
  Downloaded sha1-checked v0.10.0
  Downloaded unicase v2.8.1
  Downloaded nu-ansi-term v0.46.0
  Downloaded jobserver v0.1.33
  Downloaded gix-traverse v0.45.0
  Downloaded gix-pack v0.58.0
  Downloaded group v0.13.0
  Downloaded gix-shallow v0.3.0
  Downloaded gix-url v0.30.0
  Downloaded memoffset v0.9.1
  Downloaded lazycell v1.3.0
  Downloaded itoa v1.0.15
  Downloaded is_terminal_polyfill v1.70.1
  Downloaded is_executable v1.0.4
  Downloaded gix-packetline v0.18.4
  Downloaded idna_adapter v1.2.1
  Downloaded libloading v0.8.8
  Downloaded implib v0.3.5
  Downloaded gix-validate v0.10.0
  Downloaded bstr v1.12.0
  Downloaded memmap2 v0.9.5
  Downloaded encoding_rs v0.8.35
  Downloaded litemap v0.8.0
  Downloaded url v2.5.4
  Downloaded serde_json v1.0.140
  Downloaded hex v0.4.3
  Downloaded toml v0.8.23
  Downloaded gix-prompt v0.10.0
  Downloaded home v0.5.11
  Downloaded gix-revwalk v0.19.0
  Downloaded gix v0.71.0
  Downloaded http-auth v0.1.10
  Downloaded gix-object v0.48.0
  Downloaded prodash v29.0.2
  Downloaded p384 v0.13.1
  Downloaded yoke v0.8.0
  Downloaded gix-transport v0.46.0
  Downloaded toml_datetime v0.6.11
  Downloaded thiserror-impl v2.0.12
  Downloaded gix-ref v0.51.0
  Downloaded icu_provider v2.0.0
  Downloaded thiserror-impl v1.0.69
  Downloaded sized-chunks v0.6.5
  Downloaded log v0.4.27
  Downloaded curl-sys v0.4.82+curl-8.14.1
  Downloaded sha2 v0.10.9
  Downloaded ryu v1.0.20
  Downloaded static_assertions v1.1.0
  Downloaded serde_ignored v0.1.12
  Downloaded heck v0.5.0
  Downloaded cbindgen v0.29.0
  Downloaded tempfile v3.20.0
  Downloaded gix-protocol v0.49.0
  Downloaded miniz_oxide v0.8.9
  Downloaded icu_normalizer_data v2.0.0
  Downloaded icu_properties v2.0.1
  Downloaded icu_normalizer v2.0.0
  Downloaded thread_local v1.1.9
  Downloaded synstructure v0.13.2
  Downloaded supports-hyperlinks v3.1.0
  Downloaded strsim v0.11.1
  Downloaded rand_core v0.9.3
  Downloaded signature v2.2.0
  Downloaded shell-escape v0.1.5
  Downloaded serde-value v0.7.0
  Downloaded sec1 v0.7.3
  Downloaded rand_xoshiro v0.6.0
  Downloaded rand_chacha v0.9.0
  Downloaded clap_builder v4.5.40
  Downloaded primeorder v0.13.6
  Downloaded parking_lot v0.12.4
  Downloaded curl v0.4.48
  Downloaded pem-rfc7468 v0.7.0
  Downloaded parking_lot_core v0.9.11
  Downloaded overload v0.1.1
  Downloaded os_info v3.12.0
  Downloaded icu_locale_core v2.0.0
  Downloaded typenum v1.18.0
  Downloaded indexmap v2.10.0
  Downloaded minimal-lexical v0.2.1
  Downloaded hmac v0.12.1
  Downloaded flate2 v1.1.2
  Downloaded crypto-bigint v0.5.5
  Downloaded socket2 v0.5.10
  Downloaded percent-encoding v2.3.1
  Downloaded pathdiff v0.2.3
  Downloaded ordered-float v2.10.1
  Downloaded openssl-probe v0.1.6
  Downloaded opener v0.7.2
  Downloaded gix-validate v0.9.4
  Downloaded serde v1.0.219
  Downloaded gix-refspec v0.29.0
  Downloaded gix-quote v0.5.0
  Downloaded cc v1.2.27
  Downloaded icu_collections v2.0.0
  Downloaded gix-sec v0.10.12
  Downloaded gix-packetline-blocking v0.18.3
  Downloaded heapless v0.8.0
  Downloaded jiff-static v0.2.15
  Downloaded gix-odb v0.68.0
  Downloaded gix-dir v0.13.0
  Downloaded gix-diff v0.51.0
  Downloaded getrandom v0.3.3
  Downloaded dbus v0.9.7
  Downloaded crossbeam-epoch v0.9.18
  Downloaded crossbeam-channel v0.5.15
  Downloaded memchr v2.7.5
  Downloaded bytes v1.10.1
  Downloaded base64 v0.22.1
  Downloaded gix-attributes v0.25.0
  Downloaded cargo v0.89.0
  Downloaded unicode-normalization v0.1.24
  Downloaded nom v7.1.3
  Downloaded ecdsa v0.16.9
  Downloaded displaydoc v0.2.5
  Downloaded clap_complete v4.5.54
  Downloaded crossbeam-deque v0.8.6
  Downloaded crc32fast v1.4.2
  Downloaded idna v1.0.3
  Downloaded arc-swap v1.7.1
  Downloaded regex-automata v0.1.10
  Downloaded hashbrown v0.15.4
  Downloaded allocator-api2 v0.2.21
  Downloaded ahash v0.8.12
  Downloaded hashbrown v0.14.5
  Downloaded gix-trace v0.1.12
  Downloaded gix-config v0.44.0
  Downloaded gix-commitgraph v0.27.0
  Downloaded gix-bitmap v0.2.14
  Downloaded git2-curl v0.21.0
  Downloaded getrandom v0.2.16
  Downloaded itertools v0.14.0
  Downloaded generic-array v0.14.7
  Downloaded icu_properties_data v2.0.1
  Downloaded hkdf v0.12.4
  Downloaded errno v0.3.13
  Downloaded deranged v0.4.0
  Downloaded constant_time_eq v0.3.1
  Downloaded cargo-util-schemas v0.8.2
  Downloaded gix-credentials v0.28.0
  Downloaded gix-command v0.5.0
  Downloaded gix-chunk v0.4.11
  Downloaded form_urlencoded v1.2.1
  Downloaded fnv v1.0.7
  Downloaded ff v0.13.1
  Downloaded faster-hex v0.10.0
  Downloaded faster-hex v0.9.0
  Downloaded fallible-iterator v0.3.0
  Downloaded crypto-common v0.1.6
  Downloaded crossbeam-utils v0.8.21
  Downloaded crates-io v0.40.11
  Downloaded const-oid v0.9.6
  Downloaded clap v4.5.40
  Downloaded anyhow v1.0.98
  Downloaded im-rc v15.1.0
  Downloaded gix-features v0.42.1
  Downloaded clru v0.6.2
  Downloaded cargo-credential-libsecret v0.4.14
  Downloaded cargo-credential v0.4.8
  Downloaded arrayref v0.3.9
  Downloaded gix-hashtable v0.8.1
  Downloaded gix-hash v0.17.0
  Downloaded gix-fs v0.14.0
  Downloaded cargo-util v0.2.21
  Downloaded bitflags v2.9.1
  Downloaded arrayvec v0.7.6
  Downloaded gix-lock v17.1.0
  Downloaded gix-hash v0.18.0
  Downloaded gix-glob v0.19.0
  Downloaded gix-filter v0.18.0
  Downloaded gix-config-value v0.14.12
  Downloaded fallible-streaming-iterator v0.1.9
  Downloaded erased-serde v0.4.6
  Downloaded equivalent v1.0.2
  Downloaded ed25519-compact v2.1.1
  Downloaded colorchoice v1.0.4
  Downloaded cfg-if v1.0.1
  Downloaded byteorder v1.5.0
  Downloaded block-buffer v0.10.4
  Downloaded clap_lex v0.7.5
  Downloaded clap_derive v4.5.40
  Downloaded gix-date v0.9.4
  Downloaded gix-actor v0.34.0
  Downloaded foldhash v0.1.5
  Downloaded filetime v0.2.25
  Downloaded fastrand v2.3.0
  Downloaded digest v0.10.7
  Downloaded base16ct v0.2.0
  Downloaded anstyle-query v1.1.3
  Downloaded anstyle v1.0.11
  Downloaded regex-syntax v0.6.29
  Downloaded regex-syntax v0.8.5
  Downloaded rustix v0.38.44
  Downloaded rustix v1.0.7
  Downloaded libssh2-sys v0.3.1
  Downloaded regex-automata v0.4.9
  Downloaded jiff v0.2.15
  Downloaded libc v0.2.174
  Downloaded libz-sys v1.1.22
  Downloaded libdbus-sys v0.2.5
  Downloaded libgit2-sys v0.18.2+1.9.1
  Downloaded libnghttp2-sys v0.1.11+1.64.0
  Downloaded linux-raw-sys v0.4.15
  Downloaded linux-raw-sys v0.9.4
  Downloaded libsqlite3-sys v0.32.0
   Compiling proc-macro2 v1.0.95
   Compiling unicode-ident v1.0.18
   Compiling libc v0.2.174
   Compiling cfg-if v1.0.1
   Compiling memchr v2.7.5
   Compiling regex-syntax v0.8.5
   Compiling thiserror v2.0.12
   Compiling autocfg v1.5.0
   Compiling version_check v0.9.5
   Compiling smallvec v1.15.1
   Compiling serde v1.0.219
   Compiling once_cell v1.21.3
   Compiling typenum v1.18.0
   Compiling log v0.4.27
   Compiling zeroize v1.8.1
   Compiling fastrand v2.3.0
   Compiling tinyvec_macros v0.1.1
   Compiling stable_deref_trait v1.2.0
   Compiling gix-trace v0.1.12
   Compiling subtle v2.6.1
   Compiling parking_lot_core v0.9.11
   Compiling tinyvec v1.9.0
   Compiling const-oid v0.9.6
   Compiling scopeguard v1.2.0
   Compiling bitflags v2.9.1
   Compiling crossbeam-utils v0.8.21
   Compiling home v0.5.11
   Compiling shlex v1.3.0
   Compiling crc32fast v1.4.2
   Compiling same-file v1.0.6
   Compiling zlib-rs v0.5.1
   Compiling adler2 v2.0.1
   Compiling bytes v1.10.1
   Compiling generic-array v0.14.7
   Compiling walkdir v2.5.0
   Compiling cpufeatures v0.2.17
   Compiling miniz_oxide v0.8.9
   Compiling itoa v1.0.15
   Compiling pkg-config v0.3.32
   Compiling zerocopy v0.8.26
   Compiling lock_api v0.4.13
   Compiling vcpkg v0.2.15
   Compiling heapless v0.8.0
   Compiling byteorder v1.5.0
   Compiling ahash v0.8.12
   Compiling rustix v1.0.7
   Compiling aho-corasick v1.1.3
   Compiling winnow v0.7.11
   Compiling hash32 v0.3.1
   Compiling quote v1.0.40
   Compiling getrandom v0.3.3
   Compiling syn v2.0.104
   Compiling crossbeam-channel v0.5.15
   Compiling linux-raw-sys v0.9.4
   Compiling allocator-api2 v0.2.21
   Compiling unicode-normalization v0.1.24
   Compiling jiff v0.2.15
   Compiling jobserver v0.1.33
   Compiling memmap2 v0.9.5
   Compiling writeable v0.6.1
   Compiling parking_lot v0.12.4
   Compiling cc v1.2.27
   Compiling litemap v0.8.0
   Compiling icu_normalizer_data v2.0.0
   Compiling icu_properties_data v2.0.1
   Compiling getrandom v0.2.16
   Compiling gix-utils v0.3.0
   Compiling prodash v29.0.2
   Compiling crypto-common v0.1.6
   Compiling block-buffer v0.10.4
   Compiling utf8_iter v1.0.4
   Compiling percent-encoding v2.3.1
   Compiling rand_core v0.6.4
   Compiling digest v0.10.7
   Compiling base64ct v1.8.0
   Compiling foldhash v0.1.5
   Compiling form_urlencoded v1.2.1
   Compiling rustix v0.38.44
   Compiling hashbrown v0.15.4
   Compiling serde_json v1.0.140
   Compiling sha1 v0.10.6
   Compiling unicode-bom v2.0.3
   Compiling gix-features v0.42.1
   Compiling pem-rfc7468 v0.7.0
   Compiling linux-raw-sys v0.4.15
   Compiling sha1-checked v0.10.0
   Compiling gix-sec v0.10.12
   Compiling der v0.7.10
   Compiling regex-automata v0.4.9
   Compiling static_assertions v1.1.0
   Compiling ryu v1.0.20
   Compiling kstring v2.0.2
   Compiling hmac v0.12.1
   Compiling shell-words v1.1.0
   Compiling curl v0.4.48
   Compiling openssl-probe v0.1.6
   Compiling equivalent v1.0.2
   Compiling ff v0.13.1
   Compiling indexmap v2.10.0
   Compiling socket2 v0.5.10
   Compiling filetime v0.2.25
   Compiling libz-rs-sys v0.5.1
   Compiling tracing-core v0.1.34
   Compiling base16ct v0.2.0
   Compiling flate2 v1.1.2
   Compiling hashbrown v0.14.5
   Compiling group v0.13.0
   Compiling hkdf v0.12.4
   Compiling crypto-bigint v0.5.5
   Compiling num-traits v0.2.19
   Compiling utf8parse v0.2.2
   Compiling powerfmt v0.2.0
   Compiling pin-project-lite v0.2.16
   Compiling anyhow v1.0.98
   Compiling libz-sys v1.1.22
   Compiling openssl-sys v0.9.109
   Compiling libnghttp2-sys v0.1.11+1.64.0
   Compiling curl-sys v0.4.82+curl-8.14.1
   Compiling spki v0.7.3
   Compiling libssh2-sys v0.3.1
   Compiling libgit2-sys v0.18.2+1.9.1
   Compiling tempfile v3.20.0
   Compiling pkcs8 v0.10.2
   Compiling anstyle v1.0.11
   Compiling typeid v1.0.3
   Compiling sec1 v0.7.3
   Compiling anstyle-parse v0.2.7
   Compiling thiserror v1.0.69
   Compiling num-conv v0.1.0
   Compiling toml_write v0.1.2
   Compiling time-core v0.1.4
   Compiling is_terminal_polyfill v1.70.1
   Compiling anstyle-query v1.1.3
   Compiling colorchoice v1.0.4
   Compiling fnv v1.0.7
   Compiling regex-syntax v0.6.29
   Compiling anstream v0.6.19
   Compiling synstructure v0.13.2
   Compiling elliptic-curve v0.13.8
   Compiling terminal_size v0.4.2
   Compiling libsqlite3-sys v0.32.0
   Compiling rfc6979 v0.4.0
   Compiling signature v2.2.0
   Compiling sha2 v0.10.9
   Compiling crossbeam-epoch v0.9.18
   Compiling strsim v0.11.1
   Compiling base64 v0.22.1
   Compiling semver v1.0.26
   Compiling bstr v1.12.0
   Compiling regex v1.11.1
   Compiling heck v0.5.0
   Compiling minimal-lexical v0.2.1
   Compiling clap_lex v0.7.5
   Compiling clru v0.6.2
   Compiling overload v0.1.1
   Compiling lazy_static v1.5.0
   Compiling gix-utils v0.2.0
   Compiling sharded-slab v0.1.7
   Compiling nu-ansi-term v0.46.0
   Compiling globset v0.4.16
   Compiling regex-automata v0.1.10
   Compiling nom v7.1.3
   Compiling clap_builder v4.5.40
   Compiling thiserror-impl v2.0.12
   Compiling serde_derive v1.0.219
   Compiling zerofrom-derive v0.1.6
   Compiling yoke-derive v0.8.0
   Compiling zerovec-derive v0.11.1
   Compiling displaydoc v0.2.5
   Compiling tracing-attributes v0.1.30
   Compiling thiserror-impl v1.0.69
   Compiling matchers v0.1.0
   Compiling clap_derive v4.5.40
   Compiling maybe-async v0.2.10
   Compiling crossbeam-deque v0.8.6
   Compiling gix-validate v0.10.0
   Compiling gix-date v0.9.4
   Compiling gix-validate v0.9.4
   Compiling zerofrom v0.1.6
   Compiling gix-chunk v0.4.11
   Compiling gix-path v0.10.18
   Compiling yoke v0.8.0
   Compiling gix-actor v0.34.0
   Compiling gix-quote v0.5.0
   Compiling gix-features v0.41.1
   Compiling zerovec v0.11.2
   Compiling zerotrie v0.2.2
   Compiling gix-fs v0.15.0
   Compiling gix-config-value v0.14.12
   Compiling gix-command v0.5.0
   Compiling gix-fs v0.14.0
   Compiling gix-glob v0.19.0
   Compiling gix-tempfile v17.1.0
   Compiling gix-attributes v0.25.0
   Compiling gix-lock v17.1.0
   Compiling gix-prompt v0.10.0
   Compiling tracing v0.1.41
   Compiling gix-bitmap v0.2.14
   Compiling tinystr v0.8.1
   Compiling potential_utf v0.1.2
   Compiling icu_collections v2.0.0
   Compiling gix-pathspec v0.10.0
   Compiling icu_locale_core v2.0.0
   Compiling gix-ignore v0.14.0
   Compiling ordered-float v2.10.1
   Compiling ecdsa v0.16.9
   Compiling primeorder v0.13.6
   Compiling tar v0.4.44
   Compiling tracing-log v0.2.0
   Compiling blake3 v1.8.2
   Compiling ppv-lite86 v0.2.21
   Compiling rand_core v0.9.3
   Compiling bitmaps v2.1.0
   Compiling memoffset v0.9.1
   Compiling im-rc v15.1.0
   Compiling encoding_rs v0.8.35
   Compiling icu_provider v2.0.0
   Compiling thread_local v1.1.9
   Compiling object v0.36.7
   Compiling arc-swap v1.7.1
   Compiling fiat-crypto v0.3.0
   Compiling icu_normalizer v2.0.0
   Compiling icu_properties v2.0.1
   Compiling tracing-subscriber v0.3.19
   Compiling rand_chacha v0.9.0
   Compiling p384 v0.13.1
   Compiling cargo v0.89.0
   Compiling sized-chunks v0.6.5
   Compiling clap v4.5.40
   Compiling ignore v0.4.23
   Compiling color-print-proc-macro v0.3.7
   Compiling idna_adapter v1.2.1
   Compiling idna v1.0.3
   Compiling hashlink v0.10.0
   Compiling rand_xoshiro v0.6.0
   Compiling ed25519-compact v2.1.1
   Compiling url v2.5.4
   Compiling libloading v0.8.8
   Compiling arrayvec v0.7.6
   Compiling constant_time_eq v0.3.1
   Compiling arrayref v0.3.9
   Compiling object v0.37.1
   Compiling fallible-iterator v0.3.0
   Compiling gix-url v0.30.0
   Compiling is_executable v1.0.4
   Compiling unicode-xid v0.2.6
   Compiling cbindgen v0.29.0
   Compiling either v1.15.0
   Compiling ct-codecs v1.1.6
   Compiling gix-credentials v0.28.0
   Compiling shell-escape v0.1.5
   Compiling hex v0.4.3
   Compiling faster-hex v0.9.0
   Compiling faster-hex v0.10.0
   Compiling deranged v0.4.0
   Compiling toml_datetime v0.6.11
   Compiling gix-hash v0.17.0
   Compiling gix-hash v0.18.0
   Compiling serde_spanned v0.6.9
   Compiling toml_edit v0.22.27
   Compiling gix-hashtable v0.8.1
   Compiling gix-object v0.48.0
   Compiling gix-commitgraph v0.27.0
   Compiling gix-packetline v0.18.4
   Compiling time v0.3.41
   Compiling gix-transport v0.46.0
   Compiling gix-shallow v0.3.0
   Compiling gix-packetline-blocking v0.18.3
   Compiling erased-serde v0.4.6
   Compiling serde-value v0.7.0
   Compiling fallible-streaming-iterator v0.1.9
   Compiling unicode-width v0.2.1
   Compiling serde-untagged v0.1.7
   Compiling gix-revwalk v0.19.0
   Compiling gix-ref v0.51.0
   Compiling gix-pack v0.58.0
   Compiling gix-diff v0.51.0
   Compiling gix-traverse v0.45.0
   Compiling gix-revision v0.33.0
   Compiling gix-negotiate v0.19.0
   Compiling gix-filter v0.18.0
   Compiling gix-index v0.39.0
   Compiling gix-refspec v0.29.0
   Compiling toml v0.8.23
   Compiling gix-config v0.44.0
   Compiling gix-discover v0.39.0
   Compiling gix-odb v0.68.0
   Compiling gix-worktree v0.40.0
   Compiling gix-dir v0.13.0
   Compiling gix-submodule v0.18.0
   Compiling gix-protocol v0.49.0
   Compiling cargo-credential v0.4.8
   Compiling cargo-util-schemas v0.8.2
   Compiling orion v0.17.11
   Compiling cargo-credential-libsecret v0.4.14
   Compiling gix v0.71.0
   Compiling annotate-snippets v0.11.5
   Compiling crates-io v0.40.11
   Compiling tracing-chrome v0.7.2
   Compiling pasetors v0.7.6
   Compiling rustfix v0.9.1
   Compiling cargo-util v0.2.21
   Compiling cargo-platform v0.3.0
   Compiling serde_ignored v0.1.12
   Compiling itertools v0.14.0
   Compiling clap_complete v4.5.54
   Compiling color-print v0.3.7
   Compiling rand v0.9.1
   Compiling opener v0.7.2
   Compiling http-auth v0.1.10
   Compiling os_info v3.12.0
   Compiling unicase v2.8.1
   Compiling supports-hyperlinks v3.1.0
   Compiling rustc-hash v2.1.1
   Compiling lazycell v1.3.0
   Compiling glob v0.3.2
   Compiling supports-unicode v3.0.0
   Compiling pathdiff v0.2.3
   Compiling rustc-stable-hash v0.1.2
   Compiling implib v0.3.5
   Compiling git2 v0.20.2
   Compiling git2-curl v0.21.0
   Compiling rusqlite v0.34.0
   Compiling cargo-c v0.10.14+cargo-0.89.0 (/blfs/builds/cargo-c-0.10.14)
    Finished `release` profile [optimized] target(s) in 1m 57s
cargo-c/
cargo-c/usr/
cargo-c/usr/bin/
cargo-c/usr/bin/cargo-cbuild
cargo-c/usr/bin/cargo-cinstall
cargo-c/usr/bin/cargo-ctest
cargo-c/version
cargo-c/depends
cargo-c/make-depends
