--2025-11-16 11:21:58--  https://github.com/Mic92/iana-etc/releases/download/20251114/iana-etc-20251114.tar.gz
Resolving github.com (github.com)... 140.82.113.3
Connecting to github.com (github.com)|140.82.113.3|:443... connected.
HTTP request sent, awaiting response... 302 Found
Location: https://release-assets.githubusercontent.com/github-production-release-asset/84966990/d1bea68a-4f21-4e86-8d09-6815dcacddc1?sp=r&sv=2018-11-09&sr=b&spr=https&se=2025-11-16T12%3A16%3A25Z&rscd=attachment%3B+filename%3Diana-etc-20251114.tar.gz&rsct=application%2Foctet-stream&skoid=96c2d410-5711-43a1-aedd-ab1947aa7ab0&sktid=398a6654-997b-47e9-b12b-9515b896b4de&skt=2025-11-16T11%3A15%3A26Z&ske=2025-11-16T12%3A16%3A25Z&sks=b&skv=2018-11-09&sig=%2B%2BgMLd%2FpF37La3U278NuMfRN6%2B1FZzgCBqNyxMaRLHQ%3D&jwt=eyJ0eXAiOiJKV1QiLCJhbGciOiJIUzI1NiJ9.eyJpc3MiOiJnaXRodWIuY29tIiwiYXVkIjoicmVsZWFzZS1hc3NldHMuZ2l0aHVidXNlcmNvbnRlbnQuY29tIiwia2V5Ijoia2V5MSIsImV4cCI6MTc2MzI5MjQxOCwibmJmIjoxNzYzMjkyMTE4LCJwYXRoIjoicmVsZWFzZWFzc2V0cHJvZHVjdGlvbi5ibG9iLmNvcmUud2luZG93cy5uZXQifQ.l9u5pywn5oot5s5LyfSrOnPyb4YxbOt0Rb8ssc1Y0WU&response-content-disposition=attachment%3B%20filename%3Diana-etc-20251114.tar.gz&response-content-type=application%2Foctet-stream [following]
--2025-11-16 11:21:58--  https://release-assets.githubusercontent.com/github-production-release-asset/84966990/d1bea68a-4f21-4e86-8d09-6815dcacddc1?sp=r&sv=2018-11-09&sr=b&spr=https&se=2025-11-16T12%3A16%3A25Z&rscd=attachment%3B+filename%3Diana-etc-20251114.tar.gz&rsct=application%2Foctet-stream&skoid=96c2d410-5711-43a1-aedd-ab1947aa7ab0&sktid=398a6654-997b-47e9-b12b-9515b896b4de&skt=2025-11-16T11%3A15%3A26Z&ske=2025-11-16T12%3A16%3A25Z&sks=b&skv=2018-11-09&sig=%2B%2BgMLd%2FpF37La3U278NuMfRN6%2B1FZzgCBqNyxMaRLHQ%3D&jwt=eyJ0eXAiOiJKV1QiLCJhbGciOiJIUzI1NiJ9.eyJpc3MiOiJnaXRodWIuY29tIiwiYXVkIjoicmVsZWFzZS1hc3NldHMuZ2l0aHVidXNlcmNvbnRlbnQuY29tIiwia2V5Ijoia2V5MSIsImV4cCI6MTc2MzI5MjQxOCwibmJmIjoxNzYzMjkyMTE4LCJwYXRoIjoicmVsZWFzZWFzc2V0cHJvZHVjdGlvbi5ibG9iLmNvcmUud2luZG93cy5uZXQifQ.l9u5pywn5oot5s5LyfSrOnPyb4YxbOt0Rb8ssc1Y0WU&response-content-disposition=attachment%3B%20filename%3Diana-etc-20251114.tar.gz&response-content-type=application%2Foctet-stream
Resolving release-assets.githubusercontent.com (release-assets.githubusercontent.com)... 185.199.109.133, 185.199.110.133, 185.199.111.133, ...
Connecting to release-assets.githubusercontent.com (release-assets.githubusercontent.com)|185.199.109.133|:443... connected.
HTTP request sent, awaiting response... 200 OK
Length: 607283 (593K) [application/octet-stream]
Saving to: ‘iana-etc-20251114.tar.gz’

     0K .......... .......... .......... .......... ..........  8% 8.58M 0s
    50K .......... .......... .......... .......... .......... 16% 36.7M 0s
   100K .......... .......... .......... .......... .......... 25% 17.6M 0s
   150K .......... .......... .......... .......... .......... 33% 12.1M 0s
   200K .......... .......... .......... .......... .......... 42% 71.1M 0s
   250K .......... .......... .......... .......... .......... 50% 15.4M 0s
   300K .......... .......... .......... .......... .......... 59% 90.9M 0s
   350K .......... .......... .......... .......... .......... 67%  156M 0s
   400K .......... .......... .......... .......... .......... 75% 15.6M 0s
   450K .......... .......... .......... .......... .......... 84%  111M 0s
   500K .......... .......... .......... .......... .......... 92% 97.8M 0s
   550K .......... .......... .......... .......... ...       100%  116M=0.02s

2025-11-16 11:21:58 (25.2 MB/s) - ‘iana-etc-20251114.tar.gz’ saved [607283/607283]

iana-etc-20251114/service-names-port-numbers.xml
iana-etc-20251114/services
iana-etc-20251114/protocol-numbers.xml
iana-etc-20251114/protocols
iana-etc/
iana-etc/etc/
iana-etc/etc/protocols
iana-etc/etc/services
iana-etc/version
iana-etc/depends
iana-etc/make-depends
