--2025-09-16 08:02:39--  https://github.com/pyparsing/pyparsing/releases/download/3.2.4/pyparsing-3.2.4.tar.gz
Resolving github.com (github.com)... 140.82.113.3
Connecting to github.com (github.com)|140.82.113.3|:443... connected.
HTTP request sent, awaiting response... 302 Found
Location: https://release-assets.githubusercontent.com/github-production-release-asset/91262163/5eea2a76-1287-4916-9ce4-de7ad8bbdbbc?sp=r&sv=2018-11-09&sr=b&spr=https&se=2025-09-16T08%3A57%3A39Z&rscd=attachment%3B+filename%3Dpyparsing-3.2.4.tar.gz&rsct=application%2Foctet-stream&skoid=96c2d410-5711-43a1-aedd-ab1947aa7ab0&sktid=398a6654-997b-47e9-b12b-9515b896b4de&skt=2025-09-16T07%3A57%3A32Z&ske=2025-09-16T08%3A57%3A39Z&sks=b&skv=2018-11-09&sig=FL2kgRbeAUhxn3U2kHqc5G5HTAGfS96NuUu9MSsSGo0%3D&jwt=eyJ0eXAiOiJKV1QiLCJhbGciOiJIUzI1NiJ9.eyJpc3MiOiJnaXRodWIuY29tIiwiYXVkIjoicmVsZWFzZS1hc3NldHMuZ2l0aHVidXNlcmNvbnRlbnQuY29tIiwia2V5Ijoia2V5MSIsImV4cCI6MTc1ODAxMDA1OSwibmJmIjoxNzU4MDA5NzU5LCJwYXRoIjoicmVsZWFzZWFzc2V0cHJvZHVjdGlvbi5ibG9iLmNvcmUud2luZG93cy5uZXQifQ.GWhY400Rp8hzvipmO6I1wppk-Wk0vXccFKrJOKOuaPo&response-content-disposition=attachment%3B%20filename%3Dpyparsing-3.2.4.tar.gz&response-content-type=application%2Foctet-stream [following]
--2025-09-16 08:02:39--  https://release-assets.githubusercontent.com/github-production-release-asset/91262163/5eea2a76-1287-4916-9ce4-de7ad8bbdbbc?sp=r&sv=2018-11-09&sr=b&spr=https&se=2025-09-16T08%3A57%3A39Z&rscd=attachment%3B+filename%3Dpyparsing-3.2.4.tar.gz&rsct=application%2Foctet-stream&skoid=96c2d410-5711-43a1-aedd-ab1947aa7ab0&sktid=398a6654-997b-47e9-b12b-9515b896b4de&skt=2025-09-16T07%3A57%3A32Z&ske=2025-09-16T08%3A57%3A39Z&sks=b&skv=2018-11-09&sig=FL2kgRbeAUhxn3U2kHqc5G5HTAGfS96NuUu9MSsSGo0%3D&jwt=eyJ0eXAiOiJKV1QiLCJhbGciOiJIUzI1NiJ9.eyJpc3MiOiJnaXRodWIuY29tIiwiYXVkIjoicmVsZWFzZS1hc3NldHMuZ2l0aHVidXNlcmNvbnRlbnQuY29tIiwia2V5Ijoia2V5MSIsImV4cCI6MTc1ODAxMDA1OSwibmJmIjoxNzU4MDA5NzU5LCJwYXRoIjoicmVsZWFzZWFzc2V0cHJvZHVjdGlvbi5ibG9iLmNvcmUud2luZG93cy5uZXQifQ.GWhY400Rp8hzvipmO6I1wppk-Wk0vXccFKrJOKOuaPo&response-content-disposition=attachment%3B%20filename%3Dpyparsing-3.2.4.tar.gz&response-content-type=application%2Foctet-stream
Resolving release-assets.githubusercontent.com (release-assets.githubusercontent.com)... 185.199.108.133, 185.199.110.133, 185.199.111.133, ...
Connecting to release-assets.githubusercontent.com (release-assets.githubusercontent.com)|185.199.108.133|:443... connected.
HTTP request sent, awaiting response... 200 OK
Length: 1098809 (1.0M) [application/octet-stream]
Saving to: 'pyparsing-3.2.4.tar.gz'

     0K .......... .......... .......... .......... ..........  4% 9.43M 0s
    50K .......... .......... .......... .......... ..........  9% 11.6M 0s
   100K .......... .......... .......... .......... .......... 13% 14.1M 0s
   150K .......... .......... .......... .......... .......... 18% 78.4M 0s
   200K .......... .......... .......... .......... .......... 23% 59.3M 0s
   250K .......... .......... .......... .......... .......... 27% 15.1M 0s
   300K .......... .......... .......... .......... .......... 32% 67.9M 0s
   350K .......... .......... .......... .......... .......... 37% 63.5M 0s
   400K .......... .......... .......... .......... .......... 41% 97.7M 0s
   450K .......... .......... .......... .......... .......... 46%  116M 0s
   500K .......... .......... .......... .......... .......... 51% 38.2M 0s
   550K .......... .......... .......... .......... .......... 55%  116M 0s
   600K .......... .......... .......... .......... .......... 60% 13.6M 0s
   650K .......... .......... .......... .......... .......... 65%  116M 0s
   700K .......... .......... .......... .......... .......... 69%  132M 0s
   750K .......... .......... .......... .......... .......... 74% 84.0M 0s
   800K .......... .......... .......... .......... .......... 79%  116M 0s
   850K .......... .......... .......... .......... .......... 83%  115M 0s
   900K .......... .......... .......... .......... .......... 88%  116M 0s
   950K .......... .......... .......... .......... .......... 93%  115M 0s
  1000K .......... .......... .......... .......... .......... 97%  116M 0s
  1050K .......... .......... ...                             100%  182M=0.03s

2025-09-16 08:02:39 (36.3 MB/s) - 'pyparsing-3.2.4.tar.gz' saved [1098809/1098809]

pyparsing-3.2.4/.coveragerc
pyparsing-3.2.4/.gitignore
pyparsing-3.2.4/.pre-commit-config.yaml
pyparsing-3.2.4/BUILDING.md
pyparsing-3.2.4/CHANGES
pyparsing-3.2.4/CODE_OF_CONDUCT.rst
pyparsing-3.2.4/CONTRIBUTING.md
pyparsing-3.2.4/LICENSE
pyparsing-3.2.4/README.rst
pyparsing-3.2.4/docs/CODE_OF_CONDUCT.rst
pyparsing-3.2.4/docs/CONTRIBUTING.md
pyparsing-3.2.4/docs/HowToUsePyparsing.rst
pyparsing-3.2.4/docs/Makefile
pyparsing-3.2.4/docs/Writing_Doctests.rst
pyparsing-3.2.4/docs/_static/pyparsing.css
pyparsing-3.2.4/docs/_static/pyparsingClassDiagram_1.5.2.jpg
pyparsing-3.2.4/docs/_static/pyparsingClassDiagram_3.0.9.jpg
pyparsing-3.2.4/docs/_static/sql_railroad.html
pyparsing-3.2.4/docs/conf.py
pyparsing-3.2.4/docs/index.rst
pyparsing-3.2.4/docs/make_sphinx_docs.bat
pyparsing-3.2.4/docs/pyparsing.rst
pyparsing-3.2.4/docs/pyparsing_class_diagram.puml
pyparsing-3.2.4/docs/requirements.txt
pyparsing-3.2.4/docs/whats_new_in_3_0_0.rst
pyparsing-3.2.4/docs/whats_new_in_3_1.rst
pyparsing-3.2.4/docs/whats_new_in_3_2.rst
pyparsing-3.2.4/docs/whats_new_in_x_x_template.rst.txt
pyparsing-3.2.4/examples/AcManForm.dfm
pyparsing-3.2.4/examples/LAparser.py
pyparsing-3.2.4/examples/README.md
pyparsing-3.2.4/examples/Setup.ini
pyparsing-3.2.4/examples/SimpleCalc.py
pyparsing-3.2.4/examples/SingleForm.dfm
pyparsing-3.2.4/examples/TAP.py
pyparsing-3.2.4/examples/TAP_diagram.html
pyparsing-3.2.4/examples/__init__.py
pyparsing-3.2.4/examples/adventureEngine.py
pyparsing-3.2.4/examples/adventure_game_parser_diagram.html
pyparsing-3.2.4/examples/antlr_grammar.py
pyparsing-3.2.4/examples/antlr_grammar_diagram.html
pyparsing-3.2.4/examples/antlr_grammar_tests.py
pyparsing-3.2.4/examples/apicheck.py
pyparsing-3.2.4/examples/apicheck_diagram.html
pyparsing-3.2.4/examples/bf.py
pyparsing-3.2.4/examples/bf_diagram.html
pyparsing-3.2.4/examples/bigquery_view_parser.py
pyparsing-3.2.4/examples/booleansearchparser.py
pyparsing-3.2.4/examples/btpyparse.py
pyparsing-3.2.4/examples/builtin_parse_action_demo.py
pyparsing-3.2.4/examples/cLibHeader.py
pyparsing-3.2.4/examples/chemical_formulas.html
pyparsing-3.2.4/examples/chemical_formulas.py
pyparsing-3.2.4/examples/commasep.py
pyparsing-3.2.4/examples/complex_chemical_formulas.py
pyparsing-3.2.4/examples/complex_chemical_formulas_diagram.html
pyparsing-3.2.4/examples/configParse.py
pyparsing-3.2.4/examples/cpp_enum_parser.py
pyparsing-3.2.4/examples/cuneiform_python.py
pyparsing-3.2.4/examples/datetime_parse_actions.py
pyparsing-3.2.4/examples/decaf_parser.py
pyparsing-3.2.4/examples/decaf_parser_diagram.html
pyparsing-3.2.4/examples/delta_time.py
pyparsing-3.2.4/examples/delta_time_diagram.html
pyparsing-3.2.4/examples/dfmparse.py
pyparsing-3.2.4/examples/dhcpd_leases_parser.py
pyparsing-3.2.4/examples/dictExample.py
pyparsing-3.2.4/examples/dictExample2.py
pyparsing-3.2.4/examples/directx_x_file_parser.html
pyparsing-3.2.4/examples/directx_x_file_parser.py
pyparsing-3.2.4/examples/ebnf.py
pyparsing-3.2.4/examples/ebnf_diagram.html
pyparsing-3.2.4/examples/ebnf_number_parser_diagram.html
pyparsing-3.2.4/examples/ebnf_number_words.py
pyparsing-3.2.4/examples/ebnftest.py
pyparsing-3.2.4/examples/email_address_parser.py
pyparsing-3.2.4/examples/eval_arith.py
pyparsing-3.2.4/examples/excel_expr.py
pyparsing-3.2.4/examples/fourFn.py
pyparsing-3.2.4/examples/gen_ctypes.py
pyparsing-3.2.4/examples/getNTPserversNew.py
pyparsing-3.2.4/examples/greeting.py
pyparsing-3.2.4/examples/greetingInGreek.py
pyparsing-3.2.4/examples/greetingInKorean.py
pyparsing-3.2.4/examples/groupUsingListAllMatches.py
pyparsing-3.2.4/examples/hola_mundo.py
pyparsing-3.2.4/examples/html_stripper.py
pyparsing-3.2.4/examples/html_table_parser.py
pyparsing-3.2.4/examples/httpServerLogParser.py
pyparsing-3.2.4/examples/idlParse.py
pyparsing-3.2.4/examples/include_preprocessor.py
pyparsing-3.2.4/examples/indentedGrammarExample.py
pyparsing-3.2.4/examples/indented_block_example.py
pyparsing-3.2.4/examples/infix_math_parser.py
pyparsing-3.2.4/examples/inv_regex.py
pyparsing-3.2.4/examples/javascript_grammar.g
pyparsing-3.2.4/examples/jsonParser.py
pyparsing-3.2.4/examples/left_recursion.py
pyparsing-3.2.4/examples/lineno_example.py
pyparsing-3.2.4/examples/listAllMatches.py
pyparsing-3.2.4/examples/lox_parser.py
pyparsing-3.2.4/examples/lox_parser_diagram.html
pyparsing-3.2.4/examples/lua_parser.py
pyparsing-3.2.4/examples/lua_parser_diagram.html
pyparsing-3.2.4/examples/lucene_grammar.py
pyparsing-3.2.4/examples/lucene_grammar_diagram.html
pyparsing-3.2.4/examples/macro_expander.py
pyparsing-3.2.4/examples/make_diagram.py
pyparsing-3.2.4/examples/matchPreviousDemo.py
pyparsing-3.2.4/examples/mongodb_query_expression.html
pyparsing-3.2.4/examples/mongodb_query_expression.py
pyparsing-3.2.4/examples/mongodb_query_expression_step_0.py
pyparsing-3.2.4/examples/mozilla.ics
pyparsing-3.2.4/examples/mozillaCalendarParser.py
pyparsing-3.2.4/examples/nested.py
pyparsing-3.2.4/examples/nested_markup.py
pyparsing-3.2.4/examples/number_words.py
pyparsing-3.2.4/examples/number_words_diagram.html
pyparsing-3.2.4/examples/numerics.py
pyparsing-3.2.4/examples/oc.py
pyparsing-3.2.4/examples/one_to_ninety_nine.py
pyparsing-3.2.4/examples/parseTabularData.py
pyparsing-3.2.4/examples/parse_python_value.html
pyparsing-3.2.4/examples/parse_python_value.py
pyparsing-3.2.4/examples/parse_results_sum_example.py
pyparsing-3.2.4/examples/partial_gene_match.py
pyparsing-3.2.4/examples/pgn.py
pyparsing-3.2.4/examples/position.py
pyparsing-3.2.4/examples/protobuf_parser.py
pyparsing-3.2.4/examples/pythonGrammarParser.py
pyparsing-3.2.4/examples/railroad_diagram_demo.py
pyparsing-3.2.4/examples/range_check.py
pyparsing-3.2.4/examples/readJson.py
pyparsing-3.2.4/examples/removeLineBreaks.py
pyparsing-3.2.4/examples/roman_numerals.py
pyparsing-3.2.4/examples/roman_numerals_diagram.html
pyparsing-3.2.4/examples/rosettacode.py
pyparsing-3.2.4/examples/rosettacode_diagram.html
pyparsing-3.2.4/examples/scanExamples.py
pyparsing-3.2.4/examples/searchParserAppDemo.py
pyparsing-3.2.4/examples/searchparser.py
pyparsing-3.2.4/examples/select_parser.py
pyparsing-3.2.4/examples/sexpParser.py
pyparsing-3.2.4/examples/shapes.py
pyparsing-3.2.4/examples/simpleArith.py
pyparsing-3.2.4/examples/simpleBool.py
pyparsing-3.2.4/examples/simpleSQL.py
pyparsing-3.2.4/examples/simpleWiki.py
pyparsing-3.2.4/examples/snmp_api.h
pyparsing-3.2.4/examples/sql2dot.py
pyparsing-3.2.4/examples/stackish.py
pyparsing-3.2.4/examples/statemachine/documentSignoffDemo.py
pyparsing-3.2.4/examples/statemachine/documentsignoffstate.pystate
pyparsing-3.2.4/examples/statemachine/libraryBookDemo.py
pyparsing-3.2.4/examples/statemachine/librarybookstate.pystate
pyparsing-3.2.4/examples/statemachine/statemachine.py
pyparsing-3.2.4/examples/statemachine/trafficLightDemo.py
pyparsing-3.2.4/examples/statemachine/trafficlightstate.pystate
pyparsing-3.2.4/examples/statemachine/vending_machine.py
pyparsing-3.2.4/examples/statemachine/video_demo.py
pyparsing-3.2.4/examples/statemachine/videostate.pystate
pyparsing-3.2.4/examples/tag_emitter.py
pyparsing-3.2.4/examples/tag_metadata.py
pyparsing-3.2.4/examples/tag_metadata_diagram.html
pyparsing-3.2.4/examples/test_bibparse.py
pyparsing-3.2.4/examples/unicode_denormalizer.py
pyparsing-3.2.4/examples/urlExtractor.py
pyparsing-3.2.4/examples/urlExtractorNew.py
pyparsing-3.2.4/examples/verilog_parse.py
pyparsing-3.2.4/examples/withAttribute.py
pyparsing-3.2.4/examples/wordsToNum.py
pyparsing-3.2.4/pyparsing/__init__.py
pyparsing-3.2.4/pyparsing/actions.py
pyparsing-3.2.4/pyparsing/common.py
pyparsing-3.2.4/pyparsing/core.py
pyparsing-3.2.4/pyparsing/diagram/__init__.py
pyparsing-3.2.4/pyparsing/exceptions.py
pyparsing-3.2.4/pyparsing/helpers.py
pyparsing-3.2.4/pyparsing/py.typed
pyparsing-3.2.4/pyparsing/results.py
pyparsing-3.2.4/pyparsing/testing.py
pyparsing-3.2.4/pyparsing/tools/__init__.py
pyparsing-3.2.4/pyparsing/tools/cvt_pyparsing_pep8_names.py
pyparsing-3.2.4/pyparsing/unicode.py
pyparsing-3.2.4/pyparsing/util.py
pyparsing-3.2.4/pyproject.toml
pyparsing-3.2.4/readthedocs.yaml
pyparsing-3.2.4/tests/README.md
pyparsing-3.2.4/tests/__init__.py
pyparsing-3.2.4/tests/diag_embed.html
pyparsing-3.2.4/tests/diag_no_embed.html
pyparsing-3.2.4/tests/json_parser_tests.py
pyparsing-3.2.4/tests/karthik.ini
pyparsing-3.2.4/tests/mypy-ignore-cases/forward_methods.py
pyparsing-3.2.4/tests/parsefiletest_input_file.txt
pyparsing-3.2.4/tests/requirements.txt
pyparsing-3.2.4/tests/test_diagram.py
pyparsing-3.2.4/tests/test_examples.py
pyparsing-3.2.4/tests/test_matplotlib_cases.py
pyparsing-3.2.4/tests/test_pep8_converter.py
pyparsing-3.2.4/tests/test_simple_unit.py
pyparsing-3.2.4/tests/test_unit.py
pyparsing-3.2.4/tests/test_util.py
pyparsing-3.2.4/tox.ini
pyparsing-3.2.4/PKG-INFO
* Getting build dependencies for wheel...
Traceback (most recent call last):
  File "/usr/lib/python3.13/site-packages/pyproject_hooks/_in_process/_in_process.py", line 389, in <module>
    main()
    ~~~~^^
  File "/usr/lib/python3.13/site-packages/pyproject_hooks/_in_process/_in_process.py", line 373, in main
    json_out["return_val"] = hook(**hook_input["kwargs"])
                             ~~~~^^^^^^^^^^^^^^^^^^^^^^^^
  File "/usr/lib/python3.13/site-packages/pyproject_hooks/_in_process/_in_process.py", line 143, in get_requires_for_build_wheel
    return hook(config_settings)
  File "/usr/lib/python3.13/site-packages/flit_core/buildapi.py", line 23, in get_requires_for_build_wheel
    info = read_flit_config(pyproj_toml)
  File "/usr/lib/python3.13/site-packages/flit_core/config.py", line 81, in read_flit_config
    return prep_toml_config(d, path)
  File "/usr/lib/python3.13/site-packages/flit_core/config.py", line 108, in prep_toml_config
    loaded_cfg = read_pep621_metadata(d['project'], path)
  File "/usr/lib/python3.13/site-packages/flit_core/config.py", line 529, in read_pep621_metadata
    _check_type(proj, 'license', dict)
    ~~~~~~~~~~~^^^^^^^^^^^^^^^^^^^^^^^
  File "/usr/lib/python3.13/site-packages/flit_core/config.py", line 444, in _check_type
    raise ConfigError(
        "{} field should be {}, not {}".format(field_name, cls, type(d[field_name]))
    )
flit_core.config.ConfigError: license field should be <class 'dict'>, not <class 'str'>

ERROR Backend subprocess exited when trying to invoke get_requires_for_build_wheel
