--2025-09-16 08:52:27--  https://download.gnome.org/sources/xdg-desktop-portal-gnome/49/xdg-desktop-portal-gnome-49.0.tar.xz
Resolving download.gnome.org (download.gnome.org)... 2a02:6ea0:c400::53, 2a02:6ea0:c400::54, 79.127.206.234, ...
Connecting to download.gnome.org (download.gnome.org)|2a02:6ea0:c400::53|:443... connected.
HTTP request sent, awaiting response... 200 OK
Length: 193752 (189K) [application/octet-stream]
Saving to: 'xdg-desktop-portal-gnome-49.0.tar.xz'

     0K .......... .......... .......... .......... .......... 26% 3.92M 0s
    50K .......... .......... .......... .......... .......... 52% 9.06M 0s
   100K .......... .......... .......... .......... .......... 79% 13.7M 0s
   150K .......... .......... .......... .........            100% 29.6M=0.02s

2025-09-16 08:52:27 (8.13 MB/s) - 'xdg-desktop-portal-gnome-49.0.tar.xz' saved [193752/193752]

xdg-desktop-portal-gnome-49.0/
xdg-desktop-portal-gnome-49.0/.gitignore
xdg-desktop-portal-gnome-49.0/.gitlab-ci/
xdg-desktop-portal-gnome-49.0/.gitlab-ci/install-meson-project.sh
xdg-desktop-portal-gnome-49.0/.gitlab-ci.yml
xdg-desktop-portal-gnome-49.0/COPYING
xdg-desktop-portal-gnome-49.0/NEWS
xdg-desktop-portal-gnome-49.0/README.md
xdg-desktop-portal-gnome-49.0/data/
xdg-desktop-portal-gnome-49.0/data/gnome.portal.in
xdg-desktop-portal-gnome-49.0/data/meson.build
xdg-desktop-portal-gnome-49.0/data/org.freedesktop.Accounts.User.xml
xdg-desktop-portal-gnome-49.0/data/org.freedesktop.Accounts.xml
xdg-desktop-portal-gnome-49.0/data/org.freedesktop.impl.portal.desktop.gnome.service.in
xdg-desktop-portal-gnome-49.0/data/org.gnome.GlobalShortcutsProvider.xml
xdg-desktop-portal-gnome-49.0/data/org.gnome.GlobalShortcutsRebind.xml
xdg-desktop-portal-gnome-49.0/data/org.gnome.Mutter.DisplayConfig.xml
xdg-desktop-portal-gnome-49.0/data/org.gnome.Mutter.InputCapture.xml
xdg-desktop-portal-gnome-49.0/data/org.gnome.Mutter.RemoteDesktop.xml
xdg-desktop-portal-gnome-49.0/data/org.gnome.Mutter.ScreenCast.xml
xdg-desktop-portal-gnome-49.0/data/org.gnome.Shell.Introspect.xml
xdg-desktop-portal-gnome-49.0/data/org.gnome.Shell.Screenshot.xml
xdg-desktop-portal-gnome-49.0/data/org.gnome.Shell.xml
xdg-desktop-portal-gnome-49.0/data/org.gtk.Notifications.xml
xdg-desktop-portal-gnome-49.0/data/xdg-desktop-portal-gnome.desktop.in.in
xdg-desktop-portal-gnome-49.0/data/xdg-desktop-portal-gnome.service.in
xdg-desktop-portal-gnome-49.0/demo/
xdg-desktop-portal-gnome-49.0/demo/README.md
xdg-desktop-portal-gnome-49.0/demo/build-and-run.sh
xdg-desktop-portal-gnome-49.0/demo/display-config-mock.py
xdg-desktop-portal-gnome-49.0/demo/follow-xdpg-log.sh
xdg-desktop-portal-gnome-49.0/demo/mock-build-and-run.sh
xdg-desktop-portal-gnome-49.0/logo.png
xdg-desktop-portal-gnome-49.0/meson.build
xdg-desktop-portal-gnome-49.0/meson_options.txt
xdg-desktop-portal-gnome-49.0/po/
xdg-desktop-portal-gnome-49.0/po/LINGUAS
xdg-desktop-portal-gnome-49.0/po/POTFILES.in
xdg-desktop-portal-gnome-49.0/po/ab.po
xdg-desktop-portal-gnome-49.0/po/ar.po
xdg-desktop-portal-gnome-49.0/po/be.po
xdg-desktop-portal-gnome-49.0/po/bg.po
xdg-desktop-portal-gnome-49.0/po/ca.po
xdg-desktop-portal-gnome-49.0/po/cs.po
xdg-desktop-portal-gnome-49.0/po/da.po
xdg-desktop-portal-gnome-49.0/po/de.po
xdg-desktop-portal-gnome-49.0/po/el.po
xdg-desktop-portal-gnome-49.0/po/en_GB.po
xdg-desktop-portal-gnome-49.0/po/eo.po
xdg-desktop-portal-gnome-49.0/po/es.po
xdg-desktop-portal-gnome-49.0/po/eu.po
xdg-desktop-portal-gnome-49.0/po/fa.po
xdg-desktop-portal-gnome-49.0/po/fi.po
xdg-desktop-portal-gnome-49.0/po/fil.po
xdg-desktop-portal-gnome-49.0/po/fr.po
xdg-desktop-portal-gnome-49.0/po/fur.po
xdg-desktop-portal-gnome-49.0/po/gl.po
xdg-desktop-portal-gnome-49.0/po/he.po
xdg-desktop-portal-gnome-49.0/po/hi.po
xdg-desktop-portal-gnome-49.0/po/hr.po
xdg-desktop-portal-gnome-49.0/po/hu.po
xdg-desktop-portal-gnome-49.0/po/ia.po
xdg-desktop-portal-gnome-49.0/po/id.po
xdg-desktop-portal-gnome-49.0/po/ie.po
xdg-desktop-portal-gnome-49.0/po/is.po
xdg-desktop-portal-gnome-49.0/po/it.po
xdg-desktop-portal-gnome-49.0/po/ja.po
xdg-desktop-portal-gnome-49.0/po/ka.po
xdg-desktop-portal-gnome-49.0/po/kab.po
xdg-desktop-portal-gnome-49.0/po/kk.po
xdg-desktop-portal-gnome-49.0/po/ko.po
xdg-desktop-portal-gnome-49.0/po/lt.po
xdg-desktop-portal-gnome-49.0/po/lv.po
xdg-desktop-portal-gnome-49.0/po/meson.build
xdg-desktop-portal-gnome-49.0/po/nb.po
xdg-desktop-portal-gnome-49.0/po/ne.po
xdg-desktop-portal-gnome-49.0/po/nl.po
xdg-desktop-portal-gnome-49.0/po/oc.po
xdg-desktop-portal-gnome-49.0/po/pa.po
xdg-desktop-portal-gnome-49.0/po/pl.po
xdg-desktop-portal-gnome-49.0/po/pt.po
xdg-desktop-portal-gnome-49.0/po/pt_BR.po
xdg-desktop-portal-gnome-49.0/po/ro.po
xdg-desktop-portal-gnome-49.0/po/ru.po
xdg-desktop-portal-gnome-49.0/po/sk.po
xdg-desktop-portal-gnome-49.0/po/sl.po
xdg-desktop-portal-gnome-49.0/po/sr.po
xdg-desktop-portal-gnome-49.0/po/sv.po
xdg-desktop-portal-gnome-49.0/po/th.po
xdg-desktop-portal-gnome-49.0/po/tr.po
xdg-desktop-portal-gnome-49.0/po/uk.po
xdg-desktop-portal-gnome-49.0/po/uz.po
xdg-desktop-portal-gnome-49.0/po/zh_CN.po
xdg-desktop-portal-gnome-49.0/po/zh_TW.po
xdg-desktop-portal-gnome-49.0/src/
xdg-desktop-portal-gnome-49.0/src/access.c
xdg-desktop-portal-gnome-49.0/src/access.h
xdg-desktop-portal-gnome-49.0/src/account.c
xdg-desktop-portal-gnome-49.0/src/account.h
xdg-desktop-portal-gnome-49.0/src/accountdialog.c
xdg-desktop-portal-gnome-49.0/src/accountdialog.css
xdg-desktop-portal-gnome-49.0/src/accountdialog.h
xdg-desktop-portal-gnome-49.0/src/accountdialog.ui
xdg-desktop-portal-gnome-49.0/src/appchooser.c
xdg-desktop-portal-gnome-49.0/src/appchooser.h
xdg-desktop-portal-gnome-49.0/src/appchooserdialog.c
xdg-desktop-portal-gnome-49.0/src/appchooserdialog.h
xdg-desktop-portal-gnome-49.0/src/appchooserdialog.ui
xdg-desktop-portal-gnome-49.0/src/appchooserrow.c
xdg-desktop-portal-gnome-49.0/src/appchooserrow.h
xdg-desktop-portal-gnome-49.0/src/appchooserrow.ui
xdg-desktop-portal-gnome-49.0/src/assets/
xdg-desktop-portal-gnome-49.0/src/assets/gnome-shell-system.svg
xdg-desktop-portal-gnome-49.0/src/assets/gnome-shell-workspace-indicator.svg
xdg-desktop-portal-gnome-49.0/src/background.c
xdg-desktop-portal-gnome-49.0/src/background.h
xdg-desktop-portal-gnome-49.0/src/clipboard.c
xdg-desktop-portal-gnome-49.0/src/clipboard.h
xdg-desktop-portal-gnome-49.0/src/displaystatetracker.c
xdg-desktop-portal-gnome-49.0/src/displaystatetracker.h
xdg-desktop-portal-gnome-49.0/src/dynamic-launcher.c
xdg-desktop-portal-gnome-49.0/src/dynamic-launcher.h
xdg-desktop-portal-gnome-49.0/src/fc-monitor.c
xdg-desktop-portal-gnome-49.0/src/fc-monitor.h
xdg-desktop-portal-gnome-49.0/src/filechooser.c
xdg-desktop-portal-gnome-49.0/src/filechooser.h
xdg-desktop-portal-gnome-49.0/src/globalshortcuts.c
xdg-desktop-portal-gnome-49.0/src/globalshortcuts.h
xdg-desktop-portal-gnome-49.0/src/gnomeinputcapture.c
xdg-desktop-portal-gnome-49.0/src/gnomeinputcapture.h
xdg-desktop-portal-gnome-49.0/src/gnomescreencast.c
xdg-desktop-portal-gnome-49.0/src/gnomescreencast.h
xdg-desktop-portal-gnome-49.0/src/icons/
xdg-desktop-portal-gnome-49.0/src/icons/info-outline-symbolic.svg
xdg-desktop-portal-gnome-49.0/src/inputcapture.c
xdg-desktop-portal-gnome-49.0/src/inputcapture.h
xdg-desktop-portal-gnome-49.0/src/inputcapturedialog.c
xdg-desktop-portal-gnome-49.0/src/inputcapturedialog.h
xdg-desktop-portal-gnome-49.0/src/inputcapturedialog.ui
xdg-desktop-portal-gnome-49.0/src/lockdown.c
xdg-desktop-portal-gnome-49.0/src/lockdown.h
xdg-desktop-portal-gnome-49.0/src/meson.build
xdg-desktop-portal-gnome-49.0/src/notification.c
xdg-desktop-portal-gnome-49.0/src/notification.h
xdg-desktop-portal-gnome-49.0/src/print.c
xdg-desktop-portal-gnome-49.0/src/print.h
xdg-desktop-portal-gnome-49.0/src/remotedesktop.c
xdg-desktop-portal-gnome-49.0/src/remotedesktop.h
xdg-desktop-portal-gnome-49.0/src/remotedesktopdialog.c
xdg-desktop-portal-gnome-49.0/src/remotedesktopdialog.h
xdg-desktop-portal-gnome-49.0/src/remotedesktopdialog.ui
xdg-desktop-portal-gnome-49.0/src/request.c
xdg-desktop-portal-gnome-49.0/src/request.h
xdg-desktop-portal-gnome-49.0/src/screencast.c
xdg-desktop-portal-gnome-49.0/src/screencast.h
xdg-desktop-portal-gnome-49.0/src/screencastdialog.c
xdg-desktop-portal-gnome-49.0/src/screencastdialog.h
xdg-desktop-portal-gnome-49.0/src/screencastdialog.ui
xdg-desktop-portal-gnome-49.0/src/screencastgeometrycontainer.c
xdg-desktop-portal-gnome-49.0/src/screencastgeometrycontainer.h
xdg-desktop-portal-gnome-49.0/src/screencastwidget-dark.css
xdg-desktop-portal-gnome-49.0/src/screencastwidget-light.css
xdg-desktop-portal-gnome-49.0/src/screencastwidget.c
xdg-desktop-portal-gnome-49.0/src/screencastwidget.css
xdg-desktop-portal-gnome-49.0/src/screencastwidget.h
xdg-desktop-portal-gnome-49.0/src/screencastwidget.ui
xdg-desktop-portal-gnome-49.0/src/screenshot.c
xdg-desktop-portal-gnome-49.0/src/screenshot.h
xdg-desktop-portal-gnome-49.0/src/screenshotdialog.c
xdg-desktop-portal-gnome-49.0/src/screenshotdialog.h
xdg-desktop-portal-gnome-49.0/src/screenshotdialog.ui
xdg-desktop-portal-gnome-49.0/src/session.c
xdg-desktop-portal-gnome-49.0/src/session.h
xdg-desktop-portal-gnome-49.0/src/settings.c
xdg-desktop-portal-gnome-49.0/src/settings.h
xdg-desktop-portal-gnome-49.0/src/shellintrospect.c
xdg-desktop-portal-gnome-49.0/src/shellintrospect.h
xdg-desktop-portal-gnome-49.0/src/testappchooser.c
xdg-desktop-portal-gnome-49.0/src/usb.c
xdg-desktop-portal-gnome-49.0/src/usb.h
xdg-desktop-portal-gnome-49.0/src/usbdialog.c
xdg-desktop-portal-gnome-49.0/src/usbdialog.h
xdg-desktop-portal-gnome-49.0/src/usbdialog.ui
xdg-desktop-portal-gnome-49.0/src/utils.c
xdg-desktop-portal-gnome-49.0/src/utils.h
xdg-desktop-portal-gnome-49.0/src/wallpaper.c
xdg-desktop-portal-gnome-49.0/src/wallpaper.h
xdg-desktop-portal-gnome-49.0/src/wallpaperdialog.c
xdg-desktop-portal-gnome-49.0/src/wallpaperdialog.h
xdg-desktop-portal-gnome-49.0/src/wallpaperdialog.ui
xdg-desktop-portal-gnome-49.0/src/wallpaperpreview.c
xdg-desktop-portal-gnome-49.0/src/wallpaperpreview.css
xdg-desktop-portal-gnome-49.0/src/wallpaperpreview.h
xdg-desktop-portal-gnome-49.0/src/wallpaperpreview.ui
xdg-desktop-portal-gnome-49.0/src/xdg-desktop-portal-gnome.c
xdg-desktop-portal-gnome-49.0/src/xdg-desktop-portal-gnome.gresource.xml
xdg-desktop-portal-gnome-49.0/src/xdg-desktop-portal-gnome.gschema.xml
xdg-desktop-portal-gnome-49.0/subprojects/
xdg-desktop-portal-gnome-49.0/subprojects/libadwaita.wrap
xdg-desktop-portal-gnome-49.0/subprojects/libgxdp/
xdg-desktop-portal-gnome-49.0/subprojects/libgxdp/.gitlab-ci/
xdg-desktop-portal-gnome-49.0/subprojects/libgxdp/.gitlab-ci/install-meson-project.sh
xdg-desktop-portal-gnome-49.0/subprojects/libgxdp/.gitlab-ci.yml
xdg-desktop-portal-gnome-49.0/subprojects/libgxdp/README.md
xdg-desktop-portal-gnome-49.0/subprojects/libgxdp/data/
xdg-desktop-portal-gnome-49.0/subprojects/libgxdp/data/mutter-x11-interop.xml
xdg-desktop-portal-gnome-49.0/subprojects/libgxdp/data/org.gnome.Mutter.ServiceChannel.xml
xdg-desktop-portal-gnome-49.0/subprojects/libgxdp/libgxdp.doap
xdg-desktop-portal-gnome-49.0/subprojects/libgxdp/meson.build
xdg-desktop-portal-gnome-49.0/subprojects/libgxdp/meson.options
xdg-desktop-portal-gnome-49.0/subprojects/libgxdp/src/
xdg-desktop-portal-gnome-49.0/subprojects/libgxdp/src/gxdp-config.h.meson
xdg-desktop-portal-gnome-49.0/subprojects/libgxdp/src/gxdp-external-window-wayland.c
xdg-desktop-portal-gnome-49.0/subprojects/libgxdp/src/gxdp-external-window-wayland.h
xdg-desktop-portal-gnome-49.0/subprojects/libgxdp/src/gxdp-external-window-x11.c
xdg-desktop-portal-gnome-49.0/subprojects/libgxdp/src/gxdp-external-window-x11.h
xdg-desktop-portal-gnome-49.0/subprojects/libgxdp/src/gxdp-external-window.c
xdg-desktop-portal-gnome-49.0/subprojects/libgxdp/src/gxdp-external-window.h
xdg-desktop-portal-gnome-49.0/subprojects/libgxdp/src/gxdp-wayland.c
xdg-desktop-portal-gnome-49.0/subprojects/libgxdp/src/gxdp-wayland.h
xdg-desktop-portal-gnome-49.0/subprojects/libgxdp/src/gxdp.c
xdg-desktop-portal-gnome-49.0/subprojects/libgxdp/src/gxdp.h
xdg-desktop-portal-gnome-49.0/subprojects/libgxdp/src/meson.build
xdg-desktop-portal-gnome-49.0/subprojects/libgxdp/tests/
xdg-desktop-portal-gnome-49.0/subprojects/libgxdp/tests/meson.build
xdg-desktop-portal-gnome-49.0/subprojects/libgxdp/tests/test-portal.c
xdg-desktop-portal-gnome-49.0/subprojects/libgxdp/tests/test-stacking.py
xdg-desktop-portal-gnome-49.0/subprojects/libgxdp/tests/test-wayland-client.c
xdg-desktop-portal-gnome-49.0/subprojects/libgxdp/tests/test-x11-client.c
xdg-desktop-portal-gnome-49.0/subprojects/libgxdp.wrap
xdg-desktop-portal-gnome-49.0/xdg-desktop-portal-gnome.doap
The Meson build system
Version: 1.7.0
Source dir: /blfs/builds/xdg-desktop-portal-gnome-49.0
Build dir: /blfs/builds/xdg-desktop-portal-gnome-49.0/build
Build type: native build
Project name: xdg-desktop-portal-gnome
Project version: 49.0
C compiler for the host machine: cc (gcc 15.2.0 "cc (GCC) 15.2.0")
C linker for the host machine: cc ld.bfd 2.45
Host machine cpu family: x86_64
Host machine cpu: x86_64

Executing subproject libgxdp 

libgxdp| Project name: libgxdp
libgxdp| Project version: 48.alpha
libgxdp| C compiler for the host machine: cc (gcc 15.2.0 "cc (GCC) 15.2.0")
libgxdp| C linker for the host machine: cc ld.bfd 2.45
libgxdp| Found pkg-config: YES (/usr/bin/pkg-config) 2.5.1
libgxdp| Run-time dependency gtk4 found: YES 4.20.1
libgxdp| Run-time dependency gtk4-wayland found: YES 4.20.1
libgxdp| Program wayland-scanner found: YES (/usr/bin/wayland-scanner)
libgxdp| Build-time dependency gio-2.0 found: YES 2.84.4
libgxdp| Program /usr/bin/gdbus-codegen found: YES (/usr/bin/gdbus-codegen)
libgxdp| Run-time dependency wayland-client found: YES 1.24.0
libgxdp| Run-time dependency gtk4-x11 found: YES 4.20.1
libgxdp| Run-time dependency x11 found: YES 1.8.12
libgxdp| Configuring gxdp-config.h using configuration
libgxdp| Build targets in project: 4
libgxdp| Subproject libgxdp finished.

Run-time dependency systemd found: YES 257
Configuring gnome.portal using configuration
Configuring org.freedesktop.impl.portal.desktop.gnome.service using configuration
Configuring xdg-desktop-portal-gnome.service using configuration
Configuring xdg-desktop-portal-gnome.desktop.in using configuration
Program msgfmt found: YES (/usr/bin/msgfmt)
Program msginit found: YES (/usr/bin/msginit)
Program msgmerge found: YES (/usr/bin/msgmerge)
Program xgettext found: YES (/usr/bin/xgettext)
Run-time dependency xdg-desktop-portal found: YES 1.20.2
Dependency gio-2.0 found: YES 2.84.4 (cached)
Program /usr/bin/gdbus-codegen found: YES (/usr/bin/gdbus-codegen)
Dependency gio-2.0 found: YES 2.84.4 (cached)
Program /usr/bin/gdbus-codegen found: YES (/usr/bin/gdbus-codegen)
Dependency gio-2.0 found: YES 2.84.4 (cached)
Program /usr/bin/glib-compile-resources found: YES (/usr/bin/glib-compile-resources)
Configuring config.h using configuration
Run-time dependency libadwaita-1 found: YES 1.8.0
Library m found: YES
Run-time dependency fontconfig found: YES 2.16.0
Run-time dependency glib-2.0 found: YES 2.84.4
Run-time dependency gio-unix-2.0 found: YES 2.84.4
Dependency gtk4 found: YES 4.20.1 (cached)
Run-time dependency gtk4-unix-print found: YES 4.20.1
Run-time dependency gsettings-desktop-schemas found: YES 48.0
Run-time dependency gnome-desktop-4 found: YES 44.4
Run-time dependency gnome-bg-4 found: YES 44.4
Dependency libgxdp found: YES 48.alpha (overridden)
Dependency gio-2.0 found: YES 2.84.4 (cached)
Program /usr/bin/glib-compile-schemas found: YES (/usr/bin/glib-compile-schemas)
Build targets in project: 70

xdg-desktop-portal-gnome 49.0

    prefix            : /usr
    datadir           : share
    libdir            : lib
    libexecdir        : libexec
    dbus_service_dir  : share/dbus-1/services

  systemd session service
    systemd-service   : auto
    systemduserunitdir: /usr/lib/systemd/user

  Subprojects
    libgxdp           : YES

  User defined options
    buildtype         : release
    prefix            : /usr

Found ninja-1.13.1 at /usr/bin/ninja
[1/116] Generating subprojects/libgxdp/src/mutter-x11-interop client header with a custom command
[2/116] Generating subprojects/libgxdp/src/mutter-x11-interop source with a custom command
[3/116] Generating src/xdg-desktop-portal-gnome-resources_h with a custom command
[4/116] Building translation po/ab/LC_MESSAGES/xdg-desktop-portal-gnome-ab.mo
[5/116] Building translation po/ar/LC_MESSAGES/xdg-desktop-portal-gnome-ar.mo
[6/116] Building translation po/ca/LC_MESSAGES/xdg-desktop-portal-gnome-ca.mo
[7/116] Building translation po/be/LC_MESSAGES/xdg-desktop-portal-gnome-be.mo
[8/116] Building translation po/bg/LC_MESSAGES/xdg-desktop-portal-gnome-bg.mo
[9/116] Building translation po/cs/LC_MESSAGES/xdg-desktop-portal-gnome-cs.mo
[10/116] Building translation po/da/LC_MESSAGES/xdg-desktop-portal-gnome-da.mo
[11/116] Building translation po/de/LC_MESSAGES/xdg-desktop-portal-gnome-de.mo
[12/116] Building translation po/el/LC_MESSAGES/xdg-desktop-portal-gnome-el.mo
[13/116] Building translation po/en_GB/LC_MESSAGES/xdg-desktop-portal-gnome-en_GB.mo
[14/116] Generating src/xdg-desktop-portal-gnome-resources_c with a custom command
[15/116] Building translation po/eo/LC_MESSAGES/xdg-desktop-portal-gnome-eo.mo
[16/116] Building translation po/es/LC_MESSAGES/xdg-desktop-portal-gnome-es.mo
[17/116] Building translation po/eu/LC_MESSAGES/xdg-desktop-portal-gnome-eu.mo
[18/116] Building translation po/fa/LC_MESSAGES/xdg-desktop-portal-gnome-fa.mo
[19/116] Building translation po/fi/LC_MESSAGES/xdg-desktop-portal-gnome-fi.mo
[20/116] Building translation po/fil/LC_MESSAGES/xdg-desktop-portal-gnome-fil.mo
[21/116] Building translation po/hi/LC_MESSAGES/xdg-desktop-portal-gnome-hi.mo
[22/116] Building translation po/fr/LC_MESSAGES/xdg-desktop-portal-gnome-fr.mo
[23/116] Building translation po/fur/LC_MESSAGES/xdg-desktop-portal-gnome-fur.mo
[24/116] Building translation po/gl/LC_MESSAGES/xdg-desktop-portal-gnome-gl.mo
[25/116] Building translation po/he/LC_MESSAGES/xdg-desktop-portal-gnome-he.mo
[26/116] Building translation po/hr/LC_MESSAGES/xdg-desktop-portal-gnome-hr.mo
[27/116] Building translation po/hu/LC_MESSAGES/xdg-desktop-portal-gnome-hu.mo
[28/116] Building translation po/ia/LC_MESSAGES/xdg-desktop-portal-gnome-ia.mo
[29/116] Building translation po/id/LC_MESSAGES/xdg-desktop-portal-gnome-id.mo
[30/116] Building translation po/ie/LC_MESSAGES/xdg-desktop-portal-gnome-ie.mo
[31/116] Building translation po/is/LC_MESSAGES/xdg-desktop-portal-gnome-is.mo
[32/116] Building translation po/it/LC_MESSAGES/xdg-desktop-portal-gnome-it.mo
[33/116] Building translation po/ja/LC_MESSAGES/xdg-desktop-portal-gnome-ja.mo
[34/116] Building translation po/ka/LC_MESSAGES/xdg-desktop-portal-gnome-ka.mo
[35/116] Building translation po/kab/LC_MESSAGES/xdg-desktop-portal-gnome-kab.mo
[36/116] Building translation po/kk/LC_MESSAGES/xdg-desktop-portal-gnome-kk.mo
[37/116] Building translation po/ko/LC_MESSAGES/xdg-desktop-portal-gnome-ko.mo
[38/116] Building translation po/lt/LC_MESSAGES/xdg-desktop-portal-gnome-lt.mo
[39/116] Building translation po/lv/LC_MESSAGES/xdg-desktop-portal-gnome-lv.mo
[40/116] Building translation po/nb/LC_MESSAGES/xdg-desktop-portal-gnome-nb.mo
[41/116] Building translation po/ne/LC_MESSAGES/xdg-desktop-portal-gnome-ne.mo
[42/116] Building translation po/nl/LC_MESSAGES/xdg-desktop-portal-gnome-nl.mo
[43/116] Building translation po/oc/LC_MESSAGES/xdg-desktop-portal-gnome-oc.mo
[44/116] Building translation po/pa/LC_MESSAGES/xdg-desktop-portal-gnome-pa.mo
[45/116] Building translation po/pl/LC_MESSAGES/xdg-desktop-portal-gnome-pl.mo
[46/116] Building translation po/pt/LC_MESSAGES/xdg-desktop-portal-gnome-pt.mo
[47/116] Building translation po/pt_BR/LC_MESSAGES/xdg-desktop-portal-gnome-pt_BR.mo
[48/116] Building translation po/ro/LC_MESSAGES/xdg-desktop-portal-gnome-ro.mo
[49/116] Building translation po/ru/LC_MESSAGES/xdg-desktop-portal-gnome-ru.mo
[50/116] Building translation po/sk/LC_MESSAGES/xdg-desktop-portal-gnome-sk.mo
[51/116] Building translation po/sl/LC_MESSAGES/xdg-desktop-portal-gnome-sl.mo
[52/116] Building translation po/th/LC_MESSAGES/xdg-desktop-portal-gnome-th.mo
[53/116] Building translation po/sr/LC_MESSAGES/xdg-desktop-portal-gnome-sr.mo
[54/116] Building translation po/tr/LC_MESSAGES/xdg-desktop-portal-gnome-tr.mo
[55/116] Building translation po/sv/LC_MESSAGES/xdg-desktop-portal-gnome-sv.mo
[56/116] Building translation po/uz/LC_MESSAGES/xdg-desktop-portal-gnome-uz.mo
[57/116] Building translation po/zh_CN/LC_MESSAGES/xdg-desktop-portal-gnome-zh_CN.mo
[58/116] Building translation po/uk/LC_MESSAGES/xdg-desktop-portal-gnome-uk.mo
[59/116] Building translation po/zh_TW/LC_MESSAGES/xdg-desktop-portal-gnome-zh_TW.mo
[60/116] Generating gdbus header subprojects/libgxdp/src/gxdp-dbus.h
[61/116] Generating gdbus source subprojects/libgxdp/src/gxdp-dbus.c
[62/116] Generating gdbus header src/xdg-desktop-portal-dbus.h
[63/116] Generating gdbus header src/shell-dbus.h
[64/116] Generating gdbus source src/xdg-desktop-portal-dbus.c
[65/116] Generating gdbus source src/shell-dbus.c
[66/116] Compiling C object src/xdg-desktop-portal-gnome.p/meson-generated_.._.._subprojects_libgxdp_src_mutter-x11-interop-protocol.c.o
[67/116] Merging translations for data/xdg-desktop-portal-gnome.desktop
[68/116] Compiling C object src/xdg-desktop-portal-gnome.p/meson-generated_.._xdg-desktop-portal-gnome-resources.c.o
[69/116] Compiling C object src/xdg-desktop-portal-gnome.p/fc-monitor.c.o
[70/116] Compiling C object src/xdg-desktop-portal-gnome.p/meson-generated_.._.._subprojects_libgxdp_src_gxdp-dbus.c.o
[71/116] Compiling C object src/xdg-desktop-portal-gnome.p/lockdown.c.o
[72/116] Compiling C object src/xdg-desktop-portal-gnome.p/inputcapturedialog.c.o
[73/116] Compiling C object src/xdg-desktop-portal-gnome.p/gnomeinputcapture.c.o
[74/116] Compiling C object src/xdg-desktop-portal-gnome.p/globalshortcuts.c.o
[75/116] Compiling C object src/xdg-desktop-portal-gnome.p/dynamic-launcher.c.o
../src/dynamic-launcher.c: In function 'handle_prepare_install':
../src/dynamic-launcher.c:255:3: warning: 'gtk_dialog_new_with_buttons' is deprecated [-Wdeprecated-declarations]
  255 |   dialog = GTK_WINDOW (gtk_dialog_new_with_buttons (title,
      |   ^~~~~~
In file included from /usr/include/gtk-4.0/gtk/deprecated/gtkappchooserdialog.h:31,
                 from /usr/include/gtk-4.0/gtk/gtk.h:43,
                 from ../src/dynamic-launcher.c:27:
/usr/include/gtk-4.0/gtk/deprecated/gtkdialog.h:137:12: note: declared here
  137 | GtkWidget* gtk_dialog_new_with_buttons (const char      *title,
      |            ^~~~~~~~~~~~~~~~~~~~~~~~~~~
../src/dynamic-launcher.c:264:3: warning: 'gtk_dialog_get_content_area' is deprecated [-Wdeprecated-declarations]
  264 |   content_area = gtk_dialog_get_content_area (GTK_DIALOG (dialog));
      |   ^~~~~~~~~~~~
/usr/include/gtk-4.0/gtk/deprecated/gtkdialog.h:176:13: note: declared here
  176 | GtkWidget * gtk_dialog_get_content_area (GtkDialog *dialog);
      |             ^~~~~~~~~~~~~~~~~~~~~~~~~~~
../src/dynamic-launcher.c:290:3: warning: 'gtk_image_set_from_pixbuf' is deprecated: Use 'gtk_image_set_from_paintable' instead [-Wdeprecated-declarations]
  290 |   gtk_image_set_from_pixbuf (GTK_IMAGE (image), pixbuf);
      |   ^~~~~~~~~~~~~~~~~~~~~~~~~
In file included from /usr/include/gtk-4.0/gtk/gtkentry.h:40,
                 from /usr/include/gtk-4.0/gtk/deprecated/gtktreeview.h:27,
                 from /usr/include/gtk-4.0/gtk/deprecated/gtkcombobox.h:26,
                 from /usr/include/gtk-4.0/gtk/gtk.h:94:
/usr/include/gtk-4.0/gtk/gtkimage.h:95:6: note: declared here
   95 | void gtk_image_set_from_pixbuf    (GtkImage        *image,
      |      ^~~~~~~~~~~~~~~~~~~~~~~~~
../src/dynamic-launcher.c:315:3: warning: 'gtk_dialog_set_default_response' is deprecated [-Wdeprecated-declarations]
  315 |   gtk_dialog_set_default_response (GTK_DIALOG (dialog), GTK_RESPONSE_OK);
      |   ^~~~~~~~~~~~~~~~~~~~~~~~~~~~~~~
/usr/include/gtk-4.0/gtk/deprecated/gtkdialog.h:161:6: note: declared here
  161 | void gtk_dialog_set_default_response   (GtkDialog *dialog,
      |      ^~~~~~~~~~~~~~~~~~~~~~~~~~~~~~~
[76/116] Compiling C object src/xdg-desktop-portal-gnome.p/accountdialog.c.o
../src/accountdialog.c: In function 'file_chooser_response':
../src/accountdialog.c:128:3: warning: 'gtk_file_chooser_get_file' is deprecated [-Wdeprecated-declarations]
  128 |   file = gtk_file_chooser_get_file (GTK_FILE_CHOOSER (widget));
      |   ^~~~
In file included from /usr/include/gtk-4.0/gtk/gtk.h:130,
                 from /usr/include/libadwaita-1/adwaita.h:9,
                 from ../src/accountdialog.c:5:
/usr/include/gtk-4.0/gtk/deprecated/gtkfilechooser.h:123:22: note: declared here
  123 | GFile *              gtk_file_chooser_get_file            (GtkFileChooser       *chooser);
      |                      ^~~~~~~~~~~~~~~~~~~~~~~~~
../src/accountdialog.c: In function 'image_button_clicked':
../src/accountdialog.c:159:3: warning: 'gtk_file_chooser_dialog_new' is deprecated [-Wdeprecated-declarations]
  159 |   chooser = gtk_file_chooser_dialog_new (_("Select an Image"),
      |   ^~~~~~~
In file included from /usr/include/gtk-4.0/gtk/gtk.h:131:
/usr/include/gtk-4.0/gtk/deprecated/gtkfilechooserdialog.h:39:12: note: declared here
   39 | GtkWidget *gtk_file_chooser_dialog_new              (const char           *title,
      |            ^~~~~~~~~~~~~~~~~~~~~~~~~~~
../src/accountdialog.c:168:3: warning: 'gtk_dialog_set_default_response' is deprecated [-Wdeprecated-declarations]
  168 |   gtk_dialog_set_default_response (GTK_DIALOG (chooser), GTK_RESPONSE_OK);
      |   ^~~~~~~~~~~~~~~~~~~~~~~~~~~~~~~
In file included from /usr/include/gtk-4.0/gtk/deprecated/gtkappchooserdialog.h:31,
                 from /usr/include/gtk-4.0/gtk/gtk.h:43:
/usr/include/gtk-4.0/gtk/deprecated/gtkdialog.h:161:6: note: declared here
  161 | void gtk_dialog_set_default_response   (GtkDialog *dialog,
      |      ^~~~~~~~~~~~~~~~~~~~~~~~~~~~~~~
../src/accountdialog.c:172:3: warning: 'gtk_file_filter_add_pixbuf_formats' is deprecated [-Wdeprecated-declarations]
  172 |   gtk_file_filter_add_pixbuf_formats (filter);
      |   ^~~~~~~~~~~~~~~~~~~~~~~~~~~~~~~~~~
In file included from /usr/include/gtk-4.0/gtk/deprecated/gtkfilechooser.h:25:
/usr/include/gtk-4.0/gtk/gtkfilefilter.h:60:17: note: declared here
   60 | void            gtk_file_filter_add_pixbuf_formats (GtkFileFilter *filter);
      |                 ^~~~~~~~~~~~~~~~~~~~~~~~~~~~~~~~~~
../src/accountdialog.c:173:3: warning: 'gtk_file_chooser_add_filter' is deprecated [-Wdeprecated-declarations]
  173 |   gtk_file_chooser_add_filter (GTK_FILE_CHOOSER (chooser), filter);
      |   ^~~~~~~~~~~~~~~~~~~~~~~~~~~
/usr/include/gtk-4.0/gtk/deprecated/gtkfilechooser.h:140:22: note: declared here
  140 | void                 gtk_file_chooser_add_filter          (GtkFileChooser       *chooser,
      |                      ^~~~~~~~~~~~~~~~~~~~~~~~~~~
[77/116] Compiling C object src/xdg-desktop-portal-gnome.p/filechooser.c.o
[78/116] Compiling C object src/xdg-desktop-portal-gnome.p/appchooser.c.o
[79/116] Compiling C object src/xdg-desktop-portal-gnome.p/access.c.o
../src/access.c: In function 'create_access_dialog':
../src/access.c:213:3: warning: 'adw_message_dialog_new' is deprecated: Use 'adw_alert_dialog_new' instead [-Wdeprecated-declarations]
  213 |   dialog = adw_message_dialog_new (GTK_WINDOW (fake_parent), title, subtitle);
      |   ^~~~~~
In file included from /usr/include/libadwaita-1/adwaita.h:63,
                 from ../src/access.c:5:
/usr/include/libadwaita-1/adw-message-dialog.h:40:12: note: declared here
   40 | GtkWidget *adw_message_dialog_new (GtkWindow  *parent,
      |            ^~~~~~~~~~~~~~~~~~~~~~
../src/access.c:218:3: warning: 'adw_message_dialog_add_responses' is deprecated: Use 'adw_alert_dialog_add_responses' instead [-Wdeprecated-declarations]
  218 |   adw_message_dialog_add_responses (ADW_MESSAGE_DIALOG (dialog),
      |   ^~~~~~~~~~~~~~~~~~~~~~~~~~~~~~~~
/usr/include/libadwaita-1/adw-message-dialog.h:104:6: note: declared here
  104 | void adw_message_dialog_add_responses (AdwMessageDialog *self,
      |      ^~~~~~~~~~~~~~~~~~~~~~~~~~~~~~~~
../src/access.c:223:3: warning: 'adw_message_dialog_set_default_response' is deprecated: Use 'adw_alert_dialog_set_default_response' instead [-Wdeprecated-declarations]
  223 |   adw_message_dialog_set_default_response (ADW_MESSAGE_DIALOG (dialog), "deny");
      |   ^~~~~~~~~~~~~~~~~~~~~~~~~~~~~~~~~~~~~~~
/usr/include/libadwaita-1/adw-message-dialog.h:135:13: note: declared here
  135 | void        adw_message_dialog_set_default_response (AdwMessageDialog *self,
      |             ^~~~~~~~~~~~~~~~~~~~~~~~~~~~~~~~~~~~~~~
../src/access.c:226:3: warning: 'adw_message_dialog_set_extra_child' is deprecated: Use 'adw_alert_dialog_set_extra_child' instead [-Wdeprecated-declarations]
  226 |   adw_message_dialog_set_extra_child (ADW_MESSAGE_DIALOG (dialog), extra);
      |   ^~~~~~~~~~~~~~~~~~~~~~~~~~~~~~~~~~
/usr/include/libadwaita-1/adw-message-dialog.h:91:12: note: declared here
   91 | void       adw_message_dialog_set_extra_child (AdwMessageDialog *self,
      |            ^~~~~~~~~~~~~~~~~~~~~~~~~~~~~~~~~~
[80/116] Compiling C object src/xdg-desktop-portal-gnome.p/displaystatetracker.c.o
[81/116] Compiling C object src/xdg-desktop-portal-gnome.p/clipboard.c.o
../src/clipboard.c: In function 'handle_selection_write':
../src/clipboard.c:262:3: warning: 'out_fd_id' may be used uninitialized [-Wmaybe-uninitialized]
  262 |   xdp_impl_clipboard_complete_selection_write (object,
      |   ^~~~~~~~~~~~~~~~~~~~~~~~~~~~~~~~~~~~~~~~~~~~~~~~~~~~
  263 |                                                invocation,
      |                                                ~~~~~~~~~~~
  264 |                                                out_fd_list,
      |                                                ~~~~~~~~~~~~
  265 |                                                g_variant_new_handle (out_fd_id));
      |                                                ~~~~~~~~~~~~~~~~~~~~~~~~~~~~~~~~~
../src/clipboard.c:214:7: note: 'out_fd_id' was declared here
  214 |   int out_fd_id;
      |       ^~~~~~~~~
[82/116] Compiling C object src/xdg-desktop-portal-gnome.p/background.c.o
[83/116] Compiling C object src/xdg-desktop-portal-gnome.p/inputcapture.c.o
[84/116] Compiling C object src/xdg-desktop-portal-gnome.p/appchooserdialog.c.o
../src/appchooserdialog.c: In function 'show_error_dialog':
../src/appchooserdialog.c:175:3: warning: 'adw_message_dialog_new' is deprecated: Use 'adw_alert_dialog_new' instead [-Wdeprecated-declarations]
  175 |   message_dialog = adw_message_dialog_new (parent, primary, secondary);
      |   ^~~~~~~~~~~~~~
In file included from /usr/include/libadwaita-1/adwaita.h:63,
                 from ../src/appchooserdialog.c:27:
/usr/include/libadwaita-1/adw-message-dialog.h:40:12: note: declared here
   40 | GtkWidget *adw_message_dialog_new (GtkWindow  *parent,
      |            ^~~~~~~~~~~~~~~~~~~~~~
../src/appchooserdialog.c:176:3: warning: 'adw_message_dialog_add_response' is deprecated: Use 'adw_alert_dialog_add_response' instead [-Wdeprecated-declarations]
  176 |   adw_message_dialog_add_response (ADW_MESSAGE_DIALOG (message_dialog), "ok", _("_OK"));
      |   ^~~~~~~~~~~~~~~~~~~~~~~~~~~~~~~
/usr/include/libadwaita-1/adw-message-dialog.h:95:6: note: declared here
   95 | void adw_message_dialog_add_response (AdwMessageDialog *self,
      |      ^~~~~~~~~~~~~~~~~~~~~~~~~~~~~~~
../src/appchooserdialog.c:177:3: warning: 'adw_message_dialog_set_default_response' is deprecated: Use 'adw_alert_dialog_set_default_response' instead [-Wdeprecated-declarations]
  177 |   adw_message_dialog_set_default_response (ADW_MESSAGE_DIALOG (message_dialog), "ok");
      |   ^~~~~~~~~~~~~~~~~~~~~~~~~~~~~~~~~~~~~~~
/usr/include/libadwaita-1/adw-message-dialog.h:135:13: note: declared here
  135 | void        adw_message_dialog_set_default_response (AdwMessageDialog *self,
      |             ^~~~~~~~~~~~~~~~~~~~~~~~~~~~~~~~~~~~~~~
[85/116] Compiling C object src/xdg-desktop-portal-gnome.p/appchooserrow.c.o
[86/116] Compiling C object src/xdg-desktop-portal-gnome.p/request.c.o
[87/116] Compiling C object src/xdg-desktop-portal-gnome.p/gnomescreencast.c.o
[88/116] Compiling C object src/xdg-desktop-portal-gnome.p/session.c.o
[89/116] Compiling C object src/xdg-desktop-portal-gnome.p/account.c.o
[90/116] Compiling C object src/xdg-desktop-portal-gnome.p/notification.c.o
[91/116] Compiling C object src/xdg-desktop-portal-gnome.p/utils.c.o
[92/116] Compiling C object src/xdg-desktop-portal-gnome.p/shellintrospect.c.o
[93/116] Compiling C object src/xdg-desktop-portal-gnome.p/remotedesktopdialog.c.o
[94/116] Compiling C object src/xdg-desktop-portal-gnome.p/remotedesktop.c.o
[95/116] Compiling C object src/xdg-desktop-portal-gnome.p/print.c.o
../src/print.c: In function 'handle_prepare_print':
../src/print.c:727:7: warning: 'gtk_dialog_get_widget_for_response' is deprecated [-Wdeprecated-declarations]
  727 |       GtkWidget *button = gtk_dialog_get_widget_for_response (GTK_DIALOG (dialog), GTK_RESPONSE_OK);
      |       ^~~~~~~~~
In file included from /usr/include/gtk-4.0/gtk/deprecated/gtkappchooserdialog.h:31,
                 from /usr/include/gtk-4.0/gtk/gtk.h:43,
                 from ../src/print.c:28:
/usr/include/gtk-4.0/gtk/deprecated/gtkdialog.h:164:12: note: declared here
  164 | GtkWidget* gtk_dialog_get_widget_for_response (GtkDialog *dialog,
      |            ^~~~~~~~~~~~~~~~~~~~~~~~~~~~~~~~~~
[96/116] Compiling C object src/xdg-desktop-portal-gnome.p/screencastgeometrycontainer.c.o
[97/116] Compiling C object src/xdg-desktop-portal-gnome.p/screencastdialog.c.o
[98/116] Compiling C object src/xdg-desktop-portal-gnome.p/usb.c.o
[99/116] Compiling C object src/xdg-desktop-portal-gnome.p/usbdialog.c.o
[100/116] Compiling C object src/xdg-desktop-portal-gnome.p/screenshot.c.o
[101/116] Compiling C object src/xdg-desktop-portal-gnome.p/screenshotdialog.c.o
[102/116] Compiling C object src/xdg-desktop-portal-gnome.p/wallpaperpreview.c.o
../src/wallpaperpreview.c: In function 'draw_preview_func':
../src/wallpaperpreview.c:85:3: warning: 'gdk_cairo_set_source_pixbuf' is deprecated [-Wdeprecated-declarations]
   85 |   gdk_cairo_set_source_pixbuf (cr, pixbuf, 0, 0);
      |   ^~~~~~~~~~~~~~~~~~~~~~~~~~~
In file included from /usr/include/gtk-4.0/gdk/gdk.h:30,
                 from /usr/include/gtk-4.0/gtk/gtk.h:30,
                 from ../src/wallpaperpreview.c:30:
/usr/include/gtk-4.0/gdk/gdkcairo.h:34:12: note: declared here
   34 | void       gdk_cairo_set_source_pixbuf  (cairo_t              *cr,
      |            ^~~~~~~~~~~~~~~~~~~~~~~~~~~
[103/116] Compiling C object src/xdg-desktop-portal-gnome.p/.._subprojects_libgxdp_src_gxdp.c.o
[104/116] Compiling C object src/xdg-desktop-portal-gnome.p/screencastwidget.c.o
[105/116] Compiling C object src/xdg-desktop-portal-gnome.p/settings.c.o
[106/116] Compiling C object src/xdg-desktop-portal-gnome.p/wallpaperdialog.c.o
[107/116] Compiling C object src/xdg-desktop-portal-gnome.p/.._subprojects_libgxdp_src_gxdp-external-window-wayland.c.o
[108/116] Compiling C object src/xdg-desktop-portal-gnome.p/.._subprojects_libgxdp_src_gxdp-wayland.c.o
[109/116] Compiling C object src/xdg-desktop-portal-gnome.p/xdg-desktop-portal-gnome.c.o
[110/116] Compiling C object src/xdg-desktop-portal-gnome.p/wallpaper.c.o
[111/116] Compiling C object src/xdg-desktop-portal-gnome.p/screencast.c.o
../src/screencast.c: In function 'serialize_screen_cast_streams_as_restore_data':
../src/screencast.c:155:7: warning: 'stream_variant' may be used uninitialized [-Wmaybe-uninitialized]
  155 |       g_variant_builder_add (impl_builder,
      |       ^~~~~~~~~~~~~~~~~~~~~~~~~~~~~~~~~~~~
  156 |                              "(uuv)",
      |                              ~~~~~~~~
  157 |                              info->id,
      |                              ~~~~~~~~~
  158 |                              info->type,
      |                              ~~~~~~~~~~~
  159 |                              stream_variant);
      |                              ~~~~~~~~~~~~~~~
../src/screencast.c:127:17: note: 'stream_variant' was declared here
  127 |       GVariant *stream_variant;
      |                 ^~~~~~~~~~~~~~
[112/116] Compiling C object src/xdg-desktop-portal-gnome.p/.._subprojects_libgxdp_src_gxdp-external-window.c.o
[113/116] Compiling C object src/xdg-desktop-portal-gnome.p/.._subprojects_libgxdp_src_gxdp-external-window-x11.c.o
../subprojects/libgxdp/src/gxdp-external-window-x11.c: In function 'gxdp_external_window_x11_set_parent_of':
../subprojects/libgxdp/src/gxdp-external-window-x11.c:90:3: warning: 'gdk_x11_display_get_xdisplay' is deprecated [-Wdeprecated-declarations]
   90 |   xdisplay = gdk_x11_display_get_xdisplay (display);
      |   ^~~~~~~~
In file included from /usr/include/gtk-4.0/gdk/x11/gdkx.h:39,
                 from ../subprojects/libgxdp/src/gxdp-external-window-x11.c:26:
/usr/include/gtk-4.0/gdk/x11/gdkx11display.h:60:15: note: declared here
   60 | Display *     gdk_x11_display_get_xdisplay     (GdkDisplay  *display);
      |               ^~~~~~~~~~~~~~~~~~~~~~~~~~~~
../subprojects/libgxdp/src/gxdp-external-window-x11.c:93:25: warning: 'gdk_x11_surface_get_xid' is deprecated [-Wdeprecated-declarations]
   93 |                         GDK_SURFACE_XID (surface),
      |                         ^~~~~~~~~~~~~~~
In file included from /usr/include/gtk-4.0/gdk/x11/gdkx.h:47:
/usr/include/gtk-4.0/gdk/x11/gdkx11surface.h:56:10: note: declared here
   56 | Window   gdk_x11_surface_get_xid           (GdkSurface   *surface);
      |          ^~~~~~~~~~~~~~~~~~~~~~~
../subprojects/libgxdp/src/gxdp-external-window-x11.c:97:5: warning: 'gdk_x11_get_xatom_by_name_for_display' is deprecated [-Wdeprecated-declarations]
   97 |     gdk_x11_get_xatom_by_name_for_display (display, "_NET_WM_WINDOW_TYPE"),
      |     ^~~~~~~~~~~~~~~~~~~~~~~~~~~~~~~~~~~~~
In file included from /usr/include/gtk-4.0/gdk/x11/gdkx.h:43:
/usr/include/gtk-4.0/gdk/x11/gdkx11property.h:39:23: note: declared here
   39 | Atom                  gdk_x11_get_xatom_by_name_for_display (GdkDisplay  *display,
      |                       ^~~~~~~~~~~~~~~~~~~~~~~~~~~~~~~~~~~~~
../subprojects/libgxdp/src/gxdp-external-window-x11.c:99:5: warning: 'gdk_x11_get_xatom_by_name_for_display' is deprecated [-Wdeprecated-declarations]
   99 |     gdk_x11_get_xatom_by_name_for_display (display, "_NET_WM_WINDOW_TYPE_DIALOG");
      |     ^~~~~~~~~~~~~~~~~~~~~~~~~~~~~~~~~~~~~
/usr/include/gtk-4.0/gdk/x11/gdkx11property.h:39:23: note: declared here
   39 | Atom                  gdk_x11_get_xatom_by_name_for_display (GdkDisplay  *display,
      |                       ^~~~~~~~~~~~~~~~~~~~~~~~~~~~~~~~~~~~~
../subprojects/libgxdp/src/gxdp-external-window-x11.c:101:20: warning: 'gdk_x11_surface_get_xid' is deprecated [-Wdeprecated-declarations]
  101 |                    GDK_SURFACE_XID (surface),
      |                    ^~~~~~~~~~~~~~~
/usr/include/gtk-4.0/gdk/x11/gdkx11surface.h:56:10: note: declared here
   56 | Window   gdk_x11_surface_get_xid           (GdkSurface   *surface);
      |          ^~~~~~~~~~~~~~~~~~~~~~~
[114/116] Compiling C object src/xdg-desktop-portal-gnome.p/meson-generated_.._shell-dbus.c.o
[115/116] Compiling C object src/xdg-desktop-portal-gnome.p/meson-generated_.._xdg-desktop-portal-dbus.c.o
[116/116] Linking target src/xdg-desktop-portal-gnome
[0/1] Installing files
Installing data/xdg-desktop-portal-gnome.desktop to /pkgs/xdg-desktop-portal-gnome/usr/share/applications
Installing po/ab/LC_MESSAGES/xdg-desktop-portal-gnome.mo to /pkgs/xdg-desktop-portal-gnome/usr/share/locale/ab/LC_MESSAGES
Installing po/ar/LC_MESSAGES/xdg-desktop-portal-gnome.mo to /pkgs/xdg-desktop-portal-gnome/usr/share/locale/ar/LC_MESSAGES
Installing po/be/LC_MESSAGES/xdg-desktop-portal-gnome.mo to /pkgs/xdg-desktop-portal-gnome/usr/share/locale/be/LC_MESSAGES
Installing po/bg/LC_MESSAGES/xdg-desktop-portal-gnome.mo to /pkgs/xdg-desktop-portal-gnome/usr/share/locale/bg/LC_MESSAGES
Installing po/ca/LC_MESSAGES/xdg-desktop-portal-gnome.mo to /pkgs/xdg-desktop-portal-gnome/usr/share/locale/ca/LC_MESSAGES
Installing po/cs/LC_MESSAGES/xdg-desktop-portal-gnome.mo to /pkgs/xdg-desktop-portal-gnome/usr/share/locale/cs/LC_MESSAGES
Installing po/da/LC_MESSAGES/xdg-desktop-portal-gnome.mo to /pkgs/xdg-desktop-portal-gnome/usr/share/locale/da/LC_MESSAGES
Installing po/de/LC_MESSAGES/xdg-desktop-portal-gnome.mo to /pkgs/xdg-desktop-portal-gnome/usr/share/locale/de/LC_MESSAGES
Installing po/el/LC_MESSAGES/xdg-desktop-portal-gnome.mo to /pkgs/xdg-desktop-portal-gnome/usr/share/locale/el/LC_MESSAGES
Installing po/en_GB/LC_MESSAGES/xdg-desktop-portal-gnome.mo to /pkgs/xdg-desktop-portal-gnome/usr/share/locale/en_GB/LC_MESSAGES
Installing po/eo/LC_MESSAGES/xdg-desktop-portal-gnome.mo to /pkgs/xdg-desktop-portal-gnome/usr/share/locale/eo/LC_MESSAGES
Installing po/es/LC_MESSAGES/xdg-desktop-portal-gnome.mo to /pkgs/xdg-desktop-portal-gnome/usr/share/locale/es/LC_MESSAGES
Installing po/eu/LC_MESSAGES/xdg-desktop-portal-gnome.mo to /pkgs/xdg-desktop-portal-gnome/usr/share/locale/eu/LC_MESSAGES
Installing po/fa/LC_MESSAGES/xdg-desktop-portal-gnome.mo to /pkgs/xdg-desktop-portal-gnome/usr/share/locale/fa/LC_MESSAGES
Installing po/fi/LC_MESSAGES/xdg-desktop-portal-gnome.mo to /pkgs/xdg-desktop-portal-gnome/usr/share/locale/fi/LC_MESSAGES
Installing po/fil/LC_MESSAGES/xdg-desktop-portal-gnome.mo to /pkgs/xdg-desktop-portal-gnome/usr/share/locale/fil/LC_MESSAGES
Installing po/fr/LC_MESSAGES/xdg-desktop-portal-gnome.mo to /pkgs/xdg-desktop-portal-gnome/usr/share/locale/fr/LC_MESSAGES
Installing po/fur/LC_MESSAGES/xdg-desktop-portal-gnome.mo to /pkgs/xdg-desktop-portal-gnome/usr/share/locale/fur/LC_MESSAGES
Installing po/gl/LC_MESSAGES/xdg-desktop-portal-gnome.mo to /pkgs/xdg-desktop-portal-gnome/usr/share/locale/gl/LC_MESSAGES
Installing po/he/LC_MESSAGES/xdg-desktop-portal-gnome.mo to /pkgs/xdg-desktop-portal-gnome/usr/share/locale/he/LC_MESSAGES
Installing po/hi/LC_MESSAGES/xdg-desktop-portal-gnome.mo to /pkgs/xdg-desktop-portal-gnome/usr/share/locale/hi/LC_MESSAGES
Installing po/hr/LC_MESSAGES/xdg-desktop-portal-gnome.mo to /pkgs/xdg-desktop-portal-gnome/usr/share/locale/hr/LC_MESSAGES
Installing po/hu/LC_MESSAGES/xdg-desktop-portal-gnome.mo to /pkgs/xdg-desktop-portal-gnome/usr/share/locale/hu/LC_MESSAGES
Installing po/ia/LC_MESSAGES/xdg-desktop-portal-gnome.mo to /pkgs/xdg-desktop-portal-gnome/usr/share/locale/ia/LC_MESSAGES
Installing po/id/LC_MESSAGES/xdg-desktop-portal-gnome.mo to /pkgs/xdg-desktop-portal-gnome/usr/share/locale/id/LC_MESSAGES
Installing po/ie/LC_MESSAGES/xdg-desktop-portal-gnome.mo to /pkgs/xdg-desktop-portal-gnome/usr/share/locale/ie/LC_MESSAGES
Installing po/is/LC_MESSAGES/xdg-desktop-portal-gnome.mo to /pkgs/xdg-desktop-portal-gnome/usr/share/locale/is/LC_MESSAGES
Installing po/it/LC_MESSAGES/xdg-desktop-portal-gnome.mo to /pkgs/xdg-desktop-portal-gnome/usr/share/locale/it/LC_MESSAGES
Installing po/ja/LC_MESSAGES/xdg-desktop-portal-gnome.mo to /pkgs/xdg-desktop-portal-gnome/usr/share/locale/ja/LC_MESSAGES
Installing po/ka/LC_MESSAGES/xdg-desktop-portal-gnome.mo to /pkgs/xdg-desktop-portal-gnome/usr/share/locale/ka/LC_MESSAGES
Installing po/kab/LC_MESSAGES/xdg-desktop-portal-gnome.mo to /pkgs/xdg-desktop-portal-gnome/usr/share/locale/kab/LC_MESSAGES
Installing po/kk/LC_MESSAGES/xdg-desktop-portal-gnome.mo to /pkgs/xdg-desktop-portal-gnome/usr/share/locale/kk/LC_MESSAGES
Installing po/ko/LC_MESSAGES/xdg-desktop-portal-gnome.mo to /pkgs/xdg-desktop-portal-gnome/usr/share/locale/ko/LC_MESSAGES
Installing po/lt/LC_MESSAGES/xdg-desktop-portal-gnome.mo to /pkgs/xdg-desktop-portal-gnome/usr/share/locale/lt/LC_MESSAGES
Installing po/lv/LC_MESSAGES/xdg-desktop-portal-gnome.mo to /pkgs/xdg-desktop-portal-gnome/usr/share/locale/lv/LC_MESSAGES
Installing po/nb/LC_MESSAGES/xdg-desktop-portal-gnome.mo to /pkgs/xdg-desktop-portal-gnome/usr/share/locale/nb/LC_MESSAGES
Installing po/ne/LC_MESSAGES/xdg-desktop-portal-gnome.mo to /pkgs/xdg-desktop-portal-gnome/usr/share/locale/ne/LC_MESSAGES
Installing po/nl/LC_MESSAGES/xdg-desktop-portal-gnome.mo to /pkgs/xdg-desktop-portal-gnome/usr/share/locale/nl/LC_MESSAGES
Installing po/oc/LC_MESSAGES/xdg-desktop-portal-gnome.mo to /pkgs/xdg-desktop-portal-gnome/usr/share/locale/oc/LC_MESSAGES
Installing po/pa/LC_MESSAGES/xdg-desktop-portal-gnome.mo to /pkgs/xdg-desktop-portal-gnome/usr/share/locale/pa/LC_MESSAGES
Installing po/pl/LC_MESSAGES/xdg-desktop-portal-gnome.mo to /pkgs/xdg-desktop-portal-gnome/usr/share/locale/pl/LC_MESSAGES
Installing po/pt/LC_MESSAGES/xdg-desktop-portal-gnome.mo to /pkgs/xdg-desktop-portal-gnome/usr/share/locale/pt/LC_MESSAGES
Installing po/pt_BR/LC_MESSAGES/xdg-desktop-portal-gnome.mo to /pkgs/xdg-desktop-portal-gnome/usr/share/locale/pt_BR/LC_MESSAGES
Installing po/ro/LC_MESSAGES/xdg-desktop-portal-gnome.mo to /pkgs/xdg-desktop-portal-gnome/usr/share/locale/ro/LC_MESSAGES
Installing po/ru/LC_MESSAGES/xdg-desktop-portal-gnome.mo to /pkgs/xdg-desktop-portal-gnome/usr/share/locale/ru/LC_MESSAGES
Installing po/sk/LC_MESSAGES/xdg-desktop-portal-gnome.mo to /pkgs/xdg-desktop-portal-gnome/usr/share/locale/sk/LC_MESSAGES
Installing po/sl/LC_MESSAGES/xdg-desktop-portal-gnome.mo to /pkgs/xdg-desktop-portal-gnome/usr/share/locale/sl/LC_MESSAGES
Installing po/sr/LC_MESSAGES/xdg-desktop-portal-gnome.mo to /pkgs/xdg-desktop-portal-gnome/usr/share/locale/sr/LC_MESSAGES
Installing po/sv/LC_MESSAGES/xdg-desktop-portal-gnome.mo to /pkgs/xdg-desktop-portal-gnome/usr/share/locale/sv/LC_MESSAGES
Installing po/th/LC_MESSAGES/xdg-desktop-portal-gnome.mo to /pkgs/xdg-desktop-portal-gnome/usr/share/locale/th/LC_MESSAGES
Installing po/tr/LC_MESSAGES/xdg-desktop-portal-gnome.mo to /pkgs/xdg-desktop-portal-gnome/usr/share/locale/tr/LC_MESSAGES
Installing po/uk/LC_MESSAGES/xdg-desktop-portal-gnome.mo to /pkgs/xdg-desktop-portal-gnome/usr/share/locale/uk/LC_MESSAGES
Installing po/uz/LC_MESSAGES/xdg-desktop-portal-gnome.mo to /pkgs/xdg-desktop-portal-gnome/usr/share/locale/uz/LC_MESSAGES
Installing po/zh_CN/LC_MESSAGES/xdg-desktop-portal-gnome.mo to /pkgs/xdg-desktop-portal-gnome/usr/share/locale/zh_CN/LC_MESSAGES
Installing po/zh_TW/LC_MESSAGES/xdg-desktop-portal-gnome.mo to /pkgs/xdg-desktop-portal-gnome/usr/share/locale/zh_TW/LC_MESSAGES
Installing src/xdg-desktop-portal-gnome to /pkgs/xdg-desktop-portal-gnome/usr/libexec
Installing /blfs/builds/xdg-desktop-portal-gnome-49.0/build/data/gnome.portal to /pkgs/xdg-desktop-portal-gnome/usr/share/xdg-desktop-portal/portals
Installing /blfs/builds/xdg-desktop-portal-gnome-49.0/build/data/org.freedesktop.impl.portal.desktop.gnome.service to /pkgs/xdg-desktop-portal-gnome/usr/share/dbus-1/services
Installing /blfs/builds/xdg-desktop-portal-gnome-49.0/build/data/xdg-desktop-portal-gnome.service to /pkgs/xdg-desktop-portal-gnome/usr/lib/systemd/user
Installing /blfs/builds/xdg-desktop-portal-gnome-49.0/src/xdg-desktop-portal-gnome.gschema.xml to /pkgs/xdg-desktop-portal-gnome/usr/share/glib-2.0/schemas
Skipping custom install script because DESTDIR is set '/usr/bin/glib-compile-schemas /usr/share/glib-2.0/schemas'
[0/1] Installing files
Installing data/xdg-desktop-portal-gnome.desktop to /usr/share/applications
Installing po/ab/LC_MESSAGES/xdg-desktop-portal-gnome.mo to /usr/share/locale/ab/LC_MESSAGES
Installing po/ar/LC_MESSAGES/xdg-desktop-portal-gnome.mo to /usr/share/locale/ar/LC_MESSAGES
Installing po/be/LC_MESSAGES/xdg-desktop-portal-gnome.mo to /usr/share/locale/be/LC_MESSAGES
Installing po/bg/LC_MESSAGES/xdg-desktop-portal-gnome.mo to /usr/share/locale/bg/LC_MESSAGES
Installing po/ca/LC_MESSAGES/xdg-desktop-portal-gnome.mo to /usr/share/locale/ca/LC_MESSAGES
Installing po/cs/LC_MESSAGES/xdg-desktop-portal-gnome.mo to /usr/share/locale/cs/LC_MESSAGES
Installing po/da/LC_MESSAGES/xdg-desktop-portal-gnome.mo to /usr/share/locale/da/LC_MESSAGES
Installing po/de/LC_MESSAGES/xdg-desktop-portal-gnome.mo to /usr/share/locale/de/LC_MESSAGES
Installing po/el/LC_MESSAGES/xdg-desktop-portal-gnome.mo to /usr/share/locale/el/LC_MESSAGES
Installing po/en_GB/LC_MESSAGES/xdg-desktop-portal-gnome.mo to /usr/share/locale/en_GB/LC_MESSAGES
Installing po/eo/LC_MESSAGES/xdg-desktop-portal-gnome.mo to /usr/share/locale/eo/LC_MESSAGES
Installing po/es/LC_MESSAGES/xdg-desktop-portal-gnome.mo to /usr/share/locale/es/LC_MESSAGES
Installing po/eu/LC_MESSAGES/xdg-desktop-portal-gnome.mo to /usr/share/locale/eu/LC_MESSAGES
Installing po/fa/LC_MESSAGES/xdg-desktop-portal-gnome.mo to /usr/share/locale/fa/LC_MESSAGES
Installing po/fi/LC_MESSAGES/xdg-desktop-portal-gnome.mo to /usr/share/locale/fi/LC_MESSAGES
Installing po/fil/LC_MESSAGES/xdg-desktop-portal-gnome.mo to /usr/share/locale/fil/LC_MESSAGES
Installing po/fr/LC_MESSAGES/xdg-desktop-portal-gnome.mo to /usr/share/locale/fr/LC_MESSAGES
Installing po/fur/LC_MESSAGES/xdg-desktop-portal-gnome.mo to /usr/share/locale/fur/LC_MESSAGES
Installing po/gl/LC_MESSAGES/xdg-desktop-portal-gnome.mo to /usr/share/locale/gl/LC_MESSAGES
Installing po/he/LC_MESSAGES/xdg-desktop-portal-gnome.mo to /usr/share/locale/he/LC_MESSAGES
Installing po/hi/LC_MESSAGES/xdg-desktop-portal-gnome.mo to /usr/share/locale/hi/LC_MESSAGES
Installing po/hr/LC_MESSAGES/xdg-desktop-portal-gnome.mo to /usr/share/locale/hr/LC_MESSAGES
Installing po/hu/LC_MESSAGES/xdg-desktop-portal-gnome.mo to /usr/share/locale/hu/LC_MESSAGES
Installing po/ia/LC_MESSAGES/xdg-desktop-portal-gnome.mo to /usr/share/locale/ia/LC_MESSAGES
Installing po/id/LC_MESSAGES/xdg-desktop-portal-gnome.mo to /usr/share/locale/id/LC_MESSAGES
Installing po/ie/LC_MESSAGES/xdg-desktop-portal-gnome.mo to /usr/share/locale/ie/LC_MESSAGES
Installing po/is/LC_MESSAGES/xdg-desktop-portal-gnome.mo to /usr/share/locale/is/LC_MESSAGES
Installing po/it/LC_MESSAGES/xdg-desktop-portal-gnome.mo to /usr/share/locale/it/LC_MESSAGES
Installing po/ja/LC_MESSAGES/xdg-desktop-portal-gnome.mo to /usr/share/locale/ja/LC_MESSAGES
Installing po/ka/LC_MESSAGES/xdg-desktop-portal-gnome.mo to /usr/share/locale/ka/LC_MESSAGES
Installing po/kab/LC_MESSAGES/xdg-desktop-portal-gnome.mo to /usr/share/locale/kab/LC_MESSAGES
Installing po/kk/LC_MESSAGES/xdg-desktop-portal-gnome.mo to /usr/share/locale/kk/LC_MESSAGES
Installing po/ko/LC_MESSAGES/xdg-desktop-portal-gnome.mo to /usr/share/locale/ko/LC_MESSAGES
Installing po/lt/LC_MESSAGES/xdg-desktop-portal-gnome.mo to /usr/share/locale/lt/LC_MESSAGES
Installing po/lv/LC_MESSAGES/xdg-desktop-portal-gnome.mo to /usr/share/locale/lv/LC_MESSAGES
Installing po/nb/LC_MESSAGES/xdg-desktop-portal-gnome.mo to /usr/share/locale/nb/LC_MESSAGES
Installing po/ne/LC_MESSAGES/xdg-desktop-portal-gnome.mo to /usr/share/locale/ne/LC_MESSAGES
Installing po/nl/LC_MESSAGES/xdg-desktop-portal-gnome.mo to /usr/share/locale/nl/LC_MESSAGES
Installing po/oc/LC_MESSAGES/xdg-desktop-portal-gnome.mo to /usr/share/locale/oc/LC_MESSAGES
Installing po/pa/LC_MESSAGES/xdg-desktop-portal-gnome.mo to /usr/share/locale/pa/LC_MESSAGES
Installing po/pl/LC_MESSAGES/xdg-desktop-portal-gnome.mo to /usr/share/locale/pl/LC_MESSAGES
Installing po/pt/LC_MESSAGES/xdg-desktop-portal-gnome.mo to /usr/share/locale/pt/LC_MESSAGES
Installing po/pt_BR/LC_MESSAGES/xdg-desktop-portal-gnome.mo to /usr/share/locale/pt_BR/LC_MESSAGES
Installing po/ro/LC_MESSAGES/xdg-desktop-portal-gnome.mo to /usr/share/locale/ro/LC_MESSAGES
Installing po/ru/LC_MESSAGES/xdg-desktop-portal-gnome.mo to /usr/share/locale/ru/LC_MESSAGES
Installing po/sk/LC_MESSAGES/xdg-desktop-portal-gnome.mo to /usr/share/locale/sk/LC_MESSAGES
Installing po/sl/LC_MESSAGES/xdg-desktop-portal-gnome.mo to /usr/share/locale/sl/LC_MESSAGES
Installing po/sr/LC_MESSAGES/xdg-desktop-portal-gnome.mo to /usr/share/locale/sr/LC_MESSAGES
Installing po/sv/LC_MESSAGES/xdg-desktop-portal-gnome.mo to /usr/share/locale/sv/LC_MESSAGES
Installing po/th/LC_MESSAGES/xdg-desktop-portal-gnome.mo to /usr/share/locale/th/LC_MESSAGES
Installing po/tr/LC_MESSAGES/xdg-desktop-portal-gnome.mo to /usr/share/locale/tr/LC_MESSAGES
Installing po/uk/LC_MESSAGES/xdg-desktop-portal-gnome.mo to /usr/share/locale/uk/LC_MESSAGES
Installing po/uz/LC_MESSAGES/xdg-desktop-portal-gnome.mo to /usr/share/locale/uz/LC_MESSAGES
Installing po/zh_CN/LC_MESSAGES/xdg-desktop-portal-gnome.mo to /usr/share/locale/zh_CN/LC_MESSAGES
Installing po/zh_TW/LC_MESSAGES/xdg-desktop-portal-gnome.mo to /usr/share/locale/zh_TW/LC_MESSAGES
Installing src/xdg-desktop-portal-gnome to /usr/libexec
Installing /blfs/builds/xdg-desktop-portal-gnome-49.0/build/data/gnome.portal to /usr/share/xdg-desktop-portal/portals
Installing /blfs/builds/xdg-desktop-portal-gnome-49.0/build/data/org.freedesktop.impl.portal.desktop.gnome.service to /usr/share/dbus-1/services
Installing /blfs/builds/xdg-desktop-portal-gnome-49.0/build/data/xdg-desktop-portal-gnome.service to /usr/lib/systemd/user
Installing /blfs/builds/xdg-desktop-portal-gnome-49.0/src/xdg-desktop-portal-gnome.gschema.xml to /usr/share/glib-2.0/schemas
Running custom install script '/usr/bin/glib-compile-schemas /usr/share/glib-2.0/schemas'
xdg-desktop-portal-gnome/
xdg-desktop-portal-gnome/usr/
xdg-desktop-portal-gnome/usr/share/
xdg-desktop-portal-gnome/usr/share/glib-2.0/
xdg-desktop-portal-gnome/usr/share/glib-2.0/schemas/
xdg-desktop-portal-gnome/usr/share/glib-2.0/schemas/xdg-desktop-portal-gnome.gschema.xml
xdg-desktop-portal-gnome/usr/share/locale/
xdg-desktop-portal-gnome/usr/share/locale/be/
xdg-desktop-portal-gnome/usr/share/locale/be/LC_MESSAGES/
xdg-desktop-portal-gnome/usr/share/locale/be/LC_MESSAGES/xdg-desktop-portal-gnome.mo
xdg-desktop-portal-gnome/usr/share/locale/ca/
xdg-desktop-portal-gnome/usr/share/locale/ca/LC_MESSAGES/
xdg-desktop-portal-gnome/usr/share/locale/ca/LC_MESSAGES/xdg-desktop-portal-gnome.mo
xdg-desktop-portal-gnome/usr/share/locale/eu/
xdg-desktop-portal-gnome/usr/share/locale/eu/LC_MESSAGES/
xdg-desktop-portal-gnome/usr/share/locale/eu/LC_MESSAGES/xdg-desktop-portal-gnome.mo
xdg-desktop-portal-gnome/usr/share/locale/en_GB/
xdg-desktop-portal-gnome/usr/share/locale/en_GB/LC_MESSAGES/
xdg-desktop-portal-gnome/usr/share/locale/en_GB/LC_MESSAGES/xdg-desktop-portal-gnome.mo
xdg-desktop-portal-gnome/usr/share/locale/uk/
xdg-desktop-portal-gnome/usr/share/locale/uk/LC_MESSAGES/
xdg-desktop-portal-gnome/usr/share/locale/uk/LC_MESSAGES/xdg-desktop-portal-gnome.mo
xdg-desktop-portal-gnome/usr/share/locale/it/
xdg-desktop-portal-gnome/usr/share/locale/it/LC_MESSAGES/
xdg-desktop-portal-gnome/usr/share/locale/it/LC_MESSAGES/xdg-desktop-portal-gnome.mo
xdg-desktop-portal-gnome/usr/share/locale/he/
xdg-desktop-portal-gnome/usr/share/locale/he/LC_MESSAGES/
xdg-desktop-portal-gnome/usr/share/locale/he/LC_MESSAGES/xdg-desktop-portal-gnome.mo
xdg-desktop-portal-gnome/usr/share/locale/de/
xdg-desktop-portal-gnome/usr/share/locale/de/LC_MESSAGES/
xdg-desktop-portal-gnome/usr/share/locale/de/LC_MESSAGES/xdg-desktop-portal-gnome.mo
xdg-desktop-portal-gnome/usr/share/locale/pt/
xdg-desktop-portal-gnome/usr/share/locale/pt/LC_MESSAGES/
xdg-desktop-portal-gnome/usr/share/locale/pt/LC_MESSAGES/xdg-desktop-portal-gnome.mo
xdg-desktop-portal-gnome/usr/share/locale/kk/
xdg-desktop-portal-gnome/usr/share/locale/kk/LC_MESSAGES/
xdg-desktop-portal-gnome/usr/share/locale/kk/LC_MESSAGES/xdg-desktop-portal-gnome.mo
xdg-desktop-portal-gnome/usr/share/locale/es/
xdg-desktop-portal-gnome/usr/share/locale/es/LC_MESSAGES/
xdg-desktop-portal-gnome/usr/share/locale/es/LC_MESSAGES/xdg-desktop-portal-gnome.mo
xdg-desktop-portal-gnome/usr/share/locale/fur/
xdg-desktop-portal-gnome/usr/share/locale/fur/LC_MESSAGES/
xdg-desktop-portal-gnome/usr/share/locale/fur/LC_MESSAGES/xdg-desktop-portal-gnome.mo
xdg-desktop-portal-gnome/usr/share/locale/ne/
xdg-desktop-portal-gnome/usr/share/locale/ne/LC_MESSAGES/
xdg-desktop-portal-gnome/usr/share/locale/ne/LC_MESSAGES/xdg-desktop-portal-gnome.mo
xdg-desktop-portal-gnome/usr/share/locale/da/
xdg-desktop-portal-gnome/usr/share/locale/da/LC_MESSAGES/
xdg-desktop-portal-gnome/usr/share/locale/da/LC_MESSAGES/xdg-desktop-portal-gnome.mo
xdg-desktop-portal-gnome/usr/share/locale/zh_CN/
xdg-desktop-portal-gnome/usr/share/locale/zh_CN/LC_MESSAGES/
xdg-desktop-portal-gnome/usr/share/locale/zh_CN/LC_MESSAGES/xdg-desktop-portal-gnome.mo
xdg-desktop-portal-gnome/usr/share/locale/ko/
xdg-desktop-portal-gnome/usr/share/locale/ko/LC_MESSAGES/
xdg-desktop-portal-gnome/usr/share/locale/ko/LC_MESSAGES/xdg-desktop-portal-gnome.mo
xdg-desktop-portal-gnome/usr/share/locale/pa/
xdg-desktop-portal-gnome/usr/share/locale/pa/LC_MESSAGES/
xdg-desktop-portal-gnome/usr/share/locale/pa/LC_MESSAGES/xdg-desktop-portal-gnome.mo
xdg-desktop-portal-gnome/usr/share/locale/kab/
xdg-desktop-portal-gnome/usr/share/locale/kab/LC_MESSAGES/
xdg-desktop-portal-gnome/usr/share/locale/kab/LC_MESSAGES/xdg-desktop-portal-gnome.mo
xdg-desktop-portal-gnome/usr/share/locale/nb/
xdg-desktop-portal-gnome/usr/share/locale/nb/LC_MESSAGES/
xdg-desktop-portal-gnome/usr/share/locale/nb/LC_MESSAGES/xdg-desktop-portal-gnome.mo
xdg-desktop-portal-gnome/usr/share/locale/hr/
xdg-desktop-portal-gnome/usr/share/locale/hr/LC_MESSAGES/
xdg-desktop-portal-gnome/usr/share/locale/hr/LC_MESSAGES/xdg-desktop-portal-gnome.mo
xdg-desktop-portal-gnome/usr/share/locale/sr/
xdg-desktop-portal-gnome/usr/share/locale/sr/LC_MESSAGES/
xdg-desktop-portal-gnome/usr/share/locale/sr/LC_MESSAGES/xdg-desktop-portal-gnome.mo
xdg-desktop-portal-gnome/usr/share/locale/uz/
xdg-desktop-portal-gnome/usr/share/locale/uz/LC_MESSAGES/
xdg-desktop-portal-gnome/usr/share/locale/uz/LC_MESSAGES/xdg-desktop-portal-gnome.mo
xdg-desktop-portal-gnome/usr/share/locale/pt_BR/
xdg-desktop-portal-gnome/usr/share/locale/pt_BR/LC_MESSAGES/
xdg-desktop-portal-gnome/usr/share/locale/pt_BR/LC_MESSAGES/xdg-desktop-portal-gnome.mo
xdg-desktop-portal-gnome/usr/share/locale/fil/
xdg-desktop-portal-gnome/usr/share/locale/fil/LC_MESSAGES/
xdg-desktop-portal-gnome/usr/share/locale/fil/LC_MESSAGES/xdg-desktop-portal-gnome.mo
xdg-desktop-portal-gnome/usr/share/locale/tr/
xdg-desktop-portal-gnome/usr/share/locale/tr/LC_MESSAGES/
xdg-desktop-portal-gnome/usr/share/locale/tr/LC_MESSAGES/xdg-desktop-portal-gnome.mo
xdg-desktop-portal-gnome/usr/share/locale/fa/
xdg-desktop-portal-gnome/usr/share/locale/fa/LC_MESSAGES/
xdg-desktop-portal-gnome/usr/share/locale/fa/LC_MESSAGES/xdg-desktop-portal-gnome.mo
xdg-desktop-portal-gnome/usr/share/locale/ie/
xdg-desktop-portal-gnome/usr/share/locale/ie/LC_MESSAGES/
xdg-desktop-portal-gnome/usr/share/locale/ie/LC_MESSAGES/xdg-desktop-portal-gnome.mo
xdg-desktop-portal-gnome/usr/share/locale/sk/
xdg-desktop-portal-gnome/usr/share/locale/sk/LC_MESSAGES/
xdg-desktop-portal-gnome/usr/share/locale/sk/LC_MESSAGES/xdg-desktop-portal-gnome.mo
xdg-desktop-portal-gnome/usr/share/locale/hi/
xdg-desktop-portal-gnome/usr/share/locale/hi/LC_MESSAGES/
xdg-desktop-portal-gnome/usr/share/locale/hi/LC_MESSAGES/xdg-desktop-portal-gnome.mo
xdg-desktop-portal-gnome/usr/share/locale/gl/
xdg-desktop-portal-gnome/usr/share/locale/gl/LC_MESSAGES/
xdg-desktop-portal-gnome/usr/share/locale/gl/LC_MESSAGES/xdg-desktop-portal-gnome.mo
xdg-desktop-portal-gnome/usr/share/locale/pl/
xdg-desktop-portal-gnome/usr/share/locale/pl/LC_MESSAGES/
xdg-desktop-portal-gnome/usr/share/locale/pl/LC_MESSAGES/xdg-desktop-portal-gnome.mo
xdg-desktop-portal-gnome/usr/share/locale/sl/
xdg-desktop-portal-gnome/usr/share/locale/sl/LC_MESSAGES/
xdg-desktop-portal-gnome/usr/share/locale/sl/LC_MESSAGES/xdg-desktop-portal-gnome.mo
xdg-desktop-portal-gnome/usr/share/locale/fi/
xdg-desktop-portal-gnome/usr/share/locale/fi/LC_MESSAGES/
xdg-desktop-portal-gnome/usr/share/locale/fi/LC_MESSAGES/xdg-desktop-portal-gnome.mo
xdg-desktop-portal-gnome/usr/share/locale/is/
xdg-desktop-portal-gnome/usr/share/locale/is/LC_MESSAGES/
xdg-desktop-portal-gnome/usr/share/locale/is/LC_MESSAGES/xdg-desktop-portal-gnome.mo
xdg-desktop-portal-gnome/usr/share/locale/ar/
xdg-desktop-portal-gnome/usr/share/locale/ar/LC_MESSAGES/
xdg-desktop-portal-gnome/usr/share/locale/ar/LC_MESSAGES/xdg-desktop-portal-gnome.mo
xdg-desktop-portal-gnome/usr/share/locale/zh_TW/
xdg-desktop-portal-gnome/usr/share/locale/zh_TW/LC_MESSAGES/
xdg-desktop-portal-gnome/usr/share/locale/zh_TW/LC_MESSAGES/xdg-desktop-portal-gnome.mo
xdg-desktop-portal-gnome/usr/share/locale/nl/
xdg-desktop-portal-gnome/usr/share/locale/nl/LC_MESSAGES/
xdg-desktop-portal-gnome/usr/share/locale/nl/LC_MESSAGES/xdg-desktop-portal-gnome.mo
xdg-desktop-portal-gnome/usr/share/locale/oc/
xdg-desktop-portal-gnome/usr/share/locale/oc/LC_MESSAGES/
xdg-desktop-portal-gnome/usr/share/locale/oc/LC_MESSAGES/xdg-desktop-portal-gnome.mo
xdg-desktop-portal-gnome/usr/share/locale/ka/
xdg-desktop-portal-gnome/usr/share/locale/ka/LC_MESSAGES/
xdg-desktop-portal-gnome/usr/share/locale/ka/LC_MESSAGES/xdg-desktop-portal-gnome.mo
xdg-desktop-portal-gnome/usr/share/locale/fr/
xdg-desktop-portal-gnome/usr/share/locale/fr/LC_MESSAGES/
xdg-desktop-portal-gnome/usr/share/locale/fr/LC_MESSAGES/xdg-desktop-portal-gnome.mo
xdg-desktop-portal-gnome/usr/share/locale/ia/
xdg-desktop-portal-gnome/usr/share/locale/ia/LC_MESSAGES/
xdg-desktop-portal-gnome/usr/share/locale/ia/LC_MESSAGES/xdg-desktop-portal-gnome.mo
xdg-desktop-portal-gnome/usr/share/locale/eo/
xdg-desktop-portal-gnome/usr/share/locale/eo/LC_MESSAGES/
xdg-desktop-portal-gnome/usr/share/locale/eo/LC_MESSAGES/xdg-desktop-portal-gnome.mo
xdg-desktop-portal-gnome/usr/share/locale/ro/
xdg-desktop-portal-gnome/usr/share/locale/ro/LC_MESSAGES/
xdg-desktop-portal-gnome/usr/share/locale/ro/LC_MESSAGES/xdg-desktop-portal-gnome.mo
xdg-desktop-portal-gnome/usr/share/locale/lt/
xdg-desktop-portal-gnome/usr/share/locale/lt/LC_MESSAGES/
xdg-desktop-portal-gnome/usr/share/locale/lt/LC_MESSAGES/xdg-desktop-portal-gnome.mo
xdg-desktop-portal-gnome/usr/share/locale/cs/
xdg-desktop-portal-gnome/usr/share/locale/cs/LC_MESSAGES/
xdg-desktop-portal-gnome/usr/share/locale/cs/LC_MESSAGES/xdg-desktop-portal-gnome.mo
xdg-desktop-portal-gnome/usr/share/locale/sv/
xdg-desktop-portal-gnome/usr/share/locale/sv/LC_MESSAGES/
xdg-desktop-portal-gnome/usr/share/locale/sv/LC_MESSAGES/xdg-desktop-portal-gnome.mo
xdg-desktop-portal-gnome/usr/share/locale/el/
xdg-desktop-portal-gnome/usr/share/locale/el/LC_MESSAGES/
xdg-desktop-portal-gnome/usr/share/locale/el/LC_MESSAGES/xdg-desktop-portal-gnome.mo
xdg-desktop-portal-gnome/usr/share/locale/ja/
xdg-desktop-portal-gnome/usr/share/locale/ja/LC_MESSAGES/
xdg-desktop-portal-gnome/usr/share/locale/ja/LC_MESSAGES/xdg-desktop-portal-gnome.mo
xdg-desktop-portal-gnome/usr/share/locale/id/
xdg-desktop-portal-gnome/usr/share/locale/id/LC_MESSAGES/
xdg-desktop-portal-gnome/usr/share/locale/id/LC_MESSAGES/xdg-desktop-portal-gnome.mo
xdg-desktop-portal-gnome/usr/share/locale/hu/
xdg-desktop-portal-gnome/usr/share/locale/hu/LC_MESSAGES/
xdg-desktop-portal-gnome/usr/share/locale/hu/LC_MESSAGES/xdg-desktop-portal-gnome.mo
xdg-desktop-portal-gnome/usr/share/locale/bg/
xdg-desktop-portal-gnome/usr/share/locale/bg/LC_MESSAGES/
xdg-desktop-portal-gnome/usr/share/locale/bg/LC_MESSAGES/xdg-desktop-portal-gnome.mo
xdg-desktop-portal-gnome/usr/share/locale/ru/
xdg-desktop-portal-gnome/usr/share/locale/ru/LC_MESSAGES/
xdg-desktop-portal-gnome/usr/share/locale/ru/LC_MESSAGES/xdg-desktop-portal-gnome.mo
xdg-desktop-portal-gnome/usr/share/locale/lv/
xdg-desktop-portal-gnome/usr/share/locale/lv/LC_MESSAGES/
xdg-desktop-portal-gnome/usr/share/locale/lv/LC_MESSAGES/xdg-desktop-portal-gnome.mo
xdg-desktop-portal-gnome/usr/share/locale/ab/
xdg-desktop-portal-gnome/usr/share/locale/ab/LC_MESSAGES/
xdg-desktop-portal-gnome/usr/share/locale/ab/LC_MESSAGES/xdg-desktop-portal-gnome.mo
xdg-desktop-portal-gnome/usr/share/locale/th/
xdg-desktop-portal-gnome/usr/share/locale/th/LC_MESSAGES/
xdg-desktop-portal-gnome/usr/share/locale/th/LC_MESSAGES/xdg-desktop-portal-gnome.mo
xdg-desktop-portal-gnome/usr/share/applications/
xdg-desktop-portal-gnome/usr/share/applications/xdg-desktop-portal-gnome.desktop
xdg-desktop-portal-gnome/usr/share/dbus-1/
xdg-desktop-portal-gnome/usr/share/dbus-1/services/
xdg-desktop-portal-gnome/usr/share/dbus-1/services/org.freedesktop.impl.portal.desktop.gnome.service
xdg-desktop-portal-gnome/usr/share/xdg-desktop-portal/
xdg-desktop-portal-gnome/usr/share/xdg-desktop-portal/portals/
xdg-desktop-portal-gnome/usr/share/xdg-desktop-portal/portals/gnome.portal
xdg-desktop-portal-gnome/usr/lib/
xdg-desktop-portal-gnome/usr/lib/systemd/
xdg-desktop-portal-gnome/usr/lib/systemd/user/
xdg-desktop-portal-gnome/usr/lib/systemd/user/xdg-desktop-portal-gnome.service
xdg-desktop-portal-gnome/usr/libexec/
xdg-desktop-portal-gnome/usr/libexec/xdg-desktop-portal-gnome
xdg-desktop-portal-gnome/version
xdg-desktop-portal-gnome/depends
