--2025-09-27 07:34:34--  https://gitlab.gnome.org/GNOME/gucharmap/-/archive/17.0.0/gucharmap-17.0.0.tar.bz2
Resolving gitlab.gnome.org (gitlab.gnome.org)... 34.231.191.117, 98.82.243.84
Connecting to gitlab.gnome.org (gitlab.gnome.org)|34.231.191.117|:443... connected.
HTTP request sent, awaiting response... 200 OK
Length: unspecified [application/octet-stream]
Saving to: ‘gucharmap-17.0.0.tar.bz2’

     0K .......... .......... .......... .......... .......... 7.89M
    50K .......... .......... .......... .......... .......... 4.17M
   100K .......... .......... .......... .......... .......... 4.03M
   150K .......... .......... .......... .......... ..........  133M
   200K .......... .......... .......... .......... ..........  163M
   250K .......... .......... .......... .......... .......... 2.64M
   300K .......... .......... .......... .......... ..........  106M
   350K .......... .......... .......... .......... .......... 11.6M
   400K .......... .......... .......... .......... .......... 5.97M
   450K .......... .......... .......... .......... .......... 85.5M
   500K .......... .......... .......... .......... .......... 13.1M
   550K .......... .......... .......... .......... ..........  190M
   600K .......... .......... .......... .......... .......... 6.46M
   650K .......... .......... .......... .......... .......... 12.7M
   700K .......... .......... .......... .......... .......... 1.52M
   750K .......... .......... .......... .......... ..........  114M
   800K .......... .......... .......... .......... ..........  121M
   850K .......... .......... .......... .......... ..........  148M
   900K .......... .......... .......... .......... ..........  128M
   950K .......... .......... .......... .......... .......... 4.66M
  1000K .......... .......... .......... .......... .......... 1023K
  1050K .......... .......... .......... .......... .......... 82.1M
  1100K .......... .......... .......... .......... ..........  815K
  1150K .......... .......... .......... .......... .......... 85.3M
  1200K .......... .......... .......... .......... ..........  869K
  1250K .......... .......... .......... .......... ..........  120M
  1300K .......... .......... .......... .......... ..........  873K
  1350K .......... .......... .......... .......... .......... 1.86M
  1400K .......... .......... .......... .......... .......... 86.2M
  1450K .......... ..........                                   219M=0.4s

2025-09-27 07:34:35 (3.82 MB/s) - ‘gucharmap-17.0.0.tar.bz2’ saved [1505830]

--2025-09-27 07:34:35--  https://www.unicode.org/Public/zipped/16.0.0/UCD.zip
Resolving www.unicode.org (www.unicode.org)... 64.182.27.164
Connecting to www.unicode.org (www.unicode.org)|64.182.27.164|:443... connected.
HTTP request sent, awaiting response... 200 OK
Length: 9020779 (8.6M) [application/zip]
Saving to: ‘UCD.zip’

     0K .......... .......... .......... .......... ..........  0%  575K 15s
    50K .......... .......... .......... .......... ..........  1% 1.12M 11s
   100K .......... .......... .......... .......... ..........  1%  103M 8s
   150K .......... .......... .......... .......... ..........  2% 1.12M 8s
   200K .......... .......... .......... .......... ..........  2% 1.21M 7s
   250K .......... .......... .......... .......... ..........  3% 12.8M 6s
   300K .......... .......... .......... .......... ..........  3% 1.22M 6s
   350K .......... .......... .......... .......... ..........  4% 12.1M 6s
   400K .......... .......... .......... .......... ..........  5% 1.23M 6s
   450K .......... .......... .......... .......... ..........  5% 11.5M 5s
   500K .......... .......... .......... .......... ..........  6%  139M 5s
   550K .......... .......... .......... .......... ..........  6% 1.23M 5s
   600K .......... .......... .......... .......... ..........  7% 12.3M 4s
   650K .......... .......... .......... .......... ..........  7% 1.23M 5s
   700K .......... .......... .......... .......... ..........  8%  105M 4s
   750K .......... .......... .......... .......... ..........  9%  215M 4s
   800K .......... .......... .......... .......... ..........  9% 1.12M 4s
   850K .......... .......... .......... .......... .......... 10%  150M 4s
   900K .......... .......... .......... .......... .......... 10%  180M 4s
   950K .......... .......... .......... .......... .......... 11% 94.8M 3s
  1000K .......... .......... .......... .......... .......... 11% 1.15M 4s
  1050K .......... .......... .......... .......... .......... 12%  134M 3s
  1100K .......... .......... .......... .......... .......... 13% 73.5M 3s
  1150K .......... .......... .......... .......... .......... 13%  123M 3s
  1200K .......... .......... .......... .......... .......... 14% 1.27M 3s
  1250K .......... .......... .......... .......... .......... 14% 11.3M 3s
  1300K .......... .......... .......... .......... .......... 15%  116M 3s
  1350K .......... .......... .......... .......... .......... 15%  110M 3s
  1400K .......... .......... .......... .......... .......... 16%  167M 3s
  1450K .......... .......... .......... .......... .......... 17% 89.6M 3s
  1500K .......... .......... .......... .......... .......... 17%  186M 2s
  1550K .......... .......... .......... .......... .......... 18%  119M 2s
  1600K .......... .......... .......... .......... .......... 18% 1.18M 2s
  1650K .......... .......... .......... .......... .......... 19%  148M 2s
  1700K .......... .......... .......... .......... .......... 19% 95.4M 2s
  1750K .......... .......... .......... .......... .......... 20%  241M 2s
  1800K .......... .......... .......... .......... .......... 21% 91.0M 2s
  1850K .......... .......... .......... .......... .......... 21%  138M 2s
  1900K .......... .......... .......... .......... .......... 22% 33.2M 2s
  1950K .......... .......... .......... .......... .......... 22% 65.9M 2s
  2000K .......... .......... .......... .......... .......... 23% 1.35M 2s
  2050K .......... .......... .......... .......... .......... 23% 86.2M 2s
  2100K .......... .......... .......... .......... .......... 24% 13.7M 2s
  2150K .......... .......... .......... .......... .......... 24%  155M 2s
  2200K .......... .......... .......... .......... .......... 25%  142M 2s
  2250K .......... .......... .......... .......... .......... 26%  128M 2s
  2300K .......... .......... .......... .......... .......... 26% 97.1M 2s
  2350K .......... .......... .......... .......... .......... 27%  135M 2s
  2400K .......... .......... .......... .......... .......... 27% 63.7M 2s
  2450K .......... .......... .......... .......... .......... 28%  200M 2s
  2500K .......... .......... .......... .......... .......... 28%  114M 2s
  2550K .......... .......... .......... .......... .......... 29% 1.09M 2s
  2600K .......... .......... .......... .......... .......... 30% 1.74M 2s
  2650K .......... .......... .......... .......... .......... 30% 6.27M 2s
  2700K .......... .......... .......... .......... .......... 31%  123M 2s
  2750K .......... .......... .......... .......... .......... 31%  125M 1s
  2800K .......... .......... .......... .......... .......... 32%  145M 1s
  2850K .......... .......... .......... .......... .......... 32%  268M 1s
  2900K .......... .......... .......... .......... .......... 33%  277M 1s
  2950K .......... .......... .......... .......... .......... 34% 17.4M 1s
  3000K .......... .......... .......... .......... .......... 34% 98.3M 1s
  3050K .......... .......... .......... .......... .......... 35%  131M 1s
  3100K .......... .......... .......... .......... .......... 35% 18.1M 1s
  3150K .......... .......... .......... .......... .......... 36% 1.52M 1s
  3200K .......... .......... .......... .......... .......... 36% 11.0M 1s
  3250K .......... .......... .......... .......... .......... 37%  120M 1s
  3300K .......... .......... .......... .......... .......... 38%  120M 1s
  3350K .......... .......... .......... .......... .......... 38%  179M 1s
  3400K .......... .......... .......... .......... .......... 39%  130M 1s
  3450K .......... .......... .......... .......... .......... 39% 88.6M 1s
  3500K .......... .......... .......... .......... .......... 40%  126M 1s
  3550K .......... .......... .......... .......... .......... 40%  144M 1s
  3600K .......... .......... .......... .......... .......... 41% 1.18M 1s
  3650K .......... .......... .......... .......... .......... 42% 13.1M 1s
  3700K .......... .......... .......... .......... .......... 42%  103M 1s
  3750K .......... .......... .......... .......... .......... 43% 14.4M 1s
  3800K .......... .......... .......... .......... .......... 43% 1.77M 1s
  3850K .......... .......... .......... .......... .......... 44% 5.91M 1s
  3900K .......... .......... .......... .......... .......... 44% 72.0M 1s
  3950K .......... .......... .......... .......... .......... 45%  132M 1s
  4000K .......... .......... .......... .......... .......... 45%  151M 1s
  4050K .......... .......... .......... .......... .......... 46%  277M 1s
  4100K .......... .......... .......... .......... .......... 47%  276M 1s
  4150K .......... .......... .......... .......... .......... 47%  251M 1s
  4200K .......... .......... .......... .......... .......... 48%  261M 1s
  4250K .......... .......... .......... .......... .......... 48%  282M 1s
  4300K .......... .......... .......... .......... .......... 49%  286M 1s
  4350K .......... .......... .......... .......... .......... 49%  282M 1s
  4400K .......... .......... .......... .......... .......... 50% 24.9M 1s
  4450K .......... .......... .......... .......... .......... 51% 14.9M 1s
  4500K .......... .......... .......... .......... .......... 51%  114M 1s
  4550K .......... .......... .......... .......... .......... 52% 1.38M 1s
  4600K .......... .......... .......... .......... .......... 52%  116M 1s
  4650K .......... .......... .......... .......... .......... 53%  124M 1s
  4700K .......... .......... .......... .......... .......... 53%  168M 1s
  4750K .......... .......... .......... .......... .......... 54% 96.3M 1s
  4800K .......... .......... .......... .......... .......... 55% 71.2M 1s
  4850K .......... .......... .......... .......... .......... 55%  128M 1s
  4900K .......... .......... .......... .......... .......... 56%  120M 1s
  4950K .......... .......... .......... .......... .......... 56% 93.6M 1s
  5000K .......... .......... .......... .......... .......... 57% 1.10M 1s
  5050K .......... .......... .......... .......... .......... 57% 93.0M 1s
  5100K .......... .......... .......... .......... .......... 58%  148M 1s
  5150K .......... .......... .......... .......... .......... 59%  251M 1s
  5200K .......... .......... .......... .......... .......... 59%  170M 1s
  5250K .......... .......... .......... .......... .......... 60%  271M 1s
  5300K .......... .......... .......... .......... .......... 60%  276M 1s
  5350K .......... .......... .......... .......... .......... 61% 20.1M 1s
  5400K .......... .......... .......... .......... .......... 61%  119M 1s
  5450K .......... .......... .......... .......... .......... 62% 1.37M 1s
  5500K .......... .......... .......... .......... .......... 63%  130M 1s
  5550K .......... .......... .......... .......... .......... 63% 12.1M 1s
  5600K .......... .......... .......... .......... .......... 64% 99.8M 1s
  5650K .......... .......... .......... .......... .......... 64%  147M 1s
  5700K .......... .......... .......... .......... .......... 65%  149M 1s
  5750K .......... .......... .......... .......... .......... 65%  151M 1s
  5800K .......... .......... .......... .......... .......... 66%  108M 0s
  5850K .......... .......... .......... .......... .......... 66%  117M 0s
  5900K .......... .......... .......... .......... .......... 67% 42.4M 0s
  5950K .......... .......... .......... .......... .......... 68% 1.36M 0s
  6000K .......... .......... .......... .......... .......... 68% 75.8M 0s
  6050K .......... .......... .......... .......... .......... 69% 13.1M 0s
  6100K .......... .......... .......... .......... .......... 69%  140M 0s
  6150K .......... .......... .......... .......... .......... 70%  161M 0s
  6200K .......... .......... .......... .......... .......... 70%  164M 0s
  6250K .......... .......... .......... .......... .......... 71% 93.8M 0s
  6300K .......... .......... .......... .......... .......... 72%  163M 0s
  6350K .......... .......... .......... .......... .......... 72% 80.0M 0s
  6400K .......... .......... .......... .......... .......... 73% 49.0M 0s
  6450K .......... .......... .......... .......... .......... 73% 1.71M 0s
  6500K .......... .......... .......... .......... .......... 74% 5.92M 0s
  6550K .......... .......... .......... .......... .......... 74% 13.8M 0s
  6600K .......... .......... .......... .......... .......... 75% 97.4M 0s
  6650K .......... .......... .......... .......... .......... 76%  144M 0s
  6700K .......... .......... .......... .......... .......... 76%  136M 0s
  6750K .......... .......... .......... .......... .......... 77%  143M 0s
  6800K .......... .......... .......... .......... .......... 77% 79.2M 0s
  6850K .......... .......... .......... .......... .......... 78%  119M 0s
  6900K .......... .......... .......... .......... .......... 78%  133M 0s
  6950K .......... .......... .......... .......... .......... 79% 41.3M 0s
  7000K .......... .......... .......... .......... .......... 80% 1.35M 0s
  7050K .......... .......... .......... .......... .......... 80%  115M 0s
  7100K .......... .......... .......... .......... .......... 81% 13.8M 0s
  7150K .......... .......... .......... .......... .......... 81%  104M 0s
  7200K .......... .......... .......... .......... .......... 82%  106M 0s
  7250K .......... .......... .......... .......... .......... 82%  109M 0s
  7300K .......... .......... .......... .......... .......... 83%  131M 0s
  7350K .......... .......... .......... .......... .......... 84%  114M 0s
  7400K .......... .......... .......... .......... .......... 84%  122M 0s
  7450K .......... .......... .......... .......... .......... 85% 44.0M 0s
  7500K .......... .......... .......... .......... .......... 85%  100M 0s
  7550K .......... .......... .......... .......... .......... 86% 1.36M 0s
  7600K .......... .......... .......... .......... .......... 86% 11.6M 0s
  7650K .......... .......... .......... .......... .......... 87%  105M 0s
  7700K .......... .......... .......... .......... .......... 87%  213M 0s
  7750K .......... .......... .......... .......... .......... 88%  116M 0s
  7800K .......... .......... .......... .......... .......... 89%  125M 0s
  7850K .......... .......... .......... .......... .......... 89%  118M 0s
  7900K .......... .......... .......... .......... .......... 90%  112M 0s
  7950K .......... .......... .......... .......... .......... 90%  148M 0s
  8000K .......... .......... .......... .......... .......... 91% 38.7M 0s
  8050K .......... .......... .......... .......... .......... 91% 1.36M 0s
  8100K .......... .......... .......... .......... .......... 92% 88.1M 0s
  8150K .......... .......... .......... .......... .......... 93% 14.3M 0s
  8200K .......... .......... .......... .......... .......... 93%  113M 0s
  8250K .......... .......... .......... .......... .......... 94%  143M 0s
  8300K .......... .......... .......... .......... .......... 94% 86.0M 0s
  8350K .......... .......... .......... .......... .......... 95%  151M 0s
  8400K .......... .......... .......... .......... .......... 95% 76.7M 0s
  8450K .......... .......... .......... .......... .......... 96%  128M 0s
  8500K .......... .......... .......... .......... .......... 97% 49.2M 0s
  8550K .......... .......... .......... .......... .......... 97% 88.2M 0s
  8600K .......... .......... .......... .......... .......... 98% 1.36M 0s
  8650K .......... .......... .......... .......... .......... 98%  116M 0s
  8700K .......... .......... .......... .......... .......... 99% 13.0M 0s
  8750K .......... .......... .......... .......... .......... 99%  148M 0s
  8800K .........                                             100% 16.9M=1.2s

2025-09-27 07:34:36 (7.01 MB/s) - ‘UCD.zip’ saved [9020779/9020779]

--2025-09-27 07:34:36--  https://www.unicode.org/Public/zipped/16.0.0/Unihan.zip
Resolving www.unicode.org (www.unicode.org)... 64.182.27.164
Connecting to www.unicode.org (www.unicode.org)|64.182.27.164|:443... connected.
HTTP request sent, awaiting response... 200 OK
Length: 8382485 (8.0M) [application/zip]
Saving to: ‘Unihan.zip’

     0K .......... .......... .......... .......... ..........  0%  606K 13s
    50K .......... .......... .......... .......... ..........  1% 1.23M 10s
   100K .......... .......... .......... .......... ..........  1% 11.5M 7s
   150K .......... .......... .......... .......... ..........  2% 1.23M 7s
   200K .......... .......... .......... .......... ..........  3% 1.35M 6s
   250K .......... .......... .......... .......... ..........  3% 6.25M 6s
   300K .......... .......... .......... .......... ..........  4% 1.35M 6s
   350K .......... .......... .......... .......... ..........  4% 12.3M 5s
   400K .......... .......... .......... .......... ..........  5% 1.36M 5s
   450K .......... .......... .......... .......... ..........  6% 1.36M 5s
   500K .......... .......... .......... .......... ..........  6% 6.08M 5s
   550K .......... .......... .......... .......... ..........  7%  103M 4s
   600K .......... .......... .......... .......... ..........  7% 86.2M 4s
   650K .......... .......... .......... .......... ..........  8% 1.55M 4s
   700K .......... .......... .......... .......... ..........  9% 6.44M 4s
   750K .......... .......... .......... .......... ..........  9% 1.53M 4s
   800K .......... .......... .......... .......... .......... 10% 96.3M 3s
   850K .......... .......... .......... .......... .......... 10% 14.4M 3s
   900K .......... .......... .......... .......... .......... 11% 11.5M 3s
   950K .......... .......... .......... .......... .......... 12% 12.1M 3s
  1000K .......... .......... .......... .......... .......... 12% 85.8M 3s
  1050K .......... .......... .......... .......... .......... 13% 1.78M 3s
  1100K .......... .......... .......... .......... .......... 14% 13.4M 3s
  1150K .......... .......... .......... .......... .......... 14%  110M 3s
  1200K .......... .......... .......... .......... .......... 15% 13.1M 2s
  1250K .......... .......... .......... .......... .......... 15% 12.1M 2s
  1300K .......... .......... .......... .......... .......... 16% 12.6M 2s
  1350K .......... .......... .......... .......... .......... 17%  109M 2s
  1400K .......... .......... .......... .......... .......... 17% 1.78M 2s
  1450K .......... .......... .......... .......... .......... 18% 74.5M 2s
  1500K .......... .......... .......... .......... .......... 18% 12.6M 2s
  1550K .......... .......... .......... .......... .......... 19%  107M 2s
  1600K .......... .......... .......... .......... .......... 20% 13.3M 2s
  1650K .......... .......... .......... .......... .......... 20% 93.8M 2s
  1700K .......... .......... .......... .......... .......... 21%  123M 2s
  1750K .......... .......... .......... .......... .......... 21% 19.5M 2s
  1800K .......... .......... .......... .......... .......... 22%  110M 2s
  1850K .......... .......... .......... .......... .......... 23%  126M 2s
  1900K .......... .......... .......... .......... .......... 23%  129M 2s
  1950K .......... .......... .......... .......... .......... 24% 2.14M 2s
  2000K .......... .......... .......... .......... .......... 25% 6.16M 2s
  2050K .......... .......... .......... .......... .......... 25%  158M 2s
  2100K .......... .......... .......... .......... .......... 26% 12.5M 1s
  2150K .......... .......... .......... .......... .......... 26% 99.1M 1s
  2200K .......... .......... .......... .......... .......... 27% 14.7M 1s
  2250K .......... .......... .......... .......... .......... 28%  103M 1s
  2300K .......... .......... .......... .......... .......... 28%  150M 1s
  2350K .......... .......... .......... .......... .......... 29%  108M 1s
  2400K .......... .......... .......... .......... .......... 29% 17.4M 1s
  2450K .......... .......... .......... .......... .......... 30%  123M 1s
  2500K .......... .......... .......... .......... .......... 31% 85.4M 1s
  2550K .......... .......... .......... .......... .......... 31%  210M 1s
  2600K .......... .......... .......... .......... .......... 32% 1.83M 1s
  2650K .......... .......... .......... .......... .......... 32%  119M 1s
  2700K .......... .......... .......... .......... .......... 33% 13.0M 1s
  2750K .......... .......... .......... .......... .......... 34%  160M 1s
  2800K .......... .......... .......... .......... .......... 34%  102M 1s
  2850K .......... .......... .......... .......... .......... 35% 99.5M 1s
  2900K .......... .......... .......... .......... .......... 36% 17.7M 1s
  2950K .......... .......... .......... .......... .......... 36%  175M 1s
  3000K .......... .......... .......... .......... .......... 37%  106M 1s
  3050K .......... .......... .......... .......... .......... 37% 79.9M 1s
  3100K .......... .......... .......... .......... .......... 38%  125M 1s
  3150K .......... .......... .......... .......... .......... 39%  158M 1s
  3200K .......... .......... .......... .......... .......... 39% 28.3M 1s
  3250K .......... .......... .......... .......... .......... 40%  123M 1s
  3300K .......... .......... .......... .......... .......... 40% 84.4M 1s
  3350K .......... .......... .......... .......... .......... 41%  191M 1s
  3400K .......... .......... .......... .......... .......... 42% 38.6M 1s
  3450K .......... .......... .......... .......... .......... 42% 32.7M 1s
  3500K .......... .......... .......... .......... .......... 43% 99.9M 1s
  3550K .......... .......... .......... .......... .......... 43%  185M 1s
  3600K .......... .......... .......... .......... .......... 44% 2.53M 1s
  3650K .......... .......... .......... .......... .......... 45% 11.2M 1s
  3700K .......... .......... .......... .......... .......... 45% 75.7M 1s
  3750K .......... .......... .......... .......... .......... 46%  150M 1s
  3800K .......... .......... .......... .......... .......... 47% 17.1M 1s
  3850K .......... .......... .......... .......... .......... 47% 11.6M 1s
  3900K .......... .......... .......... .......... .......... 48% 79.4M 1s
  3950K .......... .......... .......... .......... .......... 48%  160M 1s
  4000K .......... .......... .......... .......... .......... 49%  156M 1s
  4050K .......... .......... .......... .......... .......... 50% 18.4M 1s
  4100K .......... .......... .......... .......... .......... 50%  163M 1s
  4150K .......... .......... .......... .......... .......... 51%  110M 1s
  4200K .......... .......... .......... .......... .......... 51%  117M 1s
  4250K .......... .......... .......... .......... .......... 52%  135M 1s
  4300K .......... .......... .......... .......... .......... 53%  100M 1s
  4350K .......... .......... .......... .......... .......... 53%  165M 1s
  4400K .......... .......... .......... .......... .......... 54% 25.9M 1s
  4450K .......... .......... .......... .......... .......... 54%  104M 1s
  4500K .......... .......... .......... .......... .......... 55%  128M 1s
  4550K .......... .......... .......... .......... .......... 56%  126M 0s
  4600K .......... .......... .......... .......... .......... 56%  110M 0s
  4650K .......... .......... .......... .......... .......... 57% 22.1M 0s
  4700K .......... .......... .......... .......... .......... 58%  195M 0s
  4750K .......... .......... .......... .......... .......... 58% 4.23M 0s
  4800K .......... .......... .......... .......... .......... 59% 5.94M 0s
  4850K .......... .......... .......... .......... .......... 59%  151M 0s
  4900K .......... .......... .......... .......... .......... 60% 13.7M 0s
  4950K .......... .......... .......... .......... .......... 61%  103M 0s
  5000K .......... .......... .......... .......... .......... 61%  164M 0s
  5050K .......... .......... .......... .......... .......... 62% 89.3M 0s
  5100K .......... .......... .......... .......... .......... 62%  104M 0s
  5150K .......... .......... .......... .......... .......... 63%  172M 0s
  5200K .......... .......... .......... .......... .......... 64% 82.9M 0s
  5250K .......... .......... .......... .......... .......... 64%  112M 0s
  5300K .......... .......... .......... .......... .......... 65% 1.15M 0s
  5350K .......... .......... .......... .......... .......... 65%  219M 0s
  5400K .......... .......... .......... .......... .......... 66%  190M 0s
  5450K .......... .......... .......... .......... .......... 67%  267M 0s
  5500K .......... .......... .......... .......... .......... 67%  190M 0s
  5550K .......... .......... .......... .......... .......... 68%  274M 0s
  5600K .......... .......... .......... .......... .......... 69%  207M 0s
  5650K .......... .......... .......... .......... .......... 69%  275M 0s
  5700K .......... .......... .......... .......... .......... 70%  235M 0s
  5750K .......... .......... .......... .......... .......... 70% 89.2M 0s
  5800K .......... .......... .......... .......... .......... 71%  196M 0s
  5850K .......... .......... .......... .......... .......... 72%  171M 0s
  5900K .......... .......... .......... .......... .......... 72%  211M 0s
  5950K .......... .......... .......... .......... .......... 73%  211M 0s
  6000K .......... .......... .......... .......... .......... 73% 13.3M 0s
  6050K .......... .......... .......... .......... .......... 74%  274M 0s
  6100K .......... .......... .......... .......... .......... 75%  278M 0s
  6150K .......... .......... .......... .......... .......... 75%  277M 0s
  6200K .......... .......... .......... .......... .......... 76%  274M 0s
  6250K .......... .......... .......... .......... .......... 76%  199M 0s
  6300K .......... .......... .......... .......... .......... 77%  228M 0s
  6350K .......... .......... .......... .......... .......... 78%  193M 0s
  6400K .......... .......... .......... .......... .......... 78%  209M 0s
  6450K .......... .......... .......... .......... .......... 79%  211M 0s
  6500K .......... .......... .......... .......... .......... 80%  275M 0s
  6550K .......... .......... .......... .......... .......... 80%  275M 0s
  6600K .......... .......... .......... .......... .......... 81%  280M 0s
  6650K .......... .......... .......... .......... .......... 81%  151M 0s
  6700K .......... .......... .......... .......... .......... 82%  118M 0s
  6750K .......... .......... .......... .......... .......... 83%  258M 0s
  6800K .......... .......... .......... .......... .......... 83%  153M 0s
  6850K .......... .......... .......... .......... .......... 84%  130M 0s
  6900K .......... .......... .......... .......... .......... 84%  211M 0s
  6950K .......... .......... .......... .......... .......... 85%  215M 0s
  7000K .......... .......... .......... .......... .......... 86%  273M 0s
  7050K .......... .......... .......... .......... .......... 86%  161M 0s
  7100K .......... .......... .......... .......... .......... 87%  277M 0s
  7150K .......... .......... .......... .......... .......... 87%  173M 0s
  7200K .......... .......... .......... .......... .......... 88%  210M 0s
  7250K .......... .......... .......... .......... .......... 89%  212M 0s
  7300K .......... .......... .......... .......... .......... 89%  277M 0s
  7350K .......... .......... .......... .......... .......... 90%  216M 0s
  7400K .......... .......... .......... .......... .......... 91%  278M 0s
  7450K .......... .......... .......... .......... .......... 91%  276M 0s
  7500K .......... .......... .......... .......... .......... 92%  236M 0s
  7550K .......... .......... .......... .......... .......... 92%  112M 0s
  7600K .......... .......... .......... .......... .......... 93%  102M 0s
  7650K .......... .......... .......... .......... .......... 94%  166M 0s
  7700K .......... .......... .......... .......... .......... 94%  197M 0s
  7750K .......... .......... .......... .......... .......... 95%  139M 0s
  7800K .......... .......... .......... .......... .......... 95%  252M 0s
  7850K .......... .......... .......... .......... .......... 96%  272M 0s
  7900K .......... .......... .......... .......... .......... 97% 2.68M 0s
  7950K .......... .......... .......... .......... .......... 97% 11.7M 0s
  8000K .......... .......... .......... .......... .......... 98% 11.9M 0s
  8050K .......... .......... .......... .......... .......... 98%  160M 0s
  8100K .......... .......... .......... .......... .......... 99% 15.5M 0s
  8150K .......... .......... .......... ......               100% 53.5M=0.7s

2025-09-27 07:34:37 (10.7 MB/s) - ‘Unihan.zip’ saved [8382485/8382485]

gucharmap-17.0.0/
gucharmap-17.0.0/.gitlab-ci.yml
gucharmap-17.0.0/.gitlab-ci/
gucharmap-17.0.0/.gitlab-ci/make-release.sh
gucharmap-17.0.0/.gitlab-ci/unicode-data.sh
gucharmap-17.0.0/COPYING
gucharmap-17.0.0/COPYING.GFDL
gucharmap-17.0.0/COPYING.UNICODE
gucharmap-17.0.0/Makefile.meson
gucharmap-17.0.0/README.md
gucharmap-17.0.0/TODO
gucharmap-17.0.0/data/
gucharmap-17.0.0/data/gucharmap-1.png
gucharmap-17.0.0/data/gucharmap-2.png
gucharmap-17.0.0/data/gucharmap.desktop.in.in
gucharmap-17.0.0/data/gucharmap.metainfo.xml.in
gucharmap-17.0.0/data/meson.build
gucharmap-17.0.0/data/meson_desktopfile.py
gucharmap-17.0.0/data/metainfo.its
gucharmap-17.0.0/docs/
gucharmap-17.0.0/docs/reference/
gucharmap-17.0.0/docs/reference/gucharmap-docs.sgml
gucharmap-17.0.0/docs/reference/meson.build
gucharmap-17.0.0/gucharmap.doap
gucharmap-17.0.0/gucharmap/
gucharmap-17.0.0/gucharmap/Gucharmap-2.90.metadata
gucharmap-17.0.0/gucharmap/gen-guch-unicode-tables.pl
gucharmap-17.0.0/gucharmap/gucharmap-block-chapters-model.c
gucharmap-17.0.0/gucharmap/gucharmap-block-chapters-model.h
gucharmap-17.0.0/gucharmap/gucharmap-block-codepoint-list.c
gucharmap-17.0.0/gucharmap/gucharmap-block-codepoint-list.h
gucharmap-17.0.0/gucharmap/gucharmap-chapters-model.c
gucharmap-17.0.0/gucharmap/gucharmap-chapters-model.h
gucharmap-17.0.0/gucharmap/gucharmap-chapters-view.c
gucharmap-17.0.0/gucharmap/gucharmap-chapters-view.h
gucharmap-17.0.0/gucharmap/gucharmap-charmap.c
gucharmap-17.0.0/gucharmap/gucharmap-charmap.h
gucharmap-17.0.0/gucharmap/gucharmap-chartable-accessible.c
gucharmap-17.0.0/gucharmap/gucharmap-chartable-accessible.h
gucharmap-17.0.0/gucharmap/gucharmap-chartable-cell-accessible.c
gucharmap-17.0.0/gucharmap/gucharmap-chartable-cell-accessible.h
gucharmap-17.0.0/gucharmap/gucharmap-chartable.c
gucharmap-17.0.0/gucharmap/gucharmap-chartable.h
gucharmap-17.0.0/gucharmap/gucharmap-codepoint-list.c
gucharmap-17.0.0/gucharmap/gucharmap-codepoint-list.h
gucharmap-17.0.0/gucharmap/gucharmap-init.c
gucharmap-17.0.0/gucharmap/gucharmap-macros.h
gucharmap-17.0.0/gucharmap/gucharmap-marshal.list
gucharmap-17.0.0/gucharmap/gucharmap-menus.ui
gucharmap-17.0.0/gucharmap/gucharmap-mini-fontsel.c
gucharmap-17.0.0/gucharmap/gucharmap-mini-fontsel.h
gucharmap-17.0.0/gucharmap/gucharmap-print-operation.c
gucharmap-17.0.0/gucharmap/gucharmap-print-operation.h
gucharmap-17.0.0/gucharmap/gucharmap-private.h
gucharmap-17.0.0/gucharmap/gucharmap-script-chapters-model.c
gucharmap-17.0.0/gucharmap/gucharmap-script-chapters-model.h
gucharmap-17.0.0/gucharmap/gucharmap-script-codepoint-list.c
gucharmap-17.0.0/gucharmap/gucharmap-script-codepoint-list.h
gucharmap-17.0.0/gucharmap/gucharmap-search-dialog.c
gucharmap-17.0.0/gucharmap/gucharmap-search-dialog.h
gucharmap-17.0.0/gucharmap/gucharmap-settings.c
gucharmap-17.0.0/gucharmap/gucharmap-settings.h
gucharmap-17.0.0/gucharmap/gucharmap-type-builtins.c.template
gucharmap-17.0.0/gucharmap/gucharmap-type-builtins.h.template
gucharmap-17.0.0/gucharmap/gucharmap-unicode-info.c
gucharmap-17.0.0/gucharmap/gucharmap-unicode-info.h
gucharmap-17.0.0/gucharmap/gucharmap-version.h.in
gucharmap-17.0.0/gucharmap/gucharmap-window.c
gucharmap-17.0.0/gucharmap/gucharmap-window.h
gucharmap-17.0.0/gucharmap/gucharmap.gresource.xml
gucharmap-17.0.0/gucharmap/gucharmap.h
gucharmap-17.0.0/gucharmap/gucharmap.pc.in
gucharmap-17.0.0/gucharmap/main.c
gucharmap-17.0.0/gucharmap/meson.build
gucharmap-17.0.0/gucharmap/org.gnome.Charmap.gschema.xml
gucharmap-17.0.0/gucharmap/unicode-i18n.h
gucharmap-17.0.0/help/
gucharmap-17.0.0/help/C/
gucharmap-17.0.0/help/C/figures/
gucharmap-17.0.0/help/C/figures/gucharmap_window.png
gucharmap-17.0.0/help/C/index.docbook
gucharmap-17.0.0/help/C/l10n.txt
gucharmap-17.0.0/help/C/legal.xml
gucharmap-17.0.0/help/LINGUAS
gucharmap-17.0.0/help/bg/
gucharmap-17.0.0/help/bg/bg.po
gucharmap-17.0.0/help/bg/figures/
gucharmap-17.0.0/help/bg/figures/gucharmap_window.png
gucharmap-17.0.0/help/ca/
gucharmap-17.0.0/help/ca/ca.po
gucharmap-17.0.0/help/ca/figues/
gucharmap-17.0.0/help/ca/figues/gucharmap_window.png
gucharmap-17.0.0/help/cs/
gucharmap-17.0.0/help/cs/cs.po
gucharmap-17.0.0/help/cs/figures/
gucharmap-17.0.0/help/cs/figures/gucharmap_window.png
gucharmap-17.0.0/help/de/
gucharmap-17.0.0/help/de/de.po
gucharmap-17.0.0/help/de/figures/
gucharmap-17.0.0/help/de/figures/gucharmap_window.png
gucharmap-17.0.0/help/el/
gucharmap-17.0.0/help/el/el.po
gucharmap-17.0.0/help/el/figures/
gucharmap-17.0.0/help/el/figures/gucharmap_window.png
gucharmap-17.0.0/help/en_GB/
gucharmap-17.0.0/help/en_GB/en_GB.po
gucharmap-17.0.0/help/es/
gucharmap-17.0.0/help/es/es.po
gucharmap-17.0.0/help/es/figures/
gucharmap-17.0.0/help/es/figures/gucharmap_window.png
gucharmap-17.0.0/help/fi/
gucharmap-17.0.0/help/fi/fi.po
gucharmap-17.0.0/help/fi/figures/
gucharmap-17.0.0/help/fi/figures/gucharmap_window.png
gucharmap-17.0.0/help/fr/
gucharmap-17.0.0/help/fr/figures/
gucharmap-17.0.0/help/fr/figures/gucharmap_window.png
gucharmap-17.0.0/help/fr/fr.po
gucharmap-17.0.0/help/gl/
gucharmap-17.0.0/help/gl/gl.po
gucharmap-17.0.0/help/hu/
gucharmap-17.0.0/help/hu/figures/
gucharmap-17.0.0/help/hu/figures/gucharmap_window.png
gucharmap-17.0.0/help/hu/hu.po
gucharmap-17.0.0/help/id/
gucharmap-17.0.0/help/id/id.po
gucharmap-17.0.0/help/ko/
gucharmap-17.0.0/help/ko/figures/
gucharmap-17.0.0/help/ko/figures/gucharmap_window.png
gucharmap-17.0.0/help/ko/ko.po
gucharmap-17.0.0/help/meson.build
gucharmap-17.0.0/help/oc/
gucharmap-17.0.0/help/oc/oc.po
gucharmap-17.0.0/help/pl/
gucharmap-17.0.0/help/pl/figures/
gucharmap-17.0.0/help/pl/figures/gucharmap_window.png
gucharmap-17.0.0/help/pl/pl.po
gucharmap-17.0.0/help/pt_BR/
gucharmap-17.0.0/help/pt_BR/figures/
gucharmap-17.0.0/help/pt_BR/figures/gucharmap_window.png
gucharmap-17.0.0/help/pt_BR/pt_BR.po
gucharmap-17.0.0/help/ru/
gucharmap-17.0.0/help/ru/ru.po
gucharmap-17.0.0/help/sl/
gucharmap-17.0.0/help/sl/sl.po
gucharmap-17.0.0/help/sv/
gucharmap-17.0.0/help/sv/figures/
gucharmap-17.0.0/help/sv/figures/gucharmap_window.png
gucharmap-17.0.0/help/sv/sv.po
gucharmap-17.0.0/help/uk/
gucharmap-17.0.0/help/uk/uk.po
gucharmap-17.0.0/help/vi/
gucharmap-17.0.0/help/vi/vi.po
gucharmap-17.0.0/help/zh_CN/
gucharmap-17.0.0/help/zh_CN/figures/
gucharmap-17.0.0/help/zh_CN/figures/gucharmap_window.png
gucharmap-17.0.0/help/zh_CN/zh_CN.po
gucharmap-17.0.0/meson.build
gucharmap-17.0.0/meson_changelog.sh
gucharmap-17.0.0/meson_options.txt
gucharmap-17.0.0/po/
gucharmap-17.0.0/po/LINGUAS
gucharmap-17.0.0/po/POTFILES.in
gucharmap-17.0.0/po/POTFILES.skip
gucharmap-17.0.0/po/README
gucharmap-17.0.0/po/af.po
gucharmap-17.0.0/po/am.po
gucharmap-17.0.0/po/ar.po
gucharmap-17.0.0/po/as.po
gucharmap-17.0.0/po/ast.po
gucharmap-17.0.0/po/az.po
gucharmap-17.0.0/po/be.po
gucharmap-17.0.0/po/be@latin.po
gucharmap-17.0.0/po/bg.po
gucharmap-17.0.0/po/bn.po
gucharmap-17.0.0/po/bn_IN.po
gucharmap-17.0.0/po/br.po
gucharmap-17.0.0/po/bs.po
gucharmap-17.0.0/po/ca.po
gucharmap-17.0.0/po/ca@valencia.po
gucharmap-17.0.0/po/cs.po
gucharmap-17.0.0/po/cy.po
gucharmap-17.0.0/po/da.po
gucharmap-17.0.0/po/de.po
gucharmap-17.0.0/po/dz.po
gucharmap-17.0.0/po/el.po
gucharmap-17.0.0/po/en@shaw.po
gucharmap-17.0.0/po/en_CA.po
gucharmap-17.0.0/po/en_GB.po
gucharmap-17.0.0/po/eo.po
gucharmap-17.0.0/po/es.po
gucharmap-17.0.0/po/et.po
gucharmap-17.0.0/po/eu.po
gucharmap-17.0.0/po/fa.po
gucharmap-17.0.0/po/fi.po
gucharmap-17.0.0/po/fr.po
gucharmap-17.0.0/po/ga.po
gucharmap-17.0.0/po/gl.po
gucharmap-17.0.0/po/gu.po
gucharmap-17.0.0/po/he.po
gucharmap-17.0.0/po/hi.po
gucharmap-17.0.0/po/hr.po
gucharmap-17.0.0/po/hu.po
gucharmap-17.0.0/po/id.po
gucharmap-17.0.0/po/is.po
gucharmap-17.0.0/po/it.po
gucharmap-17.0.0/po/ja.po
gucharmap-17.0.0/po/ka.po
gucharmap-17.0.0/po/kk.po
gucharmap-17.0.0/po/kn.po
gucharmap-17.0.0/po/ko.po
gucharmap-17.0.0/po/lt.po
gucharmap-17.0.0/po/lv.po
gucharmap-17.0.0/po/mai.po
gucharmap-17.0.0/po/meson.build
gucharmap-17.0.0/po/mi.po
gucharmap-17.0.0/po/mk.po
gucharmap-17.0.0/po/ml.po
gucharmap-17.0.0/po/mn.po
gucharmap-17.0.0/po/mr.po
gucharmap-17.0.0/po/ms.po
gucharmap-17.0.0/po/nb.po
gucharmap-17.0.0/po/ne.po
gucharmap-17.0.0/po/nl.po
gucharmap-17.0.0/po/nn.po
gucharmap-17.0.0/po/oc.po
gucharmap-17.0.0/po/or.po
gucharmap-17.0.0/po/pa.po
gucharmap-17.0.0/po/pl.po
gucharmap-17.0.0/po/pt.po
gucharmap-17.0.0/po/pt_BR.po
gucharmap-17.0.0/po/ro.po
gucharmap-17.0.0/po/ru.po
gucharmap-17.0.0/po/rw.po
gucharmap-17.0.0/po/si.po
gucharmap-17.0.0/po/sk.po
gucharmap-17.0.0/po/sl.po
gucharmap-17.0.0/po/sq.po
gucharmap-17.0.0/po/sr.po
gucharmap-17.0.0/po/sr@latin.po
gucharmap-17.0.0/po/sv.po
gucharmap-17.0.0/po/ta.po
gucharmap-17.0.0/po/te.po
gucharmap-17.0.0/po/tg.po
gucharmap-17.0.0/po/th.po
gucharmap-17.0.0/po/tr.po
gucharmap-17.0.0/po/ug.po
gucharmap-17.0.0/po/uk.po
gucharmap-17.0.0/po/vi.po
gucharmap-17.0.0/po/wa.po
gucharmap-17.0.0/po/xh.po
gucharmap-17.0.0/po/zh_CN.po
gucharmap-17.0.0/po/zh_HK.po
gucharmap-17.0.0/po/zh_TW.po
/blfs/builds/gucharmap-17.0.0/build/ucd /blfs/builds/gucharmap-17.0.0/build
Archive:  ../../../UCD.zip
  inflating: ArabicShaping.txt       
   creating: auxiliary/
  inflating: auxiliary/GraphemeBreakTest.txt  
  inflating: auxiliary/SentenceBreakTest.txt  
  inflating: auxiliary/GraphemeBreakTest.html  
  inflating: auxiliary/SentenceBreakProperty.txt  
  inflating: auxiliary/SentenceBreakTest.html  
  inflating: auxiliary/WordBreakTest.txt  
  inflating: auxiliary/GraphemeBreakProperty.txt  
  inflating: auxiliary/WordBreakProperty.txt  
  inflating: auxiliary/WordBreakTest.html  
  inflating: auxiliary/LineBreakTest.html  
  inflating: auxiliary/LineBreakTest.txt  
  inflating: BidiBrackets.txt        
  inflating: BidiCharacterTest.txt   
  inflating: BidiMirroring.txt       
  inflating: BidiTest.txt            
  inflating: Blocks.txt              
  inflating: CaseFolding.txt         
  inflating: CJKRadicals.txt         
  inflating: CompositionExclusions.txt  
  inflating: DerivedAge.txt          
  inflating: DerivedCoreProperties.txt  
  inflating: DerivedNormalizationProps.txt  
  inflating: DoNotEmit.txt           
  inflating: EastAsianWidth.txt      
   creating: emoji/
  inflating: emoji/ReadMe.txt        
  inflating: emoji/emoji-variation-sequences.txt  
  inflating: emoji/emoji-data.txt    
  inflating: EmojiSources.txt        
  inflating: EquivalentUnifiedIdeograph.txt  
   creating: extracted/
  inflating: extracted/DerivedEastAsianWidth.txt  
  inflating: extracted/DerivedJoiningType.txt  
  inflating: extracted/DerivedBidiClass.txt  
  inflating: extracted/DerivedLineBreak.txt  
  inflating: extracted/DerivedName.txt  
  inflating: extracted/DerivedCombiningClass.txt  
  inflating: extracted/DerivedDecompositionType.txt  
  inflating: extracted/DerivedJoiningGroup.txt  
  inflating: extracted/DerivedGeneralCategory.txt  
  inflating: extracted/DerivedNumericValues.txt  
  inflating: extracted/DerivedNumericType.txt  
  inflating: extracted/DerivedBinaryProperties.txt  
  inflating: HangulSyllableType.txt  
  inflating: Index.txt               
  inflating: IndicPositionalCategory.txt  
  inflating: IndicSyllabicCategory.txt  
  inflating: Jamo.txt                
  inflating: LineBreak.txt           
  inflating: NameAliases.txt         
  inflating: NamedSequencesProv.txt  
  inflating: NamedSequences.txt      
  inflating: NamesList.html          
  inflating: NamesList.txt           
  inflating: NormalizationCorrections.txt  
  inflating: NormalizationTest.txt   
  inflating: NushuSources.txt        
  inflating: PropertyAliases.txt     
  inflating: PropertyValueAliases.txt  
  inflating: PropList.txt            
  inflating: ReadMe.txt              
  inflating: ScriptExtensions.txt    
  inflating: Scripts.txt             
  inflating: SpecialCasing.txt       
  inflating: StandardizedVariants.txt  
  inflating: TangutSources.txt       
  inflating: UnicodeData.txt         
  inflating: Unikemet.txt            
  inflating: USourceData.txt         
  inflating: USourceGlyphs.pdf       
  inflating: USourceRSChart.pdf      
  inflating: VerticalOrientation.txt  
'../../../Unihan.zip' -> './Unihan.zip'
/blfs/builds/gucharmap-17.0.0/build
The Meson build system
Version: 1.7.0
Source dir: /blfs/builds/gucharmap-17.0.0
Build dir: /blfs/builds/gucharmap-17.0.0/build
Build type: native build
Project name: gucharmap
Project version: 17.0.0
C compiler for the host machine: cc (gcc 15.2.0 "cc (GCC) 15.2.0")
C linker for the host machine: cc ld.bfd 2.45
Host machine cpu family: x86_64
Host machine cpu: x86_64
Library dl found: YES
Checking for function "dlsym" with dependency -ldl: YES 
Compiler for C supports arguments -Waggregate-return: YES 
Compiler for C supports arguments -Wall: YES 
Compiler for C supports arguments -Wcast-align: YES 
Compiler for C supports arguments -Werror=implicit-function-declaration: YES 
Compiler for C supports arguments -Wextra: YES 
Compiler for C supports arguments -Wformat-signedness: YES 
Compiler for C supports arguments -Wimplicit: YES 
Compiler for C supports arguments -Winit-self: YES 
Compiler for C supports arguments -Wmissing-declarations: YES 
Compiler for C supports arguments -Wmissing-format-attribute: YES 
Compiler for C supports arguments -Wmissing-prototypes: YES 
Compiler for C supports arguments -Wnested-externs: YES 
Compiler for C supports arguments -Wno-missing-field-initializers: YES 
Compiler for C supports arguments -Wno-cast-function-type: YES 
Compiler for C supports arguments -Wno-deprecated-declarations: YES 
Compiler for C supports arguments -Wno-switch-enum: YES 
Compiler for C supports arguments -Wno-unused-parameter: YES 
Compiler for C supports arguments -Wold-style-definition: YES 
Compiler for C supports arguments -Wpacked: YES 
Compiler for C supports arguments -Wpointer-arith: YES 
Compiler for C supports arguments -Wshadow: YES 
Compiler for C supports arguments -Wsign-compare: YES 
Compiler for C supports arguments -Wstrict-aliasing=2: YES 
Compiler for C supports arguments -Wstrict-prototypes: YES 
Compiler for C supports arguments -Wuninitialized: YES 
Compiler for C supports arguments -Wunsafe-loop-optimizations: YES 
Compiler for C supports arguments -Wwrite-strings: YES 
Compiler for C supports arguments -fno-common: YES 
Compiler for C supports arguments -fno-strict-aliasing: YES 
Compiler for C supports arguments -fvisibility=hidden: YES 
Compiler for C supports arguments -fvisibility=hidden: YES (cached)
../meson.build:227: WARNING: Consider using the built-in warning_level option instead of using "-Wall".
../meson.build:227: WARNING: Consider using the built-in warning_level option instead of using "-Wextra".
Compiler for C supports link arguments -Wl,-Bsymbolic-functions: YES 
Found pkg-config: YES (/usr/bin/pkg-config) 2.5.1
Run-time dependency freetype2 found: YES 26.4.20
Run-time dependency gio-2.0 found: YES 2.86.0
Run-time dependency glib-2.0 found: YES 2.86.0
Run-time dependency libpcre2-8 found: YES 10.46
Run-time dependency gtk+-3.0 found: YES 3.24.50
Configuring config.h using configuration
Program msgfmt found: YES (/usr/bin/msgfmt)
Program msginit found: YES (/usr/bin/msginit)
Program msgmerge found: YES (/usr/bin/msgmerge)
Program xgettext found: YES (/usr/bin/xgettext)
Program itstool found: YES (/usr/bin/itstool)
Configuring gucharmap.desktop.in using configuration
Configuring gucharmap-version.h using configuration
Dependency glib-2.0 found: YES 2.86.0 (cached)
Program /usr/bin/glib-mkenums found: YES (/usr/bin/glib-mkenums)
Dependency glib-2.0 found: YES 2.86.0 (cached)
Program /usr/bin/glib-mkenums found: YES (/usr/bin/glib-mkenums)
Dependency glib-2.0 found: YES 2.86.0 (cached)
Program /usr/bin/glib-genmarshal found: YES (/usr/bin/glib-genmarshal)
Program gen-guch-unicode-tables.pl found: YES (/blfs/builds/gucharmap-17.0.0/gucharmap/gen-guch-unicode-tables.pl)
Run-time dependency gobject-introspection-1.0 found: YES 1.86.0
Dependency gobject-introspection-1.0 found: YES 1.86.0 (cached)
Program /usr/bin/g-ir-scanner found: YES (/usr/bin/g-ir-scanner)
Dependency gobject-introspection-1.0 found: YES 1.86.0 (cached)
Program /usr/bin/g-ir-compiler found: YES (/usr/bin/g-ir-compiler)
../gucharmap/meson.build:220: WARNING: add_languages is missing native:, assuming languages are wanted for both host and build.
Vala compiler for the host machine: valac (valac 0.56.18)
Program vapigen found: YES (/usr/bin/vapigen)
Dependency gio-2.0 found: YES 2.86.0 (cached)
Program /usr/bin/glib-compile-resources found: YES (/usr/bin/glib-compile-resources)
Dependency gio-2.0 found: YES 2.86.0 (cached)
Program /usr/bin/glib-compile-schemas found: YES (/usr/bin/glib-compile-schemas)
Program meson_changelog.sh found: YES (/blfs/builds/gucharmap-17.0.0/meson_changelog.sh)
Configuring Makefile using configuration
Configuring .gitignore with command
Message: 
Configuration for Gucharmap:

  Version:                17.0.0
  Unicode version:        17.0.0

  C compiler:             gcc

  Coverage:               false
  Charmap:                true
  Documentation:          false
  Debug:                  false
  GIR:                    true
  GTK+ 3.0:               true
  Vala:                   true

  Prefix:                 /usr
  Desktop data dir:       /usr/share/applications
  Schemas dir:            /usr/share/glib-2.0/schemas

Build targets in project: 105

gucharmap 17.0.0

  User defined options
    buildtype: release
    docs     : false
    prefix   : /usr
    strip    : true
    ucd_path : ./ucd

Found ninja-1.13.1 at /usr/bin/ninja
[1/125] Building translation po/am/LC_MESSAGES/gucharmap-am.mo
[2/125] Building translation po/as/LC_MESSAGES/gucharmap-as.mo
[3/125] Building translation po/ast/LC_MESSAGES/gucharmap-ast.mo
[4/125] Building translation po/af/LC_MESSAGES/gucharmap-af.mo
[5/125] Building translation po/az/LC_MESSAGES/gucharmap-az.mo
[6/125] Generating gucharmap/gucharmap-resources_c with a custom command
[7/125] Generating gucharmap/gucharmap-resources_h with a custom command
[8/125] Building translation po/ar/LC_MESSAGES/gucharmap-ar.mo
[9/125] Building translation po/be/LC_MESSAGES/gucharmap-be.mo
[10/125] Building translation po/bg/LC_MESSAGES/gucharmap-bg.mo
[11/125] Building translation po/be@latin/LC_MESSAGES/gucharmap-be@latin.mo
[12/125] Building translation po/bn/LC_MESSAGES/gucharmap-bn.mo
[13/125] Building translation po/bs/LC_MESSAGES/gucharmap-bs.mo
[14/125] Building translation po/br/LC_MESSAGES/gucharmap-br.mo
[15/125] Building translation po/bn_IN/LC_MESSAGES/gucharmap-bn_IN.mo
[16/125] Building translation po/cy/LC_MESSAGES/gucharmap-cy.mo
[17/125] Building translation po/ca@valencia/LC_MESSAGES/gucharmap-ca@valencia.mo
[18/125] Building translation po/ca/LC_MESSAGES/gucharmap-ca.mo
[19/125] Building translation po/da/LC_MESSAGES/gucharmap-da.mo
[20/125] Building translation po/dz/LC_MESSAGES/gucharmap-dz.mo
[21/125] Building translation po/cs/LC_MESSAGES/gucharmap-cs.mo
[22/125] Building translation po/en_GB/LC_MESSAGES/gucharmap-en_GB.mo
[23/125] Building translation po/de/LC_MESSAGES/gucharmap-de.mo
[24/125] Building translation po/en_CA/LC_MESSAGES/gucharmap-en_CA.mo
[25/125] Building translation po/eo/LC_MESSAGES/gucharmap-eo.mo
[26/125] Building translation po/el/LC_MESSAGES/gucharmap-el.mo
[27/125] Building translation po/en@shaw/LC_MESSAGES/gucharmap-en@shaw.mo
[28/125] Building translation po/fa/LC_MESSAGES/gucharmap-fa.mo
[29/125] Building translation po/es/LC_MESSAGES/gucharmap-es.mo
[30/125] Building translation po/et/LC_MESSAGES/gucharmap-et.mo
[31/125] Building translation po/fi/LC_MESSAGES/gucharmap-fi.mo
[32/125] Building translation po/eu/LC_MESSAGES/gucharmap-eu.mo
[33/125] Building translation po/gu/LC_MESSAGES/gucharmap-gu.mo
[34/125] Building translation po/gl/LC_MESSAGES/gucharmap-gl.mo
[35/125] Building translation po/fr/LC_MESSAGES/gucharmap-fr.mo
[36/125] Building translation po/ga/LC_MESSAGES/gucharmap-ga.mo
[37/125] Generating glib marshaller header gucharmap/gucharmap-marshal_h
[38/125] Building translation po/he/LC_MESSAGES/gucharmap-he.mo
[39/125] Building translation po/hi/LC_MESSAGES/gucharmap-hi.mo
[40/125] Building translation po/is/LC_MESSAGES/gucharmap-is.mo
[41/125] Building translation po/hr/LC_MESSAGES/gucharmap-hr.mo
[42/125] Building translation po/hu/LC_MESSAGES/gucharmap-hu.mo
[43/125] Building translation po/ka/LC_MESSAGES/gucharmap-ka.mo
[44/125] Building translation po/id/LC_MESSAGES/gucharmap-id.mo
[45/125] Building translation po/it/LC_MESSAGES/gucharmap-it.mo
[46/125] Building translation po/ja/LC_MESSAGES/gucharmap-ja.mo
[47/125] Building translation po/ko/LC_MESSAGES/gucharmap-ko.mo
[48/125] Building translation po/mai/LC_MESSAGES/gucharmap-mai.mo
[49/125] Building translation po/kn/LC_MESSAGES/gucharmap-kn.mo
[50/125] Building translation po/lt/LC_MESSAGES/gucharmap-lt.mo
[51/125] Building translation po/kk/LC_MESSAGES/gucharmap-kk.mo
[52/125] Building translation po/mi/LC_MESSAGES/gucharmap-mi.mo
[53/125] Building translation po/mk/LC_MESSAGES/gucharmap-mk.mo
[54/125] Building translation po/ml/LC_MESSAGES/gucharmap-ml.mo
[55/125] Building translation po/lv/LC_MESSAGES/gucharmap-lv.mo
[56/125] Building translation po/ms/LC_MESSAGES/gucharmap-ms.mo
[57/125] Building translation po/mn/LC_MESSAGES/gucharmap-mn.mo
[58/125] Building translation po/mr/LC_MESSAGES/gucharmap-mr.mo
[59/125] Building translation po/oc/LC_MESSAGES/gucharmap-oc.mo
[60/125] Building translation po/nb/LC_MESSAGES/gucharmap-nb.mo
[61/125] Building translation po/nl/LC_MESSAGES/gucharmap-nl.mo
[62/125] Building translation po/ne/LC_MESSAGES/gucharmap-ne.mo
[63/125] Building translation po/nn/LC_MESSAGES/gucharmap-nn.mo
[64/125] Building translation po/pt_BR/LC_MESSAGES/gucharmap-pt_BR.mo
[65/125] Building translation po/or/LC_MESSAGES/gucharmap-or.mo
[66/125] Building translation po/pa/LC_MESSAGES/gucharmap-pa.mo
[67/125] Building translation po/pl/LC_MESSAGES/gucharmap-pl.mo
[68/125] Generating glib marshaller source gucharmap/gucharmap-marshal_c
[69/125] Building translation po/ro/LC_MESSAGES/gucharmap-ro.mo
[70/125] Building translation po/ru/LC_MESSAGES/gucharmap-ru.mo
[71/125] Building translation po/pt/LC_MESSAGES/gucharmap-pt.mo
[72/125] Building translation po/rw/LC_MESSAGES/gucharmap-rw.mo
[73/125] Building translation po/si/LC_MESSAGES/gucharmap-si.mo
[74/125] Building translation po/sq/LC_MESSAGES/gucharmap-sq.mo
[75/125] Building translation po/sr@latin/LC_MESSAGES/gucharmap-sr@latin.mo
[76/125] Building translation po/sl/LC_MESSAGES/gucharmap-sl.mo
[77/125] Building translation po/sk/LC_MESSAGES/gucharmap-sk.mo
[78/125] Building translation po/sv/LC_MESSAGES/gucharmap-sv.mo
[79/125] Building translation po/sr/LC_MESSAGES/gucharmap-sr.mo
[80/125] Building translation po/tg/LC_MESSAGES/gucharmap-tg.mo
[81/125] Building translation po/ta/LC_MESSAGES/gucharmap-ta.mo
[82/125] Building translation po/te/LC_MESSAGES/gucharmap-te.mo
[83/125] Building translation po/ug/LC_MESSAGES/gucharmap-ug.mo
[84/125] Building translation po/th/LC_MESSAGES/gucharmap-th.mo
[85/125] Building translation po/tr/LC_MESSAGES/gucharmap-tr.mo
[86/125] Building translation po/zh_CN/LC_MESSAGES/gucharmap-zh_CN.mo
[87/125] Building translation po/vi/LC_MESSAGES/gucharmap-vi.mo
[88/125] Building translation po/wa/LC_MESSAGES/gucharmap-wa.mo
[89/125] Building translation po/uk/LC_MESSAGES/gucharmap-uk.mo
[90/125] Building translation po/xh/LC_MESSAGES/gucharmap-xh.mo
[91/125] Building translation po/zh_TW/LC_MESSAGES/gucharmap-zh_TW.mo
[92/125] Building translation po/zh_HK/LC_MESSAGES/gucharmap-zh_HK.mo
[93/125] Generating GObject enum file gucharmap/gucharmap-type-builtins.h (wrapped by meson to capture output)
[94/125] Generating GObject enum file gucharmap/gucharmap-type-builtins.c (wrapped by meson to capture output)
[95/125] Merging translations for data/gucharmap.metainfo.xml
FAILED: [code=1] data/gucharmap.metainfo.xml 
/usr/bin/meson --internal itstool join -i ../data/gucharmap.metainfo.xml.in -o data/gucharmap.metainfo.xml --itstool=/usr/bin/itstool --its /blfs/builds/gucharmap-17.0.0/data/metainfo.its po/af/LC_MESSAGES/gucharmap.mo po/am/LC_MESSAGES/gucharmap.mo po/ar/LC_MESSAGES/gucharmap.mo po/as/LC_MESSAGES/gucharmap.mo po/ast/LC_MESSAGES/gucharmap.mo po/az/LC_MESSAGES/gucharmap.mo po/be/LC_MESSAGES/gucharmap.mo po/be@latin/LC_MESSAGES/gucharmap.mo po/bg/LC_MESSAGES/gucharmap.mo po/bn/LC_MESSAGES/gucharmap.mo po/bn_IN/LC_MESSAGES/gucharmap.mo po/br/LC_MESSAGES/gucharmap.mo po/bs/LC_MESSAGES/gucharmap.mo po/ca/LC_MESSAGES/gucharmap.mo po/ca@valencia/LC_MESSAGES/gucharmap.mo po/cs/LC_MESSAGES/gucharmap.mo po/cy/LC_MESSAGES/gucharmap.mo po/da/LC_MESSAGES/gucharmap.mo po/de/LC_MESSAGES/gucharmap.mo po/dz/LC_MESSAGES/gucharmap.mo po/el/LC_MESSAGES/gucharmap.mo po/en_CA/LC_MESSAGES/gucharmap.mo po/en_GB/LC_MESSAGES/gucharmap.mo po/en@shaw/LC_MESSAGES/gucharmap.mo po/eo/LC_MESSAGES/gucharmap.mo po/es/LC_MESSAGES/gucharmap.mo po/et/LC_MESSAGES/gucharmap.mo po/eu/LC_MESSAGES/gucharmap.mo po/fa/LC_MESSAGES/gucharmap.mo po/fi/LC_MESSAGES/gucharmap.mo po/fr/LC_MESSAGES/gucharmap.mo po/ga/LC_MESSAGES/gucharmap.mo po/gl/LC_MESSAGES/gucharmap.mo po/gu/LC_MESSAGES/gucharmap.mo po/he/LC_MESSAGES/gucharmap.mo po/hi/LC_MESSAGES/gucharmap.mo po/hr/LC_MESSAGES/gucharmap.mo po/hu/LC_MESSAGES/gucharmap.mo po/id/LC_MESSAGES/gucharmap.mo po/is/LC_MESSAGES/gucharmap.mo po/it/LC_MESSAGES/gucharmap.mo po/ja/LC_MESSAGES/gucharmap.mo po/ka/LC_MESSAGES/gucharmap.mo po/kk/LC_MESSAGES/gucharmap.mo po/kn/LC_MESSAGES/gucharmap.mo po/ko/LC_MESSAGES/gucharmap.mo po/lt/LC_MESSAGES/gucharmap.mo po/lv/LC_MESSAGES/gucharmap.mo po/mai/LC_MESSAGES/gucharmap.mo po/mi/LC_MESSAGES/gucharmap.mo po/mk/LC_MESSAGES/gucharmap.mo po/ml/LC_MESSAGES/gucharmap.mo po/mn/LC_MESSAGES/gucharmap.mo po/mr/LC_MESSAGES/gucharmap.mo po/ms/LC_MESSAGES/gucharmap.mo po/nb/LC_MESSAGES/gucharmap.mo po/ne/LC_MESSAGES/gucharmap.mo po/nl/LC_MESSAGES/gucharmap.mo po/nn/LC_MESSAGES/gucharmap.mo po/oc/LC_MESSAGES/gucharmap.mo po/or/LC_MESSAGES/gucharmap.mo po/pa/LC_MESSAGES/gucharmap.mo po/pl/LC_MESSAGES/gucharmap.mo po/pt/LC_MESSAGES/gucharmap.mo po/pt_BR/LC_MESSAGES/gucharmap.mo po/ro/LC_MESSAGES/gucharmap.mo po/ru/LC_MESSAGES/gucharmap.mo po/rw/LC_MESSAGES/gucharmap.mo po/si/LC_MESSAGES/gucharmap.mo po/sk/LC_MESSAGES/gucharmap.mo po/sl/LC_MESSAGES/gucharmap.mo po/sq/LC_MESSAGES/gucharmap.mo po/sr/LC_MESSAGES/gucharmap.mo po/sr@latin/LC_MESSAGES/gucharmap.mo po/sv/LC_MESSAGES/gucharmap.mo po/ta/LC_MESSAGES/gucharmap.mo po/te/LC_MESSAGES/gucharmap.mo po/tg/LC_MESSAGES/gucharmap.mo po/th/LC_MESSAGES/gucharmap.mo po/tr/LC_MESSAGES/gucharmap.mo po/ug/LC_MESSAGES/gucharmap.mo po/uk/LC_MESSAGES/gucharmap.mo po/vi/LC_MESSAGES/gucharmap.mo po/wa/LC_MESSAGES/gucharmap.mo po/xh/LC_MESSAGES/gucharmap.mo po/zh_CN/LC_MESSAGES/gucharmap.mo po/zh_HK/LC_MESSAGES/gucharmap.mo po/zh_TW/LC_MESSAGES/gucharmap.mo
Traceback (most recent call last):
  File "/usr/bin/itstool", line 27, in <module>
    import libxml2
ModuleNotFoundError: No module named 'libxml2'
[96/125] Compiling C object gucharmap/gucharmap.p/meson-generated_.._gucharmap-resources.c.o
[97/125] Generating gucharmap/unicode-data with a custom command
FAILED: [code=25] gucharmap/unicode-blocks.h gucharmap/unicode-categories.h gucharmap/unicode-names.h gucharmap/unicode-nameslist.h gucharmap/unicode-scripts.h gucharmap/unicode-unihan.h gucharmap/unicode-versions.h 
/blfs/builds/gucharmap-17.0.0/gucharmap/gen-guch-unicode-tables.pl 17.0.0 ./ucd gucharmap
processing ./ucd/UnicodeData.txt... done.
processing ./ucd/NamesList.txt..../ucd contains unicode data for version 16.0.0 but version 17.0.0 is required at /blfs/builds/gucharmap-17.0.0/gucharmap/gen-guch-unicode-tables.pl line 629, <$nameslist> line 2.
[98/125] Merging translations for data/gucharmap.desktop
[99/125] Compiling C object gucharmap/gucharmap.p/gucharmap-settings.c.o
[100/125] Compiling C object gucharmap/gucharmap.p/gucharmap-print-operation.c.o
[101/125] Compiling C object gucharmap/gucharmap.p/main.c.o
[102/125] Compiling C object gucharmap/gucharmap.p/gucharmap-mini-fontsel.c.o
[103/125] Compiling C object gucharmap/gucharmap.p/gucharmap-window.c.o
[104/125] Compiling C object gucharmap/gucharmap.p/gucharmap-search-dialog.c.o
ninja: build stopped: subcommand failed.
