--2025-09-27 07:18:55--  https://freedesktop.org/software/pulseaudio/pavucontrol/pavucontrol-6.2.tar.xz
Resolving freedesktop.org (freedesktop.org)... 131.252.210.176
Connecting to freedesktop.org (freedesktop.org)|131.252.210.176|:443... connected.
HTTP request sent, awaiting response... 200 OK
Length: 198492 (194K) [application/x-xz]
Saving to: ‘pavucontrol-6.2.tar.xz’

     0K .......... .......... .......... .......... .......... 25%  367K 0s
    50K .......... .......... .......... .......... .......... 51%  691K 0s
   100K .......... .......... .......... .......... .......... 77%  712K 0s
   150K .......... .......... .......... .......... ...       100% 1.19M=0.3s

2025-09-27 07:18:56 (615 KB/s) - ‘pavucontrol-6.2.tar.xz’ saved [198492/198492]

pavucontrol-6.2/
pavucontrol-6.2/.gitignore
pavucontrol-6.2/LICENSE
pavucontrol-6.2/doc/
pavucontrol-6.2/doc/README.html.in
pavucontrol-6.2/doc/html2txt
pavucontrol-6.2/doc/meson.build
pavucontrol-6.2/doc/screenshot.png
pavucontrol-6.2/doc/style.css
pavucontrol-6.2/meson.build
pavucontrol-6.2/meson_options.txt
pavucontrol-6.2/po/
pavucontrol-6.2/po/.gitignore
pavucontrol-6.2/po/LINGUAS
pavucontrol-6.2/po/POTFILES.in
pavucontrol-6.2/po/af.po
pavucontrol-6.2/po/ar.po
pavucontrol-6.2/po/as.po
pavucontrol-6.2/po/ast.po
pavucontrol-6.2/po/be.po
pavucontrol-6.2/po/bn_IN.po
pavucontrol-6.2/po/ca.po
pavucontrol-6.2/po/ca@valencia.po
pavucontrol-6.2/po/cs.po
pavucontrol-6.2/po/da.po
pavucontrol-6.2/po/de.po
pavucontrol-6.2/po/el.po
pavucontrol-6.2/po/es.po
pavucontrol-6.2/po/eu.po
pavucontrol-6.2/po/fi.po
pavucontrol-6.2/po/fr.po
pavucontrol-6.2/po/gl.po
pavucontrol-6.2/po/gu.po
pavucontrol-6.2/po/he.po
pavucontrol-6.2/po/hi.po
pavucontrol-6.2/po/hr.po
pavucontrol-6.2/po/hu.po
pavucontrol-6.2/po/id.po
pavucontrol-6.2/po/it.po
pavucontrol-6.2/po/ja.po
pavucontrol-6.2/po/ka.po
pavucontrol-6.2/po/kk.po
pavucontrol-6.2/po/kn.po
pavucontrol-6.2/po/ko.po
pavucontrol-6.2/po/lt.po
pavucontrol-6.2/po/meson.build
pavucontrol-6.2/po/ml.po
pavucontrol-6.2/po/mr.po
pavucontrol-6.2/po/nb_NO.po
pavucontrol-6.2/po/nl.po
pavucontrol-6.2/po/nn.po
pavucontrol-6.2/po/or.po
pavucontrol-6.2/po/pa.po
pavucontrol-6.2/po/pavucontrol.pot
pavucontrol-6.2/po/pl.po
pavucontrol-6.2/po/pt.po
pavucontrol-6.2/po/pt_BR.po
pavucontrol-6.2/po/ro.po
pavucontrol-6.2/po/ru.po
pavucontrol-6.2/po/si.po
pavucontrol-6.2/po/sk.po
pavucontrol-6.2/po/sl.po
pavucontrol-6.2/po/sr.po
pavucontrol-6.2/po/sr@latin.po
pavucontrol-6.2/po/sv.po
pavucontrol-6.2/po/ta.po
pavucontrol-6.2/po/te.po
pavucontrol-6.2/po/th.po
pavucontrol-6.2/po/tr.po
pavucontrol-6.2/po/uk.po
pavucontrol-6.2/po/zh_CN.po
pavucontrol-6.2/po/zh_TW.po
pavucontrol-6.2/src/
pavucontrol-6.2/src/.gitignore
pavucontrol-6.2/src/cardwidget.cc
pavucontrol-6.2/src/cardwidget.h
pavucontrol-6.2/src/cardwidget.ui
pavucontrol-6.2/src/channelwidget.cc
pavucontrol-6.2/src/channelwidget.h
pavucontrol-6.2/src/channelwidget.ui
pavucontrol-6.2/src/devicewidget.cc
pavucontrol-6.2/src/devicewidget.h
pavucontrol-6.2/src/devicewidget.ui
pavucontrol-6.2/src/i18n.h
pavucontrol-6.2/src/mainwindow.cc
pavucontrol-6.2/src/mainwindow.h
pavucontrol-6.2/src/mainwindow.ui
pavucontrol-6.2/src/meson.build
pavucontrol-6.2/src/minimalstreamwidget.cc
pavucontrol-6.2/src/minimalstreamwidget.h
pavucontrol-6.2/src/org.pulseaudio.pavucontrol-symbolic.svg
pavucontrol-6.2/src/org.pulseaudio.pavucontrol.Devel.svg
pavucontrol-6.2/src/org.pulseaudio.pavucontrol.Source.svg
pavucontrol-6.2/src/org.pulseaudio.pavucontrol.desktop.in
pavucontrol-6.2/src/org.pulseaudio.pavucontrol.metainfo.xml.in
pavucontrol-6.2/src/org.pulseaudio.pavucontrol.svg
pavucontrol-6.2/src/pavuapplication.cc
pavucontrol-6.2/src/pavuapplication.h
pavucontrol-6.2/src/pavucontrol.cc
pavucontrol-6.2/src/pavucontrol.h
pavucontrol-6.2/src/renamedialog.ui
pavucontrol-6.2/src/resources.gresource.xml
pavucontrol-6.2/src/rolewidget.cc
pavucontrol-6.2/src/rolewidget.h
pavucontrol-6.2/src/sinkinputwidget.cc
pavucontrol-6.2/src/sinkinputwidget.h
pavucontrol-6.2/src/sinkwidget.cc
pavucontrol-6.2/src/sinkwidget.h
pavucontrol-6.2/src/sourceoutputwidget.cc
pavucontrol-6.2/src/sourceoutputwidget.h
pavucontrol-6.2/src/sourcewidget.cc
pavucontrol-6.2/src/sourcewidget.h
pavucontrol-6.2/src/streamwidget.cc
pavucontrol-6.2/src/streamwidget.h
pavucontrol-6.2/src/streamwidget.ui
The Meson build system
Version: 1.7.0
Source dir: /blfs/builds/pavucontrol-6.2
Build dir: /blfs/builds/pavucontrol-6.2/build
Build type: native build
Project name: pavucontrol
Project version: 6.2
C++ compiler for the host machine: c++ (gcc 15.2.0 "c++ (GCC) 15.2.0")
C++ linker for the host machine: c++ ld.bfd 2.45
Host machine cpu family: x86_64
Host machine cpu: x86_64
Found pkg-config: YES (/usr/bin/pkg-config) 2.5.1
Run-time dependency gtkmm-4.0 found: YES 4.14.0
Run-time dependency sigc++-3.0 found: YES 3.6.0
Run-time dependency libcanberra found: YES 0.30
Run-time dependency libpulse found: YES 17.0
Run-time dependency libpulse-mainloop-glib found: YES 17.0
Checking for function "pa_context_send_message_to_object" with dependency libpulse: YES 
Run-time dependency json-glib-1.0 found: YES 1.10.8
Program lynx found: YES (/usr/bin/lynx)
Program tidy found: NO
Configuring config.h using configuration
Configuring README.html using configuration
Program ./html2txt found: YES (/blfs/builds/pavucontrol-6.2/doc/./html2txt)
Program msgfmt found: YES (/usr/bin/msgfmt)
Program msginit found: YES (/usr/bin/msginit)
Program msgmerge found: YES (/usr/bin/msgmerge)
Program xgettext found: YES (/usr/bin/xgettext)
Build-time dependency gio-2.0 found: YES 2.86.0
Program /usr/bin/glib-compile-resources found: YES (/usr/bin/glib-compile-resources)
Build targets in project: 64

pavucontrol 6.2

  User defined options
    buildtype: release
    prefix   : /usr

Found ninja-1.13.1 at /usr/bin/ninja
[1/75] Building translation po/ca/LC_MESSAGES/pavucontrol-ca.mo
[2/75] Building translation po/as/LC_MESSAGES/pavucontrol-as.mo
[3/75] Building translation po/bn_IN/LC_MESSAGES/pavucontrol-bn_IN.mo
[4/75] Building translation po/ca@valencia/LC_MESSAGES/pavucontrol-ca@valencia.mo
[5/75] Building translation po/da/LC_MESSAGES/pavucontrol-da.mo
[6/75] Building translation po/cs/LC_MESSAGES/pavucontrol-cs.mo
[7/75] Building translation po/el/LC_MESSAGES/pavucontrol-el.mo
[8/75] Building translation po/de/LC_MESSAGES/pavucontrol-de.mo
[9/75] Building translation po/es/LC_MESSAGES/pavucontrol-es.mo
[10/75] Building translation po/fi/LC_MESSAGES/pavucontrol-fi.mo
[11/75] Generating src/resources_cpp with a custom command
[12/75] Building translation po/fr/LC_MESSAGES/pavucontrol-fr.mo
[13/75] Building translation po/gu/LC_MESSAGES/pavucontrol-gu.mo
[14/75] Building translation po/it/LC_MESSAGES/pavucontrol-it.mo
[15/75] Generating src/resources_h with a custom command
[16/75] Building translation po/hi/LC_MESSAGES/pavucontrol-hi.mo
[17/75] Building translation po/hr/LC_MESSAGES/pavucontrol-hr.mo
[18/75] Building translation po/hu/LC_MESSAGES/pavucontrol-hu.mo
[19/75] Building translation po/ja/LC_MESSAGES/pavucontrol-ja.mo
[20/75] Building translation po/kn/LC_MESSAGES/pavucontrol-kn.mo
[21/75] Building translation po/ml/LC_MESSAGES/pavucontrol-ml.mo
[22/75] Building translation po/mr/LC_MESSAGES/pavucontrol-mr.mo
[23/75] Building translation po/ko/LC_MESSAGES/pavucontrol-ko.mo
[24/75] Building translation po/lt/LC_MESSAGES/pavucontrol-lt.mo
[25/75] Building translation po/nl/LC_MESSAGES/pavucontrol-nl.mo
[26/75] Generating doc/README with a custom command (wrapped by meson to capture output)
[27/75] Compiling C++ object src/pavucontrol.p/meson-generated_.._resources.cpp.o
[28/75] Compiling C++ object src/pavucontrol.p/channelwidget.cc.o
FAILED: [code=1] src/pavucontrol.p/channelwidget.cc.o 
c++ -Isrc/pavucontrol.p -Isrc -I../src -I. -I.. -I/usr/include/gtkmm-4.0 -I/usr/lib/gtkmm-4.0/include -I/usr/include/pangomm-2.48 -I/usr/lib/pangomm-2.48/include -I/usr/include/giomm-2.68 -I/usr/lib/giomm-2.68/include -I/usr/include/glibmm-2.68 -I/usr/lib/glibmm-2.68/include -I/usr/include/cairomm-1.16 -I/usr/lib/cairomm-1.16/include -I/usr/include/sigc++-3.0 -I/usr/lib/sigc++-3.0/include -I/usr/include/gtk-4.0/unix-print -I/usr/include/gtk-4.0 -I/usr/include/pango-1.0 -I/usr/include/fribidi -I/usr/include/harfbuzz -I/usr/include/gdk-pixbuf-2.0 -I/usr/include/webp -I/usr/include/cairo -I/usr/include/freetype2 -I/usr/include/libpng16 -I/usr/include/pixman-1 -I/usr/include/graphene-1.0 -I/usr/lib/graphene-1.0/include -I/usr/include/glib-2.0 -I/usr/lib/glib-2.0/include -I/usr/include/libmount -I/usr/include/blkid -I/usr/include/sysprof-6 -I/usr/include/json-glib-1.0 -fdiagnostics-color=always -D_GLIBCXX_ASSERTIONS=1 -D_FILE_OFFSET_BITS=64 -Wall -Winvalid-pch -std=c++17 -O3 -O2 -pthread -D_REENTRANT -mfpmath=sse -msse -msse2 -DHAVE_CONFIG_H -DHAVE_PULSE_MESSAGING_API -MD -MQ src/pavucontrol.p/channelwidget.cc.o -MF src/pavucontrol.p/channelwidget.cc.o.d -o src/pavucontrol.p/channelwidget.cc.o -c ../src/channelwidget.cc
In file included from /usr/include/gtkmm-4.0/gtkmm/icontheme.h:31,
                 from /usr/include/gtkmm-4.0/gtkmm.h:213,
                 from ../src/pavucontrol.h:28,
                 from ../src/channelwidget.h:24,
                 from ../src/channelwidget.cc:25:
/usr/include/gtkmm-4.0/gtkmm/iconpaintable.h:36:7: error: conflicting declaration ‘using GtkIconPaintableClass = struct _GtkIconPaintableClass’
   36 | using GtkIconPaintableClass = struct _GtkIconPaintableClass;
      |       ^~~~~~~~~~~~~~~~~~~~~
In file included from /usr/include/glib-2.0/gobject/gobject.h:26,
                 from /usr/include/glib-2.0/gobject/gbinding.h:31,
                 from /usr/include/glib-2.0/glib-object.h:24,
                 from /usr/include/glibmm-2.68/glibmm/class.h:21,
                 from /usr/include/glibmm-2.68/glibmm/objectbase.h:21,
                 from /usr/include/glibmm-2.68/glibmm/object.h:29,
                 from /usr/include/glibmm-2.68/glibmm/binding.h:22,
                 from /usr/include/glibmm-2.68/glibmm.h:104,
                 from /usr/include/gtkmm-4.0/gtkmm.h:100:
/usr/include/gtk-4.0/gtk/gtkiconpaintable.h:31:23: note: previous declaration as ‘typedef struct GtkIconPaintableClass GtkIconPaintableClass’
   31 | G_DECLARE_FINAL_TYPE (GtkIconPaintable, gtk_icon_paintable, GTK, ICON_PAINTABLE, GObject)
      |                       ^~~~~~~~~~~~~~~~
/usr/include/glib-2.0/gobject/gtype.h:1612:54: note: in definition of macro ‘G_DECLARE_FINAL_TYPE’
 1612 |   typedef struct { ParentName##Class parent_class; } ModuleObjName##Class;                               \
      |                                                      ^~~~~~~~~~~~~
[29/75] Compiling C++ object src/pavucontrol.p/pavucontrol.cc.o
FAILED: [code=1] src/pavucontrol.p/pavucontrol.cc.o 
c++ -Isrc/pavucontrol.p -Isrc -I../src -I. -I.. -I/usr/include/gtkmm-4.0 -I/usr/lib/gtkmm-4.0/include -I/usr/include/pangomm-2.48 -I/usr/lib/pangomm-2.48/include -I/usr/include/giomm-2.68 -I/usr/lib/giomm-2.68/include -I/usr/include/glibmm-2.68 -I/usr/lib/glibmm-2.68/include -I/usr/include/cairomm-1.16 -I/usr/lib/cairomm-1.16/include -I/usr/include/sigc++-3.0 -I/usr/lib/sigc++-3.0/include -I/usr/include/gtk-4.0/unix-print -I/usr/include/gtk-4.0 -I/usr/include/pango-1.0 -I/usr/include/fribidi -I/usr/include/harfbuzz -I/usr/include/gdk-pixbuf-2.0 -I/usr/include/webp -I/usr/include/cairo -I/usr/include/freetype2 -I/usr/include/libpng16 -I/usr/include/pixman-1 -I/usr/include/graphene-1.0 -I/usr/lib/graphene-1.0/include -I/usr/include/glib-2.0 -I/usr/lib/glib-2.0/include -I/usr/include/libmount -I/usr/include/blkid -I/usr/include/sysprof-6 -I/usr/include/json-glib-1.0 -fdiagnostics-color=always -D_GLIBCXX_ASSERTIONS=1 -D_FILE_OFFSET_BITS=64 -Wall -Winvalid-pch -std=c++17 -O3 -O2 -pthread -D_REENTRANT -mfpmath=sse -msse -msse2 -DHAVE_CONFIG_H -DHAVE_PULSE_MESSAGING_API -MD -MQ src/pavucontrol.p/pavucontrol.cc.o -MF src/pavucontrol.p/pavucontrol.cc.o.d -o src/pavucontrol.p/pavucontrol.cc.o -c ../src/pavucontrol.cc
In file included from /usr/include/gtkmm-4.0/gtkmm/icontheme.h:31,
                 from /usr/include/gtkmm-4.0/gtkmm.h:213,
                 from ../src/pavucontrol.h:28,
                 from ../src/pavucontrol.cc:32:
/usr/include/gtkmm-4.0/gtkmm/iconpaintable.h:36:7: error: conflicting declaration ‘using GtkIconPaintableClass = struct _GtkIconPaintableClass’
   36 | using GtkIconPaintableClass = struct _GtkIconPaintableClass;
      |       ^~~~~~~~~~~~~~~~~~~~~
In file included from /usr/include/glib-2.0/gobject/gobject.h:26,
                 from /usr/include/glib-2.0/gobject/gbinding.h:31,
                 from /usr/include/glib-2.0/glib-object.h:24,
                 from /usr/include/json-glib-1.0/json-glib/json-types.h:32,
                 from /usr/include/json-glib-1.0/json-glib/json-glib.h:29,
                 from ../src/pavucontrol.cc:29:
/usr/include/gtk-4.0/gtk/gtkiconpaintable.h:31:23: note: previous declaration as ‘typedef struct GtkIconPaintableClass GtkIconPaintableClass’
   31 | G_DECLARE_FINAL_TYPE (GtkIconPaintable, gtk_icon_paintable, GTK, ICON_PAINTABLE, GObject)
      |                       ^~~~~~~~~~~~~~~~
/usr/include/glib-2.0/gobject/gtype.h:1612:54: note: in definition of macro ‘G_DECLARE_FINAL_TYPE’
 1612 |   typedef struct { ParentName##Class parent_class; } ModuleObjName##Class;                               \
      |                                                      ^~~~~~~~~~~~~
[30/75] Compiling C++ object src/pavucontrol.p/devicewidget.cc.o
FAILED: [code=1] src/pavucontrol.p/devicewidget.cc.o 
c++ -Isrc/pavucontrol.p -Isrc -I../src -I. -I.. -I/usr/include/gtkmm-4.0 -I/usr/lib/gtkmm-4.0/include -I/usr/include/pangomm-2.48 -I/usr/lib/pangomm-2.48/include -I/usr/include/giomm-2.68 -I/usr/lib/giomm-2.68/include -I/usr/include/glibmm-2.68 -I/usr/lib/glibmm-2.68/include -I/usr/include/cairomm-1.16 -I/usr/lib/cairomm-1.16/include -I/usr/include/sigc++-3.0 -I/usr/lib/sigc++-3.0/include -I/usr/include/gtk-4.0/unix-print -I/usr/include/gtk-4.0 -I/usr/include/pango-1.0 -I/usr/include/fribidi -I/usr/include/harfbuzz -I/usr/include/gdk-pixbuf-2.0 -I/usr/include/webp -I/usr/include/cairo -I/usr/include/freetype2 -I/usr/include/libpng16 -I/usr/include/pixman-1 -I/usr/include/graphene-1.0 -I/usr/lib/graphene-1.0/include -I/usr/include/glib-2.0 -I/usr/lib/glib-2.0/include -I/usr/include/libmount -I/usr/include/blkid -I/usr/include/sysprof-6 -I/usr/include/json-glib-1.0 -fdiagnostics-color=always -D_GLIBCXX_ASSERTIONS=1 -D_FILE_OFFSET_BITS=64 -Wall -Winvalid-pch -std=c++17 -O3 -O2 -pthread -D_REENTRANT -mfpmath=sse -msse -msse2 -DHAVE_CONFIG_H -DHAVE_PULSE_MESSAGING_API -MD -MQ src/pavucontrol.p/devicewidget.cc.o -MF src/pavucontrol.p/devicewidget.cc.o.d -o src/pavucontrol.p/devicewidget.cc.o -c ../src/devicewidget.cc
In file included from /usr/include/gtkmm-4.0/gtkmm/icontheme.h:31,
                 from /usr/include/gtkmm-4.0/gtkmm.h:213,
                 from ../src/pavucontrol.h:28,
                 from ../src/mainwindow.h:26,
                 from ../src/devicewidget.cc:27:
/usr/include/gtkmm-4.0/gtkmm/iconpaintable.h:36:7: error: conflicting declaration ‘using GtkIconPaintableClass = struct _GtkIconPaintableClass’
   36 | using GtkIconPaintableClass = struct _GtkIconPaintableClass;
      |       ^~~~~~~~~~~~~~~~~~~~~
In file included from /usr/include/glib-2.0/gobject/gobject.h:26,
                 from /usr/include/glib-2.0/gobject/gbinding.h:31,
                 from /usr/include/glib-2.0/glib-object.h:24,
                 from /usr/include/glibmm-2.68/glibmm/class.h:21,
                 from /usr/include/glibmm-2.68/glibmm/objectbase.h:21,
                 from /usr/include/glibmm-2.68/glibmm/object.h:29,
                 from /usr/include/glibmm-2.68/glibmm/binding.h:22,
                 from /usr/include/glibmm-2.68/glibmm.h:104,
                 from /usr/include/gtkmm-4.0/gtkmm.h:100:
/usr/include/gtk-4.0/gtk/gtkiconpaintable.h:31:23: note: previous declaration as ‘typedef struct GtkIconPaintableClass GtkIconPaintableClass’
   31 | G_DECLARE_FINAL_TYPE (GtkIconPaintable, gtk_icon_paintable, GTK, ICON_PAINTABLE, GObject)
      |                       ^~~~~~~~~~~~~~~~
/usr/include/glib-2.0/gobject/gtype.h:1612:54: note: in definition of macro ‘G_DECLARE_FINAL_TYPE’
 1612 |   typedef struct { ParentName##Class parent_class; } ModuleObjName##Class;                               \
      |                                                      ^~~~~~~~~~~~~
[31/75] Compiling C++ object src/pavucontrol.p/sinkwidget.cc.o
FAILED: [code=1] src/pavucontrol.p/sinkwidget.cc.o 
c++ -Isrc/pavucontrol.p -Isrc -I../src -I. -I.. -I/usr/include/gtkmm-4.0 -I/usr/lib/gtkmm-4.0/include -I/usr/include/pangomm-2.48 -I/usr/lib/pangomm-2.48/include -I/usr/include/giomm-2.68 -I/usr/lib/giomm-2.68/include -I/usr/include/glibmm-2.68 -I/usr/lib/glibmm-2.68/include -I/usr/include/cairomm-1.16 -I/usr/lib/cairomm-1.16/include -I/usr/include/sigc++-3.0 -I/usr/lib/sigc++-3.0/include -I/usr/include/gtk-4.0/unix-print -I/usr/include/gtk-4.0 -I/usr/include/pango-1.0 -I/usr/include/fribidi -I/usr/include/harfbuzz -I/usr/include/gdk-pixbuf-2.0 -I/usr/include/webp -I/usr/include/cairo -I/usr/include/freetype2 -I/usr/include/libpng16 -I/usr/include/pixman-1 -I/usr/include/graphene-1.0 -I/usr/lib/graphene-1.0/include -I/usr/include/glib-2.0 -I/usr/lib/glib-2.0/include -I/usr/include/libmount -I/usr/include/blkid -I/usr/include/sysprof-6 -I/usr/include/json-glib-1.0 -fdiagnostics-color=always -D_GLIBCXX_ASSERTIONS=1 -D_FILE_OFFSET_BITS=64 -Wall -Winvalid-pch -std=c++17 -O3 -O2 -pthread -D_REENTRANT -mfpmath=sse -msse -msse2 -DHAVE_CONFIG_H -DHAVE_PULSE_MESSAGING_API -MD -MQ src/pavucontrol.p/sinkwidget.cc.o -MF src/pavucontrol.p/sinkwidget.cc.o.d -o src/pavucontrol.p/sinkwidget.cc.o -c ../src/sinkwidget.cc
In file included from /usr/include/gtkmm-4.0/gtkmm/icontheme.h:31,
                 from /usr/include/gtkmm-4.0/gtkmm.h:213,
                 from ../src/pavucontrol.h:28,
                 from ../src/sinkwidget.h:24,
                 from ../src/sinkwidget.cc:25:
/usr/include/gtkmm-4.0/gtkmm/iconpaintable.h:36:7: error: conflicting declaration ‘using GtkIconPaintableClass = struct _GtkIconPaintableClass’
   36 | using GtkIconPaintableClass = struct _GtkIconPaintableClass;
      |       ^~~~~~~~~~~~~~~~~~~~~
In file included from /usr/include/glib-2.0/gobject/gobject.h:26,
                 from /usr/include/glib-2.0/gobject/gbinding.h:31,
                 from /usr/include/glib-2.0/glib-object.h:24,
                 from /usr/include/glibmm-2.68/glibmm/class.h:21,
                 from /usr/include/glibmm-2.68/glibmm/objectbase.h:21,
                 from /usr/include/glibmm-2.68/glibmm/object.h:29,
                 from /usr/include/glibmm-2.68/glibmm/binding.h:22,
                 from /usr/include/glibmm-2.68/glibmm.h:104,
                 from /usr/include/gtkmm-4.0/gtkmm.h:100:
/usr/include/gtk-4.0/gtk/gtkiconpaintable.h:31:23: note: previous declaration as ‘typedef struct GtkIconPaintableClass GtkIconPaintableClass’
   31 | G_DECLARE_FINAL_TYPE (GtkIconPaintable, gtk_icon_paintable, GTK, ICON_PAINTABLE, GObject)
      |                       ^~~~~~~~~~~~~~~~
/usr/include/glib-2.0/gobject/gtype.h:1612:54: note: in definition of macro ‘G_DECLARE_FINAL_TYPE’
 1612 |   typedef struct { ParentName##Class parent_class; } ModuleObjName##Class;                               \
      |                                                      ^~~~~~~~~~~~~
[32/75] Compiling C++ object src/pavucontrol.p/sinkinputwidget.cc.o
FAILED: [code=1] src/pavucontrol.p/sinkinputwidget.cc.o 
c++ -Isrc/pavucontrol.p -Isrc -I../src -I. -I.. -I/usr/include/gtkmm-4.0 -I/usr/lib/gtkmm-4.0/include -I/usr/include/pangomm-2.48 -I/usr/lib/pangomm-2.48/include -I/usr/include/giomm-2.68 -I/usr/lib/giomm-2.68/include -I/usr/include/glibmm-2.68 -I/usr/lib/glibmm-2.68/include -I/usr/include/cairomm-1.16 -I/usr/lib/cairomm-1.16/include -I/usr/include/sigc++-3.0 -I/usr/lib/sigc++-3.0/include -I/usr/include/gtk-4.0/unix-print -I/usr/include/gtk-4.0 -I/usr/include/pango-1.0 -I/usr/include/fribidi -I/usr/include/harfbuzz -I/usr/include/gdk-pixbuf-2.0 -I/usr/include/webp -I/usr/include/cairo -I/usr/include/freetype2 -I/usr/include/libpng16 -I/usr/include/pixman-1 -I/usr/include/graphene-1.0 -I/usr/lib/graphene-1.0/include -I/usr/include/glib-2.0 -I/usr/lib/glib-2.0/include -I/usr/include/libmount -I/usr/include/blkid -I/usr/include/sysprof-6 -I/usr/include/json-glib-1.0 -fdiagnostics-color=always -D_GLIBCXX_ASSERTIONS=1 -D_FILE_OFFSET_BITS=64 -Wall -Winvalid-pch -std=c++17 -O3 -O2 -pthread -D_REENTRANT -mfpmath=sse -msse -msse2 -DHAVE_CONFIG_H -DHAVE_PULSE_MESSAGING_API -MD -MQ src/pavucontrol.p/sinkinputwidget.cc.o -MF src/pavucontrol.p/sinkinputwidget.cc.o.d -o src/pavucontrol.p/sinkinputwidget.cc.o -c ../src/sinkinputwidget.cc
In file included from /usr/include/gtkmm-4.0/gtkmm/icontheme.h:31,
                 from /usr/include/gtkmm-4.0/gtkmm.h:213,
                 from ../src/pavucontrol.h:28,
                 from ../src/sinkinputwidget.h:24,
                 from ../src/sinkinputwidget.cc:25:
/usr/include/gtkmm-4.0/gtkmm/iconpaintable.h:36:7: error: conflicting declaration ‘using GtkIconPaintableClass = struct _GtkIconPaintableClass’
   36 | using GtkIconPaintableClass = struct _GtkIconPaintableClass;
      |       ^~~~~~~~~~~~~~~~~~~~~
In file included from /usr/include/glib-2.0/gobject/gobject.h:26,
                 from /usr/include/glib-2.0/gobject/gbinding.h:31,
                 from /usr/include/glib-2.0/glib-object.h:24,
                 from /usr/include/glibmm-2.68/glibmm/class.h:21,
                 from /usr/include/glibmm-2.68/glibmm/objectbase.h:21,
                 from /usr/include/glibmm-2.68/glibmm/object.h:29,
                 from /usr/include/glibmm-2.68/glibmm/binding.h:22,
                 from /usr/include/glibmm-2.68/glibmm.h:104,
                 from /usr/include/gtkmm-4.0/gtkmm.h:100:
/usr/include/gtk-4.0/gtk/gtkiconpaintable.h:31:23: note: previous declaration as ‘typedef struct GtkIconPaintableClass GtkIconPaintableClass’
   31 | G_DECLARE_FINAL_TYPE (GtkIconPaintable, gtk_icon_paintable, GTK, ICON_PAINTABLE, GObject)
      |                       ^~~~~~~~~~~~~~~~
/usr/include/glib-2.0/gobject/gtype.h:1612:54: note: in definition of macro ‘G_DECLARE_FINAL_TYPE’
 1612 |   typedef struct { ParentName##Class parent_class; } ModuleObjName##Class;                               \
      |                                                      ^~~~~~~~~~~~~
[33/75] Compiling C++ object src/pavucontrol.p/cardwidget.cc.o
FAILED: [code=1] src/pavucontrol.p/cardwidget.cc.o 
c++ -Isrc/pavucontrol.p -Isrc -I../src -I. -I.. -I/usr/include/gtkmm-4.0 -I/usr/lib/gtkmm-4.0/include -I/usr/include/pangomm-2.48 -I/usr/lib/pangomm-2.48/include -I/usr/include/giomm-2.68 -I/usr/lib/giomm-2.68/include -I/usr/include/glibmm-2.68 -I/usr/lib/glibmm-2.68/include -I/usr/include/cairomm-1.16 -I/usr/lib/cairomm-1.16/include -I/usr/include/sigc++-3.0 -I/usr/lib/sigc++-3.0/include -I/usr/include/gtk-4.0/unix-print -I/usr/include/gtk-4.0 -I/usr/include/pango-1.0 -I/usr/include/fribidi -I/usr/include/harfbuzz -I/usr/include/gdk-pixbuf-2.0 -I/usr/include/webp -I/usr/include/cairo -I/usr/include/freetype2 -I/usr/include/libpng16 -I/usr/include/pixman-1 -I/usr/include/graphene-1.0 -I/usr/lib/graphene-1.0/include -I/usr/include/glib-2.0 -I/usr/lib/glib-2.0/include -I/usr/include/libmount -I/usr/include/blkid -I/usr/include/sysprof-6 -I/usr/include/json-glib-1.0 -fdiagnostics-color=always -D_GLIBCXX_ASSERTIONS=1 -D_FILE_OFFSET_BITS=64 -Wall -Winvalid-pch -std=c++17 -O3 -O2 -pthread -D_REENTRANT -mfpmath=sse -msse -msse2 -DHAVE_CONFIG_H -DHAVE_PULSE_MESSAGING_API -MD -MQ src/pavucontrol.p/cardwidget.cc.o -MF src/pavucontrol.p/cardwidget.cc.o.d -o src/pavucontrol.p/cardwidget.cc.o -c ../src/cardwidget.cc
In file included from /usr/include/gtkmm-4.0/gtkmm/icontheme.h:31,
                 from /usr/include/gtkmm-4.0/gtkmm.h:213,
                 from ../src/pavucontrol.h:28,
                 from ../src/cardwidget.h:24,
                 from ../src/cardwidget.cc:25:
/usr/include/gtkmm-4.0/gtkmm/iconpaintable.h:36:7: error: conflicting declaration ‘using GtkIconPaintableClass = struct _GtkIconPaintableClass’
   36 | using GtkIconPaintableClass = struct _GtkIconPaintableClass;
      |       ^~~~~~~~~~~~~~~~~~~~~
In file included from /usr/include/glib-2.0/gobject/gobject.h:26,
                 from /usr/include/glib-2.0/gobject/gbinding.h:31,
                 from /usr/include/glib-2.0/glib-object.h:24,
                 from /usr/include/glibmm-2.68/glibmm/class.h:21,
                 from /usr/include/glibmm-2.68/glibmm/objectbase.h:21,
                 from /usr/include/glibmm-2.68/glibmm/object.h:29,
                 from /usr/include/glibmm-2.68/glibmm/binding.h:22,
                 from /usr/include/glibmm-2.68/glibmm.h:104,
                 from /usr/include/gtkmm-4.0/gtkmm.h:100:
/usr/include/gtk-4.0/gtk/gtkiconpaintable.h:31:23: note: previous declaration as ‘typedef struct GtkIconPaintableClass GtkIconPaintableClass’
   31 | G_DECLARE_FINAL_TYPE (GtkIconPaintable, gtk_icon_paintable, GTK, ICON_PAINTABLE, GObject)
      |                       ^~~~~~~~~~~~~~~~
/usr/include/glib-2.0/gobject/gtype.h:1612:54: note: in definition of macro ‘G_DECLARE_FINAL_TYPE’
 1612 |   typedef struct { ParentName##Class parent_class; } ModuleObjName##Class;                               \
      |                                                      ^~~~~~~~~~~~~
[34/75] Compiling C++ object src/pavucontrol.p/rolewidget.cc.o
FAILED: [code=1] src/pavucontrol.p/rolewidget.cc.o 
c++ -Isrc/pavucontrol.p -Isrc -I../src -I. -I.. -I/usr/include/gtkmm-4.0 -I/usr/lib/gtkmm-4.0/include -I/usr/include/pangomm-2.48 -I/usr/lib/pangomm-2.48/include -I/usr/include/giomm-2.68 -I/usr/lib/giomm-2.68/include -I/usr/include/glibmm-2.68 -I/usr/lib/glibmm-2.68/include -I/usr/include/cairomm-1.16 -I/usr/lib/cairomm-1.16/include -I/usr/include/sigc++-3.0 -I/usr/lib/sigc++-3.0/include -I/usr/include/gtk-4.0/unix-print -I/usr/include/gtk-4.0 -I/usr/include/pango-1.0 -I/usr/include/fribidi -I/usr/include/harfbuzz -I/usr/include/gdk-pixbuf-2.0 -I/usr/include/webp -I/usr/include/cairo -I/usr/include/freetype2 -I/usr/include/libpng16 -I/usr/include/pixman-1 -I/usr/include/graphene-1.0 -I/usr/lib/graphene-1.0/include -I/usr/include/glib-2.0 -I/usr/lib/glib-2.0/include -I/usr/include/libmount -I/usr/include/blkid -I/usr/include/sysprof-6 -I/usr/include/json-glib-1.0 -fdiagnostics-color=always -D_GLIBCXX_ASSERTIONS=1 -D_FILE_OFFSET_BITS=64 -Wall -Winvalid-pch -std=c++17 -O3 -O2 -pthread -D_REENTRANT -mfpmath=sse -msse -msse2 -DHAVE_CONFIG_H -DHAVE_PULSE_MESSAGING_API -MD -MQ src/pavucontrol.p/rolewidget.cc.o -MF src/pavucontrol.p/rolewidget.cc.o.d -o src/pavucontrol.p/rolewidget.cc.o -c ../src/rolewidget.cc
In file included from /usr/include/gtkmm-4.0/gtkmm/icontheme.h:31,
                 from /usr/include/gtkmm-4.0/gtkmm.h:213,
                 from ../src/pavucontrol.h:28,
                 from ../src/rolewidget.h:24,
                 from ../src/rolewidget.cc:25:
/usr/include/gtkmm-4.0/gtkmm/iconpaintable.h:36:7: error: conflicting declaration ‘using GtkIconPaintableClass = struct _GtkIconPaintableClass’
   36 | using GtkIconPaintableClass = struct _GtkIconPaintableClass;
      |       ^~~~~~~~~~~~~~~~~~~~~
In file included from /usr/include/glib-2.0/gobject/gobject.h:26,
                 from /usr/include/glib-2.0/gobject/gbinding.h:31,
                 from /usr/include/glib-2.0/glib-object.h:24,
                 from /usr/include/glibmm-2.68/glibmm/class.h:21,
                 from /usr/include/glibmm-2.68/glibmm/objectbase.h:21,
                 from /usr/include/glibmm-2.68/glibmm/object.h:29,
                 from /usr/include/glibmm-2.68/glibmm/binding.h:22,
                 from /usr/include/glibmm-2.68/glibmm.h:104,
                 from /usr/include/gtkmm-4.0/gtkmm.h:100:
/usr/include/gtk-4.0/gtk/gtkiconpaintable.h:31:23: note: previous declaration as ‘typedef struct GtkIconPaintableClass GtkIconPaintableClass’
   31 | G_DECLARE_FINAL_TYPE (GtkIconPaintable, gtk_icon_paintable, GTK, ICON_PAINTABLE, GObject)
      |                       ^~~~~~~~~~~~~~~~
/usr/include/glib-2.0/gobject/gtype.h:1612:54: note: in definition of macro ‘G_DECLARE_FINAL_TYPE’
 1612 |   typedef struct { ParentName##Class parent_class; } ModuleObjName##Class;                               \
      |                                                      ^~~~~~~~~~~~~
[35/75] Compiling C++ object src/pavucontrol.p/mainwindow.cc.o
FAILED: [code=1] src/pavucontrol.p/mainwindow.cc.o 
c++ -Isrc/pavucontrol.p -Isrc -I../src -I. -I.. -I/usr/include/gtkmm-4.0 -I/usr/lib/gtkmm-4.0/include -I/usr/include/pangomm-2.48 -I/usr/lib/pangomm-2.48/include -I/usr/include/giomm-2.68 -I/usr/lib/giomm-2.68/include -I/usr/include/glibmm-2.68 -I/usr/lib/glibmm-2.68/include -I/usr/include/cairomm-1.16 -I/usr/lib/cairomm-1.16/include -I/usr/include/sigc++-3.0 -I/usr/lib/sigc++-3.0/include -I/usr/include/gtk-4.0/unix-print -I/usr/include/gtk-4.0 -I/usr/include/pango-1.0 -I/usr/include/fribidi -I/usr/include/harfbuzz -I/usr/include/gdk-pixbuf-2.0 -I/usr/include/webp -I/usr/include/cairo -I/usr/include/freetype2 -I/usr/include/libpng16 -I/usr/include/pixman-1 -I/usr/include/graphene-1.0 -I/usr/lib/graphene-1.0/include -I/usr/include/glib-2.0 -I/usr/lib/glib-2.0/include -I/usr/include/libmount -I/usr/include/blkid -I/usr/include/sysprof-6 -I/usr/include/json-glib-1.0 -fdiagnostics-color=always -D_GLIBCXX_ASSERTIONS=1 -D_FILE_OFFSET_BITS=64 -Wall -Winvalid-pch -std=c++17 -O3 -O2 -pthread -D_REENTRANT -mfpmath=sse -msse -msse2 -DHAVE_CONFIG_H -DHAVE_PULSE_MESSAGING_API -MD -MQ src/pavucontrol.p/mainwindow.cc.o -MF src/pavucontrol.p/mainwindow.cc.o.d -o src/pavucontrol.p/mainwindow.cc.o -c ../src/mainwindow.cc
In file included from /usr/include/gtkmm-4.0/gtkmm/icontheme.h:31,
                 from /usr/include/gtkmm-4.0/gtkmm.h:213,
                 from ../src/pavucontrol.h:28,
                 from ../src/mainwindow.h:26,
                 from ../src/mainwindow.cc:27:
/usr/include/gtkmm-4.0/gtkmm/iconpaintable.h:36:7: error: conflicting declaration ‘using GtkIconPaintableClass = struct _GtkIconPaintableClass’
   36 | using GtkIconPaintableClass = struct _GtkIconPaintableClass;
      |       ^~~~~~~~~~~~~~~~~~~~~
In file included from /usr/include/glib-2.0/gobject/gobject.h:26,
                 from /usr/include/glib-2.0/gobject/gbinding.h:31,
                 from /usr/include/glib-2.0/glib-object.h:24,
                 from /usr/include/glibmm-2.68/glibmm/class.h:21,
                 from /usr/include/glibmm-2.68/glibmm/objectbase.h:21,
                 from /usr/include/glibmm-2.68/glibmm/object.h:29,
                 from /usr/include/glibmm-2.68/glibmm/binding.h:22,
                 from /usr/include/glibmm-2.68/glibmm.h:104,
                 from /usr/include/gtkmm-4.0/gtkmm.h:100:
/usr/include/gtk-4.0/gtk/gtkiconpaintable.h:31:23: note: previous declaration as ‘typedef struct GtkIconPaintableClass GtkIconPaintableClass’
   31 | G_DECLARE_FINAL_TYPE (GtkIconPaintable, gtk_icon_paintable, GTK, ICON_PAINTABLE, GObject)
      |                       ^~~~~~~~~~~~~~~~
/usr/include/glib-2.0/gobject/gtype.h:1612:54: note: in definition of macro ‘G_DECLARE_FINAL_TYPE’
 1612 |   typedef struct { ParentName##Class parent_class; } ModuleObjName##Class;                               \
      |                                                      ^~~~~~~~~~~~~
[36/75] Compiling C++ object src/pavucontrol.p/minimalstreamwidget.cc.o
FAILED: [code=1] src/pavucontrol.p/minimalstreamwidget.cc.o 
c++ -Isrc/pavucontrol.p -Isrc -I../src -I. -I.. -I/usr/include/gtkmm-4.0 -I/usr/lib/gtkmm-4.0/include -I/usr/include/pangomm-2.48 -I/usr/lib/pangomm-2.48/include -I/usr/include/giomm-2.68 -I/usr/lib/giomm-2.68/include -I/usr/include/glibmm-2.68 -I/usr/lib/glibmm-2.68/include -I/usr/include/cairomm-1.16 -I/usr/lib/cairomm-1.16/include -I/usr/include/sigc++-3.0 -I/usr/lib/sigc++-3.0/include -I/usr/include/gtk-4.0/unix-print -I/usr/include/gtk-4.0 -I/usr/include/pango-1.0 -I/usr/include/fribidi -I/usr/include/harfbuzz -I/usr/include/gdk-pixbuf-2.0 -I/usr/include/webp -I/usr/include/cairo -I/usr/include/freetype2 -I/usr/include/libpng16 -I/usr/include/pixman-1 -I/usr/include/graphene-1.0 -I/usr/lib/graphene-1.0/include -I/usr/include/glib-2.0 -I/usr/lib/glib-2.0/include -I/usr/include/libmount -I/usr/include/blkid -I/usr/include/sysprof-6 -I/usr/include/json-glib-1.0 -fdiagnostics-color=always -D_GLIBCXX_ASSERTIONS=1 -D_FILE_OFFSET_BITS=64 -Wall -Winvalid-pch -std=c++17 -O3 -O2 -pthread -D_REENTRANT -mfpmath=sse -msse -msse2 -DHAVE_CONFIG_H -DHAVE_PULSE_MESSAGING_API -MD -MQ src/pavucontrol.p/minimalstreamwidget.cc.o -MF src/pavucontrol.p/minimalstreamwidget.cc.o.d -o src/pavucontrol.p/minimalstreamwidget.cc.o -c ../src/minimalstreamwidget.cc
In file included from /usr/include/gtkmm-4.0/gtkmm/icontheme.h:31,
                 from /usr/include/gtkmm-4.0/gtkmm.h:213,
                 from ../src/minimalstreamwidget.h:24,
                 from ../src/minimalstreamwidget.cc:25:
/usr/include/gtkmm-4.0/gtkmm/iconpaintable.h:36:7: error: conflicting declaration ‘using GtkIconPaintableClass = struct _GtkIconPaintableClass’
   36 | using GtkIconPaintableClass = struct _GtkIconPaintableClass;
      |       ^~~~~~~~~~~~~~~~~~~~~
In file included from /usr/include/glib-2.0/gobject/gobject.h:26,
                 from /usr/include/glib-2.0/gobject/gbinding.h:31,
                 from /usr/include/glib-2.0/glib-object.h:24,
                 from /usr/include/glibmm-2.68/glibmm/class.h:21,
                 from /usr/include/glibmm-2.68/glibmm/objectbase.h:21,
                 from /usr/include/glibmm-2.68/glibmm/object.h:29,
                 from /usr/include/glibmm-2.68/glibmm/binding.h:22,
                 from /usr/include/glibmm-2.68/glibmm.h:104,
                 from /usr/include/gtkmm-4.0/gtkmm.h:100:
/usr/include/gtk-4.0/gtk/gtkiconpaintable.h:31:23: note: previous declaration as ‘typedef struct GtkIconPaintableClass GtkIconPaintableClass’
   31 | G_DECLARE_FINAL_TYPE (GtkIconPaintable, gtk_icon_paintable, GTK, ICON_PAINTABLE, GObject)
      |                       ^~~~~~~~~~~~~~~~
/usr/include/glib-2.0/gobject/gtype.h:1612:54: note: in definition of macro ‘G_DECLARE_FINAL_TYPE’
 1612 |   typedef struct { ParentName##Class parent_class; } ModuleObjName##Class;                               \
      |                                                      ^~~~~~~~~~~~~
[37/75] Compiling C++ object src/pavucontrol.p/sourcewidget.cc.o
FAILED: [code=1] src/pavucontrol.p/sourcewidget.cc.o 
c++ -Isrc/pavucontrol.p -Isrc -I../src -I. -I.. -I/usr/include/gtkmm-4.0 -I/usr/lib/gtkmm-4.0/include -I/usr/include/pangomm-2.48 -I/usr/lib/pangomm-2.48/include -I/usr/include/giomm-2.68 -I/usr/lib/giomm-2.68/include -I/usr/include/glibmm-2.68 -I/usr/lib/glibmm-2.68/include -I/usr/include/cairomm-1.16 -I/usr/lib/cairomm-1.16/include -I/usr/include/sigc++-3.0 -I/usr/lib/sigc++-3.0/include -I/usr/include/gtk-4.0/unix-print -I/usr/include/gtk-4.0 -I/usr/include/pango-1.0 -I/usr/include/fribidi -I/usr/include/harfbuzz -I/usr/include/gdk-pixbuf-2.0 -I/usr/include/webp -I/usr/include/cairo -I/usr/include/freetype2 -I/usr/include/libpng16 -I/usr/include/pixman-1 -I/usr/include/graphene-1.0 -I/usr/lib/graphene-1.0/include -I/usr/include/glib-2.0 -I/usr/lib/glib-2.0/include -I/usr/include/libmount -I/usr/include/blkid -I/usr/include/sysprof-6 -I/usr/include/json-glib-1.0 -fdiagnostics-color=always -D_GLIBCXX_ASSERTIONS=1 -D_FILE_OFFSET_BITS=64 -Wall -Winvalid-pch -std=c++17 -O3 -O2 -pthread -D_REENTRANT -mfpmath=sse -msse -msse2 -DHAVE_CONFIG_H -DHAVE_PULSE_MESSAGING_API -MD -MQ src/pavucontrol.p/sourcewidget.cc.o -MF src/pavucontrol.p/sourcewidget.cc.o.d -o src/pavucontrol.p/sourcewidget.cc.o -c ../src/sourcewidget.cc
In file included from /usr/include/gtkmm-4.0/gtkmm/icontheme.h:31,
                 from /usr/include/gtkmm-4.0/gtkmm.h:213,
                 from ../src/pavucontrol.h:28,
                 from ../src/sourcewidget.h:24,
                 from ../src/sourcewidget.cc:25:
/usr/include/gtkmm-4.0/gtkmm/iconpaintable.h:36:7: error: conflicting declaration ‘using GtkIconPaintableClass = struct _GtkIconPaintableClass’
   36 | using GtkIconPaintableClass = struct _GtkIconPaintableClass;
      |       ^~~~~~~~~~~~~~~~~~~~~
In file included from /usr/include/glib-2.0/gobject/gobject.h:26,
                 from /usr/include/glib-2.0/gobject/gbinding.h:31,
                 from /usr/include/glib-2.0/glib-object.h:24,
                 from /usr/include/glibmm-2.68/glibmm/class.h:21,
                 from /usr/include/glibmm-2.68/glibmm/objectbase.h:21,
                 from /usr/include/glibmm-2.68/glibmm/object.h:29,
                 from /usr/include/glibmm-2.68/glibmm/binding.h:22,
                 from /usr/include/glibmm-2.68/glibmm.h:104,
                 from /usr/include/gtkmm-4.0/gtkmm.h:100:
/usr/include/gtk-4.0/gtk/gtkiconpaintable.h:31:23: note: previous declaration as ‘typedef struct GtkIconPaintableClass GtkIconPaintableClass’
   31 | G_DECLARE_FINAL_TYPE (GtkIconPaintable, gtk_icon_paintable, GTK, ICON_PAINTABLE, GObject)
      |                       ^~~~~~~~~~~~~~~~
/usr/include/glib-2.0/gobject/gtype.h:1612:54: note: in definition of macro ‘G_DECLARE_FINAL_TYPE’
 1612 |   typedef struct { ParentName##Class parent_class; } ModuleObjName##Class;                               \
      |                                                      ^~~~~~~~~~~~~
[38/75] Compiling C++ object src/pavucontrol.p/sourceoutputwidget.cc.o
FAILED: [code=1] src/pavucontrol.p/sourceoutputwidget.cc.o 
c++ -Isrc/pavucontrol.p -Isrc -I../src -I. -I.. -I/usr/include/gtkmm-4.0 -I/usr/lib/gtkmm-4.0/include -I/usr/include/pangomm-2.48 -I/usr/lib/pangomm-2.48/include -I/usr/include/giomm-2.68 -I/usr/lib/giomm-2.68/include -I/usr/include/glibmm-2.68 -I/usr/lib/glibmm-2.68/include -I/usr/include/cairomm-1.16 -I/usr/lib/cairomm-1.16/include -I/usr/include/sigc++-3.0 -I/usr/lib/sigc++-3.0/include -I/usr/include/gtk-4.0/unix-print -I/usr/include/gtk-4.0 -I/usr/include/pango-1.0 -I/usr/include/fribidi -I/usr/include/harfbuzz -I/usr/include/gdk-pixbuf-2.0 -I/usr/include/webp -I/usr/include/cairo -I/usr/include/freetype2 -I/usr/include/libpng16 -I/usr/include/pixman-1 -I/usr/include/graphene-1.0 -I/usr/lib/graphene-1.0/include -I/usr/include/glib-2.0 -I/usr/lib/glib-2.0/include -I/usr/include/libmount -I/usr/include/blkid -I/usr/include/sysprof-6 -I/usr/include/json-glib-1.0 -fdiagnostics-color=always -D_GLIBCXX_ASSERTIONS=1 -D_FILE_OFFSET_BITS=64 -Wall -Winvalid-pch -std=c++17 -O3 -O2 -pthread -D_REENTRANT -mfpmath=sse -msse -msse2 -DHAVE_CONFIG_H -DHAVE_PULSE_MESSAGING_API -MD -MQ src/pavucontrol.p/sourceoutputwidget.cc.o -MF src/pavucontrol.p/sourceoutputwidget.cc.o.d -o src/pavucontrol.p/sourceoutputwidget.cc.o -c ../src/sourceoutputwidget.cc
In file included from /usr/include/gtkmm-4.0/gtkmm/icontheme.h:31,
                 from /usr/include/gtkmm-4.0/gtkmm.h:213,
                 from ../src/pavucontrol.h:28,
                 from ../src/sourceoutputwidget.h:24,
                 from ../src/sourceoutputwidget.cc:25:
/usr/include/gtkmm-4.0/gtkmm/iconpaintable.h:36:7: error: conflicting declaration ‘using GtkIconPaintableClass = struct _GtkIconPaintableClass’
   36 | using GtkIconPaintableClass = struct _GtkIconPaintableClass;
      |       ^~~~~~~~~~~~~~~~~~~~~
In file included from /usr/include/glib-2.0/gobject/gobject.h:26,
                 from /usr/include/glib-2.0/gobject/gbinding.h:31,
                 from /usr/include/glib-2.0/glib-object.h:24,
                 from /usr/include/glibmm-2.68/glibmm/class.h:21,
                 from /usr/include/glibmm-2.68/glibmm/objectbase.h:21,
                 from /usr/include/glibmm-2.68/glibmm/object.h:29,
                 from /usr/include/glibmm-2.68/glibmm/binding.h:22,
                 from /usr/include/glibmm-2.68/glibmm.h:104,
                 from /usr/include/gtkmm-4.0/gtkmm.h:100:
/usr/include/gtk-4.0/gtk/gtkiconpaintable.h:31:23: note: previous declaration as ‘typedef struct GtkIconPaintableClass GtkIconPaintableClass’
   31 | G_DECLARE_FINAL_TYPE (GtkIconPaintable, gtk_icon_paintable, GTK, ICON_PAINTABLE, GObject)
      |                       ^~~~~~~~~~~~~~~~
/usr/include/glib-2.0/gobject/gtype.h:1612:54: note: in definition of macro ‘G_DECLARE_FINAL_TYPE’
 1612 |   typedef struct { ParentName##Class parent_class; } ModuleObjName##Class;                               \
      |                                                      ^~~~~~~~~~~~~
[39/75] Compiling C++ object src/pavucontrol.p/pavuapplication.cc.o
FAILED: [code=1] src/pavucontrol.p/pavuapplication.cc.o 
c++ -Isrc/pavucontrol.p -Isrc -I../src -I. -I.. -I/usr/include/gtkmm-4.0 -I/usr/lib/gtkmm-4.0/include -I/usr/include/pangomm-2.48 -I/usr/lib/pangomm-2.48/include -I/usr/include/giomm-2.68 -I/usr/lib/giomm-2.68/include -I/usr/include/glibmm-2.68 -I/usr/lib/glibmm-2.68/include -I/usr/include/cairomm-1.16 -I/usr/lib/cairomm-1.16/include -I/usr/include/sigc++-3.0 -I/usr/lib/sigc++-3.0/include -I/usr/include/gtk-4.0/unix-print -I/usr/include/gtk-4.0 -I/usr/include/pango-1.0 -I/usr/include/fribidi -I/usr/include/harfbuzz -I/usr/include/gdk-pixbuf-2.0 -I/usr/include/webp -I/usr/include/cairo -I/usr/include/freetype2 -I/usr/include/libpng16 -I/usr/include/pixman-1 -I/usr/include/graphene-1.0 -I/usr/lib/graphene-1.0/include -I/usr/include/glib-2.0 -I/usr/lib/glib-2.0/include -I/usr/include/libmount -I/usr/include/blkid -I/usr/include/sysprof-6 -I/usr/include/json-glib-1.0 -fdiagnostics-color=always -D_GLIBCXX_ASSERTIONS=1 -D_FILE_OFFSET_BITS=64 -Wall -Winvalid-pch -std=c++17 -O3 -O2 -pthread -D_REENTRANT -mfpmath=sse -msse -msse2 -DHAVE_CONFIG_H -DHAVE_PULSE_MESSAGING_API -MD -MQ src/pavucontrol.p/pavuapplication.cc.o -MF src/pavucontrol.p/pavuapplication.cc.o.d -o src/pavucontrol.p/pavuapplication.cc.o -c ../src/pavuapplication.cc
In file included from /usr/include/gtkmm-4.0/gtkmm/icontheme.h:31,
                 from /usr/include/gtkmm-4.0/gtkmm.h:213,
                 from ../src/pavucontrol.h:28,
                 from ../src/mainwindow.h:26,
                 from ../src/pavuapplication.h:24,
                 from ../src/pavuapplication.cc:27:
/usr/include/gtkmm-4.0/gtkmm/iconpaintable.h:36:7: error: conflicting declaration ‘using GtkIconPaintableClass = struct _GtkIconPaintableClass’
   36 | using GtkIconPaintableClass = struct _GtkIconPaintableClass;
      |       ^~~~~~~~~~~~~~~~~~~~~
In file included from /usr/include/glib-2.0/gobject/gobject.h:26,
                 from /usr/include/glib-2.0/gobject/gbinding.h:31,
                 from /usr/include/glib-2.0/glib-object.h:24,
                 from /usr/include/glibmm-2.68/glibmm/class.h:21,
                 from /usr/include/glibmm-2.68/glibmm/objectbase.h:21,
                 from /usr/include/glibmm-2.68/glibmm/object.h:29,
                 from /usr/include/glibmm-2.68/glibmm/binding.h:22,
                 from /usr/include/glibmm-2.68/glibmm.h:104,
                 from /usr/include/gtkmm-4.0/gtkmm.h:100:
/usr/include/gtk-4.0/gtk/gtkiconpaintable.h:31:23: note: previous declaration as ‘typedef struct GtkIconPaintableClass GtkIconPaintableClass’
   31 | G_DECLARE_FINAL_TYPE (GtkIconPaintable, gtk_icon_paintable, GTK, ICON_PAINTABLE, GObject)
      |                       ^~~~~~~~~~~~~~~~
/usr/include/glib-2.0/gobject/gtype.h:1612:54: note: in definition of macro ‘G_DECLARE_FINAL_TYPE’
 1612 |   typedef struct { ParentName##Class parent_class; } ModuleObjName##Class;                               \
      |                                                      ^~~~~~~~~~~~~
ninja: build stopped: subcommand failed.
