--2025-09-27 07:18:42--  https://files.pythonhosted.org/packages/source/p/pyyaml/pyyaml-6.0.3.tar.gz
Resolving files.pythonhosted.org (files.pythonhosted.org)... 2a04:4e42::223, 2a04:4e42:400::223, 2a04:4e42:200::223, ...
Connecting to files.pythonhosted.org (files.pythonhosted.org)|2a04:4e42::223|:443... connected.
HTTP request sent, awaiting response... 302 Found
Location: https://files.pythonhosted.org/packages/05/8e/961c0007c59b8dd7729d542c61a4d537767a59645b82a0b521206e1e25c2/pyyaml-6.0.3.tar.gz [following]
--2025-09-27 07:18:42--  https://files.pythonhosted.org/packages/05/8e/961c0007c59b8dd7729d542c61a4d537767a59645b82a0b521206e1e25c2/pyyaml-6.0.3.tar.gz
Reusing existing connection to [files.pythonhosted.org]:443.
HTTP request sent, awaiting response... 200 OK
Length: 130960 (128K) [binary/octet-stream]
Saving to: ‘pyyaml-6.0.3.tar.gz’

     0K .......... .......... .......... .......... .......... 39% 11.1M 0s
    50K .......... .......... .......... .......... .......... 78% 10.0M 0s
   100K .......... .......... .......                         100% 4.34M=0.02s

2025-09-27 07:18:42 (8.03 MB/s) - ‘pyyaml-6.0.3.tar.gz’ saved [130960/130960]

pyyaml-6.0.3/
pyyaml-6.0.3/CHANGES
pyyaml-6.0.3/LICENSE
pyyaml-6.0.3/MANIFEST.in
pyyaml-6.0.3/Makefile
pyyaml-6.0.3/PKG-INFO
pyyaml-6.0.3/README.md
pyyaml-6.0.3/examples/
pyyaml-6.0.3/examples/pygments-lexer/
pyyaml-6.0.3/examples/pygments-lexer/example.yaml
pyyaml-6.0.3/examples/pygments-lexer/yaml.py
pyyaml-6.0.3/examples/yaml-highlight/
pyyaml-6.0.3/examples/yaml-highlight/yaml_hl.cfg
pyyaml-6.0.3/examples/yaml-highlight/yaml_hl.py
pyyaml-6.0.3/lib/
pyyaml-6.0.3/lib/PyYAML.egg-info/
pyyaml-6.0.3/lib/PyYAML.egg-info/PKG-INFO
pyyaml-6.0.3/lib/PyYAML.egg-info/SOURCES.txt
pyyaml-6.0.3/lib/PyYAML.egg-info/dependency_links.txt
pyyaml-6.0.3/lib/PyYAML.egg-info/top_level.txt
pyyaml-6.0.3/lib/_yaml/
pyyaml-6.0.3/lib/_yaml/__init__.py
pyyaml-6.0.3/lib/yaml/
pyyaml-6.0.3/lib/yaml/__init__.py
pyyaml-6.0.3/lib/yaml/composer.py
pyyaml-6.0.3/lib/yaml/constructor.py
pyyaml-6.0.3/lib/yaml/cyaml.py
pyyaml-6.0.3/lib/yaml/dumper.py
pyyaml-6.0.3/lib/yaml/emitter.py
pyyaml-6.0.3/lib/yaml/error.py
pyyaml-6.0.3/lib/yaml/events.py
pyyaml-6.0.3/lib/yaml/loader.py
pyyaml-6.0.3/lib/yaml/nodes.py
pyyaml-6.0.3/lib/yaml/parser.py
pyyaml-6.0.3/lib/yaml/reader.py
pyyaml-6.0.3/lib/yaml/representer.py
pyyaml-6.0.3/lib/yaml/resolver.py
pyyaml-6.0.3/lib/yaml/scanner.py
pyyaml-6.0.3/lib/yaml/serializer.py
pyyaml-6.0.3/lib/yaml/tokens.py
pyyaml-6.0.3/packaging/
pyyaml-6.0.3/packaging/__pycache__/
pyyaml-6.0.3/packaging/__pycache__/_pyyaml_pep517.cpython-313.pyc
pyyaml-6.0.3/packaging/_pyyaml_pep517.py
pyyaml-6.0.3/packaging/build/
pyyaml-6.0.3/packaging/build/libyaml.sh
pyyaml-6.0.3/packaging/build/smoketest.py
pyyaml-6.0.3/pyproject.toml
pyyaml-6.0.3/setup.cfg
pyyaml-6.0.3/setup.py
pyyaml-6.0.3/tests/
pyyaml-6.0.3/tests/legacy_tests/
pyyaml-6.0.3/tests/legacy_tests/canonical.py
pyyaml-6.0.3/tests/legacy_tests/conftest.py
pyyaml-6.0.3/tests/legacy_tests/data/
pyyaml-6.0.3/tests/legacy_tests/data/a-nasty-libyaml-bug.loader-error
pyyaml-6.0.3/tests/legacy_tests/data/aliases-cdumper-bug.code
pyyaml-6.0.3/tests/legacy_tests/data/aliases.events
pyyaml-6.0.3/tests/legacy_tests/data/bool.data
pyyaml-6.0.3/tests/legacy_tests/data/bool.detect
pyyaml-6.0.3/tests/legacy_tests/data/construct-binary-py2.code
pyyaml-6.0.3/tests/legacy_tests/data/construct-binary-py2.data
pyyaml-6.0.3/tests/legacy_tests/data/construct-binary-py3.code
pyyaml-6.0.3/tests/legacy_tests/data/construct-binary-py3.data
pyyaml-6.0.3/tests/legacy_tests/data/construct-bool.code
pyyaml-6.0.3/tests/legacy_tests/data/construct-bool.data
pyyaml-6.0.3/tests/legacy_tests/data/construct-custom.code
pyyaml-6.0.3/tests/legacy_tests/data/construct-custom.data
pyyaml-6.0.3/tests/legacy_tests/data/construct-float.code
pyyaml-6.0.3/tests/legacy_tests/data/construct-float.data
pyyaml-6.0.3/tests/legacy_tests/data/construct-int.code
pyyaml-6.0.3/tests/legacy_tests/data/construct-int.data
pyyaml-6.0.3/tests/legacy_tests/data/construct-map.code
pyyaml-6.0.3/tests/legacy_tests/data/construct-map.data
pyyaml-6.0.3/tests/legacy_tests/data/construct-merge.code
pyyaml-6.0.3/tests/legacy_tests/data/construct-merge.data
pyyaml-6.0.3/tests/legacy_tests/data/construct-null.code
pyyaml-6.0.3/tests/legacy_tests/data/construct-null.data
pyyaml-6.0.3/tests/legacy_tests/data/construct-omap.code
pyyaml-6.0.3/tests/legacy_tests/data/construct-omap.data
pyyaml-6.0.3/tests/legacy_tests/data/construct-pairs.code
pyyaml-6.0.3/tests/legacy_tests/data/construct-pairs.data
pyyaml-6.0.3/tests/legacy_tests/data/construct-python-bool.code
pyyaml-6.0.3/tests/legacy_tests/data/construct-python-bool.data
pyyaml-6.0.3/tests/legacy_tests/data/construct-python-bytes-py3.code
pyyaml-6.0.3/tests/legacy_tests/data/construct-python-bytes-py3.data
pyyaml-6.0.3/tests/legacy_tests/data/construct-python-complex.code
pyyaml-6.0.3/tests/legacy_tests/data/construct-python-complex.data
pyyaml-6.0.3/tests/legacy_tests/data/construct-python-float.code
pyyaml-6.0.3/tests/legacy_tests/data/construct-python-float.data
pyyaml-6.0.3/tests/legacy_tests/data/construct-python-int.code
pyyaml-6.0.3/tests/legacy_tests/data/construct-python-int.data
pyyaml-6.0.3/tests/legacy_tests/data/construct-python-long-short-py2.code
pyyaml-6.0.3/tests/legacy_tests/data/construct-python-long-short-py2.data
pyyaml-6.0.3/tests/legacy_tests/data/construct-python-long-short-py3.code
pyyaml-6.0.3/tests/legacy_tests/data/construct-python-long-short-py3.data
pyyaml-6.0.3/tests/legacy_tests/data/construct-python-name-module.code
pyyaml-6.0.3/tests/legacy_tests/data/construct-python-name-module.data
pyyaml-6.0.3/tests/legacy_tests/data/construct-python-none.code
pyyaml-6.0.3/tests/legacy_tests/data/construct-python-none.data
pyyaml-6.0.3/tests/legacy_tests/data/construct-python-object.code
pyyaml-6.0.3/tests/legacy_tests/data/construct-python-object.data
pyyaml-6.0.3/tests/legacy_tests/data/construct-python-str-ascii.code
pyyaml-6.0.3/tests/legacy_tests/data/construct-python-str-ascii.data
pyyaml-6.0.3/tests/legacy_tests/data/construct-python-str-utf8-py2.code
pyyaml-6.0.3/tests/legacy_tests/data/construct-python-str-utf8-py2.data
pyyaml-6.0.3/tests/legacy_tests/data/construct-python-str-utf8-py3.code
pyyaml-6.0.3/tests/legacy_tests/data/construct-python-str-utf8-py3.data
pyyaml-6.0.3/tests/legacy_tests/data/construct-python-tuple-list-dict.code
pyyaml-6.0.3/tests/legacy_tests/data/construct-python-tuple-list-dict.data
pyyaml-6.0.3/tests/legacy_tests/data/construct-python-unicode-ascii-py2.code
pyyaml-6.0.3/tests/legacy_tests/data/construct-python-unicode-ascii-py2.data
pyyaml-6.0.3/tests/legacy_tests/data/construct-python-unicode-ascii-py3.code
pyyaml-6.0.3/tests/legacy_tests/data/construct-python-unicode-ascii-py3.data
pyyaml-6.0.3/tests/legacy_tests/data/construct-python-unicode-utf8-py2.code
pyyaml-6.0.3/tests/legacy_tests/data/construct-python-unicode-utf8-py2.data
pyyaml-6.0.3/tests/legacy_tests/data/construct-python-unicode-utf8-py3.code
pyyaml-6.0.3/tests/legacy_tests/data/construct-python-unicode-utf8-py3.data
pyyaml-6.0.3/tests/legacy_tests/data/construct-seq.code
pyyaml-6.0.3/tests/legacy_tests/data/construct-seq.data
pyyaml-6.0.3/tests/legacy_tests/data/construct-set.code
pyyaml-6.0.3/tests/legacy_tests/data/construct-set.data
pyyaml-6.0.3/tests/legacy_tests/data/construct-str-ascii.code
pyyaml-6.0.3/tests/legacy_tests/data/construct-str-ascii.data
pyyaml-6.0.3/tests/legacy_tests/data/construct-str-utf8-py2.code
pyyaml-6.0.3/tests/legacy_tests/data/construct-str-utf8-py2.data
pyyaml-6.0.3/tests/legacy_tests/data/construct-str-utf8-py3.code
pyyaml-6.0.3/tests/legacy_tests/data/construct-str-utf8-py3.data
pyyaml-6.0.3/tests/legacy_tests/data/construct-str.code
pyyaml-6.0.3/tests/legacy_tests/data/construct-str.data
pyyaml-6.0.3/tests/legacy_tests/data/construct-timestamp.code
pyyaml-6.0.3/tests/legacy_tests/data/construct-timestamp.data
pyyaml-6.0.3/tests/legacy_tests/data/construct-value.code
pyyaml-6.0.3/tests/legacy_tests/data/construct-value.data
pyyaml-6.0.3/tests/legacy_tests/data/document-separator-in-quoted-scalar.loader-error
pyyaml-6.0.3/tests/legacy_tests/data/documents.events
pyyaml-6.0.3/tests/legacy_tests/data/duplicate-anchor-1.loader-error
pyyaml-6.0.3/tests/legacy_tests/data/duplicate-anchor-2.loader-error
pyyaml-6.0.3/tests/legacy_tests/data/duplicate-key.former-loader-error.code
pyyaml-6.0.3/tests/legacy_tests/data/duplicate-key.former-loader-error.data
pyyaml-6.0.3/tests/legacy_tests/data/duplicate-mapping-key.former-loader-error.code
pyyaml-6.0.3/tests/legacy_tests/data/duplicate-mapping-key.former-loader-error.data
pyyaml-6.0.3/tests/legacy_tests/data/duplicate-merge-key.former-loader-error.code
pyyaml-6.0.3/tests/legacy_tests/data/duplicate-merge-key.former-loader-error.data
pyyaml-6.0.3/tests/legacy_tests/data/duplicate-tag-directive.loader-error
pyyaml-6.0.3/tests/legacy_tests/data/duplicate-value-key.former-loader-error.code
pyyaml-6.0.3/tests/legacy_tests/data/duplicate-value-key.former-loader-error.data
pyyaml-6.0.3/tests/legacy_tests/data/duplicate-yaml-directive.loader-error
pyyaml-6.0.3/tests/legacy_tests/data/emit-block-scalar-in-simple-key-context-bug.canonical
pyyaml-6.0.3/tests/legacy_tests/data/emit-block-scalar-in-simple-key-context-bug.data
pyyaml-6.0.3/tests/legacy_tests/data/emitting-unacceptable-unicode-character-bug-py3.code
pyyaml-6.0.3/tests/legacy_tests/data/emitting-unacceptable-unicode-character-bug-py3.data
pyyaml-6.0.3/tests/legacy_tests/data/emitting-unacceptable-unicode-character-bug-py3.skip-ext
pyyaml-6.0.3/tests/legacy_tests/data/emitting-unacceptable-unicode-character-bug.code
pyyaml-6.0.3/tests/legacy_tests/data/emitting-unacceptable-unicode-character-bug.data
pyyaml-6.0.3/tests/legacy_tests/data/emitting-unacceptable-unicode-character-bug.skip-ext
pyyaml-6.0.3/tests/legacy_tests/data/emoticons.unicode
pyyaml-6.0.3/tests/legacy_tests/data/emoticons2.unicode
pyyaml-6.0.3/tests/legacy_tests/data/empty-anchor.emitter-error
pyyaml-6.0.3/tests/legacy_tests/data/empty-document-bug.canonical
pyyaml-6.0.3/tests/legacy_tests/data/empty-document-bug.data
pyyaml-6.0.3/tests/legacy_tests/data/empty-document-bug.empty
pyyaml-6.0.3/tests/legacy_tests/data/empty-documents.single-loader-error
pyyaml-6.0.3/tests/legacy_tests/data/empty-python-module.loader-error
pyyaml-6.0.3/tests/legacy_tests/data/empty-python-name.loader-error
pyyaml-6.0.3/tests/legacy_tests/data/empty-tag-handle.emitter-error
pyyaml-6.0.3/tests/legacy_tests/data/empty-tag-prefix.emitter-error
pyyaml-6.0.3/tests/legacy_tests/data/empty-tag.emitter-error
pyyaml-6.0.3/tests/legacy_tests/data/expected-document-end.emitter-error
pyyaml-6.0.3/tests/legacy_tests/data/expected-document-start.emitter-error
pyyaml-6.0.3/tests/legacy_tests/data/expected-mapping.loader-error
pyyaml-6.0.3/tests/legacy_tests/data/expected-node-1.emitter-error
pyyaml-6.0.3/tests/legacy_tests/data/expected-node-2.emitter-error
pyyaml-6.0.3/tests/legacy_tests/data/expected-nothing.emitter-error
pyyaml-6.0.3/tests/legacy_tests/data/expected-scalar.loader-error
pyyaml-6.0.3/tests/legacy_tests/data/expected-sequence.loader-error
pyyaml-6.0.3/tests/legacy_tests/data/expected-stream-start.emitter-error
pyyaml-6.0.3/tests/legacy_tests/data/explicit-document.single-loader-error
pyyaml-6.0.3/tests/legacy_tests/data/fetch-complex-value-bug.loader-error
pyyaml-6.0.3/tests/legacy_tests/data/float-representer-2.3-bug.code
pyyaml-6.0.3/tests/legacy_tests/data/float-representer-2.3-bug.data
pyyaml-6.0.3/tests/legacy_tests/data/float.data
pyyaml-6.0.3/tests/legacy_tests/data/float.detect
pyyaml-6.0.3/tests/legacy_tests/data/forbidden-entry.loader-error
pyyaml-6.0.3/tests/legacy_tests/data/forbidden-key.loader-error
pyyaml-6.0.3/tests/legacy_tests/data/forbidden-value.loader-error
pyyaml-6.0.3/tests/legacy_tests/data/implicit-document.single-loader-error
pyyaml-6.0.3/tests/legacy_tests/data/int.data
pyyaml-6.0.3/tests/legacy_tests/data/int.detect
pyyaml-6.0.3/tests/legacy_tests/data/invalid-anchor-1.loader-error
pyyaml-6.0.3/tests/legacy_tests/data/invalid-anchor-2.loader-error
pyyaml-6.0.3/tests/legacy_tests/data/invalid-anchor.emitter-error
pyyaml-6.0.3/tests/legacy_tests/data/invalid-base64-data-2.loader-error
pyyaml-6.0.3/tests/legacy_tests/data/invalid-base64-data.loader-error
pyyaml-6.0.3/tests/legacy_tests/data/invalid-block-scalar-indicator.loader-error
pyyaml-6.0.3/tests/legacy_tests/data/invalid-character.loader-error
pyyaml-6.0.3/tests/legacy_tests/data/invalid-character.stream-error
pyyaml-6.0.3/tests/legacy_tests/data/invalid-directive-line.loader-error
pyyaml-6.0.3/tests/legacy_tests/data/invalid-directive-name-1.loader-error
pyyaml-6.0.3/tests/legacy_tests/data/invalid-directive-name-2.loader-error
pyyaml-6.0.3/tests/legacy_tests/data/invalid-escape-character.loader-error
pyyaml-6.0.3/tests/legacy_tests/data/invalid-escape-numbers.loader-error
pyyaml-6.0.3/tests/legacy_tests/data/invalid-indentation-indicator-1.loader-error
pyyaml-6.0.3/tests/legacy_tests/data/invalid-indentation-indicator-2.loader-error
pyyaml-6.0.3/tests/legacy_tests/data/invalid-item-without-trailing-break.loader-error
pyyaml-6.0.3/tests/legacy_tests/data/invalid-merge-1.loader-error
pyyaml-6.0.3/tests/legacy_tests/data/invalid-merge-2.loader-error
pyyaml-6.0.3/tests/legacy_tests/data/invalid-omap-1.loader-error
pyyaml-6.0.3/tests/legacy_tests/data/invalid-omap-2.loader-error
pyyaml-6.0.3/tests/legacy_tests/data/invalid-omap-3.loader-error
pyyaml-6.0.3/tests/legacy_tests/data/invalid-pairs-1.loader-error
pyyaml-6.0.3/tests/legacy_tests/data/invalid-pairs-2.loader-error
pyyaml-6.0.3/tests/legacy_tests/data/invalid-pairs-3.loader-error
pyyaml-6.0.3/tests/legacy_tests/data/invalid-python-bytes-2-py3.loader-error
pyyaml-6.0.3/tests/legacy_tests/data/invalid-python-bytes-py3.loader-error
pyyaml-6.0.3/tests/legacy_tests/data/invalid-python-module-kind.loader-error
pyyaml-6.0.3/tests/legacy_tests/data/invalid-python-module-value.loader-error
pyyaml-6.0.3/tests/legacy_tests/data/invalid-python-module.loader-error
pyyaml-6.0.3/tests/legacy_tests/data/invalid-python-name-kind.loader-error
pyyaml-6.0.3/tests/legacy_tests/data/invalid-python-name-module.loader-error
pyyaml-6.0.3/tests/legacy_tests/data/invalid-python-name-object.loader-error
pyyaml-6.0.3/tests/legacy_tests/data/invalid-python-name-value.loader-error
pyyaml-6.0.3/tests/legacy_tests/data/invalid-simple-key.loader-error
pyyaml-6.0.3/tests/legacy_tests/data/invalid-single-quote-bug.code
pyyaml-6.0.3/tests/legacy_tests/data/invalid-single-quote-bug.data
pyyaml-6.0.3/tests/legacy_tests/data/invalid-starting-character.loader-error
pyyaml-6.0.3/tests/legacy_tests/data/invalid-tag-1.loader-error
pyyaml-6.0.3/tests/legacy_tests/data/invalid-tag-2.loader-error
pyyaml-6.0.3/tests/legacy_tests/data/invalid-tag-directive-handle.loader-error
pyyaml-6.0.3/tests/legacy_tests/data/invalid-tag-directive-prefix.loader-error
pyyaml-6.0.3/tests/legacy_tests/data/invalid-tag-handle-1.emitter-error
pyyaml-6.0.3/tests/legacy_tests/data/invalid-tag-handle-1.loader-error
pyyaml-6.0.3/tests/legacy_tests/data/invalid-tag-handle-2.emitter-error
pyyaml-6.0.3/tests/legacy_tests/data/invalid-tag-handle-2.loader-error
pyyaml-6.0.3/tests/legacy_tests/data/invalid-uri-escapes-1.loader-error
pyyaml-6.0.3/tests/legacy_tests/data/invalid-uri-escapes-2.loader-error
pyyaml-6.0.3/tests/legacy_tests/data/invalid-uri-escapes-3.loader-error
pyyaml-6.0.3/tests/legacy_tests/data/invalid-uri.loader-error
pyyaml-6.0.3/tests/legacy_tests/data/invalid-utf8-byte.loader-error
pyyaml-6.0.3/tests/legacy_tests/data/invalid-utf8-byte.stream-error
pyyaml-6.0.3/tests/legacy_tests/data/invalid-yaml-directive-version-1.loader-error
pyyaml-6.0.3/tests/legacy_tests/data/invalid-yaml-directive-version-2.loader-error
pyyaml-6.0.3/tests/legacy_tests/data/invalid-yaml-directive-version-3.loader-error
pyyaml-6.0.3/tests/legacy_tests/data/invalid-yaml-directive-version-4.loader-error
pyyaml-6.0.3/tests/legacy_tests/data/invalid-yaml-directive-version-5.loader-error
pyyaml-6.0.3/tests/legacy_tests/data/invalid-yaml-directive-version-6.loader-error
pyyaml-6.0.3/tests/legacy_tests/data/invalid-yaml-version.loader-error
pyyaml-6.0.3/tests/legacy_tests/data/latin.unicode
pyyaml-6.0.3/tests/legacy_tests/data/mapping.sort
pyyaml-6.0.3/tests/legacy_tests/data/mapping.sorted
pyyaml-6.0.3/tests/legacy_tests/data/mappings.events
pyyaml-6.0.3/tests/legacy_tests/data/merge.data
pyyaml-6.0.3/tests/legacy_tests/data/merge.detect
pyyaml-6.0.3/tests/legacy_tests/data/more-floats.code
pyyaml-6.0.3/tests/legacy_tests/data/more-floats.data
pyyaml-6.0.3/tests/legacy_tests/data/multi-constructor.code
pyyaml-6.0.3/tests/legacy_tests/data/multi-constructor.multi
pyyaml-6.0.3/tests/legacy_tests/data/myfullloader.subclass_blacklist
pyyaml-6.0.3/tests/legacy_tests/data/negative-float-bug.code
pyyaml-6.0.3/tests/legacy_tests/data/negative-float-bug.data
pyyaml-6.0.3/tests/legacy_tests/data/no-alias-anchor.emitter-error
pyyaml-6.0.3/tests/legacy_tests/data/no-alias-anchor.skip-ext
pyyaml-6.0.3/tests/legacy_tests/data/no-block-collection-end.loader-error
pyyaml-6.0.3/tests/legacy_tests/data/no-block-mapping-end-2.loader-error
pyyaml-6.0.3/tests/legacy_tests/data/no-block-mapping-end.loader-error
pyyaml-6.0.3/tests/legacy_tests/data/no-document-start.loader-error
pyyaml-6.0.3/tests/legacy_tests/data/no-flow-mapping-end.loader-error
pyyaml-6.0.3/tests/legacy_tests/data/no-flow-sequence-end.loader-error
pyyaml-6.0.3/tests/legacy_tests/data/no-node-1.loader-error
pyyaml-6.0.3/tests/legacy_tests/data/no-node-2.loader-error
pyyaml-6.0.3/tests/legacy_tests/data/no-tag.emitter-error
pyyaml-6.0.3/tests/legacy_tests/data/null.data
pyyaml-6.0.3/tests/legacy_tests/data/null.detect
pyyaml-6.0.3/tests/legacy_tests/data/odd-utf16.stream-error
pyyaml-6.0.3/tests/legacy_tests/data/overwrite-state-new-constructor.loader-error
pyyaml-6.0.3/tests/legacy_tests/data/recursive-anchor.former-loader-error
pyyaml-6.0.3/tests/legacy_tests/data/recursive-dict.recursive
pyyaml-6.0.3/tests/legacy_tests/data/recursive-list.recursive
pyyaml-6.0.3/tests/legacy_tests/data/recursive-set.recursive
pyyaml-6.0.3/tests/legacy_tests/data/recursive-state.recursive
pyyaml-6.0.3/tests/legacy_tests/data/recursive-tuple.recursive
pyyaml-6.0.3/tests/legacy_tests/data/recursive.former-dumper-error
pyyaml-6.0.3/tests/legacy_tests/data/remove-possible-simple-key-bug.loader-error
pyyaml-6.0.3/tests/legacy_tests/data/resolver.data
pyyaml-6.0.3/tests/legacy_tests/data/resolver.path
pyyaml-6.0.3/tests/legacy_tests/data/run-parser-crash-bug.data
pyyaml-6.0.3/tests/legacy_tests/data/scalars.events
pyyaml-6.0.3/tests/legacy_tests/data/scan-document-end-bug.canonical
pyyaml-6.0.3/tests/legacy_tests/data/scan-document-end-bug.data
pyyaml-6.0.3/tests/legacy_tests/data/scan-line-break-bug.canonical
pyyaml-6.0.3/tests/legacy_tests/data/scan-line-break-bug.data
pyyaml-6.0.3/tests/legacy_tests/data/sequences.events
pyyaml-6.0.3/tests/legacy_tests/data/serializer-is-already-opened.dumper-error
pyyaml-6.0.3/tests/legacy_tests/data/serializer-is-closed-1.dumper-error
pyyaml-6.0.3/tests/legacy_tests/data/serializer-is-closed-2.dumper-error
pyyaml-6.0.3/tests/legacy_tests/data/serializer-is-not-opened-1.dumper-error
pyyaml-6.0.3/tests/legacy_tests/data/serializer-is-not-opened-2.dumper-error
pyyaml-6.0.3/tests/legacy_tests/data/single-dot-is-not-float-bug.code
pyyaml-6.0.3/tests/legacy_tests/data/single-dot-is-not-float-bug.data
pyyaml-6.0.3/tests/legacy_tests/data/sloppy-indentation.canonical
pyyaml-6.0.3/tests/legacy_tests/data/sloppy-indentation.data
pyyaml-6.0.3/tests/legacy_tests/data/spec-02-01.data
pyyaml-6.0.3/tests/legacy_tests/data/spec-02-01.structure
pyyaml-6.0.3/tests/legacy_tests/data/spec-02-01.tokens
pyyaml-6.0.3/tests/legacy_tests/data/spec-02-02.data
pyyaml-6.0.3/tests/legacy_tests/data/spec-02-02.structure
pyyaml-6.0.3/tests/legacy_tests/data/spec-02-02.tokens
pyyaml-6.0.3/tests/legacy_tests/data/spec-02-03.data
pyyaml-6.0.3/tests/legacy_tests/data/spec-02-03.structure
pyyaml-6.0.3/tests/legacy_tests/data/spec-02-03.tokens
pyyaml-6.0.3/tests/legacy_tests/data/spec-02-04.data
pyyaml-6.0.3/tests/legacy_tests/data/spec-02-04.structure
pyyaml-6.0.3/tests/legacy_tests/data/spec-02-04.tokens
pyyaml-6.0.3/tests/legacy_tests/data/spec-02-05.data
pyyaml-6.0.3/tests/legacy_tests/data/spec-02-05.structure
pyyaml-6.0.3/tests/legacy_tests/data/spec-02-05.tokens
pyyaml-6.0.3/tests/legacy_tests/data/spec-02-06.data
pyyaml-6.0.3/tests/legacy_tests/data/spec-02-06.structure
pyyaml-6.0.3/tests/legacy_tests/data/spec-02-06.tokens
pyyaml-6.0.3/tests/legacy_tests/data/spec-02-07.data
pyyaml-6.0.3/tests/legacy_tests/data/spec-02-07.structure
pyyaml-6.0.3/tests/legacy_tests/data/spec-02-07.tokens
pyyaml-6.0.3/tests/legacy_tests/data/spec-02-08.data
pyyaml-6.0.3/tests/legacy_tests/data/spec-02-08.structure
pyyaml-6.0.3/tests/legacy_tests/data/spec-02-08.tokens
pyyaml-6.0.3/tests/legacy_tests/data/spec-02-09.data
pyyaml-6.0.3/tests/legacy_tests/data/spec-02-09.structure
pyyaml-6.0.3/tests/legacy_tests/data/spec-02-09.tokens
pyyaml-6.0.3/tests/legacy_tests/data/spec-02-10.data
pyyaml-6.0.3/tests/legacy_tests/data/spec-02-10.structure
pyyaml-6.0.3/tests/legacy_tests/data/spec-02-10.tokens
pyyaml-6.0.3/tests/legacy_tests/data/spec-02-11.data
pyyaml-6.0.3/tests/legacy_tests/data/spec-02-11.structure
pyyaml-6.0.3/tests/legacy_tests/data/spec-02-11.tokens
pyyaml-6.0.3/tests/legacy_tests/data/spec-02-12.data
pyyaml-6.0.3/tests/legacy_tests/data/spec-02-12.structure
pyyaml-6.0.3/tests/legacy_tests/data/spec-02-12.tokens
pyyaml-6.0.3/tests/legacy_tests/data/spec-02-13.data
pyyaml-6.0.3/tests/legacy_tests/data/spec-02-13.structure
pyyaml-6.0.3/tests/legacy_tests/data/spec-02-13.tokens
pyyaml-6.0.3/tests/legacy_tests/data/spec-02-14.data
pyyaml-6.0.3/tests/legacy_tests/data/spec-02-14.structure
pyyaml-6.0.3/tests/legacy_tests/data/spec-02-14.tokens
pyyaml-6.0.3/tests/legacy_tests/data/spec-02-15.data
pyyaml-6.0.3/tests/legacy_tests/data/spec-02-15.structure
pyyaml-6.0.3/tests/legacy_tests/data/spec-02-15.tokens
pyyaml-6.0.3/tests/legacy_tests/data/spec-02-16.data
pyyaml-6.0.3/tests/legacy_tests/data/spec-02-16.structure
pyyaml-6.0.3/tests/legacy_tests/data/spec-02-16.tokens
pyyaml-6.0.3/tests/legacy_tests/data/spec-02-17.data
pyyaml-6.0.3/tests/legacy_tests/data/spec-02-17.structure
pyyaml-6.0.3/tests/legacy_tests/data/spec-02-17.tokens
pyyaml-6.0.3/tests/legacy_tests/data/spec-02-18.data
pyyaml-6.0.3/tests/legacy_tests/data/spec-02-18.structure
pyyaml-6.0.3/tests/legacy_tests/data/spec-02-18.tokens
pyyaml-6.0.3/tests/legacy_tests/data/spec-02-19.data
pyyaml-6.0.3/tests/legacy_tests/data/spec-02-19.structure
pyyaml-6.0.3/tests/legacy_tests/data/spec-02-19.tokens
pyyaml-6.0.3/tests/legacy_tests/data/spec-02-20.data
pyyaml-6.0.3/tests/legacy_tests/data/spec-02-20.structure
pyyaml-6.0.3/tests/legacy_tests/data/spec-02-20.tokens
pyyaml-6.0.3/tests/legacy_tests/data/spec-02-21.data
pyyaml-6.0.3/tests/legacy_tests/data/spec-02-21.structure
pyyaml-6.0.3/tests/legacy_tests/data/spec-02-21.tokens
pyyaml-6.0.3/tests/legacy_tests/data/spec-02-22.data
pyyaml-6.0.3/tests/legacy_tests/data/spec-02-22.structure
pyyaml-6.0.3/tests/legacy_tests/data/spec-02-22.tokens
pyyaml-6.0.3/tests/legacy_tests/data/spec-02-23.data
pyyaml-6.0.3/tests/legacy_tests/data/spec-02-23.structure
pyyaml-6.0.3/tests/legacy_tests/data/spec-02-23.tokens
pyyaml-6.0.3/tests/legacy_tests/data/spec-02-24.data
pyyaml-6.0.3/tests/legacy_tests/data/spec-02-24.structure
pyyaml-6.0.3/tests/legacy_tests/data/spec-02-24.tokens
pyyaml-6.0.3/tests/legacy_tests/data/spec-02-25.data
pyyaml-6.0.3/tests/legacy_tests/data/spec-02-25.structure
pyyaml-6.0.3/tests/legacy_tests/data/spec-02-25.tokens
pyyaml-6.0.3/tests/legacy_tests/data/spec-02-26.data
pyyaml-6.0.3/tests/legacy_tests/data/spec-02-26.structure
pyyaml-6.0.3/tests/legacy_tests/data/spec-02-26.tokens
pyyaml-6.0.3/tests/legacy_tests/data/spec-02-27.data
pyyaml-6.0.3/tests/legacy_tests/data/spec-02-27.structure
pyyaml-6.0.3/tests/legacy_tests/data/spec-02-27.tokens
pyyaml-6.0.3/tests/legacy_tests/data/spec-02-28.data
pyyaml-6.0.3/tests/legacy_tests/data/spec-02-28.structure
pyyaml-6.0.3/tests/legacy_tests/data/spec-02-28.tokens
pyyaml-6.0.3/tests/legacy_tests/data/spec-05-01-utf16be.data
pyyaml-6.0.3/tests/legacy_tests/data/spec-05-01-utf16be.empty
pyyaml-6.0.3/tests/legacy_tests/data/spec-05-01-utf16le.data
pyyaml-6.0.3/tests/legacy_tests/data/spec-05-01-utf16le.empty
pyyaml-6.0.3/tests/legacy_tests/data/spec-05-01-utf8.data
pyyaml-6.0.3/tests/legacy_tests/data/spec-05-01-utf8.empty
pyyaml-6.0.3/tests/legacy_tests/data/spec-05-02-utf16be.data
pyyaml-6.0.3/tests/legacy_tests/data/spec-05-02-utf16be.error
pyyaml-6.0.3/tests/legacy_tests/data/spec-05-02-utf16le.data
pyyaml-6.0.3/tests/legacy_tests/data/spec-05-02-utf16le.error
pyyaml-6.0.3/tests/legacy_tests/data/spec-05-02-utf8.data
pyyaml-6.0.3/tests/legacy_tests/data/spec-05-02-utf8.error
pyyaml-6.0.3/tests/legacy_tests/data/spec-05-03.canonical
pyyaml-6.0.3/tests/legacy_tests/data/spec-05-03.data
pyyaml-6.0.3/tests/legacy_tests/data/spec-05-04.canonical
pyyaml-6.0.3/tests/legacy_tests/data/spec-05-04.data
pyyaml-6.0.3/tests/legacy_tests/data/spec-05-05.data
pyyaml-6.0.3/tests/legacy_tests/data/spec-05-05.empty
pyyaml-6.0.3/tests/legacy_tests/data/spec-05-06.canonical
pyyaml-6.0.3/tests/legacy_tests/data/spec-05-06.data
pyyaml-6.0.3/tests/legacy_tests/data/spec-05-07.canonical
pyyaml-6.0.3/tests/legacy_tests/data/spec-05-07.data
pyyaml-6.0.3/tests/legacy_tests/data/spec-05-08.canonical
pyyaml-6.0.3/tests/legacy_tests/data/spec-05-08.data
pyyaml-6.0.3/tests/legacy_tests/data/spec-05-09.canonical
pyyaml-6.0.3/tests/legacy_tests/data/spec-05-09.data
pyyaml-6.0.3/tests/legacy_tests/data/spec-05-10.data
pyyaml-6.0.3/tests/legacy_tests/data/spec-05-10.error
pyyaml-6.0.3/tests/legacy_tests/data/spec-05-11.canonical
pyyaml-6.0.3/tests/legacy_tests/data/spec-05-11.data
pyyaml-6.0.3/tests/legacy_tests/data/spec-05-12.data
pyyaml-6.0.3/tests/legacy_tests/data/spec-05-12.error
pyyaml-6.0.3/tests/legacy_tests/data/spec-05-13.canonical
pyyaml-6.0.3/tests/legacy_tests/data/spec-05-13.data
pyyaml-6.0.3/tests/legacy_tests/data/spec-05-14.canonical
pyyaml-6.0.3/tests/legacy_tests/data/spec-05-14.data
pyyaml-6.0.3/tests/legacy_tests/data/spec-05-15.data
pyyaml-6.0.3/tests/legacy_tests/data/spec-05-15.error
pyyaml-6.0.3/tests/legacy_tests/data/spec-06-01.canonical
pyyaml-6.0.3/tests/legacy_tests/data/spec-06-01.data
pyyaml-6.0.3/tests/legacy_tests/data/spec-06-02.data
pyyaml-6.0.3/tests/legacy_tests/data/spec-06-02.empty
pyyaml-6.0.3/tests/legacy_tests/data/spec-06-03.canonical
pyyaml-6.0.3/tests/legacy_tests/data/spec-06-03.data
pyyaml-6.0.3/tests/legacy_tests/data/spec-06-04.canonical
pyyaml-6.0.3/tests/legacy_tests/data/spec-06-04.data
pyyaml-6.0.3/tests/legacy_tests/data/spec-06-05.canonical
pyyaml-6.0.3/tests/legacy_tests/data/spec-06-05.data
pyyaml-6.0.3/tests/legacy_tests/data/spec-06-06.canonical
pyyaml-6.0.3/tests/legacy_tests/data/spec-06-06.data
pyyaml-6.0.3/tests/legacy_tests/data/spec-06-07.canonical
pyyaml-6.0.3/tests/legacy_tests/data/spec-06-07.data
pyyaml-6.0.3/tests/legacy_tests/data/spec-06-08.canonical
pyyaml-6.0.3/tests/legacy_tests/data/spec-06-08.data
pyyaml-6.0.3/tests/legacy_tests/data/spec-07-01.canonical
pyyaml-6.0.3/tests/legacy_tests/data/spec-07-01.data
pyyaml-6.0.3/tests/legacy_tests/data/spec-07-01.skip-ext
pyyaml-6.0.3/tests/legacy_tests/data/spec-07-02.canonical
pyyaml-6.0.3/tests/legacy_tests/data/spec-07-02.data
pyyaml-6.0.3/tests/legacy_tests/data/spec-07-02.skip-ext
pyyaml-6.0.3/tests/legacy_tests/data/spec-07-03.data
pyyaml-6.0.3/tests/legacy_tests/data/spec-07-03.error
pyyaml-6.0.3/tests/legacy_tests/data/spec-07-04.canonical
pyyaml-6.0.3/tests/legacy_tests/data/spec-07-04.data
pyyaml-6.0.3/tests/legacy_tests/data/spec-07-05.data
pyyaml-6.0.3/tests/legacy_tests/data/spec-07-05.error
pyyaml-6.0.3/tests/legacy_tests/data/spec-07-06.canonical
pyyaml-6.0.3/tests/legacy_tests/data/spec-07-06.data
pyyaml-6.0.3/tests/legacy_tests/data/spec-07-07a.canonical
pyyaml-6.0.3/tests/legacy_tests/data/spec-07-07a.data
pyyaml-6.0.3/tests/legacy_tests/data/spec-07-07b.canonical
pyyaml-6.0.3/tests/legacy_tests/data/spec-07-07b.data
pyyaml-6.0.3/tests/legacy_tests/data/spec-07-08.canonical
pyyaml-6.0.3/tests/legacy_tests/data/spec-07-08.data
pyyaml-6.0.3/tests/legacy_tests/data/spec-07-09.canonical
pyyaml-6.0.3/tests/legacy_tests/data/spec-07-09.data
pyyaml-6.0.3/tests/legacy_tests/data/spec-07-10.canonical
pyyaml-6.0.3/tests/legacy_tests/data/spec-07-10.data
pyyaml-6.0.3/tests/legacy_tests/data/spec-07-11.data
pyyaml-6.0.3/tests/legacy_tests/data/spec-07-11.empty
pyyaml-6.0.3/tests/legacy_tests/data/spec-07-12a.canonical
pyyaml-6.0.3/tests/legacy_tests/data/spec-07-12a.data
pyyaml-6.0.3/tests/legacy_tests/data/spec-07-12b.canonical
pyyaml-6.0.3/tests/legacy_tests/data/spec-07-12b.data
pyyaml-6.0.3/tests/legacy_tests/data/spec-07-13.canonical
pyyaml-6.0.3/tests/legacy_tests/data/spec-07-13.data
pyyaml-6.0.3/tests/legacy_tests/data/spec-08-01.canonical
pyyaml-6.0.3/tests/legacy_tests/data/spec-08-01.data
pyyaml-6.0.3/tests/legacy_tests/data/spec-08-02.canonical
pyyaml-6.0.3/tests/legacy_tests/data/spec-08-02.data
pyyaml-6.0.3/tests/legacy_tests/data/spec-08-03.canonical
pyyaml-6.0.3/tests/legacy_tests/data/spec-08-03.data
pyyaml-6.0.3/tests/legacy_tests/data/spec-08-04.data
pyyaml-6.0.3/tests/legacy_tests/data/spec-08-04.error
pyyaml-6.0.3/tests/legacy_tests/data/spec-08-05.canonical
pyyaml-6.0.3/tests/legacy_tests/data/spec-08-05.data
pyyaml-6.0.3/tests/legacy_tests/data/spec-08-06.data
pyyaml-6.0.3/tests/legacy_tests/data/spec-08-06.error
pyyaml-6.0.3/tests/legacy_tests/data/spec-08-07.canonical
pyyaml-6.0.3/tests/legacy_tests/data/spec-08-07.data
pyyaml-6.0.3/tests/legacy_tests/data/spec-08-08.canonical
pyyaml-6.0.3/tests/legacy_tests/data/spec-08-08.data
pyyaml-6.0.3/tests/legacy_tests/data/spec-08-09.canonical
pyyaml-6.0.3/tests/legacy_tests/data/spec-08-09.data
pyyaml-6.0.3/tests/legacy_tests/data/spec-08-10.canonical
pyyaml-6.0.3/tests/legacy_tests/data/spec-08-10.data
pyyaml-6.0.3/tests/legacy_tests/data/spec-08-11.canonical
pyyaml-6.0.3/tests/legacy_tests/data/spec-08-11.data
pyyaml-6.0.3/tests/legacy_tests/data/spec-08-12.canonical
pyyaml-6.0.3/tests/legacy_tests/data/spec-08-12.data
pyyaml-6.0.3/tests/legacy_tests/data/spec-08-13.canonical
pyyaml-6.0.3/tests/legacy_tests/data/spec-08-13.data
pyyaml-6.0.3/tests/legacy_tests/data/spec-08-13.skip-ext
pyyaml-6.0.3/tests/legacy_tests/data/spec-08-14.canonical
pyyaml-6.0.3/tests/legacy_tests/data/spec-08-14.data
pyyaml-6.0.3/tests/legacy_tests/data/spec-08-15.canonical
pyyaml-6.0.3/tests/legacy_tests/data/spec-08-15.data
pyyaml-6.0.3/tests/legacy_tests/data/spec-09-01.canonical
pyyaml-6.0.3/tests/legacy_tests/data/spec-09-01.data
pyyaml-6.0.3/tests/legacy_tests/data/spec-09-02.canonical
pyyaml-6.0.3/tests/legacy_tests/data/spec-09-02.data
pyyaml-6.0.3/tests/legacy_tests/data/spec-09-03.canonical
pyyaml-6.0.3/tests/legacy_tests/data/spec-09-03.data
pyyaml-6.0.3/tests/legacy_tests/data/spec-09-04.canonical
pyyaml-6.0.3/tests/legacy_tests/data/spec-09-04.data
pyyaml-6.0.3/tests/legacy_tests/data/spec-09-05.canonical
pyyaml-6.0.3/tests/legacy_tests/data/spec-09-05.data
pyyaml-6.0.3/tests/legacy_tests/data/spec-09-06.canonical
pyyaml-6.0.3/tests/legacy_tests/data/spec-09-06.data
pyyaml-6.0.3/tests/legacy_tests/data/spec-09-07.canonical
pyyaml-6.0.3/tests/legacy_tests/data/spec-09-07.data
pyyaml-6.0.3/tests/legacy_tests/data/spec-09-08.canonical
pyyaml-6.0.3/tests/legacy_tests/data/spec-09-08.data
pyyaml-6.0.3/tests/legacy_tests/data/spec-09-09.canonical
pyyaml-6.0.3/tests/legacy_tests/data/spec-09-09.data
pyyaml-6.0.3/tests/legacy_tests/data/spec-09-10.canonical
pyyaml-6.0.3/tests/legacy_tests/data/spec-09-10.data
pyyaml-6.0.3/tests/legacy_tests/data/spec-09-11.canonical
pyyaml-6.0.3/tests/legacy_tests/data/spec-09-11.data
pyyaml-6.0.3/tests/legacy_tests/data/spec-09-12.canonical
pyyaml-6.0.3/tests/legacy_tests/data/spec-09-12.data
pyyaml-6.0.3/tests/legacy_tests/data/spec-09-13.canonical
pyyaml-6.0.3/tests/legacy_tests/data/spec-09-13.data
pyyaml-6.0.3/tests/legacy_tests/data/spec-09-14.data
pyyaml-6.0.3/tests/legacy_tests/data/spec-09-14.error
pyyaml-6.0.3/tests/legacy_tests/data/spec-09-15.canonical
pyyaml-6.0.3/tests/legacy_tests/data/spec-09-15.data
pyyaml-6.0.3/tests/legacy_tests/data/spec-09-16.canonical
pyyaml-6.0.3/tests/legacy_tests/data/spec-09-16.data
pyyaml-6.0.3/tests/legacy_tests/data/spec-09-17.canonical
pyyaml-6.0.3/tests/legacy_tests/data/spec-09-17.data
pyyaml-6.0.3/tests/legacy_tests/data/spec-09-18.canonical
pyyaml-6.0.3/tests/legacy_tests/data/spec-09-18.data
pyyaml-6.0.3/tests/legacy_tests/data/spec-09-19.canonical
pyyaml-6.0.3/tests/legacy_tests/data/spec-09-19.data
pyyaml-6.0.3/tests/legacy_tests/data/spec-09-20.canonical
pyyaml-6.0.3/tests/legacy_tests/data/spec-09-20.data
pyyaml-6.0.3/tests/legacy_tests/data/spec-09-20.skip-ext
pyyaml-6.0.3/tests/legacy_tests/data/spec-09-21.data
pyyaml-6.0.3/tests/legacy_tests/data/spec-09-21.error
pyyaml-6.0.3/tests/legacy_tests/data/spec-09-22.canonical
pyyaml-6.0.3/tests/legacy_tests/data/spec-09-22.data
pyyaml-6.0.3/tests/legacy_tests/data/spec-09-23.canonical
pyyaml-6.0.3/tests/legacy_tests/data/spec-09-23.data
pyyaml-6.0.3/tests/legacy_tests/data/spec-09-24.canonical
pyyaml-6.0.3/tests/legacy_tests/data/spec-09-24.data
pyyaml-6.0.3/tests/legacy_tests/data/spec-09-25.canonical
pyyaml-6.0.3/tests/legacy_tests/data/spec-09-25.data
pyyaml-6.0.3/tests/legacy_tests/data/spec-09-26.canonical
pyyaml-6.0.3/tests/legacy_tests/data/spec-09-26.data
pyyaml-6.0.3/tests/legacy_tests/data/spec-09-27.canonical
pyyaml-6.0.3/tests/legacy_tests/data/spec-09-27.data
pyyaml-6.0.3/tests/legacy_tests/data/spec-09-28.canonical
pyyaml-6.0.3/tests/legacy_tests/data/spec-09-28.data
pyyaml-6.0.3/tests/legacy_tests/data/spec-09-29.canonical
pyyaml-6.0.3/tests/legacy_tests/data/spec-09-29.data
pyyaml-6.0.3/tests/legacy_tests/data/spec-09-30.canonical
pyyaml-6.0.3/tests/legacy_tests/data/spec-09-30.data
pyyaml-6.0.3/tests/legacy_tests/data/spec-09-31.canonical
pyyaml-6.0.3/tests/legacy_tests/data/spec-09-31.data
pyyaml-6.0.3/tests/legacy_tests/data/spec-09-32.canonical
pyyaml-6.0.3/tests/legacy_tests/data/spec-09-32.data
pyyaml-6.0.3/tests/legacy_tests/data/spec-09-33.canonical
pyyaml-6.0.3/tests/legacy_tests/data/spec-09-33.data
pyyaml-6.0.3/tests/legacy_tests/data/spec-10-01.canonical
pyyaml-6.0.3/tests/legacy_tests/data/spec-10-01.data
pyyaml-6.0.3/tests/legacy_tests/data/spec-10-02.canonical
pyyaml-6.0.3/tests/legacy_tests/data/spec-10-02.data
pyyaml-6.0.3/tests/legacy_tests/data/spec-10-03.canonical
pyyaml-6.0.3/tests/legacy_tests/data/spec-10-03.data
pyyaml-6.0.3/tests/legacy_tests/data/spec-10-04.canonical
pyyaml-6.0.3/tests/legacy_tests/data/spec-10-04.data
pyyaml-6.0.3/tests/legacy_tests/data/spec-10-05.canonical
pyyaml-6.0.3/tests/legacy_tests/data/spec-10-05.data
pyyaml-6.0.3/tests/legacy_tests/data/spec-10-06.canonical
pyyaml-6.0.3/tests/legacy_tests/data/spec-10-06.data
pyyaml-6.0.3/tests/legacy_tests/data/spec-10-07.canonical
pyyaml-6.0.3/tests/legacy_tests/data/spec-10-07.data
pyyaml-6.0.3/tests/legacy_tests/data/spec-10-08.data
pyyaml-6.0.3/tests/legacy_tests/data/spec-10-08.error
pyyaml-6.0.3/tests/legacy_tests/data/spec-10-09.canonical
pyyaml-6.0.3/tests/legacy_tests/data/spec-10-09.data
pyyaml-6.0.3/tests/legacy_tests/data/spec-10-10.canonical
pyyaml-6.0.3/tests/legacy_tests/data/spec-10-10.data
pyyaml-6.0.3/tests/legacy_tests/data/spec-10-11.canonical
pyyaml-6.0.3/tests/legacy_tests/data/spec-10-11.data
pyyaml-6.0.3/tests/legacy_tests/data/spec-10-12.canonical
pyyaml-6.0.3/tests/legacy_tests/data/spec-10-12.data
pyyaml-6.0.3/tests/legacy_tests/data/spec-10-13.canonical
pyyaml-6.0.3/tests/legacy_tests/data/spec-10-13.data
pyyaml-6.0.3/tests/legacy_tests/data/spec-10-14.canonical
pyyaml-6.0.3/tests/legacy_tests/data/spec-10-14.data
pyyaml-6.0.3/tests/legacy_tests/data/spec-10-15.canonical
pyyaml-6.0.3/tests/legacy_tests/data/spec-10-15.data
pyyaml-6.0.3/tests/legacy_tests/data/str.data
pyyaml-6.0.3/tests/legacy_tests/data/str.detect
pyyaml-6.0.3/tests/legacy_tests/data/tags.events
pyyaml-6.0.3/tests/legacy_tests/data/test_mark.marks
pyyaml-6.0.3/tests/legacy_tests/data/timestamp-bugs.code
pyyaml-6.0.3/tests/legacy_tests/data/timestamp-bugs.data
pyyaml-6.0.3/tests/legacy_tests/data/timestamp.data
pyyaml-6.0.3/tests/legacy_tests/data/timestamp.detect
pyyaml-6.0.3/tests/legacy_tests/data/unacceptable-key.loader-error
pyyaml-6.0.3/tests/legacy_tests/data/unclosed-bracket.loader-error
pyyaml-6.0.3/tests/legacy_tests/data/unclosed-quoted-scalar.loader-error
pyyaml-6.0.3/tests/legacy_tests/data/undefined-anchor.loader-error
pyyaml-6.0.3/tests/legacy_tests/data/undefined-constructor.loader-error
pyyaml-6.0.3/tests/legacy_tests/data/undefined-tag-handle.loader-error
pyyaml-6.0.3/tests/legacy_tests/data/unknown.dumper-error
pyyaml-6.0.3/tests/legacy_tests/data/unsupported-version.emitter-error
pyyaml-6.0.3/tests/legacy_tests/data/utf16be.code
pyyaml-6.0.3/tests/legacy_tests/data/utf16be.data
pyyaml-6.0.3/tests/legacy_tests/data/utf16le.code
pyyaml-6.0.3/tests/legacy_tests/data/utf16le.data
pyyaml-6.0.3/tests/legacy_tests/data/utf8-implicit.code
pyyaml-6.0.3/tests/legacy_tests/data/utf8-implicit.data
pyyaml-6.0.3/tests/legacy_tests/data/utf8.code
pyyaml-6.0.3/tests/legacy_tests/data/utf8.data
pyyaml-6.0.3/tests/legacy_tests/data/value.data
pyyaml-6.0.3/tests/legacy_tests/data/value.detect
pyyaml-6.0.3/tests/legacy_tests/data/yaml.data
pyyaml-6.0.3/tests/legacy_tests/data/yaml.detect
pyyaml-6.0.3/tests/legacy_tests/data/yaml11.schema
pyyaml-6.0.3/tests/legacy_tests/data/yaml11.schema-skip
pyyaml-6.0.3/tests/legacy_tests/test_all.py
pyyaml-6.0.3/tests/legacy_tests/test_appliance.py
pyyaml-6.0.3/tests/legacy_tests/test_build.py
pyyaml-6.0.3/tests/legacy_tests/test_build_ext.py
pyyaml-6.0.3/tests/legacy_tests/test_canonical.py
pyyaml-6.0.3/tests/legacy_tests/test_constructor.py
pyyaml-6.0.3/tests/legacy_tests/test_dump_load.py
pyyaml-6.0.3/tests/legacy_tests/test_emitter.py
pyyaml-6.0.3/tests/legacy_tests/test_errors.py
pyyaml-6.0.3/tests/legacy_tests/test_input_output.py
pyyaml-6.0.3/tests/legacy_tests/test_mark.py
pyyaml-6.0.3/tests/legacy_tests/test_multi_constructor.py
pyyaml-6.0.3/tests/legacy_tests/test_reader.py
pyyaml-6.0.3/tests/legacy_tests/test_recursive.py
pyyaml-6.0.3/tests/legacy_tests/test_representer.py
pyyaml-6.0.3/tests/legacy_tests/test_resolver.py
pyyaml-6.0.3/tests/legacy_tests/test_schema.py
pyyaml-6.0.3/tests/legacy_tests/test_sort_keys.py
pyyaml-6.0.3/tests/legacy_tests/test_structure.py
pyyaml-6.0.3/tests/legacy_tests/test_tokens.py
pyyaml-6.0.3/tests/legacy_tests/test_yaml.py
pyyaml-6.0.3/tests/legacy_tests/test_yaml_ext.py
pyyaml-6.0.3/yaml/
pyyaml-6.0.3/yaml/__init__.pxd
pyyaml-6.0.3/yaml/_yaml.h
pyyaml-6.0.3/yaml/_yaml.pxd
pyyaml-6.0.3/yaml/_yaml.pyx
* Getting build dependencies for wheel...
/usr/lib/python3.13/site-packages/setuptools/dist.py:759: SetuptoolsDeprecationWarning: License classifiers are deprecated.
!!

        ********************************************************************************
        Please consider removing the following classifiers in favor of a SPDX license expression:

        License :: OSI Approved :: MIT License

        See https://packaging.python.org/en/latest/guides/writing-pyproject-toml/#license for details.
        ********************************************************************************

!!
  self._finalize_license_expression()
running egg_info
writing lib/PyYAML.egg-info/PKG-INFO
writing dependency_links to lib/PyYAML.egg-info/dependency_links.txt
writing top-level names to lib/PyYAML.egg-info/top_level.txt
No `pyyaml_build_config` setting found.
reading manifest file 'lib/PyYAML.egg-info/SOURCES.txt'
reading manifest template 'MANIFEST.in'
warning: no files found matching 'README'
adding license file 'LICENSE'
writing manifest file 'lib/PyYAML.egg-info/SOURCES.txt'

ERROR Missing dependencies:
	Cython>=3.0; python_version >= "3.13"
