--2026-04-02 10:09:49--  https://download.gnome.org/sources/nautilus/50/nautilus-50.0.tar.xz
Resolving download.gnome.org (download.gnome.org)... 109.61.92.53, 109.61.92.51, 109.61.92.48, ...
Connecting to download.gnome.org (download.gnome.org)|109.61.92.53|:443... connected.
HTTP request sent, awaiting response... 200 OK
Length: 3338456 (3.2M) [application/octet-stream]
Saving to: ‘nautilus-50.0.tar.xz’

     0K .......... .......... .......... .......... ..........  1%  632K 5s
    50K .......... .......... .......... .......... ..........  3% 1.49M 4s
   100K .......... .......... .......... .......... ..........  4% 1.96M 3s
   150K .......... .......... .......... .......... ..........  6% 1.68M 3s
   200K .......... .......... .......... .......... ..........  7% 4.51M 2s
   250K .......... .......... .......... .......... ..........  9% 5.37M 2s
   300K .......... .......... .......... .......... .......... 10% 1.93M 2s
   350K .......... .......... .......... .......... .......... 12% 3.62M 2s
   400K .......... .......... .......... .......... .......... 13% 3.09M 2s
   450K .......... .......... .......... .......... .......... 15% 3.36M 1s
   500K .......... .......... .......... .......... .......... 16% 8.71M 1s
   550K .......... .......... .......... .......... .......... 18% 9.05M 1s
   600K .......... .......... .......... .......... .......... 19% 10.8M 1s
   650K .......... .......... .......... .......... .......... 21% 9.39M 1s
   700K .......... .......... .......... .......... .......... 23% 2.21M 1s
   750K .......... .......... .......... .......... .......... 24% 8.34M 1s
   800K .......... .......... .......... .......... .......... 26% 11.3M 1s
   850K .......... .......... .......... .......... .......... 27% 11.6M 1s
   900K .......... .......... .......... .......... .......... 29% 12.1M 1s
   950K .......... .......... .......... .......... .......... 30% 11.5M 1s
  1000K .......... .......... .......... .......... .......... 32% 2.38M 1s
  1050K .......... .......... .......... .......... .......... 33% 14.5M 1s
  1100K .......... .......... .......... .......... .......... 35% 21.5M 1s
  1150K .......... .......... .......... .......... .......... 36% 13.5M 1s
  1200K .......... .......... .......... .......... .......... 38% 18.7M 1s
  1250K .......... .......... .......... .......... .......... 39% 17.7M 1s
  1300K .......... .......... .......... .......... .......... 41% 19.5M 1s
  1350K .......... .......... .......... .......... .......... 42% 24.6M 0s
  1400K .......... .......... .......... .......... .......... 44% 11.8M 0s
  1450K .......... .......... .......... .......... .......... 46% 4.02M 0s
  1500K .......... .......... .......... .......... .......... 47% 5.20M 0s
  1550K .......... .......... .......... .......... .......... 49% 14.3M 0s
  1600K .......... .......... .......... .......... .......... 50% 24.4M 0s
  1650K .......... .......... .......... .......... .......... 52% 26.4M 0s
  1700K .......... .......... .......... .......... .......... 53% 18.6M 0s
  1750K .......... .......... .......... .......... .......... 55% 26.7M 0s
  1800K .......... .......... .......... .......... .......... 56% 24.5M 0s
  1850K .......... .......... .......... .......... .......... 58% 30.8M 0s
  1900K .......... .......... .......... .......... .......... 59% 29.5M 0s
  1950K .......... .......... .......... .......... .......... 61% 15.9M 0s
  2000K .......... .......... .......... .......... .......... 62% 16.8M 0s
  2050K .......... .......... .......... .......... .......... 64% 2.44M 0s
  2100K .......... .......... .......... .......... .......... 65% 36.5M 0s
  2150K .......... .......... .......... .......... .......... 67% 30.2M 0s
  2200K .......... .......... .......... .......... .......... 69% 35.6M 0s
  2250K .......... .......... .......... .......... .......... 70% 49.9M 0s
  2300K .......... .......... .......... .......... .......... 72% 44.3M 0s
  2350K .......... .......... .......... .......... .......... 73% 26.4M 0s
  2400K .......... .......... .......... .......... .......... 75% 27.4M 0s
  2450K .......... .......... .......... .......... .......... 76% 44.6M 0s
  2500K .......... .......... .......... .......... .......... 78% 28.6M 0s
  2550K .......... .......... .......... .......... .......... 79% 49.0M 0s
  2600K .......... .......... .......... .......... .......... 81% 28.3M 0s
  2650K .......... .......... .......... .......... .......... 82% 46.6M 0s
  2700K .......... .......... .......... .......... .......... 84% 30.5M 0s
  2750K .......... .......... .......... .......... .......... 85% 39.3M 0s
  2800K .......... .......... .......... .......... .......... 87% 32.2M 0s
  2850K .......... .......... .......... .......... .......... 88% 46.2M 0s
  2900K .......... .......... .......... .......... .......... 90% 31.1M 0s
  2950K .......... .......... .......... .......... .......... 92% 34.7M 0s
  3000K .......... .......... .......... .......... .......... 93% 2.62M 0s
  3050K .......... .......... .......... .......... .......... 95% 43.3M 0s
  3100K .......... .......... .......... .......... .......... 96% 42.5M 0s
  3150K .......... .......... .......... .......... .......... 98% 25.0M 0s
  3200K .......... .......... .......... .......... .......... 99% 55.0M 0s
  3250K ..........                                            100% 19.0T=0.5s

2026-04-02 10:09:50 (6.67 MB/s) - ‘nautilus-50.0.tar.xz’ saved [3338456/3338456]

nautilus-50.0/
nautilus-50.0/.editorconfig
nautilus-50.0/.git-blame-ignore-revs
nautilus-50.0/.gitlab/
nautilus-50.0/.gitlab/image-script.sh
nautilus-50.0/.gitlab/issue_templates/
nautilus-50.0/.gitlab/issue_templates/Bug.md
nautilus-50.0/.gitlab/issue_templates/Default.md
nautilus-50.0/.gitlab/issue_templates/Feature.md
nautilus-50.0/.gitlab/issue_templates/Shortcoming.md
nautilus-50.0/.gitlab-ci.yml
nautilus-50.0/CONTRIBUTING.md
nautilus-50.0/LICENSE
nautilus-50.0/NEWS
nautilus-50.0/README.md
nautilus-50.0/build-aux/
nautilus-50.0/build-aux/check-potfiles.sh
nautilus-50.0/build-aux/create-release.sh
nautilus-50.0/build-aux/flatpak/
nautilus-50.0/build-aux/flatpak/org.gnome.Nautilus.json
nautilus-50.0/build-aux/leak-suppress.txt
nautilus-50.0/build-aux/lineup-parameters
nautilus-50.0/build-aux/run-uncrustify.sh
nautilus-50.0/build-aux/thread-suppress.txt
nautilus-50.0/build-aux/uncrustify.cfg
nautilus-50.0/data/
nautilus-50.0/data/dbus-interfaces2.xml
nautilus-50.0/data/freedesktop-dbus-interfaces.xml
nautilus-50.0/data/icons/
nautilus-50.0/data/icons/hicolor/
nautilus-50.0/data/icons/hicolor/scalable/
nautilus-50.0/data/icons/hicolor/scalable/apps/
nautilus-50.0/data/icons/hicolor/scalable/apps/org.gnome.Nautilus.svg
nautilus-50.0/data/icons/hicolor/scalable/apps/org.gnome.NautilusDevel.svg
nautilus-50.0/data/icons/hicolor/symbolic/
nautilus-50.0/data/icons/hicolor/symbolic/apps/
nautilus-50.0/data/icons/hicolor/symbolic/apps/org.gnome.Nautilus-symbolic.svg
nautilus-50.0/data/meson.build
nautilus-50.0/data/nautilus-autorun-software.desktop.in
nautilus-50.0/data/ontology/
nautilus-50.0/data/ontology/meson.build
nautilus-50.0/data/ontology/nautilus.description
nautilus-50.0/data/ontology/nautilus.ontology
nautilus-50.0/data/org.freedesktop.FileManager1.service.in
nautilus-50.0/data/org.gnome.Nautilus.Source.svg
nautilus-50.0/data/org.gnome.Nautilus.desktop.in.in
nautilus-50.0/data/org.gnome.Nautilus.metainfo.xml.in.in
nautilus-50.0/data/org.gnome.Nautilus.search-provider.ini.in
nautilus-50.0/data/org.gnome.Nautilus.service.in
nautilus-50.0/data/org.gnome.nautilus.gschema.xml
nautilus-50.0/data/shell-search-provider-dbus-interfaces.xml
nautilus-50.0/docs/
nautilus-50.0/docs/meson.build
nautilus-50.0/docs/nautilus-autorun-software.1
nautilus-50.0/docs/nautilus.1
nautilus-50.0/docs/reference/
nautilus-50.0/docs/reference/logo.svg
nautilus-50.0/docs/reference/meson.build
nautilus-50.0/docs/reference/nautilus.toml.in
nautilus-50.0/docs/reference/urlmap.js
nautilus-50.0/extensions/
nautilus-50.0/extensions/audio-video-properties/
nautilus-50.0/extensions/audio-video-properties/meson.build
nautilus-50.0/extensions/audio-video-properties/totem-gst-helpers.c
nautilus-50.0/extensions/audio-video-properties/totem-gst-helpers.h
nautilus-50.0/extensions/audio-video-properties/totem-mime-types.h
nautilus-50.0/extensions/audio-video-properties/totem-properties-main.c
nautilus-50.0/extensions/audio-video-properties/totem-properties-view.c
nautilus-50.0/extensions/audio-video-properties/totem-properties-view.h
nautilus-50.0/extensions/image-properties/
nautilus-50.0/extensions/image-properties/meson.build
nautilus-50.0/extensions/image-properties/nautilus-image-properties-model-provider.c
nautilus-50.0/extensions/image-properties/nautilus-image-properties-model-provider.h
nautilus-50.0/extensions/image-properties/nautilus-image-properties-model.c
nautilus-50.0/extensions/image-properties/nautilus-image-properties-model.h
nautilus-50.0/extensions/image-properties/nautilus-image-properties-module.c
nautilus-50.0/extensions/meson.build
nautilus-50.0/gcovr.cfg
nautilus-50.0/libnautilus-extension/
nautilus-50.0/libnautilus-extension/LICENSE
nautilus-50.0/libnautilus-extension/meson.build
nautilus-50.0/libnautilus-extension/nautilus-column-provider.c
nautilus-50.0/libnautilus-extension/nautilus-column-provider.h
nautilus-50.0/libnautilus-extension/nautilus-column.c
nautilus-50.0/libnautilus-extension/nautilus-column.h
nautilus-50.0/libnautilus-extension/nautilus-extension-private.h
nautilus-50.0/libnautilus-extension/nautilus-extension.h
nautilus-50.0/libnautilus-extension/nautilus-file-info.c
nautilus-50.0/libnautilus-extension/nautilus-file-info.h
nautilus-50.0/libnautilus-extension/nautilus-info-provider.c
nautilus-50.0/libnautilus-extension/nautilus-info-provider.h
nautilus-50.0/libnautilus-extension/nautilus-menu-item.c
nautilus-50.0/libnautilus-extension/nautilus-menu-provider.c
nautilus-50.0/libnautilus-extension/nautilus-menu-provider.h
nautilus-50.0/libnautilus-extension/nautilus-menu.c
nautilus-50.0/libnautilus-extension/nautilus-menu.h
nautilus-50.0/libnautilus-extension/nautilus-properties-item.c
nautilus-50.0/libnautilus-extension/nautilus-properties-item.h
nautilus-50.0/libnautilus-extension/nautilus-properties-model-provider.c
nautilus-50.0/libnautilus-extension/nautilus-properties-model-provider.h
nautilus-50.0/libnautilus-extension/nautilus-properties-model.c
nautilus-50.0/libnautilus-extension/nautilus-properties-model.h
nautilus-50.0/meson.build
nautilus-50.0/meson_options.txt
nautilus-50.0/po/
nautilus-50.0/po/LINGUAS
nautilus-50.0/po/POTFILES.in
nautilus-50.0/po/POTFILES.skip
nautilus-50.0/po/ab.po
nautilus-50.0/po/af.po
nautilus-50.0/po/am.po
nautilus-50.0/po/an.po
nautilus-50.0/po/ar.po
nautilus-50.0/po/as.po
nautilus-50.0/po/ast.po
nautilus-50.0/po/az.po
nautilus-50.0/po/be.po
nautilus-50.0/po/be@latin.po
nautilus-50.0/po/bg.po
nautilus-50.0/po/bn.po
nautilus-50.0/po/bn_IN.po
nautilus-50.0/po/bo.po
nautilus-50.0/po/br.po
nautilus-50.0/po/bs.po
nautilus-50.0/po/ca.po
nautilus-50.0/po/ca@valencia.po
nautilus-50.0/po/ckb.po
nautilus-50.0/po/crh.po
nautilus-50.0/po/cs.po
nautilus-50.0/po/cy.po
nautilus-50.0/po/da.po
nautilus-50.0/po/de.po
nautilus-50.0/po/dz.po
nautilus-50.0/po/el.po
nautilus-50.0/po/en@shaw.po
nautilus-50.0/po/en_CA.po
nautilus-50.0/po/en_GB.po
nautilus-50.0/po/eo.po
nautilus-50.0/po/es.po
nautilus-50.0/po/et.po
nautilus-50.0/po/eu.po
nautilus-50.0/po/fa.po
nautilus-50.0/po/fi.po
nautilus-50.0/po/fo.po
nautilus-50.0/po/fr.po
nautilus-50.0/po/fur.po
nautilus-50.0/po/fy.po
nautilus-50.0/po/ga.po
nautilus-50.0/po/gd.po
nautilus-50.0/po/gl.po
nautilus-50.0/po/gu.po
nautilus-50.0/po/gv.po
nautilus-50.0/po/ha.po
nautilus-50.0/po/he.po
nautilus-50.0/po/hi.po
nautilus-50.0/po/hr.po
nautilus-50.0/po/hu.po
nautilus-50.0/po/hy.po
nautilus-50.0/po/ia.po
nautilus-50.0/po/id.po
nautilus-50.0/po/ie.po
nautilus-50.0/po/ig.po
nautilus-50.0/po/io.po
nautilus-50.0/po/is.po
nautilus-50.0/po/it.po
nautilus-50.0/po/ja.po
nautilus-50.0/po/ka.po
nautilus-50.0/po/kab.po
nautilus-50.0/po/kk.po
nautilus-50.0/po/km.po
nautilus-50.0/po/kn.po
nautilus-50.0/po/ko.po
nautilus-50.0/po/ku.po
nautilus-50.0/po/ky.po
nautilus-50.0/po/li.po
nautilus-50.0/po/ln.po
nautilus-50.0/po/lt.po
nautilus-50.0/po/lv.po
nautilus-50.0/po/mai.po
nautilus-50.0/po/meson.build
nautilus-50.0/po/mg.po
nautilus-50.0/po/mi.po
nautilus-50.0/po/mjw.po
nautilus-50.0/po/mk.po
nautilus-50.0/po/ml.po
nautilus-50.0/po/mn.po
nautilus-50.0/po/mr.po
nautilus-50.0/po/ms.po
nautilus-50.0/po/my.po
nautilus-50.0/po/nb.po
nautilus-50.0/po/nds.po
nautilus-50.0/po/ne.po
nautilus-50.0/po/nl.po
nautilus-50.0/po/nn.po
nautilus-50.0/po/nso.po
nautilus-50.0/po/oc.po
nautilus-50.0/po/or.po
nautilus-50.0/po/pa.po
nautilus-50.0/po/pl.po
nautilus-50.0/po/ps.po
nautilus-50.0/po/pt.po
nautilus-50.0/po/pt_BR.po
nautilus-50.0/po/ro.po
nautilus-50.0/po/ru.po
nautilus-50.0/po/rw.po
nautilus-50.0/po/si.po
nautilus-50.0/po/sk.po
nautilus-50.0/po/sl.po
nautilus-50.0/po/sq.po
nautilus-50.0/po/sr.po
nautilus-50.0/po/sr@ije.po
nautilus-50.0/po/sr@latin.po
nautilus-50.0/po/sv.po
nautilus-50.0/po/ta.po
nautilus-50.0/po/te.po
nautilus-50.0/po/tg.po
nautilus-50.0/po/th.po
nautilus-50.0/po/tk.po
nautilus-50.0/po/tr.po
nautilus-50.0/po/ug.po
nautilus-50.0/po/uk.po
nautilus-50.0/po/uz.po
nautilus-50.0/po/uz@cyrillic.po
nautilus-50.0/po/vi.po
nautilus-50.0/po/wa.po
nautilus-50.0/po/xh.po
nautilus-50.0/po/yi.po
nautilus-50.0/po/yo.po
nautilus-50.0/po/zh_CN.po
nautilus-50.0/po/zh_HK.po
nautilus-50.0/po/zh_TW.po
nautilus-50.0/po/zu.po
nautilus-50.0/src/
nautilus-50.0/src/meson.build
nautilus-50.0/src/nautilus-app-chooser.c
nautilus-50.0/src/nautilus-app-chooser.h
nautilus-50.0/src/nautilus-application.c
nautilus-50.0/src/nautilus-application.h
nautilus-50.0/src/nautilus-autorun-software.c
nautilus-50.0/src/nautilus-batch-rename-dialog.c
nautilus-50.0/src/nautilus-batch-rename-dialog.h
nautilus-50.0/src/nautilus-batch-rename-item.c
nautilus-50.0/src/nautilus-batch-rename-item.h
nautilus-50.0/src/nautilus-batch-rename-utilities.c
nautilus-50.0/src/nautilus-batch-rename-utilities.h
nautilus-50.0/src/nautilus-bookmark-list.c
nautilus-50.0/src/nautilus-bookmark-list.h
nautilus-50.0/src/nautilus-bookmark.c
nautilus-50.0/src/nautilus-bookmark.h
nautilus-50.0/src/nautilus-clipboard.c
nautilus-50.0/src/nautilus-clipboard.h
nautilus-50.0/src/nautilus-column-chooser.c
nautilus-50.0/src/nautilus-column-chooser.h
nautilus-50.0/src/nautilus-column-utilities.c
nautilus-50.0/src/nautilus-column-utilities.h
nautilus-50.0/src/nautilus-compress-dialog.c
nautilus-50.0/src/nautilus-compress-dialog.h
nautilus-50.0/src/nautilus-date-entry-row.c
nautilus-50.0/src/nautilus-date-entry-row.h
nautilus-50.0/src/nautilus-date-range-dialog.c
nautilus-50.0/src/nautilus-date-range-dialog.h
nautilus-50.0/src/nautilus-date-utilities.c
nautilus-50.0/src/nautilus-date-utilities.h
nautilus-50.0/src/nautilus-dbus-launcher.c
nautilus-50.0/src/nautilus-dbus-launcher.h
nautilus-50.0/src/nautilus-dbus-manager.c
nautilus-50.0/src/nautilus-dbus-manager.h
nautilus-50.0/src/nautilus-dialog-utilities.c
nautilus-50.0/src/nautilus-dialog-utilities.h
nautilus-50.0/src/nautilus-directory-async.c
nautilus-50.0/src/nautilus-directory-notify.h
nautilus-50.0/src/nautilus-directory-private.h
nautilus-50.0/src/nautilus-directory.c
nautilus-50.0/src/nautilus-directory.h
nautilus-50.0/src/nautilus-dnd.c
nautilus-50.0/src/nautilus-dnd.h
nautilus-50.0/src/nautilus-enum-types.c.template
nautilus-50.0/src/nautilus-enum-types.h.template
nautilus-50.0/src/nautilus-enums.h
nautilus-50.0/src/nautilus-error-reporting.c
nautilus-50.0/src/nautilus-error-reporting.h
nautilus-50.0/src/nautilus-fd-holder.c
nautilus-50.0/src/nautilus-fd-holder.h
nautilus-50.0/src/nautilus-file-changes-queue.c
nautilus-50.0/src/nautilus-file-changes-queue.h
nautilus-50.0/src/nautilus-file-chooser.c
nautilus-50.0/src/nautilus-file-chooser.h
nautilus-50.0/src/nautilus-file-conflict-dialog.c
nautilus-50.0/src/nautilus-file-conflict-dialog.h
nautilus-50.0/src/nautilus-file-operations-dbus-data.c
nautilus-50.0/src/nautilus-file-operations-dbus-data.h
nautilus-50.0/src/nautilus-file-operations.c
nautilus-50.0/src/nautilus-file-operations.h
nautilus-50.0/src/nautilus-file-private.h
nautilus-50.0/src/nautilus-file-undo-manager.c
nautilus-50.0/src/nautilus-file-undo-manager.h
nautilus-50.0/src/nautilus-file-undo-operations.c
nautilus-50.0/src/nautilus-file-undo-operations.h
nautilus-50.0/src/nautilus-file-utilities.c
nautilus-50.0/src/nautilus-file-utilities.h
nautilus-50.0/src/nautilus-file.c
nautilus-50.0/src/nautilus-file.h
nautilus-50.0/src/nautilus-filename-utilities.c
nautilus-50.0/src/nautilus-filename-utilities.h
nautilus-50.0/src/nautilus-filename-validator.c
nautilus-50.0/src/nautilus-filename-validator.h
nautilus-50.0/src/nautilus-files-view-dnd.c
nautilus-50.0/src/nautilus-files-view-dnd.h
nautilus-50.0/src/nautilus-files-view.c
nautilus-50.0/src/nautilus-files-view.h
nautilus-50.0/src/nautilus-floating-bar.c
nautilus-50.0/src/nautilus-floating-bar.h
nautilus-50.0/src/nautilus-freedesktop-dbus.c
nautilus-50.0/src/nautilus-freedesktop-dbus.h
nautilus-50.0/src/nautilus-global-preferences.c
nautilus-50.0/src/nautilus-global-preferences.h
nautilus-50.0/src/nautilus-grid-cell.c
nautilus-50.0/src/nautilus-grid-cell.h
nautilus-50.0/src/nautilus-grid-view-captions-dialog.c
nautilus-50.0/src/nautilus-grid-view-captions-dialog.h
nautilus-50.0/src/nautilus-grid-view.c
nautilus-50.0/src/nautilus-grid-view.h
nautilus-50.0/src/nautilus-hash-queue.c
nautilus-50.0/src/nautilus-hash-queue.h
nautilus-50.0/src/nautilus-history-controls.c
nautilus-50.0/src/nautilus-history-controls.h
nautilus-50.0/src/nautilus-icon-info.c
nautilus-50.0/src/nautilus-icon-info.h
nautilus-50.0/src/nautilus-icon-names.h
nautilus-50.0/src/nautilus-image.c
nautilus-50.0/src/nautilus-image.h
nautilus-50.0/src/nautilus-internal-place-file.c
nautilus-50.0/src/nautilus-internal-place-file.h
nautilus-50.0/src/nautilus-keyfile-metadata.c
nautilus-50.0/src/nautilus-keyfile-metadata.h
nautilus-50.0/src/nautilus-label-cell.c
nautilus-50.0/src/nautilus-label-cell.h
nautilus-50.0/src/nautilus-list-base-private.h
nautilus-50.0/src/nautilus-list-base.c
nautilus-50.0/src/nautilus-list-base.h
nautilus-50.0/src/nautilus-list-view.c
nautilus-50.0/src/nautilus-list-view.h
nautilus-50.0/src/nautilus-localsearch-utilities.c
nautilus-50.0/src/nautilus-localsearch-utilities.h
nautilus-50.0/src/nautilus-location-banner.c
nautilus-50.0/src/nautilus-location-banner.h
nautilus-50.0/src/nautilus-location-entry.c
nautilus-50.0/src/nautilus-location-entry.h
nautilus-50.0/src/nautilus-main.c
nautilus-50.0/src/nautilus-metadata.c
nautilus-50.0/src/nautilus-metadata.h
nautilus-50.0/src/nautilus-mime-actions.c
nautilus-50.0/src/nautilus-mime-actions.h
nautilus-50.0/src/nautilus-minimal-cell.c
nautilus-50.0/src/nautilus-minimal-cell.h
nautilus-50.0/src/nautilus-module.c
nautilus-50.0/src/nautilus-module.h
nautilus-50.0/src/nautilus-monitor.c
nautilus-50.0/src/nautilus-monitor.h
nautilus-50.0/src/nautilus-name-cell.c
nautilus-50.0/src/nautilus-name-cell.h
nautilus-50.0/src/nautilus-network-address-bar.c
nautilus-50.0/src/nautilus-network-address-bar.h
nautilus-50.0/src/nautilus-network-cell.c
nautilus-50.0/src/nautilus-network-cell.h
nautilus-50.0/src/nautilus-network-directory.c
nautilus-50.0/src/nautilus-network-directory.h
nautilus-50.0/src/nautilus-network-view.c
nautilus-50.0/src/nautilus-network-view.h
nautilus-50.0/src/nautilus-new-folder-dialog.c
nautilus-50.0/src/nautilus-new-folder-dialog.h
nautilus-50.0/src/nautilus-operations-ui-manager.c
nautilus-50.0/src/nautilus-operations-ui-manager.h
nautilus-50.0/src/nautilus-pathbar.c
nautilus-50.0/src/nautilus-pathbar.h
nautilus-50.0/src/nautilus-portal.c
nautilus-50.0/src/nautilus-portal.h
nautilus-50.0/src/nautilus-preferences-dialog.c
nautilus-50.0/src/nautilus-preferences-dialog.h
nautilus-50.0/src/nautilus-previewer.c
nautilus-50.0/src/nautilus-previewer.h
nautilus-50.0/src/nautilus-program-choosing.c
nautilus-50.0/src/nautilus-program-choosing.h
nautilus-50.0/src/nautilus-progress-indicator.c
nautilus-50.0/src/nautilus-progress-indicator.h
nautilus-50.0/src/nautilus-progress-info-manager.c
nautilus-50.0/src/nautilus-progress-info-manager.h
nautilus-50.0/src/nautilus-progress-info-widget.c
nautilus-50.0/src/nautilus-progress-info-widget.h
nautilus-50.0/src/nautilus-progress-info.c
nautilus-50.0/src/nautilus-progress-info.h
nautilus-50.0/src/nautilus-progress-paintable.c
nautilus-50.0/src/nautilus-progress-paintable.h
nautilus-50.0/src/nautilus-progress-persistence-handler.c
nautilus-50.0/src/nautilus-progress-persistence-handler.h
nautilus-50.0/src/nautilus-properties.c
nautilus-50.0/src/nautilus-properties.h
nautilus-50.0/src/nautilus-query-editor.c
nautilus-50.0/src/nautilus-query-editor.h
nautilus-50.0/src/nautilus-query.c
nautilus-50.0/src/nautilus-query.h
nautilus-50.0/src/nautilus-recent-servers.c
nautilus-50.0/src/nautilus-recent-servers.h
nautilus-50.0/src/nautilus-rename-file-popover.c
nautilus-50.0/src/nautilus-rename-file-popover.h
nautilus-50.0/src/nautilus-scheme.c
nautilus-50.0/src/nautilus-scheme.h
nautilus-50.0/src/nautilus-search-directory-file.c
nautilus-50.0/src/nautilus-search-directory-file.h
nautilus-50.0/src/nautilus-search-directory.c
nautilus-50.0/src/nautilus-search-directory.h
nautilus-50.0/src/nautilus-search-engine-localsearch.c
nautilus-50.0/src/nautilus-search-engine-localsearch.h
nautilus-50.0/src/nautilus-search-engine-model.c
nautilus-50.0/src/nautilus-search-engine-model.h
nautilus-50.0/src/nautilus-search-engine-recent.c
nautilus-50.0/src/nautilus-search-engine-recent.h
nautilus-50.0/src/nautilus-search-engine-simple.c
nautilus-50.0/src/nautilus-search-engine-simple.h
nautilus-50.0/src/nautilus-search-engine.c
nautilus-50.0/src/nautilus-search-engine.h
nautilus-50.0/src/nautilus-search-hit.c
nautilus-50.0/src/nautilus-search-hit.h
nautilus-50.0/src/nautilus-search-popover.c
nautilus-50.0/src/nautilus-search-popover.h
nautilus-50.0/src/nautilus-search-provider.c
nautilus-50.0/src/nautilus-search-provider.h
nautilus-50.0/src/nautilus-shell-search-provider.c
nautilus-50.0/src/nautilus-shell-search-provider.h
nautilus-50.0/src/nautilus-shortcut-manager.c
nautilus-50.0/src/nautilus-shortcut-manager.h
nautilus-50.0/src/nautilus-sidebar-row.c
nautilus-50.0/src/nautilus-sidebar-row.h
nautilus-50.0/src/nautilus-sidebar.c
nautilus-50.0/src/nautilus-sidebar.h
nautilus-50.0/src/nautilus-signaller.c
nautilus-50.0/src/nautilus-signaller.h
nautilus-50.0/src/nautilus-star-cell.c
nautilus-50.0/src/nautilus-star-cell.h
nautilus-50.0/src/nautilus-starred-directory.c
nautilus-50.0/src/nautilus-starred-directory.h
nautilus-50.0/src/nautilus-tag-manager.c
nautilus-50.0/src/nautilus-tag-manager.h
nautilus-50.0/src/nautilus-thumbnails.c
nautilus-50.0/src/nautilus-thumbnails.h
nautilus-50.0/src/nautilus-toolbar-menu-sections.h
nautilus-50.0/src/nautilus-toolbar.c
nautilus-50.0/src/nautilus-toolbar.h
nautilus-50.0/src/nautilus-trash-monitor.c
nautilus-50.0/src/nautilus-trash-monitor.h
nautilus-50.0/src/nautilus-types.h
nautilus-50.0/src/nautilus-ui-utilities.c
nautilus-50.0/src/nautilus-ui-utilities.h
nautilus-50.0/src/nautilus-undo-private.h
nautilus-50.0/src/nautilus-vfs-directory.c
nautilus-50.0/src/nautilus-vfs-directory.h
nautilus-50.0/src/nautilus-vfs-file.c
nautilus-50.0/src/nautilus-vfs-file.h
nautilus-50.0/src/nautilus-view-cell.c
nautilus-50.0/src/nautilus-view-cell.h
nautilus-50.0/src/nautilus-view-controls.c
nautilus-50.0/src/nautilus-view-controls.h
nautilus-50.0/src/nautilus-view-info.h
nautilus-50.0/src/nautilus-view-item-filter.c
nautilus-50.0/src/nautilus-view-item-filter.h
nautilus-50.0/src/nautilus-view-item.c
nautilus-50.0/src/nautilus-view-item.h
nautilus-50.0/src/nautilus-view-model.c
nautilus-50.0/src/nautilus-view-model.h
nautilus-50.0/src/nautilus-window-slot.c
nautilus-50.0/src/nautilus-window-slot.h
nautilus-50.0/src/nautilus-window.c
nautilus-50.0/src/nautilus-window.h
nautilus-50.0/src/nautilus-x-content-bar.c
nautilus-50.0/src/nautilus-x-content-bar.h
nautilus-50.0/src/resources/
nautilus-50.0/src/resources/icons/
nautilus-50.0/src/resources/icons/scalable/
nautilus-50.0/src/resources/icons/scalable/actions/
nautilus-50.0/src/resources/icons/scalable/actions/arrow-next-symbolic-rtl.svg
nautilus-50.0/src/resources/icons/scalable/actions/arrow-next-symbolic.svg
nautilus-50.0/src/resources/icons/scalable/actions/cancel-operation-symbolic.svg
nautilus-50.0/src/resources/icons/scalable/actions/cut-large-symbolic.svg
nautilus-50.0/src/resources/icons/scalable/actions/cut-symbolic.svg
nautilus-50.0/src/resources/icons/scalable/actions/emblem-readonly-symbolic.svg
nautilus-50.0/src/resources/icons/scalable/actions/emblem-symbolic-link-symbolic.svg
nautilus-50.0/src/resources/icons/scalable/actions/emblem-unwriteable-symbolic.svg
nautilus-50.0/src/resources/icons/scalable/actions/external-link-symbolic.svg
nautilus-50.0/src/resources/icons/scalable/actions/file-operation-cancelled-symbolic.svg
nautilus-50.0/src/resources/icons/scalable/actions/file-operation-finished-symbolic.svg
nautilus-50.0/src/resources/icons/scalable/actions/funnel-outline-symbolic.svg
nautilus-50.0/src/resources/icons/scalable/actions/image-print-symbolic.svg
nautilus-50.0/src/resources/icons/scalable/actions/info-outline-symbolic.svg
nautilus-50.0/src/resources/icons/scalable/actions/nautilus-file-chooser-options-symbolic.svg
nautilus-50.0/src/resources/icons/scalable/actions/nautilus-folder-search-symbolic.svg
nautilus-50.0/src/resources/icons/scalable/actions/nautilus-search-filters-symbolic.svg
nautilus-50.0/src/resources/icons/scalable/actions/network-computer-symbolic.svg
nautilus-50.0/src/resources/icons/scalable/actions/paper-symbolic.svg
nautilus-50.0/src/resources/icons/scalable/actions/quotation-symbolic.svg
nautilus-50.0/src/resources/icons/scalable/actions/remove-custom-icon-symbolic.svg
nautilus-50.0/src/resources/icons/scalable/actions/rich-text-symbolic.svg
nautilus-50.0/src/resources/image/
nautilus-50.0/src/resources/image/checkerboard.png
nautilus-50.0/src/resources/image/filmholes.png
nautilus-50.0/src/resources/image/text-x-preview.png
nautilus-50.0/src/resources/menu/
nautilus-50.0/src/resources/menu/nautilus-files-view-context-menus.ui
nautilus-50.0/src/resources/menu/nautilus-pathbar-context-menu.ui
nautilus-50.0/src/resources/menu/nautilus-toolbar-view-menu.ui
nautilus-50.0/src/resources/meson.build
nautilus-50.0/src/resources/nautilus.gresource.xml.in
nautilus-50.0/src/resources/style.css
nautilus-50.0/src/resources/ui/
nautilus-50.0/src/resources/ui/nautilus-app-chooser.blp
nautilus-50.0/src/resources/ui/nautilus-batch-rename-dialog.blp
nautilus-50.0/src/resources/ui/nautilus-column-chooser.blp
nautilus-50.0/src/resources/ui/nautilus-compress-dialog.blp
nautilus-50.0/src/resources/ui/nautilus-date-entry-row.blp
nautilus-50.0/src/resources/ui/nautilus-date-range-dialog.blp
nautilus-50.0/src/resources/ui/nautilus-file-chooser.blp
nautilus-50.0/src/resources/ui/nautilus-file-conflict-dialog.blp
nautilus-50.0/src/resources/ui/nautilus-file-properties-change-permissions.blp
nautilus-50.0/src/resources/ui/nautilus-files-view-select-items.blp
nautilus-50.0/src/resources/ui/nautilus-files-view.blp
nautilus-50.0/src/resources/ui/nautilus-grid-cell.blp
nautilus-50.0/src/resources/ui/nautilus-grid-view-captions-dialog.blp
nautilus-50.0/src/resources/ui/nautilus-history-controls.blp
nautilus-50.0/src/resources/ui/nautilus-name-cell.blp
nautilus-50.0/src/resources/ui/nautilus-network-address-bar.blp
nautilus-50.0/src/resources/ui/nautilus-network-cell.blp
nautilus-50.0/src/resources/ui/nautilus-new-folder-dialog.blp
nautilus-50.0/src/resources/ui/nautilus-operations-ui-manager-request-passphrase.blp
nautilus-50.0/src/resources/ui/nautilus-preferences-dialog.blp
nautilus-50.0/src/resources/ui/nautilus-progress-indicator.blp
nautilus-50.0/src/resources/ui/nautilus-progress-info-widget.blp
nautilus-50.0/src/resources/ui/nautilus-properties-widget.blp
nautilus-50.0/src/resources/ui/nautilus-properties-window.blp
nautilus-50.0/src/resources/ui/nautilus-rename-file-popover.blp
nautilus-50.0/src/resources/ui/nautilus-search-popover.blp
nautilus-50.0/src/resources/ui/nautilus-search-types-dialog.blp
nautilus-50.0/src/resources/ui/nautilus-sidebar-row.blp
nautilus-50.0/src/resources/ui/nautilus-toolbar.blp
nautilus-50.0/src/resources/ui/nautilus-view-controls.blp
nautilus-50.0/src/resources/ui/nautilus-window.blp
nautilus-50.0/src/resources/ui/shortcuts-dialog.blp
nautilus-50.0/test/
nautilus-50.0/test/automated/
nautilus-50.0/test/automated/display/
nautilus-50.0/test/automated/display/meson.build
nautilus-50.0/test/automated/display/test-file-operations-create.c
nautilus-50.0/test/automated/display/test-files-view.c
nautilus-50.0/test/automated/display/test-nautilus-directory-async.c
nautilus-50.0/test/automated/display/test-portal-file-chooser.c
nautilus-50.0/test/automated/display/test-sidebar.c
nautilus-50.0/test/automated/displayless/
nautilus-50.0/test/automated/displayless/meson.build
nautilus-50.0/test/automated/displayless/test-bookmarks.c
nautilus-50.0/test/automated/displayless/test-directory.c
nautilus-50.0/test/automated/displayless/test-file-metadata.c
nautilus-50.0/test/automated/displayless/test-file-operations-archive.c
nautilus-50.0/test/automated/displayless/test-file-operations-copy-files.c
nautilus-50.0/test/automated/displayless/test-file-operations-link.c
nautilus-50.0/test/automated/displayless/test-file-operations-move-files.c
nautilus-50.0/test/automated/displayless/test-file-operations-rename.c
nautilus-50.0/test/automated/displayless/test-file-operations-trash-or-delete.c
nautilus-50.0/test/automated/displayless/test-file-utilities.c
nautilus-50.0/test/automated/displayless/test-file.c
nautilus-50.0/test/automated/displayless/test-filename-common-prefix.c
nautilus-50.0/test/automated/displayless/test-filename-utilities.c
nautilus-50.0/test/automated/displayless/test-nautilus-search-engine-localsearch.c
nautilus-50.0/test/automated/displayless/test-nautilus-search-engine-model.c
nautilus-50.0/test/automated/displayless/test-nautilus-search-engine-simple.c
nautilus-50.0/test/automated/displayless/test-nautilus-search-engine.c
nautilus-50.0/test/automated/displayless/test-thumbnails.c
nautilus-50.0/test/automated/displayless/test-ui-utilities.c
nautilus-50.0/test/automated/meson.build
nautilus-50.0/test/automated/test-utilities.c
nautilus-50.0/test/automated/test-utilities.h
nautilus-50.0/test/meson.build
nautilus-50.0/xdp-gnome/
nautilus-50.0/xdp-gnome/COPYING
nautilus-50.0/xdp-gnome/README.md
nautilus-50.0/xdp-gnome/data/
nautilus-50.0/xdp-gnome/data/README.md
nautilus-50.0/xdp-gnome/data/mutter-x11-interop.xml
nautilus-50.0/xdp-gnome/data/org.freedesktop.impl.portal.FileChooser.xml
nautilus-50.0/xdp-gnome/data/org.freedesktop.impl.portal.Request.xml
nautilus-50.0/xdp-gnome/data/org.gnome.Mutter.ServiceChannel.xml
nautilus-50.0/xdp-gnome/externalwindow-wayland.c
nautilus-50.0/xdp-gnome/externalwindow-wayland.h
nautilus-50.0/xdp-gnome/externalwindow-x11.c
nautilus-50.0/xdp-gnome/externalwindow-x11.h
nautilus-50.0/xdp-gnome/externalwindow.c
nautilus-50.0/xdp-gnome/externalwindow.h
nautilus-50.0/xdp-gnome/meson.build
nautilus-50.0/xdp-gnome/request.c
nautilus-50.0/xdp-gnome/request.h
The Meson build system
Version: 1.10.2
Source dir: /blfs/builds/nautilus-50.0
Build dir: /blfs/builds/nautilus-50.0/build
Build type: native build
DEPRECATION: Option "selinux" value 'false' is replaced by 'disabled'
DEPRECATION: Option "packagekit" is deprecated
Project name: nautilus
Project version: 50.0
C compiler for the host machine: cc (gcc 15.2.0 "cc (GCC) 15.2.0")
C linker for the host machine: cc ld.bfd 2.45
Host machine cpu family: x86_64
Host machine cpu: x86_64
Compiler for C supports arguments -Wduplicated-branches: YES 
Compiler for C supports arguments -Wduplicated-cond: YES 
Compiler for C supports arguments -Wlogical-op: YES 
Compiler for C supports arguments -Werror=empty-body: YES 
Compiler for C supports arguments -Werror=format=2: YES 
Compiler for C supports arguments -Werror=implicit-function-declaration: YES 
Compiler for C supports arguments -Werror=incompatible-pointer-types: YES 
Compiler for C supports arguments -Werror=init-self: YES 
Compiler for C supports arguments -Werror=missing-include-dirs: YES 
Compiler for C supports arguments -Werror=missing-prototypes: YES 
Compiler for C supports arguments -Werror=pointer-arith: YES 
Compiler for C supports arguments -Werror=sequence-point: YES 
Compiler for C supports arguments -Werror=shadow: YES 
Compiler for C supports arguments -Werror=strict-prototypes: YES 
Compiler for C supports arguments -Werror=undef: YES 
Compiler for C supports arguments -Werror=uninitialized: YES 
Compiler for C supports arguments -Wno-deprecated-declarations: YES 
Compiler for C supports arguments -Wno-cast-function-type: YES 
Compiler for C supports arguments -Wno-unused-parameter: YES 
Compiler for C supports arguments -Wno-error=maybe-uninitialized: YES 
Library m found: YES
Found pkg-config: YES (/usr/bin/pkg-config) 2.5.1
Run-time dependency gio-2.0 found: YES 2.88.0
Run-time dependency gio-unix-2.0 found: YES 2.88.0
Run-time dependency glib-2.0 found: YES 2.88.0
Run-time dependency glycin-2 found: YES 2.1.0
Run-time dependency glycin-gtk4-2 found: YES 2.1.0
Run-time dependency gmodule-no-export-2.0 found: YES 2.88.0
Run-time dependency gnome-autoar-0 found: YES 0.4.5
Run-time dependency gnome-desktop-4 found: YES 44.5
Run-time dependency gtk4 found: YES 4.22.2
Run-time dependency libadwaita-1 found: YES 1.9.0
Run-time dependency libportal found: YES 0.9.1
Run-time dependency libportal-gtk4 found: YES 0.9.1
Run-time dependency tinysparql-3.0 found: YES 3.11.alpha
Run-time dependency icu-uc found: YES 77.1
Run-time dependency icu-i18n found: YES 77.1
Program blueprint-compiler found: NO

../meson.build:122:16: ERROR: Program 'blueprint-compiler' not found or not executable

A full log can be found at /blfs/builds/nautilus-50.0/build/meson-logs/meson-log.txt
