--2026-02-02 08:23:41--  https://gitlab.gnome.org/GNOME/gnome-terminal/-/archive/3.59.90/gnome-terminal-3.59.90.tar.bz2
Resolving gitlab.gnome.org (gitlab.gnome.org)... 151.101.1.91, 151.101.193.91, 151.101.65.91, ...
Connecting to gitlab.gnome.org (gitlab.gnome.org)|151.101.1.91|:443... connected.
HTTP request sent, awaiting response... 200 OK
Length: 1722452 (1.6M) [application/octet-stream]
Saving to: ‘gnome-terminal-3.59.90.tar.bz2’

     0K .......... .......... .......... .......... ..........  2% 6.53M 0s
    50K .......... .......... .......... .......... ..........  5% 6.35M 0s
   100K .......... .......... .......... .......... ..........  8% 6.01M 0s
   150K .......... .......... .......... .......... .......... 11% 12.1M 0s
   200K .......... .......... .......... .......... .......... 14% 12.9M 0s
   250K .......... .......... .......... .......... .......... 17% 6.27M 0s
   300K .......... .......... .......... .......... .......... 20% 66.8M 0s
   350K .......... .......... .......... .......... .......... 23% 54.3M 0s
   400K .......... .......... .......... .......... .......... 26% 7.96M 0s
   450K .......... .......... .......... .......... .......... 29%  108M 0s
   500K .......... .......... .......... .......... .......... 32% 88.2M 0s
   550K .......... .......... .......... .......... .......... 35% 6.99M 0s
   600K .......... .......... .......... .......... .......... 38%  118M 0s
   650K .......... .......... .......... .......... .......... 41%  115M 0s
   700K .......... .......... .......... .......... .......... 44% 85.6M 0s
   750K .......... .......... .......... .......... .......... 47%  118M 0s
   800K .......... .......... .......... .......... .......... 50%  128M 0s
   850K .......... .......... .......... .......... .......... 53%  118M 0s
   900K .......... .......... .......... .......... .......... 56% 8.64M 0s
   950K .......... .......... .......... .......... .......... 59%  116M 0s
  1000K .......... .......... .......... .......... .......... 62%  117M 0s
  1050K .......... .......... .......... .......... .......... 65%  120M 0s
  1100K .......... .......... .......... .......... .......... 68% 92.5M 0s
  1150K .......... .......... .......... .......... .......... 71%  112M 0s
  1200K .......... .......... .......... .......... .......... 74% 30.3M 0s
  1250K .......... .......... .......... .......... .......... 77% 11.4M 0s
  1300K .......... .......... .......... .......... .......... 80%  118M 0s
  1350K .......... .......... .......... .......... .......... 83%  117M 0s
  1400K .......... .......... .......... .......... .......... 86%  105M 0s
  1450K .......... .......... .......... .......... .......... 89%  119M 0s
  1500K .......... .......... .......... .......... .......... 92% 85.5M 0s
  1550K .......... .......... .......... .......... .......... 95%  119M 0s
  1600K .......... .......... .......... .......... .......... 98%  116M 0s
  1650K .......... .......... .......... ..                   100%  209M=0.07s

2026-02-02 08:23:41 (22.1 MB/s) - ‘gnome-terminal-3.59.90.tar.bz2’ saved [1722452/1722452]

gnome-terminal-3.59.90/
gnome-terminal-3.59.90/.dir-locals.el
gnome-terminal-3.59.90/.gitlab-ci.yml
gnome-terminal-3.59.90/.gitlab-ci/
gnome-terminal-3.59.90/.gitlab-ci/make-release.sh
gnome-terminal-3.59.90/COPYING
gnome-terminal-3.59.90/COPYING.GFDL
gnome-terminal-3.59.90/Makefile.meson
gnome-terminal-3.59.90/README.md
gnome-terminal-3.59.90/data/
gnome-terminal-3.59.90/data/icons/
gnome-terminal-3.59.90/data/icons/hicolor_apps_scalable_org.gnome.Terminal.Preferences.svg
gnome-terminal-3.59.90/data/icons/hicolor_apps_scalable_org.gnome.Terminal.svg
gnome-terminal-3.59.90/data/icons/hicolor_apps_symbolic_org.gnome.Terminal-symbolic.svg
gnome-terminal-3.59.90/data/icons/hicolor_apps_symbolic_org.gnome.Terminal.Preferences-symbolic.svg
gnome-terminal-3.59.90/data/icons/meson.build
gnome-terminal-3.59.90/data/icons/meson_updateiconcache.py
gnome-terminal-3.59.90/data/meson.build
gnome-terminal-3.59.90/data/meson_desktopfile.py
gnome-terminal-3.59.90/data/meson_metainfofile.py
gnome-terminal-3.59.90/data/metainfo.its
gnome-terminal-3.59.90/data/org.gnome.Terminal.Nautilus.metainfo.xml.in
gnome-terminal-3.59.90/data/org.gnome.Terminal.Preferences.desktop.in
gnome-terminal-3.59.90/data/org.gnome.Terminal.desktop.in
gnome-terminal-3.59.90/data/org.gnome.Terminal.metainfo.xml.in
gnome-terminal-3.59.90/data/ui-filter-mnemonics.xslt
gnome-terminal-3.59.90/data/ui-filter-no-mnemonics.xslt
gnome-terminal-3.59.90/gnome-terminal.doap
gnome-terminal-3.59.90/help/
gnome-terminal-3.59.90/help/C/
gnome-terminal-3.59.90/help/C/adv-custom-colors.page.stub
gnome-terminal-3.59.90/help/C/adv-keyboard-shortcuts.page
gnome-terminal-3.59.90/help/C/app-colors.page
gnome-terminal-3.59.90/help/C/app-cursor.page
gnome-terminal-3.59.90/help/C/app-fonts.page
gnome-terminal-3.59.90/help/C/app-fullscreen.page
gnome-terminal-3.59.90/help/C/app-terminal-sizes.page
gnome-terminal-3.59.90/help/C/app-zoom.page
gnome-terminal-3.59.90/help/C/figures/
gnome-terminal-3.59.90/help/C/figures/gnome-terminal.png
gnome-terminal-3.59.90/help/C/figures/keyboard-key-search.svg
gnome-terminal-3.59.90/help/C/figures/org.gnome.Terminal.svg
gnome-terminal-3.59.90/help/C/gs-execute-commands.page
gnome-terminal-3.59.90/help/C/gs-tabs.page
gnome-terminal-3.59.90/help/C/index.page
gnome-terminal-3.59.90/help/C/introduction.page
gnome-terminal-3.59.90/help/C/legal.xml
gnome-terminal-3.59.90/help/C/overview.page
gnome-terminal-3.59.90/help/C/pref-bell.page
gnome-terminal-3.59.90/help/C/pref-compatibility.page.stub
gnome-terminal-3.59.90/help/C/pref-custom-command.page
gnome-terminal-3.59.90/help/C/pref-custom-exit.page
gnome-terminal-3.59.90/help/C/pref-keyboard-access.page
gnome-terminal-3.59.90/help/C/pref-login-shell.page
gnome-terminal-3.59.90/help/C/pref-menubar.page
gnome-terminal-3.59.90/help/C/pref-profile-char-width.page
gnome-terminal-3.59.90/help/C/pref-profile-encoding.page
gnome-terminal-3.59.90/help/C/pref-profiles.page
gnome-terminal-3.59.90/help/C/pref-scrolling.page
gnome-terminal-3.59.90/help/C/pref-tab-window.page
gnome-terminal-3.59.90/help/C/pref-user-input.page
gnome-terminal-3.59.90/help/C/pref.page
gnome-terminal-3.59.90/help/C/prob-reset.page
gnome-terminal-3.59.90/help/C/txt-copy-paste.page
gnome-terminal-3.59.90/help/C/txt-links.page
gnome-terminal-3.59.90/help/C/txt-save-text.page
gnome-terminal-3.59.90/help/C/txt-search.page
gnome-terminal-3.59.90/help/C/txt-select-text.page
gnome-terminal-3.59.90/help/ChangeLog.pre-2-23
gnome-terminal-3.59.90/help/LINGUAS
gnome-terminal-3.59.90/help/ca/
gnome-terminal-3.59.90/help/ca/ca.po
gnome-terminal-3.59.90/help/cs/
gnome-terminal-3.59.90/help/cs/cs.po
gnome-terminal-3.59.90/help/da/
gnome-terminal-3.59.90/help/da/da.po
gnome-terminal-3.59.90/help/de/
gnome-terminal-3.59.90/help/de/de.po
gnome-terminal-3.59.90/help/el/
gnome-terminal-3.59.90/help/el/el.po
gnome-terminal-3.59.90/help/es/
gnome-terminal-3.59.90/help/es/es.po
gnome-terminal-3.59.90/help/eu/
gnome-terminal-3.59.90/help/eu/eu.po
gnome-terminal-3.59.90/help/fi/
gnome-terminal-3.59.90/help/fi/fi.po
gnome-terminal-3.59.90/help/fr/
gnome-terminal-3.59.90/help/fr/fr.po
gnome-terminal-3.59.90/help/gl/
gnome-terminal-3.59.90/help/gl/gl.po
gnome-terminal-3.59.90/help/hu/
gnome-terminal-3.59.90/help/hu/hu.po
gnome-terminal-3.59.90/help/id/
gnome-terminal-3.59.90/help/id/id.po
gnome-terminal-3.59.90/help/ka/
gnome-terminal-3.59.90/help/ka/ka.po
gnome-terminal-3.59.90/help/ko/
gnome-terminal-3.59.90/help/ko/ko.po
gnome-terminal-3.59.90/help/meson.build
gnome-terminal-3.59.90/help/pl/
gnome-terminal-3.59.90/help/pl/pl.po
gnome-terminal-3.59.90/help/pt_BR/
gnome-terminal-3.59.90/help/pt_BR/pt_BR.po
gnome-terminal-3.59.90/help/ro/
gnome-terminal-3.59.90/help/ro/ro.po
gnome-terminal-3.59.90/help/ru/
gnome-terminal-3.59.90/help/ru/ru.po
gnome-terminal-3.59.90/help/sv/
gnome-terminal-3.59.90/help/sv/sv.po
gnome-terminal-3.59.90/help/tr/
gnome-terminal-3.59.90/help/tr/tr.po
gnome-terminal-3.59.90/help/uk/
gnome-terminal-3.59.90/help/uk/uk.po
gnome-terminal-3.59.90/help/zh_CN/
gnome-terminal-3.59.90/help/zh_CN/zh_CN.po
gnome-terminal-3.59.90/m4/
gnome-terminal-3.59.90/m4/ax_pthread.m4
gnome-terminal-3.59.90/man/
gnome-terminal-3.59.90/man/gnome-terminal.xml
gnome-terminal-3.59.90/man/meson.build
gnome-terminal-3.59.90/meson.build
gnome-terminal-3.59.90/meson_changelog.sh
gnome-terminal-3.59.90/meson_options.txt
gnome-terminal-3.59.90/po/
gnome-terminal-3.59.90/po/LINGUAS
gnome-terminal-3.59.90/po/POTFILES.in
gnome-terminal-3.59.90/po/POTFILES.skip
gnome-terminal-3.59.90/po/ab.po
gnome-terminal-3.59.90/po/am.po
gnome-terminal-3.59.90/po/an.po
gnome-terminal-3.59.90/po/ar.po
gnome-terminal-3.59.90/po/as.po
gnome-terminal-3.59.90/po/ast.po
gnome-terminal-3.59.90/po/az.po
gnome-terminal-3.59.90/po/be.po
gnome-terminal-3.59.90/po/be@latin.po
gnome-terminal-3.59.90/po/bg.po
gnome-terminal-3.59.90/po/bn.po
gnome-terminal-3.59.90/po/bn_IN.po
gnome-terminal-3.59.90/po/br.po
gnome-terminal-3.59.90/po/bs.po
gnome-terminal-3.59.90/po/ca.po
gnome-terminal-3.59.90/po/ca@valencia.po
gnome-terminal-3.59.90/po/cs.po
gnome-terminal-3.59.90/po/cy.po
gnome-terminal-3.59.90/po/da.po
gnome-terminal-3.59.90/po/de.po
gnome-terminal-3.59.90/po/dz.po
gnome-terminal-3.59.90/po/el.po
gnome-terminal-3.59.90/po/en@shaw.po
gnome-terminal-3.59.90/po/en_CA.po
gnome-terminal-3.59.90/po/en_GB.po
gnome-terminal-3.59.90/po/eo.po
gnome-terminal-3.59.90/po/es.po
gnome-terminal-3.59.90/po/et.po
gnome-terminal-3.59.90/po/eu.po
gnome-terminal-3.59.90/po/fa.po
gnome-terminal-3.59.90/po/fi.po
gnome-terminal-3.59.90/po/fr.po
gnome-terminal-3.59.90/po/fur.po
gnome-terminal-3.59.90/po/ga.po
gnome-terminal-3.59.90/po/gd.po
gnome-terminal-3.59.90/po/gl.po
gnome-terminal-3.59.90/po/gu.po
gnome-terminal-3.59.90/po/he.po
gnome-terminal-3.59.90/po/hi.po
gnome-terminal-3.59.90/po/hr.po
gnome-terminal-3.59.90/po/hu.po
gnome-terminal-3.59.90/po/hy.po
gnome-terminal-3.59.90/po/id.po
gnome-terminal-3.59.90/po/ie.po
gnome-terminal-3.59.90/po/is.po
gnome-terminal-3.59.90/po/it.po
gnome-terminal-3.59.90/po/ja.po
gnome-terminal-3.59.90/po/ka.po
gnome-terminal-3.59.90/po/kab.po
gnome-terminal-3.59.90/po/kk.po
gnome-terminal-3.59.90/po/km.po
gnome-terminal-3.59.90/po/kn.po
gnome-terminal-3.59.90/po/ko.po
gnome-terminal-3.59.90/po/ku.po
gnome-terminal-3.59.90/po/lt.po
gnome-terminal-3.59.90/po/lv.po
gnome-terminal-3.59.90/po/mai.po
gnome-terminal-3.59.90/po/meson.build
gnome-terminal-3.59.90/po/mg.po
gnome-terminal-3.59.90/po/mjw.po
gnome-terminal-3.59.90/po/mk.po
gnome-terminal-3.59.90/po/ml.po
gnome-terminal-3.59.90/po/mn.po
gnome-terminal-3.59.90/po/mr.po
gnome-terminal-3.59.90/po/ms.po
gnome-terminal-3.59.90/po/nb.po
gnome-terminal-3.59.90/po/nds.po
gnome-terminal-3.59.90/po/ne.po
gnome-terminal-3.59.90/po/nl.po
gnome-terminal-3.59.90/po/nn.po
gnome-terminal-3.59.90/po/oc.po
gnome-terminal-3.59.90/po/or.po
gnome-terminal-3.59.90/po/pa.po
gnome-terminal-3.59.90/po/pl.po
gnome-terminal-3.59.90/po/ps.po
gnome-terminal-3.59.90/po/pt.po
gnome-terminal-3.59.90/po/pt_BR.po
gnome-terminal-3.59.90/po/ro.po
gnome-terminal-3.59.90/po/ru.po
gnome-terminal-3.59.90/po/rw.po
gnome-terminal-3.59.90/po/si.po
gnome-terminal-3.59.90/po/sk.po
gnome-terminal-3.59.90/po/sl.po
gnome-terminal-3.59.90/po/sq.po
gnome-terminal-3.59.90/po/sr.po
gnome-terminal-3.59.90/po/sr@latin.po
gnome-terminal-3.59.90/po/sv.po
gnome-terminal-3.59.90/po/ta.po
gnome-terminal-3.59.90/po/te.po
gnome-terminal-3.59.90/po/tg.po
gnome-terminal-3.59.90/po/th.po
gnome-terminal-3.59.90/po/tr.po
gnome-terminal-3.59.90/po/ug.po
gnome-terminal-3.59.90/po/uk.po
gnome-terminal-3.59.90/po/uz.po
gnome-terminal-3.59.90/po/vi.po
gnome-terminal-3.59.90/po/wa.po
gnome-terminal-3.59.90/po/xh.po
gnome-terminal-3.59.90/po/zh_CN.po
gnome-terminal-3.59.90/po/zh_HK.po
gnome-terminal-3.59.90/po/zh_TW.po
gnome-terminal-3.59.90/src/
gnome-terminal-3.59.90/src/eggshell.cc
gnome-terminal-3.59.90/src/eggshell.hh
gnome-terminal-3.59.90/src/external.gschema.xml
gnome-terminal-3.59.90/src/gnome-terminal-search-provider.ini
gnome-terminal-3.59.90/src/gnome-terminal-server.service.in
gnome-terminal-3.59.90/src/meson.build
gnome-terminal-3.59.90/src/meson_compileschemas.py
gnome-terminal-3.59.90/src/nautilus.map
gnome-terminal-3.59.90/src/org.gnome.ShellSearchProvider2.xml
gnome-terminal-3.59.90/src/org.gnome.Terminal.SettingsBridge.xml
gnome-terminal-3.59.90/src/org.gnome.Terminal.gschema.xml
gnome-terminal-3.59.90/src/org.gnome.Terminal.service.in
gnome-terminal-3.59.90/src/org.gnome.Terminal.xml
gnome-terminal-3.59.90/src/preferences.ui
gnome-terminal-3.59.90/src/prefs-main.cc
gnome-terminal-3.59.90/src/prefs.gresource.xml
gnome-terminal-3.59.90/src/profile-editor.cc
gnome-terminal-3.59.90/src/profile-editor.hh
gnome-terminal-3.59.90/src/search-popover.ui
gnome-terminal-3.59.90/src/server.cc
gnome-terminal-3.59.90/src/terminal-accels.cc
gnome-terminal-3.59.90/src/terminal-accels.hh
gnome-terminal-3.59.90/src/terminal-app.cc
gnome-terminal-3.59.90/src/terminal-app.hh
gnome-terminal-3.59.90/src/terminal-client-utils.cc
gnome-terminal-3.59.90/src/terminal-client-utils.hh
gnome-terminal-3.59.90/src/terminal-debug.cc
gnome-terminal-3.59.90/src/terminal-debug.hh
gnome-terminal-3.59.90/src/terminal-default.cc
gnome-terminal-3.59.90/src/terminal-default.hh
gnome-terminal-3.59.90/src/terminal-defines.hh
gnome-terminal-3.59.90/src/terminal-enums.hh
gnome-terminal-3.59.90/src/terminal-gdbus.cc
gnome-terminal-3.59.90/src/terminal-gdbus.hh
gnome-terminal-3.59.90/src/terminal-headerbar.cc
gnome-terminal-3.59.90/src/terminal-headerbar.hh
gnome-terminal-3.59.90/src/terminal-headerbar.ui
gnome-terminal-3.59.90/src/terminal-headermenu.ui
gnome-terminal-3.59.90/src/terminal-i18n.cc
gnome-terminal-3.59.90/src/terminal-i18n.hh
gnome-terminal-3.59.90/src/terminal-icon-button.cc
gnome-terminal-3.59.90/src/terminal-icon-button.hh
gnome-terminal-3.59.90/src/terminal-info-bar.cc
gnome-terminal-3.59.90/src/terminal-info-bar.hh
gnome-terminal-3.59.90/src/terminal-intl.hh
gnome-terminal-3.59.90/src/terminal-libgsystem.hh
gnome-terminal-3.59.90/src/terminal-marshal.list
gnome-terminal-3.59.90/src/terminal-mdi-container.cc
gnome-terminal-3.59.90/src/terminal-mdi-container.hh
gnome-terminal-3.59.90/src/terminal-menu-button.cc
gnome-terminal-3.59.90/src/terminal-menu-button.hh
gnome-terminal-3.59.90/src/terminal-menubar.ui.in
gnome-terminal-3.59.90/src/terminal-nautilus.cc
gnome-terminal-3.59.90/src/terminal-notebook-menu.ui
gnome-terminal-3.59.90/src/terminal-notebook.cc
gnome-terminal-3.59.90/src/terminal-notebook.hh
gnome-terminal-3.59.90/src/terminal-options.cc
gnome-terminal-3.59.90/src/terminal-options.hh
gnome-terminal-3.59.90/src/terminal-pcre2.hh
gnome-terminal-3.59.90/src/terminal-prefs-process.cc
gnome-terminal-3.59.90/src/terminal-prefs-process.hh
gnome-terminal-3.59.90/src/terminal-prefs.cc
gnome-terminal-3.59.90/src/terminal-prefs.hh
gnome-terminal-3.59.90/src/terminal-profiles-list.cc
gnome-terminal-3.59.90/src/terminal-profiles-list.hh
gnome-terminal-3.59.90/src/terminal-regex.cc
gnome-terminal-3.59.90/src/terminal-regex.hh
gnome-terminal-3.59.90/src/terminal-schemas.hh
gnome-terminal-3.59.90/src/terminal-screen-container.cc
gnome-terminal-3.59.90/src/terminal-screen-container.hh
gnome-terminal-3.59.90/src/terminal-screen.cc
gnome-terminal-3.59.90/src/terminal-screen.hh
gnome-terminal-3.59.90/src/terminal-search-popover.cc
gnome-terminal-3.59.90/src/terminal-search-popover.hh
gnome-terminal-3.59.90/src/terminal-search-provider.cc
gnome-terminal-3.59.90/src/terminal-search-provider.hh
gnome-terminal-3.59.90/src/terminal-settings-bridge-backend.cc
gnome-terminal-3.59.90/src/terminal-settings-bridge-backend.hh
gnome-terminal-3.59.90/src/terminal-settings-bridge-impl.cc
gnome-terminal-3.59.90/src/terminal-settings-bridge-impl.hh
gnome-terminal-3.59.90/src/terminal-settings-list.cc
gnome-terminal-3.59.90/src/terminal-settings-list.hh
gnome-terminal-3.59.90/src/terminal-settings-utils.cc
gnome-terminal-3.59.90/src/terminal-settings-utils.hh
gnome-terminal-3.59.90/src/terminal-tab-label.cc
gnome-terminal-3.59.90/src/terminal-tab-label.hh
gnome-terminal-3.59.90/src/terminal-type-builtins.cc.template
gnome-terminal-3.59.90/src/terminal-type-builtins.hh.template
gnome-terminal-3.59.90/src/terminal-util.cc
gnome-terminal-3.59.90/src/terminal-util.hh
gnome-terminal-3.59.90/src/terminal-version.hh.in
gnome-terminal-3.59.90/src/terminal-window.cc
gnome-terminal-3.59.90/src/terminal-window.hh
gnome-terminal-3.59.90/src/terminal-window.ui
gnome-terminal-3.59.90/src/terminal.about
gnome-terminal-3.59.90/src/terminal.cc
gnome-terminal-3.59.90/src/terminal.common.css
gnome-terminal-3.59.90/src/terminal.gresource.xml
gnome-terminal-3.59.90/subprojects/
gnome-terminal-3.59.90/subprojects/vte.wrap
The Meson build system
Version: 1.10.1
Source dir: /blfs/builds/gnome-terminal-3.59.90
Build dir: /blfs/builds/gnome-terminal-3.59.90/build
Build type: native build
Project name: gnome-terminal
Project version: 3.59.90
C compiler for the host machine: cc (gcc 15.2.0 "cc (GCC) 15.2.0")
C linker for the host machine: cc ld.bfd 2.45
C++ compiler for the host machine: c++ (gcc 15.2.0 "c++ (GCC) 15.2.0")
C++ linker for the host machine: c++ ld.bfd 2.45
Host machine cpu family: x86_64
Host machine cpu: x86_64
Compiler for C supports arguments -std=gnu11: YES 
../meson.build:129: WARNING: Consider using the built-in option for language standard version instead of using "-std=gnu11".
Compiler for C++ supports arguments -std=gnu++17: YES 
../meson.build:137: WARNING: Consider using the built-in option for language standard version instead of using "-std=gnu++17".
Library dl found: YES
Checking for function "dlsym" with dependency -ldl: YES 
Compiler for C supports arguments -Waggregate-return: YES 
Compiler for C supports arguments -Wall: YES 
Compiler for C supports arguments -Wcast-align: YES 
Compiler for C supports arguments -Wendif-labels: YES 
Compiler for C supports arguments -Werror=init-self: YES 
Compiler for C supports arguments -Werror=missing-include-dirs: YES 
Compiler for C supports arguments -Werror=pointer-arith: YES 
Compiler for C supports arguments -Wextra: YES 
Compiler for C supports arguments -Wfloat-equal: YES 
Compiler for C supports arguments -Wformat-signedness: YES 
Compiler for C supports arguments -Wimplicit: YES 
Compiler for C supports arguments -Wlogical-op: YES 
Compiler for C supports arguments -Wmissing-declarations: YES 
Compiler for C supports arguments -Wmissing-format-attribute: YES 
Compiler for C supports arguments -Wmissing-include-dirs: YES 
Compiler for C supports arguments -Wmissing-noreturn: YES 
Compiler for C supports arguments -Wnested-externs: YES 
Compiler for C supports arguments -Wno-maybe-uninitialized: YES 
Compiler for C supports arguments -Wno-missing-field-initializers: YES 
Compiler for C supports arguments -Wno-switch-enum: YES 
Compiler for C supports arguments -Wno-unused-parameter: YES 
Compiler for C supports arguments -Wold-style-definition: YES 
Compiler for C supports arguments -Wpacked: YES 
Compiler for C supports arguments -Wshadow: YES 
Compiler for C supports arguments -Wsign-compare: YES 
Compiler for C supports arguments -Wstrict-aliasing=2: YES 
Compiler for C supports arguments -Wstrict-prototypes: YES 
Compiler for C supports arguments -Wundef: YES 
Compiler for C supports arguments -Wuninitialized: YES 
Compiler for C supports arguments -Wunsafe-loop-optimizations: YES 
Compiler for C supports arguments -Wvla: YES 
Compiler for C supports arguments -Wwrite-strings: YES 
Compiler for C supports arguments -fdiagnostics-show-option: YES 
Compiler for C supports arguments -fno-common: YES 
Compiler for C supports arguments -fstack-protector: YES 
Compiler for C supports arguments -fstack-protector-strong: YES 
Compiler for C supports arguments -fvisibility=hidden: YES 
Compiler for C supports arguments -fno-strict-aliasing: YES 
Compiler for C supports arguments -Waggregate-return: YES (cached)
Compiler for C supports arguments -Werror=implicit-function-declaration: YES 
Compiler for C supports arguments -Werror=missing-prototypes: YES 
Compiler for C supports arguments -Wimplicit: YES (cached)
Compiler for C supports arguments -Wimplicit-fallthrough=3: YES 
Compiler for C supports arguments -Wmissing-parameter-type: YES 
Compiler for C supports arguments -Wnested-externs: YES (cached)
Compiler for C supports arguments -Wold-style-declaration: YES 
Compiler for C supports arguments -Wold-style-definition: YES (cached)
Compiler for C supports arguments -Woverride-init: YES 
Compiler for C supports arguments -Wsign-compare: YES (cached)
Compiler for C supports arguments -Wstrict-prototypes: YES (cached)
Compiler for C supports arguments -fvisibility=hidden: YES (cached)
Compiler for C++ supports arguments -Waggregate-return: YES 
Compiler for C++ supports arguments -Wall: YES 
Compiler for C++ supports arguments -Wcast-align: YES 
Compiler for C++ supports arguments -Wendif-labels: YES 
Compiler for C++ supports arguments -Werror=init-self: YES 
Compiler for C++ supports arguments -Werror=missing-include-dirs: YES 
Compiler for C++ supports arguments -Werror=pointer-arith: YES 
Compiler for C++ supports arguments -Wextra: YES 
Compiler for C++ supports arguments -Wfloat-equal: YES 
Compiler for C++ supports arguments -Wformat-signedness: YES 
Compiler for C++ supports arguments -Wimplicit: NO 
Compiler for C++ supports arguments -Wlogical-op: YES 
Compiler for C++ supports arguments -Wmissing-declarations: YES 
Compiler for C++ supports arguments -Wmissing-format-attribute: YES 
Compiler for C++ supports arguments -Wmissing-include-dirs: YES 
Compiler for C++ supports arguments -Wmissing-noreturn: YES 
Compiler for C++ supports arguments -Wnested-externs: NO 
Compiler for C++ supports arguments -Wno-maybe-uninitialized: YES 
Compiler for C++ supports arguments -Wno-missing-field-initializers: YES 
Compiler for C++ supports arguments -Wno-switch-enum: YES 
Compiler for C++ supports arguments -Wno-unused-parameter: YES 
Compiler for C++ supports arguments -Wold-style-definition: NO 
Compiler for C++ supports arguments -Wpacked: YES 
Compiler for C++ supports arguments -Wshadow: YES 
Compiler for C++ supports arguments -Wsign-compare: YES 
Compiler for C++ supports arguments -Wstrict-aliasing=2: YES 
Compiler for C++ supports arguments -Wstrict-prototypes: NO 
Compiler for C++ supports arguments -Wundef: YES 
Compiler for C++ supports arguments -Wuninitialized: YES 
Compiler for C++ supports arguments -Wunsafe-loop-optimizations: YES 
Compiler for C++ supports arguments -Wvla: YES 
Compiler for C++ supports arguments -Wwrite-strings: YES 
Compiler for C++ supports arguments -fdiagnostics-show-option: YES 
Compiler for C++ supports arguments -fno-common: YES 
Compiler for C++ supports arguments -fstack-protector: YES 
Compiler for C++ supports arguments -fstack-protector-strong: YES 
Compiler for C++ supports arguments -fvisibility=hidden: YES 
Compiler for C++ supports arguments -fno-strict-aliasing: YES 
Compiler for C++ supports arguments -Wimplicit-fallthrough=5: YES 
Compiler for C++ supports arguments -Wnon-virtual-dtor: YES 
Compiler for C++ supports arguments -Wstrict-null-sentinel: YES 
Compiler for C++ supports arguments -fvisibility-inlines-hidden: YES 
Compiler for C++ supports arguments -fvisibility=hidden: YES (cached)
Compiler for C++ supports arguments -fvisibility-inlines-hidden: YES (cached)
Compiler for C++ supports arguments -fvisibility=hidden: YES (cached)
Compiler for C supports arguments -Werror=format=2 -Werror=format-nonliteral -Werror=format-security: YES 
../meson.build:364: WARNING: Consider using the built-in warning_level option instead of using "-Wall".
../meson.build:364: WARNING: Consider using the built-in warning_level option instead of using "-Wextra".
../meson.build:365: WARNING: Consider using the built-in warning_level option instead of using "-Wall".
../meson.build:365: WARNING: Consider using the built-in warning_level option instead of using "-Wextra".
Found pkg-config: YES (/usr/bin/pkg-config) 2.5.1
Run-time dependency vte-2.91 found: YES 0.82.3
Run-time dependency gio-2.0 found: YES 2.86.3
Run-time dependency gio-unix-2.0 found: YES 2.86.3
Run-time dependency glib-2.0 found: YES 2.86.3
Run-time dependency gtk+-3.0 found: YES 3.24.51
Run-time dependency libhandy-1 found: YES 1.8.3
Run-time dependency libpcre2-8 found: YES 10.47
Run-time dependency threads found: YES
Run-time dependency gsettings-desktop-schemas found: YES 49.1
Run-time dependency uuid found: YES 2.41.3
Found CMake: /usr/bin/cmake (4.2.3)
Run-time dependency libnautilus-extension-4 found: NO (tried pkgconfig and cmake)

../meson.build:387:30: ERROR: Dependency "libnautilus-extension-4" not found, tried pkgconfig and cmake

A full log can be found at /blfs/builds/gnome-terminal-3.59.90/build/meson-logs/meson-log.txt
ninja: error: loading 'build.ninja': No such file or directory
/Tucana-Build-Scripts/gnome/gnome-terminal: line 36: /pkgs/gnome-terminal/depends: No such file or directory
