--2026-01-29 08:51:46--  https://gitlab.gnome.org/GNOME/gucharmap/-/archive/17.0.1/gucharmap-17.0.1.tar.bz2
Resolving gitlab.gnome.org (gitlab.gnome.org)... 2a04:4e42::347, 2a04:4e42:200::347, 2a04:4e42:400::347, ...
Connecting to gitlab.gnome.org (gitlab.gnome.org)|2a04:4e42::347|:443... connected.
HTTP request sent, awaiting response... 200 OK
Length: 1511603 (1.4M) [application/octet-stream]
Saving to: ‘gucharmap-17.0.1.tar.bz2’

     0K .......... .......... .......... .......... ..........  3% 7.46M 0s
    50K .......... .......... .......... .......... ..........  6% 6.39M 0s
   100K .......... .......... .......... .......... .......... 10% 36.1M 0s
   150K .......... .......... .......... .......... .......... 13% 7.03M 0s
   200K .......... .......... .......... .......... .......... 16% 41.4M 0s
   250K .......... .......... .......... .......... .......... 20% 6.99M 0s
   300K .......... .......... .......... .......... .......... 23% 40.8M 0s
   350K .......... .......... .......... .......... .......... 27% 22.5M 0s
   400K .......... .......... .......... .......... .......... 30% 9.65M 0s
   450K .......... .......... .......... .......... .......... 33% 41.3M 0s
   500K .......... .......... .......... .......... .......... 37% 40.0M 0s
   550K .......... .......... .......... .......... .......... 40% 8.90M 0s
   600K .......... .......... .......... .......... .......... 44% 15.3M 0s
   650K .......... .......... .......... .......... .......... 47% 36.8M 0s
   700K .......... .......... .......... .......... .......... 50% 12.3M 0s
   750K .......... .......... .......... .......... .......... 54% 42.9M 0s
   800K .......... .......... .......... .......... .......... 57% 42.6M 0s
   850K .......... .......... .......... .......... .......... 60% 36.8M 0s
   900K .......... .......... .......... .......... .......... 64% 42.8M 0s
   950K .......... .......... .......... .......... .......... 67% 21.1M 0s
  1000K .......... .......... .......... .......... .......... 71% 11.1M 0s
  1050K .......... .......... .......... .......... .......... 74% 53.9M 0s
  1100K .......... .......... .......... .......... .......... 77%  259M 0s
  1150K .......... .......... .......... .......... .......... 81%  309M 0s
  1200K .......... .......... .......... .......... .......... 84% 25.5M 0s
  1250K .......... .......... .......... .......... .......... 88% 12.9M 0s
  1300K .......... .......... .......... .......... .......... 91%  109M 0s
  1350K .......... .......... .......... .......... .......... 94%  115M 0s
  1400K .......... .......... .......... .......... .......... 98%  146M 0s
  1450K .......... .......... ......                          100% 9.94M=0.08s

2026-01-29 08:51:47 (18.6 MB/s) - ‘gucharmap-17.0.1.tar.bz2’ saved [1511603/1511603]

--2026-01-29 08:51:47--  https://www.unicode.org/Public/7.0.1.0.0/ucd/UCD.zip
Resolving www.unicode.org (www.unicode.org)... 2606:4700:20::681a:a2f, 2606:4700:20::681a:b2f, 2606:4700:20::ac43:4a17, ...
Connecting to www.unicode.org (www.unicode.org)|2606:4700:20::681a:a2f|:443... connected.
HTTP request sent, awaiting response... 404 Not Found
2026-01-29 08:51:47 ERROR 404: Not Found.

