--2026-01-27 09:42:43--  https://files.pythonhosted.org/packages/source/p/pathspec/pathspec-1.0.4.tar.gz
Resolving files.pythonhosted.org (files.pythonhosted.org)... 2a04:4e42:600::223, 2a04:4e42::223, 2a04:4e42:200::223, ...
Connecting to files.pythonhosted.org (files.pythonhosted.org)|2a04:4e42:600::223|:443... connected.
HTTP request sent, awaiting response... 302 Found
Location: https://files.pythonhosted.org/packages/fa/36/e27608899f9b8d4dff0617b2d9ab17ca5608956ca44461ac14ac48b44015/pathspec-1.0.4.tar.gz [following]
--2026-01-27 09:42:43--  https://files.pythonhosted.org/packages/fa/36/e27608899f9b8d4dff0617b2d9ab17ca5608956ca44461ac14ac48b44015/pathspec-1.0.4.tar.gz
Reusing existing connection to [files.pythonhosted.org]:443.
HTTP request sent, awaiting response... 200 OK
Length: 131200 (128K) [application/octet-stream]
Saving to: ‘pathspec-1.0.4.tar.gz’

     0K .......... .......... .......... .......... .......... 39% 7.36M 0s
    50K .......... .......... .......... .......... .......... 78% 15.2M 0s
   100K .......... .......... ........                        100%  183M=0.01s

2026-01-27 09:42:43 (12.5 MB/s) - ‘pathspec-1.0.4.tar.gz’ saved [131200/131200]

pathspec-1.0.4/CHANGES.rst
pathspec-1.0.4/CHANGES_0.in.rst
pathspec-1.0.4/CHANGES_1.in.rst
pathspec-1.0.4/DEV.md
pathspec-1.0.4/LICENSE
pathspec-1.0.4/MANIFEST.in
pathspec-1.0.4/README-dist.rst
pathspec-1.0.4/README.rst
pathspec-1.0.4/UPGRADING.rst
pathspec-1.0.4/benchmarks/__init__.py
pathspec-1.0.4/benchmarks/bench_fs.py
pathspec-1.0.4/benchmarks/bench_gitignore_150p_to_6500f.py
pathspec-1.0.4/benchmarks/bench_gitignore_15p_to_400f.py
pathspec-1.0.4/benchmarks/bench_gitignore_match_file_p1.py
pathspec-1.0.4/benchmarks/bench_gitignore_match_file_p100.py
pathspec-1.0.4/benchmarks/bench_gitignore_match_file_p15.py
pathspec-1.0.4/benchmarks/bench_gitignore_match_file_p150.py
pathspec-1.0.4/benchmarks/bench_gitignore_match_file_p2.py
pathspec-1.0.4/benchmarks/bench_gitignore_match_file_p25.py
pathspec-1.0.4/benchmarks/bench_gitignore_match_file_p5.py
pathspec-1.0.4/benchmarks/bench_gitignore_match_file_p50.py
pathspec-1.0.4/benchmarks/bench_gitignore_match_files_p1.py
pathspec-1.0.4/benchmarks/bench_gitignore_match_files_p100.py
pathspec-1.0.4/benchmarks/bench_gitignore_match_files_p15.py
pathspec-1.0.4/benchmarks/bench_gitignore_match_files_p150.py
pathspec-1.0.4/benchmarks/bench_gitignore_match_files_p25.py
pathspec-1.0.4/benchmarks/bench_gitignore_match_files_p5.py
pathspec-1.0.4/benchmarks/bench_gitignore_match_files_p50.py
pathspec-1.0.4/benchmarks/bench_gitwildmatch_150p_to_6500f.py
pathspec-1.0.4/benchmarks/bench_gitwildmatch_15p_to_400f.py
pathspec-1.0.4/benchmarks/bench_match_files_cpython313_i7-165G7.json
pathspec-1.0.4/benchmarks/bench_match_files_cpython313_ryzen_ai_max_395.json
pathspec-1.0.4/benchmarks/bench_match_files_cpython313_xeon_e5-2690.json
pathspec-1.0.4/benchmarks/bench_match_files_pypy310_i7-165G7.json
pathspec-1.0.4/benchmarks/bench_match_files_pypy311_i7-165G7.json
pathspec-1.0.4/benchmarks/bench_match_files_pypy311_ryzen_ai_max_395.json
pathspec-1.0.4/benchmarks/bench_match_files_pypy311_xeon_e5-2690.json
pathspec-1.0.4/benchmarks/bench_pathspec_150p_to_6500f.py
pathspec-1.0.4/benchmarks/bench_pathspec_15p_to_400f.py
pathspec-1.0.4/benchmarks/bench_pathspec_match_file_p1.py
pathspec-1.0.4/benchmarks/bench_pathspec_match_file_p100.py
pathspec-1.0.4/benchmarks/bench_pathspec_match_file_p15.py
pathspec-1.0.4/benchmarks/bench_pathspec_match_file_p150.py
pathspec-1.0.4/benchmarks/bench_pathspec_match_file_p2.py
pathspec-1.0.4/benchmarks/bench_pathspec_match_file_p25.py
pathspec-1.0.4/benchmarks/bench_pathspec_match_file_p5.py
pathspec-1.0.4/benchmarks/bench_pathspec_match_file_p50.py
pathspec-1.0.4/benchmarks/bench_pathspec_match_files_p1.py
pathspec-1.0.4/benchmarks/bench_pathspec_match_files_p100.py
pathspec-1.0.4/benchmarks/bench_pathspec_match_files_p15.py
pathspec-1.0.4/benchmarks/bench_pathspec_match_files_p150.py
pathspec-1.0.4/benchmarks/bench_pathspec_match_files_p25.py
pathspec-1.0.4/benchmarks/bench_pathspec_match_files_p5.py
pathspec-1.0.4/benchmarks/bench_pathspec_match_files_p50.py
pathspec-1.0.4/benchmarks/conftest.py
pathspec-1.0.4/benchmarks/gen_md_tables.py
pathspec-1.0.4/benchmarks/gitwildmatch_v1.py
pathspec-1.0.4/benchmarks/hyperscan_gitignore_r1.py
pathspec-1.0.4/benchmarks/hyperscan_gitignore_r2.py
pathspec-1.0.4/benchmarks/hyperscan_pathspec_r1.py
pathspec-1.0.4/benchmarks/pytest.ini
pathspec-1.0.4/benchmarks_backends.md
pathspec-1.0.4/doc/Makefile
pathspec-1.0.4/doc/requirements.txt
pathspec-1.0.4/doc/source/api.rst
pathspec-1.0.4/doc/source/changes.rst
pathspec-1.0.4/doc/source/conf.py
pathspec-1.0.4/doc/source/index.rst
pathspec-1.0.4/doc/source/readme.rst
pathspec-1.0.4/doc/source/upgrading.rst
pathspec-1.0.4/pathspec/__init__.py
pathspec-1.0.4/pathspec/_backends/__init__.py
pathspec-1.0.4/pathspec/_backends/_utils.py
pathspec-1.0.4/pathspec/_backends/agg.py
pathspec-1.0.4/pathspec/_backends/hyperscan/__init__.py
pathspec-1.0.4/pathspec/_backends/hyperscan/_base.py
pathspec-1.0.4/pathspec/_backends/hyperscan/base.py
pathspec-1.0.4/pathspec/_backends/hyperscan/gitignore.py
pathspec-1.0.4/pathspec/_backends/hyperscan/pathspec.py
pathspec-1.0.4/pathspec/_backends/re2/__init__.py
pathspec-1.0.4/pathspec/_backends/re2/_base.py
pathspec-1.0.4/pathspec/_backends/re2/base.py
pathspec-1.0.4/pathspec/_backends/re2/gitignore.py
pathspec-1.0.4/pathspec/_backends/re2/pathspec.py
pathspec-1.0.4/pathspec/_backends/simple/__init__.py
pathspec-1.0.4/pathspec/_backends/simple/gitignore.py
pathspec-1.0.4/pathspec/_backends/simple/pathspec.py
pathspec-1.0.4/pathspec/_meta.py
pathspec-1.0.4/pathspec/_typing.py
pathspec-1.0.4/pathspec/_version.py
pathspec-1.0.4/pathspec/backend.py
pathspec-1.0.4/pathspec/gitignore.py
pathspec-1.0.4/pathspec/pathspec.py
pathspec-1.0.4/pathspec/pattern.py
pathspec-1.0.4/pathspec/patterns/__init__.py
pathspec-1.0.4/pathspec/patterns/gitignore/__init__.py
pathspec-1.0.4/pathspec/patterns/gitignore/base.py
pathspec-1.0.4/pathspec/patterns/gitignore/basic.py
pathspec-1.0.4/pathspec/patterns/gitignore/spec.py
pathspec-1.0.4/pathspec/patterns/gitwildmatch.py
pathspec-1.0.4/pathspec/py.typed
pathspec-1.0.4/pathspec/util.py
pathspec-1.0.4/prebuild.py
pathspec-1.0.4/pyproject.in.toml
pathspec-1.0.4/pyproject.toml
pathspec-1.0.4/setup.cfg
pathspec-1.0.4/setup.py
pathspec-1.0.4/testpypi_prepublish.py
pathspec-1.0.4/tests/__init__.py
pathspec-1.0.4/tests/test_01_util.py
pathspec-1.0.4/tests/test_02_gitignore_basic.py
pathspec-1.0.4/tests/test_03_gitignore_spec.py
pathspec-1.0.4/tests/test_04_pathspec.py
pathspec-1.0.4/tests/test_05_gitignore.py
pathspec-1.0.4/tests/util.py
pathspec-1.0.4/tox.ini
pathspec-1.0.4/PKG-INFO
* Creating isolated environment: venv+pip...
* Installing packages in isolated environment:
  - flit_core >=3.2,<5
* Getting build dependencies for wheel...
* Building wheel...
Successfully built pathspec-1.0.4-py3-none-any.whl
'/pkgs/python-pathspec/usr/lib/python3.14/site-packages/pathspec/__init__.py' -> '/usr/lib/python3.14/site-packages/pathspec/__init__.py'
'/pkgs/python-pathspec/usr/lib/python3.14/site-packages/pathspec/_meta.py' -> '/usr/lib/python3.14/site-packages/pathspec/_meta.py'
'/pkgs/python-pathspec/usr/lib/python3.14/site-packages/pathspec/_typing.py' -> '/usr/lib/python3.14/site-packages/pathspec/_typing.py'
'/pkgs/python-pathspec/usr/lib/python3.14/site-packages/pathspec/_version.py' -> '/usr/lib/python3.14/site-packages/pathspec/_version.py'
'/pkgs/python-pathspec/usr/lib/python3.14/site-packages/pathspec/backend.py' -> '/usr/lib/python3.14/site-packages/pathspec/backend.py'
'/pkgs/python-pathspec/usr/lib/python3.14/site-packages/pathspec/gitignore.py' -> '/usr/lib/python3.14/site-packages/pathspec/gitignore.py'
'/pkgs/python-pathspec/usr/lib/python3.14/site-packages/pathspec/pathspec.py' -> '/usr/lib/python3.14/site-packages/pathspec/pathspec.py'
'/pkgs/python-pathspec/usr/lib/python3.14/site-packages/pathspec/pattern.py' -> '/usr/lib/python3.14/site-packages/pathspec/pattern.py'
'/pkgs/python-pathspec/usr/lib/python3.14/site-packages/pathspec/py.typed' -> '/usr/lib/python3.14/site-packages/pathspec/py.typed'
'/pkgs/python-pathspec/usr/lib/python3.14/site-packages/pathspec/util.py' -> '/usr/lib/python3.14/site-packages/pathspec/util.py'
'/pkgs/python-pathspec/usr/lib/python3.14/site-packages/pathspec/_backends/__init__.py' -> '/usr/lib/python3.14/site-packages/pathspec/_backends/__init__.py'
'/pkgs/python-pathspec/usr/lib/python3.14/site-packages/pathspec/_backends/_utils.py' -> '/usr/lib/python3.14/site-packages/pathspec/_backends/_utils.py'
'/pkgs/python-pathspec/usr/lib/python3.14/site-packages/pathspec/_backends/agg.py' -> '/usr/lib/python3.14/site-packages/pathspec/_backends/agg.py'
'/pkgs/python-pathspec/usr/lib/python3.14/site-packages/pathspec/_backends/hyperscan/__init__.py' -> '/usr/lib/python3.14/site-packages/pathspec/_backends/hyperscan/__init__.py'
'/pkgs/python-pathspec/usr/lib/python3.14/site-packages/pathspec/_backends/hyperscan/_base.py' -> '/usr/lib/python3.14/site-packages/pathspec/_backends/hyperscan/_base.py'
'/pkgs/python-pathspec/usr/lib/python3.14/site-packages/pathspec/_backends/hyperscan/base.py' -> '/usr/lib/python3.14/site-packages/pathspec/_backends/hyperscan/base.py'
'/pkgs/python-pathspec/usr/lib/python3.14/site-packages/pathspec/_backends/hyperscan/gitignore.py' -> '/usr/lib/python3.14/site-packages/pathspec/_backends/hyperscan/gitignore.py'
'/pkgs/python-pathspec/usr/lib/python3.14/site-packages/pathspec/_backends/hyperscan/pathspec.py' -> '/usr/lib/python3.14/site-packages/pathspec/_backends/hyperscan/pathspec.py'
'/pkgs/python-pathspec/usr/lib/python3.14/site-packages/pathspec/_backends/hyperscan/__pycache__/__init__.cpython-314.pyc' -> '/usr/lib/python3.14/site-packages/pathspec/_backends/hyperscan/__pycache__/__init__.cpython-314.pyc'
'/pkgs/python-pathspec/usr/lib/python3.14/site-packages/pathspec/_backends/hyperscan/__pycache__/__init__.cpython-314.opt-1.pyc' -> '/usr/lib/python3.14/site-packages/pathspec/_backends/hyperscan/__pycache__/__init__.cpython-314.opt-1.pyc'
'/pkgs/python-pathspec/usr/lib/python3.14/site-packages/pathspec/_backends/hyperscan/__pycache__/_base.cpython-314.pyc' -> '/usr/lib/python3.14/site-packages/pathspec/_backends/hyperscan/__pycache__/_base.cpython-314.pyc'
'/pkgs/python-pathspec/usr/lib/python3.14/site-packages/pathspec/_backends/hyperscan/__pycache__/_base.cpython-314.opt-1.pyc' -> '/usr/lib/python3.14/site-packages/pathspec/_backends/hyperscan/__pycache__/_base.cpython-314.opt-1.pyc'
'/pkgs/python-pathspec/usr/lib/python3.14/site-packages/pathspec/_backends/hyperscan/__pycache__/base.cpython-314.pyc' -> '/usr/lib/python3.14/site-packages/pathspec/_backends/hyperscan/__pycache__/base.cpython-314.pyc'
'/pkgs/python-pathspec/usr/lib/python3.14/site-packages/pathspec/_backends/hyperscan/__pycache__/base.cpython-314.opt-1.pyc' -> '/usr/lib/python3.14/site-packages/pathspec/_backends/hyperscan/__pycache__/base.cpython-314.opt-1.pyc'
'/pkgs/python-pathspec/usr/lib/python3.14/site-packages/pathspec/_backends/hyperscan/__pycache__/gitignore.cpython-314.pyc' -> '/usr/lib/python3.14/site-packages/pathspec/_backends/hyperscan/__pycache__/gitignore.cpython-314.pyc'
'/pkgs/python-pathspec/usr/lib/python3.14/site-packages/pathspec/_backends/hyperscan/__pycache__/gitignore.cpython-314.opt-1.pyc' -> '/usr/lib/python3.14/site-packages/pathspec/_backends/hyperscan/__pycache__/gitignore.cpython-314.opt-1.pyc'
'/pkgs/python-pathspec/usr/lib/python3.14/site-packages/pathspec/_backends/hyperscan/__pycache__/pathspec.cpython-314.pyc' -> '/usr/lib/python3.14/site-packages/pathspec/_backends/hyperscan/__pycache__/pathspec.cpython-314.pyc'
'/pkgs/python-pathspec/usr/lib/python3.14/site-packages/pathspec/_backends/hyperscan/__pycache__/pathspec.cpython-314.opt-1.pyc' -> '/usr/lib/python3.14/site-packages/pathspec/_backends/hyperscan/__pycache__/pathspec.cpython-314.opt-1.pyc'
'/pkgs/python-pathspec/usr/lib/python3.14/site-packages/pathspec/_backends/re2/__init__.py' -> '/usr/lib/python3.14/site-packages/pathspec/_backends/re2/__init__.py'
'/pkgs/python-pathspec/usr/lib/python3.14/site-packages/pathspec/_backends/re2/_base.py' -> '/usr/lib/python3.14/site-packages/pathspec/_backends/re2/_base.py'
'/pkgs/python-pathspec/usr/lib/python3.14/site-packages/pathspec/_backends/re2/base.py' -> '/usr/lib/python3.14/site-packages/pathspec/_backends/re2/base.py'
'/pkgs/python-pathspec/usr/lib/python3.14/site-packages/pathspec/_backends/re2/gitignore.py' -> '/usr/lib/python3.14/site-packages/pathspec/_backends/re2/gitignore.py'
'/pkgs/python-pathspec/usr/lib/python3.14/site-packages/pathspec/_backends/re2/pathspec.py' -> '/usr/lib/python3.14/site-packages/pathspec/_backends/re2/pathspec.py'
'/pkgs/python-pathspec/usr/lib/python3.14/site-packages/pathspec/_backends/re2/__pycache__/__init__.cpython-314.pyc' -> '/usr/lib/python3.14/site-packages/pathspec/_backends/re2/__pycache__/__init__.cpython-314.pyc'
'/pkgs/python-pathspec/usr/lib/python3.14/site-packages/pathspec/_backends/re2/__pycache__/__init__.cpython-314.opt-1.pyc' -> '/usr/lib/python3.14/site-packages/pathspec/_backends/re2/__pycache__/__init__.cpython-314.opt-1.pyc'
'/pkgs/python-pathspec/usr/lib/python3.14/site-packages/pathspec/_backends/re2/__pycache__/_base.cpython-314.pyc' -> '/usr/lib/python3.14/site-packages/pathspec/_backends/re2/__pycache__/_base.cpython-314.pyc'
'/pkgs/python-pathspec/usr/lib/python3.14/site-packages/pathspec/_backends/re2/__pycache__/_base.cpython-314.opt-1.pyc' -> '/usr/lib/python3.14/site-packages/pathspec/_backends/re2/__pycache__/_base.cpython-314.opt-1.pyc'
'/pkgs/python-pathspec/usr/lib/python3.14/site-packages/pathspec/_backends/re2/__pycache__/base.cpython-314.pyc' -> '/usr/lib/python3.14/site-packages/pathspec/_backends/re2/__pycache__/base.cpython-314.pyc'
'/pkgs/python-pathspec/usr/lib/python3.14/site-packages/pathspec/_backends/re2/__pycache__/base.cpython-314.opt-1.pyc' -> '/usr/lib/python3.14/site-packages/pathspec/_backends/re2/__pycache__/base.cpython-314.opt-1.pyc'
'/pkgs/python-pathspec/usr/lib/python3.14/site-packages/pathspec/_backends/re2/__pycache__/gitignore.cpython-314.pyc' -> '/usr/lib/python3.14/site-packages/pathspec/_backends/re2/__pycache__/gitignore.cpython-314.pyc'
'/pkgs/python-pathspec/usr/lib/python3.14/site-packages/pathspec/_backends/re2/__pycache__/gitignore.cpython-314.opt-1.pyc' -> '/usr/lib/python3.14/site-packages/pathspec/_backends/re2/__pycache__/gitignore.cpython-314.opt-1.pyc'
'/pkgs/python-pathspec/usr/lib/python3.14/site-packages/pathspec/_backends/re2/__pycache__/pathspec.cpython-314.pyc' -> '/usr/lib/python3.14/site-packages/pathspec/_backends/re2/__pycache__/pathspec.cpython-314.pyc'
'/pkgs/python-pathspec/usr/lib/python3.14/site-packages/pathspec/_backends/re2/__pycache__/pathspec.cpython-314.opt-1.pyc' -> '/usr/lib/python3.14/site-packages/pathspec/_backends/re2/__pycache__/pathspec.cpython-314.opt-1.pyc'
'/pkgs/python-pathspec/usr/lib/python3.14/site-packages/pathspec/_backends/simple/__init__.py' -> '/usr/lib/python3.14/site-packages/pathspec/_backends/simple/__init__.py'
'/pkgs/python-pathspec/usr/lib/python3.14/site-packages/pathspec/_backends/simple/gitignore.py' -> '/usr/lib/python3.14/site-packages/pathspec/_backends/simple/gitignore.py'
'/pkgs/python-pathspec/usr/lib/python3.14/site-packages/pathspec/_backends/simple/pathspec.py' -> '/usr/lib/python3.14/site-packages/pathspec/_backends/simple/pathspec.py'
'/pkgs/python-pathspec/usr/lib/python3.14/site-packages/pathspec/_backends/simple/__pycache__/__init__.cpython-314.pyc' -> '/usr/lib/python3.14/site-packages/pathspec/_backends/simple/__pycache__/__init__.cpython-314.pyc'
'/pkgs/python-pathspec/usr/lib/python3.14/site-packages/pathspec/_backends/simple/__pycache__/__init__.cpython-314.opt-1.pyc' -> '/usr/lib/python3.14/site-packages/pathspec/_backends/simple/__pycache__/__init__.cpython-314.opt-1.pyc'
'/pkgs/python-pathspec/usr/lib/python3.14/site-packages/pathspec/_backends/simple/__pycache__/gitignore.cpython-314.pyc' -> '/usr/lib/python3.14/site-packages/pathspec/_backends/simple/__pycache__/gitignore.cpython-314.pyc'
'/pkgs/python-pathspec/usr/lib/python3.14/site-packages/pathspec/_backends/simple/__pycache__/gitignore.cpython-314.opt-1.pyc' -> '/usr/lib/python3.14/site-packages/pathspec/_backends/simple/__pycache__/gitignore.cpython-314.opt-1.pyc'
'/pkgs/python-pathspec/usr/lib/python3.14/site-packages/pathspec/_backends/simple/__pycache__/pathspec.cpython-314.pyc' -> '/usr/lib/python3.14/site-packages/pathspec/_backends/simple/__pycache__/pathspec.cpython-314.pyc'
'/pkgs/python-pathspec/usr/lib/python3.14/site-packages/pathspec/_backends/simple/__pycache__/pathspec.cpython-314.opt-1.pyc' -> '/usr/lib/python3.14/site-packages/pathspec/_backends/simple/__pycache__/pathspec.cpython-314.opt-1.pyc'
'/pkgs/python-pathspec/usr/lib/python3.14/site-packages/pathspec/_backends/__pycache__/__init__.cpython-314.pyc' -> '/usr/lib/python3.14/site-packages/pathspec/_backends/__pycache__/__init__.cpython-314.pyc'
'/pkgs/python-pathspec/usr/lib/python3.14/site-packages/pathspec/_backends/__pycache__/__init__.cpython-314.opt-1.pyc' -> '/usr/lib/python3.14/site-packages/pathspec/_backends/__pycache__/__init__.cpython-314.opt-1.pyc'
'/pkgs/python-pathspec/usr/lib/python3.14/site-packages/pathspec/_backends/__pycache__/_utils.cpython-314.pyc' -> '/usr/lib/python3.14/site-packages/pathspec/_backends/__pycache__/_utils.cpython-314.pyc'
'/pkgs/python-pathspec/usr/lib/python3.14/site-packages/pathspec/_backends/__pycache__/_utils.cpython-314.opt-1.pyc' -> '/usr/lib/python3.14/site-packages/pathspec/_backends/__pycache__/_utils.cpython-314.opt-1.pyc'
'/pkgs/python-pathspec/usr/lib/python3.14/site-packages/pathspec/_backends/__pycache__/agg.cpython-314.pyc' -> '/usr/lib/python3.14/site-packages/pathspec/_backends/__pycache__/agg.cpython-314.pyc'
'/pkgs/python-pathspec/usr/lib/python3.14/site-packages/pathspec/_backends/__pycache__/agg.cpython-314.opt-1.pyc' -> '/usr/lib/python3.14/site-packages/pathspec/_backends/__pycache__/agg.cpython-314.opt-1.pyc'
'/pkgs/python-pathspec/usr/lib/python3.14/site-packages/pathspec/patterns/__init__.py' -> '/usr/lib/python3.14/site-packages/pathspec/patterns/__init__.py'
'/pkgs/python-pathspec/usr/lib/python3.14/site-packages/pathspec/patterns/gitwildmatch.py' -> '/usr/lib/python3.14/site-packages/pathspec/patterns/gitwildmatch.py'
'/pkgs/python-pathspec/usr/lib/python3.14/site-packages/pathspec/patterns/gitignore/__init__.py' -> '/usr/lib/python3.14/site-packages/pathspec/patterns/gitignore/__init__.py'
'/pkgs/python-pathspec/usr/lib/python3.14/site-packages/pathspec/patterns/gitignore/base.py' -> '/usr/lib/python3.14/site-packages/pathspec/patterns/gitignore/base.py'
'/pkgs/python-pathspec/usr/lib/python3.14/site-packages/pathspec/patterns/gitignore/basic.py' -> '/usr/lib/python3.14/site-packages/pathspec/patterns/gitignore/basic.py'
'/pkgs/python-pathspec/usr/lib/python3.14/site-packages/pathspec/patterns/gitignore/spec.py' -> '/usr/lib/python3.14/site-packages/pathspec/patterns/gitignore/spec.py'
'/pkgs/python-pathspec/usr/lib/python3.14/site-packages/pathspec/patterns/gitignore/__pycache__/__init__.cpython-314.pyc' -> '/usr/lib/python3.14/site-packages/pathspec/patterns/gitignore/__pycache__/__init__.cpython-314.pyc'
'/pkgs/python-pathspec/usr/lib/python3.14/site-packages/pathspec/patterns/gitignore/__pycache__/__init__.cpython-314.opt-1.pyc' -> '/usr/lib/python3.14/site-packages/pathspec/patterns/gitignore/__pycache__/__init__.cpython-314.opt-1.pyc'
'/pkgs/python-pathspec/usr/lib/python3.14/site-packages/pathspec/patterns/gitignore/__pycache__/base.cpython-314.pyc' -> '/usr/lib/python3.14/site-packages/pathspec/patterns/gitignore/__pycache__/base.cpython-314.pyc'
'/pkgs/python-pathspec/usr/lib/python3.14/site-packages/pathspec/patterns/gitignore/__pycache__/base.cpython-314.opt-1.pyc' -> '/usr/lib/python3.14/site-packages/pathspec/patterns/gitignore/__pycache__/base.cpython-314.opt-1.pyc'
'/pkgs/python-pathspec/usr/lib/python3.14/site-packages/pathspec/patterns/gitignore/__pycache__/basic.cpython-314.pyc' -> '/usr/lib/python3.14/site-packages/pathspec/patterns/gitignore/__pycache__/basic.cpython-314.pyc'
'/pkgs/python-pathspec/usr/lib/python3.14/site-packages/pathspec/patterns/gitignore/__pycache__/basic.cpython-314.opt-1.pyc' -> '/usr/lib/python3.14/site-packages/pathspec/patterns/gitignore/__pycache__/basic.cpython-314.opt-1.pyc'
'/pkgs/python-pathspec/usr/lib/python3.14/site-packages/pathspec/patterns/gitignore/__pycache__/spec.cpython-314.pyc' -> '/usr/lib/python3.14/site-packages/pathspec/patterns/gitignore/__pycache__/spec.cpython-314.pyc'
'/pkgs/python-pathspec/usr/lib/python3.14/site-packages/pathspec/patterns/gitignore/__pycache__/spec.cpython-314.opt-1.pyc' -> '/usr/lib/python3.14/site-packages/pathspec/patterns/gitignore/__pycache__/spec.cpython-314.opt-1.pyc'
'/pkgs/python-pathspec/usr/lib/python3.14/site-packages/pathspec/patterns/__pycache__/__init__.cpython-314.pyc' -> '/usr/lib/python3.14/site-packages/pathspec/patterns/__pycache__/__init__.cpython-314.pyc'
'/pkgs/python-pathspec/usr/lib/python3.14/site-packages/pathspec/patterns/__pycache__/__init__.cpython-314.opt-1.pyc' -> '/usr/lib/python3.14/site-packages/pathspec/patterns/__pycache__/__init__.cpython-314.opt-1.pyc'
'/pkgs/python-pathspec/usr/lib/python3.14/site-packages/pathspec/patterns/__pycache__/gitwildmatch.cpython-314.pyc' -> '/usr/lib/python3.14/site-packages/pathspec/patterns/__pycache__/gitwildmatch.cpython-314.pyc'
'/pkgs/python-pathspec/usr/lib/python3.14/site-packages/pathspec/patterns/__pycache__/gitwildmatch.cpython-314.opt-1.pyc' -> '/usr/lib/python3.14/site-packages/pathspec/patterns/__pycache__/gitwildmatch.cpython-314.opt-1.pyc'
'/pkgs/python-pathspec/usr/lib/python3.14/site-packages/pathspec/__pycache__/__init__.cpython-314.pyc' -> '/usr/lib/python3.14/site-packages/pathspec/__pycache__/__init__.cpython-314.pyc'
'/pkgs/python-pathspec/usr/lib/python3.14/site-packages/pathspec/__pycache__/__init__.cpython-314.opt-1.pyc' -> '/usr/lib/python3.14/site-packages/pathspec/__pycache__/__init__.cpython-314.opt-1.pyc'
'/pkgs/python-pathspec/usr/lib/python3.14/site-packages/pathspec/__pycache__/_meta.cpython-314.pyc' -> '/usr/lib/python3.14/site-packages/pathspec/__pycache__/_meta.cpython-314.pyc'
'/pkgs/python-pathspec/usr/lib/python3.14/site-packages/pathspec/__pycache__/_meta.cpython-314.opt-1.pyc' -> '/usr/lib/python3.14/site-packages/pathspec/__pycache__/_meta.cpython-314.opt-1.pyc'
'/pkgs/python-pathspec/usr/lib/python3.14/site-packages/pathspec/__pycache__/_typing.cpython-314.pyc' -> '/usr/lib/python3.14/site-packages/pathspec/__pycache__/_typing.cpython-314.pyc'
'/pkgs/python-pathspec/usr/lib/python3.14/site-packages/pathspec/__pycache__/_typing.cpython-314.opt-1.pyc' -> '/usr/lib/python3.14/site-packages/pathspec/__pycache__/_typing.cpython-314.opt-1.pyc'
'/pkgs/python-pathspec/usr/lib/python3.14/site-packages/pathspec/__pycache__/_version.cpython-314.pyc' -> '/usr/lib/python3.14/site-packages/pathspec/__pycache__/_version.cpython-314.pyc'
'/pkgs/python-pathspec/usr/lib/python3.14/site-packages/pathspec/__pycache__/_version.cpython-314.opt-1.pyc' -> '/usr/lib/python3.14/site-packages/pathspec/__pycache__/_version.cpython-314.opt-1.pyc'
'/pkgs/python-pathspec/usr/lib/python3.14/site-packages/pathspec/__pycache__/backend.cpython-314.pyc' -> '/usr/lib/python3.14/site-packages/pathspec/__pycache__/backend.cpython-314.pyc'
'/pkgs/python-pathspec/usr/lib/python3.14/site-packages/pathspec/__pycache__/backend.cpython-314.opt-1.pyc' -> '/usr/lib/python3.14/site-packages/pathspec/__pycache__/backend.cpython-314.opt-1.pyc'
'/pkgs/python-pathspec/usr/lib/python3.14/site-packages/pathspec/__pycache__/gitignore.cpython-314.pyc' -> '/usr/lib/python3.14/site-packages/pathspec/__pycache__/gitignore.cpython-314.pyc'
'/pkgs/python-pathspec/usr/lib/python3.14/site-packages/pathspec/__pycache__/gitignore.cpython-314.opt-1.pyc' -> '/usr/lib/python3.14/site-packages/pathspec/__pycache__/gitignore.cpython-314.opt-1.pyc'
'/pkgs/python-pathspec/usr/lib/python3.14/site-packages/pathspec/__pycache__/pathspec.cpython-314.pyc' -> '/usr/lib/python3.14/site-packages/pathspec/__pycache__/pathspec.cpython-314.pyc'
'/pkgs/python-pathspec/usr/lib/python3.14/site-packages/pathspec/__pycache__/pathspec.cpython-314.opt-1.pyc' -> '/usr/lib/python3.14/site-packages/pathspec/__pycache__/pathspec.cpython-314.opt-1.pyc'
'/pkgs/python-pathspec/usr/lib/python3.14/site-packages/pathspec/__pycache__/pattern.cpython-314.pyc' -> '/usr/lib/python3.14/site-packages/pathspec/__pycache__/pattern.cpython-314.pyc'
'/pkgs/python-pathspec/usr/lib/python3.14/site-packages/pathspec/__pycache__/pattern.cpython-314.opt-1.pyc' -> '/usr/lib/python3.14/site-packages/pathspec/__pycache__/pattern.cpython-314.opt-1.pyc'
'/pkgs/python-pathspec/usr/lib/python3.14/site-packages/pathspec/__pycache__/util.cpython-314.pyc' -> '/usr/lib/python3.14/site-packages/pathspec/__pycache__/util.cpython-314.pyc'
'/pkgs/python-pathspec/usr/lib/python3.14/site-packages/pathspec/__pycache__/util.cpython-314.opt-1.pyc' -> '/usr/lib/python3.14/site-packages/pathspec/__pycache__/util.cpython-314.opt-1.pyc'
'/pkgs/python-pathspec/usr/lib/python3.14/site-packages/pathspec-1.0.4.dist-info' -> '/usr/lib/python3.14/site-packages/pathspec-1.0.4.dist-info'
'/pkgs/python-pathspec/usr/lib/python3.14/site-packages/pathspec-1.0.4.dist-info/licenses' -> '/usr/lib/python3.14/site-packages/pathspec-1.0.4.dist-info/licenses'
'/pkgs/python-pathspec/usr/lib/python3.14/site-packages/pathspec-1.0.4.dist-info/licenses/LICENSE' -> '/usr/lib/python3.14/site-packages/pathspec-1.0.4.dist-info/licenses/LICENSE'
'/pkgs/python-pathspec/usr/lib/python3.14/site-packages/pathspec-1.0.4.dist-info/WHEEL' -> '/usr/lib/python3.14/site-packages/pathspec-1.0.4.dist-info/WHEEL'
'/pkgs/python-pathspec/usr/lib/python3.14/site-packages/pathspec-1.0.4.dist-info/METADATA' -> '/usr/lib/python3.14/site-packages/pathspec-1.0.4.dist-info/METADATA'
'/pkgs/python-pathspec/usr/lib/python3.14/site-packages/pathspec-1.0.4.dist-info/RECORD' -> '/usr/lib/python3.14/site-packages/pathspec-1.0.4.dist-info/RECORD'
python-pathspec/
python-pathspec/usr/
python-pathspec/usr/lib/
python-pathspec/usr/lib/python3.14/
python-pathspec/usr/lib/python3.14/site-packages/
python-pathspec/usr/lib/python3.14/site-packages/pathspec-1.0.4.dist-info/
python-pathspec/usr/lib/python3.14/site-packages/pathspec-1.0.4.dist-info/RECORD
python-pathspec/usr/lib/python3.14/site-packages/pathspec-1.0.4.dist-info/METADATA
python-pathspec/usr/lib/python3.14/site-packages/pathspec-1.0.4.dist-info/WHEEL
python-pathspec/usr/lib/python3.14/site-packages/pathspec-1.0.4.dist-info/licenses/
python-pathspec/usr/lib/python3.14/site-packages/pathspec-1.0.4.dist-info/licenses/LICENSE
python-pathspec/usr/lib/python3.14/site-packages/pathspec/
python-pathspec/usr/lib/python3.14/site-packages/pathspec/_version.py
python-pathspec/usr/lib/python3.14/site-packages/pathspec/__pycache__/
python-pathspec/usr/lib/python3.14/site-packages/pathspec/__pycache__/pattern.cpython-314.opt-1.pyc
python-pathspec/usr/lib/python3.14/site-packages/pathspec/__pycache__/pathspec.cpython-314.pyc
python-pathspec/usr/lib/python3.14/site-packages/pathspec/__pycache__/__init__.cpython-314.opt-1.pyc
python-pathspec/usr/lib/python3.14/site-packages/pathspec/__pycache__/pattern.cpython-314.pyc
python-pathspec/usr/lib/python3.14/site-packages/pathspec/__pycache__/backend.cpython-314.opt-1.pyc
python-pathspec/usr/lib/python3.14/site-packages/pathspec/__pycache__/backend.cpython-314.pyc
python-pathspec/usr/lib/python3.14/site-packages/pathspec/__pycache__/util.cpython-314.pyc
python-pathspec/usr/lib/python3.14/site-packages/pathspec/__pycache__/_version.cpython-314.opt-1.pyc
python-pathspec/usr/lib/python3.14/site-packages/pathspec/__pycache__/gitignore.cpython-314.opt-1.pyc
python-pathspec/usr/lib/python3.14/site-packages/pathspec/__pycache__/_meta.cpython-314.opt-1.pyc
python-pathspec/usr/lib/python3.14/site-packages/pathspec/__pycache__/_meta.cpython-314.pyc
python-pathspec/usr/lib/python3.14/site-packages/pathspec/__pycache__/_version.cpython-314.pyc
python-pathspec/usr/lib/python3.14/site-packages/pathspec/__pycache__/_typing.cpython-314.pyc
python-pathspec/usr/lib/python3.14/site-packages/pathspec/__pycache__/__init__.cpython-314.pyc
python-pathspec/usr/lib/python3.14/site-packages/pathspec/__pycache__/pathspec.cpython-314.opt-1.pyc
python-pathspec/usr/lib/python3.14/site-packages/pathspec/__pycache__/gitignore.cpython-314.pyc
python-pathspec/usr/lib/python3.14/site-packages/pathspec/__pycache__/_typing.cpython-314.opt-1.pyc
python-pathspec/usr/lib/python3.14/site-packages/pathspec/__pycache__/util.cpython-314.opt-1.pyc
python-pathspec/usr/lib/python3.14/site-packages/pathspec/_typing.py
python-pathspec/usr/lib/python3.14/site-packages/pathspec/gitignore.py
python-pathspec/usr/lib/python3.14/site-packages/pathspec/pathspec.py
python-pathspec/usr/lib/python3.14/site-packages/pathspec/util.py
python-pathspec/usr/lib/python3.14/site-packages/pathspec/__init__.py
python-pathspec/usr/lib/python3.14/site-packages/pathspec/patterns/
python-pathspec/usr/lib/python3.14/site-packages/pathspec/patterns/gitignore/
python-pathspec/usr/lib/python3.14/site-packages/pathspec/patterns/gitignore/__pycache__/
python-pathspec/usr/lib/python3.14/site-packages/pathspec/patterns/gitignore/__pycache__/base.cpython-314.opt-1.pyc
python-pathspec/usr/lib/python3.14/site-packages/pathspec/patterns/gitignore/__pycache__/__init__.cpython-314.opt-1.pyc
python-pathspec/usr/lib/python3.14/site-packages/pathspec/patterns/gitignore/__pycache__/basic.cpython-314.pyc
python-pathspec/usr/lib/python3.14/site-packages/pathspec/patterns/gitignore/__pycache__/base.cpython-314.pyc
python-pathspec/usr/lib/python3.14/site-packages/pathspec/patterns/gitignore/__pycache__/spec.cpython-314.pyc
python-pathspec/usr/lib/python3.14/site-packages/pathspec/patterns/gitignore/__pycache__/basic.cpython-314.opt-1.pyc
python-pathspec/usr/lib/python3.14/site-packages/pathspec/patterns/gitignore/__pycache__/__init__.cpython-314.pyc
python-pathspec/usr/lib/python3.14/site-packages/pathspec/patterns/gitignore/__pycache__/spec.cpython-314.opt-1.pyc
python-pathspec/usr/lib/python3.14/site-packages/pathspec/patterns/gitignore/basic.py
python-pathspec/usr/lib/python3.14/site-packages/pathspec/patterns/gitignore/__init__.py
python-pathspec/usr/lib/python3.14/site-packages/pathspec/patterns/gitignore/base.py
python-pathspec/usr/lib/python3.14/site-packages/pathspec/patterns/gitignore/spec.py
python-pathspec/usr/lib/python3.14/site-packages/pathspec/patterns/__pycache__/
python-pathspec/usr/lib/python3.14/site-packages/pathspec/patterns/__pycache__/__init__.cpython-314.opt-1.pyc
python-pathspec/usr/lib/python3.14/site-packages/pathspec/patterns/__pycache__/gitwildmatch.cpython-314.opt-1.pyc
python-pathspec/usr/lib/python3.14/site-packages/pathspec/patterns/__pycache__/gitwildmatch.cpython-314.pyc
python-pathspec/usr/lib/python3.14/site-packages/pathspec/patterns/__pycache__/__init__.cpython-314.pyc
python-pathspec/usr/lib/python3.14/site-packages/pathspec/patterns/__init__.py
python-pathspec/usr/lib/python3.14/site-packages/pathspec/patterns/gitwildmatch.py
python-pathspec/usr/lib/python3.14/site-packages/pathspec/_backends/
python-pathspec/usr/lib/python3.14/site-packages/pathspec/_backends/__pycache__/
python-pathspec/usr/lib/python3.14/site-packages/pathspec/_backends/__pycache__/agg.cpython-314.opt-1.pyc
python-pathspec/usr/lib/python3.14/site-packages/pathspec/_backends/__pycache__/_utils.cpython-314.pyc
python-pathspec/usr/lib/python3.14/site-packages/pathspec/_backends/__pycache__/__init__.cpython-314.opt-1.pyc
python-pathspec/usr/lib/python3.14/site-packages/pathspec/_backends/__pycache__/_utils.cpython-314.opt-1.pyc
python-pathspec/usr/lib/python3.14/site-packages/pathspec/_backends/__pycache__/agg.cpython-314.pyc
python-pathspec/usr/lib/python3.14/site-packages/pathspec/_backends/__pycache__/__init__.cpython-314.pyc
python-pathspec/usr/lib/python3.14/site-packages/pathspec/_backends/hyperscan/
python-pathspec/usr/lib/python3.14/site-packages/pathspec/_backends/hyperscan/__pycache__/
python-pathspec/usr/lib/python3.14/site-packages/pathspec/_backends/hyperscan/__pycache__/base.cpython-314.opt-1.pyc
python-pathspec/usr/lib/python3.14/site-packages/pathspec/_backends/hyperscan/__pycache__/_base.cpython-314.opt-1.pyc
python-pathspec/usr/lib/python3.14/site-packages/pathspec/_backends/hyperscan/__pycache__/pathspec.cpython-314.pyc
python-pathspec/usr/lib/python3.14/site-packages/pathspec/_backends/hyperscan/__pycache__/__init__.cpython-314.opt-1.pyc
python-pathspec/usr/lib/python3.14/site-packages/pathspec/_backends/hyperscan/__pycache__/base.cpython-314.pyc
python-pathspec/usr/lib/python3.14/site-packages/pathspec/_backends/hyperscan/__pycache__/gitignore.cpython-314.opt-1.pyc
python-pathspec/usr/lib/python3.14/site-packages/pathspec/_backends/hyperscan/__pycache__/_base.cpython-314.pyc
python-pathspec/usr/lib/python3.14/site-packages/pathspec/_backends/hyperscan/__pycache__/__init__.cpython-314.pyc
python-pathspec/usr/lib/python3.14/site-packages/pathspec/_backends/hyperscan/__pycache__/pathspec.cpython-314.opt-1.pyc
python-pathspec/usr/lib/python3.14/site-packages/pathspec/_backends/hyperscan/__pycache__/gitignore.cpython-314.pyc
python-pathspec/usr/lib/python3.14/site-packages/pathspec/_backends/hyperscan/gitignore.py
python-pathspec/usr/lib/python3.14/site-packages/pathspec/_backends/hyperscan/pathspec.py
python-pathspec/usr/lib/python3.14/site-packages/pathspec/_backends/hyperscan/__init__.py
python-pathspec/usr/lib/python3.14/site-packages/pathspec/_backends/hyperscan/base.py
python-pathspec/usr/lib/python3.14/site-packages/pathspec/_backends/hyperscan/_base.py
python-pathspec/usr/lib/python3.14/site-packages/pathspec/_backends/__init__.py
python-pathspec/usr/lib/python3.14/site-packages/pathspec/_backends/_utils.py
python-pathspec/usr/lib/python3.14/site-packages/pathspec/_backends/agg.py
python-pathspec/usr/lib/python3.14/site-packages/pathspec/_backends/re2/
python-pathspec/usr/lib/python3.14/site-packages/pathspec/_backends/re2/__pycache__/
python-pathspec/usr/lib/python3.14/site-packages/pathspec/_backends/re2/__pycache__/base.cpython-314.opt-1.pyc
python-pathspec/usr/lib/python3.14/site-packages/pathspec/_backends/re2/__pycache__/_base.cpython-314.opt-1.pyc
python-pathspec/usr/lib/python3.14/site-packages/pathspec/_backends/re2/__pycache__/pathspec.cpython-314.pyc
python-pathspec/usr/lib/python3.14/site-packages/pathspec/_backends/re2/__pycache__/__init__.cpython-314.opt-1.pyc
python-pathspec/usr/lib/python3.14/site-packages/pathspec/_backends/re2/__pycache__/base.cpython-314.pyc
python-pathspec/usr/lib/python3.14/site-packages/pathspec/_backends/re2/__pycache__/gitignore.cpython-314.opt-1.pyc
python-pathspec/usr/lib/python3.14/site-packages/pathspec/_backends/re2/__pycache__/_base.cpython-314.pyc
python-pathspec/usr/lib/python3.14/site-packages/pathspec/_backends/re2/__pycache__/__init__.cpython-314.pyc
python-pathspec/usr/lib/python3.14/site-packages/pathspec/_backends/re2/__pycache__/pathspec.cpython-314.opt-1.pyc
python-pathspec/usr/lib/python3.14/site-packages/pathspec/_backends/re2/__pycache__/gitignore.cpython-314.pyc
python-pathspec/usr/lib/python3.14/site-packages/pathspec/_backends/re2/gitignore.py
python-pathspec/usr/lib/python3.14/site-packages/pathspec/_backends/re2/pathspec.py
python-pathspec/usr/lib/python3.14/site-packages/pathspec/_backends/re2/__init__.py
python-pathspec/usr/lib/python3.14/site-packages/pathspec/_backends/re2/base.py
python-pathspec/usr/lib/python3.14/site-packages/pathspec/_backends/re2/_base.py
python-pathspec/usr/lib/python3.14/site-packages/pathspec/_backends/simple/
python-pathspec/usr/lib/python3.14/site-packages/pathspec/_backends/simple/__pycache__/
python-pathspec/usr/lib/python3.14/site-packages/pathspec/_backends/simple/__pycache__/pathspec.cpython-314.pyc
python-pathspec/usr/lib/python3.14/site-packages/pathspec/_backends/simple/__pycache__/__init__.cpython-314.opt-1.pyc
python-pathspec/usr/lib/python3.14/site-packages/pathspec/_backends/simple/__pycache__/gitignore.cpython-314.opt-1.pyc
python-pathspec/usr/lib/python3.14/site-packages/pathspec/_backends/simple/__pycache__/__init__.cpython-314.pyc
python-pathspec/usr/lib/python3.14/site-packages/pathspec/_backends/simple/__pycache__/pathspec.cpython-314.opt-1.pyc
python-pathspec/usr/lib/python3.14/site-packages/pathspec/_backends/simple/__pycache__/gitignore.cpython-314.pyc
python-pathspec/usr/lib/python3.14/site-packages/pathspec/_backends/simple/gitignore.py
python-pathspec/usr/lib/python3.14/site-packages/pathspec/_backends/simple/pathspec.py
python-pathspec/usr/lib/python3.14/site-packages/pathspec/_backends/simple/__init__.py
python-pathspec/usr/lib/python3.14/site-packages/pathspec/backend.py
python-pathspec/usr/lib/python3.14/site-packages/pathspec/_meta.py
python-pathspec/usr/lib/python3.14/site-packages/pathspec/pattern.py
python-pathspec/usr/lib/python3.14/site-packages/pathspec/py.typed
python-pathspec/version
python-pathspec/depends
python-pathspec/make-depends
