--2025-11-13 14:35:54--  https://github.com/OpenSC/pkcs11-helper/releases/download/pkcs11-helper-1.31.0/pkcs11-helper-1.31.0.tar.bz2
Resolving github.com (github.com)... 140.82.114.4
Connecting to github.com (github.com)|140.82.114.4|:443... connected.
HTTP request sent, awaiting response... 302 Found
Location: https://release-assets.githubusercontent.com/github-production-release-asset/6738820/56d20178-63fe-46a6-b699-0992960b02dc?sp=r&sv=2018-11-09&sr=b&spr=https&se=2025-11-13T15%3A14%3A54Z&rscd=attachment%3B+filename%3Dpkcs11-helper-1.31.0.tar.bz2&rsct=application%2Foctet-stream&skoid=96c2d410-5711-43a1-aedd-ab1947aa7ab0&sktid=398a6654-997b-47e9-b12b-9515b896b4de&skt=2025-11-13T14%3A14%3A35Z&ske=2025-11-13T15%3A14%3A54Z&sks=b&skv=2018-11-09&sig=D0slNZ6z5wSkvgawviEaSBuZjQNqzBhDUUP1oTg0Jlg%3D&jwt=eyJ0eXAiOiJKV1QiLCJhbGciOiJIUzI1NiJ9.eyJpc3MiOiJnaXRodWIuY29tIiwiYXVkIjoicmVsZWFzZS1hc3NldHMuZ2l0aHVidXNlcmNvbnRlbnQuY29tIiwia2V5Ijoia2V5MSIsImV4cCI6MTc2MzA0NDg1NCwibmJmIjoxNzYzMDQ0NTU0LCJwYXRoIjoicmVsZWFzZWFzc2V0cHJvZHVjdGlvbi5ibG9iLmNvcmUud2luZG93cy5uZXQifQ.P_nXeIiUiI3Me9B-AuaDJaqcoAbmS0qz72zr3aYDc0o&response-content-disposition=attachment%3B%20filename%3Dpkcs11-helper-1.31.0.tar.bz2&response-content-type=application%2Foctet-stream [following]
--2025-11-13 14:35:54--  https://release-assets.githubusercontent.com/github-production-release-asset/6738820/56d20178-63fe-46a6-b699-0992960b02dc?sp=r&sv=2018-11-09&sr=b&spr=https&se=2025-11-13T15%3A14%3A54Z&rscd=attachment%3B+filename%3Dpkcs11-helper-1.31.0.tar.bz2&rsct=application%2Foctet-stream&skoid=96c2d410-5711-43a1-aedd-ab1947aa7ab0&sktid=398a6654-997b-47e9-b12b-9515b896b4de&skt=2025-11-13T14%3A14%3A35Z&ske=2025-11-13T15%3A14%3A54Z&sks=b&skv=2018-11-09&sig=D0slNZ6z5wSkvgawviEaSBuZjQNqzBhDUUP1oTg0Jlg%3D&jwt=eyJ0eXAiOiJKV1QiLCJhbGciOiJIUzI1NiJ9.eyJpc3MiOiJnaXRodWIuY29tIiwiYXVkIjoicmVsZWFzZS1hc3NldHMuZ2l0aHVidXNlcmNvbnRlbnQuY29tIiwia2V5Ijoia2V5MSIsImV4cCI6MTc2MzA0NDg1NCwibmJmIjoxNzYzMDQ0NTU0LCJwYXRoIjoicmVsZWFzZWFzc2V0cHJvZHVjdGlvbi5ibG9iLmNvcmUud2luZG93cy5uZXQifQ.P_nXeIiUiI3Me9B-AuaDJaqcoAbmS0qz72zr3aYDc0o&response-content-disposition=attachment%3B%20filename%3Dpkcs11-helper-1.31.0.tar.bz2&response-content-type=application%2Foctet-stream
Resolving release-assets.githubusercontent.com (release-assets.githubusercontent.com)... 185.199.110.133, 185.199.111.133, 185.199.109.133, ...
Connecting to release-assets.githubusercontent.com (release-assets.githubusercontent.com)|185.199.110.133|:443... connected.
HTTP request sent, awaiting response... 200 OK
Length: 424487 (415K) [application/octet-stream]
Saving to: ‘pkcs11-helper-1.31.0.tar.bz2’

     0K .......... .......... .......... .......... .......... 12% 6.93M 0s
    50K .......... .......... .......... .......... .......... 24% 17.0M 0s
   100K .......... .......... .......... .......... .......... 36% 9.48M 0s
   150K .......... .......... .......... .......... .......... 48% 13.1M 0s
   200K .......... .......... .......... .......... .......... 60% 57.3M 0s
   250K .......... .......... .......... .......... .......... 72%  148M 0s
   300K .......... .......... .......... .......... .......... 84% 14.2M 0s
   350K .......... .......... .......... .......... .......... 96% 13.3M 0s
   400K .......... ....                                       100%  103M=0.03s

2025-11-13 14:35:54 (14.9 MB/s) - ‘pkcs11-helper-1.31.0.tar.bz2’ saved [424487/424487]

pkcs11-helper-1.31.0/
pkcs11-helper-1.31.0/install-sh
pkcs11-helper-1.31.0/config.sub
pkcs11-helper-1.31.0/THANKS
pkcs11-helper-1.31.0/depcomp
pkcs11-helper-1.31.0/configure.ac
pkcs11-helper-1.31.0/distro/
pkcs11-helper-1.31.0/distro/Makefile.in
pkcs11-helper-1.31.0/distro/rpm/
pkcs11-helper-1.31.0/distro/rpm/pkcs11-helper.spec.in
pkcs11-helper-1.31.0/distro/rpm/pkcs11-helper.spec
pkcs11-helper-1.31.0/distro/rpm/Makefile.in
pkcs11-helper-1.31.0/distro/rpm/Makefile.am
pkcs11-helper-1.31.0/distro/debian/
pkcs11-helper-1.31.0/distro/debian/libpkcs11-helper1.install
pkcs11-helper-1.31.0/distro/debian/rules
pkcs11-helper-1.31.0/distro/debian/compat
pkcs11-helper-1.31.0/distro/debian/watch
pkcs11-helper-1.31.0/distro/debian/copyright
pkcs11-helper-1.31.0/distro/debian/control
pkcs11-helper-1.31.0/distro/debian/changelog
pkcs11-helper-1.31.0/distro/debian/copyright.m4
pkcs11-helper-1.31.0/distro/debian/README.build
pkcs11-helper-1.31.0/distro/debian/Makefile.in
pkcs11-helper-1.31.0/distro/debian/libpkcs11-helper1-dev.install
pkcs11-helper-1.31.0/distro/debian/Makefile.am
pkcs11-helper-1.31.0/distro/Makefile.am
pkcs11-helper-1.31.0/config-w32-vc.h
pkcs11-helper-1.31.0/missing
pkcs11-helper-1.31.0/m4/
pkcs11-helper-1.31.0/m4/size_t.m4
pkcs11-helper-1.31.0/m4/vararg.m4
pkcs11-helper-1.31.0/m4/ltoptions.m4
pkcs11-helper-1.31.0/m4/lt~obsolete.m4
pkcs11-helper-1.31.0/m4/libtool.m4
pkcs11-helper-1.31.0/m4/ltsugar.m4
pkcs11-helper-1.31.0/m4/ltversion.m4
pkcs11-helper-1.31.0/COPYING.GPL
pkcs11-helper-1.31.0/COPYING
pkcs11-helper-1.31.0/config-w32-vc.h.in
pkcs11-helper-1.31.0/m4dir/
pkcs11-helper-1.31.0/m4dir/pkcs11-helper-1.m4
pkcs11-helper-1.31.0/m4dir/Makefile.in
pkcs11-helper-1.31.0/m4dir/Makefile.am
pkcs11-helper-1.31.0/README
pkcs11-helper-1.31.0/ChangeLog
pkcs11-helper-1.31.0/ltmain.sh
pkcs11-helper-1.31.0/configure
pkcs11-helper-1.31.0/compile
pkcs11-helper-1.31.0/AUTHORS
pkcs11-helper-1.31.0/test-driver
pkcs11-helper-1.31.0/aclocal.m4
pkcs11-helper-1.31.0/doc/
pkcs11-helper-1.31.0/doc/api/
pkcs11-helper-1.31.0/doc/api/Doxyfile.in
pkcs11-helper-1.31.0/doc/api/main.dox
pkcs11-helper-1.31.0/doc/api/opensc-logo.gif
pkcs11-helper-1.31.0/doc/api/Doxyfile
pkcs11-helper-1.31.0/doc/api/Doxyfile_footer.html
pkcs11-helper-1.31.0/doc/api/Makefile.in
pkcs11-helper-1.31.0/doc/api/Makefile.am
pkcs11-helper-1.31.0/doc/Makefile.in
pkcs11-helper-1.31.0/doc/Makefile.am
pkcs11-helper-1.31.0/config.guess
pkcs11-helper-1.31.0/include/
pkcs11-helper-1.31.0/include/pkcs11-helper-1.0/
pkcs11-helper-1.31.0/include/pkcs11-helper-1.0/pkcs11h-openssl.h
pkcs11-helper-1.31.0/include/pkcs11-helper-1.0/pkcs11h-version.h
pkcs11-helper-1.31.0/include/pkcs11-helper-1.0/pkcs11h-def.h
pkcs11-helper-1.31.0/include/pkcs11-helper-1.0/pkcs11h-engines.h
pkcs11-helper-1.31.0/include/pkcs11-helper-1.0/pkcs11h-certificate.h
pkcs11-helper-1.31.0/include/pkcs11-helper-1.0/pkcs11h-core.h
pkcs11-helper-1.31.0/include/pkcs11-helper-1.0/pkcs11.h
pkcs11-helper-1.31.0/include/pkcs11-helper-1.0/Makefile.in
pkcs11-helper-1.31.0/include/pkcs11-helper-1.0/pkcs11h-token.h
pkcs11-helper-1.31.0/include/pkcs11-helper-1.0/Makefile.am
pkcs11-helper-1.31.0/include/pkcs11-helper-1.0/pkcs11h-data.h
pkcs11-helper-1.31.0/include/pkcs11-helper-1.0/pkcs11h-version.h.in
pkcs11-helper-1.31.0/include/Makefile.in
pkcs11-helper-1.31.0/include/Makefile.am
pkcs11-helper-1.31.0/lib/
pkcs11-helper-1.31.0/lib/pkcs11h-data.c
pkcs11-helper-1.31.0/lib/_pkcs11h-crypto-openssl.c
pkcs11-helper-1.31.0/lib/_pkcs11h-util.h
pkcs11-helper-1.31.0/lib/_pkcs11h-crypto-gnutls.c
pkcs11-helper-1.31.0/lib/data.exports
pkcs11-helper-1.31.0/lib/_pkcs11h-crypto.h
pkcs11-helper-1.31.0/lib/libpkcs11-helper-1.pc.in
pkcs11-helper-1.31.0/lib/pkcs11h-openssl.c
pkcs11-helper-1.31.0/lib/token.exports
pkcs11-helper-1.31.0/lib/_pkcs11h-sys.h
pkcs11-helper-1.31.0/lib/_pkcs11h-core.h
pkcs11-helper-1.31.0/lib/_pkcs11h-crypto-mbedtls.c
pkcs11-helper-1.31.0/lib/pkcs11h-threading.c
pkcs11-helper-1.31.0/lib/versioninfo.rc
pkcs11-helper-1.31.0/lib/slotevent.exports
pkcs11-helper-1.31.0/lib/pkcs11h-sys.c
pkcs11-helper-1.31.0/lib/pkcs11h-slotevent.c
pkcs11-helper-1.31.0/lib/_pkcs11h-token.h
pkcs11-helper-1.31.0/lib/pkcs11h-serialization.c
pkcs11-helper-1.31.0/lib/versioninfo.rc.in
pkcs11-helper-1.31.0/lib/_pkcs11h-session.h
pkcs11-helper-1.31.0/lib/pkcs11h-certificate.c
pkcs11-helper-1.31.0/lib/_pkcs11h-slotevent.h
pkcs11-helper-1.31.0/lib/pkcs11h-token.c
pkcs11-helper-1.31.0/lib/_pkcs11h-certificate.h
pkcs11-helper-1.31.0/lib/openssl.exports
pkcs11-helper-1.31.0/lib/_pkcs11h-crypto-nss.c
pkcs11-helper-1.31.0/lib/Makefile.in
pkcs11-helper-1.31.0/lib/Makefile.w32-vc
pkcs11-helper-1.31.0/lib/pkcs11h-session.c
pkcs11-helper-1.31.0/lib/pkcs11h-core.c
pkcs11-helper-1.31.0/lib/_pkcs11h-threading.h
pkcs11-helper-1.31.0/lib/core.exports
pkcs11-helper-1.31.0/lib/_pkcs11h-mem.h
pkcs11-helper-1.31.0/lib/Makefile.am
pkcs11-helper-1.31.0/lib/_pkcs11h-openssl.h
pkcs11-helper-1.31.0/lib/pkcs11h-crypto.c
pkcs11-helper-1.31.0/lib/pkcs11h-util.c
pkcs11-helper-1.31.0/lib/_pkcs11h-crypto-cryptoapi.c
pkcs11-helper-1.31.0/lib/pkcs11h-mem.c
pkcs11-helper-1.31.0/lib/certificate.exports
pkcs11-helper-1.31.0/lib/common.h
pkcs11-helper-1.31.0/INSTALL
pkcs11-helper-1.31.0/COPYING.BSD
pkcs11-helper-1.31.0/Makefile.in
pkcs11-helper-1.31.0/config.h.in
pkcs11-helper-1.31.0/man/
pkcs11-helper-1.31.0/man/pkcs11-helper-1.8
pkcs11-helper-1.31.0/man/Makefile.in
pkcs11-helper-1.31.0/man/Makefile.am
pkcs11-helper-1.31.0/Makefile.am
pkcs11-helper-1.31.0/tests/
pkcs11-helper-1.31.0/tests/test-certificate/
pkcs11-helper-1.31.0/tests/test-certificate/test-certificate.c
pkcs11-helper-1.31.0/tests/test-certificate/Makefile.in
pkcs11-helper-1.31.0/tests/test-certificate/Makefile.am
pkcs11-helper-1.31.0/tests/test-fork/
pkcs11-helper-1.31.0/tests/test-fork/Makefile.in
pkcs11-helper-1.31.0/tests/test-fork/test-fork.c
pkcs11-helper-1.31.0/tests/test-fork/Makefile.am
pkcs11-helper-1.31.0/tests/test-basic/
pkcs11-helper-1.31.0/tests/test-basic/test-basic2.c
pkcs11-helper-1.31.0/tests/test-basic/test-serialize.c
pkcs11-helper-1.31.0/tests/test-basic/Makefile.in
pkcs11-helper-1.31.0/tests/test-basic/test-basic.c
pkcs11-helper-1.31.0/tests/test-basic/Makefile.am
pkcs11-helper-1.31.0/tests/test-openssl/
pkcs11-helper-1.31.0/tests/test-openssl/test-openssl.c
pkcs11-helper-1.31.0/tests/test-openssl/Makefile.in
pkcs11-helper-1.31.0/tests/test-openssl/Makefile.am
pkcs11-helper-1.31.0/tests/Makefile.in
pkcs11-helper-1.31.0/tests/Makefile.am
pkcs11-helper-1.31.0/tests/test-slotevent/
pkcs11-helper-1.31.0/tests/test-slotevent/test-slotevent.c
pkcs11-helper-1.31.0/tests/test-slotevent/Makefile.in
pkcs11-helper-1.31.0/tests/test-slotevent/Makefile.am
checking for a BSD-compatible install... /usr/bin/install -c
checking whether build environment is sane... yes
checking for a race-free mkdir -p... /usr/bin/mkdir -p
checking for gawk... gawk
checking whether make sets $(MAKE)... yes
checking whether make supports nested variables... yes
checking build system type... x86_64-pc-linux-gnu
checking host system type... x86_64-pc-linux-gnu
checking for grep that handles long lines and -e... /usr/bin/grep
checking for egrep... /usr/bin/grep -E
checking for gcc... gcc
checking whether the C compiler works... yes
checking for C compiler default output file name... a.out
checking for suffix of executables... 
checking whether we are cross compiling... no
checking for suffix of object files... o
checking whether the compiler supports GNU C... yes
checking whether gcc accepts -g... yes
checking for gcc option to enable C11 features... none needed
checking whether gcc understands -c and -o together... yes
checking whether make supports the include directive... yes (GNU style)
checking dependency style of gcc... gcc3
checking for pkg-config... /usr/bin/pkg-config
checking pkg-config is at least version 0.9.0... yes
checking for m4... m4
checking how to print strings... printf
checking for a sed that does not truncate output... /usr/bin/sed
checking for fgrep... /usr/bin/grep -F
checking for ld used by gcc... /usr/bin/ld
checking if the linker (/usr/bin/ld) is GNU ld... yes
checking for BSD- or MS-compatible name lister (nm)... /usr/bin/nm -B
checking the name lister (/usr/bin/nm -B) interface... BSD nm
checking whether ln -s works... yes
checking the maximum length of command line arguments... 1572864
checking how to convert x86_64-pc-linux-gnu file names to x86_64-pc-linux-gnu format... func_convert_file_noop
checking how to convert x86_64-pc-linux-gnu file names to toolchain format... func_convert_file_noop
checking for /usr/bin/ld option to reload object files... -r
checking for file... file
checking for objdump... objdump
checking how to recognize dependent libraries... pass_all
checking for dlltool... no
checking how to associate runtime and link libraries... printf %s\n
checking for ar... ar
checking for archiver @FILE support... @
checking for strip... strip
checking for ranlib... ranlib
checking command to parse /usr/bin/nm -B output from gcc object... ok
checking for sysroot... no
checking for a working dd... /usr/bin/dd
checking how to truncate binary pipes... /usr/bin/dd bs=4096 count=1
checking for mt... mt
checking if mt is a manifest tool... no
checking for stdio.h... yes
checking for stdlib.h... yes
checking for string.h... yes
checking for inttypes.h... yes
checking for stdint.h... yes
checking for strings.h... yes
checking for sys/stat.h... yes
checking for sys/types.h... yes
checking for unistd.h... yes
checking for sys/time.h... yes
checking for dlfcn.h... yes
checking for objdir... .libs
checking if gcc supports -fno-rtti -fno-exceptions... no
checking for gcc option to produce PIC... -fPIC -DPIC
checking if gcc PIC flag -fPIC -DPIC works... yes
checking if gcc static flag -static works... yes
checking if gcc supports -c -o file.o... yes
checking if gcc supports -c -o file.o... (cached) yes
checking whether the gcc linker (/usr/bin/ld -m elf_x86_64) supports shared libraries... yes
checking whether -lc should be explicitly linked in... no
checking dynamic linker characteristics... GNU/Linux ld.so
checking how to hardcode library paths into programs... immediate
checking whether stripping libraries is possible... yes
checking if libtool supports shared libraries... yes
checking whether to build shared libraries... yes
checking whether to build static libraries... yes
checking for windres... no
checking for alarm... yes
checking for vprintf... yes
checking for working mktime... yes
checking for gettimeofday... yes
checking for memmove... yes
checking for memset... yes
checking for socket... yes
checking for strchr... yes
checking for strdup... yes
checking for strerror... yes
checking for strrchr... yes
checking for snprintf... yes
checking for dlopen in -ldl... yes
checking for pthread_create in -lpthread... yes
checking for libcrypto >= 0.9.7... yes
checking for RSA_meth_dup... yes
checking for RSA_meth_free... yes
checking for RSA_meth_set_priv_enc... yes
checking for RSA_meth_set_priv_dec... yes
checking for RSA_meth_set1_name... yes
checking for RSA_meth_set_flags... yes
checking for DSA_meth_dup... yes
checking for DSA_meth_free... yes
checking for DSA_meth_set_sign... yes
checking for DSA_meth_set1_name... yes
checking for DSA_SIG_set0... yes
checking for ECDSA_SIG_set0... yes
checking for EC_KEY_METHOD_get_sign... yes
checking for EC_KEY_METHOD_set_sign... yes
checking for X509_get0_notBefore... yes
checking for X509_get0_notAfter... yes
checking for EC_KEY_METHOD_new... yes
checking for OpenSSL ec support... yes
checking for gnutls >= 1.4... yes
checking for nss >= 3.11... yes
checking for mbedtls_x509_crt_init in -lmbedtls... yes
checking for mbedtls/x509_crt.h... yes
checking for ISO C 1999 vararg macro support... yes
checking for GNU GCC vararg macro support... yes
checking for an ANSI C-conforming const... yes
checking for inline... inline
checking for working volatile... yes
checking for off_t... yes
checking for pid_t... yes
checking for size_t... yes
checking whether struct tm is in sys/time.h or time.h... time.h
checking for size_t... (cached) yes
checking size of size_t... 8
checking size_t printf format... %016lx
checking for stdio.h... (cached) yes
checking for stdlib.h... (cached) yes
checking for stdargs.h... no
checking for malloc.h... yes
checking for ctype.h... yes
checking for string.h... (cached) yes
checking for errno.h... yes
checking for assert.h... yes
checking for time.h... yes
checking for signal.h... yes
checking for dlfcn.h... (cached) yes
checking for unistd.h... (cached) yes
checking for sys/time.h... (cached) yes
checking for pthread.h... yes
checking OpenSSL interface... yes
checking Win32 crypto engine... no
checking OpenSSL crypto engine... yes
checking GnuTLS crypto engine... yes
checking NSS crypto engine... yes
checking mbed TLS crypto engine... yes
checking that generated files are newer than configure... done
configure: creating ./config.status
config.status: creating Makefile
config.status: creating config-w32-vc.h
config.status: creating include/Makefile
config.status: creating include/pkcs11-helper-1.0/Makefile
config.status: creating include/pkcs11-helper-1.0/pkcs11h-version.h
config.status: creating man/Makefile
config.status: creating doc/Makefile
config.status: creating doc/api/Makefile
config.status: creating doc/api/Doxyfile
config.status: creating lib/Makefile
config.status: creating lib/libpkcs11-helper-1.pc
config.status: creating lib/versioninfo.rc
config.status: creating m4dir/Makefile
config.status: creating distro/Makefile
config.status: creating distro/rpm/Makefile
config.status: creating distro/rpm/pkcs11-helper.spec
config.status: creating distro/debian/Makefile
config.status: creating tests/Makefile
config.status: creating tests/test-basic/Makefile
config.status: creating tests/test-certificate/Makefile
config.status: creating tests/test-fork/Makefile
config.status: creating tests/test-openssl/Makefile
config.status: creating tests/test-slotevent/Makefile
config.status: creating config.h
config.status: executing depfiles commands
config.status: executing libtool commands
make  all-recursive
make[1]: Entering directory '/blfs/builds/pkcs11-helper-1.31.0'
Making all in man
make[2]: Entering directory '/blfs/builds/pkcs11-helper-1.31.0/man'
make[2]: Nothing to be done for 'all'.
make[2]: Leaving directory '/blfs/builds/pkcs11-helper-1.31.0/man'
Making all in include
make[2]: Entering directory '/blfs/builds/pkcs11-helper-1.31.0/include'
Making all in pkcs11-helper-1.0
make[3]: Entering directory '/blfs/builds/pkcs11-helper-1.31.0/include/pkcs11-helper-1.0'
make[3]: Nothing to be done for 'all'.
make[3]: Leaving directory '/blfs/builds/pkcs11-helper-1.31.0/include/pkcs11-helper-1.0'
make[3]: Entering directory '/blfs/builds/pkcs11-helper-1.31.0/include'
make[3]: Nothing to be done for 'all-am'.
make[3]: Leaving directory '/blfs/builds/pkcs11-helper-1.31.0/include'
make[2]: Leaving directory '/blfs/builds/pkcs11-helper-1.31.0/include'
Making all in lib
make[2]: Entering directory '/blfs/builds/pkcs11-helper-1.31.0/lib'
cat "./core.exports" > pkcs11-helper.exports
cat "./certificate.exports" >> pkcs11-helper.exports
cat "./data.exports" >> pkcs11-helper.exports
cat "./openssl.exports" >> pkcs11-helper.exports
cat "./slotevent.exports" >> pkcs11-helper.exports
cat "./token.exports" >> pkcs11-helper.exports
make  all-am
make[3]: Entering directory '/blfs/builds/pkcs11-helper-1.31.0/lib'
/bin/sh ../libtool  --tag=CC   --mode=compile gcc -DHAVE_CONFIG_H -I. -I..  -I../include -I../include   -O2  -I/usr/include/p11-kit-1 -I/usr/include/nss -I/usr/include/nspr  -MT pkcs11h-mem.lo -MD -MP -MF .deps/pkcs11h-mem.Tpo -c -o pkcs11h-mem.lo pkcs11h-mem.c
/bin/sh ../libtool  --tag=CC   --mode=compile gcc -DHAVE_CONFIG_H -I. -I..  -I../include -I../include   -O2  -I/usr/include/p11-kit-1 -I/usr/include/nss -I/usr/include/nspr  -MT pkcs11h-sys.lo -MD -MP -MF .deps/pkcs11h-sys.Tpo -c -o pkcs11h-sys.lo pkcs11h-sys.c
/bin/sh ../libtool  --tag=CC   --mode=compile gcc -DHAVE_CONFIG_H -I. -I..  -I../include -I../include   -O2  -I/usr/include/p11-kit-1 -I/usr/include/nss -I/usr/include/nspr  -MT pkcs11h-crypto.lo -MD -MP -MF .deps/pkcs11h-crypto.Tpo -c -o pkcs11h-crypto.lo pkcs11h-crypto.c
/bin/sh ../libtool  --tag=CC   --mode=compile gcc -DHAVE_CONFIG_H -I. -I..  -I../include -I../include   -O2  -I/usr/include/p11-kit-1 -I/usr/include/nss -I/usr/include/nspr  -MT _pkcs11h-crypto-openssl.lo -MD -MP -MF .deps/_pkcs11h-crypto-openssl.Tpo -c -o _pkcs11h-crypto-openssl.lo _pkcs11h-crypto-openssl.c
/bin/sh ../libtool  --tag=CC   --mode=compile gcc -DHAVE_CONFIG_H -I. -I..  -I../include -I../include   -O2  -I/usr/include/p11-kit-1 -I/usr/include/nss -I/usr/include/nspr  -MT _pkcs11h-crypto-nss.lo -MD -MP -MF .deps/_pkcs11h-crypto-nss.Tpo -c -o _pkcs11h-crypto-nss.lo _pkcs11h-crypto-nss.c
/bin/sh ../libtool  --tag=CC   --mode=compile gcc -DHAVE_CONFIG_H -I. -I..  -I../include -I../include   -O2  -I/usr/include/p11-kit-1 -I/usr/include/nss -I/usr/include/nspr  -MT _pkcs11h-crypto-gnutls.lo -MD -MP -MF .deps/_pkcs11h-crypto-gnutls.Tpo -c -o _pkcs11h-crypto-gnutls.lo _pkcs11h-crypto-gnutls.c
/bin/sh ../libtool  --tag=CC   --mode=compile gcc -DHAVE_CONFIG_H -I. -I..  -I../include -I../include   -O2  -I/usr/include/p11-kit-1 -I/usr/include/nss -I/usr/include/nspr  -MT _pkcs11h-crypto-mbedtls.lo -MD -MP -MF .deps/_pkcs11h-crypto-mbedtls.Tpo -c -o _pkcs11h-crypto-mbedtls.lo _pkcs11h-crypto-mbedtls.c
/bin/sh ../libtool  --tag=CC   --mode=compile gcc -DHAVE_CONFIG_H -I. -I..  -I../include -I../include   -O2  -I/usr/include/p11-kit-1 -I/usr/include/nss -I/usr/include/nspr  -MT _pkcs11h-crypto-cryptoapi.lo -MD -MP -MF .deps/_pkcs11h-crypto-cryptoapi.Tpo -c -o _pkcs11h-crypto-cryptoapi.lo _pkcs11h-crypto-cryptoapi.c
/bin/sh ../libtool  --tag=CC   --mode=compile gcc -DHAVE_CONFIG_H -I. -I..  -I../include -I../include   -O2  -I/usr/include/p11-kit-1 -I/usr/include/nss -I/usr/include/nspr  -MT pkcs11h-threading.lo -MD -MP -MF .deps/pkcs11h-threading.Tpo -c -o pkcs11h-threading.lo pkcs11h-threading.c
/bin/sh ../libtool  --tag=CC   --mode=compile gcc -DHAVE_CONFIG_H -I. -I..  -I../include -I../include   -O2  -I/usr/include/p11-kit-1 -I/usr/include/nss -I/usr/include/nspr  -MT pkcs11h-util.lo -MD -MP -MF .deps/pkcs11h-util.Tpo -c -o pkcs11h-util.lo pkcs11h-util.c
libtool: compile:  gcc -DHAVE_CONFIG_H -I. -I.. -I../include -I../include -O2 -I/usr/include/p11-kit-1 -I/usr/include/nss -I/usr/include/nspr -MT pkcs11h-crypto.lo -MD -MP -MF .deps/pkcs11h-crypto.Tpo -c pkcs11h-crypto.c  -fPIC -DPIC -o .libs/pkcs11h-crypto.o
libtool: compile:  gcc -DHAVE_CONFIG_H -I. -I.. -I../include -I../include -O2 -I/usr/include/p11-kit-1 -I/usr/include/nss -I/usr/include/nspr -MT _pkcs11h-crypto-mbedtls.lo -MD -MP -MF .deps/_pkcs11h-crypto-mbedtls.Tpo -c _pkcs11h-crypto-mbedtls.c  -fPIC -DPIC -o .libs/_pkcs11h-crypto-mbedtls.o
libtool: compile:  gcc -DHAVE_CONFIG_H -I. -I.. -I../include -I../include -O2 -I/usr/include/p11-kit-1 -I/usr/include/nss -I/usr/include/nspr -MT _pkcs11h-crypto-openssl.lo -MD -MP -MF .deps/_pkcs11h-crypto-openssl.Tpo -c _pkcs11h-crypto-openssl.c  -fPIC -DPIC -o .libs/_pkcs11h-crypto-openssl.o
libtool: compile:  gcc -DHAVE_CONFIG_H -I. -I.. -I../include -I../include -O2 -I/usr/include/p11-kit-1 -I/usr/include/nss -I/usr/include/nspr -MT _pkcs11h-crypto-gnutls.lo -MD -MP -MF .deps/_pkcs11h-crypto-gnutls.Tpo -c _pkcs11h-crypto-gnutls.c  -fPIC -DPIC -o .libs/_pkcs11h-crypto-gnutls.o
libtool: compile:  gcc -DHAVE_CONFIG_H -I. -I.. -I../include -I../include -O2 -I/usr/include/p11-kit-1 -I/usr/include/nss -I/usr/include/nspr -MT _pkcs11h-crypto-cryptoapi.lo -MD -MP -MF .deps/_pkcs11h-crypto-cryptoapi.Tpo -c _pkcs11h-crypto-cryptoapi.c  -fPIC -DPIC -o .libs/_pkcs11h-crypto-cryptoapi.o
libtool: compile:  gcc -DHAVE_CONFIG_H -I. -I.. -I../include -I../include -O2 -I/usr/include/p11-kit-1 -I/usr/include/nss -I/usr/include/nspr -MT pkcs11h-threading.lo -MD -MP -MF .deps/pkcs11h-threading.Tpo -c pkcs11h-threading.c  -fPIC -DPIC -o .libs/pkcs11h-threading.o
libtool: compile:  gcc -DHAVE_CONFIG_H -I. -I.. -I../include -I../include -O2 -I/usr/include/p11-kit-1 -I/usr/include/nss -I/usr/include/nspr -MT pkcs11h-sys.lo -MD -MP -MF .deps/pkcs11h-sys.Tpo -c pkcs11h-sys.c  -fPIC -DPIC -o .libs/pkcs11h-sys.o
libtool: compile:  gcc -DHAVE_CONFIG_H -I. -I.. -I../include -I../include -O2 -I/usr/include/p11-kit-1 -I/usr/include/nss -I/usr/include/nspr -MT pkcs11h-mem.lo -MD -MP -MF .deps/pkcs11h-mem.Tpo -c pkcs11h-mem.c  -fPIC -DPIC -o .libs/pkcs11h-mem.o
libtool: compile:  gcc -DHAVE_CONFIG_H -I. -I.. -I../include -I../include -O2 -I/usr/include/p11-kit-1 -I/usr/include/nss -I/usr/include/nspr -MT _pkcs11h-crypto-nss.lo -MD -MP -MF .deps/_pkcs11h-crypto-nss.Tpo -c _pkcs11h-crypto-nss.c  -fPIC -DPIC -o .libs/_pkcs11h-crypto-nss.o
libtool: compile:  gcc -DHAVE_CONFIG_H -I. -I.. -I../include -I../include -O2 -I/usr/include/p11-kit-1 -I/usr/include/nss -I/usr/include/nspr -MT pkcs11h-util.lo -MD -MP -MF .deps/pkcs11h-util.Tpo -c pkcs11h-util.c  -fPIC -DPIC -o .libs/pkcs11h-util.o
libtool: compile:  gcc -DHAVE_CONFIG_H -I. -I.. -I../include -I../include -O2 -I/usr/include/p11-kit-1 -I/usr/include/nss -I/usr/include/nspr -MT pkcs11h-crypto.lo -MD -MP -MF .deps/pkcs11h-crypto.Tpo -c pkcs11h-crypto.c -o pkcs11h-crypto.o >/dev/null 2>&1
libtool: compile:  gcc -DHAVE_CONFIG_H -I. -I.. -I../include -I../include -O2 -I/usr/include/p11-kit-1 -I/usr/include/nss -I/usr/include/nspr -MT pkcs11h-sys.lo -MD -MP -MF .deps/pkcs11h-sys.Tpo -c pkcs11h-sys.c -o pkcs11h-sys.o >/dev/null 2>&1
libtool: compile:  gcc -DHAVE_CONFIG_H -I. -I.. -I../include -I../include -O2 -I/usr/include/p11-kit-1 -I/usr/include/nss -I/usr/include/nspr -MT _pkcs11h-crypto-cryptoapi.lo -MD -MP -MF .deps/_pkcs11h-crypto-cryptoapi.Tpo -c _pkcs11h-crypto-cryptoapi.c -o _pkcs11h-crypto-cryptoapi.o >/dev/null 2>&1
libtool: compile:  gcc -DHAVE_CONFIG_H -I. -I.. -I../include -I../include -O2 -I/usr/include/p11-kit-1 -I/usr/include/nss -I/usr/include/nspr -MT pkcs11h-mem.lo -MD -MP -MF .deps/pkcs11h-mem.Tpo -c pkcs11h-mem.c -o pkcs11h-mem.o >/dev/null 2>&1
libtool: compile:  gcc -DHAVE_CONFIG_H -I. -I.. -I../include -I../include -O2 -I/usr/include/p11-kit-1 -I/usr/include/nss -I/usr/include/nspr -MT _pkcs11h-crypto-mbedtls.lo -MD -MP -MF .deps/_pkcs11h-crypto-mbedtls.Tpo -c _pkcs11h-crypto-mbedtls.c -o _pkcs11h-crypto-mbedtls.o >/dev/null 2>&1
mv -f .deps/pkcs11h-crypto.Tpo .deps/pkcs11h-crypto.Plo
/bin/sh ../libtool  --tag=CC   --mode=compile gcc -DHAVE_CONFIG_H -I. -I..  -I../include -I../include   -O2  -I/usr/include/p11-kit-1 -I/usr/include/nss -I/usr/include/nspr  -MT pkcs11h-session.lo -MD -MP -MF .deps/pkcs11h-session.Tpo -c -o pkcs11h-session.lo pkcs11h-session.c
mv -f .deps/_pkcs11h-crypto-cryptoapi.Tpo .deps/_pkcs11h-crypto-cryptoapi.Plo
/bin/sh ../libtool  --tag=CC   --mode=compile gcc -DHAVE_CONFIG_H -I. -I..  -I../include -I../include   -O2  -I/usr/include/p11-kit-1 -I/usr/include/nss -I/usr/include/nspr  -MT pkcs11h-token.lo -MD -MP -MF .deps/pkcs11h-token.Tpo -c -o pkcs11h-token.lo pkcs11h-token.c
mv -f .deps/pkcs11h-sys.Tpo .deps/pkcs11h-sys.Plo
libtool: compile:  gcc -DHAVE_CONFIG_H -I. -I.. -I../include -I../include -O2 -I/usr/include/p11-kit-1 -I/usr/include/nss -I/usr/include/nspr -MT pkcs11h-threading.lo -MD -MP -MF .deps/pkcs11h-threading.Tpo -c pkcs11h-threading.c -o pkcs11h-threading.o >/dev/null 2>&1
libtool: compile:  gcc -DHAVE_CONFIG_H -I. -I.. -I../include -I../include -O2 -I/usr/include/p11-kit-1 -I/usr/include/nss -I/usr/include/nspr -MT pkcs11h-util.lo -MD -MP -MF .deps/pkcs11h-util.Tpo -c pkcs11h-util.c -o pkcs11h-util.o >/dev/null 2>&1
/bin/sh ../libtool  --tag=CC   --mode=compile gcc -DHAVE_CONFIG_H -I. -I..  -I../include -I../include   -O2  -I/usr/include/p11-kit-1 -I/usr/include/nss -I/usr/include/nspr  -MT pkcs11h-certificate.lo -MD -MP -MF .deps/pkcs11h-certificate.Tpo -c -o pkcs11h-certificate.lo pkcs11h-certificate.c
libtool: compile:  gcc -DHAVE_CONFIG_H -I. -I.. -I../include -I../include -O2 -I/usr/include/p11-kit-1 -I/usr/include/nss -I/usr/include/nspr -MT pkcs11h-session.lo -MD -MP -MF .deps/pkcs11h-session.Tpo -c pkcs11h-session.c  -fPIC -DPIC -o .libs/pkcs11h-session.o
mv -f .deps/pkcs11h-mem.Tpo .deps/pkcs11h-mem.Plo
/bin/sh ../libtool  --tag=CC   --mode=compile gcc -DHAVE_CONFIG_H -I. -I..  -I../include -I../include   -O2  -I/usr/include/p11-kit-1 -I/usr/include/nss -I/usr/include/nspr  -MT pkcs11h-slotevent.lo -MD -MP -MF .deps/pkcs11h-slotevent.Tpo -c -o pkcs11h-slotevent.lo pkcs11h-slotevent.c
libtool: compile:  gcc -DHAVE_CONFIG_H -I. -I.. -I../include -I../include -O2 -I/usr/include/p11-kit-1 -I/usr/include/nss -I/usr/include/nspr -MT pkcs11h-token.lo -MD -MP -MF .deps/pkcs11h-token.Tpo -c pkcs11h-token.c  -fPIC -DPIC -o .libs/pkcs11h-token.o
libtool: compile:  gcc -DHAVE_CONFIG_H -I. -I.. -I../include -I../include -O2 -I/usr/include/p11-kit-1 -I/usr/include/nss -I/usr/include/nspr -MT _pkcs11h-crypto-gnutls.lo -MD -MP -MF .deps/_pkcs11h-crypto-gnutls.Tpo -c _pkcs11h-crypto-gnutls.c -o _pkcs11h-crypto-gnutls.o >/dev/null 2>&1
libtool: compile:  gcc -DHAVE_CONFIG_H -I. -I.. -I../include -I../include -O2 -I/usr/include/p11-kit-1 -I/usr/include/nss -I/usr/include/nspr -MT pkcs11h-certificate.lo -MD -MP -MF .deps/pkcs11h-certificate.Tpo -c pkcs11h-certificate.c  -fPIC -DPIC -o .libs/pkcs11h-certificate.o
mv -f .deps/_pkcs11h-crypto-mbedtls.Tpo .deps/_pkcs11h-crypto-mbedtls.Plo
/bin/sh ../libtool  --tag=CC   --mode=compile gcc -DHAVE_CONFIG_H -I. -I..  -I../include -I../include   -O2  -I/usr/include/p11-kit-1 -I/usr/include/nss -I/usr/include/nspr  -MT pkcs11h-core.lo -MD -MP -MF .deps/pkcs11h-core.Tpo -c -o pkcs11h-core.lo pkcs11h-core.c
libtool: compile:  gcc -DHAVE_CONFIG_H -I. -I.. -I../include -I../include -O2 -I/usr/include/p11-kit-1 -I/usr/include/nss -I/usr/include/nspr -MT pkcs11h-slotevent.lo -MD -MP -MF .deps/pkcs11h-slotevent.Tpo -c pkcs11h-slotevent.c  -fPIC -DPIC -o .libs/pkcs11h-slotevent.o
libtool: compile:  gcc -DHAVE_CONFIG_H -I. -I.. -I../include -I../include -O2 -I/usr/include/p11-kit-1 -I/usr/include/nss -I/usr/include/nspr -MT _pkcs11h-crypto-openssl.lo -MD -MP -MF .deps/_pkcs11h-crypto-openssl.Tpo -c _pkcs11h-crypto-openssl.c -o _pkcs11h-crypto-openssl.o >/dev/null 2>&1
libtool: compile:  gcc -DHAVE_CONFIG_H -I. -I.. -I../include -I../include -O2 -I/usr/include/p11-kit-1 -I/usr/include/nss -I/usr/include/nspr -MT pkcs11h-core.lo -MD -MP -MF .deps/pkcs11h-core.Tpo -c pkcs11h-core.c  -fPIC -DPIC -o .libs/pkcs11h-core.o
mv -f .deps/pkcs11h-util.Tpo .deps/pkcs11h-util.Plo
/bin/sh ../libtool  --tag=CC   --mode=compile gcc -DHAVE_CONFIG_H -I. -I..  -I../include -I../include   -O2  -I/usr/include/p11-kit-1 -I/usr/include/nss -I/usr/include/nspr  -MT pkcs11h-data.lo -MD -MP -MF .deps/pkcs11h-data.Tpo -c -o pkcs11h-data.lo pkcs11h-data.c
mv -f .deps/pkcs11h-threading.Tpo .deps/pkcs11h-threading.Plo
/bin/sh ../libtool  --tag=CC   --mode=compile gcc -DHAVE_CONFIG_H -I. -I..  -I../include -I../include   -O2  -I/usr/include/p11-kit-1 -I/usr/include/nss -I/usr/include/nspr  -MT pkcs11h-serialization.lo -MD -MP -MF .deps/pkcs11h-serialization.Tpo -c -o pkcs11h-serialization.lo pkcs11h-serialization.c
mv -f .deps/_pkcs11h-crypto-gnutls.Tpo .deps/_pkcs11h-crypto-gnutls.Plo
/bin/sh ../libtool  --tag=CC   --mode=compile gcc -DHAVE_CONFIG_H -I. -I..  -I../include -I../include   -O2  -I/usr/include/p11-kit-1 -I/usr/include/nss -I/usr/include/nspr  -MT pkcs11h-openssl.lo -MD -MP -MF .deps/pkcs11h-openssl.Tpo -c -o pkcs11h-openssl.lo pkcs11h-openssl.c
libtool: compile:  gcc -DHAVE_CONFIG_H -I. -I.. -I../include -I../include -O2 -I/usr/include/p11-kit-1 -I/usr/include/nss -I/usr/include/nspr -MT pkcs11h-data.lo -MD -MP -MF .deps/pkcs11h-data.Tpo -c pkcs11h-data.c  -fPIC -DPIC -o .libs/pkcs11h-data.o
libtool: compile:  gcc -DHAVE_CONFIG_H -I. -I.. -I../include -I../include -O2 -I/usr/include/p11-kit-1 -I/usr/include/nss -I/usr/include/nspr -MT pkcs11h-openssl.lo -MD -MP -MF .deps/pkcs11h-openssl.Tpo -c pkcs11h-openssl.c  -fPIC -DPIC -o .libs/pkcs11h-openssl.o
libtool: compile:  gcc -DHAVE_CONFIG_H -I. -I.. -I../include -I../include -O2 -I/usr/include/p11-kit-1 -I/usr/include/nss -I/usr/include/nspr -MT pkcs11h-serialization.lo -MD -MP -MF .deps/pkcs11h-serialization.Tpo -c pkcs11h-serialization.c  -fPIC -DPIC -o .libs/pkcs11h-serialization.o
libtool: compile:  gcc -DHAVE_CONFIG_H -I. -I.. -I../include -I../include -O2 -I/usr/include/p11-kit-1 -I/usr/include/nss -I/usr/include/nspr -MT _pkcs11h-crypto-nss.lo -MD -MP -MF .deps/_pkcs11h-crypto-nss.Tpo -c _pkcs11h-crypto-nss.c -o _pkcs11h-crypto-nss.o >/dev/null 2>&1
libtool: compile:  gcc -DHAVE_CONFIG_H -I. -I.. -I../include -I../include -O2 -I/usr/include/p11-kit-1 -I/usr/include/nss -I/usr/include/nspr -MT pkcs11h-slotevent.lo -MD -MP -MF .deps/pkcs11h-slotevent.Tpo -c pkcs11h-slotevent.c -o pkcs11h-slotevent.o >/dev/null 2>&1
libtool: compile:  gcc -DHAVE_CONFIG_H -I. -I.. -I../include -I../include -O2 -I/usr/include/p11-kit-1 -I/usr/include/nss -I/usr/include/nspr -MT pkcs11h-token.lo -MD -MP -MF .deps/pkcs11h-token.Tpo -c pkcs11h-token.c -o pkcs11h-token.o >/dev/null 2>&1
pkcs11h-openssl.c: In function '__pkcs11h_openssl_rsa_get_pkcs11h_certificate':
pkcs11h-openssl.c:425:9: warning: 'RSA_get_ex_data' is deprecated: Since OpenSSL 3.0 [-Wdeprecated-declarations]
  425 |         session = (pkcs11h_openssl_session_t)RSA_get_ex_data (rsa, __openssl_methods.rsa_index);
      |         ^~~~~~~
In file included from /usr/include/openssl/x509.h:36,
                 from ../include/pkcs11-helper-1.0/pkcs11h-openssl.h:69,
                 from pkcs11h-openssl.c:55:
/usr/include/openssl/rsa.h:457:29: note: declared here
  457 | OSSL_DEPRECATEDIN_3_0 void *RSA_get_ex_data(const RSA *r, int idx);
      |                             ^~~~~~~~~~~~~~~
pkcs11h-openssl.c: In function '__pkcs11h_openssl_rsa_enc':
pkcs11h-openssl.c:587:9: warning: 'RSA_size' is deprecated: Since OpenSSL 3.0 [-Wdeprecated-declarations]
  587 |         tlen = (size_t)RSA_size(rsa);
      |         ^~~~
/usr/include/openssl/rsa.h:215:27: note: declared here
  215 | OSSL_DEPRECATEDIN_3_0 int RSA_size(const RSA *rsa);
      |                           ^~~~~~~~
pkcs11h-openssl.c: In function '__pkcs11h_openssl_session_setRSA':
pkcs11h-openssl.c:649:17: warning: 'EVP_PKEY_get1_RSA' is deprecated: Since OpenSSL 3.0 [-Wdeprecated-declarations]
  649 |                 (rsa = EVP_PKEY_get1_RSA (evp)) == NULL
      |                 ^
In file included from /usr/include/openssl/x509.h:29:
/usr/include/openssl/evp.h:1416:16: note: declared here
 1416 | struct rsa_st *EVP_PKEY_get1_RSA(EVP_PKEY *pkey);
      |                ^~~~~~~~~~~~~~~~~
pkcs11h-openssl.c:655:9: warning: 'RSA_set_method' is deprecated: Since OpenSSL 3.0 [-Wdeprecated-declarations]
  655 |         RSA_set_method (rsa, __openssl_methods.rsa);
      |         ^~~~~~~~~~~~~~
/usr/include/openssl/rsa.h:313:27: note: declared here
  313 | OSSL_DEPRECATEDIN_3_0 int RSA_set_method(RSA *rsa, const RSA_METHOD *meth);
      |                           ^~~~~~~~~~~~~~
pkcs11h-openssl.c:656:9: warning: 'RSA_set_ex_data' is deprecated: Since OpenSSL 3.0 [-Wdeprecated-declarations]
  656 |         RSA_set_ex_data (rsa, __openssl_methods.rsa_index, openssl_session);
      |         ^~~~~~~~~~~~~~~
/usr/include/openssl/rsa.h:456:27: note: declared here
  456 | OSSL_DEPRECATEDIN_3_0 int RSA_set_ex_data(RSA *r, int idx, void *arg);
      |                           ^~~~~~~~~~~~~~~
pkcs11h-openssl.c:660:9: warning: 'EVP_PKEY_set1_RSA' is deprecated: Since OpenSSL 3.0 [-Wdeprecated-declarations]
  660 |         if (EVP_PKEY_set1_RSA (evp, rsa) != 1) {
      |         ^~
/usr/include/openssl/evp.h:1412:5: note: declared here
 1412 | int EVP_PKEY_set1_RSA(EVP_PKEY *pkey, struct rsa_st *key);
      |     ^~~~~~~~~~~~~~~~~
pkcs11h-openssl.c:679:17: warning: 'RSA_free' is deprecated: Since OpenSSL 3.0 [-Wdeprecated-declarations]
  679 |                 RSA_free (rsa);
      |                 ^~~~~~~~
/usr/include/openssl/rsa.h:304:28: note: declared here
  304 | OSSL_DEPRECATEDIN_3_0 void RSA_free(RSA *r);
      |                            ^~~~~~~~
pkcs11h-openssl.c: In function '__pkcs11h_openssl_dsa_get_pkcs11h_certificate':
pkcs11h-openssl.c:705:9: warning: 'DSA_get_ex_data' is deprecated: Since OpenSSL 3.0 [-Wdeprecated-declarations]
  705 |         session = (pkcs11h_openssl_session_t)DSA_get_ex_data (dsa, __openssl_methods.dsa_index);
      |         ^~~~~~~
In file included from /usr/include/openssl/x509.h:37:
/usr/include/openssl/dsa.h:151:29: note: declared here
  151 | OSSL_DEPRECATEDIN_3_0 void *DSA_get_ex_data(const DSA *d, int idx);
      |                             ^~~~~~~~~~~~~~~
pkcs11h-openssl.c: In function '__pkcs11h_openssl_session_setDSA':
pkcs11h-openssl.c:851:17: warning: 'EVP_PKEY_get1_DSA' is deprecated: Since OpenSSL 3.0 [-Wdeprecated-declarations]
  851 |                 (dsa = EVP_PKEY_get1_DSA (evp)) == NULL
      |                 ^
/usr/include/openssl/evp.h:1425:16: note: declared here
 1425 | struct dsa_st *EVP_PKEY_get1_DSA(EVP_PKEY *pkey);
      |                ^~~~~~~~~~~~~~~~~
pkcs11h-openssl.c:857:9: warning: 'DSA_set_method' is deprecated: Since OpenSSL 3.0 [-Wdeprecated-declarations]
  857 |         DSA_set_method (dsa, __openssl_methods.dsa);
      |         ^~~~~~~~~~~~~~
/usr/include/openssl/dsa.h:127:27: note: declared here
  127 | OSSL_DEPRECATEDIN_3_0 int DSA_set_method(DSA *dsa, const DSA_METHOD *);
      |                           ^~~~~~~~~~~~~~
pkcs11h-openssl.c:858:9: warning: 'DSA_set_ex_data' is deprecated: Since OpenSSL 3.0 [-Wdeprecated-declarations]
  858 |         DSA_set_ex_data (dsa, __openssl_methods.dsa_index, openssl_session);
      |         ^~~~~~~~~~~~~~~
/usr/include/openssl/dsa.h:150:27: note: declared here
  150 | OSSL_DEPRECATEDIN_3_0 int DSA_set_ex_data(DSA *d, int idx, void *arg);
      |                           ^~~~~~~~~~~~~~~
pkcs11h-openssl.c:860:9: warning: 'EVP_PKEY_set1_DSA' is deprecated: Since OpenSSL 3.0 [-Wdeprecated-declarations]
  860 |         if (EVP_PKEY_set1_DSA (evp, dsa) != 1) {
      |         ^~
/usr/include/openssl/evp.h:1421:5: note: declared here
 1421 | int EVP_PKEY_set1_DSA(EVP_PKEY *pkey, struct dsa_st *key);
      |     ^~~~~~~~~~~~~~~~~
pkcs11h-openssl.c:870:17: warning: 'DSA_free' is deprecated: Since OpenSSL 3.0 [-Wdeprecated-declarations]
  870 |                 DSA_free (dsa);
      |                 ^~~~~~~~
/usr/include/openssl/dsa.h:132:28: note: declared here
  132 | OSSL_DEPRECATEDIN_3_0 void DSA_free(DSA *r);
      |                            ^~~~~~~~
pkcs11h-openssl.c: In function '__pkcs11h_openssl_eckey_get_pkcs11h_certificate':
pkcs11h-openssl.c:896:9: warning: 'EC_KEY_get_ex_data' is deprecated: Since OpenSSL 3.0 [-Wdeprecated-declarations]
  896 |         session = (pkcs11h_openssl_session_t)EC_KEY_get_ex_data (ec, __openssl_methods.eckey_index);
      |         ^~~~~~~
In file included from /usr/include/openssl/x509.h:33:
/usr/include/openssl/ec.h:1103:29: note: declared here
 1103 | OSSL_DEPRECATEDIN_3_0 void *EC_KEY_get_ex_data(const EC_KEY *key, int idx);
      |                             ^~~~~~~~~~~~~~~~~~
pkcs11h-openssl.c: In function '__pkcs11h_openssl_session_setECDSA':
pkcs11h-openssl.c:1054:17: warning: 'EVP_PKEY_get1_EC_KEY' is deprecated: Since OpenSSL 3.0 [-Wdeprecated-declarations]
 1054 |                 (ec = EVP_PKEY_get1_EC_KEY (evp)) == NULL
      |                 ^
/usr/include/openssl/evp.h:1442:19: note: declared here
 1442 | struct ec_key_st *EVP_PKEY_get1_EC_KEY(EVP_PKEY *pkey);
      |                   ^~~~~~~~~~~~~~~~~~~~
pkcs11h-openssl.c:1060:9: warning: 'EC_KEY_set_method' is deprecated: Since OpenSSL 3.0 [-Wdeprecated-declarations]
 1060 |         EC_KEY_set_method (ec, __openssl_methods.eckey);
      |         ^~~~~~~~~~~~~~~~~
/usr/include/openssl/ec.h:1302:27: note: declared here
 1302 | OSSL_DEPRECATEDIN_3_0 int EC_KEY_set_method(EC_KEY *key, const EC_KEY_METHOD *meth);
      |                           ^~~~~~~~~~~~~~~~~
pkcs11h-openssl.c:1061:9: warning: 'EC_KEY_set_ex_data' is deprecated: Since OpenSSL 3.0 [-Wdeprecated-declarations]
 1061 |         EC_KEY_set_ex_data (ec, __openssl_methods.eckey_index, openssl_session);
      |         ^~~~~~~~~~~~~~~~~~
/usr/include/openssl/ec.h:1102:27: note: declared here
 1102 | OSSL_DEPRECATEDIN_3_0 int EC_KEY_set_ex_data(EC_KEY *key, int idx, void *arg);
      |                           ^~~~~~~~~~~~~~~~~~
pkcs11h-openssl.c:1063:9: warning: 'EVP_PKEY_set1_EC_KEY' is deprecated: Since OpenSSL 3.0 [-Wdeprecated-declarations]
 1063 |         if (EVP_PKEY_set1_EC_KEY (evp, ec) != 1) {
      |         ^~
/usr/include/openssl/evp.h:1438:5: note: declared here
 1438 | int EVP_PKEY_set1_EC_KEY(EVP_PKEY *pkey, struct ec_key_st *key);
      |     ^~~~~~~~~~~~~~~~~~~~
pkcs11h-openssl.c:1073:17: warning: 'EC_KEY_free' is deprecated: Since OpenSSL 3.0 [-Wdeprecated-declarations]
 1073 |                 EC_KEY_free (ec);
      |                 ^~~~~~~~~~~
/usr/include/openssl/ec.h:1022:28: note: declared here
 1022 | OSSL_DEPRECATEDIN_3_0 void EC_KEY_free(EC_KEY *key);
      |                            ^~~~~~~~~~~
pkcs11h-openssl.c: In function '_pkcs11h_openssl_initialize':
pkcs11h-openssl.c:1099:17: warning: 'RSA_meth_free' is deprecated: Since OpenSSL 3.0 [-Wdeprecated-declarations]
 1099 |                 RSA_meth_free (__openssl_methods.rsa);
      |                 ^~~~~~~~~~~~~
/usr/include/openssl/rsa.h:485:28: note: declared here
  485 | OSSL_DEPRECATEDIN_3_0 void RSA_meth_free(RSA_METHOD *meth);
      |                            ^~~~~~~~~~~~~
pkcs11h-openssl.c:1101:9: warning: 'RSA_meth_dup' is deprecated: Since OpenSSL 3.0 [-Wdeprecated-declarations]
 1101 |         if ((__openssl_methods.rsa = RSA_meth_dup (RSA_get_default_method ())) == NULL) {
      |         ^~
/usr/include/openssl/rsa.h:486:35: note: declared here
  486 | OSSL_DEPRECATEDIN_3_0 RSA_METHOD *RSA_meth_dup(const RSA_METHOD *meth);
      |                                   ^~~~~~~~~~~~
pkcs11h-openssl.c:1101:9: warning: 'RSA_get_default_method' is deprecated: Since OpenSSL 3.0 [-Wdeprecated-declarations]
 1101 |         if ((__openssl_methods.rsa = RSA_meth_dup (RSA_get_default_method ())) == NULL) {
      |         ^~
/usr/include/openssl/rsa.h:310:41: note: declared here
  310 | OSSL_DEPRECATEDIN_3_0 const RSA_METHOD *RSA_get_default_method(void);
      |                                         ^~~~~~~~~~~~~~~~~~~~~~
pkcs11h-openssl.c:1104:9: warning: 'RSA_meth_set1_name' is deprecated: Since OpenSSL 3.0 [-Wdeprecated-declarations]
 1104 |         RSA_meth_set1_name (__openssl_methods.rsa, "pkcs11h");
      |         ^~~~~~~~~~~~~~~~~~
/usr/include/openssl/rsa.h:488:27: note: declared here
  488 | OSSL_DEPRECATEDIN_3_0 int RSA_meth_set1_name(RSA_METHOD *meth,
      |                           ^~~~~~~~~~~~~~~~~~
pkcs11h-openssl.c:1105:9: warning: 'RSA_meth_set_priv_dec' is deprecated: Since OpenSSL 3.0 [-Wdeprecated-declarations]
 1105 |         RSA_meth_set_priv_dec (__openssl_methods.rsa, __pkcs11h_openssl_rsa_dec);
      |         ^~~~~~~~~~~~~~~~~~~~~
/usr/include/openssl/rsa.h:531:5: note: declared here
  531 | int RSA_meth_set_priv_dec(RSA_METHOD *rsa,
      |     ^~~~~~~~~~~~~~~~~~~~~
pkcs11h-openssl.c:1106:9: warning: 'RSA_meth_set_priv_enc' is deprecated: Since OpenSSL 3.0 [-Wdeprecated-declarations]
 1106 |         RSA_meth_set_priv_enc (__openssl_methods.rsa, __pkcs11h_openssl_rsa_enc);
      |         ^~~~~~~~~~~~~~~~~~~~~
/usr/include/openssl/rsa.h:521:5: note: declared here
  521 | int RSA_meth_set_priv_enc(RSA_METHOD *rsa,
      |     ^~~~~~~~~~~~~~~~~~~~~
pkcs11h-openssl.c:1107:9: warning: 'RSA_meth_set_flags' is deprecated: Since OpenSSL 3.0 [-Wdeprecated-declarations]
 1107 |         RSA_meth_set_flags (__openssl_methods.rsa, RSA_METHOD_FLAG_NO_CHECK | RSA_FLAG_EXT_PKEY);
      |         ^~~~~~~~~~~~~~~~~~
/usr/include/openssl/rsa.h:491:27: note: declared here
  491 | OSSL_DEPRECATEDIN_3_0 int RSA_meth_set_flags(RSA_METHOD *meth, int flags);
      |                           ^~~~~~~~~~~~~~~~~~
pkcs11h-openssl.c:1118:17: warning: 'DSA_meth_free' is deprecated: Since OpenSSL 3.0 [-Wdeprecated-declarations]
 1118 |                 DSA_meth_free (__openssl_methods.dsa);
      |                 ^~~~~~~~~~~~~
/usr/include/openssl/dsa.h:224:28: note: declared here
  224 | OSSL_DEPRECATEDIN_3_0 void DSA_meth_free(DSA_METHOD *dsam);
      |                            ^~~~~~~~~~~~~
pkcs11h-openssl.c:1120:9: warning: 'DSA_meth_dup' is deprecated: Since OpenSSL 3.0 [-Wdeprecated-declarations]
 1120 |         __openssl_methods.dsa = DSA_meth_dup (DSA_get_default_method ());
      |         ^~~~~~~~~~~~~~~~~
/usr/include/openssl/dsa.h:225:35: note: declared here
  225 | OSSL_DEPRECATEDIN_3_0 DSA_METHOD *DSA_meth_dup(const DSA_METHOD *dsam);
      |                                   ^~~~~~~~~~~~
pkcs11h-openssl.c:1120:9: warning: 'DSA_get_default_method' is deprecated: Since OpenSSL 3.0 [-Wdeprecated-declarations]
 1120 |         __openssl_methods.dsa = DSA_meth_dup (DSA_get_default_method ());
      |         ^~~~~~~~~~~~~~~~~
/usr/include/openssl/dsa.h:126:41: note: declared here
  126 | OSSL_DEPRECATEDIN_3_0 const DSA_METHOD *DSA_get_default_method(void);
      |                                         ^~~~~~~~~~~~~~~~~~~~~~
pkcs11h-openssl.c:1121:9: warning: 'DSA_meth_set1_name' is deprecated: Since OpenSSL 3.0 [-Wdeprecated-declarations]
 1121 |         DSA_meth_set1_name (__openssl_methods.dsa, "pkcs11h");
      |         ^~~~~~~~~~~~~~~~~~
/usr/include/openssl/dsa.h:227:27: note: declared here
  227 | OSSL_DEPRECATEDIN_3_0 int DSA_meth_set1_name(DSA_METHOD *dsam,
      |                           ^~~~~~~~~~~~~~~~~~
pkcs11h-openssl.c:1122:9: warning: 'DSA_meth_set_sign' is deprecated: Since OpenSSL 3.0 [-Wdeprecated-declarations]
 1122 |         DSA_meth_set_sign (__openssl_methods.dsa, __pkcs11h_openssl_dsa_do_sign);
      |         ^~~~~~~~~~~~~~~~~
/usr/include/openssl/dsa.h:236:27: note: declared here
  236 | OSSL_DEPRECATEDIN_3_0 int DSA_meth_set_sign(DSA_METHOD *dsam,
      |                           ^~~~~~~~~~~~~~~~~
pkcs11h-openssl.c:1133:17: warning: 'EC_KEY_METHOD_free' is deprecated: Since OpenSSL 3.0 [-Wdeprecated-declarations]
 1133 |                 EC_KEY_METHOD_free(__openssl_methods.eckey);
      |                 ^~~~~~~~~~~~~~~~~~
/usr/include/openssl/ec.h:1481:28: note: declared here
 1481 | OSSL_DEPRECATEDIN_3_0 void EC_KEY_METHOD_free(EC_KEY_METHOD *meth);
      |                            ^~~~~~~~~~~~~~~~~~
pkcs11h-openssl.c:1135:9: warning: 'EC_KEY_METHOD_new' is deprecated: Since OpenSSL 3.0 [-Wdeprecated-declarations]
 1135 |         __openssl_methods.eckey = EC_KEY_METHOD_new (EC_KEY_get_default_method ());
      |         ^~~~~~~~~~~~~~~~~
/usr/include/openssl/ec.h:1480:38: note: declared here
 1480 | OSSL_DEPRECATEDIN_3_0 EC_KEY_METHOD *EC_KEY_METHOD_new(const EC_KEY_METHOD *meth);
      |                                      ^~~~~~~~~~~~~~~~~
pkcs11h-openssl.c:1135:9: warning: 'EC_KEY_get_default_method' is deprecated: Since OpenSSL 3.0 [-Wdeprecated-declarations]
 1135 |         __openssl_methods.eckey = EC_KEY_METHOD_new (EC_KEY_get_default_method ());
      |         ^~~~~~~~~~~~~~~~~
/usr/include/openssl/ec.h:1299:44: note: declared here
 1299 | OSSL_DEPRECATEDIN_3_0 const EC_KEY_METHOD *EC_KEY_get_default_method(void);
      |                                            ^~~~~~~~~~~~~~~~~~~~~~~~~
pkcs11h-openssl.c:1148:17: warning: 'EC_KEY_METHOD_get_sign' is deprecated: Since OpenSSL 3.0 [-Wdeprecated-declarations]
 1148 |                 EC_KEY_METHOD_get_sign(__openssl_methods.eckey, &sig, NULL, NULL);
      |                 ^~~~~~~~~~~~~~~~~~~~~~
/usr/include/openssl/ec.h:1543:28: note: declared here
 1543 | OSSL_DEPRECATEDIN_3_0 void EC_KEY_METHOD_get_sign
      |                            ^~~~~~~~~~~~~~~~~~~~~~
pkcs11h-openssl.c:1149:17: warning: 'EC_KEY_METHOD_set_sign' is deprecated: Since OpenSSL 3.0 [-Wdeprecated-declarations]
 1149 |                 EC_KEY_METHOD_set_sign(__openssl_methods.eckey, sig, NULL, __pkcs11h_openssl_eckey_do_sign);
      |                 ^~~~~~~~~~~~~~~~~~~~~~
/usr/include/openssl/ec.h:1499:28: note: declared here
 1499 | OSSL_DEPRECATEDIN_3_0 void EC_KEY_METHOD_set_sign
      |                            ^~~~~~~~~~~~~~~~~~~~~~
pkcs11h-openssl.c: In function '_pkcs11h_openssl_terminate':
pkcs11h-openssl.c:1178:17: warning: 'RSA_meth_free' is deprecated: Since OpenSSL 3.0 [-Wdeprecated-declarations]
 1178 |                 RSA_meth_free (__openssl_methods.rsa);
      |                 ^~~~~~~~~~~~~
/usr/include/openssl/rsa.h:485:28: note: declared here
  485 | OSSL_DEPRECATEDIN_3_0 void RSA_meth_free(RSA_METHOD *meth);
      |                            ^~~~~~~~~~~~~
pkcs11h-openssl.c:1184:17: warning: 'DSA_meth_free' is deprecated: Since OpenSSL 3.0 [-Wdeprecated-declarations]
 1184 |                 DSA_meth_free (__openssl_methods.dsa);
      |                 ^~~~~~~~~~~~~
/usr/include/openssl/dsa.h:224:28: note: declared here
  224 | OSSL_DEPRECATEDIN_3_0 void DSA_meth_free(DSA_METHOD *dsam);
      |                            ^~~~~~~~~~~~~
pkcs11h-openssl.c:1190:17: warning: 'EC_KEY_METHOD_free' is deprecated: Since OpenSSL 3.0 [-Wdeprecated-declarations]
 1190 |                 EC_KEY_METHOD_free(__openssl_methods.eckey);
      |                 ^~~~~~~~~~~~~~~~~~
/usr/include/openssl/ec.h:1481:28: note: declared here
 1481 | OSSL_DEPRECATEDIN_3_0 void EC_KEY_METHOD_free(EC_KEY_METHOD *meth);
      |                            ^~~~~~~~~~~~~~~~~~
pkcs11h-openssl.c: In function 'pkcs11h_openssl_session_getRSA':
pkcs11h-openssl.c:1432:17: warning: 'EVP_PKEY_get1_RSA' is deprecated: Since OpenSSL 3.0 [-Wdeprecated-declarations]
 1432 |                 (rsa = EVP_PKEY_get1_RSA (evp)) == NULL
      |                 ^
/usr/include/openssl/evp.h:1416:16: note: declared here
 1416 | struct rsa_st *EVP_PKEY_get1_RSA(EVP_PKEY *pkey);
      |                ^~~~~~~~~~~~~~~~~
pkcs11h-openssl.c:1448:17: warning: 'RSA_free' is deprecated: Since OpenSSL 3.0 [-Wdeprecated-declarations]
 1448 |                 RSA_free (rsa);
      |                 ^~~~~~~~
/usr/include/openssl/rsa.h:304:28: note: declared here
  304 | OSSL_DEPRECATEDIN_3_0 void RSA_free(RSA *r);
      |                            ^~~~~~~~
mv -f .deps/_pkcs11h-crypto-nss.Tpo .deps/_pkcs11h-crypto-nss.Plo
libtool: compile:  gcc -DHAVE_CONFIG_H -I. -I.. -I../include -I../include -O2 -I/usr/include/p11-kit-1 -I/usr/include/nss -I/usr/include/nspr -MT pkcs11h-session.lo -MD -MP -MF .deps/pkcs11h-session.Tpo -c pkcs11h-session.c -o pkcs11h-session.o >/dev/null 2>&1
libtool: compile:  gcc -DHAVE_CONFIG_H -I. -I.. -I../include -I../include -O2 -I/usr/include/p11-kit-1 -I/usr/include/nss -I/usr/include/nspr -MT pkcs11h-data.lo -MD -MP -MF .deps/pkcs11h-data.Tpo -c pkcs11h-data.c -o pkcs11h-data.o >/dev/null 2>&1
mv -f .deps/_pkcs11h-crypto-openssl.Tpo .deps/_pkcs11h-crypto-openssl.Plo
libtool: compile:  gcc -DHAVE_CONFIG_H -I. -I.. -I../include -I../include -O2 -I/usr/include/p11-kit-1 -I/usr/include/nss -I/usr/include/nspr -MT pkcs11h-serialization.lo -MD -MP -MF .deps/pkcs11h-serialization.Tpo -c pkcs11h-serialization.c -o pkcs11h-serialization.o >/dev/null 2>&1
mv -f .deps/pkcs11h-slotevent.Tpo .deps/pkcs11h-slotevent.Plo
mv -f .deps/pkcs11h-token.Tpo .deps/pkcs11h-token.Plo
mv -f .deps/pkcs11h-serialization.Tpo .deps/pkcs11h-serialization.Plo
mv -f .deps/pkcs11h-data.Tpo .deps/pkcs11h-data.Plo
libtool: compile:  gcc -DHAVE_CONFIG_H -I. -I.. -I../include -I../include -O2 -I/usr/include/p11-kit-1 -I/usr/include/nss -I/usr/include/nspr -MT pkcs11h-openssl.lo -MD -MP -MF .deps/pkcs11h-openssl.Tpo -c pkcs11h-openssl.c -o pkcs11h-openssl.o >/dev/null 2>&1
libtool: compile:  gcc -DHAVE_CONFIG_H -I. -I.. -I../include -I../include -O2 -I/usr/include/p11-kit-1 -I/usr/include/nss -I/usr/include/nspr -MT pkcs11h-core.lo -MD -MP -MF .deps/pkcs11h-core.Tpo -c pkcs11h-core.c -o pkcs11h-core.o >/dev/null 2>&1
mv -f .deps/pkcs11h-session.Tpo .deps/pkcs11h-session.Plo
libtool: compile:  gcc -DHAVE_CONFIG_H -I. -I.. -I../include -I../include -O2 -I/usr/include/p11-kit-1 -I/usr/include/nss -I/usr/include/nspr -MT pkcs11h-certificate.lo -MD -MP -MF .deps/pkcs11h-certificate.Tpo -c pkcs11h-certificate.c -o pkcs11h-certificate.o >/dev/null 2>&1
mv -f .deps/pkcs11h-openssl.Tpo .deps/pkcs11h-openssl.Plo
mv -f .deps/pkcs11h-core.Tpo .deps/pkcs11h-core.Plo
mv -f .deps/pkcs11h-certificate.Tpo .deps/pkcs11h-certificate.Plo
/bin/sh ../libtool  --tag=CC   --mode=link gcc  -O2  -I/usr/include/p11-kit-1 -I/usr/include/nss -I/usr/include/nspr   -version-info 1:0:0 -export-symbols "pkcs11-helper.exports" -no-undefined  -o libpkcs11-helper.la -rpath /usr/lib pkcs11h-mem.lo pkcs11h-sys.lo pkcs11h-crypto.lo _pkcs11h-crypto-openssl.lo _pkcs11h-crypto-nss.lo _pkcs11h-crypto-gnutls.lo _pkcs11h-crypto-mbedtls.lo _pkcs11h-crypto-cryptoapi.lo pkcs11h-threading.lo pkcs11h-util.lo pkcs11h-session.lo pkcs11h-token.lo pkcs11h-certificate.lo pkcs11h-slotevent.lo pkcs11h-core.lo pkcs11h-data.lo pkcs11h-serialization.lo pkcs11h-openssl.lo    -lpthread -ldl  -lcrypto -lgnutls -lnss3 -lnssutil3 -lsmime3 -lssl3 -lsoftokn3 -lplds4 -lplc4 -lnspr4 -lmbedtls -lmbedx509 -lmbedcrypto
libtool: link: echo "{ global:" > .libs/libpkcs11-helper.ver
libtool: link:  cat pkcs11-helper.exports | /usr/bin/sed -e "s/\(.*\)/\1;/" >> .libs/libpkcs11-helper.ver
libtool: link:  echo "local: *; };" >> .libs/libpkcs11-helper.ver
libtool: link:  gcc -shared  -fPIC -DPIC  .libs/pkcs11h-mem.o .libs/pkcs11h-sys.o .libs/pkcs11h-crypto.o .libs/_pkcs11h-crypto-openssl.o .libs/_pkcs11h-crypto-nss.o .libs/_pkcs11h-crypto-gnutls.o .libs/_pkcs11h-crypto-mbedtls.o .libs/_pkcs11h-crypto-cryptoapi.o .libs/pkcs11h-threading.o .libs/pkcs11h-util.o .libs/pkcs11h-session.o .libs/pkcs11h-token.o .libs/pkcs11h-certificate.o .libs/pkcs11h-slotevent.o .libs/pkcs11h-core.o .libs/pkcs11h-data.o .libs/pkcs11h-serialization.o .libs/pkcs11h-openssl.o   -lpthread -ldl -lcrypto /usr/lib/libgnutls.so -lnss3 -lnssutil3 -lsmime3 -lssl3 -lsoftokn3 -lplds4 -lplc4 -lnspr4 -lmbedtls -lmbedx509 -lmbedcrypto  -O2   -Wl,-soname -Wl,libpkcs11-helper.so.1 -Wl,-version-script -Wl,.libs/libpkcs11-helper.ver -o .libs/libpkcs11-helper.so.1.0.0
libtool: link: (cd ".libs" && rm -f "libpkcs11-helper.so.1" && ln -s "libpkcs11-helper.so.1.0.0" "libpkcs11-helper.so.1")
libtool: link: (cd ".libs" && rm -f "libpkcs11-helper.so" && ln -s "libpkcs11-helper.so.1.0.0" "libpkcs11-helper.so")
libtool: link: ar cr .libs/libpkcs11-helper.a  pkcs11h-mem.o pkcs11h-sys.o pkcs11h-crypto.o _pkcs11h-crypto-openssl.o _pkcs11h-crypto-nss.o _pkcs11h-crypto-gnutls.o _pkcs11h-crypto-mbedtls.o _pkcs11h-crypto-cryptoapi.o pkcs11h-threading.o pkcs11h-util.o pkcs11h-session.o pkcs11h-token.o pkcs11h-certificate.o pkcs11h-slotevent.o pkcs11h-core.o pkcs11h-data.o pkcs11h-serialization.o pkcs11h-openssl.o
libtool: link: ranlib .libs/libpkcs11-helper.a
libtool: link: ( cd ".libs" && rm -f "libpkcs11-helper.la" && ln -s "../libpkcs11-helper.la" "libpkcs11-helper.la" )
make[3]: Leaving directory '/blfs/builds/pkcs11-helper-1.31.0/lib'
make[2]: Leaving directory '/blfs/builds/pkcs11-helper-1.31.0/lib'
Making all in m4dir
make[2]: Entering directory '/blfs/builds/pkcs11-helper-1.31.0/m4dir'
make[2]: Nothing to be done for 'all'.
make[2]: Leaving directory '/blfs/builds/pkcs11-helper-1.31.0/m4dir'
Making all in doc
make[2]: Entering directory '/blfs/builds/pkcs11-helper-1.31.0/doc'
Making all in api
make[3]: Entering directory '/blfs/builds/pkcs11-helper-1.31.0/doc/api'
make[3]: Nothing to be done for 'all'.
make[3]: Leaving directory '/blfs/builds/pkcs11-helper-1.31.0/doc/api'
make[3]: Entering directory '/blfs/builds/pkcs11-helper-1.31.0/doc'
make[3]: Nothing to be done for 'all-am'.
make[3]: Leaving directory '/blfs/builds/pkcs11-helper-1.31.0/doc'
make[2]: Leaving directory '/blfs/builds/pkcs11-helper-1.31.0/doc'
Making all in distro
make[2]: Entering directory '/blfs/builds/pkcs11-helper-1.31.0/distro'
Making all in rpm
make[3]: Entering directory '/blfs/builds/pkcs11-helper-1.31.0/distro/rpm'
make[3]: Nothing to be done for 'all'.
make[3]: Leaving directory '/blfs/builds/pkcs11-helper-1.31.0/distro/rpm'
Making all in debian
make[3]: Entering directory '/blfs/builds/pkcs11-helper-1.31.0/distro/debian'
make  all-am
make[4]: Entering directory '/blfs/builds/pkcs11-helper-1.31.0/distro/debian'
make[4]: Nothing to be done for 'all-am'.
make[4]: Leaving directory '/blfs/builds/pkcs11-helper-1.31.0/distro/debian'
make[3]: Leaving directory '/blfs/builds/pkcs11-helper-1.31.0/distro/debian'
make[3]: Entering directory '/blfs/builds/pkcs11-helper-1.31.0/distro'
make[3]: Nothing to be done for 'all-am'.
make[3]: Leaving directory '/blfs/builds/pkcs11-helper-1.31.0/distro'
make[2]: Leaving directory '/blfs/builds/pkcs11-helper-1.31.0/distro'
Making all in tests
make[2]: Entering directory '/blfs/builds/pkcs11-helper-1.31.0/tests'
make[3]: Entering directory '/blfs/builds/pkcs11-helper-1.31.0/tests'
make[3]: Nothing to be done for 'all-am'.
make[3]: Leaving directory '/blfs/builds/pkcs11-helper-1.31.0/tests'
make[2]: Leaving directory '/blfs/builds/pkcs11-helper-1.31.0/tests'
make[2]: Entering directory '/blfs/builds/pkcs11-helper-1.31.0'
make[2]: Leaving directory '/blfs/builds/pkcs11-helper-1.31.0'
make[1]: Leaving directory '/blfs/builds/pkcs11-helper-1.31.0'
Making install in man
make[1]: Entering directory '/blfs/builds/pkcs11-helper-1.31.0/man'
make[2]: Entering directory '/blfs/builds/pkcs11-helper-1.31.0/man'
make[2]: Nothing to be done for 'install-exec-am'.
 /usr/bin/mkdir -p '/pkgs/pkcs11-helper/usr/share/man/man8'
 /usr/bin/install -c -m 644 pkcs11-helper-1.8 '/pkgs/pkcs11-helper/usr/share/man/man8'
make[2]: Leaving directory '/blfs/builds/pkcs11-helper-1.31.0/man'
make[1]: Leaving directory '/blfs/builds/pkcs11-helper-1.31.0/man'
Making install in include
make[1]: Entering directory '/blfs/builds/pkcs11-helper-1.31.0/include'
Making install in pkcs11-helper-1.0
make[2]: Entering directory '/blfs/builds/pkcs11-helper-1.31.0/include/pkcs11-helper-1.0'
make[3]: Entering directory '/blfs/builds/pkcs11-helper-1.31.0/include/pkcs11-helper-1.0'
make[3]: Nothing to be done for 'install-exec-am'.
 /usr/bin/mkdir -p '/pkgs/pkcs11-helper/usr/include/pkcs11-helper-1.0'
 /usr/bin/install -c -m 644 pkcs11.h pkcs11h-def.h pkcs11h-engines.h pkcs11h-core.h pkcs11h-version.h pkcs11h-certificate.h pkcs11h-data.h pkcs11h-openssl.h pkcs11h-token.h '/pkgs/pkcs11-helper/usr/include/pkcs11-helper-1.0'
make[3]: Leaving directory '/blfs/builds/pkcs11-helper-1.31.0/include/pkcs11-helper-1.0'
make[2]: Leaving directory '/blfs/builds/pkcs11-helper-1.31.0/include/pkcs11-helper-1.0'
make[2]: Entering directory '/blfs/builds/pkcs11-helper-1.31.0/include'
make[3]: Entering directory '/blfs/builds/pkcs11-helper-1.31.0/include'
make[3]: Nothing to be done for 'install-exec-am'.
make[3]: Nothing to be done for 'install-data-am'.
make[3]: Leaving directory '/blfs/builds/pkcs11-helper-1.31.0/include'
make[2]: Leaving directory '/blfs/builds/pkcs11-helper-1.31.0/include'
make[1]: Leaving directory '/blfs/builds/pkcs11-helper-1.31.0/include'
Making install in lib
make[1]: Entering directory '/blfs/builds/pkcs11-helper-1.31.0/lib'
make  install-am
make[2]: Entering directory '/blfs/builds/pkcs11-helper-1.31.0/lib'
make[3]: Entering directory '/blfs/builds/pkcs11-helper-1.31.0/lib'
 /usr/bin/mkdir -p '/pkgs/pkcs11-helper/usr/lib'
 /bin/sh ../libtool   --mode=install /usr/bin/install -c   libpkcs11-helper.la '/pkgs/pkcs11-helper/usr/lib'
libtool: install: /usr/bin/install -c .libs/libpkcs11-helper.so.1.0.0 /pkgs/pkcs11-helper/usr/lib/libpkcs11-helper.so.1.0.0
libtool: install: (cd /pkgs/pkcs11-helper/usr/lib && { ln -s -f libpkcs11-helper.so.1.0.0 libpkcs11-helper.so.1 || { rm -f libpkcs11-helper.so.1 && ln -s libpkcs11-helper.so.1.0.0 libpkcs11-helper.so.1; }; })
libtool: install: (cd /pkgs/pkcs11-helper/usr/lib && { ln -s -f libpkcs11-helper.so.1.0.0 libpkcs11-helper.so || { rm -f libpkcs11-helper.so && ln -s libpkcs11-helper.so.1.0.0 libpkcs11-helper.so; }; })
libtool: install: /usr/bin/install -c .libs/libpkcs11-helper.lai /pkgs/pkcs11-helper/usr/lib/libpkcs11-helper.la
libtool: install: /usr/bin/install -c .libs/libpkcs11-helper.a /pkgs/pkcs11-helper/usr/lib/libpkcs11-helper.a
libtool: install: chmod 644 /pkgs/pkcs11-helper/usr/lib/libpkcs11-helper.a
libtool: install: ranlib /pkgs/pkcs11-helper/usr/lib/libpkcs11-helper.a
libtool: warning: remember to run 'libtool --finish /usr/lib'
 /usr/bin/mkdir -p '/pkgs/pkcs11-helper/usr/lib/pkgconfig'
 /usr/bin/install -c -m 644 libpkcs11-helper-1.pc '/pkgs/pkcs11-helper/usr/lib/pkgconfig'
make[3]: Leaving directory '/blfs/builds/pkcs11-helper-1.31.0/lib'
make[2]: Leaving directory '/blfs/builds/pkcs11-helper-1.31.0/lib'
make[1]: Leaving directory '/blfs/builds/pkcs11-helper-1.31.0/lib'
Making install in m4dir
make[1]: Entering directory '/blfs/builds/pkcs11-helper-1.31.0/m4dir'
make[2]: Entering directory '/blfs/builds/pkcs11-helper-1.31.0/m4dir'
make[2]: Nothing to be done for 'install-exec-am'.
 /usr/bin/mkdir -p '/pkgs/pkcs11-helper/usr/share/aclocal'
 /usr/bin/install -c -m 644 pkcs11-helper-1.m4 '/pkgs/pkcs11-helper/usr/share/aclocal'
make[2]: Leaving directory '/blfs/builds/pkcs11-helper-1.31.0/m4dir'
make[1]: Leaving directory '/blfs/builds/pkcs11-helper-1.31.0/m4dir'
Making install in doc
make[1]: Entering directory '/blfs/builds/pkcs11-helper-1.31.0/doc'
Making install in api
make[2]: Entering directory '/blfs/builds/pkcs11-helper-1.31.0/doc/api'
make[3]: Entering directory '/blfs/builds/pkcs11-helper-1.31.0/doc/api'
make[3]: Nothing to be done for 'install-exec-am'.
make[3]: Leaving directory '/blfs/builds/pkcs11-helper-1.31.0/doc/api'
make[2]: Leaving directory '/blfs/builds/pkcs11-helper-1.31.0/doc/api'
make[2]: Entering directory '/blfs/builds/pkcs11-helper-1.31.0/doc'
make[3]: Entering directory '/blfs/builds/pkcs11-helper-1.31.0/doc'
make[3]: Nothing to be done for 'install-exec-am'.
make[3]: Nothing to be done for 'install-data-am'.
make[3]: Leaving directory '/blfs/builds/pkcs11-helper-1.31.0/doc'
make[2]: Leaving directory '/blfs/builds/pkcs11-helper-1.31.0/doc'
make[1]: Leaving directory '/blfs/builds/pkcs11-helper-1.31.0/doc'
Making install in distro
make[1]: Entering directory '/blfs/builds/pkcs11-helper-1.31.0/distro'
Making install in rpm
make[2]: Entering directory '/blfs/builds/pkcs11-helper-1.31.0/distro/rpm'
make[3]: Entering directory '/blfs/builds/pkcs11-helper-1.31.0/distro/rpm'
make[3]: Nothing to be done for 'install-exec-am'.
make[3]: Nothing to be done for 'install-data-am'.
make[3]: Leaving directory '/blfs/builds/pkcs11-helper-1.31.0/distro/rpm'
make[2]: Leaving directory '/blfs/builds/pkcs11-helper-1.31.0/distro/rpm'
Making install in debian
make[2]: Entering directory '/blfs/builds/pkcs11-helper-1.31.0/distro/debian'
make  install-am
make[3]: Entering directory '/blfs/builds/pkcs11-helper-1.31.0/distro/debian'
make[4]: Entering directory '/blfs/builds/pkcs11-helper-1.31.0/distro/debian'
make[4]: Nothing to be done for 'install-exec-am'.
make[4]: Nothing to be done for 'install-data-am'.
make[4]: Leaving directory '/blfs/builds/pkcs11-helper-1.31.0/distro/debian'
make[3]: Leaving directory '/blfs/builds/pkcs11-helper-1.31.0/distro/debian'
make[2]: Leaving directory '/blfs/builds/pkcs11-helper-1.31.0/distro/debian'
make[2]: Entering directory '/blfs/builds/pkcs11-helper-1.31.0/distro'
make[3]: Entering directory '/blfs/builds/pkcs11-helper-1.31.0/distro'
make[3]: Nothing to be done for 'install-exec-am'.
make[3]: Nothing to be done for 'install-data-am'.
make[3]: Leaving directory '/blfs/builds/pkcs11-helper-1.31.0/distro'
make[2]: Leaving directory '/blfs/builds/pkcs11-helper-1.31.0/distro'
make[1]: Leaving directory '/blfs/builds/pkcs11-helper-1.31.0/distro'
Making install in tests
make[1]: Entering directory '/blfs/builds/pkcs11-helper-1.31.0/tests'
make[2]: Entering directory '/blfs/builds/pkcs11-helper-1.31.0/tests'
make[3]: Entering directory '/blfs/builds/pkcs11-helper-1.31.0/tests'
make[3]: Nothing to be done for 'install-exec-am'.
make[3]: Nothing to be done for 'install-data-am'.
make[3]: Leaving directory '/blfs/builds/pkcs11-helper-1.31.0/tests'
make[2]: Leaving directory '/blfs/builds/pkcs11-helper-1.31.0/tests'
make[1]: Leaving directory '/blfs/builds/pkcs11-helper-1.31.0/tests'
make[1]: Entering directory '/blfs/builds/pkcs11-helper-1.31.0'
make[2]: Entering directory '/blfs/builds/pkcs11-helper-1.31.0'
make[2]: Nothing to be done for 'install-exec-am'.
 /usr/bin/mkdir -p '/pkgs/pkcs11-helper/usr/share/doc/pkcs11-helper'
 /usr/bin/install -c -m 644 README COPYING.GPL COPYING.BSD COPYING '/pkgs/pkcs11-helper/usr/share/doc/pkcs11-helper'
make[2]: Leaving directory '/blfs/builds/pkcs11-helper-1.31.0'
make[1]: Leaving directory '/blfs/builds/pkcs11-helper-1.31.0'
Making install in man
make[1]: Entering directory '/blfs/builds/pkcs11-helper-1.31.0/man'
make[2]: Entering directory '/blfs/builds/pkcs11-helper-1.31.0/man'
make[2]: Nothing to be done for 'install-exec-am'.
 /usr/bin/mkdir -p '/usr/share/man/man8'
 /usr/bin/install -c -m 644 pkcs11-helper-1.8 '/usr/share/man/man8'
make[2]: Leaving directory '/blfs/builds/pkcs11-helper-1.31.0/man'
make[1]: Leaving directory '/blfs/builds/pkcs11-helper-1.31.0/man'
Making install in include
make[1]: Entering directory '/blfs/builds/pkcs11-helper-1.31.0/include'
Making install in pkcs11-helper-1.0
make[2]: Entering directory '/blfs/builds/pkcs11-helper-1.31.0/include/pkcs11-helper-1.0'
make[3]: Entering directory '/blfs/builds/pkcs11-helper-1.31.0/include/pkcs11-helper-1.0'
make[3]: Nothing to be done for 'install-exec-am'.
 /usr/bin/mkdir -p '/usr/include/pkcs11-helper-1.0'
 /usr/bin/install -c -m 644 pkcs11.h pkcs11h-def.h pkcs11h-engines.h pkcs11h-core.h pkcs11h-version.h pkcs11h-certificate.h pkcs11h-data.h pkcs11h-openssl.h pkcs11h-token.h '/usr/include/pkcs11-helper-1.0'
make[3]: Leaving directory '/blfs/builds/pkcs11-helper-1.31.0/include/pkcs11-helper-1.0'
make[2]: Leaving directory '/blfs/builds/pkcs11-helper-1.31.0/include/pkcs11-helper-1.0'
make[2]: Entering directory '/blfs/builds/pkcs11-helper-1.31.0/include'
make[3]: Entering directory '/blfs/builds/pkcs11-helper-1.31.0/include'
make[3]: Nothing to be done for 'install-exec-am'.
make[3]: Nothing to be done for 'install-data-am'.
make[3]: Leaving directory '/blfs/builds/pkcs11-helper-1.31.0/include'
make[2]: Leaving directory '/blfs/builds/pkcs11-helper-1.31.0/include'
make[1]: Leaving directory '/blfs/builds/pkcs11-helper-1.31.0/include'
Making install in lib
make[1]: Entering directory '/blfs/builds/pkcs11-helper-1.31.0/lib'
make  install-am
make[2]: Entering directory '/blfs/builds/pkcs11-helper-1.31.0/lib'
make[3]: Entering directory '/blfs/builds/pkcs11-helper-1.31.0/lib'
 /usr/bin/mkdir -p '/usr/lib'
 /bin/sh ../libtool   --mode=install /usr/bin/install -c   libpkcs11-helper.la '/usr/lib'
libtool: install: /usr/bin/install -c .libs/libpkcs11-helper.so.1.0.0 /usr/lib/libpkcs11-helper.so.1.0.0
libtool: install: (cd /usr/lib && { ln -s -f libpkcs11-helper.so.1.0.0 libpkcs11-helper.so.1 || { rm -f libpkcs11-helper.so.1 && ln -s libpkcs11-helper.so.1.0.0 libpkcs11-helper.so.1; }; })
libtool: install: (cd /usr/lib && { ln -s -f libpkcs11-helper.so.1.0.0 libpkcs11-helper.so || { rm -f libpkcs11-helper.so && ln -s libpkcs11-helper.so.1.0.0 libpkcs11-helper.so; }; })
libtool: install: /usr/bin/install -c .libs/libpkcs11-helper.lai /usr/lib/libpkcs11-helper.la
libtool: install: /usr/bin/install -c .libs/libpkcs11-helper.a /usr/lib/libpkcs11-helper.a
libtool: install: chmod 644 /usr/lib/libpkcs11-helper.a
libtool: install: ranlib /usr/lib/libpkcs11-helper.a
libtool: finish: PATH="/usr/sbin:/usr/bin:/sbin" ldconfig -n /usr/lib
----------------------------------------------------------------------
Libraries have been installed in:
   /usr/lib

If you ever happen to want to link against installed libraries
in a given directory, LIBDIR, you must either use libtool, and
specify the full pathname of the library, or use the '-LLIBDIR'
flag during linking and do at least one of the following:
   - add LIBDIR to the 'LD_LIBRARY_PATH' environment variable
     during execution
   - add LIBDIR to the 'LD_RUN_PATH' environment variable
     during linking
   - use the '-Wl,-rpath -Wl,LIBDIR' linker flag
   - have your system administrator add LIBDIR to '/etc/ld.so.conf'

See any operating system documentation about shared libraries for
more information, such as the ld(1) and ld.so(8) manual pages.
----------------------------------------------------------------------
 /usr/bin/mkdir -p '/usr/lib/pkgconfig'
 /usr/bin/install -c -m 644 libpkcs11-helper-1.pc '/usr/lib/pkgconfig'
make[3]: Leaving directory '/blfs/builds/pkcs11-helper-1.31.0/lib'
make[2]: Leaving directory '/blfs/builds/pkcs11-helper-1.31.0/lib'
make[1]: Leaving directory '/blfs/builds/pkcs11-helper-1.31.0/lib'
Making install in m4dir
make[1]: Entering directory '/blfs/builds/pkcs11-helper-1.31.0/m4dir'
make[2]: Entering directory '/blfs/builds/pkcs11-helper-1.31.0/m4dir'
make[2]: Nothing to be done for 'install-exec-am'.
 /usr/bin/mkdir -p '/usr/share/aclocal'
 /usr/bin/install -c -m 644 pkcs11-helper-1.m4 '/usr/share/aclocal'
make[2]: Leaving directory '/blfs/builds/pkcs11-helper-1.31.0/m4dir'
make[1]: Leaving directory '/blfs/builds/pkcs11-helper-1.31.0/m4dir'
Making install in doc
make[1]: Entering directory '/blfs/builds/pkcs11-helper-1.31.0/doc'
Making install in api
make[2]: Entering directory '/blfs/builds/pkcs11-helper-1.31.0/doc/api'
make[3]: Entering directory '/blfs/builds/pkcs11-helper-1.31.0/doc/api'
make[3]: Nothing to be done for 'install-exec-am'.
make[3]: Leaving directory '/blfs/builds/pkcs11-helper-1.31.0/doc/api'
make[2]: Leaving directory '/blfs/builds/pkcs11-helper-1.31.0/doc/api'
make[2]: Entering directory '/blfs/builds/pkcs11-helper-1.31.0/doc'
make[3]: Entering directory '/blfs/builds/pkcs11-helper-1.31.0/doc'
make[3]: Nothing to be done for 'install-exec-am'.
make[3]: Nothing to be done for 'install-data-am'.
make[3]: Leaving directory '/blfs/builds/pkcs11-helper-1.31.0/doc'
make[2]: Leaving directory '/blfs/builds/pkcs11-helper-1.31.0/doc'
make[1]: Leaving directory '/blfs/builds/pkcs11-helper-1.31.0/doc'
Making install in distro
make[1]: Entering directory '/blfs/builds/pkcs11-helper-1.31.0/distro'
Making install in rpm
make[2]: Entering directory '/blfs/builds/pkcs11-helper-1.31.0/distro/rpm'
make[3]: Entering directory '/blfs/builds/pkcs11-helper-1.31.0/distro/rpm'
make[3]: Nothing to be done for 'install-exec-am'.
make[3]: Nothing to be done for 'install-data-am'.
make[3]: Leaving directory '/blfs/builds/pkcs11-helper-1.31.0/distro/rpm'
make[2]: Leaving directory '/blfs/builds/pkcs11-helper-1.31.0/distro/rpm'
Making install in debian
make[2]: Entering directory '/blfs/builds/pkcs11-helper-1.31.0/distro/debian'
make  install-am
make[3]: Entering directory '/blfs/builds/pkcs11-helper-1.31.0/distro/debian'
make[4]: Entering directory '/blfs/builds/pkcs11-helper-1.31.0/distro/debian'
make[4]: Nothing to be done for 'install-exec-am'.
make[4]: Nothing to be done for 'install-data-am'.
make[4]: Leaving directory '/blfs/builds/pkcs11-helper-1.31.0/distro/debian'
make[3]: Leaving directory '/blfs/builds/pkcs11-helper-1.31.0/distro/debian'
make[2]: Leaving directory '/blfs/builds/pkcs11-helper-1.31.0/distro/debian'
make[2]: Entering directory '/blfs/builds/pkcs11-helper-1.31.0/distro'
make[3]: Entering directory '/blfs/builds/pkcs11-helper-1.31.0/distro'
make[3]: Nothing to be done for 'install-exec-am'.
make[3]: Nothing to be done for 'install-data-am'.
make[3]: Leaving directory '/blfs/builds/pkcs11-helper-1.31.0/distro'
make[2]: Leaving directory '/blfs/builds/pkcs11-helper-1.31.0/distro'
make[1]: Leaving directory '/blfs/builds/pkcs11-helper-1.31.0/distro'
Making install in tests
make[1]: Entering directory '/blfs/builds/pkcs11-helper-1.31.0/tests'
make[2]: Entering directory '/blfs/builds/pkcs11-helper-1.31.0/tests'
make[3]: Entering directory '/blfs/builds/pkcs11-helper-1.31.0/tests'
make[3]: Nothing to be done for 'install-exec-am'.
make[3]: Nothing to be done for 'install-data-am'.
make[3]: Leaving directory '/blfs/builds/pkcs11-helper-1.31.0/tests'
make[2]: Leaving directory '/blfs/builds/pkcs11-helper-1.31.0/tests'
make[1]: Leaving directory '/blfs/builds/pkcs11-helper-1.31.0/tests'
make[1]: Entering directory '/blfs/builds/pkcs11-helper-1.31.0'
make[2]: Entering directory '/blfs/builds/pkcs11-helper-1.31.0'
make[2]: Nothing to be done for 'install-exec-am'.
 /usr/bin/mkdir -p '/usr/share/doc/pkcs11-helper'
 /usr/bin/install -c -m 644 README COPYING.GPL COPYING.BSD COPYING '/usr/share/doc/pkcs11-helper'
make[2]: Leaving directory '/blfs/builds/pkcs11-helper-1.31.0'
make[1]: Leaving directory '/blfs/builds/pkcs11-helper-1.31.0'
pkcs11-helper/
pkcs11-helper/usr/
pkcs11-helper/usr/include/
pkcs11-helper/usr/include/pkcs11-helper-1.0/
pkcs11-helper/usr/include/pkcs11-helper-1.0/pkcs11h-def.h
pkcs11-helper/usr/include/pkcs11-helper-1.0/pkcs11h-engines.h
pkcs11-helper/usr/include/pkcs11-helper-1.0/pkcs11h-data.h
pkcs11-helper/usr/include/pkcs11-helper-1.0/pkcs11h-certificate.h
pkcs11-helper/usr/include/pkcs11-helper-1.0/pkcs11h-openssl.h
pkcs11-helper/usr/include/pkcs11-helper-1.0/pkcs11.h
pkcs11-helper/usr/include/pkcs11-helper-1.0/pkcs11h-token.h
pkcs11-helper/usr/include/pkcs11-helper-1.0/pkcs11h-version.h
pkcs11-helper/usr/include/pkcs11-helper-1.0/pkcs11h-core.h
pkcs11-helper/usr/share/
pkcs11-helper/usr/share/doc/
pkcs11-helper/usr/share/doc/pkcs11-helper/
pkcs11-helper/usr/share/doc/pkcs11-helper/COPYING.BSD
pkcs11-helper/usr/share/doc/pkcs11-helper/README
pkcs11-helper/usr/share/doc/pkcs11-helper/COPYING
pkcs11-helper/usr/share/doc/pkcs11-helper/COPYING.GPL
pkcs11-helper/usr/share/aclocal/
pkcs11-helper/usr/share/aclocal/pkcs11-helper-1.m4
pkcs11-helper/usr/share/man/
pkcs11-helper/usr/share/man/man8/
pkcs11-helper/usr/share/man/man8/pkcs11-helper-1.8
pkcs11-helper/usr/lib/
pkcs11-helper/usr/lib/libpkcs11-helper.so
pkcs11-helper/usr/lib/libpkcs11-helper.la
pkcs11-helper/usr/lib/libpkcs11-helper.so.1
pkcs11-helper/usr/lib/pkgconfig/
pkcs11-helper/usr/lib/pkgconfig/libpkcs11-helper-1.pc
pkcs11-helper/usr/lib/libpkcs11-helper.so.1.0.0
pkcs11-helper/usr/lib/libpkcs11-helper.a
pkcs11-helper/version
pkcs11-helper/depends
pkcs11-helper/make-depends
