--2025-11-13 12:09:53--  https://github.com/pyparsing/pyparsing/releases/download/3.2.5/pyparsing-3.2.5.tar.gz
Resolving github.com (github.com)... 140.82.114.4
Connecting to github.com (github.com)|140.82.114.4|:443... connected.
HTTP request sent, awaiting response... 302 Found
Location: https://release-assets.githubusercontent.com/github-production-release-asset/91262163/1567cc73-720f-4bb5-b843-565ec8f620ab?sp=r&sv=2018-11-09&sr=b&spr=https&se=2025-11-13T13%3A08%3A42Z&rscd=attachment%3B+filename%3Dpyparsing-3.2.5.tar.gz&rsct=application%2Foctet-stream&skoid=96c2d410-5711-43a1-aedd-ab1947aa7ab0&sktid=398a6654-997b-47e9-b12b-9515b896b4de&skt=2025-11-13T12%3A08%3A03Z&ske=2025-11-13T13%3A08%3A42Z&sks=b&skv=2018-11-09&sig=ybFh9s8VnNOr%2BH%2BMiRBuVtWC9ZKCjHr4giKbHSGpHpI%3D&jwt=eyJ0eXAiOiJKV1QiLCJhbGciOiJIUzI1NiJ9.eyJpc3MiOiJnaXRodWIuY29tIiwiYXVkIjoicmVsZWFzZS1hc3NldHMuZ2l0aHVidXNlcmNvbnRlbnQuY29tIiwia2V5Ijoia2V5MSIsImV4cCI6MTc2MzAzNjA5MywibmJmIjoxNzYzMDM1NzkzLCJwYXRoIjoicmVsZWFzZWFzc2V0cHJvZHVjdGlvbi5ibG9iLmNvcmUud2luZG93cy5uZXQifQ.mjlPtoa5nTRAPAZCiDH-r5TA_lY7nef3YG0YGO-alog&response-content-disposition=attachment%3B%20filename%3Dpyparsing-3.2.5.tar.gz&response-content-type=application%2Foctet-stream [following]
--2025-11-13 12:09:53--  https://release-assets.githubusercontent.com/github-production-release-asset/91262163/1567cc73-720f-4bb5-b843-565ec8f620ab?sp=r&sv=2018-11-09&sr=b&spr=https&se=2025-11-13T13%3A08%3A42Z&rscd=attachment%3B+filename%3Dpyparsing-3.2.5.tar.gz&rsct=application%2Foctet-stream&skoid=96c2d410-5711-43a1-aedd-ab1947aa7ab0&sktid=398a6654-997b-47e9-b12b-9515b896b4de&skt=2025-11-13T12%3A08%3A03Z&ske=2025-11-13T13%3A08%3A42Z&sks=b&skv=2018-11-09&sig=ybFh9s8VnNOr%2BH%2BMiRBuVtWC9ZKCjHr4giKbHSGpHpI%3D&jwt=eyJ0eXAiOiJKV1QiLCJhbGciOiJIUzI1NiJ9.eyJpc3MiOiJnaXRodWIuY29tIiwiYXVkIjoicmVsZWFzZS1hc3NldHMuZ2l0aHVidXNlcmNvbnRlbnQuY29tIiwia2V5Ijoia2V5MSIsImV4cCI6MTc2MzAzNjA5MywibmJmIjoxNzYzMDM1NzkzLCJwYXRoIjoicmVsZWFzZWFzc2V0cHJvZHVjdGlvbi5ibG9iLmNvcmUud2luZG93cy5uZXQifQ.mjlPtoa5nTRAPAZCiDH-r5TA_lY7nef3YG0YGO-alog&response-content-disposition=attachment%3B%20filename%3Dpyparsing-3.2.5.tar.gz&response-content-type=application%2Foctet-stream
Resolving release-assets.githubusercontent.com (release-assets.githubusercontent.com)... 185.199.111.133, 185.199.110.133, 185.199.109.133, ...
Connecting to release-assets.githubusercontent.com (release-assets.githubusercontent.com)|185.199.111.133|:443... connected.
HTTP request sent, awaiting response... 200 OK
Length: 1099274 (1.0M) [application/octet-stream]
Saving to: ‘pyparsing-3.2.5.tar.gz’

     0K .......... .......... .......... .......... ..........  4% 7.76M 0s
    50K .......... .......... .......... .......... ..........  9% 14.3M 0s
   100K .......... .......... .......... .......... .......... 13% 36.3M 0s
   150K .......... .......... .......... .......... .......... 18% 17.4M 0s
   200K .......... .......... .......... .......... .......... 23% 13.8M 0s
   250K .......... .......... .......... .......... .......... 27% 86.6M 0s
   300K .......... .......... .......... .......... .......... 32% 89.6M 0s
   350K .......... .......... .......... .......... .......... 37% 15.3M 0s
   400K .......... .......... .......... .......... .......... 41% 90.8M 0s
   450K .......... .......... .......... .......... .......... 46% 15.6M 0s
   500K .......... .......... .......... .......... .......... 51% 85.8M 0s
   550K .......... .......... .......... .......... .......... 55%  165M 0s
   600K .......... .......... .......... .......... .......... 60% 93.9M 0s
   650K .......... .......... .......... .......... .......... 65%  113M 0s
   700K .......... .......... .......... .......... .......... 69% 21.8M 0s
   750K .......... .......... .......... .......... .......... 74% 74.2M 0s
   800K .......... .......... .......... .......... .......... 79%  126M 0s
   850K .......... .......... .......... .......... .......... 83% 14.4M 0s
   900K .......... .......... .......... .......... .......... 88%  120M 0s
   950K .......... .......... .......... .......... .......... 93%  112M 0s
  1000K .......... .......... .......... .......... .......... 97% 99.5M 0s
  1050K .......... .......... ...                             100%  153M=0.04s

2025-11-13 12:09:53 (29.7 MB/s) - ‘pyparsing-3.2.5.tar.gz’ saved [1099274/1099274]

pyparsing-3.2.5/.coveragerc
pyparsing-3.2.5/.gitignore
pyparsing-3.2.5/.pre-commit-config.yaml
pyparsing-3.2.5/BUILDING.md
pyparsing-3.2.5/CHANGES
pyparsing-3.2.5/CODE_OF_CONDUCT.rst
pyparsing-3.2.5/CONTRIBUTING.md
pyparsing-3.2.5/LICENSE
pyparsing-3.2.5/README.rst
pyparsing-3.2.5/docs/CODE_OF_CONDUCT.rst
pyparsing-3.2.5/docs/CONTRIBUTING.md
pyparsing-3.2.5/docs/HowToUsePyparsing.rst
pyparsing-3.2.5/docs/Makefile
pyparsing-3.2.5/docs/Writing_Doctests.rst
pyparsing-3.2.5/docs/_static/pyparsing.css
pyparsing-3.2.5/docs/_static/pyparsingClassDiagram_1.5.2.jpg
pyparsing-3.2.5/docs/_static/pyparsingClassDiagram_3.0.9.jpg
pyparsing-3.2.5/docs/_static/sql_railroad.html
pyparsing-3.2.5/docs/conf.py
pyparsing-3.2.5/docs/index.rst
pyparsing-3.2.5/docs/make_sphinx_docs.bat
pyparsing-3.2.5/docs/pyparsing.rst
pyparsing-3.2.5/docs/pyparsing_class_diagram.puml
pyparsing-3.2.5/docs/requirements.txt
pyparsing-3.2.5/docs/whats_new_in_3_0_0.rst
pyparsing-3.2.5/docs/whats_new_in_3_1.rst
pyparsing-3.2.5/docs/whats_new_in_3_2.rst
pyparsing-3.2.5/docs/whats_new_in_x_x_template.rst.txt
pyparsing-3.2.5/examples/AcManForm.dfm
pyparsing-3.2.5/examples/LAparser.py
pyparsing-3.2.5/examples/README.md
pyparsing-3.2.5/examples/Setup.ini
pyparsing-3.2.5/examples/SimpleCalc.py
pyparsing-3.2.5/examples/SingleForm.dfm
pyparsing-3.2.5/examples/TAP.py
pyparsing-3.2.5/examples/TAP_diagram.html
pyparsing-3.2.5/examples/__init__.py
pyparsing-3.2.5/examples/adventureEngine.py
pyparsing-3.2.5/examples/adventure_game_parser_diagram.html
pyparsing-3.2.5/examples/antlr_grammar.py
pyparsing-3.2.5/examples/antlr_grammar_diagram.html
pyparsing-3.2.5/examples/antlr_grammar_tests.py
pyparsing-3.2.5/examples/apicheck.py
pyparsing-3.2.5/examples/apicheck_diagram.html
pyparsing-3.2.5/examples/bf.py
pyparsing-3.2.5/examples/bf_diagram.html
pyparsing-3.2.5/examples/bigquery_view_parser.py
pyparsing-3.2.5/examples/booleansearchparser.py
pyparsing-3.2.5/examples/btpyparse.py
pyparsing-3.2.5/examples/builtin_parse_action_demo.py
pyparsing-3.2.5/examples/cLibHeader.py
pyparsing-3.2.5/examples/chemical_formulas.html
pyparsing-3.2.5/examples/chemical_formulas.py
pyparsing-3.2.5/examples/commasep.py
pyparsing-3.2.5/examples/complex_chemical_formulas.py
pyparsing-3.2.5/examples/complex_chemical_formulas_diagram.html
pyparsing-3.2.5/examples/configParse.py
pyparsing-3.2.5/examples/cpp_enum_parser.py
pyparsing-3.2.5/examples/cuneiform_python.py
pyparsing-3.2.5/examples/datetime_parse_actions.py
pyparsing-3.2.5/examples/decaf_parser.py
pyparsing-3.2.5/examples/decaf_parser_diagram.html
pyparsing-3.2.5/examples/delta_time.py
pyparsing-3.2.5/examples/delta_time_diagram.html
pyparsing-3.2.5/examples/dfmparse.py
pyparsing-3.2.5/examples/dhcpd_leases_parser.py
pyparsing-3.2.5/examples/dictExample.py
pyparsing-3.2.5/examples/dictExample2.py
pyparsing-3.2.5/examples/directx_x_file_parser.html
pyparsing-3.2.5/examples/directx_x_file_parser.py
pyparsing-3.2.5/examples/ebnf.py
pyparsing-3.2.5/examples/ebnf_diagram.html
pyparsing-3.2.5/examples/ebnf_number_parser_diagram.html
pyparsing-3.2.5/examples/ebnf_number_words.py
pyparsing-3.2.5/examples/ebnftest.py
pyparsing-3.2.5/examples/email_address_parser.py
pyparsing-3.2.5/examples/eval_arith.py
pyparsing-3.2.5/examples/excel_expr.py
pyparsing-3.2.5/examples/fourFn.py
pyparsing-3.2.5/examples/gen_ctypes.py
pyparsing-3.2.5/examples/getNTPserversNew.py
pyparsing-3.2.5/examples/greeting.py
pyparsing-3.2.5/examples/greetingInGreek.py
pyparsing-3.2.5/examples/greetingInKorean.py
pyparsing-3.2.5/examples/groupUsingListAllMatches.py
pyparsing-3.2.5/examples/hola_mundo.py
pyparsing-3.2.5/examples/html_stripper.py
pyparsing-3.2.5/examples/html_table_parser.py
pyparsing-3.2.5/examples/httpServerLogParser.py
pyparsing-3.2.5/examples/idlParse.py
pyparsing-3.2.5/examples/include_preprocessor.py
pyparsing-3.2.5/examples/indentedGrammarExample.py
pyparsing-3.2.5/examples/indented_block_example.py
pyparsing-3.2.5/examples/infix_math_parser.py
pyparsing-3.2.5/examples/inv_regex.py
pyparsing-3.2.5/examples/javascript_grammar.g
pyparsing-3.2.5/examples/jsonParser.py
pyparsing-3.2.5/examples/left_recursion.py
pyparsing-3.2.5/examples/lineno_example.py
pyparsing-3.2.5/examples/listAllMatches.py
pyparsing-3.2.5/examples/lox_parser.py
pyparsing-3.2.5/examples/lox_parser_diagram.html
pyparsing-3.2.5/examples/lua_parser.py
pyparsing-3.2.5/examples/lua_parser_diagram.html
pyparsing-3.2.5/examples/lucene_grammar.py
pyparsing-3.2.5/examples/lucene_grammar_diagram.html
pyparsing-3.2.5/examples/macro_expander.py
pyparsing-3.2.5/examples/make_diagram.py
pyparsing-3.2.5/examples/matchPreviousDemo.py
pyparsing-3.2.5/examples/mongodb_query_expression.html
pyparsing-3.2.5/examples/mongodb_query_expression.py
pyparsing-3.2.5/examples/mongodb_query_expression_step_0.py
pyparsing-3.2.5/examples/mozilla.ics
pyparsing-3.2.5/examples/mozillaCalendarParser.py
pyparsing-3.2.5/examples/nested.py
pyparsing-3.2.5/examples/nested_markup.py
pyparsing-3.2.5/examples/number_words.py
pyparsing-3.2.5/examples/number_words_diagram.html
pyparsing-3.2.5/examples/numerics.py
pyparsing-3.2.5/examples/oc.py
pyparsing-3.2.5/examples/one_to_ninety_nine.py
pyparsing-3.2.5/examples/parseTabularData.py
pyparsing-3.2.5/examples/parse_python_value.html
pyparsing-3.2.5/examples/parse_python_value.py
pyparsing-3.2.5/examples/parse_results_sum_example.py
pyparsing-3.2.5/examples/partial_gene_match.py
pyparsing-3.2.5/examples/pgn.py
pyparsing-3.2.5/examples/position.py
pyparsing-3.2.5/examples/protobuf_parser.py
pyparsing-3.2.5/examples/pythonGrammarParser.py
pyparsing-3.2.5/examples/railroad_diagram_demo.py
pyparsing-3.2.5/examples/range_check.py
pyparsing-3.2.5/examples/readJson.py
pyparsing-3.2.5/examples/removeLineBreaks.py
pyparsing-3.2.5/examples/roman_numerals.py
pyparsing-3.2.5/examples/roman_numerals_diagram.html
pyparsing-3.2.5/examples/rosettacode.py
pyparsing-3.2.5/examples/rosettacode_diagram.html
pyparsing-3.2.5/examples/scanExamples.py
pyparsing-3.2.5/examples/searchParserAppDemo.py
pyparsing-3.2.5/examples/searchparser.py
pyparsing-3.2.5/examples/select_parser.py
pyparsing-3.2.5/examples/sexpParser.py
pyparsing-3.2.5/examples/shapes.py
pyparsing-3.2.5/examples/simpleArith.py
pyparsing-3.2.5/examples/simpleBool.py
pyparsing-3.2.5/examples/simpleSQL.py
pyparsing-3.2.5/examples/simpleWiki.py
pyparsing-3.2.5/examples/snmp_api.h
pyparsing-3.2.5/examples/sql2dot.py
pyparsing-3.2.5/examples/stackish.py
pyparsing-3.2.5/examples/statemachine/documentSignoffDemo.py
pyparsing-3.2.5/examples/statemachine/documentsignoffstate.pystate
pyparsing-3.2.5/examples/statemachine/libraryBookDemo.py
pyparsing-3.2.5/examples/statemachine/librarybookstate.pystate
pyparsing-3.2.5/examples/statemachine/statemachine.py
pyparsing-3.2.5/examples/statemachine/trafficLightDemo.py
pyparsing-3.2.5/examples/statemachine/trafficlightstate.pystate
pyparsing-3.2.5/examples/statemachine/vending_machine.py
pyparsing-3.2.5/examples/statemachine/video_demo.py
pyparsing-3.2.5/examples/statemachine/videostate.pystate
pyparsing-3.2.5/examples/tag_emitter.py
pyparsing-3.2.5/examples/tag_metadata.py
pyparsing-3.2.5/examples/tag_metadata_diagram.html
pyparsing-3.2.5/examples/test_bibparse.py
pyparsing-3.2.5/examples/unicode_denormalizer.py
pyparsing-3.2.5/examples/urlExtractor.py
pyparsing-3.2.5/examples/urlExtractorNew.py
pyparsing-3.2.5/examples/verilog_parse.py
pyparsing-3.2.5/examples/withAttribute.py
pyparsing-3.2.5/examples/wordsToNum.py
pyparsing-3.2.5/pyparsing/__init__.py
pyparsing-3.2.5/pyparsing/actions.py
pyparsing-3.2.5/pyparsing/common.py
pyparsing-3.2.5/pyparsing/core.py
pyparsing-3.2.5/pyparsing/diagram/__init__.py
pyparsing-3.2.5/pyparsing/exceptions.py
pyparsing-3.2.5/pyparsing/helpers.py
pyparsing-3.2.5/pyparsing/py.typed
pyparsing-3.2.5/pyparsing/results.py
pyparsing-3.2.5/pyparsing/testing.py
pyparsing-3.2.5/pyparsing/tools/__init__.py
pyparsing-3.2.5/pyparsing/tools/cvt_pyparsing_pep8_names.py
pyparsing-3.2.5/pyparsing/unicode.py
pyparsing-3.2.5/pyparsing/util.py
pyparsing-3.2.5/pyproject.toml
pyparsing-3.2.5/readthedocs.yaml
pyparsing-3.2.5/tests/README.md
pyparsing-3.2.5/tests/__init__.py
pyparsing-3.2.5/tests/diag_embed.html
pyparsing-3.2.5/tests/diag_no_embed.html
pyparsing-3.2.5/tests/json_parser_tests.py
pyparsing-3.2.5/tests/karthik.ini
pyparsing-3.2.5/tests/mypy-ignore-cases/forward_methods.py
pyparsing-3.2.5/tests/parsefiletest_input_file.txt
pyparsing-3.2.5/tests/requirements.txt
pyparsing-3.2.5/tests/test_diagram.py
pyparsing-3.2.5/tests/test_examples.py
pyparsing-3.2.5/tests/test_matplotlib_cases.py
pyparsing-3.2.5/tests/test_pep8_converter.py
pyparsing-3.2.5/tests/test_simple_unit.py
pyparsing-3.2.5/tests/test_unit.py
pyparsing-3.2.5/tests/test_util.py
pyparsing-3.2.5/tox.ini
pyparsing-3.2.5/PKG-INFO
* Getting build dependencies for wheel...
* Building wheel...
Successfully built pyparsing-3.2.5-py3-none-any.whl
'/pkgs/pyparsing/usr/lib/python3.14/site-packages/pyparsing/__init__.py' -> '/usr/lib/python3.14/site-packages/pyparsing/__init__.py'
'/pkgs/pyparsing/usr/lib/python3.14/site-packages/pyparsing/actions.py' -> '/usr/lib/python3.14/site-packages/pyparsing/actions.py'
'/pkgs/pyparsing/usr/lib/python3.14/site-packages/pyparsing/common.py' -> '/usr/lib/python3.14/site-packages/pyparsing/common.py'
'/pkgs/pyparsing/usr/lib/python3.14/site-packages/pyparsing/core.py' -> '/usr/lib/python3.14/site-packages/pyparsing/core.py'
'/pkgs/pyparsing/usr/lib/python3.14/site-packages/pyparsing/exceptions.py' -> '/usr/lib/python3.14/site-packages/pyparsing/exceptions.py'
'/pkgs/pyparsing/usr/lib/python3.14/site-packages/pyparsing/helpers.py' -> '/usr/lib/python3.14/site-packages/pyparsing/helpers.py'
'/pkgs/pyparsing/usr/lib/python3.14/site-packages/pyparsing/py.typed' -> '/usr/lib/python3.14/site-packages/pyparsing/py.typed'
'/pkgs/pyparsing/usr/lib/python3.14/site-packages/pyparsing/results.py' -> '/usr/lib/python3.14/site-packages/pyparsing/results.py'
'/pkgs/pyparsing/usr/lib/python3.14/site-packages/pyparsing/testing.py' -> '/usr/lib/python3.14/site-packages/pyparsing/testing.py'
'/pkgs/pyparsing/usr/lib/python3.14/site-packages/pyparsing/unicode.py' -> '/usr/lib/python3.14/site-packages/pyparsing/unicode.py'
'/pkgs/pyparsing/usr/lib/python3.14/site-packages/pyparsing/util.py' -> '/usr/lib/python3.14/site-packages/pyparsing/util.py'
'/pkgs/pyparsing/usr/lib/python3.14/site-packages/pyparsing/diagram/__init__.py' -> '/usr/lib/python3.14/site-packages/pyparsing/diagram/__init__.py'
'/pkgs/pyparsing/usr/lib/python3.14/site-packages/pyparsing/diagram/__pycache__/__init__.cpython-314.pyc' -> '/usr/lib/python3.14/site-packages/pyparsing/diagram/__pycache__/__init__.cpython-314.pyc'
'/pkgs/pyparsing/usr/lib/python3.14/site-packages/pyparsing/diagram/__pycache__/__init__.cpython-314.opt-1.pyc' -> '/usr/lib/python3.14/site-packages/pyparsing/diagram/__pycache__/__init__.cpython-314.opt-1.pyc'
'/pkgs/pyparsing/usr/lib/python3.14/site-packages/pyparsing/tools/__init__.py' -> '/usr/lib/python3.14/site-packages/pyparsing/tools/__init__.py'
'/pkgs/pyparsing/usr/lib/python3.14/site-packages/pyparsing/tools/cvt_pyparsing_pep8_names.py' -> '/usr/lib/python3.14/site-packages/pyparsing/tools/cvt_pyparsing_pep8_names.py'
'/pkgs/pyparsing/usr/lib/python3.14/site-packages/pyparsing/tools/__pycache__/__init__.cpython-314.pyc' -> '/usr/lib/python3.14/site-packages/pyparsing/tools/__pycache__/__init__.cpython-314.pyc'
'/pkgs/pyparsing/usr/lib/python3.14/site-packages/pyparsing/tools/__pycache__/__init__.cpython-314.opt-1.pyc' -> '/usr/lib/python3.14/site-packages/pyparsing/tools/__pycache__/__init__.cpython-314.opt-1.pyc'
'/pkgs/pyparsing/usr/lib/python3.14/site-packages/pyparsing/tools/__pycache__/cvt_pyparsing_pep8_names.cpython-314.pyc' -> '/usr/lib/python3.14/site-packages/pyparsing/tools/__pycache__/cvt_pyparsing_pep8_names.cpython-314.pyc'
'/pkgs/pyparsing/usr/lib/python3.14/site-packages/pyparsing/tools/__pycache__/cvt_pyparsing_pep8_names.cpython-314.opt-1.pyc' -> '/usr/lib/python3.14/site-packages/pyparsing/tools/__pycache__/cvt_pyparsing_pep8_names.cpython-314.opt-1.pyc'
'/pkgs/pyparsing/usr/lib/python3.14/site-packages/pyparsing/__pycache__/__init__.cpython-314.pyc' -> '/usr/lib/python3.14/site-packages/pyparsing/__pycache__/__init__.cpython-314.pyc'
'/pkgs/pyparsing/usr/lib/python3.14/site-packages/pyparsing/__pycache__/__init__.cpython-314.opt-1.pyc' -> '/usr/lib/python3.14/site-packages/pyparsing/__pycache__/__init__.cpython-314.opt-1.pyc'
'/pkgs/pyparsing/usr/lib/python3.14/site-packages/pyparsing/__pycache__/actions.cpython-314.pyc' -> '/usr/lib/python3.14/site-packages/pyparsing/__pycache__/actions.cpython-314.pyc'
'/pkgs/pyparsing/usr/lib/python3.14/site-packages/pyparsing/__pycache__/actions.cpython-314.opt-1.pyc' -> '/usr/lib/python3.14/site-packages/pyparsing/__pycache__/actions.cpython-314.opt-1.pyc'
'/pkgs/pyparsing/usr/lib/python3.14/site-packages/pyparsing/__pycache__/common.cpython-314.pyc' -> '/usr/lib/python3.14/site-packages/pyparsing/__pycache__/common.cpython-314.pyc'
'/pkgs/pyparsing/usr/lib/python3.14/site-packages/pyparsing/__pycache__/common.cpython-314.opt-1.pyc' -> '/usr/lib/python3.14/site-packages/pyparsing/__pycache__/common.cpython-314.opt-1.pyc'
'/pkgs/pyparsing/usr/lib/python3.14/site-packages/pyparsing/__pycache__/core.cpython-314.pyc' -> '/usr/lib/python3.14/site-packages/pyparsing/__pycache__/core.cpython-314.pyc'
'/pkgs/pyparsing/usr/lib/python3.14/site-packages/pyparsing/__pycache__/core.cpython-314.opt-1.pyc' -> '/usr/lib/python3.14/site-packages/pyparsing/__pycache__/core.cpython-314.opt-1.pyc'
'/pkgs/pyparsing/usr/lib/python3.14/site-packages/pyparsing/__pycache__/exceptions.cpython-314.pyc' -> '/usr/lib/python3.14/site-packages/pyparsing/__pycache__/exceptions.cpython-314.pyc'
'/pkgs/pyparsing/usr/lib/python3.14/site-packages/pyparsing/__pycache__/exceptions.cpython-314.opt-1.pyc' -> '/usr/lib/python3.14/site-packages/pyparsing/__pycache__/exceptions.cpython-314.opt-1.pyc'
'/pkgs/pyparsing/usr/lib/python3.14/site-packages/pyparsing/__pycache__/helpers.cpython-314.pyc' -> '/usr/lib/python3.14/site-packages/pyparsing/__pycache__/helpers.cpython-314.pyc'
'/pkgs/pyparsing/usr/lib/python3.14/site-packages/pyparsing/__pycache__/helpers.cpython-314.opt-1.pyc' -> '/usr/lib/python3.14/site-packages/pyparsing/__pycache__/helpers.cpython-314.opt-1.pyc'
'/pkgs/pyparsing/usr/lib/python3.14/site-packages/pyparsing/__pycache__/results.cpython-314.pyc' -> '/usr/lib/python3.14/site-packages/pyparsing/__pycache__/results.cpython-314.pyc'
'/pkgs/pyparsing/usr/lib/python3.14/site-packages/pyparsing/__pycache__/results.cpython-314.opt-1.pyc' -> '/usr/lib/python3.14/site-packages/pyparsing/__pycache__/results.cpython-314.opt-1.pyc'
'/pkgs/pyparsing/usr/lib/python3.14/site-packages/pyparsing/__pycache__/testing.cpython-314.pyc' -> '/usr/lib/python3.14/site-packages/pyparsing/__pycache__/testing.cpython-314.pyc'
'/pkgs/pyparsing/usr/lib/python3.14/site-packages/pyparsing/__pycache__/testing.cpython-314.opt-1.pyc' -> '/usr/lib/python3.14/site-packages/pyparsing/__pycache__/testing.cpython-314.opt-1.pyc'
'/pkgs/pyparsing/usr/lib/python3.14/site-packages/pyparsing/__pycache__/unicode.cpython-314.pyc' -> '/usr/lib/python3.14/site-packages/pyparsing/__pycache__/unicode.cpython-314.pyc'
'/pkgs/pyparsing/usr/lib/python3.14/site-packages/pyparsing/__pycache__/unicode.cpython-314.opt-1.pyc' -> '/usr/lib/python3.14/site-packages/pyparsing/__pycache__/unicode.cpython-314.opt-1.pyc'
'/pkgs/pyparsing/usr/lib/python3.14/site-packages/pyparsing/__pycache__/util.cpython-314.pyc' -> '/usr/lib/python3.14/site-packages/pyparsing/__pycache__/util.cpython-314.pyc'
'/pkgs/pyparsing/usr/lib/python3.14/site-packages/pyparsing/__pycache__/util.cpython-314.opt-1.pyc' -> '/usr/lib/python3.14/site-packages/pyparsing/__pycache__/util.cpython-314.opt-1.pyc'
'/pkgs/pyparsing/usr/lib/python3.14/site-packages/pyparsing-3.2.5.dist-info/licenses/LICENSE' -> '/usr/lib/python3.14/site-packages/pyparsing-3.2.5.dist-info/licenses/LICENSE'
'/pkgs/pyparsing/usr/lib/python3.14/site-packages/pyparsing-3.2.5.dist-info/WHEEL' -> '/usr/lib/python3.14/site-packages/pyparsing-3.2.5.dist-info/WHEEL'
'/pkgs/pyparsing/usr/lib/python3.14/site-packages/pyparsing-3.2.5.dist-info/METADATA' -> '/usr/lib/python3.14/site-packages/pyparsing-3.2.5.dist-info/METADATA'
'/pkgs/pyparsing/usr/lib/python3.14/site-packages/pyparsing-3.2.5.dist-info/RECORD' -> '/usr/lib/python3.14/site-packages/pyparsing-3.2.5.dist-info/RECORD'
pyparsing/
pyparsing/usr/
pyparsing/usr/lib/
pyparsing/usr/lib/python3.14/
pyparsing/usr/lib/python3.14/site-packages/
pyparsing/usr/lib/python3.14/site-packages/pyparsing/
pyparsing/usr/lib/python3.14/site-packages/pyparsing/actions.py
pyparsing/usr/lib/python3.14/site-packages/pyparsing/common.py
pyparsing/usr/lib/python3.14/site-packages/pyparsing/testing.py
pyparsing/usr/lib/python3.14/site-packages/pyparsing/helpers.py
pyparsing/usr/lib/python3.14/site-packages/pyparsing/__pycache__/
pyparsing/usr/lib/python3.14/site-packages/pyparsing/__pycache__/core.cpython-314.pyc
pyparsing/usr/lib/python3.14/site-packages/pyparsing/__pycache__/common.cpython-314.pyc
pyparsing/usr/lib/python3.14/site-packages/pyparsing/__pycache__/unicode.cpython-314.pyc
pyparsing/usr/lib/python3.14/site-packages/pyparsing/__pycache__/actions.cpython-314.opt-1.pyc
pyparsing/usr/lib/python3.14/site-packages/pyparsing/__pycache__/exceptions.cpython-314.opt-1.pyc
pyparsing/usr/lib/python3.14/site-packages/pyparsing/__pycache__/__init__.cpython-314.opt-1.pyc
pyparsing/usr/lib/python3.14/site-packages/pyparsing/__pycache__/helpers.cpython-314.opt-1.pyc
pyparsing/usr/lib/python3.14/site-packages/pyparsing/__pycache__/actions.cpython-314.pyc
pyparsing/usr/lib/python3.14/site-packages/pyparsing/__pycache__/core.cpython-314.opt-1.pyc
pyparsing/usr/lib/python3.14/site-packages/pyparsing/__pycache__/util.cpython-314.pyc
pyparsing/usr/lib/python3.14/site-packages/pyparsing/__pycache__/unicode.cpython-314.opt-1.pyc
pyparsing/usr/lib/python3.14/site-packages/pyparsing/__pycache__/testing.cpython-314.pyc
pyparsing/usr/lib/python3.14/site-packages/pyparsing/__pycache__/common.cpython-314.opt-1.pyc
pyparsing/usr/lib/python3.14/site-packages/pyparsing/__pycache__/exceptions.cpython-314.pyc
pyparsing/usr/lib/python3.14/site-packages/pyparsing/__pycache__/results.cpython-314.opt-1.pyc
pyparsing/usr/lib/python3.14/site-packages/pyparsing/__pycache__/helpers.cpython-314.pyc
pyparsing/usr/lib/python3.14/site-packages/pyparsing/__pycache__/results.cpython-314.pyc
pyparsing/usr/lib/python3.14/site-packages/pyparsing/__pycache__/__init__.cpython-314.pyc
pyparsing/usr/lib/python3.14/site-packages/pyparsing/__pycache__/util.cpython-314.opt-1.pyc
pyparsing/usr/lib/python3.14/site-packages/pyparsing/__pycache__/testing.cpython-314.opt-1.pyc
pyparsing/usr/lib/python3.14/site-packages/pyparsing/core.py
pyparsing/usr/lib/python3.14/site-packages/pyparsing/exceptions.py
pyparsing/usr/lib/python3.14/site-packages/pyparsing/util.py
pyparsing/usr/lib/python3.14/site-packages/pyparsing/diagram/
pyparsing/usr/lib/python3.14/site-packages/pyparsing/diagram/__pycache__/
pyparsing/usr/lib/python3.14/site-packages/pyparsing/diagram/__pycache__/__init__.cpython-314.opt-1.pyc
pyparsing/usr/lib/python3.14/site-packages/pyparsing/diagram/__pycache__/__init__.cpython-314.pyc
pyparsing/usr/lib/python3.14/site-packages/pyparsing/diagram/__init__.py
pyparsing/usr/lib/python3.14/site-packages/pyparsing/__init__.py
pyparsing/usr/lib/python3.14/site-packages/pyparsing/unicode.py
pyparsing/usr/lib/python3.14/site-packages/pyparsing/tools/
pyparsing/usr/lib/python3.14/site-packages/pyparsing/tools/cvt_pyparsing_pep8_names.py
pyparsing/usr/lib/python3.14/site-packages/pyparsing/tools/__pycache__/
pyparsing/usr/lib/python3.14/site-packages/pyparsing/tools/__pycache__/__init__.cpython-314.opt-1.pyc
pyparsing/usr/lib/python3.14/site-packages/pyparsing/tools/__pycache__/cvt_pyparsing_pep8_names.cpython-314.opt-1.pyc
pyparsing/usr/lib/python3.14/site-packages/pyparsing/tools/__pycache__/cvt_pyparsing_pep8_names.cpython-314.pyc
pyparsing/usr/lib/python3.14/site-packages/pyparsing/tools/__pycache__/__init__.cpython-314.pyc
pyparsing/usr/lib/python3.14/site-packages/pyparsing/tools/__init__.py
pyparsing/usr/lib/python3.14/site-packages/pyparsing/py.typed
pyparsing/usr/lib/python3.14/site-packages/pyparsing/results.py
pyparsing/usr/lib/python3.14/site-packages/pyparsing-3.2.5.dist-info/
pyparsing/usr/lib/python3.14/site-packages/pyparsing-3.2.5.dist-info/RECORD
pyparsing/usr/lib/python3.14/site-packages/pyparsing-3.2.5.dist-info/METADATA
pyparsing/usr/lib/python3.14/site-packages/pyparsing-3.2.5.dist-info/WHEEL
pyparsing/usr/lib/python3.14/site-packages/pyparsing-3.2.5.dist-info/licenses/
pyparsing/usr/lib/python3.14/site-packages/pyparsing-3.2.5.dist-info/licenses/LICENSE
pyparsing/version
pyparsing/depends
pyparsing/make-depends
