--2025-11-13 14:36:08--  https://files.pythonhosted.org/packages/source/h/html5lib/html5lib-1.1.tar.gz
Resolving files.pythonhosted.org (files.pythonhosted.org)... 2a04:4e42:400::223, 2a04:4e42::223, 2a04:4e42:600::223, ...
Connecting to files.pythonhosted.org (files.pythonhosted.org)|2a04:4e42:400::223|:443... connected.
HTTP request sent, awaiting response... 302 Found
Location: https://files.pythonhosted.org/packages/ac/b6/b55c3f49042f1df3dcd422b7f224f939892ee94f22abcf503a9b7339eaf2/html5lib-1.1.tar.gz [following]
--2025-11-13 14:36:08--  https://files.pythonhosted.org/packages/ac/b6/b55c3f49042f1df3dcd422b7f224f939892ee94f22abcf503a9b7339eaf2/html5lib-1.1.tar.gz
Reusing existing connection to [files.pythonhosted.org]:443.
HTTP request sent, awaiting response... 200 OK
Length: 272215 (266K) [application/x-tar]
Saving to: ‘html5lib-1.1.tar.gz’

     0K .......... .......... .......... .......... .......... 18% 7.19M 0s
    50K .......... .......... .......... .......... .......... 37% 11.1M 0s
   100K .......... .......... .......... .......... .......... 56% 13.2M 0s
   150K .......... .......... .......... .......... .......... 75% 12.6M 0s
   200K .......... .......... .......... .......... .......... 94% 61.7M 0s
   250K .......... .....                                      100%  183M=0.02s

2025-11-13 14:36:08 (13.2 MB/s) - ‘html5lib-1.1.tar.gz’ saved [272215/272215]

--2025-11-13 14:36:08--  https://patch-diff.githubusercontent.com/raw/html5lib/html5lib-python/pull/589.patch
Resolving patch-diff.githubusercontent.com (patch-diff.githubusercontent.com)... 140.82.114.4
Connecting to patch-diff.githubusercontent.com (patch-diff.githubusercontent.com)|140.82.114.4|:443... connected.
HTTP request sent, awaiting response... 200 OK
Cookie coming from patch-diff.githubusercontent.com attempted to set domain to github.com
Cookie coming from patch-diff.githubusercontent.com attempted to set domain to github.com
Length: 1465 (1.4K) [text/plain]
Saving to: ‘589.patch’

     0K .                                                     100% 50.6M=0s

2025-11-13 14:36:08 (50.6 MB/s) - ‘589.patch’ saved [1465/1465]

html5lib-1.1/
html5lib-1.1/.pytest.expect
html5lib-1.1/AUTHORS.rst
html5lib-1.1/CHANGES.rst
html5lib-1.1/LICENSE
html5lib-1.1/MANIFEST.in
html5lib-1.1/PKG-INFO
html5lib-1.1/README.rst
html5lib-1.1/html5lib/
html5lib-1.1/html5lib/__init__.py
html5lib-1.1/html5lib/_ihatexml.py
html5lib-1.1/html5lib/_inputstream.py
html5lib-1.1/html5lib/_tokenizer.py
html5lib-1.1/html5lib/_trie/
html5lib-1.1/html5lib/_trie/__init__.py
html5lib-1.1/html5lib/_trie/_base.py
html5lib-1.1/html5lib/_trie/py.py
html5lib-1.1/html5lib/_utils.py
html5lib-1.1/html5lib/constants.py
html5lib-1.1/html5lib/filters/
html5lib-1.1/html5lib/filters/__init__.py
html5lib-1.1/html5lib/filters/alphabeticalattributes.py
html5lib-1.1/html5lib/filters/base.py
html5lib-1.1/html5lib/filters/inject_meta_charset.py
html5lib-1.1/html5lib/filters/lint.py
html5lib-1.1/html5lib/filters/optionaltags.py
html5lib-1.1/html5lib/filters/sanitizer.py
html5lib-1.1/html5lib/filters/whitespace.py
html5lib-1.1/html5lib/html5parser.py
html5lib-1.1/html5lib/serializer.py
html5lib-1.1/html5lib/tests/
html5lib-1.1/html5lib/tests/__init__.py
html5lib-1.1/html5lib/tests/conftest.py
html5lib-1.1/html5lib/tests/sanitizer.py
html5lib-1.1/html5lib/tests/support.py
html5lib-1.1/html5lib/tests/test_alphabeticalattributes.py
html5lib-1.1/html5lib/tests/test_encoding.py
html5lib-1.1/html5lib/tests/test_meta.py
html5lib-1.1/html5lib/tests/test_optionaltags_filter.py
html5lib-1.1/html5lib/tests/test_parser2.py
html5lib-1.1/html5lib/tests/test_sanitizer.py
html5lib-1.1/html5lib/tests/test_serializer.py
html5lib-1.1/html5lib/tests/test_stream.py
html5lib-1.1/html5lib/tests/test_tokenizer2.py
html5lib-1.1/html5lib/tests/test_treeadapters.py
html5lib-1.1/html5lib/tests/test_treewalkers.py
html5lib-1.1/html5lib/tests/test_whitespace_filter.py
html5lib-1.1/html5lib/tests/testdata/
html5lib-1.1/html5lib/tests/testdata/.git
html5lib-1.1/html5lib/tests/testdata/.gitattributes
html5lib-1.1/html5lib/tests/testdata/AUTHORS.rst
html5lib-1.1/html5lib/tests/testdata/LICENSE
html5lib-1.1/html5lib/tests/testdata/encoding/
html5lib-1.1/html5lib/tests/testdata/encoding/chardet/
html5lib-1.1/html5lib/tests/testdata/encoding/chardet/test_big5.txt
html5lib-1.1/html5lib/tests/testdata/encoding/test-yahoo-jp.dat
html5lib-1.1/html5lib/tests/testdata/encoding/tests1.dat
html5lib-1.1/html5lib/tests/testdata/encoding/tests2.dat
html5lib-1.1/html5lib/tests/testdata/serializer/
html5lib-1.1/html5lib/tests/testdata/serializer/core.test
html5lib-1.1/html5lib/tests/testdata/serializer/injectmeta.test
html5lib-1.1/html5lib/tests/testdata/serializer/optionaltags.test
html5lib-1.1/html5lib/tests/testdata/serializer/options.test
html5lib-1.1/html5lib/tests/testdata/serializer/whitespace.test
html5lib-1.1/html5lib/tests/testdata/tokenizer/
html5lib-1.1/html5lib/tests/testdata/tokenizer/README.md
html5lib-1.1/html5lib/tests/testdata/tokenizer/contentModelFlags.test
html5lib-1.1/html5lib/tests/testdata/tokenizer/domjs.test
html5lib-1.1/html5lib/tests/testdata/tokenizer/entities.test
html5lib-1.1/html5lib/tests/testdata/tokenizer/escapeFlag.test
html5lib-1.1/html5lib/tests/testdata/tokenizer/namedEntities.test
html5lib-1.1/html5lib/tests/testdata/tokenizer/numericEntities.test
html5lib-1.1/html5lib/tests/testdata/tokenizer/pendingSpecChanges.test
html5lib-1.1/html5lib/tests/testdata/tokenizer/test1.test
html5lib-1.1/html5lib/tests/testdata/tokenizer/test2.test
html5lib-1.1/html5lib/tests/testdata/tokenizer/test3.test
html5lib-1.1/html5lib/tests/testdata/tokenizer/test4.test
html5lib-1.1/html5lib/tests/testdata/tokenizer/unicodeChars.test
html5lib-1.1/html5lib/tests/testdata/tokenizer/unicodeCharsProblematic.test
html5lib-1.1/html5lib/tests/testdata/tokenizer/xmlViolation.test
html5lib-1.1/html5lib/tests/testdata/tree-construction/
html5lib-1.1/html5lib/tests/testdata/tree-construction/README.md
html5lib-1.1/html5lib/tests/testdata/tree-construction/adoption01.dat
html5lib-1.1/html5lib/tests/testdata/tree-construction/adoption02.dat
html5lib-1.1/html5lib/tests/testdata/tree-construction/blocks.dat
html5lib-1.1/html5lib/tests/testdata/tree-construction/comments01.dat
html5lib-1.1/html5lib/tests/testdata/tree-construction/doctype01.dat
html5lib-1.1/html5lib/tests/testdata/tree-construction/domjs-unsafe.dat
html5lib-1.1/html5lib/tests/testdata/tree-construction/entities01.dat
html5lib-1.1/html5lib/tests/testdata/tree-construction/entities02.dat
html5lib-1.1/html5lib/tests/testdata/tree-construction/foreign-fragment.dat
html5lib-1.1/html5lib/tests/testdata/tree-construction/html5test-com.dat
html5lib-1.1/html5lib/tests/testdata/tree-construction/inbody01.dat
html5lib-1.1/html5lib/tests/testdata/tree-construction/isindex.dat
html5lib-1.1/html5lib/tests/testdata/tree-construction/main-element.dat
html5lib-1.1/html5lib/tests/testdata/tree-construction/math.dat
html5lib-1.1/html5lib/tests/testdata/tree-construction/menuitem-element.dat
html5lib-1.1/html5lib/tests/testdata/tree-construction/namespace-sensitivity.dat
html5lib-1.1/html5lib/tests/testdata/tree-construction/noscript01.dat
html5lib-1.1/html5lib/tests/testdata/tree-construction/pending-spec-changes-plain-text-unsafe.dat
html5lib-1.1/html5lib/tests/testdata/tree-construction/pending-spec-changes.dat
html5lib-1.1/html5lib/tests/testdata/tree-construction/plain-text-unsafe.dat
html5lib-1.1/html5lib/tests/testdata/tree-construction/ruby.dat
html5lib-1.1/html5lib/tests/testdata/tree-construction/scriptdata01.dat
html5lib-1.1/html5lib/tests/testdata/tree-construction/scripted/
html5lib-1.1/html5lib/tests/testdata/tree-construction/scripted/adoption01.dat
html5lib-1.1/html5lib/tests/testdata/tree-construction/scripted/ark.dat
html5lib-1.1/html5lib/tests/testdata/tree-construction/scripted/webkit01.dat
html5lib-1.1/html5lib/tests/testdata/tree-construction/tables01.dat
html5lib-1.1/html5lib/tests/testdata/tree-construction/template.dat
html5lib-1.1/html5lib/tests/testdata/tree-construction/tests1.dat
html5lib-1.1/html5lib/tests/testdata/tree-construction/tests10.dat
html5lib-1.1/html5lib/tests/testdata/tree-construction/tests11.dat
html5lib-1.1/html5lib/tests/testdata/tree-construction/tests12.dat
html5lib-1.1/html5lib/tests/testdata/tree-construction/tests14.dat
html5lib-1.1/html5lib/tests/testdata/tree-construction/tests15.dat
html5lib-1.1/html5lib/tests/testdata/tree-construction/tests16.dat
html5lib-1.1/html5lib/tests/testdata/tree-construction/tests17.dat
html5lib-1.1/html5lib/tests/testdata/tree-construction/tests18.dat
html5lib-1.1/html5lib/tests/testdata/tree-construction/tests19.dat
html5lib-1.1/html5lib/tests/testdata/tree-construction/tests2.dat
html5lib-1.1/html5lib/tests/testdata/tree-construction/tests20.dat
html5lib-1.1/html5lib/tests/testdata/tree-construction/tests21.dat
html5lib-1.1/html5lib/tests/testdata/tree-construction/tests22.dat
html5lib-1.1/html5lib/tests/testdata/tree-construction/tests23.dat
html5lib-1.1/html5lib/tests/testdata/tree-construction/tests24.dat
html5lib-1.1/html5lib/tests/testdata/tree-construction/tests25.dat
html5lib-1.1/html5lib/tests/testdata/tree-construction/tests26.dat
html5lib-1.1/html5lib/tests/testdata/tree-construction/tests3.dat
html5lib-1.1/html5lib/tests/testdata/tree-construction/tests4.dat
html5lib-1.1/html5lib/tests/testdata/tree-construction/tests5.dat
html5lib-1.1/html5lib/tests/testdata/tree-construction/tests6.dat
html5lib-1.1/html5lib/tests/testdata/tree-construction/tests7.dat
html5lib-1.1/html5lib/tests/testdata/tree-construction/tests8.dat
html5lib-1.1/html5lib/tests/testdata/tree-construction/tests9.dat
html5lib-1.1/html5lib/tests/testdata/tree-construction/tests_innerHTML_1.dat
html5lib-1.1/html5lib/tests/testdata/tree-construction/tricky01.dat
html5lib-1.1/html5lib/tests/testdata/tree-construction/webkit01.dat
html5lib-1.1/html5lib/tests/testdata/tree-construction/webkit02.dat
html5lib-1.1/html5lib/tests/tokenizer.py
html5lib-1.1/html5lib/tests/tokenizertotree.py
html5lib-1.1/html5lib/tests/tree_construction.py
html5lib-1.1/html5lib/treeadapters/
html5lib-1.1/html5lib/treeadapters/__init__.py
html5lib-1.1/html5lib/treeadapters/genshi.py
html5lib-1.1/html5lib/treeadapters/sax.py
html5lib-1.1/html5lib/treebuilders/
html5lib-1.1/html5lib/treebuilders/__init__.py
html5lib-1.1/html5lib/treebuilders/base.py
html5lib-1.1/html5lib/treebuilders/dom.py
html5lib-1.1/html5lib/treebuilders/etree.py
html5lib-1.1/html5lib/treebuilders/etree_lxml.py
html5lib-1.1/html5lib/treewalkers/
html5lib-1.1/html5lib/treewalkers/__init__.py
html5lib-1.1/html5lib/treewalkers/base.py
html5lib-1.1/html5lib/treewalkers/dom.py
html5lib-1.1/html5lib/treewalkers/etree.py
html5lib-1.1/html5lib/treewalkers/etree_lxml.py
html5lib-1.1/html5lib/treewalkers/genshi.py
html5lib-1.1/html5lib.egg-info/
html5lib-1.1/html5lib.egg-info/PKG-INFO
html5lib-1.1/html5lib.egg-info/SOURCES.txt
html5lib-1.1/html5lib.egg-info/dependency_links.txt
html5lib-1.1/html5lib.egg-info/requires.txt
html5lib-1.1/html5lib.egg-info/top_level.txt
html5lib-1.1/pytest.ini
html5lib-1.1/requirements-optional.txt
html5lib-1.1/requirements-test.txt
html5lib-1.1/requirements.txt
html5lib-1.1/setup.cfg
html5lib-1.1/setup.py
html5lib-1.1/tox.ini
patching file setup.py
Hunk #1 succeeded at 89 (offset -3 lines).
* Creating isolated environment: venv+pip...
* Installing packages in isolated environment:
  - setuptools >= 40.8.0
* Getting build dependencies for wheel...
<string>:9: UserWarning: pkg_resources is deprecated as an API. See https://setuptools.pypa.io/en/latest/pkg_resources.html. The pkg_resources package is slated for removal as early as 2025-11-30. Refrain from using this package or pin to Setuptools<81.
<string>:80: DeprecationWarning: codecs.open() is deprecated. Use open() instead.
<string>:81: DeprecationWarning: codecs.open() is deprecated. Use open() instead.
/tmp/build-env-__fn_bd6/lib/python3.14/site-packages/setuptools/dist.py:759: SetuptoolsDeprecationWarning: License classifiers are deprecated.
!!

        ********************************************************************************
        Please consider removing the following classifiers in favor of a SPDX license expression:

        License :: OSI Approved :: MIT License

        See https://packaging.python.org/en/latest/guides/writing-pyproject-toml/#license for details.
        ********************************************************************************

!!
  self._finalize_license_expression()
running egg_info
writing html5lib.egg-info/PKG-INFO
/tmp/build-env-__fn_bd6/lib/python3.14/site-packages/setuptools/_core_metadata.py:237: SetuptoolsDeprecationWarning: Ambiguity during "extra" normalization for dependencies.
!!

        ********************************************************************************
        'all' and 'all' normalize to the same value:

            'all'

        In future versions, setuptools might halt the build process.

        See https://peps.python.org/pep-0685/ for details.
        ********************************************************************************

!!
  _write_provides_extra(file, processed_extras, extra, unsafe_extra)
writing dependency_links to html5lib.egg-info/dependency_links.txt
writing requirements to html5lib.egg-info/requires.txt
writing top-level names to html5lib.egg-info/top_level.txt
reading manifest file 'html5lib.egg-info/SOURCES.txt'
reading manifest template 'MANIFEST.in'
adding license file 'LICENSE'
adding license file 'AUTHORS.rst'
writing manifest file 'html5lib.egg-info/SOURCES.txt'
* Building wheel...
<string>:9: UserWarning: pkg_resources is deprecated as an API. See https://setuptools.pypa.io/en/latest/pkg_resources.html. The pkg_resources package is slated for removal as early as 2025-11-30. Refrain from using this package or pin to Setuptools<81.
<string>:80: DeprecationWarning: codecs.open() is deprecated. Use open() instead.
<string>:81: DeprecationWarning: codecs.open() is deprecated. Use open() instead.
/tmp/build-env-__fn_bd6/lib/python3.14/site-packages/setuptools/dist.py:759: SetuptoolsDeprecationWarning: License classifiers are deprecated.
!!

        ********************************************************************************
        Please consider removing the following classifiers in favor of a SPDX license expression:

        License :: OSI Approved :: MIT License

        See https://packaging.python.org/en/latest/guides/writing-pyproject-toml/#license for details.
        ********************************************************************************

!!
  self._finalize_license_expression()
running bdist_wheel
/tmp/build-env-__fn_bd6/lib/python3.14/site-packages/setuptools/_distutils/cmd.py:135: SetuptoolsDeprecationWarning: bdist_wheel.universal is deprecated
!!

        ********************************************************************************
        With Python 2.7 end-of-life, support for building universal wheels
        (i.e., wheels that support both Python 2 and Python 3)
        is being obviated.
        Please discontinue using this option, or if you still need it,
        file an issue with pypa/setuptools describing your use case.

        This deprecation is overdue, please update your project and remove deprecated
        calls to avoid build errors in the future.
        ********************************************************************************

!!
  self.finalize_options()
running build
running build_py
creating build/lib/html5lib
copying html5lib/_ihatexml.py -> build/lib/html5lib
copying html5lib/_inputstream.py -> build/lib/html5lib
copying html5lib/html5parser.py -> build/lib/html5lib
copying html5lib/constants.py -> build/lib/html5lib
copying html5lib/__init__.py -> build/lib/html5lib
copying html5lib/serializer.py -> build/lib/html5lib
copying html5lib/_tokenizer.py -> build/lib/html5lib
copying html5lib/_utils.py -> build/lib/html5lib
creating build/lib/html5lib/treewalkers
copying html5lib/treewalkers/__init__.py -> build/lib/html5lib/treewalkers
copying html5lib/treewalkers/genshi.py -> build/lib/html5lib/treewalkers
copying html5lib/treewalkers/base.py -> build/lib/html5lib/treewalkers
copying html5lib/treewalkers/etree.py -> build/lib/html5lib/treewalkers
copying html5lib/treewalkers/dom.py -> build/lib/html5lib/treewalkers
copying html5lib/treewalkers/etree_lxml.py -> build/lib/html5lib/treewalkers
creating build/lib/html5lib/treebuilders
copying html5lib/treebuilders/__init__.py -> build/lib/html5lib/treebuilders
copying html5lib/treebuilders/base.py -> build/lib/html5lib/treebuilders
copying html5lib/treebuilders/etree.py -> build/lib/html5lib/treebuilders
copying html5lib/treebuilders/dom.py -> build/lib/html5lib/treebuilders
copying html5lib/treebuilders/etree_lxml.py -> build/lib/html5lib/treebuilders
creating build/lib/html5lib/treeadapters
copying html5lib/treeadapters/sax.py -> build/lib/html5lib/treeadapters
copying html5lib/treeadapters/__init__.py -> build/lib/html5lib/treeadapters
copying html5lib/treeadapters/genshi.py -> build/lib/html5lib/treeadapters
creating build/lib/html5lib/filters
copying html5lib/filters/alphabeticalattributes.py -> build/lib/html5lib/filters
copying html5lib/filters/inject_meta_charset.py -> build/lib/html5lib/filters
copying html5lib/filters/sanitizer.py -> build/lib/html5lib/filters
copying html5lib/filters/whitespace.py -> build/lib/html5lib/filters
copying html5lib/filters/lint.py -> build/lib/html5lib/filters
copying html5lib/filters/__init__.py -> build/lib/html5lib/filters
copying html5lib/filters/base.py -> build/lib/html5lib/filters
copying html5lib/filters/optionaltags.py -> build/lib/html5lib/filters
creating build/lib/html5lib/_trie
copying html5lib/_trie/__init__.py -> build/lib/html5lib/_trie
copying html5lib/_trie/py.py -> build/lib/html5lib/_trie
copying html5lib/_trie/_base.py -> build/lib/html5lib/_trie
installing to build/bdist.linux-x86_64/wheel
running install
running install_lib
creating build/bdist.linux-x86_64/wheel
creating build/bdist.linux-x86_64/wheel/html5lib
copying build/lib/html5lib/_ihatexml.py -> build/bdist.linux-x86_64/wheel/./html5lib
copying build/lib/html5lib/_inputstream.py -> build/bdist.linux-x86_64/wheel/./html5lib
creating build/bdist.linux-x86_64/wheel/html5lib/treewalkers
copying build/lib/html5lib/treewalkers/__init__.py -> build/bdist.linux-x86_64/wheel/./html5lib/treewalkers
copying build/lib/html5lib/treewalkers/genshi.py -> build/bdist.linux-x86_64/wheel/./html5lib/treewalkers
copying build/lib/html5lib/treewalkers/base.py -> build/bdist.linux-x86_64/wheel/./html5lib/treewalkers
copying build/lib/html5lib/treewalkers/etree.py -> build/bdist.linux-x86_64/wheel/./html5lib/treewalkers
copying build/lib/html5lib/treewalkers/dom.py -> build/bdist.linux-x86_64/wheel/./html5lib/treewalkers
copying build/lib/html5lib/treewalkers/etree_lxml.py -> build/bdist.linux-x86_64/wheel/./html5lib/treewalkers
creating build/bdist.linux-x86_64/wheel/html5lib/treebuilders
copying build/lib/html5lib/treebuilders/__init__.py -> build/bdist.linux-x86_64/wheel/./html5lib/treebuilders
copying build/lib/html5lib/treebuilders/base.py -> build/bdist.linux-x86_64/wheel/./html5lib/treebuilders
copying build/lib/html5lib/treebuilders/etree.py -> build/bdist.linux-x86_64/wheel/./html5lib/treebuilders
copying build/lib/html5lib/treebuilders/dom.py -> build/bdist.linux-x86_64/wheel/./html5lib/treebuilders
copying build/lib/html5lib/treebuilders/etree_lxml.py -> build/bdist.linux-x86_64/wheel/./html5lib/treebuilders
creating build/bdist.linux-x86_64/wheel/html5lib/treeadapters
copying build/lib/html5lib/treeadapters/sax.py -> build/bdist.linux-x86_64/wheel/./html5lib/treeadapters
copying build/lib/html5lib/treeadapters/__init__.py -> build/bdist.linux-x86_64/wheel/./html5lib/treeadapters
copying build/lib/html5lib/treeadapters/genshi.py -> build/bdist.linux-x86_64/wheel/./html5lib/treeadapters
copying build/lib/html5lib/html5parser.py -> build/bdist.linux-x86_64/wheel/./html5lib
copying build/lib/html5lib/constants.py -> build/bdist.linux-x86_64/wheel/./html5lib
copying build/lib/html5lib/__init__.py -> build/bdist.linux-x86_64/wheel/./html5lib
copying build/lib/html5lib/serializer.py -> build/bdist.linux-x86_64/wheel/./html5lib
creating build/bdist.linux-x86_64/wheel/html5lib/filters
copying build/lib/html5lib/filters/alphabeticalattributes.py -> build/bdist.linux-x86_64/wheel/./html5lib/filters
copying build/lib/html5lib/filters/inject_meta_charset.py -> build/bdist.linux-x86_64/wheel/./html5lib/filters
copying build/lib/html5lib/filters/sanitizer.py -> build/bdist.linux-x86_64/wheel/./html5lib/filters
copying build/lib/html5lib/filters/whitespace.py -> build/bdist.linux-x86_64/wheel/./html5lib/filters
copying build/lib/html5lib/filters/lint.py -> build/bdist.linux-x86_64/wheel/./html5lib/filters
copying build/lib/html5lib/filters/__init__.py -> build/bdist.linux-x86_64/wheel/./html5lib/filters
copying build/lib/html5lib/filters/base.py -> build/bdist.linux-x86_64/wheel/./html5lib/filters
copying build/lib/html5lib/filters/optionaltags.py -> build/bdist.linux-x86_64/wheel/./html5lib/filters
creating build/bdist.linux-x86_64/wheel/html5lib/_trie
copying build/lib/html5lib/_trie/__init__.py -> build/bdist.linux-x86_64/wheel/./html5lib/_trie
copying build/lib/html5lib/_trie/py.py -> build/bdist.linux-x86_64/wheel/./html5lib/_trie
copying build/lib/html5lib/_trie/_base.py -> build/bdist.linux-x86_64/wheel/./html5lib/_trie
copying build/lib/html5lib/_tokenizer.py -> build/bdist.linux-x86_64/wheel/./html5lib
copying build/lib/html5lib/_utils.py -> build/bdist.linux-x86_64/wheel/./html5lib
running install_egg_info
running egg_info
writing html5lib.egg-info/PKG-INFO
/tmp/build-env-__fn_bd6/lib/python3.14/site-packages/setuptools/_core_metadata.py:237: SetuptoolsDeprecationWarning: Ambiguity during "extra" normalization for dependencies.
!!

        ********************************************************************************
        'all' and 'all' normalize to the same value:

            'all'

        In future versions, setuptools might halt the build process.

        See https://peps.python.org/pep-0685/ for details.
        ********************************************************************************

!!
  _write_provides_extra(file, processed_extras, extra, unsafe_extra)
writing dependency_links to html5lib.egg-info/dependency_links.txt
writing requirements to html5lib.egg-info/requires.txt
writing top-level names to html5lib.egg-info/top_level.txt
reading manifest file 'html5lib.egg-info/SOURCES.txt'
reading manifest template 'MANIFEST.in'
adding license file 'LICENSE'
adding license file 'AUTHORS.rst'
writing manifest file 'html5lib.egg-info/SOURCES.txt'
Copying html5lib.egg-info to build/bdist.linux-x86_64/wheel/./html5lib-1.1-py3.14.egg-info
running install_scripts
creating build/bdist.linux-x86_64/wheel/html5lib-1.1.dist-info/WHEEL
creating '/blfs/builds/html5lib-1.1/dist/.tmp-sc5boq7n/html5lib-1.1-py2.py3-none-any.whl' and adding 'build/bdist.linux-x86_64/wheel' to it
adding 'html5lib/__init__.py'
adding 'html5lib/_ihatexml.py'
adding 'html5lib/_inputstream.py'
adding 'html5lib/_tokenizer.py'
adding 'html5lib/_utils.py'
adding 'html5lib/constants.py'
adding 'html5lib/html5parser.py'
adding 'html5lib/serializer.py'
adding 'html5lib/_trie/__init__.py'
adding 'html5lib/_trie/_base.py'
adding 'html5lib/_trie/py.py'
adding 'html5lib/filters/__init__.py'
adding 'html5lib/filters/alphabeticalattributes.py'
adding 'html5lib/filters/base.py'
adding 'html5lib/filters/inject_meta_charset.py'
adding 'html5lib/filters/lint.py'
adding 'html5lib/filters/optionaltags.py'
adding 'html5lib/filters/sanitizer.py'
adding 'html5lib/filters/whitespace.py'
adding 'html5lib/treeadapters/__init__.py'
adding 'html5lib/treeadapters/genshi.py'
adding 'html5lib/treeadapters/sax.py'
adding 'html5lib/treebuilders/__init__.py'
adding 'html5lib/treebuilders/base.py'
adding 'html5lib/treebuilders/dom.py'
adding 'html5lib/treebuilders/etree.py'
adding 'html5lib/treebuilders/etree_lxml.py'
adding 'html5lib/treewalkers/__init__.py'
adding 'html5lib/treewalkers/base.py'
adding 'html5lib/treewalkers/dom.py'
adding 'html5lib/treewalkers/etree.py'
adding 'html5lib/treewalkers/etree_lxml.py'
adding 'html5lib/treewalkers/genshi.py'
adding 'html5lib-1.1.dist-info/licenses/AUTHORS.rst'
adding 'html5lib-1.1.dist-info/licenses/LICENSE'
adding 'html5lib-1.1.dist-info/METADATA'
adding 'html5lib-1.1.dist-info/WHEEL'
adding 'html5lib-1.1.dist-info/top_level.txt'
adding 'html5lib-1.1.dist-info/RECORD'
removing build/bdist.linux-x86_64/wheel
Successfully built html5lib-1.1-py2.py3-none-any.whl
'/pkgs/python-html5lib/usr/lib/python3.14/site-packages/html5lib/__init__.py' -> '/usr/lib/python3.14/site-packages/html5lib/__init__.py'
'/pkgs/python-html5lib/usr/lib/python3.14/site-packages/html5lib/_ihatexml.py' -> '/usr/lib/python3.14/site-packages/html5lib/_ihatexml.py'
'/pkgs/python-html5lib/usr/lib/python3.14/site-packages/html5lib/_inputstream.py' -> '/usr/lib/python3.14/site-packages/html5lib/_inputstream.py'
'/pkgs/python-html5lib/usr/lib/python3.14/site-packages/html5lib/_tokenizer.py' -> '/usr/lib/python3.14/site-packages/html5lib/_tokenizer.py'
'/pkgs/python-html5lib/usr/lib/python3.14/site-packages/html5lib/_utils.py' -> '/usr/lib/python3.14/site-packages/html5lib/_utils.py'
'/pkgs/python-html5lib/usr/lib/python3.14/site-packages/html5lib/constants.py' -> '/usr/lib/python3.14/site-packages/html5lib/constants.py'
'/pkgs/python-html5lib/usr/lib/python3.14/site-packages/html5lib/html5parser.py' -> '/usr/lib/python3.14/site-packages/html5lib/html5parser.py'
'/pkgs/python-html5lib/usr/lib/python3.14/site-packages/html5lib/serializer.py' -> '/usr/lib/python3.14/site-packages/html5lib/serializer.py'
'/pkgs/python-html5lib/usr/lib/python3.14/site-packages/html5lib/_trie/__init__.py' -> '/usr/lib/python3.14/site-packages/html5lib/_trie/__init__.py'
'/pkgs/python-html5lib/usr/lib/python3.14/site-packages/html5lib/_trie/_base.py' -> '/usr/lib/python3.14/site-packages/html5lib/_trie/_base.py'
'/pkgs/python-html5lib/usr/lib/python3.14/site-packages/html5lib/_trie/py.py' -> '/usr/lib/python3.14/site-packages/html5lib/_trie/py.py'
'/pkgs/python-html5lib/usr/lib/python3.14/site-packages/html5lib/_trie/__pycache__/__init__.cpython-314.pyc' -> '/usr/lib/python3.14/site-packages/html5lib/_trie/__pycache__/__init__.cpython-314.pyc'
'/pkgs/python-html5lib/usr/lib/python3.14/site-packages/html5lib/_trie/__pycache__/__init__.cpython-314.opt-1.pyc' -> '/usr/lib/python3.14/site-packages/html5lib/_trie/__pycache__/__init__.cpython-314.opt-1.pyc'
'/pkgs/python-html5lib/usr/lib/python3.14/site-packages/html5lib/_trie/__pycache__/_base.cpython-314.pyc' -> '/usr/lib/python3.14/site-packages/html5lib/_trie/__pycache__/_base.cpython-314.pyc'
'/pkgs/python-html5lib/usr/lib/python3.14/site-packages/html5lib/_trie/__pycache__/_base.cpython-314.opt-1.pyc' -> '/usr/lib/python3.14/site-packages/html5lib/_trie/__pycache__/_base.cpython-314.opt-1.pyc'
'/pkgs/python-html5lib/usr/lib/python3.14/site-packages/html5lib/_trie/__pycache__/py.cpython-314.pyc' -> '/usr/lib/python3.14/site-packages/html5lib/_trie/__pycache__/py.cpython-314.pyc'
'/pkgs/python-html5lib/usr/lib/python3.14/site-packages/html5lib/_trie/__pycache__/py.cpython-314.opt-1.pyc' -> '/usr/lib/python3.14/site-packages/html5lib/_trie/__pycache__/py.cpython-314.opt-1.pyc'
'/pkgs/python-html5lib/usr/lib/python3.14/site-packages/html5lib/filters/__init__.py' -> '/usr/lib/python3.14/site-packages/html5lib/filters/__init__.py'
'/pkgs/python-html5lib/usr/lib/python3.14/site-packages/html5lib/filters/alphabeticalattributes.py' -> '/usr/lib/python3.14/site-packages/html5lib/filters/alphabeticalattributes.py'
'/pkgs/python-html5lib/usr/lib/python3.14/site-packages/html5lib/filters/base.py' -> '/usr/lib/python3.14/site-packages/html5lib/filters/base.py'
'/pkgs/python-html5lib/usr/lib/python3.14/site-packages/html5lib/filters/inject_meta_charset.py' -> '/usr/lib/python3.14/site-packages/html5lib/filters/inject_meta_charset.py'
'/pkgs/python-html5lib/usr/lib/python3.14/site-packages/html5lib/filters/lint.py' -> '/usr/lib/python3.14/site-packages/html5lib/filters/lint.py'
'/pkgs/python-html5lib/usr/lib/python3.14/site-packages/html5lib/filters/optionaltags.py' -> '/usr/lib/python3.14/site-packages/html5lib/filters/optionaltags.py'
'/pkgs/python-html5lib/usr/lib/python3.14/site-packages/html5lib/filters/sanitizer.py' -> '/usr/lib/python3.14/site-packages/html5lib/filters/sanitizer.py'
'/pkgs/python-html5lib/usr/lib/python3.14/site-packages/html5lib/filters/whitespace.py' -> '/usr/lib/python3.14/site-packages/html5lib/filters/whitespace.py'
'/pkgs/python-html5lib/usr/lib/python3.14/site-packages/html5lib/filters/__pycache__/__init__.cpython-314.pyc' -> '/usr/lib/python3.14/site-packages/html5lib/filters/__pycache__/__init__.cpython-314.pyc'
'/pkgs/python-html5lib/usr/lib/python3.14/site-packages/html5lib/filters/__pycache__/__init__.cpython-314.opt-1.pyc' -> '/usr/lib/python3.14/site-packages/html5lib/filters/__pycache__/__init__.cpython-314.opt-1.pyc'
'/pkgs/python-html5lib/usr/lib/python3.14/site-packages/html5lib/filters/__pycache__/alphabeticalattributes.cpython-314.pyc' -> '/usr/lib/python3.14/site-packages/html5lib/filters/__pycache__/alphabeticalattributes.cpython-314.pyc'
'/pkgs/python-html5lib/usr/lib/python3.14/site-packages/html5lib/filters/__pycache__/alphabeticalattributes.cpython-314.opt-1.pyc' -> '/usr/lib/python3.14/site-packages/html5lib/filters/__pycache__/alphabeticalattributes.cpython-314.opt-1.pyc'
'/pkgs/python-html5lib/usr/lib/python3.14/site-packages/html5lib/filters/__pycache__/base.cpython-314.pyc' -> '/usr/lib/python3.14/site-packages/html5lib/filters/__pycache__/base.cpython-314.pyc'
'/pkgs/python-html5lib/usr/lib/python3.14/site-packages/html5lib/filters/__pycache__/base.cpython-314.opt-1.pyc' -> '/usr/lib/python3.14/site-packages/html5lib/filters/__pycache__/base.cpython-314.opt-1.pyc'
'/pkgs/python-html5lib/usr/lib/python3.14/site-packages/html5lib/filters/__pycache__/inject_meta_charset.cpython-314.pyc' -> '/usr/lib/python3.14/site-packages/html5lib/filters/__pycache__/inject_meta_charset.cpython-314.pyc'
'/pkgs/python-html5lib/usr/lib/python3.14/site-packages/html5lib/filters/__pycache__/inject_meta_charset.cpython-314.opt-1.pyc' -> '/usr/lib/python3.14/site-packages/html5lib/filters/__pycache__/inject_meta_charset.cpython-314.opt-1.pyc'
'/pkgs/python-html5lib/usr/lib/python3.14/site-packages/html5lib/filters/__pycache__/lint.cpython-314.pyc' -> '/usr/lib/python3.14/site-packages/html5lib/filters/__pycache__/lint.cpython-314.pyc'
'/pkgs/python-html5lib/usr/lib/python3.14/site-packages/html5lib/filters/__pycache__/lint.cpython-314.opt-1.pyc' -> '/usr/lib/python3.14/site-packages/html5lib/filters/__pycache__/lint.cpython-314.opt-1.pyc'
'/pkgs/python-html5lib/usr/lib/python3.14/site-packages/html5lib/filters/__pycache__/optionaltags.cpython-314.pyc' -> '/usr/lib/python3.14/site-packages/html5lib/filters/__pycache__/optionaltags.cpython-314.pyc'
'/pkgs/python-html5lib/usr/lib/python3.14/site-packages/html5lib/filters/__pycache__/optionaltags.cpython-314.opt-1.pyc' -> '/usr/lib/python3.14/site-packages/html5lib/filters/__pycache__/optionaltags.cpython-314.opt-1.pyc'
'/pkgs/python-html5lib/usr/lib/python3.14/site-packages/html5lib/filters/__pycache__/sanitizer.cpython-314.pyc' -> '/usr/lib/python3.14/site-packages/html5lib/filters/__pycache__/sanitizer.cpython-314.pyc'
'/pkgs/python-html5lib/usr/lib/python3.14/site-packages/html5lib/filters/__pycache__/sanitizer.cpython-314.opt-1.pyc' -> '/usr/lib/python3.14/site-packages/html5lib/filters/__pycache__/sanitizer.cpython-314.opt-1.pyc'
'/pkgs/python-html5lib/usr/lib/python3.14/site-packages/html5lib/filters/__pycache__/whitespace.cpython-314.pyc' -> '/usr/lib/python3.14/site-packages/html5lib/filters/__pycache__/whitespace.cpython-314.pyc'
'/pkgs/python-html5lib/usr/lib/python3.14/site-packages/html5lib/filters/__pycache__/whitespace.cpython-314.opt-1.pyc' -> '/usr/lib/python3.14/site-packages/html5lib/filters/__pycache__/whitespace.cpython-314.opt-1.pyc'
'/pkgs/python-html5lib/usr/lib/python3.14/site-packages/html5lib/treeadapters/__init__.py' -> '/usr/lib/python3.14/site-packages/html5lib/treeadapters/__init__.py'
'/pkgs/python-html5lib/usr/lib/python3.14/site-packages/html5lib/treeadapters/genshi.py' -> '/usr/lib/python3.14/site-packages/html5lib/treeadapters/genshi.py'
'/pkgs/python-html5lib/usr/lib/python3.14/site-packages/html5lib/treeadapters/sax.py' -> '/usr/lib/python3.14/site-packages/html5lib/treeadapters/sax.py'
'/pkgs/python-html5lib/usr/lib/python3.14/site-packages/html5lib/treeadapters/__pycache__/__init__.cpython-314.pyc' -> '/usr/lib/python3.14/site-packages/html5lib/treeadapters/__pycache__/__init__.cpython-314.pyc'
'/pkgs/python-html5lib/usr/lib/python3.14/site-packages/html5lib/treeadapters/__pycache__/__init__.cpython-314.opt-1.pyc' -> '/usr/lib/python3.14/site-packages/html5lib/treeadapters/__pycache__/__init__.cpython-314.opt-1.pyc'
'/pkgs/python-html5lib/usr/lib/python3.14/site-packages/html5lib/treeadapters/__pycache__/genshi.cpython-314.pyc' -> '/usr/lib/python3.14/site-packages/html5lib/treeadapters/__pycache__/genshi.cpython-314.pyc'
'/pkgs/python-html5lib/usr/lib/python3.14/site-packages/html5lib/treeadapters/__pycache__/genshi.cpython-314.opt-1.pyc' -> '/usr/lib/python3.14/site-packages/html5lib/treeadapters/__pycache__/genshi.cpython-314.opt-1.pyc'
'/pkgs/python-html5lib/usr/lib/python3.14/site-packages/html5lib/treeadapters/__pycache__/sax.cpython-314.pyc' -> '/usr/lib/python3.14/site-packages/html5lib/treeadapters/__pycache__/sax.cpython-314.pyc'
'/pkgs/python-html5lib/usr/lib/python3.14/site-packages/html5lib/treeadapters/__pycache__/sax.cpython-314.opt-1.pyc' -> '/usr/lib/python3.14/site-packages/html5lib/treeadapters/__pycache__/sax.cpython-314.opt-1.pyc'
'/pkgs/python-html5lib/usr/lib/python3.14/site-packages/html5lib/treebuilders/__init__.py' -> '/usr/lib/python3.14/site-packages/html5lib/treebuilders/__init__.py'
'/pkgs/python-html5lib/usr/lib/python3.14/site-packages/html5lib/treebuilders/base.py' -> '/usr/lib/python3.14/site-packages/html5lib/treebuilders/base.py'
'/pkgs/python-html5lib/usr/lib/python3.14/site-packages/html5lib/treebuilders/dom.py' -> '/usr/lib/python3.14/site-packages/html5lib/treebuilders/dom.py'
'/pkgs/python-html5lib/usr/lib/python3.14/site-packages/html5lib/treebuilders/etree.py' -> '/usr/lib/python3.14/site-packages/html5lib/treebuilders/etree.py'
'/pkgs/python-html5lib/usr/lib/python3.14/site-packages/html5lib/treebuilders/etree_lxml.py' -> '/usr/lib/python3.14/site-packages/html5lib/treebuilders/etree_lxml.py'
'/pkgs/python-html5lib/usr/lib/python3.14/site-packages/html5lib/treebuilders/__pycache__/__init__.cpython-314.pyc' -> '/usr/lib/python3.14/site-packages/html5lib/treebuilders/__pycache__/__init__.cpython-314.pyc'
'/pkgs/python-html5lib/usr/lib/python3.14/site-packages/html5lib/treebuilders/__pycache__/__init__.cpython-314.opt-1.pyc' -> '/usr/lib/python3.14/site-packages/html5lib/treebuilders/__pycache__/__init__.cpython-314.opt-1.pyc'
'/pkgs/python-html5lib/usr/lib/python3.14/site-packages/html5lib/treebuilders/__pycache__/base.cpython-314.pyc' -> '/usr/lib/python3.14/site-packages/html5lib/treebuilders/__pycache__/base.cpython-314.pyc'
'/pkgs/python-html5lib/usr/lib/python3.14/site-packages/html5lib/treebuilders/__pycache__/base.cpython-314.opt-1.pyc' -> '/usr/lib/python3.14/site-packages/html5lib/treebuilders/__pycache__/base.cpython-314.opt-1.pyc'
'/pkgs/python-html5lib/usr/lib/python3.14/site-packages/html5lib/treebuilders/__pycache__/dom.cpython-314.pyc' -> '/usr/lib/python3.14/site-packages/html5lib/treebuilders/__pycache__/dom.cpython-314.pyc'
'/pkgs/python-html5lib/usr/lib/python3.14/site-packages/html5lib/treebuilders/__pycache__/dom.cpython-314.opt-1.pyc' -> '/usr/lib/python3.14/site-packages/html5lib/treebuilders/__pycache__/dom.cpython-314.opt-1.pyc'
'/pkgs/python-html5lib/usr/lib/python3.14/site-packages/html5lib/treebuilders/__pycache__/etree.cpython-314.pyc' -> '/usr/lib/python3.14/site-packages/html5lib/treebuilders/__pycache__/etree.cpython-314.pyc'
'/pkgs/python-html5lib/usr/lib/python3.14/site-packages/html5lib/treebuilders/__pycache__/etree.cpython-314.opt-1.pyc' -> '/usr/lib/python3.14/site-packages/html5lib/treebuilders/__pycache__/etree.cpython-314.opt-1.pyc'
'/pkgs/python-html5lib/usr/lib/python3.14/site-packages/html5lib/treebuilders/__pycache__/etree_lxml.cpython-314.pyc' -> '/usr/lib/python3.14/site-packages/html5lib/treebuilders/__pycache__/etree_lxml.cpython-314.pyc'
'/pkgs/python-html5lib/usr/lib/python3.14/site-packages/html5lib/treebuilders/__pycache__/etree_lxml.cpython-314.opt-1.pyc' -> '/usr/lib/python3.14/site-packages/html5lib/treebuilders/__pycache__/etree_lxml.cpython-314.opt-1.pyc'
'/pkgs/python-html5lib/usr/lib/python3.14/site-packages/html5lib/treewalkers/__init__.py' -> '/usr/lib/python3.14/site-packages/html5lib/treewalkers/__init__.py'
'/pkgs/python-html5lib/usr/lib/python3.14/site-packages/html5lib/treewalkers/base.py' -> '/usr/lib/python3.14/site-packages/html5lib/treewalkers/base.py'
'/pkgs/python-html5lib/usr/lib/python3.14/site-packages/html5lib/treewalkers/dom.py' -> '/usr/lib/python3.14/site-packages/html5lib/treewalkers/dom.py'
'/pkgs/python-html5lib/usr/lib/python3.14/site-packages/html5lib/treewalkers/etree.py' -> '/usr/lib/python3.14/site-packages/html5lib/treewalkers/etree.py'
'/pkgs/python-html5lib/usr/lib/python3.14/site-packages/html5lib/treewalkers/etree_lxml.py' -> '/usr/lib/python3.14/site-packages/html5lib/treewalkers/etree_lxml.py'
'/pkgs/python-html5lib/usr/lib/python3.14/site-packages/html5lib/treewalkers/genshi.py' -> '/usr/lib/python3.14/site-packages/html5lib/treewalkers/genshi.py'
'/pkgs/python-html5lib/usr/lib/python3.14/site-packages/html5lib/treewalkers/__pycache__/__init__.cpython-314.pyc' -> '/usr/lib/python3.14/site-packages/html5lib/treewalkers/__pycache__/__init__.cpython-314.pyc'
'/pkgs/python-html5lib/usr/lib/python3.14/site-packages/html5lib/treewalkers/__pycache__/__init__.cpython-314.opt-1.pyc' -> '/usr/lib/python3.14/site-packages/html5lib/treewalkers/__pycache__/__init__.cpython-314.opt-1.pyc'
'/pkgs/python-html5lib/usr/lib/python3.14/site-packages/html5lib/treewalkers/__pycache__/base.cpython-314.pyc' -> '/usr/lib/python3.14/site-packages/html5lib/treewalkers/__pycache__/base.cpython-314.pyc'
'/pkgs/python-html5lib/usr/lib/python3.14/site-packages/html5lib/treewalkers/__pycache__/base.cpython-314.opt-1.pyc' -> '/usr/lib/python3.14/site-packages/html5lib/treewalkers/__pycache__/base.cpython-314.opt-1.pyc'
'/pkgs/python-html5lib/usr/lib/python3.14/site-packages/html5lib/treewalkers/__pycache__/dom.cpython-314.pyc' -> '/usr/lib/python3.14/site-packages/html5lib/treewalkers/__pycache__/dom.cpython-314.pyc'
'/pkgs/python-html5lib/usr/lib/python3.14/site-packages/html5lib/treewalkers/__pycache__/dom.cpython-314.opt-1.pyc' -> '/usr/lib/python3.14/site-packages/html5lib/treewalkers/__pycache__/dom.cpython-314.opt-1.pyc'
'/pkgs/python-html5lib/usr/lib/python3.14/site-packages/html5lib/treewalkers/__pycache__/etree.cpython-314.pyc' -> '/usr/lib/python3.14/site-packages/html5lib/treewalkers/__pycache__/etree.cpython-314.pyc'
'/pkgs/python-html5lib/usr/lib/python3.14/site-packages/html5lib/treewalkers/__pycache__/etree.cpython-314.opt-1.pyc' -> '/usr/lib/python3.14/site-packages/html5lib/treewalkers/__pycache__/etree.cpython-314.opt-1.pyc'
'/pkgs/python-html5lib/usr/lib/python3.14/site-packages/html5lib/treewalkers/__pycache__/etree_lxml.cpython-314.pyc' -> '/usr/lib/python3.14/site-packages/html5lib/treewalkers/__pycache__/etree_lxml.cpython-314.pyc'
'/pkgs/python-html5lib/usr/lib/python3.14/site-packages/html5lib/treewalkers/__pycache__/etree_lxml.cpython-314.opt-1.pyc' -> '/usr/lib/python3.14/site-packages/html5lib/treewalkers/__pycache__/etree_lxml.cpython-314.opt-1.pyc'
'/pkgs/python-html5lib/usr/lib/python3.14/site-packages/html5lib/treewalkers/__pycache__/genshi.cpython-314.pyc' -> '/usr/lib/python3.14/site-packages/html5lib/treewalkers/__pycache__/genshi.cpython-314.pyc'
'/pkgs/python-html5lib/usr/lib/python3.14/site-packages/html5lib/treewalkers/__pycache__/genshi.cpython-314.opt-1.pyc' -> '/usr/lib/python3.14/site-packages/html5lib/treewalkers/__pycache__/genshi.cpython-314.opt-1.pyc'
'/pkgs/python-html5lib/usr/lib/python3.14/site-packages/html5lib/__pycache__/__init__.cpython-314.pyc' -> '/usr/lib/python3.14/site-packages/html5lib/__pycache__/__init__.cpython-314.pyc'
'/pkgs/python-html5lib/usr/lib/python3.14/site-packages/html5lib/__pycache__/__init__.cpython-314.opt-1.pyc' -> '/usr/lib/python3.14/site-packages/html5lib/__pycache__/__init__.cpython-314.opt-1.pyc'
'/pkgs/python-html5lib/usr/lib/python3.14/site-packages/html5lib/__pycache__/_ihatexml.cpython-314.pyc' -> '/usr/lib/python3.14/site-packages/html5lib/__pycache__/_ihatexml.cpython-314.pyc'
'/pkgs/python-html5lib/usr/lib/python3.14/site-packages/html5lib/__pycache__/_ihatexml.cpython-314.opt-1.pyc' -> '/usr/lib/python3.14/site-packages/html5lib/__pycache__/_ihatexml.cpython-314.opt-1.pyc'
'/pkgs/python-html5lib/usr/lib/python3.14/site-packages/html5lib/__pycache__/_inputstream.cpython-314.pyc' -> '/usr/lib/python3.14/site-packages/html5lib/__pycache__/_inputstream.cpython-314.pyc'
'/pkgs/python-html5lib/usr/lib/python3.14/site-packages/html5lib/__pycache__/_inputstream.cpython-314.opt-1.pyc' -> '/usr/lib/python3.14/site-packages/html5lib/__pycache__/_inputstream.cpython-314.opt-1.pyc'
'/pkgs/python-html5lib/usr/lib/python3.14/site-packages/html5lib/__pycache__/_tokenizer.cpython-314.pyc' -> '/usr/lib/python3.14/site-packages/html5lib/__pycache__/_tokenizer.cpython-314.pyc'
'/pkgs/python-html5lib/usr/lib/python3.14/site-packages/html5lib/__pycache__/_tokenizer.cpython-314.opt-1.pyc' -> '/usr/lib/python3.14/site-packages/html5lib/__pycache__/_tokenizer.cpython-314.opt-1.pyc'
'/pkgs/python-html5lib/usr/lib/python3.14/site-packages/html5lib/__pycache__/_utils.cpython-314.pyc' -> '/usr/lib/python3.14/site-packages/html5lib/__pycache__/_utils.cpython-314.pyc'
'/pkgs/python-html5lib/usr/lib/python3.14/site-packages/html5lib/__pycache__/_utils.cpython-314.opt-1.pyc' -> '/usr/lib/python3.14/site-packages/html5lib/__pycache__/_utils.cpython-314.opt-1.pyc'
'/pkgs/python-html5lib/usr/lib/python3.14/site-packages/html5lib/__pycache__/constants.cpython-314.pyc' -> '/usr/lib/python3.14/site-packages/html5lib/__pycache__/constants.cpython-314.pyc'
'/pkgs/python-html5lib/usr/lib/python3.14/site-packages/html5lib/__pycache__/constants.cpython-314.opt-1.pyc' -> '/usr/lib/python3.14/site-packages/html5lib/__pycache__/constants.cpython-314.opt-1.pyc'
'/pkgs/python-html5lib/usr/lib/python3.14/site-packages/html5lib/__pycache__/html5parser.cpython-314.pyc' -> '/usr/lib/python3.14/site-packages/html5lib/__pycache__/html5parser.cpython-314.pyc'
'/pkgs/python-html5lib/usr/lib/python3.14/site-packages/html5lib/__pycache__/html5parser.cpython-314.opt-1.pyc' -> '/usr/lib/python3.14/site-packages/html5lib/__pycache__/html5parser.cpython-314.opt-1.pyc'
'/pkgs/python-html5lib/usr/lib/python3.14/site-packages/html5lib/__pycache__/serializer.cpython-314.pyc' -> '/usr/lib/python3.14/site-packages/html5lib/__pycache__/serializer.cpython-314.pyc'
'/pkgs/python-html5lib/usr/lib/python3.14/site-packages/html5lib/__pycache__/serializer.cpython-314.opt-1.pyc' -> '/usr/lib/python3.14/site-packages/html5lib/__pycache__/serializer.cpython-314.opt-1.pyc'
'/pkgs/python-html5lib/usr/lib/python3.14/site-packages/html5lib-1.1.dist-info/licenses/AUTHORS.rst' -> '/usr/lib/python3.14/site-packages/html5lib-1.1.dist-info/licenses/AUTHORS.rst'
'/pkgs/python-html5lib/usr/lib/python3.14/site-packages/html5lib-1.1.dist-info/licenses/LICENSE' -> '/usr/lib/python3.14/site-packages/html5lib-1.1.dist-info/licenses/LICENSE'
'/pkgs/python-html5lib/usr/lib/python3.14/site-packages/html5lib-1.1.dist-info/METADATA' -> '/usr/lib/python3.14/site-packages/html5lib-1.1.dist-info/METADATA'
'/pkgs/python-html5lib/usr/lib/python3.14/site-packages/html5lib-1.1.dist-info/WHEEL' -> '/usr/lib/python3.14/site-packages/html5lib-1.1.dist-info/WHEEL'
'/pkgs/python-html5lib/usr/lib/python3.14/site-packages/html5lib-1.1.dist-info/top_level.txt' -> '/usr/lib/python3.14/site-packages/html5lib-1.1.dist-info/top_level.txt'
'/pkgs/python-html5lib/usr/lib/python3.14/site-packages/html5lib-1.1.dist-info/RECORD' -> '/usr/lib/python3.14/site-packages/html5lib-1.1.dist-info/RECORD'
python-html5lib/
python-html5lib/usr/
python-html5lib/usr/lib/
python-html5lib/usr/lib/python3.14/
python-html5lib/usr/lib/python3.14/site-packages/
python-html5lib/usr/lib/python3.14/site-packages/html5lib/
python-html5lib/usr/lib/python3.14/site-packages/html5lib/_ihatexml.py
python-html5lib/usr/lib/python3.14/site-packages/html5lib/_inputstream.py
python-html5lib/usr/lib/python3.14/site-packages/html5lib/__pycache__/
python-html5lib/usr/lib/python3.14/site-packages/html5lib/__pycache__/_ihatexml.cpython-314.opt-1.pyc
python-html5lib/usr/lib/python3.14/site-packages/html5lib/__pycache__/html5parser.cpython-314.pyc
python-html5lib/usr/lib/python3.14/site-packages/html5lib/__pycache__/_inputstream.cpython-314.opt-1.pyc
python-html5lib/usr/lib/python3.14/site-packages/html5lib/__pycache__/_utils.cpython-314.pyc
python-html5lib/usr/lib/python3.14/site-packages/html5lib/__pycache__/__init__.cpython-314.opt-1.pyc
python-html5lib/usr/lib/python3.14/site-packages/html5lib/__pycache__/constants.cpython-314.opt-1.pyc
python-html5lib/usr/lib/python3.14/site-packages/html5lib/__pycache__/_tokenizer.cpython-314.opt-1.pyc
python-html5lib/usr/lib/python3.14/site-packages/html5lib/__pycache__/serializer.cpython-314.pyc
python-html5lib/usr/lib/python3.14/site-packages/html5lib/__pycache__/constants.cpython-314.pyc
python-html5lib/usr/lib/python3.14/site-packages/html5lib/__pycache__/_utils.cpython-314.opt-1.pyc
python-html5lib/usr/lib/python3.14/site-packages/html5lib/__pycache__/_inputstream.cpython-314.pyc
python-html5lib/usr/lib/python3.14/site-packages/html5lib/__pycache__/_ihatexml.cpython-314.pyc
python-html5lib/usr/lib/python3.14/site-packages/html5lib/__pycache__/serializer.cpython-314.opt-1.pyc
python-html5lib/usr/lib/python3.14/site-packages/html5lib/__pycache__/__init__.cpython-314.pyc
python-html5lib/usr/lib/python3.14/site-packages/html5lib/__pycache__/_tokenizer.cpython-314.pyc
python-html5lib/usr/lib/python3.14/site-packages/html5lib/__pycache__/html5parser.cpython-314.opt-1.pyc
python-html5lib/usr/lib/python3.14/site-packages/html5lib/treewalkers/
python-html5lib/usr/lib/python3.14/site-packages/html5lib/treewalkers/__pycache__/
python-html5lib/usr/lib/python3.14/site-packages/html5lib/treewalkers/__pycache__/base.cpython-314.opt-1.pyc
python-html5lib/usr/lib/python3.14/site-packages/html5lib/treewalkers/__pycache__/dom.cpython-314.opt-1.pyc
python-html5lib/usr/lib/python3.14/site-packages/html5lib/treewalkers/__pycache__/etree_lxml.cpython-314.opt-1.pyc
python-html5lib/usr/lib/python3.14/site-packages/html5lib/treewalkers/__pycache__/__init__.cpython-314.opt-1.pyc
python-html5lib/usr/lib/python3.14/site-packages/html5lib/treewalkers/__pycache__/genshi.cpython-314.opt-1.pyc
python-html5lib/usr/lib/python3.14/site-packages/html5lib/treewalkers/__pycache__/base.cpython-314.pyc
python-html5lib/usr/lib/python3.14/site-packages/html5lib/treewalkers/__pycache__/etree.cpython-314.pyc
python-html5lib/usr/lib/python3.14/site-packages/html5lib/treewalkers/__pycache__/etree.cpython-314.opt-1.pyc
python-html5lib/usr/lib/python3.14/site-packages/html5lib/treewalkers/__pycache__/etree_lxml.cpython-314.pyc
python-html5lib/usr/lib/python3.14/site-packages/html5lib/treewalkers/__pycache__/dom.cpython-314.pyc
python-html5lib/usr/lib/python3.14/site-packages/html5lib/treewalkers/__pycache__/__init__.cpython-314.pyc
python-html5lib/usr/lib/python3.14/site-packages/html5lib/treewalkers/__pycache__/genshi.cpython-314.pyc
python-html5lib/usr/lib/python3.14/site-packages/html5lib/treewalkers/__init__.py
python-html5lib/usr/lib/python3.14/site-packages/html5lib/treewalkers/genshi.py
python-html5lib/usr/lib/python3.14/site-packages/html5lib/treewalkers/base.py
python-html5lib/usr/lib/python3.14/site-packages/html5lib/treewalkers/etree.py
python-html5lib/usr/lib/python3.14/site-packages/html5lib/treewalkers/dom.py
python-html5lib/usr/lib/python3.14/site-packages/html5lib/treewalkers/etree_lxml.py
python-html5lib/usr/lib/python3.14/site-packages/html5lib/treebuilders/
python-html5lib/usr/lib/python3.14/site-packages/html5lib/treebuilders/__pycache__/
python-html5lib/usr/lib/python3.14/site-packages/html5lib/treebuilders/__pycache__/base.cpython-314.opt-1.pyc
python-html5lib/usr/lib/python3.14/site-packages/html5lib/treebuilders/__pycache__/dom.cpython-314.opt-1.pyc
python-html5lib/usr/lib/python3.14/site-packages/html5lib/treebuilders/__pycache__/etree_lxml.cpython-314.opt-1.pyc
python-html5lib/usr/lib/python3.14/site-packages/html5lib/treebuilders/__pycache__/__init__.cpython-314.opt-1.pyc
python-html5lib/usr/lib/python3.14/site-packages/html5lib/treebuilders/__pycache__/base.cpython-314.pyc
python-html5lib/usr/lib/python3.14/site-packages/html5lib/treebuilders/__pycache__/etree.cpython-314.pyc
python-html5lib/usr/lib/python3.14/site-packages/html5lib/treebuilders/__pycache__/etree.cpython-314.opt-1.pyc
python-html5lib/usr/lib/python3.14/site-packages/html5lib/treebuilders/__pycache__/etree_lxml.cpython-314.pyc
python-html5lib/usr/lib/python3.14/site-packages/html5lib/treebuilders/__pycache__/dom.cpython-314.pyc
python-html5lib/usr/lib/python3.14/site-packages/html5lib/treebuilders/__pycache__/__init__.cpython-314.pyc
python-html5lib/usr/lib/python3.14/site-packages/html5lib/treebuilders/__init__.py
python-html5lib/usr/lib/python3.14/site-packages/html5lib/treebuilders/base.py
python-html5lib/usr/lib/python3.14/site-packages/html5lib/treebuilders/etree.py
python-html5lib/usr/lib/python3.14/site-packages/html5lib/treebuilders/dom.py
python-html5lib/usr/lib/python3.14/site-packages/html5lib/treebuilders/etree_lxml.py
python-html5lib/usr/lib/python3.14/site-packages/html5lib/treeadapters/
python-html5lib/usr/lib/python3.14/site-packages/html5lib/treeadapters/sax.py
python-html5lib/usr/lib/python3.14/site-packages/html5lib/treeadapters/__pycache__/
python-html5lib/usr/lib/python3.14/site-packages/html5lib/treeadapters/__pycache__/__init__.cpython-314.opt-1.pyc
python-html5lib/usr/lib/python3.14/site-packages/html5lib/treeadapters/__pycache__/genshi.cpython-314.opt-1.pyc
python-html5lib/usr/lib/python3.14/site-packages/html5lib/treeadapters/__pycache__/sax.cpython-314.pyc
python-html5lib/usr/lib/python3.14/site-packages/html5lib/treeadapters/__pycache__/sax.cpython-314.opt-1.pyc
python-html5lib/usr/lib/python3.14/site-packages/html5lib/treeadapters/__pycache__/__init__.cpython-314.pyc
python-html5lib/usr/lib/python3.14/site-packages/html5lib/treeadapters/__pycache__/genshi.cpython-314.pyc
python-html5lib/usr/lib/python3.14/site-packages/html5lib/treeadapters/__init__.py
python-html5lib/usr/lib/python3.14/site-packages/html5lib/treeadapters/genshi.py
python-html5lib/usr/lib/python3.14/site-packages/html5lib/html5parser.py
python-html5lib/usr/lib/python3.14/site-packages/html5lib/constants.py
python-html5lib/usr/lib/python3.14/site-packages/html5lib/__init__.py
python-html5lib/usr/lib/python3.14/site-packages/html5lib/serializer.py
python-html5lib/usr/lib/python3.14/site-packages/html5lib/filters/
python-html5lib/usr/lib/python3.14/site-packages/html5lib/filters/alphabeticalattributes.py
python-html5lib/usr/lib/python3.14/site-packages/html5lib/filters/inject_meta_charset.py
python-html5lib/usr/lib/python3.14/site-packages/html5lib/filters/__pycache__/
python-html5lib/usr/lib/python3.14/site-packages/html5lib/filters/__pycache__/inject_meta_charset.cpython-314.pyc
python-html5lib/usr/lib/python3.14/site-packages/html5lib/filters/__pycache__/base.cpython-314.opt-1.pyc
python-html5lib/usr/lib/python3.14/site-packages/html5lib/filters/__pycache__/lint.cpython-314.opt-1.pyc
python-html5lib/usr/lib/python3.14/site-packages/html5lib/filters/__pycache__/alphabeticalattributes.cpython-314.opt-1.pyc
python-html5lib/usr/lib/python3.14/site-packages/html5lib/filters/__pycache__/__init__.cpython-314.opt-1.pyc
python-html5lib/usr/lib/python3.14/site-packages/html5lib/filters/__pycache__/optionaltags.cpython-314.pyc
python-html5lib/usr/lib/python3.14/site-packages/html5lib/filters/__pycache__/whitespace.cpython-314.pyc
python-html5lib/usr/lib/python3.14/site-packages/html5lib/filters/__pycache__/base.cpython-314.pyc
python-html5lib/usr/lib/python3.14/site-packages/html5lib/filters/__pycache__/optionaltags.cpython-314.opt-1.pyc
python-html5lib/usr/lib/python3.14/site-packages/html5lib/filters/__pycache__/whitespace.cpython-314.opt-1.pyc
python-html5lib/usr/lib/python3.14/site-packages/html5lib/filters/__pycache__/sanitizer.cpython-314.opt-1.pyc
python-html5lib/usr/lib/python3.14/site-packages/html5lib/filters/__pycache__/sanitizer.cpython-314.pyc
python-html5lib/usr/lib/python3.14/site-packages/html5lib/filters/__pycache__/__init__.cpython-314.pyc
python-html5lib/usr/lib/python3.14/site-packages/html5lib/filters/__pycache__/alphabeticalattributes.cpython-314.pyc
python-html5lib/usr/lib/python3.14/site-packages/html5lib/filters/__pycache__/lint.cpython-314.pyc
python-html5lib/usr/lib/python3.14/site-packages/html5lib/filters/__pycache__/inject_meta_charset.cpython-314.opt-1.pyc
python-html5lib/usr/lib/python3.14/site-packages/html5lib/filters/sanitizer.py
python-html5lib/usr/lib/python3.14/site-packages/html5lib/filters/whitespace.py
python-html5lib/usr/lib/python3.14/site-packages/html5lib/filters/lint.py
python-html5lib/usr/lib/python3.14/site-packages/html5lib/filters/__init__.py
python-html5lib/usr/lib/python3.14/site-packages/html5lib/filters/base.py
python-html5lib/usr/lib/python3.14/site-packages/html5lib/filters/optionaltags.py
python-html5lib/usr/lib/python3.14/site-packages/html5lib/_trie/
python-html5lib/usr/lib/python3.14/site-packages/html5lib/_trie/__pycache__/
python-html5lib/usr/lib/python3.14/site-packages/html5lib/_trie/__pycache__/py.cpython-314.opt-1.pyc
python-html5lib/usr/lib/python3.14/site-packages/html5lib/_trie/__pycache__/_base.cpython-314.opt-1.pyc
python-html5lib/usr/lib/python3.14/site-packages/html5lib/_trie/__pycache__/__init__.cpython-314.opt-1.pyc
python-html5lib/usr/lib/python3.14/site-packages/html5lib/_trie/__pycache__/py.cpython-314.pyc
python-html5lib/usr/lib/python3.14/site-packages/html5lib/_trie/__pycache__/_base.cpython-314.pyc
python-html5lib/usr/lib/python3.14/site-packages/html5lib/_trie/__pycache__/__init__.cpython-314.pyc
python-html5lib/usr/lib/python3.14/site-packages/html5lib/_trie/__init__.py
python-html5lib/usr/lib/python3.14/site-packages/html5lib/_trie/py.py
python-html5lib/usr/lib/python3.14/site-packages/html5lib/_trie/_base.py
python-html5lib/usr/lib/python3.14/site-packages/html5lib/_tokenizer.py
python-html5lib/usr/lib/python3.14/site-packages/html5lib/_utils.py
python-html5lib/usr/lib/python3.14/site-packages/html5lib-1.1.dist-info/
python-html5lib/usr/lib/python3.14/site-packages/html5lib-1.1.dist-info/RECORD
python-html5lib/usr/lib/python3.14/site-packages/html5lib-1.1.dist-info/METADATA
python-html5lib/usr/lib/python3.14/site-packages/html5lib-1.1.dist-info/top_level.txt
python-html5lib/usr/lib/python3.14/site-packages/html5lib-1.1.dist-info/WHEEL
python-html5lib/usr/lib/python3.14/site-packages/html5lib-1.1.dist-info/licenses/
python-html5lib/usr/lib/python3.14/site-packages/html5lib-1.1.dist-info/licenses/AUTHORS.rst
python-html5lib/usr/lib/python3.14/site-packages/html5lib-1.1.dist-info/licenses/LICENSE
python-html5lib/version
python-html5lib/depends
python-html5lib/make-depends
