--2025-11-13 11:25:41--  https://github.com/libfuse/sshfs/releases/download/sshfs-3.7.5/sshfs-3.7.5.tar.xz
Resolving github.com (github.com)... 140.82.114.3
Connecting to github.com (github.com)|140.82.114.3|:443... connected.
HTTP request sent, awaiting response... 302 Found
Location: https://release-assets.githubusercontent.com/github-production-release-asset/48388286/caeee5be-0d11-4635-a184-e7b6e53549a0?sp=r&sv=2018-11-09&sr=b&spr=https&se=2025-11-13T12%3A12%3A42Z&rscd=attachment%3B+filename%3Dsshfs-3.7.5.tar.xz&rsct=application%2Foctet-stream&skoid=96c2d410-5711-43a1-aedd-ab1947aa7ab0&sktid=398a6654-997b-47e9-b12b-9515b896b4de&skt=2025-11-13T11%3A11%3A56Z&ske=2025-11-13T12%3A12%3A42Z&sks=b&skv=2018-11-09&sig=O7IJoPX3BNvm5AQ0SyccV%2BIuEVUgWu6Ue6kS5w1sNqA%3D&jwt=eyJ0eXAiOiJKV1QiLCJhbGciOiJIUzI1NiJ9.eyJpc3MiOiJnaXRodWIuY29tIiwiYXVkIjoicmVsZWFzZS1hc3NldHMuZ2l0aHVidXNlcmNvbnRlbnQuY29tIiwia2V5Ijoia2V5MSIsImV4cCI6MTc2MzAzMzQ0MSwibmJmIjoxNzYzMDMzMTQxLCJwYXRoIjoicmVsZWFzZWFzc2V0cHJvZHVjdGlvbi5ibG9iLmNvcmUud2luZG93cy5uZXQifQ.Kxd2Ts3nWELsFnyJBr74DPz99hMrDde-SpcQwFud1Ts&response-content-disposition=attachment%3B%20filename%3Dsshfs-3.7.5.tar.xz&response-content-type=application%2Foctet-stream [following]
--2025-11-13 11:25:41--  https://release-assets.githubusercontent.com/github-production-release-asset/48388286/caeee5be-0d11-4635-a184-e7b6e53549a0?sp=r&sv=2018-11-09&sr=b&spr=https&se=2025-11-13T12%3A12%3A42Z&rscd=attachment%3B+filename%3Dsshfs-3.7.5.tar.xz&rsct=application%2Foctet-stream&skoid=96c2d410-5711-43a1-aedd-ab1947aa7ab0&sktid=398a6654-997b-47e9-b12b-9515b896b4de&skt=2025-11-13T11%3A11%3A56Z&ske=2025-11-13T12%3A12%3A42Z&sks=b&skv=2018-11-09&sig=O7IJoPX3BNvm5AQ0SyccV%2BIuEVUgWu6Ue6kS5w1sNqA%3D&jwt=eyJ0eXAiOiJKV1QiLCJhbGciOiJIUzI1NiJ9.eyJpc3MiOiJnaXRodWIuY29tIiwiYXVkIjoicmVsZWFzZS1hc3NldHMuZ2l0aHVidXNlcmNvbnRlbnQuY29tIiwia2V5Ijoia2V5MSIsImV4cCI6MTc2MzAzMzQ0MSwibmJmIjoxNzYzMDMzMTQxLCJwYXRoIjoicmVsZWFzZWFzc2V0cHJvZHVjdGlvbi5ibG9iLmNvcmUud2luZG93cy5uZXQifQ.Kxd2Ts3nWELsFnyJBr74DPz99hMrDde-SpcQwFud1Ts&response-content-disposition=attachment%3B%20filename%3Dsshfs-3.7.5.tar.xz&response-content-type=application%2Foctet-stream
Resolving release-assets.githubusercontent.com (release-assets.githubusercontent.com)... 185.199.108.133, 185.199.109.133, 185.199.111.133, ...
Connecting to release-assets.githubusercontent.com (release-assets.githubusercontent.com)|185.199.108.133|:443... connected.
HTTP request sent, awaiting response... 200 OK
Length: 51604 (50K) [application/octet-stream]
Saving to: ‘sshfs-3.7.5.tar.xz’

     0K .......... .......... .......... .......... .......... 99% 11.7M 0s
    50K                                                       100%  753G=0.004s

2025-11-13 11:25:41 (11.8 MB/s) - ‘sshfs-3.7.5.tar.xz’ saved [51604/51604]

sshfs-3.7.5/
sshfs-3.7.5/.git-blame-ignore-revs
sshfs-3.7.5/.dir-locals.el
sshfs-3.7.5/compat/
sshfs-3.7.5/test/
sshfs-3.7.5/AUTHORS
sshfs-3.7.5/.pre-commit-config.yaml
sshfs-3.7.5/cache.h
sshfs-3.7.5/utils/
sshfs-3.7.5/.appveyor.yml
sshfs-3.7.5/meson.build
sshfs-3.7.5/README.md
sshfs-3.7.5/COPYING
sshfs-3.7.5/sshfs.c
sshfs-3.7.5/sshfs.rst
sshfs-3.7.5/.github/
sshfs-3.7.5/cache.c
sshfs-3.7.5/ChangeLog.rst
sshfs-3.7.5/.github/workflows/
sshfs-3.7.5/.github/ISSUE_TEMPLATE/
sshfs-3.7.5/.github/ISSUE_TEMPLATE/issue-report.md
sshfs-3.7.5/.github/workflows/build-ubuntu.yml
sshfs-3.7.5/utils/install_helper.sh
sshfs-3.7.5/test/appveyor-build.sh
sshfs-3.7.5/test/conftest.py
sshfs-3.7.5/test/wrong_command.c
sshfs-3.7.5/test/pytest.ini
sshfs-3.7.5/test/util.py
sshfs-3.7.5/test/lint.sh
sshfs-3.7.5/test/meson.build
sshfs-3.7.5/test/lsan_suppress.txt
sshfs-3.7.5/test/test_sshfs.py
sshfs-3.7.5/compat/darwin_compat.c
sshfs-3.7.5/compat/darwin_compat.h
The Meson build system
Version: 1.9.1
Source dir: /blfs/builds/sshfs-3.7.5
Build dir: /blfs/builds/sshfs-3.7.5/build
Build type: native build
Project name: sshfs
Project version: 3.7.5
C compiler for the host machine: cc (gcc 15.2.0 "cc (GCC) 15.2.0")
C linker for the host machine: cc ld.bfd 2.45
Host machine cpu family: x86_64
Host machine cpu: x86_64
../meson.build:5: WARNING: Consider using the built-in warning_level option instead of using "-Wall".
../meson.build:5: WARNING: Consider using the built-in warning_level option instead of using "-Wextra".
Message: Compiler warns about unused result even when casting to void
Program rst2man found: YES (/usr/bin/rst2man)
Configuring config.h using configuration
Found pkg-config: YES (/usr/bin/pkg-config) 2.5.1
Run-time dependency fuse3 found: YES 3.17.4
Run-time dependency glib-2.0 found: YES 2.86.1
Run-time dependency gthread-2.0 found: YES 2.86.1
Build targets in project: 4

sshfs 3.7.5

  User defined options
    buildtype: release
    prefix   : /usr

Found ninja-1.13.1 at /usr/bin/ninja
WARNING: Running the setup command as `meson [options]` instead of `meson setup [options]` is ambiguous and deprecated.
[1/7] Generating test/test_scripts with a custom command
[2/7] Compiling C object test/wrong_command.p/wrong_command.c.o
[3/7] Linking target test/wrong_command
[4/7] Compiling C object sshfs.p/cache.c.o
[5/7] Generating manpages with a custom command
[6/7] Compiling C object sshfs.p/sshfs.c.o
[7/7] Linking target sshfs
[0/1] Installing files
'/pkgs/sshfs/usr/sbin/mount.sshfs' -> '../bin/sshfs'
'/pkgs/sshfs/usr/sbin/mount.fuse.sshfs' -> '../bin/sshfs'
Installing sshfs to /pkgs/sshfs/usr/bin
Installing sshfs.1 to /pkgs/sshfs/usr/share/man/man1
Running custom install script '/blfs/builds/sshfs-3.7.5/utils/install_helper.sh sbin bin'
[0/1] Installing files
'/usr/sbin/mount.sshfs' -> '../bin/sshfs'
'/usr/sbin/mount.fuse.sshfs' -> '../bin/sshfs'
Installing sshfs to /usr/bin
Installing sshfs.1 to /usr/share/man/man1
Running custom install script '/blfs/builds/sshfs-3.7.5/utils/install_helper.sh sbin bin'
sshfs/
sshfs/usr/
sshfs/usr/share/
sshfs/usr/share/man/
sshfs/usr/share/man/man1/
sshfs/usr/share/man/man1/sshfs.1
sshfs/usr/sbin/
sshfs/usr/sbin/mount.sshfs
sshfs/usr/sbin/mount.fuse.sshfs
sshfs/usr/bin/
sshfs/usr/bin/sshfs
sshfs/version
sshfs/depends
