--2025-12-08 08:18:15--  https://download.videolan.org/vlc/3.0.22/vlc-3.0.22.tar.xz
Resolving download.videolan.org (download.videolan.org)... 2a01:e0d:1:3:58bf:fa02:c0de:5, 213.36.253.2
Connecting to download.videolan.org (download.videolan.org)|2a01:e0d:1:3:58bf:fa02:c0de:5|:443... connected.
HTTP request sent, awaiting response... 200 OK
Length: 26427084 (25M) [application/octet-stream]
Saving to: ‘vlc-3.0.22.tar.xz’

     0K .......... .......... .......... .......... ..........  0%  595K 43s
    50K .......... .......... .......... .......... ..........  0%  597K 43s
   100K .......... .......... .......... .......... ..........  0% 40.5M 29s
   150K .......... .......... .......... .......... ..........  0% 85.0K 97s
   200K .......... .......... .......... .......... ..........  0%  604K 86s
   250K .......... .......... .......... .......... ..........  1% 11.9M 72s
   300K .......... .......... .......... .......... ..........  1% 81.5M 61s
   350K .......... .......... .......... .......... ..........  1%  595K 59s
   400K .......... .......... .......... .......... ..........  1% 9.51M 53s
   450K .......... .......... .......... .......... ..........  1%  607K 51s
   500K .......... .......... .......... .......... ..........  2% 83.5M 47s
   550K .......... .......... .......... .......... ..........  2% 88.6M 43s
   600K .......... .......... .......... .......... ..........  2% 15.4M 40s
   650K .......... .......... .......... .......... ..........  2% 27.3M 37s
   700K .......... .......... .......... .......... ..........  2%  572K 37s
   750K .......... .......... .......... .......... ..........  3% 32.8M 35s
   800K .......... .......... .......... .......... ..........  3% 48.1M 33s
   850K .......... .......... .......... .......... ..........  3% 48.0M 31s
   900K .......... .......... .......... .......... ..........  3%  599K 31s
   950K .......... .......... .......... .......... ..........  3% 29.8M 30s
  1000K .......... .......... .......... .......... ..........  4% 35.6M 28s
  1050K .......... .......... .......... .......... ..........  4% 33.6M 27s
  1100K .......... .......... .......... .......... ..........  4% 33.2M 26s
  1150K .......... .......... .......... .......... ..........  4% 26.8M 25s
  1200K .......... .......... .......... .......... ..........  4% 35.2M 24s
  1250K .......... .......... .......... .......... ..........  5%  630K 24s
  1300K .......... .......... .......... .......... ..........  5% 84.4M 23s
  1350K .......... .......... .......... .......... ..........  5% 87.9M 22s
  1400K .......... .......... .......... .......... ..........  5% 19.4M 22s
  1450K .......... .......... .......... .......... ..........  5% 85.7M 21s
  1500K .......... .......... .......... .......... ..........  6%  602K 21s
  1550K .......... .......... .......... .......... ..........  6% 51.2M 21s
  1600K .......... .......... .......... .......... ..........  6% 74.9M 20s
  1650K .......... .......... .......... .......... ..........  6% 94.3M 19s
  1700K .......... .......... .......... .......... ..........  6% 94.9M 19s
  1750K .......... .......... .......... .......... ..........  6% 97.6M 18s
  1800K .......... .......... .......... .......... ..........  7%  102M 18s
  1850K .......... .......... .......... .......... ..........  7% 99.1M 17s
  1900K .......... .......... .......... .......... ..........  7%  112M 17s
  1950K .......... .......... .......... .......... ..........  7% 13.5M 16s
  2000K .......... .......... .......... .......... ..........  7% 67.6M 16s
  2050K .......... .......... .......... .......... ..........  8%  633K 16s
  2100K .......... .......... .......... .......... ..........  8%  171M 16s
  2150K .......... .......... .......... .......... ..........  8%  114M 16s
  2200K .......... .......... .......... .......... ..........  8%  138M 15s
  2250K .......... .......... .......... .......... ..........  8% 95.3M 15s
  2300K .......... .......... .......... .......... ..........  9%  143M 15s
  2350K .......... .......... .......... .......... ..........  9% 69.8M 14s
  2400K .......... .......... .......... .......... ..........  9%  140M 14s
  2450K .......... .......... .......... .......... ..........  9%  102M 14s
  2500K .......... .......... .......... .......... ..........  9% 10.6M 13s
  2550K .......... .......... .......... .......... .......... 10%  105M 13s
  2600K .......... .......... .......... .......... .......... 10%  108M 13s
  2650K .......... .......... .......... .......... .......... 10%  104M 13s
  2700K .......... .......... .......... .......... .......... 10%  636K 13s
  2750K .......... .......... .......... .......... .......... 10% 71.0M 13s
  2800K .......... .......... .......... .......... .......... 11%  152M 12s
  2850K .......... .......... .......... .......... .......... 11% 96.4M 12s
  2900K .......... .......... .......... .......... .......... 11%  121M 12s
  2950K .......... .......... .......... .......... .......... 11%  110M 12s
  3000K .......... .......... .......... .......... .......... 11%  121M 12s
  3050K .......... .......... .......... .......... .......... 12%  105M 11s
  3100K .......... .......... .......... .......... .......... 12%  121M 11s
  3150K .......... .......... .......... .......... .......... 12% 99.1M 11s
  3200K .......... .......... .......... .......... .......... 12% 91.1M 11s
  3250K .......... .......... .......... .......... .......... 12%  121M 11s
  3300K .......... .......... .......... .......... .......... 12% 94.2M 10s
  3350K .......... .......... .......... .......... .......... 13%  165M 10s
  3400K .......... .......... .......... .......... .......... 13%  120M 10s
  3450K .......... .......... .......... .......... .......... 13%  107M 10s
  3500K .......... .......... .......... .......... .......... 13% 94.0M 10s
  3550K .......... .......... .......... .......... .......... 13% 80.9M 10s
  3600K .......... .......... .......... .......... .......... 14%  115M 9s
  3650K .......... .......... .......... .......... .......... 14% 93.2M 9s
  3700K .......... .......... .......... .......... .......... 14%  151M 9s
  3750K .......... .......... .......... .......... .......... 14%  628K 9s
  3800K .......... .......... .......... .......... .......... 14%  137M 9s
  3850K .......... .......... .......... .......... .......... 15%  126M 9s
  3900K .......... .......... .......... .......... .......... 15%  130M 9s
  3950K .......... .......... .......... .......... .......... 15% 85.6M 9s
  4000K .......... .......... .......... .......... .......... 15%  101M 9s
  4050K .......... .......... .......... .......... .......... 15% 41.7M 9s
  4100K .......... .......... .......... .......... .......... 16% 80.6M 9s
  4150K .......... .......... .......... .......... .......... 16% 89.9M 8s
  4200K .......... .......... .......... .......... .......... 16%  127M 8s
  4250K .......... .......... .......... .......... .......... 16%  138M 8s
  4300K .......... .......... .......... .......... .......... 16% 27.6M 8s
  4350K .......... .......... .......... .......... .......... 17%  101M 8s
  4400K .......... .......... .......... .......... .......... 17%  132M 8s
  4450K .......... .......... .......... .......... .......... 17%  138M 8s
  4500K .......... .......... .......... .......... .......... 17%  137M 8s
  4550K .......... .......... .......... .......... .......... 17%  130M 8s
  4600K .......... .......... .......... .......... .......... 18%  127M 7s
  4650K .......... .......... .......... .......... .......... 18%  142M 7s
  4700K .......... .......... .......... .......... .......... 18%  127M 7s
  4750K .......... .......... .......... .......... .......... 18%  105M 7s
  4800K .......... .......... .......... .......... .......... 18%  134M 7s
  4850K .......... .......... .......... .......... .......... 18%  138M 7s
  4900K .......... .......... .......... .......... .......... 19%  142M 7s
  4950K .......... .......... .......... .......... .......... 19%  657K 7s
  5000K .......... .......... .......... .......... .......... 19% 96.6M 7s
  5050K .......... .......... .......... .......... .......... 19%  101M 7s
  5100K .......... .......... .......... .......... .......... 19% 98.8M 7s
  5150K .......... .......... .......... .......... .......... 20% 74.5M 7s
  5200K .......... .......... .......... .......... .......... 20% 98.5M 7s
  5250K .......... .......... .......... .......... .......... 20%  109M 7s
  5300K .......... .......... .......... .......... .......... 20% 97.8M 7s
  5350K .......... .......... .......... .......... .......... 20% 99.1M 7s
  5400K .......... .......... .......... .......... .......... 21% 82.0M 6s
  5450K .......... .......... .......... .......... .......... 21% 79.0M 6s
  5500K .......... .......... .......... .......... .......... 21% 84.1M 6s
  5550K .......... .......... .......... .......... .......... 21% 61.3M 6s
  5600K .......... .......... .......... .......... .......... 21% 85.0M 6s
  5650K .......... .......... .......... .......... .......... 22% 85.0M 6s
  5700K .......... .......... .......... .......... .......... 22% 81.9M 6s
  5750K .......... .......... .......... .......... .......... 22% 86.2M 6s
  5800K .......... .......... .......... .......... .......... 22% 82.7M 6s
  5850K .......... .......... .......... .......... .......... 22% 91.4M 6s
  5900K .......... .......... .......... .......... .......... 23% 86.5M 6s
  5950K .......... .......... .......... .......... .......... 23% 68.0M 6s
  6000K .......... .......... .......... .......... .......... 23% 86.6M 6s
  6050K .......... .......... .......... .......... .......... 23% 82.8M 6s
  6100K .......... .......... .......... .......... .......... 23% 85.9M 6s
  6150K .......... .......... .......... .......... .......... 24% 82.6M 5s
  6200K .......... .......... .......... .......... .......... 24% 85.3M 5s
  6250K .......... .......... .......... .......... .......... 24% 85.9M 5s
  6300K .......... .......... .......... .......... .......... 24% 84.2M 5s
  6350K .......... .......... .......... .......... .......... 24% 63.9M 5s
  6400K .......... .......... .......... .......... .......... 24% 82.6M 5s
  6450K .......... .......... .......... .......... .......... 25% 86.9M 5s
  6500K .......... .......... .......... .......... .......... 25% 86.7M 5s
  6550K .......... .......... .......... .......... .......... 25% 87.9M 5s
  6600K .......... .......... .......... .......... .......... 25% 93.3M 5s
  6650K .......... .......... .......... .......... .......... 25% 89.5M 5s
  6700K .......... .......... .......... .......... .......... 26% 91.1M 5s
  6750K .......... .......... .......... .......... .......... 26% 65.2M 5s
  6800K .......... .......... .......... .......... .......... 26% 87.5M 5s
  6850K .......... .......... .......... .......... .......... 26% 84.4M 5s
  6900K .......... .......... .......... .......... .......... 26% 70.1M 5s
  6950K .......... .......... .......... .......... .......... 27% 81.9M 5s
  7000K .......... .......... .......... .......... .......... 27% 88.4M 5s
  7050K .......... .......... .......... .......... .......... 27%  774K 5s
  7100K .......... .......... .......... .......... .......... 27% 45.2M 5s
  7150K .......... .......... .......... .......... .......... 27% 34.5M 5s
  7200K .......... .......... .......... .......... .......... 28% 41.4M 5s
  7250K .......... .......... .......... .......... .......... 28% 41.5M 5s
  7300K .......... .......... .......... .......... .......... 28% 44.1M 5s
  7350K .......... .......... .......... .......... .......... 28% 42.2M 5s
  7400K .......... .......... .......... .......... .......... 28% 37.6M 4s
  7450K .......... .......... .......... .......... .......... 29% 42.5M 4s
  7500K .......... .......... .......... .......... .......... 29% 43.3M 4s
  7550K .......... .......... .......... .......... .......... 29% 35.4M 4s
  7600K .......... .......... .......... .......... .......... 29% 39.0M 4s
  7650K .......... .......... .......... .......... .......... 29% 41.1M 4s
  7700K .......... .......... .......... .......... .......... 30% 41.5M 4s
  7750K .......... .......... .......... .......... .......... 30% 43.5M 4s
  7800K .......... .......... .......... .......... .......... 30% 38.1M 4s
  7850K .......... .......... .......... .......... .......... 30% 41.9M 4s
  7900K .......... .......... .......... .......... .......... 30% 44.0M 4s
  7950K .......... .......... .......... .......... .......... 30% 30.2M 4s
  8000K .......... .......... .......... .......... .......... 31% 42.2M 4s
  8050K .......... .......... .......... .......... .......... 31% 44.9M 4s
  8100K .......... .......... .......... .......... .......... 31% 46.0M 4s
  8150K .......... .......... .......... .......... .......... 31% 41.4M 4s
  8200K .......... .......... .......... .......... .......... 31% 45.8M 4s
  8250K .......... .......... .......... .......... .......... 32% 47.1M 4s
  8300K .......... .......... .......... .......... .......... 32% 48.2M 4s
  8350K .......... .......... .......... .......... .......... 32% 35.2M 4s
  8400K .......... .......... .......... .......... .......... 32% 69.3M 4s
  8450K .......... .......... .......... .......... .......... 32% 66.7M 4s
  8500K .......... .......... .......... .......... .......... 33% 70.0M 4s
  8550K .......... .......... .......... .......... .......... 33% 61.0M 4s
  8600K .......... .......... .......... .......... .......... 33% 55.5M 4s
  8650K .......... .......... .......... .......... .......... 33% 66.3M 4s
  8700K .......... .......... .......... .......... .......... 33% 85.1M 4s
  8750K .......... .......... .......... .......... .......... 34% 69.2M 4s
  8800K .......... .......... .......... .......... .......... 34% 92.3M 4s
  8850K .......... .......... .......... .......... .......... 34% 81.6M 4s
  8900K .......... .......... .......... .......... .......... 34% 84.4M 3s
  8950K .......... .......... .......... .......... .......... 34% 92.7M 3s
  9000K .......... .......... .......... .......... .......... 35% 92.1M 3s
  9050K .......... .......... .......... .......... .......... 35% 92.9M 3s
  9100K .......... .......... .......... .......... .......... 35% 91.9M 3s
  9150K .......... .......... .......... .......... .......... 35% 88.8M 3s
  9200K .......... .......... .......... .......... .......... 35%  117M 3s
  9250K .......... .......... .......... .......... .......... 36%  101M 3s
  9300K .......... .......... .......... .......... .......... 36% 1.08M 3s
  9350K .......... .......... .......... .......... .......... 36% 96.2M 3s
  9400K .......... .......... .......... .......... .......... 36%  125M 3s
  9450K .......... .......... .......... .......... .......... 36%  133M 3s
  9500K .......... .......... .......... .......... .......... 37%  130M 3s
  9550K .......... .......... .......... .......... .......... 37% 78.6M 3s
  9600K .......... .......... .......... .......... .......... 37%  129M 3s
  9650K .......... .......... .......... .......... .......... 37% 93.8M 3s
  9700K .......... .......... .......... .......... .......... 37%  123M 3s
  9750K .......... .......... .......... .......... .......... 37%  113M 3s
  9800K .......... .......... .......... .......... .......... 38%  140M 3s
  9850K .......... .......... .......... .......... .......... 38%  105M 3s
  9900K .......... .......... .......... .......... .......... 38%  103M 3s
  9950K .......... .......... .......... .......... .......... 38% 92.8M 3s
 10000K .......... .......... .......... .......... .......... 38%  112M 3s
 10050K .......... .......... .......... .......... .......... 39%  123M 3s
 10100K .......... .......... .......... .......... .......... 39% 86.9M 3s
 10150K .......... .......... .......... .......... .......... 39%  130M 3s
 10200K .......... .......... .......... .......... .......... 39%  115M 3s
 10250K .......... .......... .......... .......... .......... 39%  129M 3s
 10300K .......... .......... .......... .......... .......... 40% 97.3M 3s
 10350K .......... .......... .......... .......... .......... 40% 96.7M 3s
 10400K .......... .......... .......... .......... .......... 40% 93.7M 3s
 10450K .......... .......... .......... .......... .......... 40%  133M 3s
 10500K .......... .......... .......... .......... .......... 40%  110M 3s
 10550K .......... .......... .......... .......... .......... 41%  115M 3s
 10600K .......... .......... .......... .......... .......... 41%  103M 3s
 10650K .......... .......... .......... .......... .......... 41%  133M 3s
 10700K .......... .......... .......... .......... .......... 41%  127M 3s
 10750K .......... .......... .......... .......... .......... 41% 70.5M 3s
 10800K .......... .......... .......... .......... .......... 42%  134M 3s
 10850K .......... .......... .......... .......... .......... 42%  113M 3s
 10900K .......... .......... .......... .......... .......... 42%  107M 3s
 10950K .......... .......... .......... .......... .......... 42%  131M 3s
 11000K .......... .......... .......... .......... .......... 42%  123M 3s
 11050K .......... .......... .......... .......... .......... 43%  142M 3s
 11100K .......... .......... .......... .......... .......... 43%  102M 3s
 11150K .......... .......... .......... .......... .......... 43% 74.2M 3s
 11200K .......... .......... .......... .......... .......... 43% 98.8M 2s
 11250K .......... .......... .......... .......... .......... 43%  138M 2s
 11300K .......... .......... .......... .......... .......... 43%  121M 2s
 11350K .......... .......... .......... .......... .......... 44%  137M 2s
 11400K .......... .......... .......... .......... .......... 44%  101M 2s
 11450K .......... .......... .......... .......... .......... 44%  120M 2s
 11500K .......... .......... .......... .......... .......... 44% 91.6M 2s
 11550K .......... .......... .......... .......... .......... 44% 89.1M 2s
 11600K .......... .......... .......... .......... .......... 45%  118M 2s
 11650K .......... .......... .......... .......... .......... 45%  137M 2s
 11700K .......... .......... .......... .......... .......... 45% 89.9M 2s
 11750K .......... .......... .......... .......... .......... 45%  125M 2s
 11800K .......... .......... .......... .......... .......... 45%  146M 2s
 11850K .......... .......... .......... .......... .......... 46% 97.0M 2s
 11900K .......... .......... .......... .......... .......... 46% 87.9M 2s
 11950K .......... .......... .......... .......... .......... 46% 75.0M 2s
 12000K .......... .......... .......... .......... .......... 46%  116M 2s
 12050K .......... .......... .......... .......... .......... 46% 85.1M 2s
 12100K .......... .......... .......... .......... .......... 47% 83.3M 2s
 12150K .......... .......... .......... .......... .......... 47%  160M 2s
 12200K .......... .......... .......... .......... .......... 47%  105M 2s
 12250K .......... .......... .......... .......... .......... 47% 81.6M 2s
 12300K .......... .......... .......... .......... .......... 47%  147M 2s
 12350K .......... .......... .......... .......... .......... 48% 65.9M 2s
 12400K .......... .......... .......... .......... .......... 48%  133M 2s
 12450K .......... .......... .......... .......... .......... 48% 5.57M 2s
 12500K .......... .......... .......... .......... .......... 48%  144M 2s
 12550K .......... .......... .......... .......... .......... 48%  989K 2s
 12600K .......... .......... .......... .......... .......... 49%  129M 2s
 12650K .......... .......... .......... .......... .......... 49%  106M 2s
 12700K .......... .......... .......... .......... .......... 49%  119M 2s
 12750K .......... .......... .......... .......... .......... 49% 83.5M 2s
 12800K .......... .......... .......... .......... .......... 49%  110M 2s
 12850K .......... .......... .......... .......... .......... 49%  109M 2s
 12900K .......... .......... .......... .......... .......... 50%  119M 2s
 12950K .......... .......... .......... .......... .......... 50%  119M 2s
 13000K .......... .......... .......... .......... .......... 50%  121M 2s
 13050K .......... .......... .......... .......... .......... 50%  117M 2s
 13100K .......... .......... .......... .......... .......... 50%  115M 2s
 13150K .......... .......... .......... .......... .......... 51% 69.5M 2s
 13200K .......... .......... .......... .......... .......... 51% 87.0M 2s
 13250K .......... .......... .......... .......... .......... 51% 99.4M 2s
 13300K .......... .......... .......... .......... .......... 51%  102M 2s
 13350K .......... .......... .......... .......... .......... 51% 98.2M 2s
 13400K .......... .......... .......... .......... .......... 52%  101M 2s
 13450K .......... .......... .......... .......... .......... 52%  106M 2s
 13500K .......... .......... .......... .......... .......... 52% 96.3M 2s
 13550K .......... .......... .......... .......... .......... 52% 70.7M 2s
 13600K .......... .......... .......... .......... .......... 52% 94.7M 2s
 13650K .......... .......... .......... .......... .......... 53% 94.8M 2s
 13700K .......... .......... .......... .......... .......... 53% 95.4M 2s
 13750K .......... .......... .......... .......... .......... 53% 95.8M 2s
 13800K .......... .......... .......... .......... .......... 53% 97.9M 2s
 13850K .......... .......... .......... .......... .......... 53% 92.7M 2s
 13900K .......... .......... .......... .......... .......... 54% 97.9M 2s
 13950K .......... .......... .......... .......... .......... 54% 74.2M 2s
 14000K .......... .......... .......... .......... .......... 54% 99.2M 2s
 14050K .......... .......... .......... .......... .......... 54% 97.2M 2s
 14100K .......... .......... .......... .......... .......... 54% 96.8M 2s
 14150K .......... .......... .......... .......... .......... 55% 95.0M 2s
 14200K .......... .......... .......... .......... .......... 55% 98.0M 2s
 14250K .......... .......... .......... .......... .......... 55% 89.2M 2s
 14300K .......... .......... .......... .......... .......... 55% 99.6M 2s
 14350K .......... .......... .......... .......... .......... 55% 69.3M 2s
 14400K .......... .......... .......... .......... .......... 55% 95.3M 2s
 14450K .......... .......... .......... .......... .......... 56% 97.4M 2s
 14500K .......... .......... .......... .......... .......... 56% 95.1M 2s
 14550K .......... .......... .......... .......... .......... 56% 96.5M 2s
 14600K .......... .......... .......... .......... .......... 56% 86.1M 2s
 14650K .......... .......... .......... .......... .......... 56% 87.8M 2s
 14700K .......... .......... .......... .......... .......... 57% 91.1M 2s
 14750K .......... .......... .......... .......... .......... 57% 74.3M 1s
 14800K .......... .......... .......... .......... .......... 57% 90.1M 1s
 14850K .......... .......... .......... .......... .......... 57% 94.5M 1s
 14900K .......... .......... .......... .......... .......... 57% 94.7M 1s
 14950K .......... .......... .......... .......... .......... 58% 93.4M 1s
 15000K .......... .......... .......... .......... .......... 58% 98.0M 1s
 15050K .......... .......... .......... .......... .......... 58%  101M 1s
 15100K .......... .......... .......... .......... .......... 58% 93.9M 1s
 15150K .......... .......... .......... .......... .......... 58% 72.1M 1s
 15200K .......... .......... .......... .......... .......... 59% 96.6M 1s
 15250K .......... .......... .......... .......... .......... 59% 96.5M 1s
 15300K .......... .......... .......... .......... .......... 59% 97.4M 1s
 15350K .......... .......... .......... .......... .......... 59% 93.9M 1s
 15400K .......... .......... .......... .......... .......... 59%  103M 1s
 15450K .......... .......... .......... .......... .......... 60% 98.1M 1s
 15500K .......... .......... .......... .......... .......... 60% 95.4M 1s
 15550K .......... .......... .......... .......... .......... 60% 83.5M 1s
 15600K .......... .......... .......... .......... .......... 60%  117M 1s
 15650K .......... .......... .......... .......... .......... 60%  119M 1s
 15700K .......... .......... .......... .......... .......... 61%  118M 1s
 15750K .......... .......... .......... .......... .......... 61%  122M 1s
 15800K .......... .......... .......... .......... .......... 61%  122M 1s
 15850K .......... .......... .......... .......... .......... 61%  120M 1s
 15900K .......... .......... .......... .......... .......... 61%  116M 1s
 15950K .......... .......... .......... .......... .......... 61% 90.9M 1s
 16000K .......... .......... .......... .......... .......... 62%  115M 1s
 16050K .......... .......... .......... .......... .......... 62%  122M 1s
 16100K .......... .......... .......... .......... .......... 62%  125M 1s
 16150K .......... .......... .......... .......... .......... 62%  139M 1s
 16200K .......... .......... .......... .......... .......... 62%  145M 1s
 16250K .......... .......... .......... .......... .......... 63%  139M 1s
 16300K .......... .......... .......... .......... .......... 63%  132M 1s
 16350K .......... .......... .......... .......... .......... 63%  104M 1s
 16400K .......... .......... .......... .......... .......... 63%  135M 1s
 16450K .......... .......... .......... .......... .......... 63%  138M 1s
 16500K .......... .......... .......... .......... .......... 64%  149M 1s
 16550K .......... .......... .......... .......... .......... 64%  139M 1s
 16600K .......... .......... .......... .......... .......... 64%  140M 1s
 16650K .......... .......... .......... .......... .......... 64%  150M 1s
 16700K .......... .......... .......... .......... .......... 64%  137M 1s
 16750K .......... .......... .......... .......... .......... 65%  114M 1s
 16800K .......... .......... .......... .......... .......... 65%  144M 1s
 16850K .......... .......... .......... .......... .......... 65%  168M 1s
 16900K .......... .......... .......... .......... .......... 65%  168M 1s
 16950K .......... .......... .......... .......... .......... 65%  175M 1s
 17000K .......... .......... .......... .......... .......... 66% 1.05M 1s
 17050K .......... .......... .......... .......... .......... 66%  141M 1s
 17100K .......... .......... .......... .......... .......... 66%  133M 1s
 17150K .......... .......... .......... .......... .......... 66% 76.2M 1s
 17200K .......... .......... .......... .......... .......... 66%  133M 1s
 17250K .......... .......... .......... .......... .......... 67%  128M 1s
 17300K .......... .......... .......... .......... .......... 67% 71.7M 1s
 17350K .......... .......... .......... .......... .......... 67%  119M 1s
 17400K .......... .......... .......... .......... .......... 67%  119M 1s
 17450K .......... .......... .......... .......... .......... 67%  125M 1s
 17500K .......... .......... .......... .......... .......... 68%  130M 1s
 17550K .......... .......... .......... .......... .......... 68%  123M 1s
 17600K .......... .......... .......... .......... .......... 68% 82.2M 1s
 17650K .......... .......... .......... .......... .......... 68%  133M 1s
 17700K .......... .......... .......... .......... .......... 68% 96.9M 1s
 17750K .......... .......... .......... .......... .......... 68%  142M 1s
 17800K .......... .......... .......... .......... .......... 69%  119M 1s
 17850K .......... .......... .......... .......... .......... 69% 88.7M 1s
 17900K .......... .......... .......... .......... .......... 69%  105M 1s
 17950K .......... .......... .......... .......... .......... 69% 94.2M 1s
 18000K .......... .......... .......... .......... .......... 69% 99.2M 1s
 18050K .......... .......... .......... .......... .......... 70% 57.0M 1s
 18100K .......... .......... .......... .......... .......... 70%  110M 1s
 18150K .......... .......... .......... .......... .......... 70%  101M 1s
 18200K .......... .......... .......... .......... .......... 70%  135M 1s
 18250K .......... .......... .......... .......... .......... 70%  120M 1s
 18300K .......... .......... .......... .......... .......... 71% 46.8M 1s
 18350K .......... .......... .......... .......... .......... 71% 95.4M 1s
 18400K .......... .......... .......... .......... .......... 71% 96.6M 1s
 18450K .......... .......... .......... .......... .......... 71%  148M 1s
 18500K .......... .......... .......... .......... .......... 71%  129M 1s
 18550K .......... .......... .......... .......... .......... 72% 99.1M 1s
 18600K .......... .......... .......... .......... .......... 72%  133M 1s
 18650K .......... .......... .......... .......... .......... 72%  113M 1s
 18700K .......... .......... .......... .......... .......... 72% 91.6M 1s
 18750K .......... .......... .......... .......... .......... 72%  110M 1s
 18800K .......... .......... .......... .......... .......... 73% 39.0M 1s
 18850K .......... .......... .......... .......... .......... 73% 99.0M 1s
 18900K .......... .......... .......... .......... .......... 73%  136M 1s
 18950K .......... .......... .......... .......... .......... 73% 99.8M 1s
 19000K .......... .......... .......... .......... .......... 73%  130M 1s
 19050K .......... .......... .......... .......... .......... 74%  148M 1s
 19100K .......... .......... .......... .......... .......... 74%  104M 1s
 19150K .......... .......... .......... .......... .......... 74% 96.5M 1s
 19200K .......... .......... .......... .......... .......... 74% 94.0M 1s
 19250K .......... .......... .......... .......... .......... 74% 98.3M 1s
 19300K .......... .......... .......... .......... .......... 74% 12.1M 1s
 19350K .......... .......... .......... .......... .......... 75%  140M 1s
 19400K .......... .......... .......... .......... .......... 75% 96.3M 1s
 19450K .......... .......... .......... .......... .......... 75%  115M 1s
 19500K .......... .......... .......... .......... .......... 75%  105M 1s
 19550K .......... .......... .......... .......... .......... 75% 87.3M 1s
 19600K .......... .......... .......... .......... .......... 76% 96.9M 1s
 19650K .......... .......... .......... .......... .......... 76%  175M 1s
 19700K .......... .......... .......... .......... .......... 76%  103M 1s
 19750K .......... .......... .......... .......... .......... 76% 97.4M 1s
 19800K .......... .......... .......... .......... .......... 76%  169M 1s
 19850K .......... .......... .......... .......... .......... 77%  113M 1s
 19900K .......... .......... .......... .......... .......... 77% 92.7M 1s
 19950K .......... .......... .......... .......... .......... 77% 96.5M 1s
 20000K .......... .......... .......... .......... .......... 77% 96.0M 1s
 20050K .......... .......... .......... .......... .......... 77%  144M 1s
 20100K .......... .......... .......... .......... .......... 78% 52.6M 1s
 20150K .......... .......... .......... .......... .......... 78%  152M 1s
 20200K .......... .......... .......... .......... .......... 78% 97.2M 1s
 20250K .......... .......... .......... .......... .......... 78% 74.7M 1s
 20300K .......... .......... .......... .......... .......... 78%  176M 1s
 20350K .......... .......... .......... .......... .......... 79% 89.8M 1s
 20400K .......... .......... .......... .......... .......... 79%  109M 1s
 20450K .......... .......... .......... .......... .......... 79% 92.0M 1s
 20500K .......... .......... .......... .......... .......... 79%  136M 1s
 20550K .......... .......... .......... .......... .......... 79%  103M 1s
 20600K .......... .......... .......... .......... .......... 80% 73.0M 1s
 20650K .......... .......... .......... .......... .......... 80%  111M 1s
 20700K .......... .......... .......... .......... .......... 80%  121M 1s
 20750K .......... .......... .......... .......... .......... 80% 74.7M 1s
 20800K .......... .......... .......... .......... .......... 80%  115M 1s
 20850K .......... .......... .......... .......... .......... 80%  152M 0s
 20900K .......... .......... .......... .......... .......... 81% 9.46M 0s
 20950K .......... .......... .......... .......... .......... 81% 82.9M 0s
 21000K .......... .......... .......... .......... .......... 81%  108M 0s
 21050K .......... .......... .......... .......... .......... 81% 96.4M 0s
 21100K .......... .......... .......... .......... .......... 81%  166M 0s
 21150K .......... .......... .......... .......... .......... 82% 76.2M 0s
 21200K .......... .......... .......... .......... .......... 82%  146M 0s
 21250K .......... .......... .......... .......... .......... 82% 96.7M 0s
 21300K .......... .......... .......... .......... .......... 82%  114M 0s
 21350K .......... .......... .......... .......... .......... 82% 85.8M 0s
 21400K .......... .......... .......... .......... .......... 83%  174M 0s
 21450K .......... .......... .......... .......... .......... 83%  120M 0s
 21500K .......... .......... .......... .......... .......... 83% 93.8M 0s
 21550K .......... .......... .......... .......... .......... 83% 99.4M 0s
 21600K .......... .......... .......... .......... .......... 83% 92.7M 0s
 21650K .......... .......... .......... .......... .......... 84%  159M 0s
 21700K .......... .......... .......... .......... .......... 84%  114M 0s
 21750K .......... .......... .......... .......... .......... 84% 94.8M 0s
 21800K .......... .......... .......... .......... .......... 84%  155M 0s
 21850K .......... .......... .......... .......... .......... 84% 82.1M 0s
 21900K .......... .......... .......... .......... .......... 85%  136M 0s
 21950K .......... .......... .......... .......... .......... 85% 85.5M 0s
 22000K .......... .......... .......... .......... .......... 85% 59.4M 0s
 22050K .......... .......... .......... .......... .......... 85%  105M 0s
 22100K .......... .......... .......... .......... .......... 85%  101M 0s
 22150K .......... .......... .......... .......... .......... 86%  115M 0s
 22200K .......... .......... .......... .......... .......... 86%  156M 0s
 22250K .......... .......... .......... .......... .......... 86%  102M 0s
 22300K .......... .......... .......... .......... .......... 86%  107M 0s
 22350K .......... .......... .......... .......... .......... 86% 94.5M 0s
 22400K .......... .......... .......... .......... .......... 86% 95.5M 0s
 22450K .......... .......... .......... .......... .......... 87%  141M 0s
 22500K .......... .......... .......... .......... .......... 87%  113M 0s
 22550K .......... .......... .......... .......... .......... 87% 31.2M 0s
 22600K .......... .......... .......... .......... .......... 87%  147M 0s
 22650K .......... .......... .......... .......... .......... 87%  127M 0s
 22700K .......... .......... .......... .......... .......... 88% 95.5M 0s
 22750K .......... .......... .......... .......... .......... 88% 66.3M 0s
 22800K .......... .......... .......... .......... .......... 88% 93.5M 0s
 22850K .......... .......... .......... .......... .......... 88%  187M 0s
 22900K .......... .......... .......... .......... .......... 88%  140M 0s
 22950K .......... .......... .......... .......... .......... 89% 94.2M 0s
 23000K .......... .......... .......... .......... .......... 89%  105M 0s
 23050K .......... .......... .......... .......... .......... 89%  105M 0s
 23100K .......... .......... .......... .......... .......... 89%  216M 0s
 23150K .......... .......... .......... .......... .......... 89% 80.9M 0s
 23200K .......... .......... .......... .......... .......... 90%  108M 0s
 23250K .......... .......... .......... .......... .......... 90% 89.8M 0s
 23300K .......... .......... .......... .......... .......... 90%  170M 0s
 23350K .......... .......... .......... .......... .......... 90% 97.1M 0s
 23400K .......... .......... .......... .......... .......... 90%  121M 0s
 23450K .......... .......... .......... .......... .......... 91% 2.42M 0s
 23500K .......... .......... .......... .......... .......... 91% 94.7M 0s
 23550K .......... .......... .......... .......... .......... 91% 83.0M 0s
 23600K .......... .......... .......... .......... .......... 91%  108M 0s
 23650K .......... .......... .......... .......... .......... 91%  102M 0s
 23700K .......... .......... .......... .......... .......... 92%  164M 0s
 23750K .......... .......... .......... .......... .......... 92% 93.2M 0s
 23800K .......... .......... .......... .......... .......... 92%  112M 0s
 23850K .......... .......... .......... .......... .......... 92% 97.9M 0s
 23900K .......... .......... .......... .......... .......... 92%  150M 0s
 23950K .......... .......... .......... .......... .......... 92% 72.1M 0s
 24000K .......... .......... .......... .......... .......... 93%  170M 0s
 24050K .......... .......... .......... .......... .......... 93% 95.9M 0s
 24100K .......... .......... .......... .......... .......... 93% 85.8M 0s
 24150K .......... .......... .......... .......... .......... 93%  209M 0s
 24200K .......... .......... .......... .......... .......... 93%  117M 0s
 24250K .......... .......... .......... .......... .......... 94% 95.7M 0s
 24300K .......... .......... .......... .......... .......... 94%  137M 0s
 24350K .......... .......... .......... .......... .......... 94% 70.8M 0s
 24400K .......... .......... .......... .......... .......... 94%  154M 0s
 24450K .......... .......... .......... .......... .......... 94% 5.19M 0s
 24500K .......... .......... .......... .......... .......... 95% 92.8M 0s
 24550K .......... .......... .......... .......... .......... 95%  114M 0s
 24600K .......... .......... .......... .......... .......... 95%  169M 0s
 24650K .......... .......... .......... .......... .......... 95%  101M 0s
 24700K .......... .......... .......... .......... .......... 95% 99.5M 0s
 24750K .......... .......... .......... .......... .......... 96% 93.7M 0s
 24800K .......... .......... .......... .......... .......... 96% 90.7M 0s
 24850K .......... .......... .......... .......... .......... 96%  157M 0s
 24900K .......... .......... .......... .......... .......... 96%  102M 0s
 24950K .......... .......... .......... .......... .......... 96%  108M 0s
 25000K .......... .......... .......... .......... .......... 97%  173M 0s
 25050K .......... .......... .......... .......... .......... 97% 95.1M 0s
 25100K .......... .......... .......... .......... .......... 97%  108M 0s
 25150K .......... .......... .......... .......... .......... 97% 82.8M 0s
 25200K .......... .......... .......... .......... .......... 97%  119M 0s
 25250K .......... .......... .......... .......... .......... 98% 93.3M 0s
 25300K .......... .......... .......... .......... .......... 98%  158M 0s
 25350K .......... .......... .......... .......... .......... 98% 18.6M 0s
 25400K .......... .......... .......... .......... .......... 98% 16.7M 0s
 25450K .......... .......... .......... .......... .......... 98% 17.8M 0s
 25500K .......... .......... .......... .......... .......... 99% 28.6M 0s
 25550K .......... .......... .......... .......... .......... 99% 83.1M 0s
 25600K .......... .......... .......... .......... .......... 99%  124M 0s
 25650K .......... .......... .......... .......... .......... 99%  102M 0s
 25700K .......... .......... .......... .......... .......... 99%  143M 0s
 25750K .......... .......... .......... .......... .......... 99% 99.7M 0s
 25800K .......                                               100% 14.3T=2.2s

2025-12-08 08:18:18 (11.4 MB/s) - ‘vlc-3.0.22.tar.xz’ saved [26427084/26427084]

--2025-12-08 08:18:18--  https://www.linuxfromscratch.org/patches/blfs/svn/vlc-3.0.21-taglib-1.patch
Resolving www.linuxfromscratch.org (www.linuxfromscratch.org)... 208.118.68.85
Connecting to www.linuxfromscratch.org (www.linuxfromscratch.org)|208.118.68.85|:443... connected.
HTTP request sent, awaiting response... 404 Not Found
2025-12-08 08:18:18 ERROR 404: Not Found.

