--2026-02-04 08:19:09--  https://www.openldap.org/software/download/OpenLDAP/openldap-release/openldap-2.6.12.tgz
Resolving www.openldap.org (www.openldap.org)... 45.79.47.170, 2600:3c00:e000:2d3::1
Connecting to www.openldap.org (www.openldap.org)|45.79.47.170|:443... connected.
HTTP request sent, awaiting response... 200 OK
Length: 6524579 (6.2M) [application/octet-stream]
Saving to: ‘openldap-2.6.12.tgz.1’

     0K .......... .......... .......... .......... ..........  0% 1.22M 5s
    50K .......... .......... .......... .......... ..........  1% 1.22M 5s
   100K .......... .......... .......... .......... ..........  2% 11.4M 3s
   150K .......... .......... .......... .......... ..........  3% 1.37M 4s
   200K .......... .......... .......... .......... ..........  3% 1.22M 4s
   250K .......... .......... .......... .......... ..........  4% 42.5M 3s
   300K .......... .......... .......... .......... ..........  5% 13.5M 3s
   350K .......... .......... .......... .......... ..........  6% 1.23M 3s
   400K .......... .......... .......... .......... ..........  7% 1.39M 3s
   450K .......... .......... .......... .......... ..........  7% 12.8M 3s
   500K .......... .......... .......... .......... ..........  8% 36.8M 3s
   550K .......... .......... .......... .......... ..........  9% 43.9M 2s
   600K .......... .......... .......... .......... .......... 10% 1.43M 2s
   650K .......... .......... .......... .......... .......... 10% 12.6M 2s
   700K .......... .......... .......... .......... .......... 11% 40.7M 2s
   750K .......... .......... .......... .......... .......... 12% 1.37M 2s
   800K .......... .......... .......... .......... .......... 13% 43.4M 2s
   850K .......... .......... .......... .......... .......... 14% 43.1M 2s
   900K .......... .......... .......... .......... .......... 14% 40.8M 2s
   950K .......... .......... .......... .......... .......... 15% 43.7M 2s
  1000K .......... .......... .......... .......... .......... 16% 1.27M 2s
  1050K .......... .......... .......... .......... .......... 17% 39.0M 2s
  1100K .......... .......... .......... .......... .......... 18% 42.5M 2s
  1150K .......... .......... .......... .......... .......... 18% 1.47M 2s
  1200K .......... .......... .......... .......... .......... 19% 74.5M 2s
  1250K .......... .......... .......... .......... .......... 20%  259M 2s
  1300K .......... .......... .......... .......... .......... 21%  117M 1s
  1350K .......... .......... .......... .......... .......... 21% 19.9M 1s
  1400K .......... .......... .......... .......... .......... 22%  124M 1s
  1450K .......... .......... .......... .......... .......... 23%  140M 1s
  1500K .......... .......... .......... .......... .......... 24%  112M 1s
  1550K .......... .......... .......... .......... .......... 25% 1.34M 1s
  1600K .......... .......... .......... .......... .......... 25% 40.0M 1s
  1650K .......... .......... .......... .......... .......... 26% 43.9M 1s
  1700K .......... .......... .......... .......... .......... 27% 38.5M 1s
  1750K .......... .......... .......... .......... .......... 28% 41.8M 1s
  1800K .......... .......... .......... .......... .......... 29% 43.2M 1s
  1850K .......... .......... .......... .......... .......... 29% 43.7M 1s
  1900K .......... .......... .......... .......... .......... 30% 44.5M 1s
  1950K .......... .......... .......... .......... .......... 31% 33.1M 1s
  2000K .......... .......... .......... .......... .......... 32% 1.62M 1s
  2050K .......... .......... .......... .......... .......... 32% 39.1M 1s
  2100K .......... .......... .......... .......... .......... 33% 42.3M 1s
  2150K .......... .......... .......... .......... .......... 34% 42.2M 1s
  2200K .......... .......... .......... .......... .......... 35% 39.8M 1s
  2250K .......... .......... .......... .......... .......... 36% 42.8M 1s
  2300K .......... .......... .......... .......... .......... 36% 42.8M 1s
  2350K .......... .......... .......... .......... .......... 37% 33.1M 1s
  2400K .......... .......... .......... .......... .......... 38% 42.7M 1s
  2450K .......... .......... .......... .......... .......... 39% 43.6M 1s
  2500K .......... .......... .......... .......... .......... 40% 1.70M 1s
  2550K .......... .......... .......... .......... .......... 40% 37.5M 1s
  2600K .......... .......... .......... .......... .......... 41% 42.8M 1s
  2650K .......... .......... .......... .......... .......... 42% 40.9M 1s
  2700K .......... .......... .......... .......... .......... 43% 40.7M 1s
  2750K .......... .......... .......... .......... .......... 43% 33.1M 1s
  2800K .......... .......... .......... .......... .......... 44% 44.7M 1s
  2850K .......... .......... .......... .......... .......... 45% 38.4M 1s
  2900K .......... .......... .......... .......... .......... 46% 42.8M 1s
  2950K .......... .......... .......... .......... .......... 47% 43.7M 1s
  3000K .......... .......... .......... .......... .......... 47% 44.4M 1s
  3050K .......... .......... .......... .......... .......... 48% 43.5M 1s
  3100K .......... .......... .......... .......... .......... 49% 42.7M 1s
  3150K .......... .......... .......... .......... .......... 50% 33.2M 1s
  3200K .......... .......... .......... .......... .......... 51% 2.02M 1s
  3250K .......... .......... .......... .......... .......... 51% 41.5M 1s
  3300K .......... .......... .......... .......... .......... 52% 41.3M 1s
  3350K .......... .......... .......... .......... .......... 53% 43.0M 0s
  3400K .......... .......... .......... .......... .......... 54% 41.9M 0s
  3450K .......... .......... .......... .......... .......... 54% 43.6M 0s
  3500K .......... .......... .......... .......... .......... 55% 20.9M 0s
  3550K .......... .......... .......... .......... .......... 56% 28.5M 0s
  3600K .......... .......... .......... .......... .......... 57% 43.9M 0s
  3650K .......... .......... .......... .......... .......... 58% 42.0M 0s
  3700K .......... .......... .......... .......... .......... 58% 43.9M 0s
  3750K .......... .......... .......... .......... .......... 59% 42.6M 0s
  3800K .......... .......... .......... .......... .......... 60% 1.87M 0s
  3850K .......... .......... .......... .......... .......... 61% 37.6M 0s
  3900K .......... .......... .......... .......... .......... 61% 41.1M 0s
  3950K .......... .......... .......... .......... .......... 62% 32.1M 0s
  4000K .......... .......... .......... .......... .......... 63% 43.5M 0s
  4050K .......... .......... .......... .......... .......... 64% 44.2M 0s
  4100K .......... .......... .......... .......... .......... 65% 42.9M 0s
  4150K .......... .......... .......... .......... .......... 65% 41.5M 0s
  4200K .......... .......... .......... .......... .......... 66% 1.37M 0s
  4250K .......... .......... .......... .......... .......... 67% 43.6M 0s
  4300K .......... .......... .......... .......... .......... 68% 43.7M 0s
  4350K .......... .......... .......... .......... .......... 69% 31.4M 0s
  4400K .......... .......... .......... .......... .......... 69% 43.5M 0s
  4450K .......... .......... .......... .......... .......... 70% 26.8M 0s
  4500K .......... .......... .......... .......... .......... 71% 36.5M 0s
  4550K .......... .......... .......... .......... .......... 72% 42.9M 0s
  4600K .......... .......... .......... .......... .......... 72% 44.6M 0s
  4650K .......... .......... .......... .......... .......... 73% 39.6M 0s
  4700K .......... .......... .......... .......... .......... 74% 41.9M 0s
  4750K .......... .......... .......... .......... .......... 75% 33.1M 0s
  4800K .......... .......... .......... .......... .......... 76% 44.0M 0s
  4850K .......... .......... .......... .......... .......... 76% 43.8M 0s
  4900K .......... .......... .......... .......... .......... 77% 44.4M 0s
  4950K .......... .......... .......... .......... .......... 78% 41.2M 0s
  5000K .......... .......... .......... .......... .......... 79% 44.7M 0s
  5050K .......... .......... .......... .......... .......... 80% 43.3M 0s
  5100K .......... .......... .......... .......... .......... 80% 37.8M 0s
  5150K .......... .......... .......... .......... .......... 81% 33.2M 0s
  5200K .......... .......... .......... .......... .......... 82% 43.9M 0s
  5250K .......... .......... .......... .......... .......... 83% 43.7M 0s
  5300K .......... .......... .......... .......... .......... 83% 42.4M 0s
  5350K .......... .......... .......... .......... .......... 84% 43.8M 0s
  5400K .......... .......... .......... .......... .......... 85% 6.98M 0s
  5450K .......... .......... .......... .......... .......... 86% 64.2M 0s
  5500K .......... .......... .......... .......... .......... 87% 65.8M 0s
  5550K .......... .......... .......... .......... .......... 87% 19.2M 0s
  5600K .......... .......... .......... .......... .......... 88% 62.4M 0s
  5650K .......... .......... .......... .......... .......... 89% 63.7M 0s
  5700K .......... .......... .......... .......... .......... 90% 66.1M 0s
  5750K .......... .......... .......... .......... .......... 91% 64.6M 0s
  5800K .......... .......... .......... .......... .......... 91% 61.3M 0s
  5850K .......... .......... .......... .......... .......... 92% 60.2M 0s
  5900K .......... .......... .......... .......... .......... 93% 81.2M 0s
  5950K .......... .......... .......... .......... .......... 94% 25.0M 0s
  6000K .......... .......... .......... .......... .......... 94%  140M 0s
  6050K .......... .......... .......... .......... .......... 95% 90.9M 0s
  6100K .......... .......... .......... .......... .......... 96%  185M 0s
  6150K .......... .......... .......... .......... .......... 97%  112M 0s
  6200K .......... .......... .......... .......... .......... 98% 99.1M 0s
  6250K .......... .......... .......... .......... .......... 98%  159M 0s
  6300K .......... .......... .......... .......... .......... 99%  107M 0s
  6350K .......... .......... .                               100%  220M=0.7s

2026-02-04 08:19:10 (8.97 MB/s) - ‘openldap-2.6.12.tgz.1’ saved [6524579/6524579]

--2026-02-04 08:19:10--  https://www.linuxfromscratch.org/patches/blfs/svn/openldap-2.6.12-consolidated-1.patch
Resolving www.linuxfromscratch.org (www.linuxfromscratch.org)... 208.118.68.85
Connecting to www.linuxfromscratch.org (www.linuxfromscratch.org)|208.118.68.85|:443... connected.
HTTP request sent, awaiting response... 404 Not Found
2026-02-04 08:19:10 ERROR 404: Not Found.

