--2025-07-23 07:19:46--  https://www.greenwoodsoftware.com/less/less-679.tar.gz
Resolving www.greenwoodsoftware.com (www.greenwoodsoftware.com)... 104.200.21.227
Connecting to www.greenwoodsoftware.com (www.greenwoodsoftware.com)|104.200.21.227|:443... connected.
HTTP request sent, awaiting response... 200 OK
Length: 877094 (857K) [application/x-gzip]
Saving to: 'less-679.tar.gz'

     0K .......... .......... .......... .......... ..........  5%  628K 1s
    50K .......... .......... .......... .......... .......... 11% 1.23M 1s
   100K .......... .......... .......... .......... .......... 17% 67.8M 1s
   150K .......... .......... .......... .......... .......... 23%  178M 0s
   200K .......... .......... .......... .......... .......... 29% 1.24M 0s
   250K .......... .......... .......... .......... .......... 35% 87.9M 0s
   300K .......... .......... .......... .......... .......... 40%  155M 0s
   350K .......... .......... .......... .......... .......... 46% 17.3M 0s
   400K .......... .......... .......... .......... .......... 52% 1.35M 0s
   450K .......... .......... .......... .......... .......... 58%  103M 0s
   500K .......... .......... .......... .......... .......... 64%  122M 0s
   550K .......... .......... .......... .......... .......... 70%  117M 0s
   600K .......... .......... .......... .......... .......... 75% 96.5M 0s
   650K .......... .......... .......... .......... .......... 81% 20.8M 0s
   700K .......... .......... .......... .......... .......... 87%  116M 0s
   750K .......... .......... .......... .......... .......... 93%  204M 0s
   800K .......... .......... .......... .......... .......... 99% 87.7M 0s
   850K ......                                                100%  460M=0.2s

2025-07-23 07:19:47 (4.08 MB/s) - 'less-679.tar.gz' saved [877094/877094]

less-679/
less-679/brac.c
less-679/ch.c
less-679/charset.c
less-679/charset.h
less-679/cmd.h
less-679/cmdbuf.c
less-679/command.c
less-679/compose.uni
less-679/configure
less-679/configure.ac
less-679/COPYING
less-679/cvt.c
less-679/decode.c
less-679/defines.ds
less-679/defines.h.in
less-679/defines.o2
less-679/defines.o9
less-679/defines.wn
less-679/edit.c
less-679/evar.c
less-679/filename.c
less-679/fmt.uni
less-679/forwback.c
less-679/funcs.h
less-679/help.c
less-679/ifile.c
less-679/input.c
less-679/INSTALL
less-679/install.sh
less-679/jump.c
less-679/lang.h
less-679/less.h
less-679/less.hlp
less-679/less.man
less-679/less.nro
less-679/lessecho.c
less-679/lessecho.man
less-679/lessecho.nro
less-679/lesskey.c
less-679/lesskey.h
less-679/lesskey.man
less-679/lesskey.nro
less-679/lesskey_parse.c
less-679/lesstest/
less-679/lesstest/display.c
less-679/lesstest/env.c
less-679/lesstest/extract
less-679/lesstest/lesstest.c
less-679/lesstest/lesstest.h
less-679/lesstest/log.c
less-679/lesstest/lt/
less-679/lesstest/lt/chinese1.lt
less-679/lesstest/lt/colorbars.lt
less-679/lesstest/lt/filter1.lt
less-679/lesstest/lt/github216.lt
less-679/lesstest/lt/github265.lt
less-679/lesstest/lt/github329.lt
less-679/lesstest/lt/hdr-unicode.lt
less-679/lesstest/lt/hdr-unicode1.lt
less-679/lesstest/lt/osc8.lt
less-679/lesstest/lt/proc-special.lt
less-679/lesstest/lt/search-hist.lt
less-679/lesstest/lt/seq200.lt
less-679/lesstest/lt/subsearch.lt
less-679/lesstest/lt/table-50x200.lt
less-679/lesstest/lt/utf8-2.txt.lt
less-679/lesstest/lt/utf8-cmds.txt.lt
less-679/lesstest/lt/version.c.lt
less-679/lesstest/ltview
less-679/lesstest/lt_screen.c
less-679/lesstest/lt_types.h
less-679/lesstest/Makefile
less-679/lesstest/maketest
less-679/lesstest/parse.c
less-679/lesstest/pipeline.c
less-679/lesstest/README
less-679/lesstest/run.c
less-679/lesstest/runtest
less-679/lesstest/term.c
less-679/lesstest/unicode.c
less-679/lesstest/wchar.c
less-679/lesstest/wchar.h
less-679/lglob.h
less-679/LICENSE
less-679/line.c
less-679/linenum.c
less-679/lsystem.c
less-679/main.c
less-679/Makefile.aut
less-679/Makefile.dsb
less-679/Makefile.dsg
less-679/Makefile.dsu
less-679/Makefile.in
less-679/Makefile.o2e
less-679/Makefile.o9c
less-679/Makefile.o9u
less-679/Makefile.wnb
less-679/Makefile.wng
less-679/Makefile.wnm
less-679/mark.c
less-679/mkhelp.pl
less-679/mkhelp.py
less-679/mkinstalldirs
less-679/mkutable
less-679/NEWS
less-679/optfunc.c
less-679/option.c
less-679/option.h
less-679/opttbl.c
less-679/os.c
less-679/output.c
less-679/pattern.c
less-679/pattern.h
less-679/pckeys.h
less-679/position.c
less-679/position.h
less-679/prompt.c
less-679/README
less-679/regexp.c
less-679/regexp.h
less-679/screen.c
less-679/scrsize.c
less-679/search.c
less-679/signal.c
less-679/tags.c
less-679/ttyin.c
less-679/ubin.uni
less-679/version.c
less-679/wide.uni
less-679/xbuf.c
less-679/xbuf.h
checking for gcc... gcc
checking whether the C compiler works... yes
checking for C compiler default output file name... a.out
checking for suffix of executables... 
checking whether we are cross compiling... no
checking for suffix of object files... o
checking whether the compiler supports GNU C... yes
checking whether gcc accepts -g... yes
checking for gcc option to enable C11 features... none needed
checking for library containing strerror... none required
checking for a BSD-compatible install... /usr/bin/install -c
checking for gcc option to enable large file support... none needed
checking for tgoto in -ltinfo... no
checking for tgoto in -ltinfow... no
checking for initscr in -lxcurses... no
checking for initscr in -lncursesw... yes
checking for initscr in -lncurses... yes
checking for initscr in -lcurses... yes
checking for tgetent in -ltermcap... no
checking for tgetent in -ltermlib... no
checking for library containing regcmp... no
checking for stdio.h... yes
checking for stdlib.h... yes
checking for string.h... yes
checking for inttypes.h... yes
checking for stdint.h... yes
checking for strings.h... yes
checking for sys/stat.h... yes
checking for sys/types.h... yes
checking for unistd.h... yes
checking for ctype.h... yes
checking for errno.h... yes
checking for fcntl.h... yes
checking for limits.h... yes
checking for stdckdint.h... yes
checking for termcap.h... yes
checking for ncurses/termcap.h... no
checking for ncursesw/termcap.h... no
checking for termio.h... yes
checking for termios.h... yes
checking for time.h... yes
checking for values.h... yes
checking for sys/ioctl.h... yes
checking for sys/stream.h... no
checking for sys/wait.h... yes
checking for wctype.h... yes
checking whether stat file-mode macros are broken... no
checking for an ANSI C-conforming const... yes
checking for off_t... yes
checking for size_t... yes
checking for working terminal libraries... using -lncursesw
checking for void... yes
checking for const... yes
checking for time_t... yes
checking for st_ino in struct stat... yes
checking for ANSI function prototypes... yes
checking for fchmod... yes
checking for fsync... yes
checking for nanosleep... yes
checking for poll... yes
checking for popen... yes
checking for realpath... yes
checking for _setjmp... yes
checking for sigprocmask... yes
checking for sigsetmask... yes
checking for snprintf... yes
checking for stat... yes
checking for strsignal... yes
checking for system... yes
checking for ttyname... yes
checking for usleep... yes
checking for gcc options needed to detect all undeclared functions... none needed
checking whether sigsetjmp is declared... yes
checking for memcpy... yes
checking for strchr... yes
checking for strstr... yes
checking for tcgetattr... yes
checking for fileno... yes
checking for strerror... yes
checking for sys_errlist... yes
checking for sigset_t... yes
checking for sigemptyset... yes
checking for errno... yes - in errno.h
checking for settable errno... yes
checking for locale... yes
checking for ctype functions... yes
checking for wctype functions... yes
checking termcap for ospeed... yes - in termcap.h
checking for POSIX regcomp... yes
regular expression library:  posix
configure: creating ./config.status
config.status: creating Makefile
config.status: creating defines.h
test ! -f stamp-h || CONFIG_FILES= CONFIG_HEADERS=defines.h ./config.status
touch stamp-h
gcc -I. -c -DBINDIR=\"/usr/bin\" -DSYSDIR=\"/etc\"  -O2 lesskey.c
gcc -I. -c -DBINDIR=\"/usr/bin\" -DSYSDIR=\"/etc\"  -O2 lessecho.c
gcc -I. -c -DBINDIR=\"/usr/bin\" -DSYSDIR=\"/etc\"  -O2 main.c
gcc -I. -c -DBINDIR=\"/usr/bin\" -DSYSDIR=\"/etc\"  -O2 screen.c
gcc -I. -c -DBINDIR=\"/usr/bin\" -DSYSDIR=\"/etc\"  -O2 brac.c
gcc -I. -c -DBINDIR=\"/usr/bin\" -DSYSDIR=\"/etc\"  -O2 ch.c
gcc -I. -c -DBINDIR=\"/usr/bin\" -DSYSDIR=\"/etc\"  -O2 charset.c
gcc -I. -c -DBINDIR=\"/usr/bin\" -DSYSDIR=\"/etc\"  -O2 cmdbuf.c
gcc -I. -c -DBINDIR=\"/usr/bin\" -DSYSDIR=\"/etc\"  -O2 command.c
gcc -I. -c -DBINDIR=\"/usr/bin\" -DSYSDIR=\"/etc\"  -O2 cvt.c
gcc -I. -c -DBINDIR=\"/usr/bin\" -DSYSDIR=\"/etc\"  -O2 decode.c
gcc -I. -c -DBINDIR=\"/usr/bin\" -DSYSDIR=\"/etc\"  -O2 edit.c
gcc -I. -c -DBINDIR=\"/usr/bin\" -DSYSDIR=\"/etc\"  -O2 evar.c
gcc -I. -c -DBINDIR=\"/usr/bin\" -DSYSDIR=\"/etc\"  -O2 filename.c
gcc -I. -c -DBINDIR=\"/usr/bin\" -DSYSDIR=\"/etc\"  -O2 forwback.c
gcc -I. -c -DBINDIR=\"/usr/bin\" -DSYSDIR=\"/etc\"  -O2 help.c
gcc -I. -c -DBINDIR=\"/usr/bin\" -DSYSDIR=\"/etc\"  -O2 ifile.c
gcc -I. -c -DBINDIR=\"/usr/bin\" -DSYSDIR=\"/etc\"  -O2 input.c
gcc -I. -c -DBINDIR=\"/usr/bin\" -DSYSDIR=\"/etc\"  -O2 jump.c
gcc -I. -c -DBINDIR=\"/usr/bin\" -DSYSDIR=\"/etc\"  -O2 line.c
gcc -I. -c -DBINDIR=\"/usr/bin\" -DSYSDIR=\"/etc\"  -O2 linenum.c
gcc -I. -c -DBINDIR=\"/usr/bin\" -DSYSDIR=\"/etc\"  -O2 lsystem.c
gcc -I. -c -DBINDIR=\"/usr/bin\" -DSYSDIR=\"/etc\"  -O2 mark.c
gcc -I. -c -DBINDIR=\"/usr/bin\" -DSYSDIR=\"/etc\"  -O2 optfunc.c
gcc -I. -c -DBINDIR=\"/usr/bin\" -DSYSDIR=\"/etc\"  -O2 option.c
gcc -I. -c -DBINDIR=\"/usr/bin\" -DSYSDIR=\"/etc\"  -O2 opttbl.c
gcc -I. -c -DBINDIR=\"/usr/bin\" -DSYSDIR=\"/etc\"  -O2 os.c
gcc -I. -c -DBINDIR=\"/usr/bin\" -DSYSDIR=\"/etc\"  -O2 output.c
gcc -I. -c -DBINDIR=\"/usr/bin\" -DSYSDIR=\"/etc\"  -O2 pattern.c
gcc -I. -c -DBINDIR=\"/usr/bin\" -DSYSDIR=\"/etc\"  -O2 position.c
gcc -I. -c -DBINDIR=\"/usr/bin\" -DSYSDIR=\"/etc\"  -O2 prompt.c
gcc -I. -c -DBINDIR=\"/usr/bin\" -DSYSDIR=\"/etc\"  -O2 search.c
gcc -I. -c -DBINDIR=\"/usr/bin\" -DSYSDIR=\"/etc\"  -O2 signal.c
gcc -I. -c -DBINDIR=\"/usr/bin\" -DSYSDIR=\"/etc\"  -O2 tags.c
gcc -I. -c -DBINDIR=\"/usr/bin\" -DSYSDIR=\"/etc\"  -O2 ttyin.c
gcc -I. -c -DBINDIR=\"/usr/bin\" -DSYSDIR=\"/etc\"  -O2 version.c
gcc -I. -c -DBINDIR=\"/usr/bin\" -DSYSDIR=\"/etc\"  -O2 xbuf.c
gcc -I. -c -DBINDIR=\"/usr/bin\" -DSYSDIR=\"/etc\"  -O2 lesskey_parse.c
gcc  -o lessecho lessecho.o version.o   -lncursesw
gcc  -o lesskey lesskey.o lesskey_parse.o xbuf.o version.o   -lncursesw
gcc  -o less main.o screen.o brac.o ch.o charset.o cmdbuf.o command.o cvt.o decode.o edit.o evar.o filename.o forwback.o help.o ifile.o input.o jump.o line.o linenum.o lsystem.o mark.o optfunc.o option.o opttbl.o os.o output.o pattern.o position.o prompt.o search.o signal.o tags.o ttyin.o version.o xbuf.o   lesskey_parse.o   -lncursesw
./mkinstalldirs /pkgs/less/usr/bin /pkgs/less/usr/share/man/man1
mkdir /pkgs/less
mkdir /pkgs/less/usr
mkdir /pkgs/less/usr/bin
mkdir /pkgs/less/usr/share
mkdir /pkgs/less/usr/share/man
mkdir /pkgs/less/usr/share/man/man1
/usr/bin/install -c less /pkgs/less/usr/bin/less
/usr/bin/install -c lesskey /pkgs/less/usr/bin/lesskey
/usr/bin/install -c lessecho /pkgs/less/usr/bin/lessecho
/usr/bin/install -c -m 644 ./less.nro /pkgs/less/usr/share/man/man1/less.1
/usr/bin/install -c -m 644 ./lesskey.nro /pkgs/less/usr/share/man/man1/lesskey.1
/usr/bin/install -c -m 644 ./lessecho.nro /pkgs/less/usr/share/man/man1/lessecho.1
./mkinstalldirs /usr/bin /usr/share/man/man1
/usr/bin/install -c less /usr/bin/less
/usr/bin/install -c lesskey /usr/bin/lesskey
/usr/bin/install -c lessecho /usr/bin/lessecho
/usr/bin/install -c -m 644 ./less.nro /usr/share/man/man1/less.1
/usr/bin/install -c -m 644 ./lesskey.nro /usr/share/man/man1/lesskey.1
/usr/bin/install -c -m 644 ./lessecho.nro /usr/share/man/man1/lessecho.1
less/
less/usr/
less/usr/share/
less/usr/share/man/
less/usr/share/man/man1/
less/usr/share/man/man1/lessecho.1
less/usr/share/man/man1/less.1
less/usr/share/man/man1/lesskey.1
less/usr/bin/
less/usr/bin/lessecho
less/usr/bin/lesskey
less/usr/bin/less
less/version
less/depends
less/make-depends
