--2025-12-23 08:28:38--  https://github.com/pyparsing/pyparsing/releases/download/3.3.1/pyparsing-3.3.1.tar.gz
Resolving github.com (github.com)... 140.82.114.3
Connecting to github.com (github.com)|140.82.114.3|:443... connected.
HTTP request sent, awaiting response... 302 Found
Location: https://release-assets.githubusercontent.com/github-production-release-asset/91262163/2e5262ec-1320-4861-92ea-378ca3f2bd51?sp=r&sv=2018-11-09&sr=b&spr=https&se=2025-12-23T09%3A09%3A02Z&rscd=attachment%3B+filename%3Dpyparsing-3.3.1.tar.gz&rsct=application%2Foctet-stream&skoid=96c2d410-5711-43a1-aedd-ab1947aa7ab0&sktid=398a6654-997b-47e9-b12b-9515b896b4de&skt=2025-12-23T08%3A08%3A54Z&ske=2025-12-23T09%3A09%3A02Z&sks=b&skv=2018-11-09&sig=5EznaBVPgw9dwo5k%2BdLgenCYPNFTcs4IZ%2BOosRWDMhc%3D&jwt=eyJ0eXAiOiJKV1QiLCJhbGciOiJIUzI1NiJ9.eyJpc3MiOiJnaXRodWIuY29tIiwiYXVkIjoicmVsZWFzZS1hc3NldHMuZ2l0aHVidXNlcmNvbnRlbnQuY29tIiwia2V5Ijoia2V5MSIsImV4cCI6MTc2NjQ3ODgxOCwibmJmIjoxNzY2NDc4NTE4LCJwYXRoIjoicmVsZWFzZWFzc2V0cHJvZHVjdGlvbi5ibG9iLmNvcmUud2luZG93cy5uZXQifQ.MdLUV4osTuu56n6dVF0SxT2MYVQcSyERjrgfWiFDV9k&response-content-disposition=attachment%3B%20filename%3Dpyparsing-3.3.1.tar.gz&response-content-type=application%2Foctet-stream [following]
--2025-12-23 08:28:38--  https://release-assets.githubusercontent.com/github-production-release-asset/91262163/2e5262ec-1320-4861-92ea-378ca3f2bd51?sp=r&sv=2018-11-09&sr=b&spr=https&se=2025-12-23T09%3A09%3A02Z&rscd=attachment%3B+filename%3Dpyparsing-3.3.1.tar.gz&rsct=application%2Foctet-stream&skoid=96c2d410-5711-43a1-aedd-ab1947aa7ab0&sktid=398a6654-997b-47e9-b12b-9515b896b4de&skt=2025-12-23T08%3A08%3A54Z&ske=2025-12-23T09%3A09%3A02Z&sks=b&skv=2018-11-09&sig=5EznaBVPgw9dwo5k%2BdLgenCYPNFTcs4IZ%2BOosRWDMhc%3D&jwt=eyJ0eXAiOiJKV1QiLCJhbGciOiJIUzI1NiJ9.eyJpc3MiOiJnaXRodWIuY29tIiwiYXVkIjoicmVsZWFzZS1hc3NldHMuZ2l0aHVidXNlcmNvbnRlbnQuY29tIiwia2V5Ijoia2V5MSIsImV4cCI6MTc2NjQ3ODgxOCwibmJmIjoxNzY2NDc4NTE4LCJwYXRoIjoicmVsZWFzZWFzc2V0cHJvZHVjdGlvbi5ibG9iLmNvcmUud2luZG93cy5uZXQifQ.MdLUV4osTuu56n6dVF0SxT2MYVQcSyERjrgfWiFDV9k&response-content-disposition=attachment%3B%20filename%3Dpyparsing-3.3.1.tar.gz&response-content-type=application%2Foctet-stream
Resolving release-assets.githubusercontent.com (release-assets.githubusercontent.com)... 185.199.110.133, 185.199.109.133, 185.199.108.133, ...
Connecting to release-assets.githubusercontent.com (release-assets.githubusercontent.com)|185.199.110.133|:443... connected.
HTTP request sent, awaiting response... 200 OK
Length: 1550512 (1.5M) [application/octet-stream]
Saving to: ‘pyparsing-3.3.1.tar.gz’

     0K .......... .......... .......... .......... ..........  3% 10.7M 0s
    50K .......... .......... .......... .......... ..........  6% 26.5M 0s
   100K .......... .......... .......... .......... ..........  9% 21.6M 0s
   150K .......... .......... .......... .......... .......... 13% 12.9M 0s
   200K .......... .......... .......... .......... .......... 16% 91.3M 0s
   250K .......... .......... .......... .......... .......... 19%  173M 0s
   300K .......... .......... .......... .......... .......... 23% 16.2M 0s
   350K .......... .......... .......... .......... .......... 26% 78.8M 0s
   400K .......... .......... .......... .......... .......... 29%  123M 0s
   450K .......... .......... .......... .......... .......... 33% 16.7M 0s
   500K .......... .......... .......... .......... .......... 36%  123M 0s
   550K .......... .......... .......... .......... .......... 39%  108M 0s
   600K .......... .......... .......... .......... .......... 42% 90.9M 0s
   650K .......... .......... .......... .......... .......... 46%  140M 0s
   700K .......... .......... .......... .......... .......... 49% 20.4M 0s
   750K .......... .......... .......... .......... .......... 52% 65.2M 0s
   800K .......... .......... .......... .......... .......... 56%  154M 0s
   850K .......... .......... .......... .......... .......... 59%  141M 0s
   900K .......... .......... .......... .......... .......... 62% 18.9M 0s
   950K .......... .......... .......... .......... .......... 66%  119M 0s
  1000K .......... .......... .......... .......... .......... 69%  164M 0s
  1050K .......... .......... .......... .......... .......... 72% 77.9M 0s
  1100K .......... .......... .......... .......... .......... 75%  137M 0s
  1150K .......... .......... .......... .......... .......... 79% 21.1M 0s
  1200K .......... .......... .......... .......... .......... 82% 98.7M 0s
  1250K .......... .......... .......... .......... .......... 85%  174M 0s
  1300K .......... .......... .......... .......... .......... 89%  107M 0s
  1350K .......... .......... .......... .......... .......... 92% 98.5M 0s
  1400K .......... .......... .......... .......... .......... 95%  131M 0s
  1450K .......... .......... .......... .......... .......... 99%  141M 0s
  1500K .......... ....                                       100% 76.2M=0.03s

2025-12-23 08:28:38 (42.3 MB/s) - ‘pyparsing-3.3.1.tar.gz’ saved [1550512/1550512]

pyparsing-3.3.1/.coveragerc
pyparsing-3.3.1/.gitignore
pyparsing-3.3.1/.pre-commit-config.yaml
pyparsing-3.3.1/BUILDING.md
pyparsing-3.3.1/CHANGES
pyparsing-3.3.1/CODE_OF_CONDUCT.rst
pyparsing-3.3.1/CONTRIBUTING.md
pyparsing-3.3.1/LICENSE
pyparsing-3.3.1/README.rst
pyparsing-3.3.1/docs/CODE_OF_CONDUCT.rst
pyparsing-3.3.1/docs/CONTRIBUTING.md
pyparsing-3.3.1/docs/HowToUsePyparsing.rst
pyparsing-3.3.1/docs/Makefile
pyparsing-3.3.1/docs/Writing_Doctests.rst
pyparsing-3.3.1/docs/_static/pyparsing.css
pyparsing-3.3.1/docs/_static/pyparsingClassDiagram_1.5.2.jpg
pyparsing-3.3.1/docs/_static/pyparsingClassDiagram_3.0.9.jpg
pyparsing-3.3.1/docs/_static/sql_railroad.html
pyparsing-3.3.1/docs/conf.py
pyparsing-3.3.1/docs/index.rst
pyparsing-3.3.1/docs/make_sphinx_docs.bat
pyparsing-3.3.1/docs/pyparsing.rst
pyparsing-3.3.1/docs/pyparsing_class_diagram.puml
pyparsing-3.3.1/docs/requirements.txt
pyparsing-3.3.1/docs/whats_new_in_3_0_0.rst
pyparsing-3.3.1/docs/whats_new_in_3_1.rst
pyparsing-3.3.1/docs/whats_new_in_3_2.rst
pyparsing-3.3.1/docs/whats_new_in_3_3.rst
pyparsing-3.3.1/docs/whats_new_in_x_x_template.rst.txt
pyparsing-3.3.1/examples/AcManForm.dfm
pyparsing-3.3.1/examples/LAparser.py
pyparsing-3.3.1/examples/README.md
pyparsing-3.3.1/examples/Setup.ini
pyparsing-3.3.1/examples/SimpleCalc.py
pyparsing-3.3.1/examples/SingleForm.dfm
pyparsing-3.3.1/examples/TAP.py
pyparsing-3.3.1/examples/TAP_diagram.html
pyparsing-3.3.1/examples/__init__.py
pyparsing-3.3.1/examples/adventureEngine.py
pyparsing-3.3.1/examples/adventure_game_parser_diagram.html
pyparsing-3.3.1/examples/antlr_grammar.py
pyparsing-3.3.1/examples/antlr_grammar_diagram.html
pyparsing-3.3.1/examples/antlr_grammar_tests.py
pyparsing-3.3.1/examples/apicheck.py
pyparsing-3.3.1/examples/apicheck_diagram.html
pyparsing-3.3.1/examples/bf.py
pyparsing-3.3.1/examples/bf_diagram.html
pyparsing-3.3.1/examples/bigquery_view_parser.py
pyparsing-3.3.1/examples/booleansearchparser.py
pyparsing-3.3.1/examples/btpyparse.py
pyparsing-3.3.1/examples/builtin_parse_action_demo.py
pyparsing-3.3.1/examples/cLibHeader.py
pyparsing-3.3.1/examples/chemical_formulas.html
pyparsing-3.3.1/examples/chemical_formulas.py
pyparsing-3.3.1/examples/commasep.py
pyparsing-3.3.1/examples/complex_chemical_formulas.py
pyparsing-3.3.1/examples/complex_chemical_formulas_diagram.html
pyparsing-3.3.1/examples/configParse.py
pyparsing-3.3.1/examples/cpp_enum_parser.py
pyparsing-3.3.1/examples/cuneiform_python.py
pyparsing-3.3.1/examples/datetime_parse_actions.py
pyparsing-3.3.1/examples/decaf_parser.py
pyparsing-3.3.1/examples/decaf_parser_diagram.html
pyparsing-3.3.1/examples/delta_time.py
pyparsing-3.3.1/examples/delta_time_diagram.html
pyparsing-3.3.1/examples/dfmparse.py
pyparsing-3.3.1/examples/dhcpd_leases_parser.py
pyparsing-3.3.1/examples/dictExample.py
pyparsing-3.3.1/examples/dictExample2.py
pyparsing-3.3.1/examples/directx_x_file_parser.html
pyparsing-3.3.1/examples/directx_x_file_parser.py
pyparsing-3.3.1/examples/ebnf.py
pyparsing-3.3.1/examples/ebnf_diagram.html
pyparsing-3.3.1/examples/ebnf_number_parser_diagram.html
pyparsing-3.3.1/examples/ebnf_number_words.py
pyparsing-3.3.1/examples/ebnftest.py
pyparsing-3.3.1/examples/ebnftest_diagram.html
pyparsing-3.3.1/examples/email_address_parser.py
pyparsing-3.3.1/examples/eval_arith.py
pyparsing-3.3.1/examples/excel_expr.py
pyparsing-3.3.1/examples/fourFn.py
pyparsing-3.3.1/examples/gen_ctypes.py
pyparsing-3.3.1/examples/getNTPserversNew.py
pyparsing-3.3.1/examples/greeting.py
pyparsing-3.3.1/examples/greetingInGreek.py
pyparsing-3.3.1/examples/greetingInKorean.py
pyparsing-3.3.1/examples/groupUsingListAllMatches.py
pyparsing-3.3.1/examples/hola_mundo.py
pyparsing-3.3.1/examples/html_stripper.py
pyparsing-3.3.1/examples/html_table_parser.py
pyparsing-3.3.1/examples/httpServerLogParser.py
pyparsing-3.3.1/examples/idlParse.py
pyparsing-3.3.1/examples/include_preprocessor.py
pyparsing-3.3.1/examples/indentedGrammarExample.py
pyparsing-3.3.1/examples/indented_block_example.py
pyparsing-3.3.1/examples/infix_math_parser.py
pyparsing-3.3.1/examples/inv_regex.py
pyparsing-3.3.1/examples/javascript_grammar.g
pyparsing-3.3.1/examples/jsonParser.py
pyparsing-3.3.1/examples/left_recursion.py
pyparsing-3.3.1/examples/lineno_example.py
pyparsing-3.3.1/examples/listAllMatches.py
pyparsing-3.3.1/examples/lox_parser.py
pyparsing-3.3.1/examples/lox_parser_diagram.html
pyparsing-3.3.1/examples/lua_parser.py
pyparsing-3.3.1/examples/lua_parser_diagram.html
pyparsing-3.3.1/examples/lucene_grammar.py
pyparsing-3.3.1/examples/lucene_grammar_diagram.html
pyparsing-3.3.1/examples/macro_expander.py
pyparsing-3.3.1/examples/make_diagram.py
pyparsing-3.3.1/examples/matchPreviousDemo.py
pyparsing-3.3.1/examples/mongodb_query_expression.html
pyparsing-3.3.1/examples/mongodb_query_expression.py
pyparsing-3.3.1/examples/mongodb_query_expression_step_0.py
pyparsing-3.3.1/examples/mozilla.ics
pyparsing-3.3.1/examples/mozillaCalendarParser.py
pyparsing-3.3.1/examples/nested.py
pyparsing-3.3.1/examples/nested_markup.py
pyparsing-3.3.1/examples/number_words.py
pyparsing-3.3.1/examples/number_words_diagram.html
pyparsing-3.3.1/examples/numerics.py
pyparsing-3.3.1/examples/oc.py
pyparsing-3.3.1/examples/one_to_99_diagram.html
pyparsing-3.3.1/examples/one_to_ninety_nine.py
pyparsing-3.3.1/examples/parseTabularData.py
pyparsing-3.3.1/examples/parse_python_value.html
pyparsing-3.3.1/examples/parse_python_value.py
pyparsing-3.3.1/examples/parse_results_sum_example.py
pyparsing-3.3.1/examples/partial_gene_match.py
pyparsing-3.3.1/examples/pgn.py
pyparsing-3.3.1/examples/position.py
pyparsing-3.3.1/examples/protobuf_parser.py
pyparsing-3.3.1/examples/pythonGrammarParser.py
pyparsing-3.3.1/examples/railroad_diagram_demo.html
pyparsing-3.3.1/examples/railroad_diagram_demo.py
pyparsing-3.3.1/examples/range_check.html
pyparsing-3.3.1/examples/range_check.py
pyparsing-3.3.1/examples/readJson.py
pyparsing-3.3.1/examples/removeLineBreaks.py
pyparsing-3.3.1/examples/roman_numerals.py
pyparsing-3.3.1/examples/roman_numerals_diagram.html
pyparsing-3.3.1/examples/rosettacode.py
pyparsing-3.3.1/examples/rosettacode_diagram.html
pyparsing-3.3.1/examples/scanExamples.py
pyparsing-3.3.1/examples/searchParserAppDemo.py
pyparsing-3.3.1/examples/searchparser.py
pyparsing-3.3.1/examples/select_parser.py
pyparsing-3.3.1/examples/sexpParser.py
pyparsing-3.3.1/examples/shapes.py
pyparsing-3.3.1/examples/simpleArith.py
pyparsing-3.3.1/examples/simpleBool.py
pyparsing-3.3.1/examples/simpleSQL.py
pyparsing-3.3.1/examples/simpleWiki.py
pyparsing-3.3.1/examples/snmp_api.h
pyparsing-3.3.1/examples/sql2dot.py
pyparsing-3.3.1/examples/stackish.py
pyparsing-3.3.1/examples/statemachine/documentSignoffDemo.py
pyparsing-3.3.1/examples/statemachine/documentsignoffstate.pystate
pyparsing-3.3.1/examples/statemachine/libraryBookDemo.py
pyparsing-3.3.1/examples/statemachine/librarybookstate.pystate
pyparsing-3.3.1/examples/statemachine/statemachine.py
pyparsing-3.3.1/examples/statemachine/trafficLightDemo.py
pyparsing-3.3.1/examples/statemachine/trafficlightstate.pystate
pyparsing-3.3.1/examples/statemachine/vending_machine.py
pyparsing-3.3.1/examples/statemachine/video_demo.py
pyparsing-3.3.1/examples/statemachine/videostate.pystate
pyparsing-3.3.1/examples/tag_emitter.py
pyparsing-3.3.1/examples/tag_metadata.py
pyparsing-3.3.1/examples/tag_metadata_diagram.html
pyparsing-3.3.1/examples/test_bibparse.py
pyparsing-3.3.1/examples/tiny/README.md
pyparsing-3.3.1/examples/tiny/docs/grammar.md
pyparsing-3.3.1/examples/tiny/docs/tiny_parser_diagram.html
pyparsing-3.3.1/examples/tiny/docs/tiny_parser_diagram.png
pyparsing-3.3.1/examples/tiny/docs/transcript_1_tiny_parser.md
pyparsing-3.3.1/examples/tiny/docs/transcript_2_tiny_interpreter.md
pyparsing-3.3.1/examples/tiny/docs/transcript_3_tiny_repl.md
pyparsing-3.3.1/examples/tiny/samples/calculate_areas.tiny
pyparsing-3.3.1/examples/tiny/samples/factorial.tiny
pyparsing-3.3.1/examples/tiny/samples/fizzbuzz.tiny
pyparsing-3.3.1/examples/tiny/samples/hello.tiny
pyparsing-3.3.1/examples/tiny/samples/hello_5.tiny
pyparsing-3.3.1/examples/tiny/samples/hello_user.tiny
pyparsing-3.3.1/examples/tiny/samples/hello_user_function.tiny
pyparsing-3.3.1/examples/tiny/samples/hello_user_function2.tiny
pyparsing-3.3.1/examples/tiny/samples/if_then_elseif_else.tiny
pyparsing-3.3.1/examples/tiny/samples/math_functions.tiny
pyparsing-3.3.1/examples/tiny/samples/prime_numbers.tiny
pyparsing-3.3.1/examples/tiny/tests/test_tiny.py
pyparsing-3.3.1/examples/tiny/tests/test_tiny_ast_nodes.py
pyparsing-3.3.1/examples/tiny/tests/test_tiny_grammar.py
pyparsing-3.3.1/examples/tiny/tiny_ast.py
pyparsing-3.3.1/examples/tiny/tiny_engine.py
pyparsing-3.3.1/examples/tiny/tiny_parser.py
pyparsing-3.3.1/examples/tiny/tiny_repl.py
pyparsing-3.3.1/examples/tiny/tiny_run.py
pyparsing-3.3.1/examples/unicode_denormalizer.py
pyparsing-3.3.1/examples/urlExtractor.py
pyparsing-3.3.1/examples/urlExtractorNew.py
pyparsing-3.3.1/examples/verilog_parse.py
pyparsing-3.3.1/examples/withAttribute.py
pyparsing-3.3.1/examples/wordsToNum.py
pyparsing-3.3.1/pyparsing/__init__.py
pyparsing-3.3.1/pyparsing/actions.py
pyparsing-3.3.1/pyparsing/ai/__init__.py
pyparsing-3.3.1/pyparsing/ai/best_practices.md
pyparsing-3.3.1/pyparsing/ai/show_best_practices/__init__.py
pyparsing-3.3.1/pyparsing/ai/show_best_practices/__main__.py
pyparsing-3.3.1/pyparsing/common.py
pyparsing-3.3.1/pyparsing/core.py
pyparsing-3.3.1/pyparsing/diagram/__init__.py
pyparsing-3.3.1/pyparsing/exceptions.py
pyparsing-3.3.1/pyparsing/helpers.py
pyparsing-3.3.1/pyparsing/py.typed
pyparsing-3.3.1/pyparsing/results.py
pyparsing-3.3.1/pyparsing/testing.py
pyparsing-3.3.1/pyparsing/tools/__init__.py
pyparsing-3.3.1/pyparsing/tools/cvt_pyparsing_pep8_names.py
pyparsing-3.3.1/pyparsing/unicode.py
pyparsing-3.3.1/pyparsing/util.py
pyparsing-3.3.1/pyproject.toml
pyparsing-3.3.1/readthedocs.yaml
pyparsing-3.3.1/run_perf_all_tags.bat
pyparsing-3.3.1/run_perf_all_tags.sh
pyparsing-3.3.1/tests/README.md
pyparsing-3.3.1/tests/__init__.py
pyparsing-3.3.1/tests/diag_embed.html
pyparsing-3.3.1/tests/diag_no_embed.html
pyparsing-3.3.1/tests/json_parser_tests.py
pyparsing-3.3.1/tests/karthik.ini
pyparsing-3.3.1/tests/mypy-ignore-cases/forward_methods.py
pyparsing-3.3.1/tests/parsefiletest_input_file.txt
pyparsing-3.3.1/tests/perf_pyparsing.py
pyparsing-3.3.1/tests/requirements.txt
pyparsing-3.3.1/tests/test_diagram.py
pyparsing-3.3.1/tests/test_examples.py
pyparsing-3.3.1/tests/test_matplotlib_cases.py
pyparsing-3.3.1/tests/test_pep8_converter.py
pyparsing-3.3.1/tests/test_pre_pep8_deprecation_warnings.py
pyparsing-3.3.1/tests/test_simple_unit.py
pyparsing-3.3.1/tests/test_testing.py
pyparsing-3.3.1/tests/test_unit.py
pyparsing-3.3.1/tests/test_util.py
pyparsing-3.3.1/tox.ini
pyparsing-3.3.1/PKG-INFO
* Getting build dependencies for wheel...
* Building wheel...
Successfully built pyparsing-3.3.1-py3-none-any.whl
'/pkgs/pyparsing/usr/lib/python3.14/site-packages/pyparsing/__init__.py' -> '/usr/lib/python3.14/site-packages/pyparsing/__init__.py'
'/pkgs/pyparsing/usr/lib/python3.14/site-packages/pyparsing/actions.py' -> '/usr/lib/python3.14/site-packages/pyparsing/actions.py'
'/pkgs/pyparsing/usr/lib/python3.14/site-packages/pyparsing/common.py' -> '/usr/lib/python3.14/site-packages/pyparsing/common.py'
'/pkgs/pyparsing/usr/lib/python3.14/site-packages/pyparsing/core.py' -> '/usr/lib/python3.14/site-packages/pyparsing/core.py'
'/pkgs/pyparsing/usr/lib/python3.14/site-packages/pyparsing/exceptions.py' -> '/usr/lib/python3.14/site-packages/pyparsing/exceptions.py'
'/pkgs/pyparsing/usr/lib/python3.14/site-packages/pyparsing/helpers.py' -> '/usr/lib/python3.14/site-packages/pyparsing/helpers.py'
'/pkgs/pyparsing/usr/lib/python3.14/site-packages/pyparsing/py.typed' -> '/usr/lib/python3.14/site-packages/pyparsing/py.typed'
'/pkgs/pyparsing/usr/lib/python3.14/site-packages/pyparsing/results.py' -> '/usr/lib/python3.14/site-packages/pyparsing/results.py'
'/pkgs/pyparsing/usr/lib/python3.14/site-packages/pyparsing/testing.py' -> '/usr/lib/python3.14/site-packages/pyparsing/testing.py'
'/pkgs/pyparsing/usr/lib/python3.14/site-packages/pyparsing/unicode.py' -> '/usr/lib/python3.14/site-packages/pyparsing/unicode.py'
'/pkgs/pyparsing/usr/lib/python3.14/site-packages/pyparsing/util.py' -> '/usr/lib/python3.14/site-packages/pyparsing/util.py'
'/pkgs/pyparsing/usr/lib/python3.14/site-packages/pyparsing/ai' -> '/usr/lib/python3.14/site-packages/pyparsing/ai'
'/pkgs/pyparsing/usr/lib/python3.14/site-packages/pyparsing/ai/__init__.py' -> '/usr/lib/python3.14/site-packages/pyparsing/ai/__init__.py'
'/pkgs/pyparsing/usr/lib/python3.14/site-packages/pyparsing/ai/best_practices.md' -> '/usr/lib/python3.14/site-packages/pyparsing/ai/best_practices.md'
'/pkgs/pyparsing/usr/lib/python3.14/site-packages/pyparsing/ai/show_best_practices' -> '/usr/lib/python3.14/site-packages/pyparsing/ai/show_best_practices'
'/pkgs/pyparsing/usr/lib/python3.14/site-packages/pyparsing/ai/show_best_practices/__init__.py' -> '/usr/lib/python3.14/site-packages/pyparsing/ai/show_best_practices/__init__.py'
'/pkgs/pyparsing/usr/lib/python3.14/site-packages/pyparsing/ai/show_best_practices/__main__.py' -> '/usr/lib/python3.14/site-packages/pyparsing/ai/show_best_practices/__main__.py'
'/pkgs/pyparsing/usr/lib/python3.14/site-packages/pyparsing/ai/show_best_practices/__pycache__' -> '/usr/lib/python3.14/site-packages/pyparsing/ai/show_best_practices/__pycache__'
'/pkgs/pyparsing/usr/lib/python3.14/site-packages/pyparsing/ai/show_best_practices/__pycache__/__init__.cpython-314.pyc' -> '/usr/lib/python3.14/site-packages/pyparsing/ai/show_best_practices/__pycache__/__init__.cpython-314.pyc'
'/pkgs/pyparsing/usr/lib/python3.14/site-packages/pyparsing/ai/show_best_practices/__pycache__/__init__.cpython-314.opt-1.pyc' -> '/usr/lib/python3.14/site-packages/pyparsing/ai/show_best_practices/__pycache__/__init__.cpython-314.opt-1.pyc'
'/pkgs/pyparsing/usr/lib/python3.14/site-packages/pyparsing/ai/show_best_practices/__pycache__/__main__.cpython-314.pyc' -> '/usr/lib/python3.14/site-packages/pyparsing/ai/show_best_practices/__pycache__/__main__.cpython-314.pyc'
'/pkgs/pyparsing/usr/lib/python3.14/site-packages/pyparsing/ai/show_best_practices/__pycache__/__main__.cpython-314.opt-1.pyc' -> '/usr/lib/python3.14/site-packages/pyparsing/ai/show_best_practices/__pycache__/__main__.cpython-314.opt-1.pyc'
'/pkgs/pyparsing/usr/lib/python3.14/site-packages/pyparsing/ai/__pycache__' -> '/usr/lib/python3.14/site-packages/pyparsing/ai/__pycache__'
'/pkgs/pyparsing/usr/lib/python3.14/site-packages/pyparsing/ai/__pycache__/__init__.cpython-314.pyc' -> '/usr/lib/python3.14/site-packages/pyparsing/ai/__pycache__/__init__.cpython-314.pyc'
'/pkgs/pyparsing/usr/lib/python3.14/site-packages/pyparsing/ai/__pycache__/__init__.cpython-314.opt-1.pyc' -> '/usr/lib/python3.14/site-packages/pyparsing/ai/__pycache__/__init__.cpython-314.opt-1.pyc'
'/pkgs/pyparsing/usr/lib/python3.14/site-packages/pyparsing/diagram/__init__.py' -> '/usr/lib/python3.14/site-packages/pyparsing/diagram/__init__.py'
'/pkgs/pyparsing/usr/lib/python3.14/site-packages/pyparsing/diagram/__pycache__/__init__.cpython-314.pyc' -> '/usr/lib/python3.14/site-packages/pyparsing/diagram/__pycache__/__init__.cpython-314.pyc'
'/pkgs/pyparsing/usr/lib/python3.14/site-packages/pyparsing/diagram/__pycache__/__init__.cpython-314.opt-1.pyc' -> '/usr/lib/python3.14/site-packages/pyparsing/diagram/__pycache__/__init__.cpython-314.opt-1.pyc'
'/pkgs/pyparsing/usr/lib/python3.14/site-packages/pyparsing/tools/__init__.py' -> '/usr/lib/python3.14/site-packages/pyparsing/tools/__init__.py'
'/pkgs/pyparsing/usr/lib/python3.14/site-packages/pyparsing/tools/cvt_pyparsing_pep8_names.py' -> '/usr/lib/python3.14/site-packages/pyparsing/tools/cvt_pyparsing_pep8_names.py'
'/pkgs/pyparsing/usr/lib/python3.14/site-packages/pyparsing/tools/__pycache__/__init__.cpython-314.pyc' -> '/usr/lib/python3.14/site-packages/pyparsing/tools/__pycache__/__init__.cpython-314.pyc'
'/pkgs/pyparsing/usr/lib/python3.14/site-packages/pyparsing/tools/__pycache__/__init__.cpython-314.opt-1.pyc' -> '/usr/lib/python3.14/site-packages/pyparsing/tools/__pycache__/__init__.cpython-314.opt-1.pyc'
'/pkgs/pyparsing/usr/lib/python3.14/site-packages/pyparsing/tools/__pycache__/cvt_pyparsing_pep8_names.cpython-314.pyc' -> '/usr/lib/python3.14/site-packages/pyparsing/tools/__pycache__/cvt_pyparsing_pep8_names.cpython-314.pyc'
'/pkgs/pyparsing/usr/lib/python3.14/site-packages/pyparsing/tools/__pycache__/cvt_pyparsing_pep8_names.cpython-314.opt-1.pyc' -> '/usr/lib/python3.14/site-packages/pyparsing/tools/__pycache__/cvt_pyparsing_pep8_names.cpython-314.opt-1.pyc'
'/pkgs/pyparsing/usr/lib/python3.14/site-packages/pyparsing/__pycache__/__init__.cpython-314.pyc' -> '/usr/lib/python3.14/site-packages/pyparsing/__pycache__/__init__.cpython-314.pyc'
'/pkgs/pyparsing/usr/lib/python3.14/site-packages/pyparsing/__pycache__/__init__.cpython-314.opt-1.pyc' -> '/usr/lib/python3.14/site-packages/pyparsing/__pycache__/__init__.cpython-314.opt-1.pyc'
'/pkgs/pyparsing/usr/lib/python3.14/site-packages/pyparsing/__pycache__/actions.cpython-314.pyc' -> '/usr/lib/python3.14/site-packages/pyparsing/__pycache__/actions.cpython-314.pyc'
'/pkgs/pyparsing/usr/lib/python3.14/site-packages/pyparsing/__pycache__/actions.cpython-314.opt-1.pyc' -> '/usr/lib/python3.14/site-packages/pyparsing/__pycache__/actions.cpython-314.opt-1.pyc'
'/pkgs/pyparsing/usr/lib/python3.14/site-packages/pyparsing/__pycache__/common.cpython-314.pyc' -> '/usr/lib/python3.14/site-packages/pyparsing/__pycache__/common.cpython-314.pyc'
'/pkgs/pyparsing/usr/lib/python3.14/site-packages/pyparsing/__pycache__/common.cpython-314.opt-1.pyc' -> '/usr/lib/python3.14/site-packages/pyparsing/__pycache__/common.cpython-314.opt-1.pyc'
'/pkgs/pyparsing/usr/lib/python3.14/site-packages/pyparsing/__pycache__/core.cpython-314.pyc' -> '/usr/lib/python3.14/site-packages/pyparsing/__pycache__/core.cpython-314.pyc'
'/pkgs/pyparsing/usr/lib/python3.14/site-packages/pyparsing/__pycache__/core.cpython-314.opt-1.pyc' -> '/usr/lib/python3.14/site-packages/pyparsing/__pycache__/core.cpython-314.opt-1.pyc'
'/pkgs/pyparsing/usr/lib/python3.14/site-packages/pyparsing/__pycache__/exceptions.cpython-314.pyc' -> '/usr/lib/python3.14/site-packages/pyparsing/__pycache__/exceptions.cpython-314.pyc'
'/pkgs/pyparsing/usr/lib/python3.14/site-packages/pyparsing/__pycache__/exceptions.cpython-314.opt-1.pyc' -> '/usr/lib/python3.14/site-packages/pyparsing/__pycache__/exceptions.cpython-314.opt-1.pyc'
'/pkgs/pyparsing/usr/lib/python3.14/site-packages/pyparsing/__pycache__/helpers.cpython-314.pyc' -> '/usr/lib/python3.14/site-packages/pyparsing/__pycache__/helpers.cpython-314.pyc'
'/pkgs/pyparsing/usr/lib/python3.14/site-packages/pyparsing/__pycache__/helpers.cpython-314.opt-1.pyc' -> '/usr/lib/python3.14/site-packages/pyparsing/__pycache__/helpers.cpython-314.opt-1.pyc'
'/pkgs/pyparsing/usr/lib/python3.14/site-packages/pyparsing/__pycache__/results.cpython-314.pyc' -> '/usr/lib/python3.14/site-packages/pyparsing/__pycache__/results.cpython-314.pyc'
'/pkgs/pyparsing/usr/lib/python3.14/site-packages/pyparsing/__pycache__/results.cpython-314.opt-1.pyc' -> '/usr/lib/python3.14/site-packages/pyparsing/__pycache__/results.cpython-314.opt-1.pyc'
'/pkgs/pyparsing/usr/lib/python3.14/site-packages/pyparsing/__pycache__/testing.cpython-314.pyc' -> '/usr/lib/python3.14/site-packages/pyparsing/__pycache__/testing.cpython-314.pyc'
'/pkgs/pyparsing/usr/lib/python3.14/site-packages/pyparsing/__pycache__/testing.cpython-314.opt-1.pyc' -> '/usr/lib/python3.14/site-packages/pyparsing/__pycache__/testing.cpython-314.opt-1.pyc'
'/pkgs/pyparsing/usr/lib/python3.14/site-packages/pyparsing/__pycache__/unicode.cpython-314.pyc' -> '/usr/lib/python3.14/site-packages/pyparsing/__pycache__/unicode.cpython-314.pyc'
'/pkgs/pyparsing/usr/lib/python3.14/site-packages/pyparsing/__pycache__/unicode.cpython-314.opt-1.pyc' -> '/usr/lib/python3.14/site-packages/pyparsing/__pycache__/unicode.cpython-314.opt-1.pyc'
'/pkgs/pyparsing/usr/lib/python3.14/site-packages/pyparsing/__pycache__/util.cpython-314.pyc' -> '/usr/lib/python3.14/site-packages/pyparsing/__pycache__/util.cpython-314.pyc'
'/pkgs/pyparsing/usr/lib/python3.14/site-packages/pyparsing/__pycache__/util.cpython-314.opt-1.pyc' -> '/usr/lib/python3.14/site-packages/pyparsing/__pycache__/util.cpython-314.opt-1.pyc'
'/pkgs/pyparsing/usr/lib/python3.14/site-packages/pyparsing-3.3.1.dist-info' -> '/usr/lib/python3.14/site-packages/pyparsing-3.3.1.dist-info'
'/pkgs/pyparsing/usr/lib/python3.14/site-packages/pyparsing-3.3.1.dist-info/licenses' -> '/usr/lib/python3.14/site-packages/pyparsing-3.3.1.dist-info/licenses'
'/pkgs/pyparsing/usr/lib/python3.14/site-packages/pyparsing-3.3.1.dist-info/licenses/LICENSE' -> '/usr/lib/python3.14/site-packages/pyparsing-3.3.1.dist-info/licenses/LICENSE'
'/pkgs/pyparsing/usr/lib/python3.14/site-packages/pyparsing-3.3.1.dist-info/WHEEL' -> '/usr/lib/python3.14/site-packages/pyparsing-3.3.1.dist-info/WHEEL'
'/pkgs/pyparsing/usr/lib/python3.14/site-packages/pyparsing-3.3.1.dist-info/METADATA' -> '/usr/lib/python3.14/site-packages/pyparsing-3.3.1.dist-info/METADATA'
'/pkgs/pyparsing/usr/lib/python3.14/site-packages/pyparsing-3.3.1.dist-info/RECORD' -> '/usr/lib/python3.14/site-packages/pyparsing-3.3.1.dist-info/RECORD'
pyparsing/
pyparsing/usr/
pyparsing/usr/lib/
pyparsing/usr/lib/python3.14/
pyparsing/usr/lib/python3.14/site-packages/
pyparsing/usr/lib/python3.14/site-packages/pyparsing-3.3.1.dist-info/
pyparsing/usr/lib/python3.14/site-packages/pyparsing-3.3.1.dist-info/RECORD
pyparsing/usr/lib/python3.14/site-packages/pyparsing-3.3.1.dist-info/METADATA
pyparsing/usr/lib/python3.14/site-packages/pyparsing-3.3.1.dist-info/WHEEL
pyparsing/usr/lib/python3.14/site-packages/pyparsing-3.3.1.dist-info/licenses/
pyparsing/usr/lib/python3.14/site-packages/pyparsing-3.3.1.dist-info/licenses/LICENSE
pyparsing/usr/lib/python3.14/site-packages/pyparsing/
pyparsing/usr/lib/python3.14/site-packages/pyparsing/actions.py
pyparsing/usr/lib/python3.14/site-packages/pyparsing/common.py
pyparsing/usr/lib/python3.14/site-packages/pyparsing/testing.py
pyparsing/usr/lib/python3.14/site-packages/pyparsing/helpers.py
pyparsing/usr/lib/python3.14/site-packages/pyparsing/__pycache__/
pyparsing/usr/lib/python3.14/site-packages/pyparsing/__pycache__/core.cpython-314.pyc
pyparsing/usr/lib/python3.14/site-packages/pyparsing/__pycache__/common.cpython-314.pyc
pyparsing/usr/lib/python3.14/site-packages/pyparsing/__pycache__/unicode.cpython-314.pyc
pyparsing/usr/lib/python3.14/site-packages/pyparsing/__pycache__/actions.cpython-314.opt-1.pyc
pyparsing/usr/lib/python3.14/site-packages/pyparsing/__pycache__/exceptions.cpython-314.opt-1.pyc
pyparsing/usr/lib/python3.14/site-packages/pyparsing/__pycache__/__init__.cpython-314.opt-1.pyc
pyparsing/usr/lib/python3.14/site-packages/pyparsing/__pycache__/helpers.cpython-314.opt-1.pyc
pyparsing/usr/lib/python3.14/site-packages/pyparsing/__pycache__/actions.cpython-314.pyc
pyparsing/usr/lib/python3.14/site-packages/pyparsing/__pycache__/core.cpython-314.opt-1.pyc
pyparsing/usr/lib/python3.14/site-packages/pyparsing/__pycache__/util.cpython-314.pyc
pyparsing/usr/lib/python3.14/site-packages/pyparsing/__pycache__/unicode.cpython-314.opt-1.pyc
pyparsing/usr/lib/python3.14/site-packages/pyparsing/__pycache__/testing.cpython-314.pyc
pyparsing/usr/lib/python3.14/site-packages/pyparsing/__pycache__/common.cpython-314.opt-1.pyc
pyparsing/usr/lib/python3.14/site-packages/pyparsing/__pycache__/exceptions.cpython-314.pyc
pyparsing/usr/lib/python3.14/site-packages/pyparsing/__pycache__/results.cpython-314.opt-1.pyc
pyparsing/usr/lib/python3.14/site-packages/pyparsing/__pycache__/helpers.cpython-314.pyc
pyparsing/usr/lib/python3.14/site-packages/pyparsing/__pycache__/results.cpython-314.pyc
pyparsing/usr/lib/python3.14/site-packages/pyparsing/__pycache__/__init__.cpython-314.pyc
pyparsing/usr/lib/python3.14/site-packages/pyparsing/__pycache__/util.cpython-314.opt-1.pyc
pyparsing/usr/lib/python3.14/site-packages/pyparsing/__pycache__/testing.cpython-314.opt-1.pyc
pyparsing/usr/lib/python3.14/site-packages/pyparsing/core.py
pyparsing/usr/lib/python3.14/site-packages/pyparsing/exceptions.py
pyparsing/usr/lib/python3.14/site-packages/pyparsing/util.py
pyparsing/usr/lib/python3.14/site-packages/pyparsing/diagram/
pyparsing/usr/lib/python3.14/site-packages/pyparsing/diagram/__pycache__/
pyparsing/usr/lib/python3.14/site-packages/pyparsing/diagram/__pycache__/__init__.cpython-314.opt-1.pyc
pyparsing/usr/lib/python3.14/site-packages/pyparsing/diagram/__pycache__/__init__.cpython-314.pyc
pyparsing/usr/lib/python3.14/site-packages/pyparsing/diagram/__init__.py
pyparsing/usr/lib/python3.14/site-packages/pyparsing/__init__.py
pyparsing/usr/lib/python3.14/site-packages/pyparsing/unicode.py
pyparsing/usr/lib/python3.14/site-packages/pyparsing/ai/
pyparsing/usr/lib/python3.14/site-packages/pyparsing/ai/__pycache__/
pyparsing/usr/lib/python3.14/site-packages/pyparsing/ai/__pycache__/__init__.cpython-314.opt-1.pyc
pyparsing/usr/lib/python3.14/site-packages/pyparsing/ai/__pycache__/__init__.cpython-314.pyc
pyparsing/usr/lib/python3.14/site-packages/pyparsing/ai/__init__.py
pyparsing/usr/lib/python3.14/site-packages/pyparsing/ai/show_best_practices/
pyparsing/usr/lib/python3.14/site-packages/pyparsing/ai/show_best_practices/__pycache__/
pyparsing/usr/lib/python3.14/site-packages/pyparsing/ai/show_best_practices/__pycache__/__init__.cpython-314.opt-1.pyc
pyparsing/usr/lib/python3.14/site-packages/pyparsing/ai/show_best_practices/__pycache__/__main__.cpython-314.opt-1.pyc
pyparsing/usr/lib/python3.14/site-packages/pyparsing/ai/show_best_practices/__pycache__/__main__.cpython-314.pyc
pyparsing/usr/lib/python3.14/site-packages/pyparsing/ai/show_best_practices/__pycache__/__init__.cpython-314.pyc
pyparsing/usr/lib/python3.14/site-packages/pyparsing/ai/show_best_practices/__main__.py
pyparsing/usr/lib/python3.14/site-packages/pyparsing/ai/show_best_practices/__init__.py
pyparsing/usr/lib/python3.14/site-packages/pyparsing/ai/best_practices.md
pyparsing/usr/lib/python3.14/site-packages/pyparsing/tools/
pyparsing/usr/lib/python3.14/site-packages/pyparsing/tools/cvt_pyparsing_pep8_names.py
pyparsing/usr/lib/python3.14/site-packages/pyparsing/tools/__pycache__/
pyparsing/usr/lib/python3.14/site-packages/pyparsing/tools/__pycache__/__init__.cpython-314.opt-1.pyc
pyparsing/usr/lib/python3.14/site-packages/pyparsing/tools/__pycache__/cvt_pyparsing_pep8_names.cpython-314.opt-1.pyc
pyparsing/usr/lib/python3.14/site-packages/pyparsing/tools/__pycache__/cvt_pyparsing_pep8_names.cpython-314.pyc
pyparsing/usr/lib/python3.14/site-packages/pyparsing/tools/__pycache__/__init__.cpython-314.pyc
pyparsing/usr/lib/python3.14/site-packages/pyparsing/tools/__init__.py
pyparsing/usr/lib/python3.14/site-packages/pyparsing/py.typed
pyparsing/usr/lib/python3.14/site-packages/pyparsing/results.py
pyparsing/version
pyparsing/depends
pyparsing/make-depends
