--2026-02-27 09:05:44--  https://download.gnome.org/sources/adwaita-fonts/50/adwaita-fonts-50.0.tar.xz
Resolving download.gnome.org (download.gnome.org)... 79.127.206.207, 152.233.11.105, 79.127.206.235, ...
Connecting to download.gnome.org (download.gnome.org)|79.127.206.207|:443... connected.
HTTP request sent, awaiting response... 200 OK
Length: 2120492 (2.0M) [application/octet-stream]
Saving to: ‘adwaita-fonts-50.0.tar.xz’

     0K .......... .......... .......... .......... ..........  2% 4.78M 0s
    50K .......... .......... .......... .......... ..........  4% 12.1M 0s
   100K .......... .......... .......... .......... ..........  7% 23.2M 0s
   150K .......... .......... .......... .......... ..........  9% 10.2M 0s
   200K .......... .......... .......... .......... .......... 12% 82.0M 0s
   250K .......... .......... .......... .......... .......... 14% 21.5M 0s
   300K .......... .......... .......... .......... .......... 16% 66.9M 0s
   350K .......... .......... .......... .......... .......... 19% 13.7M 0s
   400K .......... .......... .......... .......... .......... 21% 65.8M 0s
   450K .......... .......... .......... .......... .......... 24% 17.0M 0s
   500K .......... .......... .......... .......... .......... 26%  112M 0s
   550K .......... .......... .......... .......... .......... 28% 13.9M 0s
   600K .......... .......... .......... .......... .......... 31% 11.5M 0s
   650K .......... .......... .......... .......... .......... 33% 94.8M 0s
   700K .......... .......... .......... .......... .......... 36%  184M 0s
   750K .......... .......... .......... .......... .......... 38% 2.64M 0s
   800K .......... .......... .......... .......... .......... 41%  103M 0s
   850K .......... .......... .......... .......... .......... 43%  111M 0s
   900K .......... .......... .......... .......... .......... 45% 90.2M 0s
   950K .......... .......... .......... .......... .......... 48%  101M 0s
  1000K .......... .......... .......... .......... .......... 50% 2.22M 0s
  1050K .......... .......... .......... .......... .......... 53%  102M 0s
  1100K .......... .......... .......... .......... .......... 55%  111M 0s
  1150K .......... .......... .......... .......... .......... 57% 67.1M 0s
  1200K .......... .......... .......... .......... .......... 60% 71.8M 0s
  1250K .......... .......... .......... .......... .......... 62%  193M 0s
  1300K .......... .......... .......... .......... .......... 65% 2.86M 0s
  1350K .......... .......... .......... .......... .......... 67% 18.8M 0s
  1400K .......... .......... .......... .......... .......... 70% 23.9M 0s
  1450K .......... .......... .......... .......... .......... 72% 44.6M 0s
  1500K .......... .......... .......... .......... .......... 74% 31.1M 0s
  1550K .......... .......... .......... .......... .......... 77% 40.4M 0s
  1600K .......... .......... .......... .......... .......... 79% 30.5M 0s
  1650K .......... .......... .......... .......... .......... 82% 47.3M 0s
  1700K .......... .......... .......... .......... .......... 84% 32.9M 0s
  1750K .......... .......... .......... .......... .......... 86% 47.3M 0s
  1800K .......... .......... .......... .......... .......... 89% 27.9M 0s
  1850K .......... .......... .......... .......... .......... 91% 45.8M 0s
  1900K .......... .......... .......... .......... .......... 94% 29.8M 0s
  1950K .......... .......... .......... .......... .......... 96% 25.9M 0s
  2000K .......... .......... .......... .......... .......... 98% 54.6M 0s
  2050K .......... ..........                                 100%  308M=0.1s

2026-02-27 09:05:44 (16.3 MB/s) - ‘adwaita-fonts-50.0.tar.xz’ saved [2120492/2120492]

adwaita-fonts-50.0/
adwaita-fonts-50.0/.gitignore
adwaita-fonts-50.0/.gitlab/
adwaita-fonts-50.0/.gitlab/issue_templates/
adwaita-fonts-50.0/.gitlab/issue_templates/default.md
adwaita-fonts-50.0/.gitlab-ci.yml
adwaita-fonts-50.0/LICENSE
adwaita-fonts-50.0/README.md
adwaita-fonts-50.0/adwaita-fonts.doap
adwaita-fonts-50.0/meson.build
adwaita-fonts-50.0/mono/
adwaita-fonts-50.0/mono/AdwaitaMono-Bold.ttf
adwaita-fonts-50.0/mono/AdwaitaMono-BoldItalic.ttf
adwaita-fonts-50.0/mono/AdwaitaMono-Italic.ttf
adwaita-fonts-50.0/mono/AdwaitaMono-Regular.ttf
adwaita-fonts-50.0/mono/private-build-plans.toml
adwaita-fonts-50.0/mono/update-fonts.sh
adwaita-fonts-50.0/preview.png
adwaita-fonts-50.0/sans/
adwaita-fonts-50.0/sans/AdwaitaSans-Italic.ttf
adwaita-fonts-50.0/sans/AdwaitaSans-Regular.ttf
adwaita-fonts-50.0/sans/update-fonts.sh
/blfs/builds
adwaita-fonts/
adwaita-fonts/usr/
adwaita-fonts/usr/share/
adwaita-fonts/usr/share/fonts/
adwaita-fonts/usr/share/fonts/adwaita-fonts-50.0/
adwaita-fonts/usr/share/fonts/adwaita-fonts-50.0/.gitignore
adwaita-fonts/usr/share/fonts/adwaita-fonts-50.0/adwaita-fonts.doap
adwaita-fonts/usr/share/fonts/adwaita-fonts-50.0/meson.build
adwaita-fonts/usr/share/fonts/adwaita-fonts-50.0/.gitlab/
adwaita-fonts/usr/share/fonts/adwaita-fonts-50.0/.gitlab/issue_templates/
adwaita-fonts/usr/share/fonts/adwaita-fonts-50.0/.gitlab/issue_templates/default.md
adwaita-fonts/usr/share/fonts/adwaita-fonts-50.0/mono/
adwaita-fonts/usr/share/fonts/adwaita-fonts-50.0/mono/private-build-plans.toml
adwaita-fonts/usr/share/fonts/adwaita-fonts-50.0/mono/AdwaitaMono-Italic.ttf
adwaita-fonts/usr/share/fonts/adwaita-fonts-50.0/mono/update-fonts.sh
adwaita-fonts/usr/share/fonts/adwaita-fonts-50.0/mono/AdwaitaMono-Regular.ttf
adwaita-fonts/usr/share/fonts/adwaita-fonts-50.0/mono/AdwaitaMono-BoldItalic.ttf
adwaita-fonts/usr/share/fonts/adwaita-fonts-50.0/mono/AdwaitaMono-Bold.ttf
adwaita-fonts/usr/share/fonts/adwaita-fonts-50.0/preview.png
adwaita-fonts/usr/share/fonts/adwaita-fonts-50.0/.gitlab-ci.yml
adwaita-fonts/usr/share/fonts/adwaita-fonts-50.0/sans/
adwaita-fonts/usr/share/fonts/adwaita-fonts-50.0/sans/AdwaitaSans-Regular.ttf
adwaita-fonts/usr/share/fonts/adwaita-fonts-50.0/sans/AdwaitaSans-Italic.ttf
adwaita-fonts/usr/share/fonts/adwaita-fonts-50.0/sans/update-fonts.sh
adwaita-fonts/usr/share/fonts/adwaita-fonts-50.0/LICENSE
adwaita-fonts/usr/share/fonts/adwaita-fonts-50.0/README.md
adwaita-fonts/version
adwaita-fonts/postinst
adwaita-fonts/depends
adwaita-fonts/make-depends
