--2026-04-03 09:54:41--  https://gitlab.gnome.org/GNOME/gucharmap/-/archive/17.0.2/gucharmap-17.0.2.tar.bz2
Resolving gitlab.gnome.org (gitlab.gnome.org)... 151.101.1.91, 151.101.65.91, 151.101.129.91, ...
Connecting to gitlab.gnome.org (gitlab.gnome.org)|151.101.1.91|:443... connected.
HTTP request sent, awaiting response... 200 OK
Length: 1514068 (1.4M) [application/octet-stream]
Saving to: ‘gucharmap-17.0.2.tar.bz2’

     0K .......... .......... .......... .......... ..........  3% 5.87M 0s
    50K .......... .......... .......... .......... ..........  6% 11.5M 0s
   100K .......... .......... .......... .......... .......... 10% 6.58M 0s
   150K .......... .......... .......... .......... .......... 13% 74.4M 0s
   200K .......... .......... .......... .......... .......... 16% 14.2M 0s
   250K .......... .......... .......... .......... .......... 20% 12.7M 0s
   300K .......... .......... .......... .......... .......... 23%  144M 0s
   350K .......... .......... .......... .......... .......... 27%  119M 0s
   400K .......... .......... .......... .......... .......... 30% 14.7M 0s
   450K .......... .......... .......... .......... .......... 33%  121M 0s
   500K .......... .......... .......... .......... .......... 37% 14.3M 0s
   550K .......... .......... .......... .......... .......... 40%  101M 0s
   600K .......... .......... .......... .......... .......... 43%  122M 0s
   650K .......... .......... .......... .......... .......... 47%  119M 0s
   700K .......... .......... .......... .......... .......... 50% 18.4M 0s
   750K .......... .......... .......... .......... .......... 54%  117M 0s
   800K .......... .......... .......... .......... .......... 57% 13.1M 0s
   850K .......... .......... .......... .......... .......... 60%  117M 0s
   900K .......... .......... .......... .......... .......... 64%  117M 0s
   950K .......... .......... .......... .......... .......... 67%  119M 0s
  1000K .......... .......... .......... .......... .......... 71%  113M 0s
  1050K .......... .......... .......... .......... .......... 74%  122M 0s
  1100K .......... .......... .......... .......... .......... 77% 27.4M 0s
  1150K .......... .......... .......... .......... .......... 81%  104M 0s
  1200K .......... .......... .......... .......... .......... 84% 13.8M 0s
  1250K .......... .......... .......... .......... .......... 87%  112M 0s
  1300K .......... .......... .......... .......... .......... 91%  124M 0s
  1350K .......... .......... .......... .......... .......... 94%  118M 0s
  1400K .......... .......... .......... .......... .......... 98%  117M 0s
  1450K .......... .......... ........                        100%  136M=0.05s

2026-04-03 09:54:42 (26.9 MB/s) - ‘gucharmap-17.0.2.tar.bz2’ saved [1514068/1514068]

--2026-04-03 09:54:42--  https://www.unicode.org/Public/7.0.2.0.0/ucd/UCD.zip
Resolving www.unicode.org (www.unicode.org)... 172.67.74.23, 104.26.11.47, 104.26.10.47, ...
Connecting to www.unicode.org (www.unicode.org)|172.67.74.23|:443... connected.
HTTP request sent, awaiting response... 404 Not Found
2026-04-03 09:54:42 ERROR 404: Not Found.

