--2026-02-20 08:16:11--  https://download.videolan.org/vlc/3.0.23/vlc-3.0.23.tar.xz
Resolving download.videolan.org (download.videolan.org)... 213.36.253.2, 2a01:e0d:1:3:58bf:fa02:c0de:5
Connecting to download.videolan.org (download.videolan.org)|213.36.253.2|:443... connected.
HTTP request sent, awaiting response... 200 OK
Length: 26486988 (25M) [application/octet-stream]
Saving to: ‘vlc-3.0.23.tar.xz’

     0K .......... .......... .......... .......... ..........  0%  568K 45s
    50K .......... .......... .......... .......... ..........  0%  569K 45s
   100K .......... .......... .......... .......... ..........  0%  110M 30s
   150K .......... .......... .......... .......... ..........  0%  568K 34s
   200K .......... .......... .......... .......... ..........  0% 1.24M 31s
   250K .......... .......... .......... .......... ..........  1% 1.01M 30s
   300K .......... .......... .......... .......... ..........  1% 1.04M 29s
   350K .......... .......... .......... .......... ..........  1% 1.18M 28s
   400K .......... .......... .......... .......... ..........  1%  972K 28s
   450K .......... .......... .......... .......... ..........  1% 1.34M 27s
   500K .......... .......... .......... .......... ..........  2%  926K 27s
   550K .......... .......... .......... .......... ..........  2%  103M 25s
   600K .......... .......... .......... .......... ..........  2% 1.05M 24s
   650K .......... .......... .......... .......... ..........  2% 1.13M 24s
   700K .......... .......... .......... .......... ..........  2%  118M 23s
   750K .......... .......... .......... .......... ..........  3% 1.10M 22s
   800K .......... .......... .......... .......... ..........  3%  166M 21s
   850K .......... .......... .......... .......... ..........  3% 1011K 21s
   900K .......... .......... .......... .......... ..........  3% 1.27M 21s
   950K .......... .......... .......... .......... ..........  3% 77.6M 20s
  1000K .......... .......... .......... .......... ..........  4%  143M 19s
  1050K .......... .......... .......... .......... ..........  4%  914K 19s
  1100K .......... .......... .......... .......... ..........  4%  147M 19s
  1150K .......... .......... .......... .......... ..........  4% 1.58M 18s
  1200K .......... .......... .......... .......... ..........  4%  120M 18s
  1250K .......... .......... .......... .......... ..........  5% 14.2M 17s
  1300K .......... .......... .......... .......... ..........  5%  184M 16s
  1350K .......... .......... .......... .......... ..........  5%  886K 17s
  1400K .......... .......... .......... .......... ..........  5% 80.0M 16s
  1450K .......... .......... .......... .......... ..........  5% 29.8M 16s
  1500K .......... .......... .......... .......... ..........  5% 1.47M 15s
  1550K .......... .......... .......... .......... ..........  6% 96.9M 15s
  1600K .......... .......... .......... .......... ..........  6% 7.58M 15s
  1650K .......... .......... .......... .......... ..........  6%  238M 14s
  1700K .......... .......... .......... .......... ..........  6%  116M 14s
  1750K .......... .......... .......... .......... ..........  6% 1.03M 14s
  1800K .......... .......... .......... .......... ..........  7%  114M 14s
  1850K .......... .......... .......... .......... ..........  7%  221M 13s
  1900K .......... .......... .......... .......... ..........  7% 1.51M 13s
  1950K .......... .......... .......... .......... ..........  7% 95.2M 13s
  2000K .......... .......... .......... .......... ..........  7%  113M 13s
  2050K .......... .......... .......... .......... ..........  8%  114M 12s
  2100K .......... .......... .......... .......... ..........  8%  113M 12s
  2150K .......... .......... .......... .......... ..........  8%  138M 12s
  2200K .......... .......... .......... .......... ..........  8% 8.20M 11s
  2250K .......... .......... .......... .......... ..........  8%  176M 11s
  2300K .......... .......... .......... .......... ..........  9%  107M 11s
  2350K .......... .......... .......... .......... ..........  9% 1.04M 11s
  2400K .......... .......... .......... .......... ..........  9%  116M 11s
  2450K .......... .......... .......... .......... ..........  9% 7.19M 11s
  2500K .......... .......... .......... .......... ..........  9% 1.94M 11s
  2550K .......... .......... .......... .......... .......... 10% 92.2M 10s
  2600K .......... .......... .......... .......... .......... 10%  170M 10s
  2650K .......... .......... .......... .......... .......... 10%  101M 10s
  2700K .......... .......... .......... .......... .......... 10%  197M 10s
  2750K .......... .......... .......... .......... .......... 10% 65.2M 10s
  2800K .......... .......... .......... .......... .......... 11%  147M 9s
  2850K .......... .......... .......... .......... .......... 11% 7.31M 9s
  2900K .......... .......... .......... .......... .......... 11% 80.5M 9s
  2950K .......... .......... .......... .......... .......... 11% 51.9M 9s
  3000K .......... .......... .......... .......... .......... 11% 93.5M 9s
  3050K .......... .......... .......... .......... .......... 11% 99.2M 9s
  3100K .......... .......... .......... .......... .......... 12% 85.2M 8s
  3150K .......... .......... .......... .......... .......... 12% 1.13M 9s
  3200K .......... .......... .......... .......... .......... 12% 5.74M 9s
  3250K .......... .......... .......... .......... .......... 12% 1.95M 9s
  3300K .......... .......... .......... .......... .......... 12%  193M 8s
  3350K .......... .......... .......... .......... .......... 13%  113M 8s
  3400K .......... .......... .......... .......... .......... 13% 96.0M 8s
  3450K .......... .......... .......... .......... .......... 13%  100M 8s
  3500K .......... .......... .......... .......... .......... 13%  101M 8s
  3550K .......... .......... .......... .......... .......... 13% 90.6M 8s
  3600K .......... .......... .......... .......... .......... 14% 83.4M 8s
  3650K .......... .......... .......... .......... .......... 14%  159M 8s
  3700K .......... .......... .......... .......... .......... 14%  118M 7s
  3750K .......... .......... .......... .......... .......... 14% 98.1M 7s
  3800K .......... .......... .......... .......... .......... 14% 6.96M 7s
  3850K .......... .......... .......... .......... .......... 15%  119M 7s
  3900K .......... .......... .......... .......... .......... 15%  107M 7s
  3950K .......... .......... .......... .......... .......... 15% 94.1M 7s
  4000K .......... .......... .......... .......... .......... 15% 6.38M 7s
  4050K .......... .......... .......... .......... .......... 15%  117M 7s
  4100K .......... .......... .......... .......... .......... 16%  111M 7s
  4150K .......... .......... .......... .......... .......... 16%  123M 7s
  4200K .......... .......... .......... .......... .......... 16%  115M 6s
  4250K .......... .......... .......... .......... .......... 16%  154M 6s
  4300K .......... .......... .......... .......... .......... 16% 1.08M 7s
  4350K .......... .......... .......... .......... .......... 17% 2.10M 7s
  4400K .......... .......... .......... .......... .......... 17%  128M 6s
  4450K .......... .......... .......... .......... .......... 17%  102M 6s
  4500K .......... .......... .......... .......... .......... 17% 17.2M 6s
  4550K .......... .......... .......... .......... .......... 17% 85.8M 6s
  4600K .......... .......... .......... .......... .......... 17% 91.5M 6s
  4650K .......... .......... .......... .......... .......... 18%  230M 6s
  4700K .......... .......... .......... .......... .......... 18% 89.0M 6s
  4750K .......... .......... .......... .......... .......... 18% 60.8M 6s
  4800K .......... .......... .......... .......... .......... 18%  139M 6s
  4850K .......... .......... .......... .......... .......... 18%  116M 6s
  4900K .......... .......... .......... .......... .......... 19% 83.5M 6s
  4950K .......... .......... .......... .......... .......... 19%  193M 6s
  5000K .......... .......... .......... .......... .......... 19% 89.6M 6s
  5050K .......... .......... .......... .......... .......... 19%  101M 6s
  5100K .......... .......... .......... .......... .......... 19%  169M 5s
  5150K .......... .......... .......... .......... .......... 20% 70.1M 5s
  5200K .......... .......... .......... .......... .......... 20% 4.97M 5s
  5250K .......... .......... .......... .......... .......... 20% 92.9M 5s
  5300K .......... .......... .......... .......... .......... 20% 40.1M 5s
  5350K .......... .......... .......... .......... .......... 20% 95.5M 5s
  5400K .......... .......... .......... .......... .......... 21%  105M 5s
  5450K .......... .......... .......... .......... .......... 21% 5.68M 5s
  5500K .......... .......... .......... .......... .......... 21%  239M 5s
  5550K .......... .......... .......... .......... .......... 21% 73.6M 5s
  5600K .......... .......... .......... .......... .......... 21%  125M 5s
  5650K .......... .......... .......... .......... .......... 22%  137M 5s
  5700K .......... .......... .......... .......... .......... 22% 1.63M 5s
  5750K .......... .......... .......... .......... .......... 22% 1.97M 5s
  5800K .......... .......... .......... .......... .......... 22%  131M 5s
  5850K .......... .......... .......... .......... .......... 22% 92.2M 5s
  5900K .......... .......... .......... .......... .......... 23%  100M 5s
  5950K .......... .......... .......... .......... .......... 23%  102M 5s
  6000K .......... .......... .......... .......... .......... 23%  158M 5s
  6050K .......... .......... .......... .......... .......... 23% 97.7M 5s
  6100K .......... .......... .......... .......... .......... 23%  188M 5s
  6150K .......... .......... .......... .......... .......... 23% 39.4M 5s
  6200K .......... .......... .......... .......... .......... 24%  114M 5s
  6250K .......... .......... .......... .......... .......... 24%  157M 4s
  6300K .......... .......... .......... .......... .......... 24%  108M 4s
  6350K .......... .......... .......... .......... .......... 24% 79.6M 4s
  6400K .......... .......... .......... .......... .......... 24%  118M 4s
  6450K .......... .......... .......... .......... .......... 25%  152M 4s
  6500K .......... .......... .......... .......... .......... 25% 89.1M 4s
  6550K .......... .......... .......... .......... .......... 25%  119M 4s
  6600K .......... .......... .......... .......... .......... 25%  146M 4s
  6650K .......... .......... .......... .......... .......... 25%  110M 4s
  6700K .......... .......... .......... .......... .......... 26% 99.4M 4s
  6750K .......... .......... .......... .......... .......... 26% 94.8M 4s
  6800K .......... .......... .......... .......... .......... 26% 77.2M 4s
  6850K .......... .......... .......... .......... .......... 26%  125M 4s
  6900K .......... .......... .......... .......... .......... 26% 83.9M 4s
  6950K .......... .......... .......... .......... .......... 27%  183M 4s
  7000K .......... .......... .......... .......... .......... 27%  118M 4s
  7050K .......... .......... .......... .......... .......... 27%  138M 4s
  7100K .......... .......... .......... .......... .......... 27% 87.7M 4s
  7150K .......... .......... .......... .......... .......... 27%  109M 4s
  7200K .......... .......... .......... .......... .......... 28%  117M 4s
  7250K .......... .......... .......... .......... .......... 28% 88.0M 4s
  7300K .......... .......... .......... .......... .......... 28% 45.2M 4s
  7350K .......... .......... .......... .......... .......... 28% 9.07M 4s
  7400K .......... .......... .......... .......... .......... 28% 82.0M 4s
  7450K .......... .......... .......... .......... .......... 28%  119M 4s
  7500K .......... .......... .......... .......... .......... 29% 8.84M 4s
  7550K .......... .......... .......... .......... .......... 29%  116M 4s
  7600K .......... .......... .......... .......... .......... 29% 10.3M 3s
  7650K .......... .......... .......... .......... .......... 29%  142M 3s
  7700K .......... .......... .......... .......... .......... 29%  129M 3s
  7750K .......... .......... .......... .......... .......... 30% 84.2M 3s
  7800K .......... .......... .......... .......... .......... 30%  177M 3s
  7850K .......... .......... .......... .......... .......... 30% 1.56M 3s
  7900K .......... .......... .......... .......... .......... 30% 96.1M 3s
  7950K .......... .......... .......... .......... .......... 30% 2.09M 3s
  8000K .......... .......... .......... .......... .......... 31%  117M 3s
  8050K .......... .......... .......... .......... .......... 31%  108M 3s
  8100K .......... .......... .......... .......... .......... 31%  186M 3s
  8150K .......... .......... .......... .......... .......... 31% 97.2M 3s
  8200K .......... .......... .......... .......... .......... 31% 96.9M 3s
  8250K .......... .......... .......... .......... .......... 32%  171M 3s
  8300K .......... .......... .......... .......... .......... 32% 96.3M 3s
  8350K .......... .......... .......... .......... .......... 32% 93.4M 3s
  8400K .......... .......... .......... .......... .......... 32% 96.9M 3s
  8450K .......... .......... .......... .......... .......... 32%  155M 3s
  8500K .......... .......... .......... .......... .......... 33%  113M 3s
  8550K .......... .......... .......... .......... .......... 33% 9.84M 3s
  8600K .......... .......... .......... .......... .......... 33% 83.4M 3s
  8650K .......... .......... .......... .......... .......... 33%  175M 3s
  8700K .......... .......... .......... .......... .......... 33%  114M 3s
  8750K .......... .......... .......... .......... .......... 34% 73.9M 3s
  8800K .......... .......... .......... .......... .......... 34%  112M 3s
  8850K .......... .......... .......... .......... .......... 34%  181M 3s
  8900K .......... .......... .......... .......... .......... 34%  101M 3s
  8950K .......... .......... .......... .......... .......... 34%  102M 3s
  9000K .......... .......... .......... .......... .......... 34%  137M 3s
  9050K .......... .......... .......... .......... .......... 35%  114M 3s
  9100K .......... .......... .......... .......... .......... 35% 9.49M 3s
  9150K .......... .......... .......... .......... .......... 35% 62.4M 3s
  9200K .......... .......... .......... .......... .......... 35%  185M 3s
  9250K .......... .......... .......... .......... .......... 35%  110M 3s
  9300K .......... .......... .......... .......... .......... 36% 94.0M 3s
  9350K .......... .......... .......... .......... .......... 36%  164M 3s
  9400K .......... .......... .......... .......... .......... 36%  108M 3s
  9450K .......... .......... .......... .......... .......... 36%  153M 3s
  9500K .......... .......... .......... .......... .......... 36% 9.07M 3s
  9550K .......... .......... .......... .......... .......... 37% 97.0M 3s
  9600K .......... .......... .......... .......... .......... 37%  134M 3s
  9650K .......... .......... .......... .......... .......... 37%  163M 3s
  9700K .......... .......... .......... .......... .......... 37% 85.1M 3s
  9750K .......... .......... .......... .......... .......... 37%  116M 3s
  9800K .......... .......... .......... .......... .......... 38%  159M 3s
  9850K .......... .......... .......... .......... .......... 38%  112M 3s
  9900K .......... .......... .......... .......... .......... 38% 81.9M 2s
  9950K .......... .......... .......... .......... .......... 38% 54.8M 2s
 10000K .......... .......... .......... .......... .......... 38% 97.6M 2s
 10050K .......... .......... .......... .......... .......... 39% 95.4M 2s
 10100K .......... .......... .......... .......... .......... 39% 10.4M 2s
 10150K .......... .......... .......... .......... .......... 39% 42.9M 2s
 10200K .......... .......... .......... .......... .......... 39%  116M 2s
 10250K .......... .......... .......... .......... .......... 39%  137M 2s
 10300K .......... .......... .......... .......... .......... 40% 92.6M 2s
 10350K .......... .......... .......... .......... .......... 40% 90.9M 2s
 10400K .......... .......... .......... .......... .......... 40%  112M 2s
 10450K .......... .......... .......... .......... .......... 40% 29.9M 2s
 10500K .......... .......... .......... .......... .......... 40%  107M 2s
 10550K .......... .......... .......... .......... .......... 40%  121M 2s
 10600K .......... .......... .......... .......... .......... 41% 2.27M 2s
 10650K .......... .......... .......... .......... .......... 41% 7.89M 2s
 10700K .......... .......... .......... .......... .......... 41% 2.70M 2s
 10750K .......... .......... .......... .......... .......... 41% 83.1M 2s
 10800K .......... .......... .......... .......... .......... 41%  135M 2s
 10850K .......... .......... .......... .......... .......... 42% 84.5M 2s
 10900K .......... .......... .......... .......... .......... 42%  112M 2s
 10950K .......... .......... .......... .......... .......... 42%  117M 2s
 11000K .......... .......... .......... .......... .......... 42%  119M 2s
 11050K .......... .......... .......... .......... .......... 42%  111M 2s
 11100K .......... .......... .......... .......... .......... 43% 33.4M 2s
 11150K .......... .......... .......... .......... .......... 43% 77.0M 2s
 11200K .......... .......... .......... .......... .......... 43%  122M 2s
 11250K .......... .......... .......... .......... .......... 43%  122M 2s
 11300K .......... .......... .......... .......... .......... 43% 95.7M 2s
 11350K .......... .......... .......... .......... .......... 44%  155M 2s
 11400K .......... .......... .......... .......... .......... 44%  108M 2s
 11450K .......... .......... .......... .......... .......... 44% 97.8M 2s
 11500K .......... .......... .......... .......... .......... 44%  135M 2s
 11550K .......... .......... .......... .......... .......... 44% 96.1M 2s
 11600K .......... .......... .......... .......... .......... 45%  106M 2s
 11650K .......... .......... .......... .......... .......... 45% 97.0M 2s
 11700K .......... .......... .......... .......... .......... 45%  174M 2s
 11750K .......... .......... .......... .......... .......... 45%  121M 2s
 11800K .......... .......... .......... .......... .......... 45%  101M 2s
 11850K .......... .......... .......... .......... .......... 46% 91.8M 2s
 11900K .......... .......... .......... .......... .......... 46% 78.2M 2s
 11950K .......... .......... .......... .......... .......... 46% 94.0M 2s
 12000K .......... .......... .......... .......... .......... 46%  150M 2s
 12050K .......... .......... .......... .......... .......... 46% 98.2M 2s
 12100K .......... .......... .......... .......... .......... 46%  107M 2s
 12150K .......... .......... .......... .......... .......... 47%  164M 2s
 12200K .......... .......... .......... .......... .......... 47% 88.1M 2s
 12250K .......... .......... .......... .......... .......... 47%  127M 2s
 12300K .......... .......... .......... .......... .......... 47%  155M 2s
 12350K .......... .......... .......... .......... .......... 47% 69.9M 2s
 12400K .......... .......... .......... .......... .......... 48%  154M 2s
 12450K .......... .......... .......... .......... .......... 48% 3.94M 2s
 12500K .......... .......... .......... .......... .......... 48%  121M 2s
 12550K .......... .......... .......... .......... .......... 48%  141M 2s
 12600K .......... .......... .......... .......... .......... 48% 99.2M 2s
 12650K .......... .......... .......... .......... .......... 49% 96.7M 2s
 12700K .......... .......... .......... .......... .......... 49%  169M 2s
 12750K .......... .......... .......... .......... .......... 49% 97.3M 2s
 12800K .......... .......... .......... .......... .......... 49% 96.4M 2s
 12850K .......... .......... .......... .......... .......... 49%  109M 2s
 12900K .......... .......... .......... .......... .......... 50%  169M 2s
 12950K .......... .......... .......... .......... .......... 50% 97.5M 2s
 13000K .......... .......... .......... .......... .......... 50%  108M 2s
 13050K .......... .......... .......... .......... .......... 50%  154M 2s
 13100K .......... .......... .......... .......... .......... 50% 95.6M 2s
 13150K .......... .......... .......... .......... .......... 51% 97.7M 2s
 13200K .......... .......... .......... .......... .......... 51%  110M 2s
 13250K .......... .......... .......... .......... .......... 51% 94.9M 2s
 13300K .......... .......... .......... .......... .......... 51% 95.1M 2s
 13350K .......... .......... .......... .......... .......... 51%  158M 2s
 13400K .......... .......... .......... .......... .......... 51% 9.79M 2s
 13450K .......... .......... .......... .......... .......... 52%  103M 2s
 13500K .......... .......... .......... .......... .......... 52%  147M 2s
 13550K .......... .......... .......... .......... .......... 52% 66.1M 1s
 13600K .......... .......... .......... .......... .......... 52%  173M 1s
 13650K .......... .......... .......... .......... .......... 52% 24.5M 1s
 13700K .......... .......... .......... .......... .......... 53%  113M 1s
 13750K .......... .......... .......... .......... .......... 53%  151M 1s
 13800K .......... .......... .......... .......... .......... 53%  119M 1s
 13850K .......... .......... .......... .......... .......... 53% 8.54M 1s
 13900K .......... .......... .......... .......... .......... 53%  124M 1s
 13950K .......... .......... .......... .......... .......... 54%  102M 1s
 14000K .......... .......... .......... .......... .......... 54% 93.0M 1s
 14050K .......... .......... .......... .......... .......... 54% 94.3M 1s
 14100K .......... .......... .......... .......... .......... 54%  173M 1s
 14150K .......... .......... .......... .......... .......... 54%  106M 1s
 14200K .......... .......... .......... .......... .......... 55% 92.9M 1s
 14250K .......... .......... .......... .......... .......... 55%  161M 1s
 14300K .......... .......... .......... .......... .......... 55%  111M 1s
 14350K .......... .......... .......... .......... .......... 55% 88.7M 1s
 14400K .......... .......... .......... .......... .......... 55% 9.50M 1s
 14450K .......... .......... .......... .......... .......... 56%  103M 1s
 14500K .......... .......... .......... .......... .......... 56%  155M 1s
 14550K .......... .......... .......... .......... .......... 56%  124M 1s
 14600K .......... .......... .......... .......... .......... 56% 94.5M 1s
 14650K .......... .......... .......... .......... .......... 56%  156M 1s
 14700K .......... .......... .......... .......... .......... 57%  104M 1s
 14750K .......... .......... .......... .......... .......... 57% 64.2M 1s
 14800K .......... .......... .......... .......... .......... 57% 99.5M 1s
 14850K .......... .......... .......... .......... .......... 57%  170M 1s
 14900K .......... .......... .......... .......... .......... 57% 3.30M 1s
 14950K .......... .......... .......... .......... .......... 57%  171M 1s
 15000K .......... .......... .......... .......... .......... 58% 7.44M 1s
 15050K .......... .......... .......... .......... .......... 58% 4.43M 1s
 15100K .......... .......... .......... .......... .......... 58%  105M 1s
 15150K .......... .......... .......... .......... .......... 58% 91.8M 1s
 15200K .......... .......... .......... .......... .......... 58%  114M 1s
 15250K .......... .......... .......... .......... .......... 59%  115M 1s
 15300K .......... .......... .......... .......... .......... 59%  114M 1s
 15350K .......... .......... .......... .......... .......... 59%  115M 1s
 15400K .......... .......... .......... .......... .......... 59%  116M 1s
 15450K .......... .......... .......... .......... .......... 59%  134M 1s
 15500K .......... .......... .......... .......... .......... 60%  118M 1s
 15550K .......... .......... .......... .......... .......... 60% 80.7M 1s
 15600K .......... .......... .......... .......... .......... 60%  113M 1s
 15650K .......... .......... .......... .......... .......... 60%  117M 1s
 15700K .......... .......... .......... .......... .......... 60%  117M 1s
 15750K .......... .......... .......... .......... .......... 61%  116M 1s
 15800K .......... .......... .......... .......... .......... 61%  116M 1s
 15850K .......... .......... .......... .......... .......... 61%  116M 1s
 15900K .......... .......... .......... .......... .......... 61%  135M 1s
 15950K .......... .......... .......... .......... .......... 61% 80.5M 1s
 16000K .......... .......... .......... .......... .......... 62%  115M 1s
 16050K .......... .......... .......... .......... .......... 62%  137M 1s
 16100K .......... .......... .......... .......... .......... 62%  110M 1s
 16150K .......... .......... .......... .......... .......... 62%  115M 1s
 16200K .......... .......... .......... .......... .......... 62%  114M 1s
 16250K .......... .......... .......... .......... .......... 63%  114M 1s
 16300K .......... .......... .......... .......... .......... 63% 8.61M 1s
 16350K .......... .......... .......... .......... .......... 63% 93.2M 1s
 16400K .......... .......... .......... .......... .......... 63% 77.6M 1s
 16450K .......... .......... .......... .......... .......... 63%  106M 1s
 16500K .......... .......... .......... .......... .......... 63%  143M 1s
 16550K .......... .......... .......... .......... .......... 64%  117M 1s
 16600K .......... .......... .......... .......... .......... 64% 91.9M 1s
 16650K .......... .......... .......... .......... .......... 64%  181M 1s
 16700K .......... .......... .......... .......... .......... 64%  103M 1s
 16750K .......... .......... .......... .......... .......... 64%  100M 1s
 16800K .......... .......... .......... .......... .......... 65% 93.0M 1s
 16850K .......... .......... .......... .......... .......... 65%  105M 1s
 16900K .......... .......... .......... .......... .......... 65%  147M 1s
 16950K .......... .......... .......... .......... .......... 65%  108M 1s
 17000K .......... .......... .......... .......... .......... 65% 99.8M 1s
 17050K .......... .......... .......... .......... .......... 66%  148M 1s
 17100K .......... .......... .......... .......... .......... 66%  117M 1s
 17150K .......... .......... .......... .......... .......... 66% 80.6M 1s
 17200K .......... .......... .......... .......... .......... 66% 7.16M 1s
 17250K .......... .......... .......... .......... .......... 66%  208M 1s
 17300K .......... .......... .......... .......... .......... 67% 91.4M 1s
 17350K .......... .......... .......... .......... .......... 67%  193M 1s
 17400K .......... .......... .......... .......... .......... 67%  110M 1s
 17450K .......... .......... .......... .......... .......... 67% 94.6M 1s
 17500K .......... .......... .......... .......... .......... 67%  154M 1s
 17550K .......... .......... .......... .......... .......... 68% 92.0M 1s
 17600K .......... .......... .......... .......... .......... 68%  122M 1s
 17650K .......... .......... .......... .......... .......... 68% 96.0M 1s
 17700K .......... .......... .......... .......... .......... 68% 36.1M 1s
 17750K .......... .......... .......... .......... .......... 68%  110M 1s
 17800K .......... .......... .......... .......... .......... 69% 7.92M 1s
 17850K .......... .......... .......... .......... .......... 69%  203M 1s
 17900K .......... .......... .......... .......... .......... 69%  113M 1s
 17950K .......... .......... .......... .......... .......... 69% 83.7M 1s
 18000K .......... .......... .......... .......... .......... 69%  113M 1s
 18050K .......... .......... .......... .......... .......... 69%  162M 1s
 18100K .......... .......... .......... .......... .......... 70%  115M 1s
 18150K .......... .......... .......... .......... .......... 70% 62.3M 1s
 18200K .......... .......... .......... .......... .......... 70% 93.1M 1s
 18250K .......... .......... .......... .......... .......... 70% 97.5M 1s
 18300K .......... .......... .......... .......... .......... 70%  145M 1s
 18350K .......... .......... .......... .......... .......... 71%  106M 1s
 18400K .......... .......... .......... .......... .......... 71% 68.1M 1s
 18450K .......... .......... .......... .......... .......... 71%  161M 1s
 18500K .......... .......... .......... .......... .......... 71%  109M 1s
 18550K .......... .......... .......... .......... .......... 71%  151M 1s
 18600K .......... .......... .......... .......... .......... 72% 99.8M 1s
 18650K .......... .......... .......... .......... .......... 72%  110M 1s
 18700K .......... .......... .......... .......... .......... 72% 9.50M 1s
 18750K .......... .......... .......... .......... .......... 72% 97.0M 1s
 18800K .......... .......... .......... .......... .......... 72% 45.4M 1s
 18850K .......... .......... .......... .......... .......... 73%  174M 1s
 18900K .......... .......... .......... .......... .......... 73% 92.0M 1s
 18950K .......... .......... .......... .......... .......... 73%  112M 1s
 19000K .......... .......... .......... .......... .......... 73%  174M 1s
 19050K .......... .......... .......... .......... .......... 73% 7.54M 1s
 19100K .......... .......... .......... .......... .......... 74%  163M 1s
 19150K .......... .......... .......... .......... .......... 74% 26.1M 1s
 19200K .......... .......... .......... .......... .......... 74% 91.1M 1s
 19250K .......... .......... .......... .......... .......... 74%  143M 1s
 19300K .......... .......... .......... .......... .......... 74%  173M 1s
 19350K .......... .......... .......... .......... .......... 75%  102M 1s
 19400K .......... .......... .......... .......... .......... 75% 95.6M 1s
 19450K .......... .......... .......... .......... .......... 75%  156M 1s
 19500K .......... .......... .......... .......... .......... 75%  112M 1s
 19550K .......... .......... .......... .......... .......... 75% 93.7M 1s
 19600K .......... .......... .......... .......... .......... 75% 36.8M 1s
 19650K .......... .......... .......... .......... .......... 76%  156M 1s
 19700K .......... .......... .......... .......... .......... 76% 92.4M 1s
 19750K .......... .......... .......... .......... .......... 76%  195M 1s
 19800K .......... .......... .......... .......... .......... 76% 8.76M 1s
 19850K .......... .......... .......... .......... .......... 76%  142M 1s
 19900K .......... .......... .......... .......... .......... 77%  120M 1s
 19950K .......... .......... .......... .......... .......... 77% 99.4M 1s
 20000K .......... .......... .......... .......... .......... 77% 88.1M 1s
 20050K .......... .......... .......... .......... .......... 77% 93.4M 1s
 20100K .......... .......... .......... .......... .......... 77%  115M 1s
 20150K .......... .......... .......... .......... .......... 78%  141M 1s
 20200K .......... .......... .......... .......... .......... 78% 80.0M 0s
 20250K .......... .......... .......... .......... .......... 78%  161M 0s
 20300K .......... .......... .......... .......... .......... 78% 3.98M 0s
 20350K .......... .......... .......... .......... .......... 78% 48.3M 0s
 20400K .......... .......... .......... .......... .......... 79% 4.12M 0s
 20450K .......... .......... .......... .......... .......... 79%  170M 0s
 20500K .......... .......... .......... .......... .......... 79% 52.1M 0s
 20550K .......... .......... .......... .......... .......... 79%  140M 0s
 20600K .......... .......... .......... .......... .......... 79%  117M 0s
 20650K .......... .......... .......... .......... .......... 80% 96.4M 0s
 20700K .......... .......... .......... .......... .......... 80%  155M 0s
 20750K .......... .......... .......... .......... .......... 80% 90.6M 0s
 20800K .......... .......... .......... .......... .......... 80%  109M 0s
 20850K .......... .......... .......... .......... .......... 80% 96.0M 0s
 20900K .......... .......... .......... .......... .......... 80% 10.2M 0s
 20950K .......... .......... .......... .......... .......... 81%  190M 0s
 21000K .......... .......... .......... .......... .......... 81% 96.4M 0s
 21050K .......... .......... .......... .......... .......... 81%  115M 0s
 21100K .......... .......... .......... .......... .......... 81%  153M 0s
 21150K .......... .......... .......... .......... .......... 81% 62.7M 0s
 21200K .......... .......... .......... .......... .......... 82%  199M 0s
 21250K .......... .......... .......... .......... .......... 82%  110M 0s
 21300K .......... .......... .......... .......... .......... 82% 94.0M 0s
 21350K .......... .......... .......... .......... .......... 82%  157M 0s
 21400K .......... .......... .......... .......... .......... 82% 8.17M 0s
 21450K .......... .......... .......... .......... .......... 83%  115M 0s
 21500K .......... .......... .......... .......... .......... 83%  197M 0s
 21550K .......... .......... .......... .......... .......... 83% 65.9M 0s
 21600K .......... .......... .......... .......... .......... 83%  170M 0s
 21650K .......... .......... .......... .......... .......... 83%  104M 0s
 21700K .......... .......... .......... .......... .......... 84% 95.2M 0s
 21750K .......... .......... .......... .......... .......... 84%  157M 0s
 21800K .......... .......... .......... .......... .......... 84%  105M 0s
 21850K .......... .......... .......... .......... .......... 84% 99.9M 0s
 21900K .......... .......... .......... .......... .......... 84% 88.6M 0s
 21950K .......... .......... .......... .......... .......... 85% 88.3M 0s
 22000K .......... .......... .......... .......... .......... 85% 99.4M 0s
 22050K .......... .......... .......... .......... .......... 85%  108M 0s
 22100K .......... .......... .......... .......... .......... 85%  155M 0s
 22150K .......... .......... .......... .......... .......... 85%  108M 0s
 22200K .......... .......... .......... .......... .......... 86%  101M 0s
 22250K .......... .......... .......... .......... .......... 86% 94.4M 0s
 22300K .......... .......... .......... .......... .......... 86%  147M 0s
 22350K .......... .......... .......... .......... .......... 86% 72.8M 0s
 22400K .......... .......... .......... .......... .......... 86% 59.5M 0s
 22450K .......... .......... .......... .......... .......... 86%  103M 0s
 22500K .......... .......... .......... .......... .......... 87% 90.9M 0s
 22550K .......... .......... .......... .......... .......... 87% 99.3M 0s
 22600K .......... .......... .......... .......... .......... 87%  163M 0s
 22650K .......... .......... .......... .......... .......... 87%  101M 0s
 22700K .......... .......... .......... .......... .......... 87%  160M 0s
 22750K .......... .......... .......... .......... .......... 88% 65.8M 0s
 22800K .......... .......... .......... .......... .......... 88%  162M 0s
 22850K .......... .......... .......... .......... .......... 88%  119M 0s
 22900K .......... .......... .......... .......... .......... 88% 95.7M 0s
 22950K .......... .......... .......... .......... .......... 88%  136M 0s
 23000K .......... .......... .......... .......... .......... 89% 50.9M 0s
 23050K .......... .......... .......... .......... .......... 89% 66.9M 0s
 23100K .......... .......... .......... .......... .......... 89% 93.9M 0s
 23150K .......... .......... .......... .......... .......... 89% 47.2M 0s
 23200K .......... .......... .......... .......... .......... 89% 97.2M 0s
 23250K .......... .......... .......... .......... .......... 90% 94.5M 0s
 23300K .......... .......... .......... .......... .......... 90% 59.8M 0s
 23350K .......... .......... .......... .......... .......... 90% 84.5M 0s
 23400K .......... .......... .......... .......... .......... 90% 50.5M 0s
 23450K .......... .......... .......... .......... .......... 90% 93.9M 0s
 23500K .......... .......... .......... .......... .......... 91% 95.8M 0s
 23550K .......... .......... .......... .......... .......... 91% 36.9M 0s
 23600K .......... .......... .......... .......... .......... 91% 81.0M 0s
 23650K .......... .......... .......... .......... .......... 91% 74.9M 0s
 23700K .......... .......... .......... .......... .......... 91% 84.5M 0s
 23750K .......... .......... .......... .......... .......... 92% 95.6M 0s
 23800K .......... .......... .......... .......... .......... 92% 62.9M 0s
 23850K .......... .......... .......... .......... .......... 92%  107M 0s
 23900K .......... .......... .......... .......... .......... 92% 98.1M 0s
 23950K .......... .......... .......... .......... .......... 92% 90.3M 0s
 24000K .......... .......... .......... .......... .......... 92%  103M 0s
 24050K .......... .......... .......... .......... .......... 93% 85.3M 0s
 24100K .......... .......... .......... .......... .......... 93%  105M 0s
 24150K .......... .......... .......... .......... .......... 93% 1.89M 0s
 24200K .......... .......... .......... .......... .......... 93%  148M 0s
 24250K .......... .......... .......... .......... .......... 93% 94.4M 0s
 24300K .......... .......... .......... .......... .......... 94%  131M 0s
 24350K .......... .......... .......... .......... .......... 94%  105M 0s
 24400K .......... .......... .......... .......... .......... 94% 92.1M 0s
 24450K .......... .......... .......... .......... .......... 94%  118M 0s
 24500K .......... .......... .......... .......... .......... 94%  167M 0s
 24550K .......... .......... .......... .......... .......... 95% 92.5M 0s
 24600K .......... .......... .......... .......... .......... 95%  111M 0s
 24650K .......... .......... .......... .......... .......... 95%  100M 0s
 24700K .......... .......... .......... .......... .......... 95%  141M 0s
 24750K .......... .......... .......... .......... .......... 95% 69.1M 0s
 24800K .......... .......... .......... .......... .......... 96% 95.7M 0s
 24850K .......... .......... .......... .......... .......... 96% 83.3M 0s
 24900K .......... .......... .......... .......... .......... 96%  121M 0s
 24950K .......... .......... .......... .......... .......... 96%  132M 0s
 25000K .......... .......... .......... .......... .......... 96% 98.7M 0s
 25050K .......... .......... .......... .......... .......... 97%  133M 0s
 25100K .......... .......... .......... .......... .......... 97%  136M 0s
 25150K .......... .......... .......... .......... .......... 97% 66.4M 0s
 25200K .......... .......... .......... .......... .......... 97%  195M 0s
 25250K .......... .......... .......... .......... .......... 97%  115M 0s
 25300K .......... .......... .......... .......... .......... 98%  143M 0s
 25350K .......... .......... .......... .......... .......... 98% 83.5M 0s
 25400K .......... .......... .......... .......... .......... 98%  130M 0s
 25450K .......... .......... .......... .......... .......... 98%  170M 0s
 25500K .......... .......... .......... .......... .......... 98% 94.1M 0s
 25550K .......... .......... .......... .......... .......... 98% 97.0M 0s
 25600K .......... .......... .......... .......... .......... 99%  113M 0s
 25650K .......... .......... .......... .......... .......... 99% 92.0M 0s
 25700K .......... .......... .......... .......... .......... 99%  149M 0s
 25750K .......... .......... .......... .......... .......... 99%  114M 0s
 25800K .......... .......... .......... .......... .......... 99%  170M 0s
 25850K .......... ......                                     100% 47.9M=1.9s

2026-02-20 08:16:14 (13.3 MB/s) - ‘vlc-3.0.23.tar.xz’ saved [26486988/26486988]

--2026-02-20 08:16:14--  https://www.linuxfromscratch.org/patches/blfs/svn/vlc-3.0.21-taglib-1.patch
Resolving www.linuxfromscratch.org (www.linuxfromscratch.org)... 208.118.68.85
Connecting to www.linuxfromscratch.org (www.linuxfromscratch.org)|208.118.68.85|:443... connected.
HTTP request sent, awaiting response... 404 Not Found
2026-02-20 08:16:14 ERROR 404: Not Found.

