--2026-01-31 08:55:25--  https://download.gnome.org/sources/gvfs/1.58/gvfs-1.58.1.tar.xz
Resolving download.gnome.org (download.gnome.org)... 79.127.206.235, 152.233.11.105, 79.127.206.208, ...
Connecting to download.gnome.org (download.gnome.org)|79.127.206.235|:443... connected.
HTTP request sent, awaiting response... 200 OK
Length: 1294820 (1.2M) [application/octet-stream]
Saving to: ‘gvfs-1.58.1.tar.xz’

     0K .......... .......... .......... .......... ..........  3% 3.55M 0s
    50K .......... .......... .......... .......... ..........  7% 7.35M 0s
   100K .......... .......... .......... .......... .......... 11% 12.3M 0s
   150K .......... .......... .......... .......... .......... 15% 11.5M 0s
   200K .......... .......... .......... .......... .......... 19% 6.29M 0s
   250K .......... .......... .......... .......... .......... 23% 55.4M 0s
   300K .......... .......... .......... .......... .......... 27% 32.6M 0s
   350K .......... .......... .......... .......... .......... 31% 8.48M 0s
   400K .......... .......... .......... .......... .......... 35% 36.0M 0s
   450K .......... .......... .......... .......... .......... 39%  114M 0s
   500K .......... .......... .......... .......... .......... 43% 8.03M 0s
   550K .......... .......... .......... .......... .......... 47%  140M 0s
   600K .......... .......... .......... .......... .......... 51% 49.3M 0s
   650K .......... .......... .......... .......... .......... 55% 72.8M 0s
   700K .......... .......... .......... .......... .......... 59% 52.7M 0s
   750K .......... .......... .......... .......... .......... 63% 9.41M 0s
   800K .......... .......... .......... .......... .......... 67%  117M 0s
   850K .......... .......... .......... .......... .......... 71% 52.4M 0s
   900K .......... .......... .......... .......... .......... 75% 66.3M 0s
   950K .......... .......... .......... .......... .......... 79% 72.7M 0s
  1000K .......... .......... .......... .......... .......... 83%  112M 0s
  1050K .......... .......... .......... .......... .......... 86% 71.9M 0s
  1100K .......... .......... .......... .......... .......... 90% 11.5M 0s
  1150K .......... .......... .......... .......... .......... 94% 75.7M 0s
  1200K .......... .......... .......... .......... .......... 98%  100M 0s
  1250K .......... ....                                       100%  357M=0.07s

2026-01-31 08:55:25 (17.7 MB/s) - ‘gvfs-1.58.1.tar.xz’ saved [1294820/1294820]

gvfs-1.58.1/
gvfs-1.58.1/.gitlab-ci/
gvfs-1.58.1/.gitlab-ci/Dockerfile
gvfs-1.58.1/.gitlab-ci.yml
gvfs-1.58.1/CONTRIBUTING.md
gvfs-1.58.1/COPYING
gvfs-1.58.1/NEWS
gvfs-1.58.1/NEWS.pre-1-2
gvfs-1.58.1/README.md
gvfs-1.58.1/client/
gvfs-1.58.1/client/afpuri.c
gvfs-1.58.1/client/gdaemonfile.c
gvfs-1.58.1/client/gdaemonfile.h
gvfs-1.58.1/client/gdaemonfileenumerator.c
gvfs-1.58.1/client/gdaemonfileenumerator.h
gvfs-1.58.1/client/gdaemonfileinputstream.c
gvfs-1.58.1/client/gdaemonfileinputstream.h
gvfs-1.58.1/client/gdaemonfilemonitor.c
gvfs-1.58.1/client/gdaemonfilemonitor.h
gvfs-1.58.1/client/gdaemonfileoutputstream.c
gvfs-1.58.1/client/gdaemonfileoutputstream.h
gvfs-1.58.1/client/gdaemonmount.c
gvfs-1.58.1/client/gdaemonmount.h
gvfs-1.58.1/client/gdaemonvfs.c
gvfs-1.58.1/client/gdaemonvfs.h
gvfs-1.58.1/client/gdaemonvolumemonitor.c
gvfs-1.58.1/client/gdaemonvolumemonitor.h
gvfs-1.58.1/client/gvfsd-fuse-tmpfiles.conf
gvfs-1.58.1/client/gvfsdaemondbus.c
gvfs-1.58.1/client/gvfsdaemondbus.h
gvfs-1.58.1/client/gvfsfusedaemon.c
gvfs-1.58.1/client/gvfsiconloadable.c
gvfs-1.58.1/client/gvfsiconloadable.h
gvfs-1.58.1/client/gvfsurimapper.c
gvfs-1.58.1/client/gvfsurimapper.h
gvfs-1.58.1/client/gvfsuriutils.c
gvfs-1.58.1/client/gvfsuriutils.h
gvfs-1.58.1/client/httpuri.c
gvfs-1.58.1/client/meson.build
gvfs-1.58.1/client/smburi.c
gvfs-1.58.1/client/symbol.map
gvfs-1.58.1/client/test-uri-utils.c
gvfs-1.58.1/common/
gvfs-1.58.1/common/gmountoperationdbus.c
gvfs-1.58.1/common/gmountoperationdbus.h
gvfs-1.58.1/common/gmountsource.c
gvfs-1.58.1/common/gmountsource.h
gvfs-1.58.1/common/gmountspec.c
gvfs-1.58.1/common/gmountspec.h
gvfs-1.58.1/common/gmounttracker.c
gvfs-1.58.1/common/gmounttracker.h
gvfs-1.58.1/common/gvfsdaemonprotocol.c
gvfs-1.58.1/common/gvfsdaemonprotocol.h
gvfs-1.58.1/common/gvfsdnssdresolver.c
gvfs-1.58.1/common/gvfsdnssdresolver.h
gvfs-1.58.1/common/gvfsdnssdutils.c
gvfs-1.58.1/common/gvfsdnssdutils.h
gvfs-1.58.1/common/gvfsfileinfo.c
gvfs-1.58.1/common/gvfsfileinfo.h
gvfs-1.58.1/common/gvfsgphoto2utils.c
gvfs-1.58.1/common/gvfsgphoto2utils.h
gvfs-1.58.1/common/gvfsicon.c
gvfs-1.58.1/common/gvfsicon.h
gvfs-1.58.1/common/gvfsmonitorimpl.c
gvfs-1.58.1/common/gvfsmonitorimpl.h
gvfs-1.58.1/common/gvfsmountinfo.c
gvfs-1.58.1/common/gvfsmountinfo.h
gvfs-1.58.1/common/gvfsutils.c
gvfs-1.58.1/common/gvfsutils.h
gvfs-1.58.1/common/meson.build
gvfs-1.58.1/common/org.gtk.vfs.xml
gvfs-1.58.1/daemon/
gvfs-1.58.1/daemon/ParseFTPList.c
gvfs-1.58.1/daemon/ParseFTPList.h
gvfs-1.58.1/daemon/admin.mount.in
gvfs-1.58.1/daemon/afc.mount.in
gvfs-1.58.1/daemon/afp-browse.mount.in
gvfs-1.58.1/daemon/afp.mount.in
gvfs-1.58.1/daemon/archive.mount.in
gvfs-1.58.1/daemon/burn.mount.in
gvfs-1.58.1/daemon/cdda.mount.in
gvfs-1.58.1/daemon/computer.mount.in
gvfs-1.58.1/daemon/daemon-main-generic.c
gvfs-1.58.1/daemon/daemon-main.c
gvfs-1.58.1/daemon/daemon-main.h
gvfs-1.58.1/daemon/dav+sd.mount.in
gvfs-1.58.1/daemon/dav.mount.in
gvfs-1.58.1/daemon/dns-sd.mount.in
gvfs-1.58.1/daemon/ftp.mount.in
gvfs-1.58.1/daemon/ftpis.mount.in
gvfs-1.58.1/daemon/ftps.mount.in
gvfs-1.58.1/daemon/google.mount.in
gvfs-1.58.1/daemon/gphoto2.mount.in
gvfs-1.58.1/daemon/gvfs-daemon.service.in
gvfs-1.58.1/daemon/gvfs-dns-sd.convert
gvfs-1.58.1/daemon/gvfs-enums.h
gvfs-1.58.1/daemon/gvfs-smb.convert
gvfs-1.58.1/daemon/gvfsafpconnection.c
gvfs-1.58.1/daemon/gvfsafpconnection.h
gvfs-1.58.1/daemon/gvfsafpserver.c
gvfs-1.58.1/daemon/gvfsafpserver.h
gvfs-1.58.1/daemon/gvfsafptypes.h
gvfs-1.58.1/daemon/gvfsafputils.c
gvfs-1.58.1/daemon/gvfsafputils.h
gvfs-1.58.1/daemon/gvfsafpvolume.c
gvfs-1.58.1/daemon/gvfsafpvolume.h
gvfs-1.58.1/daemon/gvfsbackend.c
gvfs-1.58.1/daemon/gvfsbackend.h
gvfs-1.58.1/daemon/gvfsbackendadmin.c
gvfs-1.58.1/daemon/gvfsbackendadmin.h
gvfs-1.58.1/daemon/gvfsbackendafc.c
gvfs-1.58.1/daemon/gvfsbackendafc.h
gvfs-1.58.1/daemon/gvfsbackendafp.c
gvfs-1.58.1/daemon/gvfsbackendafp.h
gvfs-1.58.1/daemon/gvfsbackendafpbrowse.c
gvfs-1.58.1/daemon/gvfsbackendafpbrowse.h
gvfs-1.58.1/daemon/gvfsbackendarchive.c
gvfs-1.58.1/daemon/gvfsbackendarchive.h
gvfs-1.58.1/daemon/gvfsbackendburn.c
gvfs-1.58.1/daemon/gvfsbackendburn.h
gvfs-1.58.1/daemon/gvfsbackendcdda.c
gvfs-1.58.1/daemon/gvfsbackendcdda.h
gvfs-1.58.1/daemon/gvfsbackendcomputer.c
gvfs-1.58.1/daemon/gvfsbackendcomputer.h
gvfs-1.58.1/daemon/gvfsbackenddav.c
gvfs-1.58.1/daemon/gvfsbackenddav.h
gvfs-1.58.1/daemon/gvfsbackenddnssd.c
gvfs-1.58.1/daemon/gvfsbackenddnssd.h
gvfs-1.58.1/daemon/gvfsbackendftp.c
gvfs-1.58.1/daemon/gvfsbackendftp.h
gvfs-1.58.1/daemon/gvfsbackendgoogle.c
gvfs-1.58.1/daemon/gvfsbackendgoogle.h
gvfs-1.58.1/daemon/gvfsbackendgphoto2.c
gvfs-1.58.1/daemon/gvfsbackendgphoto2.h
gvfs-1.58.1/daemon/gvfsbackendhttp.c
gvfs-1.58.1/daemon/gvfsbackendhttp.h
gvfs-1.58.1/daemon/gvfsbackendlocaltest.c
gvfs-1.58.1/daemon/gvfsbackendlocaltest.h
gvfs-1.58.1/daemon/gvfsbackendmtp.c
gvfs-1.58.1/daemon/gvfsbackendmtp.h
gvfs-1.58.1/daemon/gvfsbackendnetwork.c
gvfs-1.58.1/daemon/gvfsbackendnetwork.h
gvfs-1.58.1/daemon/gvfsbackendnfs.c
gvfs-1.58.1/daemon/gvfsbackendnfs.h
gvfs-1.58.1/daemon/gvfsbackendonedrive.c
gvfs-1.58.1/daemon/gvfsbackendonedrive.h
gvfs-1.58.1/daemon/gvfsbackendrecent.c
gvfs-1.58.1/daemon/gvfsbackendrecent.h
gvfs-1.58.1/daemon/gvfsbackendsftp.c
gvfs-1.58.1/daemon/gvfsbackendsftp.h
gvfs-1.58.1/daemon/gvfsbackendsmb.c
gvfs-1.58.1/daemon/gvfsbackendsmb.h
gvfs-1.58.1/daemon/gvfsbackendsmbbrowse.c
gvfs-1.58.1/daemon/gvfsbackendsmbbrowse.h
gvfs-1.58.1/daemon/gvfsbackendsmbprivate.h
gvfs-1.58.1/daemon/gvfsbackendtest.c
gvfs-1.58.1/daemon/gvfsbackendtest.h
gvfs-1.58.1/daemon/gvfsbackendtrash.c
gvfs-1.58.1/daemon/gvfsbackendtrash.h
gvfs-1.58.1/daemon/gvfsbackendwsdd.c
gvfs-1.58.1/daemon/gvfsbackendwsdd.h
gvfs-1.58.1/daemon/gvfschannel.c
gvfs-1.58.1/daemon/gvfschannel.h
gvfs-1.58.1/daemon/gvfsdaemon.c
gvfs-1.58.1/daemon/gvfsdaemon.h
gvfs-1.58.1/daemon/gvfsdaemonutils.c
gvfs-1.58.1/daemon/gvfsdaemonutils.h
gvfs-1.58.1/daemon/gvfsftpconnection.c
gvfs-1.58.1/daemon/gvfsftpconnection.h
gvfs-1.58.1/daemon/gvfsftpdircache.c
gvfs-1.58.1/daemon/gvfsftpdircache.h
gvfs-1.58.1/daemon/gvfsftpfile.c
gvfs-1.58.1/daemon/gvfsftpfile.h
gvfs-1.58.1/daemon/gvfsftptask.c
gvfs-1.58.1/daemon/gvfsftptask.h
gvfs-1.58.1/daemon/gvfshttpinputstream.c
gvfs-1.58.1/daemon/gvfshttpinputstream.h
gvfs-1.58.1/daemon/gvfsjob.c
gvfs-1.58.1/daemon/gvfsjob.h
gvfs-1.58.1/daemon/gvfsjobcloseread.c
gvfs-1.58.1/daemon/gvfsjobcloseread.h
gvfs-1.58.1/daemon/gvfsjobclosewrite.c
gvfs-1.58.1/daemon/gvfsjobclosewrite.h
gvfs-1.58.1/daemon/gvfsjobcopy.c
gvfs-1.58.1/daemon/gvfsjobcopy.h
gvfs-1.58.1/daemon/gvfsjobcreatemonitor.c
gvfs-1.58.1/daemon/gvfsjobcreatemonitor.h
gvfs-1.58.1/daemon/gvfsjobdbus.c
gvfs-1.58.1/daemon/gvfsjobdbus.h
gvfs-1.58.1/daemon/gvfsjobdelete.c
gvfs-1.58.1/daemon/gvfsjobdelete.h
gvfs-1.58.1/daemon/gvfsjobenumerate.c
gvfs-1.58.1/daemon/gvfsjobenumerate.h
gvfs-1.58.1/daemon/gvfsjoberror.c
gvfs-1.58.1/daemon/gvfsjoberror.h
gvfs-1.58.1/daemon/gvfsjobmakedirectory.c
gvfs-1.58.1/daemon/gvfsjobmakedirectory.h
gvfs-1.58.1/daemon/gvfsjobmakesymlink.c
gvfs-1.58.1/daemon/gvfsjobmakesymlink.h
gvfs-1.58.1/daemon/gvfsjobmount.c
gvfs-1.58.1/daemon/gvfsjobmount.h
gvfs-1.58.1/daemon/gvfsjobmountmountable.c
gvfs-1.58.1/daemon/gvfsjobmountmountable.h
gvfs-1.58.1/daemon/gvfsjobmove.c
gvfs-1.58.1/daemon/gvfsjobmove.h
gvfs-1.58.1/daemon/gvfsjobopenforread.c
gvfs-1.58.1/daemon/gvfsjobopenforread.h
gvfs-1.58.1/daemon/gvfsjobopenforwrite.c
gvfs-1.58.1/daemon/gvfsjobopenforwrite.h
gvfs-1.58.1/daemon/gvfsjobopeniconforread.c
gvfs-1.58.1/daemon/gvfsjobopeniconforread.h
gvfs-1.58.1/daemon/gvfsjobpollmountable.c
gvfs-1.58.1/daemon/gvfsjobpollmountable.h
gvfs-1.58.1/daemon/gvfsjobprogress.c
gvfs-1.58.1/daemon/gvfsjobprogress.h
gvfs-1.58.1/daemon/gvfsjobpull.c
gvfs-1.58.1/daemon/gvfsjobpull.h
gvfs-1.58.1/daemon/gvfsjobpush.c
gvfs-1.58.1/daemon/gvfsjobpush.h
gvfs-1.58.1/daemon/gvfsjobqueryattributes.c
gvfs-1.58.1/daemon/gvfsjobqueryattributes.h
gvfs-1.58.1/daemon/gvfsjobqueryfsinfo.c
gvfs-1.58.1/daemon/gvfsjobqueryfsinfo.h
gvfs-1.58.1/daemon/gvfsjobqueryinfo.c
gvfs-1.58.1/daemon/gvfsjobqueryinfo.h
gvfs-1.58.1/daemon/gvfsjobqueryinforead.c
gvfs-1.58.1/daemon/gvfsjobqueryinforead.h
gvfs-1.58.1/daemon/gvfsjobqueryinfowrite.c
gvfs-1.58.1/daemon/gvfsjobqueryinfowrite.h
gvfs-1.58.1/daemon/gvfsjobread.c
gvfs-1.58.1/daemon/gvfsjobread.h
gvfs-1.58.1/daemon/gvfsjobseekread.c
gvfs-1.58.1/daemon/gvfsjobseekread.h
gvfs-1.58.1/daemon/gvfsjobseekwrite.c
gvfs-1.58.1/daemon/gvfsjobseekwrite.h
gvfs-1.58.1/daemon/gvfsjobsetattribute.c
gvfs-1.58.1/daemon/gvfsjobsetattribute.h
gvfs-1.58.1/daemon/gvfsjobsetdisplayname.c
gvfs-1.58.1/daemon/gvfsjobsetdisplayname.h
gvfs-1.58.1/daemon/gvfsjobsource.c
gvfs-1.58.1/daemon/gvfsjobsource.h
gvfs-1.58.1/daemon/gvfsjobstartmountable.c
gvfs-1.58.1/daemon/gvfsjobstartmountable.h
gvfs-1.58.1/daemon/gvfsjobstopmountable.c
gvfs-1.58.1/daemon/gvfsjobstopmountable.h
gvfs-1.58.1/daemon/gvfsjobtrash.c
gvfs-1.58.1/daemon/gvfsjobtrash.h
gvfs-1.58.1/daemon/gvfsjobtruncate.c
gvfs-1.58.1/daemon/gvfsjobtruncate.h
gvfs-1.58.1/daemon/gvfsjobunmount.c
gvfs-1.58.1/daemon/gvfsjobunmount.h
gvfs-1.58.1/daemon/gvfsjobunmountmountable.c
gvfs-1.58.1/daemon/gvfsjobunmountmountable.h
gvfs-1.58.1/daemon/gvfsjobwrite.c
gvfs-1.58.1/daemon/gvfsjobwrite.h
gvfs-1.58.1/daemon/gvfskeyring.c
gvfs-1.58.1/daemon/gvfskeyring.h
gvfs-1.58.1/daemon/gvfsmonitor.c
gvfs-1.58.1/daemon/gvfsmonitor.h
gvfs-1.58.1/daemon/gvfsreadchannel.c
gvfs-1.58.1/daemon/gvfsreadchannel.h
gvfs-1.58.1/daemon/gvfstypes.h
gvfs-1.58.1/daemon/gvfswritechannel.c
gvfs-1.58.1/daemon/gvfswritechannel.h
gvfs-1.58.1/daemon/gvfswsdddevice.c
gvfs-1.58.1/daemon/gvfswsdddevice.h
gvfs-1.58.1/daemon/gvfswsddresolver.c
gvfs-1.58.1/daemon/gvfswsddresolver.h
gvfs-1.58.1/daemon/gvfswsddservice.c
gvfs-1.58.1/daemon/gvfswsddservice.h
gvfs-1.58.1/daemon/http.mount.in
gvfs-1.58.1/daemon/localtest.mount.in
gvfs-1.58.1/daemon/main.c
gvfs-1.58.1/daemon/meson.build
gvfs-1.58.1/daemon/mount.c
gvfs-1.58.1/daemon/mount.h
gvfs-1.58.1/daemon/mtp.mount.in
gvfs-1.58.1/daemon/network.mount.in
gvfs-1.58.1/daemon/nfs.mount.in
gvfs-1.58.1/daemon/onedrive.mount.in
gvfs-1.58.1/daemon/org.gnome.system.dns_sd.gschema.xml
gvfs-1.58.1/daemon/org.gnome.system.smb.gschema.xml
gvfs-1.58.1/daemon/org.gnome.system.wsdd.gschema.xml
gvfs-1.58.1/daemon/org.gtk.vfs.Daemon.service.in
gvfs-1.58.1/daemon/org.gtk.vfs.file-operations.policy.in.in
gvfs-1.58.1/daemon/org.gtk.vfs.file-operations.rules.in
gvfs-1.58.1/daemon/pty_open.c
gvfs-1.58.1/daemon/pty_open.h
gvfs-1.58.1/daemon/recent.mount.in
gvfs-1.58.1/daemon/sftp.h
gvfs-1.58.1/daemon/sftp.mount.in
gvfs-1.58.1/daemon/smb-browse.mount.in
gvfs-1.58.1/daemon/smb.mount.in
gvfs-1.58.1/daemon/trash.mount.in
gvfs-1.58.1/daemon/trashlib/
gvfs-1.58.1/daemon/trashlib/COPYING
gvfs-1.58.1/daemon/trashlib/dirwatch.c
gvfs-1.58.1/daemon/trashlib/dirwatch.h
gvfs-1.58.1/daemon/trashlib/meson.build
gvfs-1.58.1/daemon/trashlib/trashdir.c
gvfs-1.58.1/daemon/trashlib/trashdir.h
gvfs-1.58.1/daemon/trashlib/trashexpunge.c
gvfs-1.58.1/daemon/trashlib/trashexpunge.h
gvfs-1.58.1/daemon/trashlib/trashitem.c
gvfs-1.58.1/daemon/trashlib/trashitem.h
gvfs-1.58.1/daemon/trashlib/trashwatcher.c
gvfs-1.58.1/daemon/trashlib/trashwatcher.h
gvfs-1.58.1/daemon/wsdd.mount.in
gvfs-1.58.1/dbus.service.in
gvfs-1.58.1/docs/
gvfs-1.58.1/docs/documentation.md
gvfs-1.58.1/gvfs.doap
gvfs-1.58.1/man/
gvfs-1.58.1/man/gvfs.xml
gvfs-1.58.1/man/gvfsd-fuse.xml
gvfs-1.58.1/man/gvfsd-metadata.xml
gvfs-1.58.1/man/gvfsd.xml
gvfs-1.58.1/man/meson.build
gvfs-1.58.1/meson.build
gvfs-1.58.1/meson_options.txt
gvfs-1.58.1/metadata/
gvfs-1.58.1/metadata/crc32.c
gvfs-1.58.1/metadata/crc32.h
gvfs-1.58.1/metadata/dbus-interface.xml
gvfs-1.58.1/metadata/file-format.txt
gvfs-1.58.1/metadata/gvfs-metadata.service.in
gvfs-1.58.1/metadata/meson.build
gvfs-1.58.1/metadata/meta-daemon.c
gvfs-1.58.1/metadata/meta-get-tree.c
gvfs-1.58.1/metadata/meta-get.c
gvfs-1.58.1/metadata/meta-ls.c
gvfs-1.58.1/metadata/meta-set.c
gvfs-1.58.1/metadata/metabuilder.c
gvfs-1.58.1/metadata/metabuilder.h
gvfs-1.58.1/metadata/metadata-nautilus.c
gvfs-1.58.1/metadata/metatree.c
gvfs-1.58.1/metadata/metatree.h
gvfs-1.58.1/metadata/org.gtk.vfs.Metadata.service.in
gvfs-1.58.1/monitor/
gvfs-1.58.1/monitor/afc/
gvfs-1.58.1/monitor/afc/afc.monitor
gvfs-1.58.1/monitor/afc/afcvolume.c
gvfs-1.58.1/monitor/afc/afcvolume.h
gvfs-1.58.1/monitor/afc/afcvolumemonitor.c
gvfs-1.58.1/monitor/afc/afcvolumemonitor.h
gvfs-1.58.1/monitor/afc/afcvolumemonitordaemon.c
gvfs-1.58.1/monitor/afc/gvfs-afc-volume-monitor.service.in
gvfs-1.58.1/monitor/afc/meson.build
gvfs-1.58.1/monitor/afc/org.gtk.vfs.AfcVolumeMonitor.service.in
gvfs-1.58.1/monitor/goa/
gvfs-1.58.1/monitor/goa/goa.monitor
gvfs-1.58.1/monitor/goa/goavolume.c
gvfs-1.58.1/monitor/goa/goavolume.h
gvfs-1.58.1/monitor/goa/goavolumemonitor.c
gvfs-1.58.1/monitor/goa/goavolumemonitor.h
gvfs-1.58.1/monitor/goa/goavolumemonitordaemon.c
gvfs-1.58.1/monitor/goa/gvfs-goa-volume-monitor.service.in
gvfs-1.58.1/monitor/goa/meson.build
gvfs-1.58.1/monitor/goa/org.gtk.vfs.GoaVolumeMonitor.service.in
gvfs-1.58.1/monitor/gphoto2/
gvfs-1.58.1/monitor/gphoto2/ggphoto2volume.c
gvfs-1.58.1/monitor/gphoto2/ggphoto2volume.h
gvfs-1.58.1/monitor/gphoto2/ggphoto2volumemonitor.c
gvfs-1.58.1/monitor/gphoto2/ggphoto2volumemonitor.h
gvfs-1.58.1/monitor/gphoto2/gphoto2-volume-monitor-daemon.c
gvfs-1.58.1/monitor/gphoto2/gphoto2.monitor
gvfs-1.58.1/monitor/gphoto2/gvfs-gphoto2-volume-monitor.service.in
gvfs-1.58.1/monitor/gphoto2/meson.build
gvfs-1.58.1/monitor/gphoto2/org.gtk.vfs.GPhoto2VolumeMonitor.service.in
gvfs-1.58.1/monitor/meson.build
gvfs-1.58.1/monitor/mtp/
gvfs-1.58.1/monitor/mtp/gmtpvolume.c
gvfs-1.58.1/monitor/mtp/gmtpvolume.h
gvfs-1.58.1/monitor/mtp/gmtpvolumemonitor.c
gvfs-1.58.1/monitor/mtp/gmtpvolumemonitor.h
gvfs-1.58.1/monitor/mtp/gvfs-mtp-volume-monitor.service.in
gvfs-1.58.1/monitor/mtp/meson.build
gvfs-1.58.1/monitor/mtp/mtp-volume-monitor-daemon.c
gvfs-1.58.1/monitor/mtp/mtp.monitor
gvfs-1.58.1/monitor/mtp/org.gtk.vfs.MTPVolumeMonitor.service.in
gvfs-1.58.1/monitor/proxy/
gvfs-1.58.1/monitor/proxy/dbus-interfaces.xml
gvfs-1.58.1/monitor/proxy/gproxydrive.c
gvfs-1.58.1/monitor/proxy/gproxydrive.h
gvfs-1.58.1/monitor/proxy/gproxymount.c
gvfs-1.58.1/monitor/proxy/gproxymount.h
gvfs-1.58.1/monitor/proxy/gproxymountoperation.c
gvfs-1.58.1/monitor/proxy/gproxymountoperation.h
gvfs-1.58.1/monitor/proxy/gproxyshadowmount.c
gvfs-1.58.1/monitor/proxy/gproxyshadowmount.h
gvfs-1.58.1/monitor/proxy/gproxyvolume.c
gvfs-1.58.1/monitor/proxy/gproxyvolume.h
gvfs-1.58.1/monitor/proxy/gproxyvolumemonitor.c
gvfs-1.58.1/monitor/proxy/gproxyvolumemonitor.h
gvfs-1.58.1/monitor/proxy/gvfsproxyvolumemonitordaemon.c
gvfs-1.58.1/monitor/proxy/gvfsproxyvolumemonitordaemon.h
gvfs-1.58.1/monitor/proxy/meson.build
gvfs-1.58.1/monitor/proxy/remote-volume-monitor-module.c
gvfs-1.58.1/monitor/proxy/symbol.map
gvfs-1.58.1/monitor/udisks2/
gvfs-1.58.1/monitor/udisks2/gvfs-udisks2-volume-monitor.service.in
gvfs-1.58.1/monitor/udisks2/gvfsudisks2drive.c
gvfs-1.58.1/monitor/udisks2/gvfsudisks2drive.h
gvfs-1.58.1/monitor/udisks2/gvfsudisks2mount.c
gvfs-1.58.1/monitor/udisks2/gvfsudisks2mount.h
gvfs-1.58.1/monitor/udisks2/gvfsudisks2utils.c
gvfs-1.58.1/monitor/udisks2/gvfsudisks2utils.h
gvfs-1.58.1/monitor/udisks2/gvfsudisks2volume.c
gvfs-1.58.1/monitor/udisks2/gvfsudisks2volume.h
gvfs-1.58.1/monitor/udisks2/gvfsudisks2volumemonitor.c
gvfs-1.58.1/monitor/udisks2/gvfsudisks2volumemonitor.h
gvfs-1.58.1/monitor/udisks2/meson.build
gvfs-1.58.1/monitor/udisks2/org.gtk.vfs.UDisks2VolumeMonitor.service.in
gvfs-1.58.1/monitor/udisks2/udisks2.monitor
gvfs-1.58.1/monitor/udisks2/udisks2volumemonitordaemon.c
gvfs-1.58.1/monitor/udisks2/what-is-shown.txt
gvfs-1.58.1/po/
gvfs-1.58.1/po/ChangeLog
gvfs-1.58.1/po/LINGUAS
gvfs-1.58.1/po/POTFILES.in
gvfs-1.58.1/po/POTFILES.skip
gvfs-1.58.1/po/ab.po
gvfs-1.58.1/po/af.po
gvfs-1.58.1/po/ar.po
gvfs-1.58.1/po/as.po
gvfs-1.58.1/po/ast.po
gvfs-1.58.1/po/be.po
gvfs-1.58.1/po/be@latin.po
gvfs-1.58.1/po/bg.po
gvfs-1.58.1/po/bn.po
gvfs-1.58.1/po/bn_IN.po
gvfs-1.58.1/po/bs.po
gvfs-1.58.1/po/ca.po
gvfs-1.58.1/po/ca@valencia.po
gvfs-1.58.1/po/cs.po
gvfs-1.58.1/po/da.po
gvfs-1.58.1/po/de.po
gvfs-1.58.1/po/el.po
gvfs-1.58.1/po/en@shaw.po
gvfs-1.58.1/po/en_GB.po
gvfs-1.58.1/po/eo.po
gvfs-1.58.1/po/es.po
gvfs-1.58.1/po/et.po
gvfs-1.58.1/po/eu.po
gvfs-1.58.1/po/fa.po
gvfs-1.58.1/po/fi.po
gvfs-1.58.1/po/fr.po
gvfs-1.58.1/po/fur.po
gvfs-1.58.1/po/ga.po
gvfs-1.58.1/po/gl.po
gvfs-1.58.1/po/gu.po
gvfs-1.58.1/po/he.po
gvfs-1.58.1/po/hi.po
gvfs-1.58.1/po/hr.po
gvfs-1.58.1/po/hu.po
gvfs-1.58.1/po/id.po
gvfs-1.58.1/po/ie.po
gvfs-1.58.1/po/it.po
gvfs-1.58.1/po/ja.po
gvfs-1.58.1/po/ka.po
gvfs-1.58.1/po/kab.po
gvfs-1.58.1/po/kk.po
gvfs-1.58.1/po/kn.po
gvfs-1.58.1/po/ko.po
gvfs-1.58.1/po/ku.po
gvfs-1.58.1/po/lt.po
gvfs-1.58.1/po/lv.po
gvfs-1.58.1/po/mai.po
gvfs-1.58.1/po/meson.build
gvfs-1.58.1/po/mk.po
gvfs-1.58.1/po/ml.po
gvfs-1.58.1/po/mr.po
gvfs-1.58.1/po/ms.po
gvfs-1.58.1/po/nb.po
gvfs-1.58.1/po/nds.po
gvfs-1.58.1/po/ne.po
gvfs-1.58.1/po/nl.po
gvfs-1.58.1/po/nn.po
gvfs-1.58.1/po/oc.po
gvfs-1.58.1/po/or.po
gvfs-1.58.1/po/pa.po
gvfs-1.58.1/po/pl.po
gvfs-1.58.1/po/pt.po
gvfs-1.58.1/po/pt_BR.po
gvfs-1.58.1/po/ro.po
gvfs-1.58.1/po/ru.po
gvfs-1.58.1/po/sk.po
gvfs-1.58.1/po/sl.po
gvfs-1.58.1/po/sq.po
gvfs-1.58.1/po/sr.po
gvfs-1.58.1/po/sr@latin.po
gvfs-1.58.1/po/sv.po
gvfs-1.58.1/po/ta.po
gvfs-1.58.1/po/te.po
gvfs-1.58.1/po/tg.po
gvfs-1.58.1/po/th.po
gvfs-1.58.1/po/tr.po
gvfs-1.58.1/po/ug.po
gvfs-1.58.1/po/uk.po
gvfs-1.58.1/po/vi.po
gvfs-1.58.1/po/zh_CN.po
gvfs-1.58.1/po/zh_HK.po
gvfs-1.58.1/po/zh_TW.po
gvfs-1.58.1/test/
gvfs-1.58.1/test/benchmark-common.c
gvfs-1.58.1/test/benchmark-gvfs-big-files.c
gvfs-1.58.1/test/benchmark-gvfs-small-files.c
gvfs-1.58.1/test/benchmark-posix-big-files.c
gvfs-1.58.1/test/benchmark-posix-small-files.c
gvfs-1.58.1/test/files/
gvfs-1.58.1/test/files/bogus-cd.iso.bz2
gvfs-1.58.1/test/files/joliet.iso.bz2
gvfs-1.58.1/test/files/powershot.ioctl
gvfs-1.58.1/test/files/powershot.umockdev
gvfs-1.58.1/test/files/source-gphoto/
gvfs-1.58.1/test/files/source-gphoto/IMG_0001.jpg
gvfs-1.58.1/test/files/source-gphoto/IMG_0002.jpg
gvfs-1.58.1/test/files/ssh_host_rsa_key
gvfs-1.58.1/test/files/ssh_host_rsa_key.pub
gvfs-1.58.1/test/files/testcert.pem
gvfs-1.58.1/test/files/vfat.img.bz2
gvfs-1.58.1/test/google.c
gvfs-1.58.1/test/gvfs-all-tests.in
gvfs-1.58.1/test/gvfs-test
gvfs-1.58.1/test/gvfs-testbed
gvfs-1.58.1/test/meson.build
gvfs-1.58.1/test/run-in-tree.sh
gvfs-1.58.1/test/session.conf.in
gvfs-1.58.1/test/test-query-info-stream.c
gvfs-1.58.1/test/test_polkitd.py
gvfs-1.58.1/test/unit/
gvfs-1.58.1/test/unit/meson.build
gvfs-1.58.1/test/unit/outputstream.c
The Meson build system
Version: 1.10.1
Source dir: /blfs/builds/gvfs-1.58.1
Build dir: /blfs/builds/gvfs-1.58.1/build
Build type: native build
Project name: gvfs
Project version: 1.58.1
C compiler for the host machine: cc (gcc 15.2.0 "cc (GCC) 15.2.0")
C linker for the host machine: cc ld.bfd 2.45
Host machine cpu family: x86_64
Host machine cpu: x86_64
Checking for function "socketpair" : YES 
Library util found: YES
Has header "util.h" with dependency -lutil: NO 
Checking for function "openpty" with dependency -lutil: YES 
Checking for function "login_tty" with dependency -lutil: YES 
Has header "sys/param.h" : YES 
Has header "sys/mount.h" : YES 
Has header "sys/statfs.h" : YES 
Has header "sys/statvfs.h" : YES 
Has header "sys/vfs.h" : YES 
Has header "stropts.h" : NO 
Has header "sys/un.h" : YES 
Has header "termios.h" : YES 
Has header "utmp.h" : YES 
Checking for function "getpt" : YES 
Checking for function "grantpt" : YES 
Checking for function "posix_openpt" : YES 
Checking for function "ptsname" : YES 
Checking for function "ptsname_r" : YES 
Checking for function "unlockpt" : YES 
Checking for function "statfs" : YES 
Checking for function "statvfs" : YES 
Header "langinfo.h" has symbol "_NL_ADDRESS_LANG_TERM" : YES 
Header "langinfo.h" has symbol "_NL_ADDRESS_COUNTRY_AB3" : YES 
Header "sys/mkdev.h" has symbol "major" : NO 
Header "sys/sysmacros.h" has symbol "major" : YES 
Header "sys/sysmacros.h" has symbol "minor" : YES 
Header "sys/sysmacros.h" has symbol "makedev" : YES 
Checking for type "gid_t" : YES 
Checking for type "pid_t" : YES 
Checking for type "size_t" : YES 
Checking for type "uid_t" : YES 
Checking whether type "struct statfs" has members "f_bavail" : YES 
Checking whether type "struct statvfs" has members "f_basetype" : NO 
Checking whether type "struct stat" has members "st_atimensec" : NO 
Checking whether type "struct stat" has members "st_atim.tv_nsec" : YES 
Checking whether type "struct stat" has members "st_ctimensec" : NO 
Checking whether type "struct stat" has members "st_ctim.tv_nsec" : YES 
Checking whether type "struct stat" has members "st_mtimensec" : NO 
Checking whether type "struct stat" has members "st_mtim.tv_nsec" : YES 
Compiler for C supports link arguments -Wl,--version-script,/blfs/builds/gvfs-1.58.1/client/symbol.map: YES 
Found pkg-config: YES (/usr/bin/pkg-config) 2.5.1
Run-time dependency gio-2.0 found: YES 2.86.3
Run-time dependency gio-unix-2.0 found: YES 2.86.3
Run-time dependency glib-2.0 found: YES 2.86.3
Run-time dependency gobject-2.0 found: YES 2.86.3
Found CMake: /usr/bin/cmake (4.2.3)
Run-time dependency gsettings-desktop-schemas found: NO (tried pkgconfig and cmake)

../meson.build:239:32: ERROR: Dependency "gsettings-desktop-schemas" not found, tried pkgconfig and cmake

A full log can be found at /blfs/builds/gvfs-1.58.1/build/meson-logs/meson-log.txt
