--2026-01-31 08:14:11--  https://download.videolan.org/vlc/3.0.23/vlc-3.0.23.tar.xz
Resolving download.videolan.org (download.videolan.org)... 213.36.253.2, 2a01:e0d:1:3:58bf:fa02:c0de:5
Connecting to download.videolan.org (download.videolan.org)|213.36.253.2|:443... connected.
HTTP request sent, awaiting response... 200 OK
Length: 26486988 (25M) [application/octet-stream]
Saving to: ‘vlc-3.0.23.tar.xz’

     0K .......... .......... .......... .......... ..........  0%  568K 45s
    50K .......... .......... .......... .......... ..........  0%  572K 45s
   100K .......... .......... .......... .......... ..........  0% 10.6M 31s
   150K .......... .......... .......... .......... ..........  0%  572K 34s
   200K .......... .......... .......... .......... ..........  0% 1.19M 32s
   250K .......... .......... .......... .......... ..........  1%  575K 34s
   300K .......... .......... .......... .......... ..........  1% 1.09M 32s
   350K .......... .......... .......... .......... ..........  1% 1.12M 31s
   400K .......... .......... .......... .......... ..........  1% 1.10M 30s
   450K .......... .......... .......... .......... ..........  1% 12.4M 27s
   500K .......... .......... .......... .......... ..........  2%  601K 28s
   550K .......... .......... .......... .......... ..........  2% 10.0M 26s
   600K .......... .......... .......... .......... ..........  2% 1.23M 26s
   650K .......... .......... .......... .......... ..........  2% 1.11M 25s
   700K .......... .......... .......... .......... ..........  2% 40.8M 24s
   750K .......... .......... .......... .......... ..........  3% 1.14M 23s
   800K .......... .......... .......... .......... ..........  3% 1.11M 23s
   850K .......... .......... .......... .......... ..........  3% 12.1M 22s
   900K .......... .......... .......... .......... ..........  3% 41.6M 21s
   950K .......... .......... .......... .......... ..........  3%  607K 22s
  1000K .......... .......... .......... .......... ..........  4% 38.9M 21s
  1050K .......... .......... .......... .......... ..........  4% 43.8M 20s
  1100K .......... .......... .......... .......... ..........  4% 16.6M 19s
  1150K .......... .......... .......... .......... ..........  4% 14.2M 18s
  1200K .......... .......... .......... .......... ..........  4%  631K 19s
  1250K .......... .......... .......... .......... ..........  5% 12.6M 18s
  1300K .......... .......... .......... .......... ..........  5% 38.4M 18s
  1350K .......... .......... .......... .......... ..........  5% 43.7M 17s
  1400K .......... .......... .......... .......... ..........  5% 23.8M 16s
  1450K .......... .......... .......... .......... ..........  5% 1.37M 16s
  1500K .......... .......... .......... .......... ..........  5% 39.1M 16s
  1550K .......... .......... .......... .......... ..........  6% 1.10M 16s
  1600K .......... .......... .......... .......... ..........  6% 43.5M 16s
  1650K .......... .......... .......... .......... ..........  6% 41.7M 15s
  1700K .......... .......... .......... .......... ..........  6% 41.6M 15s
  1750K .......... .......... .......... .......... ..........  6% 54.1M 14s
  1800K .......... .......... .......... .......... ..........  7% 26.9M 14s
  1850K .......... .......... .......... .......... ..........  7%  143M 13s
  1900K .......... .......... .......... .......... ..........  7% 1.38M 13s
  1950K .......... .......... .......... .......... ..........  7% 1.09M 14s
  2000K .......... .......... .......... .......... ..........  7% 41.0M 13s
  2050K .......... .......... .......... .......... ..........  8% 13.6M 13s
  2100K .......... .......... .......... .......... ..........  8% 43.5M 13s
  2150K .......... .......... .......... .......... ..........  8% 23.6M 12s
  2200K .......... .......... .......... .......... ..........  8% 38.3M 12s
  2250K .......... .......... .......... .......... ..........  8% 43.1M 12s
  2300K .......... .......... .......... .......... ..........  9% 43.7M 12s
  2350K .......... .......... .......... .......... ..........  9% 1.52M 12s
  2400K .......... .......... .......... .......... ..........  9% 38.9M 11s
  2450K .......... .......... .......... .......... ..........  9% 1.12M 12s
  2500K .......... .......... .......... .......... ..........  9% 40.2M 11s
  2550K .......... .......... .......... .......... .......... 10% 43.8M 11s
  2600K .......... .......... .......... .......... .......... 10% 42.4M 11s
  2650K .......... .......... .......... .......... .......... 10% 39.5M 11s
  2700K .......... .......... .......... .......... .......... 10% 41.3M 10s
  2750K .......... .......... .......... .......... .......... 10% 32.8M 10s
  2800K .......... .......... .......... .......... .......... 11% 41.0M 10s
  2850K .......... .......... .......... .......... .......... 11% 43.8M 10s
  2900K .......... .......... .......... .......... .......... 11% 42.8M 10s
  2950K .......... .......... .......... .......... .......... 11% 41.1M 9s
  3000K .......... .......... .......... .......... .......... 11% 43.6M 9s
  3050K .......... .......... .......... .......... .......... 11% 1.61M 9s
  3100K .......... .......... .......... .......... .......... 12% 35.7M 9s
  3150K .......... .......... .......... .......... .......... 12% 31.6M 9s
  3200K .......... .......... .......... .......... .......... 12% 41.7M 9s
  3250K .......... .......... .......... .......... .......... 12% 1.20M 9s
  3300K .......... .......... .......... .......... .......... 12% 43.7M 9s
  3350K .......... .......... .......... .......... .......... 13% 33.5M 9s
  3400K .......... .......... .......... .......... .......... 13%  146M 9s
  3450K .......... .......... .......... .......... .......... 13%  123M 8s
  3500K .......... .......... .......... .......... .......... 13% 14.5M 8s
  3550K .......... .......... .......... .......... .......... 13% 68.9M 8s
  3600K .......... .......... .......... .......... .......... 14%  155M 8s
  3650K .......... .......... .......... .......... .......... 14%  108M 8s
  3700K .......... .......... .......... .......... .......... 14% 19.1M 8s
  3750K .......... .......... .......... .......... .......... 14%  138M 8s
  3800K .......... .......... .......... .......... .......... 14%  118M 8s
  3850K .......... .......... .......... .......... .......... 15% 1.55M 8s
  3900K .......... .......... .......... .......... .......... 15% 37.8M 8s
  3950K .......... .......... .......... .......... .......... 15% 1.13M 8s
  4000K .......... .......... .......... .......... .......... 15% 37.6M 8s
  4050K .......... .......... .......... .......... .......... 15% 39.1M 7s
  4100K .......... .......... .......... .......... .......... 16% 40.3M 7s
  4150K .......... .......... .......... .......... .......... 16% 40.0M 7s
  4200K .......... .......... .......... .......... .......... 16% 35.3M 7s
  4250K .......... .......... .......... .......... .......... 16% 94.7M 7s
  4300K .......... .......... .......... .......... .......... 16%  243M 7s
  4350K .......... .......... .......... .......... .......... 17%  189M 7s
  4400K .......... .......... .......... .......... .......... 17%  207M 7s
  4450K .......... .......... .......... .......... .......... 17%  251M 7s
  4500K .......... .......... .......... .......... .......... 17%  249M 7s
  4550K .......... .......... .......... .......... .......... 17%  256M 7s
  4600K .......... .......... .......... .......... .......... 17%  265M 6s
  4650K .......... .......... .......... .......... .......... 18%  279M 6s
  4700K .......... .......... .......... .......... .......... 18%  222M 6s
  4750K .......... .......... .......... .......... .......... 18%  208M 6s
  4800K .......... .......... .......... .......... .......... 18%  257M 6s
  4850K .......... .......... .......... .......... .......... 18%  259M 6s
  4900K .......... .......... .......... .......... .......... 19%  278M 6s
  4950K .......... .......... .......... .......... .......... 19%  229M 6s
  5000K .......... .......... .......... .......... .......... 19%  275M 6s
  5050K .......... .......... .......... .......... .......... 19%  262M 6s
  5100K .......... .......... .......... .......... .......... 19% 52.8M 6s
  5150K .......... .......... .......... .......... .......... 20% 65.1M 6s
  5200K .......... .......... .......... .......... .......... 20%  123M 6s
  5250K .......... .......... .......... .......... .......... 20%  119M 6s
  5300K .......... .......... .......... .......... .......... 20% 18.9M 5s
  5350K .......... .......... .......... .......... .......... 20% 1.74M 5s
  5400K .......... .......... .......... .......... .......... 21% 6.28M 5s
  5450K .......... .......... .......... .......... .......... 21%  130M 5s
  5500K .......... .......... .......... .......... .......... 21% 1.19M 5s
  5550K .......... .......... .......... .......... .......... 21% 10.8M 5s
  5600K .......... .......... .......... .......... .......... 21%  216M 5s
  5650K .......... .......... .......... .......... .......... 22%  265M 5s
  5700K .......... .......... .......... .......... .......... 22%  266M 5s
  5750K .......... .......... .......... .......... .......... 22%  109M 5s
  5800K .......... .......... .......... .......... .......... 22% 95.1M 5s
  5850K .......... .......... .......... .......... .......... 22%  244M 5s
  5900K .......... .......... .......... .......... .......... 23%  100M 5s
  5950K .......... .......... .......... .......... .......... 23% 92.5M 5s
  6000K .......... .......... .......... .......... .......... 23% 92.1M 5s
  6050K .......... .......... .......... .......... .......... 23%  111M 5s
  6100K .......... .......... .......... .......... .......... 23% 28.4M 5s
  6150K .......... .......... .......... .......... .......... 23%  140M 5s
  6200K .......... .......... .......... .......... .......... 24% 97.9M 5s
  6250K .......... .......... .......... .......... .......... 24%  135M 5s
  6300K .......... .......... .......... .......... .......... 24%  128M 5s
  6350K .......... .......... .......... .......... .......... 24% 85.1M 5s
  6400K .......... .......... .......... .......... .......... 24%  112M 5s
  6450K .......... .......... .......... .......... .......... 25%  156M 5s
  6500K .......... .......... .......... .......... .......... 25%  111M 4s
  6550K .......... .......... .......... .......... .......... 25% 95.8M 4s
  6600K .......... .......... .......... .......... .......... 25%  157M 4s
  6650K .......... .......... .......... .......... .......... 25%  110M 4s
  6700K .......... .......... .......... .......... .......... 26% 91.8M 4s
  6750K .......... .......... .......... .......... .......... 26% 98.8M 4s
  6800K .......... .......... .......... .......... .......... 26% 2.10M 4s
  6850K .......... .......... .......... .......... .......... 26%  129M 4s
  6900K .......... .......... .......... .......... .......... 26% 6.17M 4s
  6950K .......... .......... .......... .......... .......... 27% 1.33M 4s
  7000K .......... .......... .......... .......... .......... 27% 11.0M 4s
  7050K .......... .......... .......... .......... .......... 27% 40.8M 4s
  7100K .......... .......... .......... .......... .......... 27% 44.2M 4s
  7150K .......... .......... .......... .......... .......... 27% 30.1M 4s
  7200K .......... .......... .......... .......... .......... 28% 41.9M 4s
  7250K .......... .......... .......... .......... .......... 28% 20.9M 4s
  7300K .......... .......... .......... .......... .......... 28% 28.1M 4s
  7350K .......... .......... .......... .......... .......... 28% 40.4M 4s
  7400K .......... .......... .......... .......... .......... 28% 39.5M 4s
  7450K .......... .......... .......... .......... .......... 28% 63.4M 4s
  7500K .......... .......... .......... .......... .......... 29%  272M 4s
  7550K .......... .......... .......... .......... .......... 29%  202M 4s
  7600K .......... .......... .......... .......... .......... 29%  263M 4s
  7650K .......... .......... .......... .......... .......... 29%  269M 4s
  7700K .......... .......... .......... .......... .......... 29%  279M 4s
  7750K .......... .......... .......... .......... .......... 30%  279M 4s
  7800K .......... .......... .......... .......... .......... 30%  260M 4s
  7850K .......... .......... .......... .......... .......... 30%  273M 4s
  7900K .......... .......... .......... .......... .......... 30%  268M 4s
  7950K .......... .......... .......... .......... .......... 30%  208M 4s
  8000K .......... .......... .......... .......... .......... 31%  275M 4s
  8050K .......... .......... .......... .......... .......... 31%  271M 4s
  8100K .......... .......... .......... .......... .......... 31%  269M 3s
  8150K .......... .......... .......... .......... .......... 31%  210M 3s
  8200K .......... .......... .......... .......... .......... 31%  113M 3s
  8250K .......... .......... .......... .......... .......... 32%  166M 3s
  8300K .......... .......... .......... .......... .......... 32%  112M 3s
  8350K .......... .......... .......... .......... .......... 32% 85.9M 3s
  8400K .......... .......... .......... .......... .......... 32%  116M 3s
  8450K .......... .......... .......... .......... .......... 32%  154M 3s
  8500K .......... .......... .......... .......... .......... 33%  106M 3s
  8550K .......... .......... .......... .......... .......... 33% 98.7M 3s
  8600K .......... .......... .......... .......... .......... 33%  158M 3s
  8650K .......... .......... .......... .......... .......... 33% 90.8M 3s
  8700K .......... .......... .......... .......... .......... 33%  111M 3s
  8750K .......... .......... .......... .......... .......... 34% 91.2M 3s
  8800K .......... .......... .......... .......... .......... 34%  102M 3s
  8850K .......... .......... .......... .......... .......... 34%  163M 3s
  8900K .......... .......... .......... .......... .......... 34%  107M 3s
  8950K .......... .......... .......... .......... .......... 34% 96.6M 3s
  9000K .......... .......... .......... .......... .......... 34%  162M 3s
  9050K .......... .......... .......... .......... .......... 35%  107M 3s
  9100K .......... .......... .......... .......... .......... 35% 97.5M 3s
  9150K .......... .......... .......... .......... .......... 35% 96.2M 3s
  9200K .......... .......... .......... .......... .......... 35%  159M 3s
  9250K .......... .......... .......... .......... .......... 35% 92.4M 3s
  9300K .......... .......... .......... .......... .......... 36%  108M 3s
  9350K .......... .......... .......... .......... .......... 36% 93.8M 3s
  9400K .......... .......... .......... .......... .......... 36%  162M 3s
  9450K .......... .......... .......... .......... .......... 36%  112M 3s
  9500K .......... .......... .......... .......... .......... 36% 89.2M 3s
  9550K .......... .......... .......... .......... .......... 37%  102M 3s
  9600K .......... .......... .......... .......... .......... 37%  150M 3s
  9650K .......... .......... .......... .......... .......... 37% 92.5M 3s
  9700K .......... .......... .......... .......... .......... 37%  113M 3s
  9750K .......... .......... .......... .......... .......... 37%  156M 3s
  9800K .......... .......... .......... .......... .......... 38% 5.06M 3s
  9850K .......... .......... .......... .......... .......... 38%  118M 3s
  9900K .......... .......... .......... .......... .......... 38%  118M 3s
  9950K .......... .......... .......... .......... .......... 38% 1.10M 3s
 10000K .......... .......... .......... .......... .......... 38% 12.4M 3s
 10050K .......... .......... .......... .......... .......... 39% 13.6M 3s
 10100K .......... .......... .......... .......... .......... 39% 10.8M 3s
 10150K .......... .......... .......... .......... .......... 39% 38.2M 3s
 10200K .......... .......... .......... .......... .......... 39% 44.0M 3s
 10250K .......... .......... .......... .......... .......... 39% 43.3M 3s
 10300K .......... .......... .......... .......... .......... 40% 43.9M 3s
 10350K .......... .......... .......... .......... .......... 40% 32.2M 3s
 10400K .......... .......... .......... .......... .......... 40% 41.2M 2s
 10450K .......... .......... .......... .......... .......... 40%  281M 2s
 10500K .......... .......... .......... .......... .......... 40%  270M 2s
 10550K .......... .......... .......... .......... .......... 40%  271M 2s
 10600K .......... .......... .......... .......... .......... 41%  273M 2s
 10650K .......... .......... .......... .......... .......... 41%  163M 2s
 10700K .......... .......... .......... .......... .......... 41% 96.5M 2s
 10750K .......... .......... .......... .......... .......... 41% 85.1M 2s
 10800K .......... .......... .......... .......... .......... 41%  160M 2s
 10850K .......... .......... .......... .......... .......... 42% 97.9M 2s
 10900K .......... .......... .......... .......... .......... 42%  144M 2s
 10950K .......... .......... .......... .......... .......... 42%  105M 2s
 11000K .......... .......... .......... .......... .......... 42%  152M 2s
 11050K .......... .......... .......... .......... .......... 42% 97.7M 2s
 11100K .......... .......... .......... .......... .......... 43%  111M 2s
 11150K .......... .......... .......... .......... .......... 43% 96.3M 2s
 11200K .......... .......... .......... .......... .......... 43% 96.8M 2s
 11250K .......... .......... .......... .......... .......... 43%  155M 2s
 11300K .......... .......... .......... .......... .......... 43% 93.6M 2s
 11350K .......... .......... .......... .......... .......... 44%  107M 2s
 11400K .......... .......... .......... .......... .......... 44%  150M 2s
 11450K .......... .......... .......... .......... .......... 44%  111M 2s
 11500K .......... .......... .......... .......... .......... 44% 95.9M 2s
 11550K .......... .......... .......... .......... .......... 44% 94.5M 2s
 11600K .......... .......... .......... .......... .......... 45% 96.5M 2s
 11650K .......... .......... .......... .......... .......... 45%  163M 2s
 11700K .......... .......... .......... .......... .......... 45%  103M 2s
 11750K .......... .......... .......... .......... .......... 45% 95.5M 2s
 11800K .......... .......... .......... .......... .......... 45% 96.3M 2s
 11850K .......... .......... .......... .......... .......... 46%  160M 2s
 11900K .......... .......... .......... .......... .......... 46%  110M 2s
 11950K .......... .......... .......... .......... .......... 46% 86.4M 2s
 12000K .......... .......... .......... .......... .......... 46%  105M 2s
 12050K .......... .......... .......... .......... .......... 46%  165M 2s
 12100K .......... .......... .......... .......... .......... 46% 96.8M 2s
 12150K .......... .......... .......... .......... .......... 47%  104M 2s
 12200K .......... .......... .......... .......... .......... 47% 97.5M 2s
 12250K .......... .......... .......... .......... .......... 47%  146M 2s
 12300K .......... .......... .......... .......... .......... 47%  110M 2s
 12350K .......... .......... .......... .......... .......... 47% 83.3M 2s
 12400K .......... .......... .......... .......... .......... 48%  119M 2s
 12450K .......... .......... .......... .......... .......... 48%  150M 2s
 12500K .......... .......... .......... .......... .......... 48%  112M 2s
 12550K .......... .......... .......... .......... .......... 48% 97.9M 2s
 12600K .......... .......... .......... .......... .......... 48%  144M 2s
 12650K .......... .......... .......... .......... .......... 49%  114M 2s
 12700K .......... .......... .......... .......... .......... 49% 96.6M 2s
 12750K .......... .......... .......... .......... .......... 49% 96.2M 2s
 12800K .......... .......... .......... .......... .......... 49% 12.9M 2s
 12850K .......... .......... .......... .......... .......... 49% 96.3M 2s
 12900K .......... .......... .......... .......... .......... 50% 96.9M 2s
 12950K .......... .......... .......... .......... .......... 50%  157M 2s
 13000K .......... .......... .......... .......... .......... 50% 1.05M 2s
 13050K .......... .......... .......... .......... .......... 50% 88.9M 2s
 13100K .......... .......... .......... .......... .......... 50%  143M 2s
 13150K .......... .......... .......... .......... .......... 51% 15.5M 2s
 13200K .......... .......... .......... .......... .......... 51%  128M 2s
 13250K .......... .......... .......... .......... .......... 51%  180M 2s
 13300K .......... .......... .......... .......... .......... 51% 14.3M 2s
 13350K .......... .......... .......... .......... .......... 51%  157M 2s
 13400K .......... .......... .......... .......... .......... 51%  129M 2s
 13450K .......... .......... .......... .......... .......... 52%  114M 2s
 13500K .......... .......... .......... .......... .......... 52%  112M 2s
 13550K .......... .......... .......... .......... .......... 52% 86.8M 2s
 13600K .......... .......... .......... .......... .......... 52%  114M 2s
 13650K .......... .......... .......... .......... .......... 52%  116M 2s
 13700K .......... .......... .......... .......... .......... 53% 43.7M 2s
 13750K .......... .......... .......... .......... .......... 53%  120M 2s
 13800K .......... .......... .......... .......... .......... 53%  117M 2s
 13850K .......... .......... .......... .......... .......... 53%  109M 2s
 13900K .......... .......... .......... .......... .......... 53% 20.1M 2s
 13950K .......... .......... .......... .......... .......... 54% 84.5M 2s
 14000K .......... .......... .......... .......... .......... 54%  115M 1s
 14050K .......... .......... .......... .......... .......... 54%  118M 1s
 14100K .......... .......... .......... .......... .......... 54%  114M 1s
 14150K .......... .......... .......... .......... .......... 54%  117M 1s
 14200K .......... .......... .......... .......... .......... 55%  130M 1s
 14250K .......... .......... .......... .......... .......... 55%  112M 1s
 14300K .......... .......... .......... .......... .......... 55%  120M 1s
 14350K .......... .......... .......... .......... .......... 55% 82.4M 1s
 14400K .......... .......... .......... .......... .......... 55%  117M 1s
 14450K .......... .......... .......... .......... .......... 56%  117M 1s
 14500K .......... .......... .......... .......... .......... 56%  112M 1s
 14550K .......... .......... .......... .......... .......... 56%  112M 1s
 14600K .......... .......... .......... .......... .......... 56%  122M 1s
 14650K .......... .......... .......... .......... .......... 56%  133M 1s
 14700K .......... .......... .......... .......... .......... 57% 99.6M 1s
 14750K .......... .......... .......... .......... .......... 57% 92.2M 1s
 14800K .......... .......... .......... .......... .......... 57%  117M 1s
 14850K .......... .......... .......... .......... .......... 57%  117M 1s
 14900K .......... .......... .......... .......... .......... 57% 74.7M 1s
 14950K .......... .......... .......... .......... .......... 57%  121M 1s
 15000K .......... .......... .......... .......... .......... 58%  116M 1s
 15050K .......... .......... .......... .......... .......... 58%  117M 1s
 15100K .......... .......... .......... .......... .......... 58%  118M 1s
 15150K .......... .......... .......... .......... .......... 58% 85.0M 1s
 15200K .......... .......... .......... .......... .......... 58%  131M 1s
 15250K .......... .......... .......... .......... .......... 59%  114M 1s
 15300K .......... .......... .......... .......... .......... 59%  115M 1s
 15350K .......... .......... .......... .......... .......... 59%  119M 1s
 15400K .......... .......... .......... .......... .......... 59%  115M 1s
 15450K .......... .......... .......... .......... .......... 59%  114M 1s
 15500K .......... .......... .......... .......... .......... 60%  117M 1s
 15550K .......... .......... .......... .......... .......... 60% 82.9M 1s
 15600K .......... .......... .......... .......... .......... 60%  116M 1s
 15650K .......... .......... .......... .......... .......... 60%  116M 1s
 15700K .......... .......... .......... .......... .......... 60%  132M 1s
 15750K .......... .......... .......... .......... .......... 61%  116M 1s
 15800K .......... .......... .......... .......... .......... 61%  117M 1s
 15850K .......... .......... .......... .......... .......... 61%  117M 1s
 15900K .......... .......... .......... .......... .......... 61%  114M 1s
 15950K .......... .......... .......... .......... .......... 61% 84.1M 1s
 16000K .......... .......... .......... .......... .......... 62%  113M 1s
 16050K .......... .......... .......... .......... .......... 62%  118M 1s
 16100K .......... .......... .......... .......... .......... 62%  117M 1s
 16150K .......... .......... .......... .......... .......... 62%  115M 1s
 16200K .......... .......... .......... .......... .......... 62%  130M 1s
 16250K .......... .......... .......... .......... .......... 63%  106M 1s
 16300K .......... .......... .......... .......... .......... 63%  117M 1s
 16350K .......... .......... .......... .......... .......... 63% 91.7M 1s
 16400K .......... .......... .......... .......... .......... 63%  116M 1s
 16450K .......... .......... .......... .......... .......... 63%  115M 1s
 16500K .......... .......... .......... .......... .......... 63%  117M 1s
 16550K .......... .......... .......... .......... .......... 64%  115M 1s
 16600K .......... .......... .......... .......... .......... 64%  115M 1s
 16650K .......... .......... .......... .......... .......... 64%  115M 1s
 16700K .......... .......... .......... .......... .......... 64%  118M 1s
 16750K .......... .......... .......... .......... .......... 64% 81.4M 1s
 16800K .......... .......... .......... .......... .......... 65%  128M 1s
 16850K .......... .......... .......... .......... .......... 65%  114M 1s
 16900K .......... .......... .......... .......... .......... 65%  119M 1s
 16950K .......... .......... .......... .......... .......... 65%  120M 1s
 17000K .......... .......... .......... .......... .......... 65%  118M 1s
 17050K .......... .......... .......... .......... .......... 66%  119M 1s
 17100K .......... .......... .......... .......... .......... 66%  117M 1s
 17150K .......... .......... .......... .......... .......... 66% 84.3M 1s
 17200K .......... .......... .......... .......... .......... 66%  118M 1s
 17250K .......... .......... .......... .......... .......... 66%  116M 1s
 17300K .......... .......... .......... .......... .......... 67%  116M 1s
 17350K .......... .......... .......... .......... .......... 67%  115M 1s
 17400K .......... .......... .......... .......... .......... 67%  130M 1s
 17450K .......... .......... .......... .......... .......... 67% 91.7M 1s
 17500K .......... .......... .......... .......... .......... 67%  118M 1s
 17550K .......... .......... .......... .......... .......... 68% 83.2M 1s
 17600K .......... .......... .......... .......... .......... 68%  117M 1s
 17650K .......... .......... .......... .......... .......... 68%  129M 1s
 17700K .......... .......... .......... .......... .......... 68%  116M 1s
 17750K .......... .......... .......... .......... .......... 68%  115M 1s
 17800K .......... .......... .......... .......... .......... 69%  115M 1s
 17850K .......... .......... .......... .......... .......... 69%  116M 1s
 17900K .......... .......... .......... .......... .......... 69% 88.6M 1s
 17950K .......... .......... .......... .......... .......... 69% 84.4M 1s
 18000K .......... .......... .......... .......... .......... 69%  125M 1s
 18050K .......... .......... .......... .......... .......... 69%  113M 1s
 18100K .......... .......... .......... .......... .......... 70%  117M 1s
 18150K .......... .......... .......... .......... .......... 70%  115M 1s
 18200K .......... .......... .......... .......... .......... 70%  128M 1s
 18250K .......... .......... .......... .......... .......... 70%  117M 1s
 18300K .......... .......... .......... .......... .......... 70%  118M 1s
 18350K .......... .......... .......... .......... .......... 71% 76.2M 1s
 18400K .......... .......... .......... .......... .......... 71%  116M 1s
 18450K .......... .......... .......... .......... .......... 71%  116M 1s
 18500K .......... .......... .......... .......... .......... 71% 1.36M 1s
 18550K .......... .......... .......... .......... .......... 71% 81.3M 1s
 18600K .......... .......... .......... .......... .......... 72% 91.4M 1s
 18650K .......... .......... .......... .......... .......... 72%  132M 1s
 18700K .......... .......... .......... .......... .......... 72%  105M 1s
 18750K .......... .......... .......... .......... .......... 72% 98.8M 1s
 18800K .......... .......... .......... .......... .......... 72%  151M 1s
 18850K .......... .......... .......... .......... .......... 73%  106M 1s
 18900K .......... .......... .......... .......... .......... 73%  100M 1s
 18950K .......... .......... .......... .......... .......... 73%  156M 1s
 19000K .......... .......... .......... .......... .......... 73% 96.2M 1s
 19050K .......... .......... .......... .......... .......... 73%  109M 1s
 19100K .......... .......... .......... .......... .......... 74%  148M 1s
 19150K .......... .......... .......... .......... .......... 74% 71.1M 1s
 19200K .......... .......... .......... .......... .......... 74%  151M 1s
 19250K .......... .......... .......... .......... .......... 74%  113M 1s
 19300K .......... .......... .......... .......... .......... 74% 96.5M 1s
 19350K .......... .......... .......... .......... .......... 75%  148M 1s
 19400K .......... .......... .......... .......... .......... 75%  112M 1s
 19450K .......... .......... .......... .......... .......... 75% 63.5M 1s
 19500K .......... .......... .......... .......... .......... 75%  264M 1s
 19550K .......... .......... .......... .......... .......... 75% 86.7M 1s
 19600K .......... .......... .......... .......... .......... 75%  159M 1s
 19650K .......... .......... .......... .......... .......... 76%  109M 1s
 19700K .......... .......... .......... .......... .......... 76% 97.1M 1s
 19750K .......... .......... .......... .......... .......... 76%  148M 1s
 19800K .......... .......... .......... .......... .......... 76%  109M 1s
 19850K .......... .......... .......... .......... .......... 76% 94.3M 1s
 19900K .......... .......... .......... .......... .......... 77%  160M 1s
 19950K .......... .......... .......... .......... .......... 77% 67.5M 1s
 20000K .......... .......... .......... .......... .......... 77% 16.0M 1s
 20050K .......... .......... .......... .......... .......... 77%  135M 1s
 20100K .......... .......... .......... .......... .......... 77% 96.2M 1s
 20150K .......... .......... .......... .......... .......... 78%  107M 1s
 20200K .......... .......... .......... .......... .......... 78%  147M 1s
 20250K .......... .......... .......... .......... .......... 78%  110M 1s
 20300K .......... .......... .......... .......... .......... 78% 98.4M 1s
 20350K .......... .......... .......... .......... .......... 78% 93.7M 1s
 20400K .......... .......... .......... .......... .......... 79%  100M 0s
 20450K .......... .......... .......... .......... .......... 79%  152M 0s
 20500K .......... .......... .......... .......... .......... 79%  109M 0s
 20550K .......... .......... .......... .......... .......... 79% 96.7M 0s
 20600K .......... .......... .......... .......... .......... 79%  159M 0s
 20650K .......... .......... .......... .......... .......... 80% 92.1M 0s
 20700K .......... .......... .......... .......... .......... 80%  115M 0s
 20750K .......... .......... .......... .......... .......... 80% 96.5M 0s
 20800K .......... .......... .......... .......... .......... 80% 96.4M 0s
 20850K .......... .......... .......... .......... .......... 80%  154M 0s
 20900K .......... .......... .......... .......... .......... 80% 68.1M 0s
 20950K .......... .......... .......... .......... .......... 81%  152M 0s
 21000K .......... .......... .......... .......... .......... 81%  108M 0s
 21050K .......... .......... .......... .......... .......... 81%  160M 0s
 21100K .......... .......... .......... .......... .......... 81%  105M 0s
 21150K .......... .......... .......... .......... .......... 81% 89.5M 0s
 21200K .......... .......... .......... .......... .......... 82%  108M 0s
 21250K .......... .......... .......... .......... .......... 82% 97.4M 0s
 21300K .......... .......... .......... .......... .......... 82%  157M 0s
 21350K .......... .......... .......... .......... .......... 82%  106M 0s
 21400K .......... .......... .......... .......... .......... 82% 91.9M 0s
 21450K .......... .......... .......... .......... .......... 83% 94.3M 0s
 21500K .......... .......... .......... .......... .......... 83%  154M 0s
 21550K .......... .......... .......... .......... .......... 83% 96.9M 0s
 21600K .......... .......... .......... .......... .......... 83% 95.5M 0s
 21650K .......... .......... .......... .......... .......... 83%  105M 0s
 21700K .......... .......... .......... .......... .......... 84%  162M 0s
 21750K .......... .......... .......... .......... .......... 84% 96.6M 0s
 21800K .......... .......... .......... .......... .......... 84%  103M 0s
 21850K .......... .......... .......... .......... .......... 84% 12.7M 0s
 21900K .......... .......... .......... .......... .......... 84%  113M 0s
 21950K .......... .......... .......... .......... .......... 85% 82.0M 0s
 22000K .......... .......... .......... .......... .......... 85%  115M 0s
 22050K .......... .......... .......... .......... .......... 85%  131M 0s
 22100K .......... .......... .......... .......... .......... 85%  109M 0s
 22150K .......... .......... .......... .......... .......... 85%  121M 0s
 22200K .......... .......... .......... .......... .......... 86%  121M 0s
 22250K .......... .......... .......... .......... .......... 86%  117M 0s
 22300K .......... .......... .......... .......... .......... 86%  113M 0s
 22350K .......... .......... .......... .......... .......... 86% 95.1M 0s
 22400K .......... .......... .......... .......... .......... 86%  113M 0s
 22450K .......... .......... .......... .......... .......... 86%  101M 0s
 22500K .......... .......... .......... .......... .......... 87%  115M 0s
 22550K .......... .......... .......... .......... .......... 87%  117M 0s
 22600K .......... .......... .......... .......... .......... 87%  115M 0s
 22650K .......... .......... .......... .......... .......... 87%  114M 0s
 22700K .......... .......... .......... .......... .......... 87%  114M 0s
 22750K .......... .......... .......... .......... .......... 88% 85.0M 0s
 22800K .......... .......... .......... .......... .......... 88%  104M 0s
 22850K .......... .......... .......... .......... .......... 88%  115M 0s
 22900K .......... .......... .......... .......... .......... 88%  131M 0s
 22950K .......... .......... .......... .......... .......... 88%  116M 0s
 23000K .......... .......... .......... .......... .......... 89%  118M 0s
 23050K .......... .......... .......... .......... .......... 89%  115M 0s
 23100K .......... .......... .......... .......... .......... 89%  107M 0s
 23150K .......... .......... .......... .......... .......... 89% 92.4M 0s
 23200K .......... .......... .......... .......... .......... 89%  107M 0s
 23250K .......... .......... .......... .......... .......... 90% 96.5M 0s
 23300K .......... .......... .......... .......... .......... 90%  120M 0s
 23350K .......... .......... .......... .......... .......... 90%  128M 0s
 23400K .......... .......... .......... .......... .......... 90%  112M 0s
 23450K .......... .......... .......... .......... .......... 90%  120M 0s
 23500K .......... .......... .......... .......... .......... 91%  118M 0s
 23550K .......... .......... .......... .......... .......... 91% 83.7M 0s
 23600K .......... .......... .......... .......... .......... 91%  117M 0s
 23650K .......... .......... .......... .......... .......... 91%  108M 0s
 23700K .......... .......... .......... .......... .......... 91%  123M 0s
 23750K .......... .......... .......... .......... .......... 92%  115M 0s
 23800K .......... .......... .......... .......... .......... 92%  125M 0s
 23850K .......... .......... .......... .......... .......... 92%  115M 0s
 23900K .......... .......... .......... .......... .......... 92%  115M 0s
 23950K .......... .......... .......... .......... .......... 92% 91.4M 0s
 24000K .......... .......... .......... .......... .......... 92%  117M 0s
 24050K .......... .......... .......... .......... .......... 93%  105M 0s
 24100K .......... .......... .......... .......... .......... 93%  131M 0s
 24150K .......... .......... .......... .......... .......... 93% 52.0M 0s
 24200K .......... .......... .......... .......... .......... 93%  128M 0s
 24250K .......... .......... .......... .......... .......... 93%  113M 0s
 24300K .......... .......... .......... .......... .......... 94%  108M 0s
 24350K .......... .......... .......... .......... .......... 94% 97.9M 0s
 24400K .......... .......... .......... .......... .......... 94%  105M 0s
 24450K .......... .......... .......... .......... .......... 94%  125M 0s
 24500K .......... .......... .......... .......... .......... 94%  112M 0s
 24550K .......... .......... .......... .......... .......... 95% 1.72M 0s
 24600K .......... .......... .......... .......... .......... 95%  102M 0s
 24650K .......... .......... .......... .......... .......... 95%  151M 0s
 24700K .......... .......... .......... .......... .......... 95%  120M 0s
 24750K .......... .......... .......... .......... .......... 95% 19.0M 0s
 24800K .......... .......... .......... .......... .......... 96%  133M 0s
 24850K .......... .......... .......... .......... .......... 96%  155M 0s
 24900K .......... .......... .......... .......... .......... 96%  101M 0s
 24950K .......... .......... .......... .......... .......... 96%  106M 0s
 25000K .......... .......... .......... .......... .......... 96%  144M 0s
 25050K .......... .......... .......... .......... .......... 97%  113M 0s
 25100K .......... .......... .......... .......... .......... 97% 98.9M 0s
 25150K .......... .......... .......... .......... .......... 97% 9.40M 0s
 25200K .......... .......... .......... .......... .......... 97%  123M 0s
 25250K .......... .......... .......... .......... .......... 97%  155M 0s
 25300K .......... .......... .......... .......... .......... 98%  112M 0s
 25350K .......... .......... .......... .......... .......... 98%  138M 0s
 25400K .......... .......... .......... .......... .......... 98% 95.8M 0s
 25450K .......... .......... .......... .......... .......... 98%  113M 0s
 25500K .......... .......... .......... .......... .......... 98%  156M 0s
 25550K .......... .......... .......... .......... .......... 98% 73.7M 0s
 25600K .......... .......... .......... .......... .......... 99%  135M 0s
 25650K .......... .......... .......... .......... .......... 99%  117M 0s
 25700K .......... .......... .......... .......... .......... 99% 93.5M 0s
 25750K .......... .......... .......... .......... .......... 99%  156M 0s
 25800K .......... .......... .......... .......... .......... 99%  111M 0s
 25850K .......... ......                                     100%  283M=2.0s

2026-01-31 08:14:14 (12.9 MB/s) - ‘vlc-3.0.23.tar.xz’ saved [26486988/26486988]

--2026-01-31 08:14:14--  https://www.linuxfromscratch.org/patches/blfs/svn/vlc-3.0.21-taglib-1.patch
Resolving www.linuxfromscratch.org (www.linuxfromscratch.org)... 208.118.68.85
Connecting to www.linuxfromscratch.org (www.linuxfromscratch.org)|208.118.68.85|:443... connected.
HTTP request sent, awaiting response... 404 Not Found
2026-01-31 08:14:14 ERROR 404: Not Found.

