--2025-12-05 14:52:42--  https://github.com/rrthomas/libpaper/releases/download/v2.2.7/libpaper-2.2.7.tar.gz
Resolving github.com (github.com)... 140.82.114.3
Connecting to github.com (github.com)|140.82.114.3|:443... connected.
HTTP request sent, awaiting response... 302 Found
Location: https://release-assets.githubusercontent.com/github-production-release-asset/13846580/abfdd7cb-1e6d-4b64-a561-3cfbdd6566a1?sp=r&sv=2018-11-09&sr=b&spr=https&se=2025-12-05T15%3A43%3A51Z&rscd=attachment%3B+filename%3Dlibpaper-2.2.7.tar.gz&rsct=application%2Foctet-stream&skoid=96c2d410-5711-43a1-aedd-ab1947aa7ab0&sktid=398a6654-997b-47e9-b12b-9515b896b4de&skt=2025-12-05T14%3A43%3A42Z&ske=2025-12-05T15%3A43%3A51Z&sks=b&skv=2018-11-09&sig=pUP6ezvMPI0DkcTQv8UsXG2V%2FJLUujVuiJFDrjelcWM%3D&jwt=eyJ0eXAiOiJKV1QiLCJhbGciOiJIUzI1NiJ9.eyJpc3MiOiJnaXRodWIuY29tIiwiYXVkIjoicmVsZWFzZS1hc3NldHMuZ2l0aHVidXNlcmNvbnRlbnQuY29tIiwia2V5Ijoia2V5MSIsImV4cCI6MTc2NDk0NjY2MiwibmJmIjoxNzY0OTQ2MzYyLCJwYXRoIjoicmVsZWFzZWFzc2V0cHJvZHVjdGlvbi5ibG9iLmNvcmUud2luZG93cy5uZXQifQ.elKMTdZDrNuUiRPyW7ipAhW5WNUAudU6O_GrEOcOfzs&response-content-disposition=attachment%3B%20filename%3Dlibpaper-2.2.7.tar.gz&response-content-type=application%2Foctet-stream [following]
--2025-12-05 14:52:42--  https://release-assets.githubusercontent.com/github-production-release-asset/13846580/abfdd7cb-1e6d-4b64-a561-3cfbdd6566a1?sp=r&sv=2018-11-09&sr=b&spr=https&se=2025-12-05T15%3A43%3A51Z&rscd=attachment%3B+filename%3Dlibpaper-2.2.7.tar.gz&rsct=application%2Foctet-stream&skoid=96c2d410-5711-43a1-aedd-ab1947aa7ab0&sktid=398a6654-997b-47e9-b12b-9515b896b4de&skt=2025-12-05T14%3A43%3A42Z&ske=2025-12-05T15%3A43%3A51Z&sks=b&skv=2018-11-09&sig=pUP6ezvMPI0DkcTQv8UsXG2V%2FJLUujVuiJFDrjelcWM%3D&jwt=eyJ0eXAiOiJKV1QiLCJhbGciOiJIUzI1NiJ9.eyJpc3MiOiJnaXRodWIuY29tIiwiYXVkIjoicmVsZWFzZS1hc3NldHMuZ2l0aHVidXNlcmNvbnRlbnQuY29tIiwia2V5Ijoia2V5MSIsImV4cCI6MTc2NDk0NjY2MiwibmJmIjoxNzY0OTQ2MzYyLCJwYXRoIjoicmVsZWFzZWFzc2V0cHJvZHVjdGlvbi5ibG9iLmNvcmUud2luZG93cy5uZXQifQ.elKMTdZDrNuUiRPyW7ipAhW5WNUAudU6O_GrEOcOfzs&response-content-disposition=attachment%3B%20filename%3Dlibpaper-2.2.7.tar.gz&response-content-type=application%2Foctet-stream
Resolving release-assets.githubusercontent.com (release-assets.githubusercontent.com)... 185.199.110.133, 185.199.108.133, 185.199.111.133, ...
Connecting to release-assets.githubusercontent.com (release-assets.githubusercontent.com)|185.199.110.133|:443... connected.
HTTP request sent, awaiting response... 200 OK
Length: 1347036 (1.3M) [application/octet-stream]
Saving to: ‘libpaper-2.2.7.tar.gz’

     0K .......... .......... .......... .......... ..........  3% 8.91M 0s
    50K .......... .......... .......... .......... ..........  7% 11.0M 0s
   100K .......... .......... .......... .......... .......... 11% 6.32M 0s
   150K .......... .......... .......... .......... .......... 15% 39.7M 0s
   200K .......... .......... .......... .......... .......... 19% 6.91M 0s
   250K .......... .......... .......... .......... .......... 22% 51.6M 0s
   300K .......... .......... .......... .......... .......... 26% 20.1M 0s
   350K .......... .......... .......... .......... .......... 30% 8.50M 0s
   400K .......... .......... .......... .......... .......... 34% 53.3M 0s
   450K .......... .......... .......... .......... .......... 38% 7.49M 0s
   500K .......... .......... .......... .......... .......... 41% 52.3M 0s
   550K .......... .......... .......... .......... .......... 45% 21.9M 0s
   600K .......... .......... .......... .......... .......... 49% 13.2M 0s
   650K .......... .......... .......... .......... .......... 53% 42.2M 0s
   700K .......... .......... .......... .......... .......... 57% 17.8M 0s
   750K .......... .......... .......... .......... .......... 60% 11.8M 0s
   800K .......... .......... .......... .......... .......... 64% 43.6M 0s
   850K .......... .......... .......... .......... .......... 68% 57.9M 0s
   900K .......... .......... .......... .......... .......... 72% 18.9M 0s
   950K .......... .......... .......... .......... .......... 76% 10.8M 0s
  1000K .......... .......... .......... .......... .......... 79% 55.3M 0s
  1050K .......... .......... .......... .......... .......... 83% 26.4M 0s
  1100K .......... .......... .......... .......... .......... 87% 10.1M 0s
  1150K .......... .......... .......... .......... .......... 91% 39.6M 0s
  1200K .......... .......... .......... .......... .......... 95% 57.9M 0s
  1250K .......... .......... .......... .......... .......... 98% 43.0M 0s
  1300K .......... .....                                      100% 71.8M=0.08s

2025-12-05 14:52:42 (16.6 MB/s) - ‘libpaper-2.2.7.tar.gz’ saved [1347036/1347036]

libpaper-2.2.7/
libpaper-2.2.7/AUTHORS
libpaper-2.2.7/configure.ac
libpaper-2.2.7/lib/
libpaper-2.2.7/lib/libpaper.rc
libpaper-2.2.7/lib/libpaper.c
libpaper-2.2.7/lib/paper.h
libpaper-2.2.7/lib/paperspecs
libpaper-2.2.7/lib/libpaper.c.in.in
libpaper-2.2.7/lib/Makefile.am
libpaper-2.2.7/lib/Makefile.in
libpaper-2.2.7/lib/libpaper.rc.in
libpaper-2.2.7/COPYING-MIT
libpaper-2.2.7/COPYING-GPL-3
libpaper-2.2.7/src/
libpaper-2.2.7/src/tbl_opts.h
libpaper-2.2.7/src/paper.c
libpaper-2.2.7/src/m4/
libpaper-2.2.7/src/m4/error.m4
libpaper-2.2.7/src/m4/dup2.m4
libpaper-2.2.7/src/m4/exponentd.m4
libpaper-2.2.7/src/m4/uchar_h.m4
libpaper-2.2.7/src/m4/size_max.m4
libpaper-2.2.7/src/m4/threadlib.m4
libpaper-2.2.7/src/m4/musl.m4
libpaper-2.2.7/src/m4/xalloc.m4
libpaper-2.2.7/src/m4/locale-en.m4
libpaper-2.2.7/src/m4/intmax_t.m4
libpaper-2.2.7/src/m4/environ.m4
libpaper-2.2.7/src/m4/alloca.m4
libpaper-2.2.7/src/m4/rawmemchr.m4
libpaper-2.2.7/src/m4/stat-time.m4
libpaper-2.2.7/src/m4/lstat.m4
libpaper-2.2.7/src/m4/sys_cdefs_h.m4
libpaper-2.2.7/src/m4/libunistring-base.m4
libpaper-2.2.7/src/m4/unictype_h.m4
libpaper-2.2.7/src/m4/open-cloexec.m4
libpaper-2.2.7/src/m4/getopt.m4
libpaper-2.2.7/src/m4/open-slash.m4
libpaper-2.2.7/src/m4/float_h.m4
libpaper-2.2.7/src/m4/canonicalize.m4
libpaper-2.2.7/src/m4/minmax.m4
libpaper-2.2.7/src/m4/mempcpy.m4
libpaper-2.2.7/src/m4/off64_t.m4
libpaper-2.2.7/src/m4/largefile.m4
libpaper-2.2.7/src/m4/gnulib-i18n.m4
libpaper-2.2.7/src/m4/reallocarray.m4
libpaper-2.2.7/src/m4/setlocale_null.m4
libpaper-2.2.7/src/m4/strerror.m4
libpaper-2.2.7/src/m4/sys_socket_h.m4
libpaper-2.2.7/src/m4/codeset.m4
libpaper-2.2.7/src/m4/xvasprintf.m4
libpaper-2.2.7/src/m4/printf.m4
libpaper-2.2.7/src/m4/mbsinit.m4
libpaper-2.2.7/src/m4/time_h.m4
libpaper-2.2.7/src/m4/locale-ja.m4
libpaper-2.2.7/src/m4/c32rtomb.m4
libpaper-2.2.7/src/m4/open.m4
libpaper-2.2.7/src/m4/inttypes_h.m4
libpaper-2.2.7/src/m4/locale-zh.m4
libpaper-2.2.7/src/m4/stdalign.m4
libpaper-2.2.7/src/m4/mbstate_t.m4
libpaper-2.2.7/src/m4/fcntl.m4
libpaper-2.2.7/src/m4/readlink.m4
libpaper-2.2.7/src/m4/getprogname.m4
libpaper-2.2.7/src/m4/calloc.m4
libpaper-2.2.7/src/m4/stdint_h.m4
libpaper-2.2.7/src/m4/locale_h.m4
libpaper-2.2.7/src/m4/mbrtowc.m4
libpaper-2.2.7/src/m4/close.m4
libpaper-2.2.7/src/m4/getdtablesize.m4
libpaper-2.2.7/src/m4/mmap-anon.m4
libpaper-2.2.7/src/m4/__inline.m4
libpaper-2.2.7/src/m4/visibility.m4
libpaper-2.2.7/src/m4/msvc-nothrow.m4
libpaper-2.2.7/src/m4/quotearg.m4
libpaper-2.2.7/src/m4/extensions-aix.m4
libpaper-2.2.7/src/m4/error_h.m4
libpaper-2.2.7/src/m4/stat.m4
libpaper-2.2.7/src/m4/strerrorname_np.m4
libpaper-2.2.7/src/m4/memchr.m4
libpaper-2.2.7/src/m4/mode_t.m4
libpaper-2.2.7/src/m4/fcntl-o.m4
libpaper-2.2.7/src/m4/stdarg.m4
libpaper-2.2.7/src/m4/msvc-inval.m4
libpaper-2.2.7/src/m4/builtin-expect.m4
libpaper-2.2.7/src/m4/lib-ld.m4
libpaper-2.2.7/src/m4/setenv.m4
libpaper-2.2.7/src/m4/wctype_h.m4
libpaper-2.2.7/src/m4/relocatable.m4
libpaper-2.2.7/src/m4/host-cpu-c-abi.m4
libpaper-2.2.7/src/m4/mbrtoc32.m4
libpaper-2.2.7/src/m4/xsize.m4
libpaper-2.2.7/src/m4/gnulib-comp.m4
libpaper-2.2.7/src/m4/assert_h.m4
libpaper-2.2.7/src/m4/fcntl_h.m4
libpaper-2.2.7/src/m4/localcharset.m4
libpaper-2.2.7/src/m4/quote.m4
libpaper-2.2.7/src/m4/sys_stat_h.m4
libpaper-2.2.7/src/m4/fstat.m4
libpaper-2.2.7/src/m4/vasnprintf.m4
libpaper-2.2.7/src/m4/locale-fr.m4
libpaper-2.2.7/src/m4/malloca.m4
libpaper-2.2.7/src/paperconf.c
libpaper-2.2.7/src/Makefile.am
libpaper-2.2.7/src/Makefile.in
libpaper-2.2.7/src/libgnu/
libpaper-2.2.7/src/libgnu/inttypes.in.h
libpaper-2.2.7/src/libgnu/itold.c
libpaper-2.2.7/src/libgnu/getopt-ext.h
libpaper-2.2.7/src/libgnu/xsize.c
libpaper-2.2.7/src/libgnu/filename.h
libpaper-2.2.7/src/libgnu/open.c
libpaper-2.2.7/src/libgnu/basename-lgpl.c
libpaper-2.2.7/src/libgnu/quotearg.h
libpaper-2.2.7/src/libgnu/mbrtowc-impl-utf8.h
libpaper-2.2.7/src/libgnu/printf-args.h
libpaper-2.2.7/src/libgnu/wchar.in.h
libpaper-2.2.7/src/libgnu/canonicalize-lgpl.c
libpaper-2.2.7/src/libgnu/cloexec.h
libpaper-2.2.7/src/libgnu/progreloc.c
libpaper-2.2.7/src/libgnu/xreadlink.c
libpaper-2.2.7/src/libgnu/unitypes.in.h
libpaper-2.2.7/src/libgnu/pathmax.h
libpaper-2.2.7/src/libgnu/stat-w32.h
libpaper-2.2.7/src/libgnu/vasnprintf.c
libpaper-2.2.7/src/libgnu/streq.h
libpaper-2.2.7/src/libgnu/msvc-nothrow.h
libpaper-2.2.7/src/libgnu/vaszprintf.c
libpaper-2.2.7/src/libgnu/mbrtoc32.c
libpaper-2.2.7/src/libgnu/memchr.c
libpaper-2.2.7/src/libgnu/xmalloc.c
libpaper-2.2.7/src/libgnu/stat.c
libpaper-2.2.7/src/libgnu/float+.h
libpaper-2.2.7/src/libgnu/getopt_int.h
libpaper-2.2.7/src/libgnu/getopt-core.h
libpaper-2.2.7/src/libgnu/xalloc.h
libpaper-2.2.7/src/libgnu/stdarg.in.h
libpaper-2.2.7/src/libgnu/getopt-pfx-core.h
libpaper-2.2.7/src/libgnu/uchar.in.h
libpaper-2.2.7/src/libgnu/mbtowc-lock.c
libpaper-2.2.7/src/libgnu/mbrtowc-impl.h
libpaper-2.2.7/src/libgnu/quotearg.c
libpaper-2.2.7/src/libgnu/exitfail.h
libpaper-2.2.7/src/libgnu/size_max.h
libpaper-2.2.7/src/libgnu/c-ctype.c
libpaper-2.2.7/src/libgnu/c32isprint.c
libpaper-2.2.7/src/libgnu/float.c
libpaper-2.2.7/src/libgnu/c-strcasecmp.c
libpaper-2.2.7/src/libgnu/fcntl.in.h
libpaper-2.2.7/src/libgnu/fd-hook.c
libpaper-2.2.7/src/libgnu/mbrtowc.c
libpaper-2.2.7/src/libgnu/basename-lgpl.h
libpaper-2.2.7/src/libgnu/lc-charset-dispatch.h
libpaper-2.2.7/src/libgnu/xvasprintf.c
libpaper-2.2.7/src/libgnu/areadlink.h
libpaper-2.2.7/src/libgnu/unistd.in.h
libpaper-2.2.7/src/libgnu/setlocale_null-unlocked.c
libpaper-2.2.7/src/libgnu/stdio-write.c
libpaper-2.2.7/src/libgnu/getopt.c
libpaper-2.2.7/src/libgnu/stdio-read.c
libpaper-2.2.7/src/libgnu/c-ctype.h
libpaper-2.2.7/src/libgnu/setenv.c
libpaper-2.2.7/src/libgnu/asnprintf.c
libpaper-2.2.7/src/libgnu/locale.in.h
libpaper-2.2.7/src/libgnu/strerror-override.c
libpaper-2.2.7/src/libgnu/cdefs.h
libpaper-2.2.7/src/libgnu/sys_stat.in.h
libpaper-2.2.7/src/libgnu/fd-hook.h
libpaper-2.2.7/src/libgnu/ialloc.c
libpaper-2.2.7/src/libgnu/getdtablesize.c
libpaper-2.2.7/src/libgnu/relocatable.h
libpaper-2.2.7/src/libgnu/stat-w32.c
libpaper-2.2.7/src/libgnu/stdint.in.h
libpaper-2.2.7/src/libgnu/alloca.in.h
libpaper-2.2.7/src/libgnu/mbszero.c
libpaper-2.2.7/src/libgnu/stat-time.c
libpaper-2.2.7/src/libgnu/rawmemchr.valgrind
libpaper-2.2.7/src/libgnu/idx.h
libpaper-2.2.7/src/libgnu/readlink.c
libpaper-2.2.7/src/libgnu/aszprintf.c
libpaper-2.2.7/src/libgnu/verify.h
libpaper-2.2.7/src/libgnu/getopt1.c
libpaper-2.2.7/src/libgnu/printf-args.c
libpaper-2.2.7/src/libgnu/xsize.h
libpaper-2.2.7/src/libgnu/unictype/
libpaper-2.2.7/src/libgnu/unictype/bitmap.h
libpaper-2.2.7/src/libgnu/unictype/ctype_print.c
libpaper-2.2.7/src/libgnu/unictype/ctype_print.h
libpaper-2.2.7/src/libgnu/hard-locale.h
libpaper-2.2.7/src/libgnu/progname.h
libpaper-2.2.7/src/libgnu/lc-charset-dispatch.c
libpaper-2.2.7/src/libgnu/fcntl.c
libpaper-2.2.7/src/libgnu/xvasprintf.h
libpaper-2.2.7/src/libgnu/float.in.h
libpaper-2.2.7/src/libgnu/gettext.h
libpaper-2.2.7/src/libgnu/free.c
libpaper-2.2.7/src/libgnu/c32is-impl.h
libpaper-2.2.7/src/libgnu/quote.h
libpaper-2.2.7/src/libgnu/xalloc-die.c
libpaper-2.2.7/src/libgnu/c-strncasecmp.c
libpaper-2.2.7/src/libgnu/sys_types.in.h
libpaper-2.2.7/src/libgnu/printf-parse.c
libpaper-2.2.7/src/libgnu/string.in.h
libpaper-2.2.7/src/libgnu/mbsinit.c
libpaper-2.2.7/src/libgnu/stdckdint.in.h
libpaper-2.2.7/src/libgnu/windows-initguard.h
libpaper-2.2.7/src/libgnu/stdio.in.h
libpaper-2.2.7/src/libgnu/careadlinkat.h
libpaper-2.2.7/src/libgnu/Makefile.gnulib
libpaper-2.2.7/src/libgnu/malloc.c
libpaper-2.2.7/src/libgnu/getprogname.h
libpaper-2.2.7/src/libgnu/setlocale_null.h
libpaper-2.2.7/src/libgnu/printf-parse.h
libpaper-2.2.7/src/libgnu/strerror.c
libpaper-2.2.7/src/libgnu/cloexec.c
libpaper-2.2.7/src/libgnu/malloc/
libpaper-2.2.7/src/libgnu/malloc/scratch_buffer_grow.c
libpaper-2.2.7/src/libgnu/malloc/scratch_buffer_set_array_size.c
libpaper-2.2.7/src/libgnu/malloc/scratch_buffer.h
libpaper-2.2.7/src/libgnu/malloc/scratch_buffer_grow_preserve.c
libpaper-2.2.7/src/libgnu/eloop-threshold.h
libpaper-2.2.7/src/libgnu/wctype.in.h
libpaper-2.2.7/src/libgnu/scratch_buffer.h
libpaper-2.2.7/src/libgnu/localcharset.h
libpaper-2.2.7/src/libgnu/errno.in.h
libpaper-2.2.7/src/libgnu/Makefile.am
libpaper-2.2.7/src/libgnu/intprops.h
libpaper-2.2.7/src/libgnu/careadlinkat.c
libpaper-2.2.7/src/libgnu/close.c
libpaper-2.2.7/src/libgnu/arg-nonnull.h
libpaper-2.2.7/src/libgnu/c-strcase.h
libpaper-2.2.7/src/libgnu/getopt.in.h
libpaper-2.2.7/src/libgnu/limits.in.h
libpaper-2.2.7/src/libgnu/allocator.c
libpaper-2.2.7/src/libgnu/error.in.h
libpaper-2.2.7/src/libgnu/stat-time.h
libpaper-2.2.7/src/libgnu/realloc.c
libpaper-2.2.7/src/libgnu/fstat.c
libpaper-2.2.7/src/libgnu/localcharset.c
libpaper-2.2.7/src/libgnu/memchr.valgrind
libpaper-2.2.7/src/libgnu/rawmemchr.c
libpaper-2.2.7/src/libgnu/mbtowc-lock.h
libpaper-2.2.7/src/libgnu/getopt-cdefs.in.h
libpaper-2.2.7/src/libgnu/libc-config.h
libpaper-2.2.7/src/libgnu/xalloc-oversized.h
libpaper-2.2.7/src/libgnu/stdlib.in.h
libpaper-2.2.7/src/libgnu/setlocale-lock.c
libpaper-2.2.7/src/libgnu/stdlib.c
libpaper-2.2.7/src/libgnu/c-strcaseeq.h
libpaper-2.2.7/src/libgnu/msvc-inval.h
libpaper-2.2.7/src/libgnu/minmax.h
libpaper-2.2.7/src/libgnu/Makefile.in
libpaper-2.2.7/src/libgnu/c++defs.h
libpaper-2.2.7/src/libgnu/attribute.h
libpaper-2.2.7/src/libgnu/stddef.in.h
libpaper-2.2.7/src/libgnu/msvc-inval.c
libpaper-2.2.7/src/libgnu/relocwrapper.c
libpaper-2.2.7/src/libgnu/getprogname.c
libpaper-2.2.7/src/libgnu/vasnprintf.h
libpaper-2.2.7/src/libgnu/calloc.c
libpaper-2.2.7/src/libgnu/exitfail.c
libpaper-2.2.7/src/libgnu/wctype-h.c
libpaper-2.2.7/src/libgnu/strerror-override.h
libpaper-2.2.7/src/libgnu/allocator.h
libpaper-2.2.7/src/libgnu/relocatable.c
libpaper-2.2.7/src/libgnu/areadlink.c
libpaper-2.2.7/src/libgnu/reallocarray.c
libpaper-2.2.7/src/libgnu/warn-on-use.h
libpaper-2.2.7/src/libgnu/xasprintf.c
libpaper-2.2.7/src/libgnu/assert.in.h
libpaper-2.2.7/src/libgnu/msvc-nothrow.c
libpaper-2.2.7/src/libgnu/dup2.c
libpaper-2.2.7/src/libgnu/unistd.c
libpaper-2.2.7/src/libgnu/malloca.h
libpaper-2.2.7/src/libgnu/_Noreturn.h
libpaper-2.2.7/src/libgnu/xreadlink.h
libpaper-2.2.7/src/libgnu/getopt-pfx-ext.h
libpaper-2.2.7/src/libgnu/time.in.h
libpaper-2.2.7/src/libgnu/malloca.c
libpaper-2.2.7/src/libgnu/error.c
libpaper-2.2.7/src/libgnu/unictype.in.h
libpaper-2.2.7/src/libgnu/mempcpy.c
libpaper-2.2.7/src/libgnu/progname.c
libpaper-2.2.7/src/libgnu/setlocale_null.c
libpaper-2.2.7/src/libgnu/intprops-internal.h
libpaper-2.2.7/src/libgnu/ialloc.h
libpaper-2.2.7/src/libgnu/hard-locale.c
libpaper-2.2.7/build-aux/
libpaper-2.2.7/build-aux/libtool-reloc
libpaper-2.2.7/build-aux/config.sub
libpaper-2.2.7/build-aux/reloc-ldflags
libpaper-2.2.7/build-aux/config.guess
libpaper-2.2.7/build-aux/bootstrap.in
libpaper-2.2.7/build-aux/inline-source
libpaper-2.2.7/build-aux/funclib.sh
libpaper-2.2.7/build-aux/install-sh
libpaper-2.2.7/build-aux/depcomp
libpaper-2.2.7/build-aux/install-reloc
libpaper-2.2.7/build-aux/ar-lib
libpaper-2.2.7/build-aux/mdate-sh
libpaper-2.2.7/build-aux/texinfo.tex
libpaper-2.2.7/build-aux/test-driver
libpaper-2.2.7/build-aux/ltmain.sh
libpaper-2.2.7/build-aux/missing
libpaper-2.2.7/build-aux/x-to-1.in
libpaper-2.2.7/build-aux/extract-trace
libpaper-2.2.7/build-aux/compile
libpaper-2.2.7/build-aux/options-parser
libpaper-2.2.7/build-aux/config.libpath
libpaper-2.2.7/COPYING
libpaper-2.2.7/README.md
libpaper-2.2.7/configure
libpaper-2.2.7/aclocal.m4
libpaper-2.2.7/m4/
libpaper-2.2.7/m4/ltoptions.m4
libpaper-2.2.7/m4/00gnulib.m4
libpaper-2.2.7/m4/ltversion.m4
libpaper-2.2.7/m4/multiarch.m4
libpaper-2.2.7/m4/stddef_h.m4
libpaper-2.2.7/m4/absolute-header.m4
libpaper-2.2.7/m4/include_next.m4
libpaper-2.2.7/m4/unistd_h.m4
libpaper-2.2.7/m4/warnings.m4
libpaper-2.2.7/m4/nocrash.m4
libpaper-2.2.7/m4/string_h.m4
libpaper-2.2.7/m4/limits-h.m4
libpaper-2.2.7/m4/extensions.m4
libpaper-2.2.7/m4/gnulib-cache.m4
libpaper-2.2.7/m4/double-slash-root.m4
libpaper-2.2.7/m4/ssize_t.m4
libpaper-2.2.7/m4/gnulib-common.m4
libpaper-2.2.7/m4/stdint.m4
libpaper-2.2.7/m4/inttypes.m4
libpaper-2.2.7/m4/wint_t.m4
libpaper-2.2.7/m4/libtool.m4
libpaper-2.2.7/m4/build-to-host.m4
libpaper-2.2.7/m4/ltsugar.m4
libpaper-2.2.7/m4/stdlib_h.m4
libpaper-2.2.7/m4/c-bool.m4
libpaper-2.2.7/m4/extern-inline.m4
libpaper-2.2.7/m4/stdio_h.m4
libpaper-2.2.7/m4/warn-on-use.m4
libpaper-2.2.7/m4/manywarnings.m4
libpaper-2.2.7/m4/pathmax.m4
libpaper-2.2.7/m4/lt~obsolete.m4
libpaper-2.2.7/m4/realloc.m4
libpaper-2.2.7/m4/wchar_h.m4
libpaper-2.2.7/m4/malloc.m4
libpaper-2.2.7/m4/off_t.m4
libpaper-2.2.7/m4/gnulib-comp.m4
libpaper-2.2.7/m4/zzgnulib.m4
libpaper-2.2.7/m4/relocatable-lib.m4
libpaper-2.2.7/m4/sys_types_h.m4
libpaper-2.2.7/m4/errno_h.m4
libpaper-2.2.7/m4/free.m4
libpaper-2.2.7/Makefile.am
libpaper-2.2.7/ChangeLog
libpaper-2.2.7/config.h.in
libpaper-2.2.7/prefix.am
libpaper-2.2.7/tests/
libpaper-2.2.7/tests/default-size-lc_paper-expected.txt
libpaper-2.2.7/tests/default-size-user-paperspecs.sh
libpaper-2.2.7/tests/all-sizes-expected.txt
libpaper-2.2.7/tests/paperspecs-invalid.sh
libpaper-2.2.7/tests/default-size-lc_paper.sh
libpaper-2.2.7/tests/bad-height.sh
libpaper-2.2.7/tests/unit-mm.sh
libpaper-2.2.7/tests/paper-unknown.sh
libpaper-2.2.7/tests/unit-pt-equals-expected.txt
libpaper-2.2.7/tests/unit-pt-expected.txt
libpaper-2.2.7/tests/test-paperspecs
libpaper-2.2.7/tests/two-arguments.sh
libpaper-2.2.7/tests/one-argument.sh
libpaper-2.2.7/tests/zero-arguments.sh
libpaper-2.2.7/tests/paper-unknown-expected.txt
libpaper-2.2.7/tests/default-size-system-paperspecs.sh
libpaper-2.2.7/tests/unit-in-expected.txt
libpaper-2.2.7/tests/default-size-system-paperspecs-expected.txt
libpaper-2.2.7/tests/default-size-no-default-paper-expected.txt
libpaper-2.2.7/tests/default-size-environment.sh
libpaper-2.2.7/tests/run-test
libpaper-2.2.7/tests/unit-invalid-expected.txt
libpaper-2.2.7/tests/default-size-system-papersize-expected.txt
libpaper-2.2.7/tests/all-sizes.sh
libpaper-2.2.7/tests/two-arguments-expected.txt
libpaper-2.2.7/tests/default-size-user.sh
libpaper-2.2.7/tests/default-size-environment-expected.txt
libpaper-2.2.7/tests/unit-pt-equals.sh
libpaper-2.2.7/tests/unknown-option-expected.txt
libpaper-2.2.7/tests/Makefile.am
libpaper-2.2.7/tests/unit-in.sh
libpaper-2.2.7/tests/option-requires-argument.sh
libpaper-2.2.7/tests/default-size-user-paperspecs-expected.txt
libpaper-2.2.7/tests/unit-pt.sh
libpaper-2.2.7/tests/default-size-system-papersize.sh
libpaper-2.2.7/tests/no-home.sh
libpaper-2.2.7/tests/unit-invalid.sh
libpaper-2.2.7/tests/no-home-expected.txt
libpaper-2.2.7/tests/Makefile.in
libpaper-2.2.7/tests/unknown-option.sh
libpaper-2.2.7/tests/one-argument-expected.txt
libpaper-2.2.7/tests/bad-width.sh
libpaper-2.2.7/tests/default-size-no-default-paper.sh
libpaper-2.2.7/tests/default-size-user-expected.txt
libpaper-2.2.7/tests/option-requires-argument-expected.txt
libpaper-2.2.7/tests/unit-mm-expected.txt
libpaper-2.2.7/tests/zero-arguments-expected.txt
libpaper-2.2.7/Makefile.in
libpaper-2.2.7/man/
libpaper-2.2.7/man/paper.1.in
libpaper-2.2.7/man/paper.x
libpaper-2.2.7/man/Makefile.am
libpaper-2.2.7/man/Makefile.in
libpaper-2.2.7/man/paperspecs.5.in
libpaper-2.2.7/INSTALL
libpaper-2.2.7/README
libpaper-2.2.7/libgnu/
libpaper-2.2.7/libgnu/dummy.c
libpaper-2.2.7/libgnu/relocatable.valgrind
libpaper-2.2.7/libgnu/relocatable.h
libpaper-2.2.7/libgnu/Makefile.gnulib
libpaper-2.2.7/libgnu/Makefile.am
libpaper-2.2.7/libgnu/Makefile.in
libpaper-2.2.7/libgnu/relocatable.c
checking for a BSD-compatible install... /usr/bin/install -c
checking whether build environment is sane... yes
checking for a race-free mkdir -p... /usr/bin/mkdir -p
checking for gawk... gawk
checking whether make sets $(MAKE)... yes
checking whether make supports nested variables... yes
checking whether make supports nested variables... (cached) yes
checking for gcc... gcc
checking whether the C compiler works... yes
checking for C compiler default output file name... a.out
checking for suffix of executables... 
checking whether we are cross compiling... no
checking for suffix of object files... o
checking whether the compiler supports GNU C... yes
checking whether gcc accepts -g... yes
checking for gcc option to enable C11 features... none needed
checking whether gcc understands -c and -o together... yes
checking whether the compiler is clang... no
checking for compiler option needed when checking for declarations... none
checking whether make supports the include directive... yes (GNU style)
checking dependency style of gcc... gcc3
checking for stdio.h... yes
checking for stdlib.h... yes
checking for string.h... yes
checking for inttypes.h... yes
checking for stdint.h... yes
checking for strings.h... yes
checking for sys/stat.h... yes
checking for sys/types.h... yes
checking for unistd.h... yes
checking for wchar.h... yes
checking for minix/config.h... no
checking for stdbool.h... yes
checking for uchar.h... yes
checking for sys/param.h... yes
checking for sys/socket.h... yes
checking for error.h... yes
checking for getopt.h... yes
checking for threads.h... yes
checking for limits.h... yes
checking for xlocale.h... no
checking for sys/mman.h... yes
checking for sys/time.h... yes
checking for stdckdint.h... yes
checking for features.h... yes
checking for crtdefs.h... no
checking for wctype.h... yes
checking whether it is safe to define __EXTENSIONS__... yes
checking whether _XOPEN_SOURCE should be defined... no
checking how to run the C preprocessor... gcc -E
checking for egrep -e... /usr/bin/grep -E
checking for Minix Amsterdam compiler... no
checking for ar... ar
checking the archiver (ar) interface... ar
checking for ar... (cached) ar
checking for ranlib... ranlib
checking build system type... x86_64-pc-linux-gnu
checking host system type... x86_64-pc-linux-gnu
checking for gcc option to support large files... none needed
checking the archiver (ar) interface... (cached) ar
checking how to print strings... printf
checking for a sed that does not truncate output... /usr/bin/sed
checking for grep that handles long lines and -e... /usr/bin/grep
checking for egrep... /usr/bin/grep -E
checking for fgrep... /usr/bin/grep -F
checking for ld used by gcc... /usr/bin/ld
checking if the linker (/usr/bin/ld) is GNU ld... yes
checking for BSD- or MS-compatible name lister (nm)... /usr/bin/nm -B
checking the name lister (/usr/bin/nm -B) interface... BSD nm
checking whether ln -s works... yes
checking the maximum length of command line arguments... 1572864
checking how to convert x86_64-pc-linux-gnu file names to x86_64-pc-linux-gnu format... func_convert_file_noop
checking how to convert x86_64-pc-linux-gnu file names to toolchain format... func_convert_file_noop
checking for /usr/bin/ld option to reload object files... -r
checking for file... file
checking for objdump... objdump
checking how to recognize dependent libraries... pass_all
checking for dlltool... no
checking how to associate runtime and link libraries... printf %s\n
checking for archiver @FILE support... @
checking for strip... strip
checking for ranlib... (cached) ranlib
checking command to parse /usr/bin/nm -B output from gcc object... ok
checking for sysroot... no
checking for a working dd... /usr/bin/dd
checking how to truncate binary pipes... /usr/bin/dd bs=4096 count=1
checking for mt... mt
checking if mt is a manifest tool... no
checking for dlfcn.h... yes
checking for objdir... .libs
checking if gcc supports -fno-rtti -fno-exceptions... no
checking for gcc option to produce PIC... -fPIC -DPIC
checking if gcc PIC flag -fPIC -DPIC works... yes
checking if gcc static flag -static works... yes
checking if gcc supports -c -o file.o... yes
checking if gcc supports -c -o file.o... (cached) yes
checking whether the gcc linker (/usr/bin/ld -m elf_x86_64) supports shared libraries... yes
checking whether -lc should be explicitly linked in... no
checking dynamic linker characteristics... GNU/Linux ld.so
checking how to hardcode library paths into programs... immediate
checking whether stripping libraries is possible... yes
checking if libtool supports shared libraries... yes
checking whether to build shared libraries... yes
checking whether to build static libraries... no
checking whether to activate relocatable installation... no
checking for C compiler option to allow warnings... -Wno-error
checking for size_t... yes
checking for working alloca.h... yes
checking for alloca... yes
checking whether the preprocessor supports include_next... yes
checking whether source code line length is unlimited... yes
checking whether char8_t is correctly defined... yes
checking whether char16_t is correctly defined... yes
checking whether char32_t is correctly defined... yes
checking for bit size of wchar_t... 32
checking for mbstate_t... yes
checking for mbsinit... yes
checking for mbrtowc... yes
checking for canonicalize_file_name... yes
checking for realpath... yes
checking for lstat... yes
checking for _set_invalid_parameter_handler... no
checking for fcntl... yes
checking for symlink... yes
checking for getdtablesize... yes
checking for getexecname... no
checking for mprotect... yes
checking for readlink... yes
checking for setenv... yes
checking for vasnprintf... no
checking for snprintf... yes
checking for iswcntrl... yes
checking for nl_langinfo and CODESET... yes
checking for a traditional japanese locale... none
checking for an english Unicode locale... en_US.UTF-8
checking for a transitional chinese locale... none
checking whether mbrtowc handles incomplete characters... yes
checking whether mbrtowc works as well as mbtowc... guessing yes
checking for gcc options needed to detect all undeclared functions... none needed
checking whether mbrtoc32 is declared... yes
checking for mbrtoc32... yes
checking for a traditional french locale... none
checking whether mbrtoc32 works as well as mbrtowc... guessing yes
checking whether c32rtomb is declared... yes
checking for c32rtomb... yes
checking whether c32rtomb works as well as wcrtomb... guessing yes
checking whether malloc is ptrdiff_t safe... yes
checking whether malloc, realloc, calloc set errno on failure... yes
checking whether lstat correctly handles trailing slash... yes
checking whether // is distinct from /... no
checking whether realpath works... yes
checking for faccessat... yes
checking for getcwd... yes
checking for C/C++ restrict keyword... __restrict__
checking if environ is properly declared... yes
checking for complete errno.h... yes
checking for error... yes
checking whether error_at_line is declared... yes
checking for error_at_line... yes
checking for working error function... yes
checking whether strerror_r is declared... yes
checking whether strerror_r returns char *... yes
checking whether ctype.h defines __header_inline... no
checking for working fcntl.h... yes
checking for pid_t... yes
checking for mode_t... yes
checking whether byte ordering is bigendian... no
checking whether stat file-mode macros are broken... no
checking for nlink_t... yes
checking whether getdtablesize is declared... yes
checking for getopt.h... (cached) yes
checking for getopt_long_only... yes
checking whether getopt is POSIX compatible... yes
checking for working GNU getopt function... yes
checking for working GNU getopt_long function... yes
checking for glibc-compatible sys/cdefs.h... yes
checking for pthread.h... yes
checking for pthread_kill in -lpthread... yes
checking whether POSIX threads API is available... yes
checking whether setlocale (LC_ALL, NULL) is multithread-safe... yes
checking whether setlocale (category, NULL) is multithread-safe... yes
checking whether limits.h has WORD_BIT, BOOL_WIDTH etc.... yes
checking whether limits.h has SSIZE_MAX... yes
checking for wint_t... yes
checking whether wint_t is large enough... yes
checking whether the compiler produces multi-arch binaries... no
checking whether stdint.h conforms to C99... yes
checking whether stdint.h works without ISO C predefines... yes
checking whether stdint.h has UINTMAX_WIDTH etc.... yes
checking for good max_align_t... yes
checking whether NULL can be used in arbitrary expressions... yes
checking for unreachable... yes
checking whether nullptr_t needs <stddef.h>... yes
checking for clean definition of __STDC_VERSION_STDDEF_H__... no
checking whether locale.h defines locale_t... yes
checking whether locale.h conforms to POSIX:2001... yes
checking whether struct lconv is properly defined... yes
checking whether malloc (0) returns nonnull... yes
checking for inline... inline
checking for mmap... yes
checking for MAP_ANONYMOUS... yes
checking whether memchr works... yes
checking whether <limits.h> defines MIN and MAX... no
checking whether <sys/param.h> defines MIN and MAX... yes
checking for O_CLOEXEC... yes
checking for promoted mode_t type... mode_t
checking whether realloc should abort upon undefined behaviour... no
checking for ld... /usr/bin/ld -m elf_x86_64
checking if the linker (/usr/bin/ld -m elf_x86_64) is GNU ld... yes
checking 32-bit host C ABI... no
checking for shared library path variable... LD_LIBRARY_PATH
checking whether setenv is declared... yes
checking whether _putenv is declared... no
checking whether fcloseall is declared... yes
checking whether getw is declared... yes
checking whether putw is declared... yes
checking which flavor of printf attribute matches inttypes macros... system
checking whether ecvt is declared... yes
checking whether fcvt is declared... yes
checking whether gcvt is declared... yes
checking whether MB_CUR_MAX is correct... yes
checking whether strerror(0) succeeds... yes
checking for off64_t... yes
checking for blksize_t... yes
checking for blkcnt_t... yes
checking for struct timespec in <time.h>... yes
checking for TIME_UTC in <time.h>... yes
checking whether execvpe is declared... yes
checking for inttypes.h... yes
checking for stdint.h... yes
checking for intmax_t... yes
checking whether snprintf returns a byte count as in C99... yes
checking whether snprintf truncates the result as in C99... yes
checking where to find the exponent in a 'double'... word 1 bit 20
checking for wcslen... yes
checking for snprintf... (cached) yes
checking for strnlen... yes
checking for wcrtomb... yes
checking whether _snprintf is declared... no
checking whether <wchar.h> uses 'inline' correctly... yes
checking whether wcsdup is declared... yes
checking whether iswcntrl works... yes
checking for towlower... yes
checking for wctype_t... yes
checking for wctrans_t... yes
checking for strerrorname_np... yes
checking whether strerrorname_np works... yes
checking for alignas and alignof... yes, keywords
checking for alloca as a compiler built-in... yes
checking for static_assert... yes, a keyword
checking for bool, true, false... yes
checking for __builtin_expect... yes
checking whether calloc (0, n) and calloc (n, 0) return nonnull... yes
checking for readlinkat... yes
checking whether // is distinct from /... (cached) no
checking whether dup2 works... yes
checking whether fcntl handles F_DUPFD correctly... yes
checking whether fcntl understands F_DUPFD_CLOEXEC... needs runtime check
checking whether float.h conforms to ISO C23... yes
checking whether conversion from 'int' to 'long double' works... yes
checking whether free is known to preserve errno... yes
checking whether getdtablesize works... yes
checking for getprogname... no
checking whether program_invocation_name is declared... yes
checking whether program_invocation_name is declared... (cached) yes
checking whether program_invocation_short_name is declared... yes
checking whether __argv is declared... no
checking whether the compiler supports the __inline keyword... yes
checking whether mbrtoc32 works on empty input... yes
checking whether the C locale is free of encoding errors... no
checking whether mbrtoc32 works in an UTF-8 locale... yes
checking whether mbrtowc handles a NULL pwc argument... yes
checking whether mbrtowc handles a NULL string argument... yes
checking whether mbrtowc has a correct return value... yes
checking whether mbrtowc returns 0 when parsing a NUL character... guessing yes
checking whether mbrtowc stores incomplete characters... no
checking whether mbrtowc works on empty input... yes
checking whether the C locale is free of encoding errors... no
checking for mempcpy... yes
checking whether open recognizes a trailing slash... yes
checking whether program_invocation_name is declared... (cached) yes
checking whether program_invocation_short_name is declared... (cached) yes
checking for rawmemchr... yes
checking whether readlink signature is correct... yes
checking whether readlink handles trailing slash correctly... yes
checking whether readlink truncates results correctly... yes
checking whether realloc (..., 0) returns nonnull... no
checking for reallocarray... yes
checking for faccessat... (cached) yes
checking for getcwd... (cached) yes
checking whether free is known to preserve errno... (cached) yes
checking for mempcpy... (cached) yes
checking for rawmemchr... (cached) yes
checking for search.h... yes
checking for tsearch... yes
checking whether setlocale (LC_ALL, NULL) is multithread-safe... (cached) yes
checking whether setlocale (category, NULL) is multithread-safe... (cached) yes
checking for stdint.h... (cached) yes
checking for SIZE_MAX... yes
checking for ssize_t... yes
checking whether stat handles trailing slashes on files... yes
checking for struct stat.st_atim.tv_nsec... yes
checking whether struct stat.st_atim is of type struct timespec... yes
checking for struct stat.st_birthtimespec.tv_nsec... no
checking for struct stat.st_birthtimensec... no
checking for struct stat.st_birthtim.tv_nsec... no
checking for va_copy... yes
checking for working strerror function... yes
checking for variable-length arrays... yes
checking for ptrdiff_t... yes
checking for stdint.h... (cached) yes
checking for gnu_get_libc_version... yes
checking for strndup... yes
checking for _NL_PAPER_WIDTH and _NL_PAPER_HEIGHT in langinfo.h... yes
checking for native Win32... no
checking for perl... /usr/bin/perl
checking for help2man... help2man
checking that generated files are newer than configure... done
configure: creating ./config.status
config.status: creating Makefile
config.status: creating lib/Makefile
config.status: creating lib/libpaper.c.in
config.status: creating lib/libpaper.rc
config.status: creating libgnu/Makefile
config.status: creating src/Makefile
config.status: creating src/libgnu/Makefile
config.status: creating man/Makefile
config.status: creating tests/Makefile
config.status: creating build-aux/x-to-1
config.status: creating config.h
config.status: executing depfiles commands
config.status: executing libtool commands
configure: WARNING: Building without --enable-relocatable: the tests will not work!
make  all-recursive
make[1]: Entering directory '/blfs/builds/libpaper-2.2.7'
Making all in libgnu
make[2]: Entering directory '/blfs/builds/libpaper-2.2.7/libgnu'
make  all-recursive
make[3]: Entering directory '/blfs/builds/libpaper-2.2.7/libgnu'
make[4]: Entering directory '/blfs/builds/libpaper-2.2.7/libgnu'
  CC       libgnu_la-dummy.lo
  CCLD     libgnu.la
make[4]: Leaving directory '/blfs/builds/libpaper-2.2.7/libgnu'
make[3]: Leaving directory '/blfs/builds/libpaper-2.2.7/libgnu'
make[2]: Leaving directory '/blfs/builds/libpaper-2.2.7/libgnu'
Making all in lib
make[2]: Entering directory '/blfs/builds/libpaper-2.2.7/lib'
sed -e 's|$[{]prefix[}]|/usr|g' ./libpaper.c.in > libpaper.c-t && mv libpaper.c-t libpaper.c
  CC       libpaper.lo
  CCLD     libpaper.la
make[2]: Leaving directory '/blfs/builds/libpaper-2.2.7/lib'
Making all in src
make[2]: Entering directory '/blfs/builds/libpaper-2.2.7/src'
Making all in libgnu
make[3]: Entering directory '/blfs/builds/libpaper-2.2.7/src/libgnu'
  GEN      error.h
  GEN      alloca.h
  GEN      fcntl.h
  GEN      malloc/scratch_buffer.gl.h
  GEN      inttypes.h
  GEN      limits.h
  GEN      locale.h
  GEN      stddef.h
  GEN      stdlib.h
  GEN      stdio.h
  GEN      string.h
  GEN      sys/stat.h
  GEN      time.h
  GEN      sys/types.h
  GEN      uchar.h
  GEN      unictype.h
  GEN      unitypes.h
  GEN      unistd.h
  GEN      wchar.h
  GEN      wctype.h
make  all-recursive
make[4]: Entering directory '/blfs/builds/libpaper-2.2.7/src/libgnu'
make[5]: Entering directory '/blfs/builds/libpaper-2.2.7/src/libgnu'
  CC       libgnupaper_la-allocator.lo
  CC       libgnupaper_la-areadlink.lo
  CC       libgnupaper_la-basename-lgpl.lo
  CC       libgnupaper_la-c-strcasecmp.lo
  CC       libgnupaper_la-c-strncasecmp.lo
  CC       libgnupaper_la-c32isprint.lo
  CC       libgnupaper_la-c-ctype.lo
  CC       libgnupaper_la-careadlinkat.lo
  CC       libgnupaper_la-cloexec.lo
  CC       libgnupaper_la-exitfail.lo
  CC       libgnupaper_la-fcntl.lo
  CC       libgnupaper_la-fd-hook.lo
  CC       libgnupaper_la-getprogname.lo
  CC       libgnupaper_la-hard-locale.lo
  CC       libgnupaper_la-ialloc.lo
  CC       libgnupaper_la-localcharset.lo
  CC       libgnupaper_la-malloca.lo
  CC       libgnupaper_la-mbrtoc32.lo
  CC       libgnupaper_la-mbrtowc.lo
  CC       libgnupaper_la-mbszero.lo
  CC       libgnupaper_la-progname.lo
  CC       libgnupaper_la-quotearg.lo
  CC       libgnupaper_la-realloc.lo
  CC       libgnupaper_la-reallocarray.lo
  CC       libgnupaper_la-setlocale_null.lo
  CC       libgnupaper_la-setlocale_null-unlocked.lo
  CC       libgnupaper_la-stat-time.lo
  CC       libgnupaper_la-stdlib.lo
  CC       libgnupaper_la-unistd.lo
  CC       libgnupaper_la-vaszprintf.lo
  CC       libgnupaper_la-aszprintf.lo
  CC       libgnupaper_la-wctype-h.lo
  CC       libgnupaper_la-xmalloc.lo
  CC       libgnupaper_la-xalloc-die.lo
  CC       libgnupaper_la-xreadlink.lo
  CC       libgnupaper_la-xsize.lo
  CC       libgnupaper_la-xvasprintf.lo
  CC       libgnupaper_la-xasprintf.lo
  CC       asnprintf.lo
  CC       printf-args.lo
  CC       printf-parse.lo
  CC       vasnprintf.lo
  CC       malloc/libgnupaper_la-scratch_buffer_grow.lo
  CC       malloc/libgnupaper_la-scratch_buffer_grow_preserve.lo
  CC       malloc/libgnupaper_la-scratch_buffer_set_array_size.lo
  CC       unictype/libgnupaper_la-ctype_print.lo
  CCLD     libgnupaper.la
make[5]: Leaving directory '/blfs/builds/libpaper-2.2.7/src/libgnu'
make[4]: Leaving directory '/blfs/builds/libpaper-2.2.7/src/libgnu'
make[3]: Leaving directory '/blfs/builds/libpaper-2.2.7/src/libgnu'
make[3]: Entering directory '/blfs/builds/libpaper-2.2.7/src'
  CC       paper-paper.o
  CC       paperconf.o
  CCLD     paper
  CCLD     paperconf
make[3]: Leaving directory '/blfs/builds/libpaper-2.2.7/src'
make[2]: Leaving directory '/blfs/builds/libpaper-2.2.7/src'
Making all in man
make[2]: Entering directory '/blfs/builds/libpaper-2.2.7/man'
sed -e 's|@sysconfdir[@]|/etc|'g < ./paper.1.in > paper.1-t && mv paper.1-t paper.1
sed -e 's|@sysconfdir[@]|/etc|'g < ./paperspecs.5.in > paperspecs.5-t && mv paperspecs.5-t paperspecs.5
make[2]: Leaving directory '/blfs/builds/libpaper-2.2.7/man'
Making all in tests
make[2]: Entering directory '/blfs/builds/libpaper-2.2.7/tests'
make[2]: Nothing to be done for 'all'.
make[2]: Leaving directory '/blfs/builds/libpaper-2.2.7/tests'
make[2]: Entering directory '/blfs/builds/libpaper-2.2.7'
make[2]: Leaving directory '/blfs/builds/libpaper-2.2.7'
make[1]: Leaving directory '/blfs/builds/libpaper-2.2.7'
Making install in libgnu
make[1]: Entering directory '/blfs/builds/libpaper-2.2.7/libgnu'
make  install-recursive
make[2]: Entering directory '/blfs/builds/libpaper-2.2.7/libgnu'
make[3]: Entering directory '/blfs/builds/libpaper-2.2.7/libgnu'
make[4]: Entering directory '/blfs/builds/libpaper-2.2.7/libgnu'
make[4]: Nothing to be done for 'install-exec-am'.
make[4]: Leaving directory '/blfs/builds/libpaper-2.2.7/libgnu'
make[3]: Leaving directory '/blfs/builds/libpaper-2.2.7/libgnu'
make[2]: Leaving directory '/blfs/builds/libpaper-2.2.7/libgnu'
make[1]: Leaving directory '/blfs/builds/libpaper-2.2.7/libgnu'
Making install in lib
make[1]: Entering directory '/blfs/builds/libpaper-2.2.7/lib'
make[2]: Entering directory '/blfs/builds/libpaper-2.2.7/lib'
 /usr/bin/mkdir -p '/pkgs/libpaper/usr/lib'
 /bin/sh ../libtool   --mode=install /usr/bin/install -c   libpaper.la '/pkgs/libpaper/usr/lib'
libtool: install: /usr/bin/install -c .libs/libpaper.so.2.2.7 /pkgs/libpaper/usr/lib/libpaper.so.2.2.7
libtool: install: (cd /pkgs/libpaper/usr/lib && { ln -s -f libpaper.so.2.2.7 libpaper.so.2 || { rm -f libpaper.so.2 && ln -s libpaper.so.2.2.7 libpaper.so.2; }; })
libtool: install: (cd /pkgs/libpaper/usr/lib && { ln -s -f libpaper.so.2.2.7 libpaper.so || { rm -f libpaper.so && ln -s libpaper.so.2.2.7 libpaper.so; }; })
libtool: install: /usr/bin/install -c .libs/libpaper.lai /pkgs/libpaper/usr/lib/libpaper.la
libtool: warning: remember to run 'libtool --finish /usr/lib'
 /usr/bin/mkdir -p '/pkgs/libpaper/etc'
 /usr/bin/install -c -m 644 paperspecs '/pkgs/libpaper/etc'
 /usr/bin/mkdir -p '/pkgs/libpaper/usr/include'
 /usr/bin/install -c -m 644 paper.h '/pkgs/libpaper/usr/include'
make[2]: Leaving directory '/blfs/builds/libpaper-2.2.7/lib'
make[1]: Leaving directory '/blfs/builds/libpaper-2.2.7/lib'
Making install in src
make[1]: Entering directory '/blfs/builds/libpaper-2.2.7/src'
Making install in libgnu
make[2]: Entering directory '/blfs/builds/libpaper-2.2.7/src/libgnu'
make  install-recursive
make[3]: Entering directory '/blfs/builds/libpaper-2.2.7/src/libgnu'
make[4]: Entering directory '/blfs/builds/libpaper-2.2.7/src/libgnu'
make[5]: Entering directory '/blfs/builds/libpaper-2.2.7/src/libgnu'
make[5]: Nothing to be done for 'install-exec-am'.
make[5]: Leaving directory '/blfs/builds/libpaper-2.2.7/src/libgnu'
make[4]: Leaving directory '/blfs/builds/libpaper-2.2.7/src/libgnu'
make[3]: Leaving directory '/blfs/builds/libpaper-2.2.7/src/libgnu'
make[2]: Leaving directory '/blfs/builds/libpaper-2.2.7/src/libgnu'
make[2]: Entering directory '/blfs/builds/libpaper-2.2.7/src'
make[3]: Entering directory '/blfs/builds/libpaper-2.2.7/src'
 /usr/bin/mkdir -p '/pkgs/libpaper/usr/bin'
  /bin/sh ../libtool   --mode=install /usr/bin/install -c paper paperconf '/pkgs/libpaper/usr/bin'
libtool: install: /usr/bin/install -c .libs/paper /pkgs/libpaper/usr/bin/paper
libtool: install: /usr/bin/install -c .libs/paperconf /pkgs/libpaper/usr/bin/paperconf
make[3]: Nothing to be done for 'install-data-am'.
make[3]: Leaving directory '/blfs/builds/libpaper-2.2.7/src'
make[2]: Leaving directory '/blfs/builds/libpaper-2.2.7/src'
make[1]: Leaving directory '/blfs/builds/libpaper-2.2.7/src'
Making install in man
make[1]: Entering directory '/blfs/builds/libpaper-2.2.7/man'
make[2]: Entering directory '/blfs/builds/libpaper-2.2.7/man'
make[2]: Nothing to be done for 'install-exec-am'.
 /usr/bin/mkdir -p '/pkgs/libpaper/usr/share/man/man1'
 /usr/bin/install -c -m 644 paper.1 '/pkgs/libpaper/usr/share/man/man1'
 /usr/bin/mkdir -p '/pkgs/libpaper/usr/share/man/man5'
 /usr/bin/install -c -m 644 paperspecs.5 '/pkgs/libpaper/usr/share/man/man5'
make[2]: Leaving directory '/blfs/builds/libpaper-2.2.7/man'
make[1]: Leaving directory '/blfs/builds/libpaper-2.2.7/man'
Making install in tests
make[1]: Entering directory '/blfs/builds/libpaper-2.2.7/tests'
make[2]: Entering directory '/blfs/builds/libpaper-2.2.7/tests'
make[2]: Nothing to be done for 'install-exec-am'.
make[2]: Nothing to be done for 'install-data-am'.
make[2]: Leaving directory '/blfs/builds/libpaper-2.2.7/tests'
make[1]: Leaving directory '/blfs/builds/libpaper-2.2.7/tests'
make[1]: Entering directory '/blfs/builds/libpaper-2.2.7'
make[2]: Entering directory '/blfs/builds/libpaper-2.2.7'
make[2]: Nothing to be done for 'install-exec-am'.
 /usr/bin/mkdir -p '/pkgs/libpaper/usr/share/doc/libpaper'
 /usr/bin/install -c -m 644 README.md '/pkgs/libpaper/usr/share/doc/libpaper'
make[2]: Leaving directory '/blfs/builds/libpaper-2.2.7'
make[1]: Leaving directory '/blfs/builds/libpaper-2.2.7'
Making install in libgnu
make[1]: Entering directory '/blfs/builds/libpaper-2.2.7/libgnu'
make  install-recursive
make[2]: Entering directory '/blfs/builds/libpaper-2.2.7/libgnu'
make[3]: Entering directory '/blfs/builds/libpaper-2.2.7/libgnu'
make[4]: Entering directory '/blfs/builds/libpaper-2.2.7/libgnu'
make[4]: Nothing to be done for 'install-exec-am'.
make[4]: Leaving directory '/blfs/builds/libpaper-2.2.7/libgnu'
make[3]: Leaving directory '/blfs/builds/libpaper-2.2.7/libgnu'
make[2]: Leaving directory '/blfs/builds/libpaper-2.2.7/libgnu'
make[1]: Leaving directory '/blfs/builds/libpaper-2.2.7/libgnu'
Making install in lib
make[1]: Entering directory '/blfs/builds/libpaper-2.2.7/lib'
make[2]: Entering directory '/blfs/builds/libpaper-2.2.7/lib'
 /usr/bin/mkdir -p '/usr/lib'
 /bin/sh ../libtool   --mode=install /usr/bin/install -c   libpaper.la '/usr/lib'
libtool: install: /usr/bin/install -c .libs/libpaper.so.2.2.7 /usr/lib/libpaper.so.2.2.7
libtool: install: (cd /usr/lib && { ln -s -f libpaper.so.2.2.7 libpaper.so.2 || { rm -f libpaper.so.2 && ln -s libpaper.so.2.2.7 libpaper.so.2; }; })
libtool: install: (cd /usr/lib && { ln -s -f libpaper.so.2.2.7 libpaper.so || { rm -f libpaper.so && ln -s libpaper.so.2.2.7 libpaper.so; }; })
libtool: install: /usr/bin/install -c .libs/libpaper.lai /usr/lib/libpaper.la
libtool: finish: PATH="/usr/sbin:/usr/bin:/sbin" ldconfig -n /usr/lib
----------------------------------------------------------------------
Libraries have been installed in:
   /usr/lib

If you ever happen to want to link against installed libraries
in a given directory, LIBDIR, you must either use libtool, and
specify the full pathname of the library, or use the '-LLIBDIR'
flag during linking and do at least one of the following:
   - add LIBDIR to the 'LD_LIBRARY_PATH' environment variable
     during execution
   - add LIBDIR to the 'LD_RUN_PATH' environment variable
     during linking
   - use the '-Wl,-rpath -Wl,LIBDIR' linker flag
   - have your system administrator add LIBDIR to '/etc/ld.so.conf'

See any operating system documentation about shared libraries for
more information, such as the ld(1) and ld.so(8) manual pages.
----------------------------------------------------------------------
 /usr/bin/mkdir -p '/etc'
 /usr/bin/install -c -m 644 paperspecs '/etc'
 /usr/bin/mkdir -p '/usr/include'
 /usr/bin/install -c -m 644 paper.h '/usr/include'
make[2]: Leaving directory '/blfs/builds/libpaper-2.2.7/lib'
make[1]: Leaving directory '/blfs/builds/libpaper-2.2.7/lib'
Making install in src
make[1]: Entering directory '/blfs/builds/libpaper-2.2.7/src'
Making install in libgnu
make[2]: Entering directory '/blfs/builds/libpaper-2.2.7/src/libgnu'
make  install-recursive
make[3]: Entering directory '/blfs/builds/libpaper-2.2.7/src/libgnu'
make[4]: Entering directory '/blfs/builds/libpaper-2.2.7/src/libgnu'
make[5]: Entering directory '/blfs/builds/libpaper-2.2.7/src/libgnu'
make[5]: Nothing to be done for 'install-exec-am'.
make[5]: Leaving directory '/blfs/builds/libpaper-2.2.7/src/libgnu'
make[4]: Leaving directory '/blfs/builds/libpaper-2.2.7/src/libgnu'
make[3]: Leaving directory '/blfs/builds/libpaper-2.2.7/src/libgnu'
make[2]: Leaving directory '/blfs/builds/libpaper-2.2.7/src/libgnu'
make[2]: Entering directory '/blfs/builds/libpaper-2.2.7/src'
make[3]: Entering directory '/blfs/builds/libpaper-2.2.7/src'
 /usr/bin/mkdir -p '/usr/bin'
  /bin/sh ../libtool   --mode=install /usr/bin/install -c paper paperconf '/usr/bin'
libtool: install: /usr/bin/install -c .libs/paper /usr/bin/paper
libtool: install: /usr/bin/install -c .libs/paperconf /usr/bin/paperconf
make[3]: Nothing to be done for 'install-data-am'.
make[3]: Leaving directory '/blfs/builds/libpaper-2.2.7/src'
make[2]: Leaving directory '/blfs/builds/libpaper-2.2.7/src'
make[1]: Leaving directory '/blfs/builds/libpaper-2.2.7/src'
Making install in man
make[1]: Entering directory '/blfs/builds/libpaper-2.2.7/man'
make[2]: Entering directory '/blfs/builds/libpaper-2.2.7/man'
make[2]: Nothing to be done for 'install-exec-am'.
 /usr/bin/mkdir -p '/usr/share/man/man1'
 /usr/bin/install -c -m 644 paper.1 '/usr/share/man/man1'
 /usr/bin/mkdir -p '/usr/share/man/man5'
 /usr/bin/install -c -m 644 paperspecs.5 '/usr/share/man/man5'
make[2]: Leaving directory '/blfs/builds/libpaper-2.2.7/man'
make[1]: Leaving directory '/blfs/builds/libpaper-2.2.7/man'
Making install in tests
make[1]: Entering directory '/blfs/builds/libpaper-2.2.7/tests'
make[2]: Entering directory '/blfs/builds/libpaper-2.2.7/tests'
make[2]: Nothing to be done for 'install-exec-am'.
make[2]: Nothing to be done for 'install-data-am'.
make[2]: Leaving directory '/blfs/builds/libpaper-2.2.7/tests'
make[1]: Leaving directory '/blfs/builds/libpaper-2.2.7/tests'
make[1]: Entering directory '/blfs/builds/libpaper-2.2.7'
make[2]: Entering directory '/blfs/builds/libpaper-2.2.7'
make[2]: Nothing to be done for 'install-exec-am'.
 /usr/bin/mkdir -p '/usr/share/doc/libpaper'
 /usr/bin/install -c -m 644 README.md '/usr/share/doc/libpaper'
make[2]: Leaving directory '/blfs/builds/libpaper-2.2.7'
make[1]: Leaving directory '/blfs/builds/libpaper-2.2.7'
libpaper/
libpaper/usr/
libpaper/usr/include/
libpaper/usr/include/paper.h
libpaper/usr/share/
libpaper/usr/share/doc/
libpaper/usr/share/doc/libpaper/
libpaper/usr/share/doc/libpaper/README.md
libpaper/usr/share/man/
libpaper/usr/share/man/man5/
libpaper/usr/share/man/man5/paperspecs.5
libpaper/usr/share/man/man1/
libpaper/usr/share/man/man1/paper.1
libpaper/usr/bin/
libpaper/usr/bin/paperconf
libpaper/usr/bin/paper
libpaper/usr/lib/
libpaper/usr/lib/libpaper.la
libpaper/usr/lib/libpaper.so.2.2.7
libpaper/usr/lib/libpaper.so
libpaper/usr/lib/libpaper.so.2
libpaper/etc/
libpaper/etc/paperspecs
libpaper/version
libpaper/depends
libpaper/make-depends
