--2025-11-17 08:38:52--  https://github.com/FreeGLUTProject/freeglut/releases/download/v3.8.0/freeglut-3.8.0.tar.gz
Resolving github.com (github.com)... 140.82.114.3
Connecting to github.com (github.com)|140.82.114.3|:443... connected.
HTTP request sent, awaiting response... 301 Moved Permanently
Location: https://github.com/freeglut/freeglut/releases/download/v3.8.0/freeglut-3.8.0.tar.gz [following]
--2025-11-17 08:38:52--  https://github.com/freeglut/freeglut/releases/download/v3.8.0/freeglut-3.8.0.tar.gz
Reusing existing connection to github.com:443.
HTTP request sent, awaiting response... 302 Found
Location: https://release-assets.githubusercontent.com/github-production-release-asset/9591436/cebcf76e-c4fd-467a-a0ce-208f955bdfd4?sp=r&sv=2018-11-09&sr=b&spr=https&se=2025-11-17T09%3A24%3A32Z&rscd=attachment%3B+filename%3Dfreeglut-3.8.0.tar.gz&rsct=application%2Foctet-stream&skoid=96c2d410-5711-43a1-aedd-ab1947aa7ab0&sktid=398a6654-997b-47e9-b12b-9515b896b4de&skt=2025-11-17T08%3A23%3A39Z&ske=2025-11-17T09%3A24%3A32Z&sks=b&skv=2018-11-09&sig=%2BE1fV6r%2B8FanQ%2FDLptDtsnkfUuUE%2FB%2FG8BAdL486WjY%3D&jwt=eyJ0eXAiOiJKV1QiLCJhbGciOiJIUzI1NiJ9.eyJpc3MiOiJnaXRodWIuY29tIiwiYXVkIjoicmVsZWFzZS1hc3NldHMuZ2l0aHVidXNlcmNvbnRlbnQuY29tIiwia2V5Ijoia2V5MSIsImV4cCI6MTc2MzM2OTAzMywibmJmIjoxNzYzMzY4NzMzLCJwYXRoIjoicmVsZWFzZWFzc2V0cHJvZHVjdGlvbi5ibG9iLmNvcmUud2luZG93cy5uZXQifQ.0k0XOeCQVvWij8-hzw2-ByvBlVcuKMJgQfzqZUWJRns&response-content-disposition=attachment%3B%20filename%3Dfreeglut-3.8.0.tar.gz&response-content-type=application%2Foctet-stream [following]
--2025-11-17 08:38:53--  https://release-assets.githubusercontent.com/github-production-release-asset/9591436/cebcf76e-c4fd-467a-a0ce-208f955bdfd4?sp=r&sv=2018-11-09&sr=b&spr=https&se=2025-11-17T09%3A24%3A32Z&rscd=attachment%3B+filename%3Dfreeglut-3.8.0.tar.gz&rsct=application%2Foctet-stream&skoid=96c2d410-5711-43a1-aedd-ab1947aa7ab0&sktid=398a6654-997b-47e9-b12b-9515b896b4de&skt=2025-11-17T08%3A23%3A39Z&ske=2025-11-17T09%3A24%3A32Z&sks=b&skv=2018-11-09&sig=%2BE1fV6r%2B8FanQ%2FDLptDtsnkfUuUE%2FB%2FG8BAdL486WjY%3D&jwt=eyJ0eXAiOiJKV1QiLCJhbGciOiJIUzI1NiJ9.eyJpc3MiOiJnaXRodWIuY29tIiwiYXVkIjoicmVsZWFzZS1hc3NldHMuZ2l0aHVidXNlcmNvbnRlbnQuY29tIiwia2V5Ijoia2V5MSIsImV4cCI6MTc2MzM2OTAzMywibmJmIjoxNzYzMzY4NzMzLCJwYXRoIjoicmVsZWFzZWFzc2V0cHJvZHVjdGlvbi5ibG9iLmNvcmUud2luZG93cy5uZXQifQ.0k0XOeCQVvWij8-hzw2-ByvBlVcuKMJgQfzqZUWJRns&response-content-disposition=attachment%3B%20filename%3Dfreeglut-3.8.0.tar.gz&response-content-type=application%2Foctet-stream
Resolving release-assets.githubusercontent.com (release-assets.githubusercontent.com)... 185.199.108.133, 185.199.110.133, 185.199.109.133, ...
Connecting to release-assets.githubusercontent.com (release-assets.githubusercontent.com)|185.199.108.133|:443... connected.
HTTP request sent, awaiting response... 200 OK
Length: 538754 (526K) [application/octet-stream]
Saving to: ‘freeglut-3.8.0.tar.gz’

     0K .......... .......... .......... .......... ..........  9% 5.69M 0s
    50K .......... .......... .......... .......... .......... 19% 30.2M 0s
   100K .......... .......... .......... .......... .......... 28% 13.8M 0s
   150K .......... .......... .......... .......... .......... 38% 14.1M 0s
   200K .......... .......... .......... .......... .......... 47% 13.1M 0s
   250K .......... .......... .......... .......... .......... 57%  139M 0s
   300K .......... .......... .......... .......... .......... 66% 11.9M 0s
   350K .......... .......... .......... .......... .......... 76% 13.6M 0s
   400K .......... .......... .......... .......... .......... 85%  203M 0s
   450K .......... .......... .......... .......... .......... 95% 91.1M 0s
   500K .......... .......... ......                          100% 8.74M=0.03s

2025-11-17 08:38:53 (15.7 MB/s) - ‘freeglut-3.8.0.tar.gz’ saved [538754/538754]

freeglut-3.8.0/
freeglut-3.8.0/.github/
freeglut-3.8.0/.github/workflows/
freeglut-3.8.0/.github/workflows/build_freebsd_x11.yml
freeglut-3.8.0/.github/workflows/build_gnulinux_x11.yml
freeglut-3.8.0/.github/workflows/build_macos_cocoa.yml
freeglut-3.8.0/.github/workflows/build_macos_x11.yml
freeglut-3.8.0/.github/workflows/build_win_mingw.yml
freeglut-3.8.0/.github/workflows/build_win_msvc.yml
freeglut-3.8.0/.github/workflows/build_win_msvc6.yml
freeglut-3.8.0/.gitignore
freeglut-3.8.0/AUTHORS
freeglut-3.8.0/CMakeLists.txt
freeglut-3.8.0/COPYING
freeglut-3.8.0/ChangeLog
freeglut-3.8.0/FreeGLUTConfig.cmake.in
freeglut-3.8.0/README.android
freeglut-3.8.0/README.blackberry
freeglut-3.8.0/README.cmake
freeglut-3.8.0/README.macos
freeglut-3.8.0/README.md
freeglut-3.8.0/README.mingw_cross
freeglut-3.8.0/README.ogc
freeglut-3.8.0/altbuild/
freeglut-3.8.0/altbuild/Makefile
freeglut-3.8.0/altbuild/README.md
freeglut-3.8.0/altbuild/config.h.irix5
freeglut-3.8.0/altbuild/config.h.irix6
freeglut-3.8.0/altbuild/config.h.msvc6
freeglut-3.8.0/altbuild/config.h.sol26
freeglut-3.8.0/altbuild/config.h.unix
freeglut-3.8.0/altbuild/demo.dsp
freeglut-3.8.0/altbuild/freeglut.dsp
freeglut-3.8.0/altbuild/freeglut.dsw
freeglut-3.8.0/altbuild/freeglut_static.dsp
freeglut-3.8.0/altbuild/freeglutdll.def
freeglut-3.8.0/android/
freeglut-3.8.0/android/Android.mk
freeglut-3.8.0/android/README
freeglut-3.8.0/android_toolchain.cmake
freeglut-3.8.0/blackberry.toolchain.cmake
freeglut-3.8.0/config.h.in
freeglut-3.8.0/doc/
freeglut-3.8.0/doc/api.md
freeglut-3.8.0/freeglut.pc.in
freeglut-3.8.0/freeglut.rc.in
freeglut-3.8.0/include/
freeglut-3.8.0/include/GL/
freeglut-3.8.0/include/GL/freeglut.h
freeglut-3.8.0/include/GL/freeglut_ext.h
freeglut-3.8.0/include/GL/freeglut_std.h
freeglut-3.8.0/include/GL/freeglut_ucall.h
freeglut-3.8.0/include/GL/glut.h
freeglut-3.8.0/man/
freeglut-3.8.0/man/LICENSE
freeglut-3.8.0/man/README
freeglut-3.8.0/man/glut.man
freeglut-3.8.0/man/glutAddMenuEntry.man
freeglut-3.8.0/man/glutAddSubMenu.man
freeglut-3.8.0/man/glutAttachMenu.man
freeglut-3.8.0/man/glutBitmapCharacter.man
freeglut-3.8.0/man/glutBitmapWidth.man
freeglut-3.8.0/man/glutButtonBoxFunc.man
freeglut-3.8.0/man/glutChangeToMenuEntry.man
freeglut-3.8.0/man/glutChangeToSubMenu.man
freeglut-3.8.0/man/glutCopyColormap.man
freeglut-3.8.0/man/glutCreateMenu.man
freeglut-3.8.0/man/glutCreateSubWindow.man
freeglut-3.8.0/man/glutCreateWindow.man
freeglut-3.8.0/man/glutDestroyMenu.man
freeglut-3.8.0/man/glutDestroyWindow.man
freeglut-3.8.0/man/glutDeviceGet.man
freeglut-3.8.0/man/glutDialsFunc.man
freeglut-3.8.0/man/glutDisplayFunc.man
freeglut-3.8.0/man/glutEnterGameMode.man
freeglut-3.8.0/man/glutEntryFunc.man
freeglut-3.8.0/man/glutEstablishOverlay.man
freeglut-3.8.0/man/glutExtensionSupported.man
freeglut-3.8.0/man/glutForceJoystickFunc.man
freeglut-3.8.0/man/glutFullScreen.man
freeglut-3.8.0/man/glutGameModeGet.man
freeglut-3.8.0/man/glutGameModeString.man
freeglut-3.8.0/man/glutGet.man
freeglut-3.8.0/man/glutGetColor.man
freeglut-3.8.0/man/glutGetModifiers.man
freeglut-3.8.0/man/glutIdleFunc.man
freeglut-3.8.0/man/glutIgnoreKeyRepeat.man
freeglut-3.8.0/man/glutInit.man
freeglut-3.8.0/man/glutInitDisplayMode.man
freeglut-3.8.0/man/glutInitDisplayString.man
freeglut-3.8.0/man/glutInitWindowPosition.man
freeglut-3.8.0/man/glutJoystickFunc.man
freeglut-3.8.0/man/glutKeyboardFunc.man
freeglut-3.8.0/man/glutKeyboardUpFunc.man
freeglut-3.8.0/man/glutLayerGet.man
freeglut-3.8.0/man/glutMainLoop.man
freeglut-3.8.0/man/glutMenuStatusFunc.man
freeglut-3.8.0/man/glutMotionFunc.man
freeglut-3.8.0/man/glutMouseFunc.man
freeglut-3.8.0/man/glutOverlayDisplayFunc.man
freeglut-3.8.0/man/glutPopWindow.man
freeglut-3.8.0/man/glutPositionWindow.man
freeglut-3.8.0/man/glutPostOverlayRedisplay.man
freeglut-3.8.0/man/glutPostRedisplay.man
freeglut-3.8.0/man/glutRemoveMenuItem.man
freeglut-3.8.0/man/glutRemoveOverlay.man
freeglut-3.8.0/man/glutReportErrors.man
freeglut-3.8.0/man/glutReshapeFunc.man
freeglut-3.8.0/man/glutReshapeWindow.man
freeglut-3.8.0/man/glutSetColor.man
freeglut-3.8.0/man/glutSetCursor.man
freeglut-3.8.0/man/glutSetKeyRepeat.man
freeglut-3.8.0/man/glutSetMenu.man
freeglut-3.8.0/man/glutSetWindow.man
freeglut-3.8.0/man/glutSetWindowTitle.man
freeglut-3.8.0/man/glutShowOverlay.man
freeglut-3.8.0/man/glutShowWindow.man
freeglut-3.8.0/man/glutSolidCone.man
freeglut-3.8.0/man/glutSolidCube.man
freeglut-3.8.0/man/glutSolidDodecahedron.man
freeglut-3.8.0/man/glutSolidIcosahedron.man
freeglut-3.8.0/man/glutSolidOctahedron.man
freeglut-3.8.0/man/glutSolidSphere.man
freeglut-3.8.0/man/glutSolidTeapot.man
freeglut-3.8.0/man/glutSolidTetrahedron.man
freeglut-3.8.0/man/glutSolidTorus.man
freeglut-3.8.0/man/glutSpaceballButtonFunc.man
freeglut-3.8.0/man/glutSpaceballMotionFunc.man
freeglut-3.8.0/man/glutSpaceballRotateFunc.man
freeglut-3.8.0/man/glutSpecialFunc.man
freeglut-3.8.0/man/glutSpecialUpFunc.man
freeglut-3.8.0/man/glutStrokeCharacter.man
freeglut-3.8.0/man/glutStrokeWidth.man
freeglut-3.8.0/man/glutSwapBuffers.man
freeglut-3.8.0/man/glutSwapInterval.man
freeglut-3.8.0/man/glutTabletButtonFunc.man
freeglut-3.8.0/man/glutTabletMotionFunc.man
freeglut-3.8.0/man/glutTimerFunc.man
freeglut-3.8.0/man/glutUseLayer.man
freeglut-3.8.0/man/glutVideoResizeGet.man
freeglut-3.8.0/man/glutVisibilityFunc.man
freeglut-3.8.0/man/glutWarpPointer.man
freeglut-3.8.0/man/glutWindowStatusFunc.man
freeglut-3.8.0/mingw_cross_toolchain.cmake
freeglut-3.8.0/progs/
freeglut-3.8.0/progs/demos/
freeglut-3.8.0/progs/demos/3dview/
freeglut-3.8.0/progs/demos/3dview/3dview.c
freeglut-3.8.0/progs/demos/CallbackMaker/
freeglut-3.8.0/progs/demos/CallbackMaker/CallbackMaker.c
freeglut-3.8.0/progs/demos/Fractals/
freeglut-3.8.0/progs/demos/Fractals/fractals.c
freeglut-3.8.0/progs/demos/Fractals/fractals.dat
freeglut-3.8.0/progs/demos/Fractals_random/
freeglut-3.8.0/progs/demos/Fractals_random/fractals.dat
freeglut-3.8.0/progs/demos/Fractals_random/fractals_random.c
freeglut-3.8.0/progs/demos/Lorenz/
freeglut-3.8.0/progs/demos/Lorenz/lorenz.c
freeglut-3.8.0/progs/demos/One/
freeglut-3.8.0/progs/demos/One/objects.ico
freeglut-3.8.0/progs/demos/One/one.c
freeglut-3.8.0/progs/demos/One/one.rc
freeglut-3.8.0/progs/demos/accum/
freeglut-3.8.0/progs/demos/accum/accum.c
freeglut-3.8.0/progs/demos/indexed_color/
freeglut-3.8.0/progs/demos/indexed_color/idxcol.c
freeglut-3.8.0/progs/demos/init_error_func/
freeglut-3.8.0/progs/demos/init_error_func/init_error_func.c
freeglut-3.8.0/progs/demos/joystick/
freeglut-3.8.0/progs/demos/joystick/joystick.c
freeglut-3.8.0/progs/demos/keyboard/
freeglut-3.8.0/progs/demos/keyboard/keyboard.c
freeglut-3.8.0/progs/demos/multi-touch/
freeglut-3.8.0/progs/demos/multi-touch/multi-touch.c
freeglut-3.8.0/progs/demos/resizer/
freeglut-3.8.0/progs/demos/resizer/resizer.c
freeglut-3.8.0/progs/demos/shapes/
freeglut-3.8.0/progs/demos/shapes/glmatrix.c
freeglut-3.8.0/progs/demos/shapes/glmatrix.h
freeglut-3.8.0/progs/demos/shapes/shapes.c
freeglut-3.8.0/progs/demos/smooth_opengl3/
freeglut-3.8.0/progs/demos/smooth_opengl3/smooth_opengl3.c
freeglut-3.8.0/progs/demos/spaceball/
freeglut-3.8.0/progs/demos/spaceball/spaceball.c
freeglut-3.8.0/progs/demos/spaceball/vmath.c
freeglut-3.8.0/progs/demos/spaceball/vmath.h
freeglut-3.8.0/progs/demos/spaceball/vmath.inl
freeglut-3.8.0/progs/demos/subwin/
freeglut-3.8.0/progs/demos/subwin/subwin.c
freeglut-3.8.0/progs/demos/timer/
freeglut-3.8.0/progs/demos/timer/timer.c
freeglut-3.8.0/progs/demos/timer_callback/
freeglut-3.8.0/progs/demos/timer_callback/timer.c
freeglut-3.8.0/progs/demos/vsync/
freeglut-3.8.0/progs/demos/vsync/vsync.c
freeglut-3.8.0/progs/demos/windows/
freeglut-3.8.0/progs/demos/windows/windows.c
freeglut-3.8.0/progs/docutil/
freeglut-3.8.0/progs/docutil/README.md
freeglut-3.8.0/progs/docutil/README_html2md.md
freeglut-3.8.0/progs/docutil/README_md2html.md
freeglut-3.8.0/progs/docutil/html2md.c
freeglut-3.8.0/progs/docutil/md2html.c
freeglut-3.8.0/progs/docutil/update_man_license.sh
freeglut-3.8.0/progs/test-shapes-gles1/
freeglut-3.8.0/progs/test-shapes-gles1/AndroidManifest.xml
freeglut-3.8.0/progs/test-shapes-gles1/CMakeLists.txt
freeglut-3.8.0/progs/test-shapes-gles1/android_toolchain.cmake
freeglut-3.8.0/progs/test-shapes-gles1/ndk/
freeglut-3.8.0/progs/test-shapes-gles1/ndk/AndroidManifest.xml
freeglut-3.8.0/progs/test-shapes-gles1/ndk/jni/
freeglut-3.8.0/progs/test-shapes-gles1/ndk/jni/Android.mk
freeglut-3.8.0/progs/test-shapes-gles1/ndk/jni/Application.mk
freeglut-3.8.0/progs/test-shapes-gles1/test-shapes-gles1.c
freeglut-3.8.0/src/
freeglut-3.8.0/src/android/
freeglut-3.8.0/src/android/fg_cursor_android.c
freeglut-3.8.0/src/android/fg_ext_android.c
freeglut-3.8.0/src/android/fg_gamemode_android.c
freeglut-3.8.0/src/android/fg_init_android.c
freeglut-3.8.0/src/android/fg_input_devices_android.c
freeglut-3.8.0/src/android/fg_internal_android.h
freeglut-3.8.0/src/android/fg_joystick_android.c
freeglut-3.8.0/src/android/fg_main_android.c
freeglut-3.8.0/src/android/fg_main_android.h
freeglut-3.8.0/src/android/fg_runtime_android.c
freeglut-3.8.0/src/android/fg_spaceball_android.c
freeglut-3.8.0/src/android/fg_state_android.c
freeglut-3.8.0/src/android/fg_structure_android.c
freeglut-3.8.0/src/android/fg_window_android.c
freeglut-3.8.0/src/android/native_app_glue/
freeglut-3.8.0/src/android/native_app_glue/README
freeglut-3.8.0/src/android/native_app_glue/android_native_app_glue.c
freeglut-3.8.0/src/android/native_app_glue/android_native_app_glue.h
freeglut-3.8.0/src/blackberry/
freeglut-3.8.0/src/blackberry/fg_init_blackberry.c
freeglut-3.8.0/src/blackberry/fg_internal_blackberry.h
freeglut-3.8.0/src/blackberry/fg_main_blackberry.c
freeglut-3.8.0/src/blackberry/fg_state_blackberry.c
freeglut-3.8.0/src/blackberry/fg_structure_blackberry.c
freeglut-3.8.0/src/blackberry/fg_window_blackberry.c
freeglut-3.8.0/src/cocoa/
freeglut-3.8.0/src/cocoa/fg_cmap_cocoa.m
freeglut-3.8.0/src/cocoa/fg_cursor_cocoa.m
freeglut-3.8.0/src/cocoa/fg_display_cocoa.m
freeglut-3.8.0/src/cocoa/fg_ext_cocoa.c
freeglut-3.8.0/src/cocoa/fg_gamemode_cocoa.m
freeglut-3.8.0/src/cocoa/fg_glut_definitions_cocoa.c
freeglut-3.8.0/src/cocoa/fg_init_cocoa.m
freeglut-3.8.0/src/cocoa/fg_input_devices_cocoa.c
freeglut-3.8.0/src/cocoa/fg_internal_cocoa.h
freeglut-3.8.0/src/cocoa/fg_joystick_cocoa.m
freeglut-3.8.0/src/cocoa/fg_main_cocoa.m
freeglut-3.8.0/src/cocoa/fg_spaceball_cocoa.m
freeglut-3.8.0/src/cocoa/fg_state_cocoa.m
freeglut-3.8.0/src/cocoa/fg_structure_cocoa.c
freeglut-3.8.0/src/cocoa/fg_window_cocoa.m
freeglut-3.8.0/src/egl/
freeglut-3.8.0/src/egl/fg_display_egl.c
freeglut-3.8.0/src/egl/fg_ext_egl.c
freeglut-3.8.0/src/egl/fg_init_egl.c
freeglut-3.8.0/src/egl/fg_init_egl.h
freeglut-3.8.0/src/egl/fg_internal_egl.h
freeglut-3.8.0/src/egl/fg_state_egl.c
freeglut-3.8.0/src/egl/fg_state_egl.h
freeglut-3.8.0/src/egl/fg_structure_egl.c
freeglut-3.8.0/src/egl/fg_structure_egl.h
freeglut-3.8.0/src/egl/fg_window_egl.c
freeglut-3.8.0/src/egl/fg_window_egl.h
freeglut-3.8.0/src/fg_callback_macros.h
freeglut-3.8.0/src/fg_callbacks.c
freeglut-3.8.0/src/fg_cursor.c
freeglut-3.8.0/src/fg_display.c
freeglut-3.8.0/src/fg_ext.c
freeglut-3.8.0/src/fg_font.c
freeglut-3.8.0/src/fg_font_data.c
freeglut-3.8.0/src/fg_gamemode.c
freeglut-3.8.0/src/fg_geometry.c
freeglut-3.8.0/src/fg_gl2.c
freeglut-3.8.0/src/fg_gl2.h
freeglut-3.8.0/src/fg_init.c
freeglut-3.8.0/src/fg_init.h
freeglut-3.8.0/src/fg_input_devices.c
freeglut-3.8.0/src/fg_internal.h
freeglut-3.8.0/src/fg_joystick.c
freeglut-3.8.0/src/fg_main.c
freeglut-3.8.0/src/fg_menu.c
freeglut-3.8.0/src/fg_misc.c
freeglut-3.8.0/src/fg_overlay.c
freeglut-3.8.0/src/fg_spaceball.c
freeglut-3.8.0/src/fg_state.c
freeglut-3.8.0/src/fg_stroke_mono_roman.c
freeglut-3.8.0/src/fg_stroke_roman.c
freeglut-3.8.0/src/fg_structure.c
freeglut-3.8.0/src/fg_teapot.c
freeglut-3.8.0/src/fg_teapot_data.h
freeglut-3.8.0/src/fg_version.h
freeglut-3.8.0/src/fg_version.h.in
freeglut-3.8.0/src/fg_videoresize.c
freeglut-3.8.0/src/fg_window.c
freeglut-3.8.0/src/freeglutdll.def.in
freeglut-3.8.0/src/gles_stubs.c
freeglut-3.8.0/src/mswin/
freeglut-3.8.0/src/mswin/fg_cmap_mswin.c
freeglut-3.8.0/src/mswin/fg_cursor_mswin.c
freeglut-3.8.0/src/mswin/fg_display_mswin.c
freeglut-3.8.0/src/mswin/fg_ext_mswin.c
freeglut-3.8.0/src/mswin/fg_gamemode_mswin.c
freeglut-3.8.0/src/mswin/fg_init_mswin.c
freeglut-3.8.0/src/mswin/fg_input_devices_mswin.c
freeglut-3.8.0/src/mswin/fg_internal_mswin.h
freeglut-3.8.0/src/mswin/fg_joystick_mswin.c
freeglut-3.8.0/src/mswin/fg_main_mswin.c
freeglut-3.8.0/src/mswin/fg_menu_mswin.c
freeglut-3.8.0/src/mswin/fg_spaceball_mswin.c
freeglut-3.8.0/src/mswin/fg_state_mswin.c
freeglut-3.8.0/src/mswin/fg_structure_mswin.c
freeglut-3.8.0/src/mswin/fg_window_mswin.c
freeglut-3.8.0/src/ogc/
freeglut-3.8.0/src/ogc/fg_common_ogc.h
freeglut-3.8.0/src/ogc/fg_cursor_ogc.c
freeglut-3.8.0/src/ogc/fg_cursor_ogc.h
freeglut-3.8.0/src/ogc/fg_display_ogc.c
freeglut-3.8.0/src/ogc/fg_ext_ogc.c
freeglut-3.8.0/src/ogc/fg_gamemode_ogc.c
freeglut-3.8.0/src/ogc/fg_init_ogc.c
freeglut-3.8.0/src/ogc/fg_input_devices_ogc.c
freeglut-3.8.0/src/ogc/fg_internal_ogc.h
freeglut-3.8.0/src/ogc/fg_joystick_ogc.c
freeglut-3.8.0/src/ogc/fg_main_ogc.c
freeglut-3.8.0/src/ogc/fg_state_ogc.c
freeglut-3.8.0/src/ogc/fg_structure_ogc.c
freeglut-3.8.0/src/ogc/fg_window_ogc.c
freeglut-3.8.0/src/util/
freeglut-3.8.0/src/util/xparsegeometry_repl.c
freeglut-3.8.0/src/util/xparsegeometry_repl.h
freeglut-3.8.0/src/wayland/
freeglut-3.8.0/src/wayland/fg_cursor_wl.c
freeglut-3.8.0/src/wayland/fg_ext_wl.c
freeglut-3.8.0/src/wayland/fg_gamemode_wl.c
freeglut-3.8.0/src/wayland/fg_init_wl.c
freeglut-3.8.0/src/wayland/fg_input_devices_wl.c
freeglut-3.8.0/src/wayland/fg_internal_wl.h
freeglut-3.8.0/src/wayland/fg_main_wl.c
freeglut-3.8.0/src/wayland/fg_state_wl.c
freeglut-3.8.0/src/wayland/fg_structure_wl.c
freeglut-3.8.0/src/wayland/fg_window_wl.c
freeglut-3.8.0/src/x11/
freeglut-3.8.0/src/x11/fg_cmap_x11.c
freeglut-3.8.0/src/x11/fg_cursor_x11.c
freeglut-3.8.0/src/x11/fg_display_x11_glx.c
freeglut-3.8.0/src/x11/fg_ext_x11.c
freeglut-3.8.0/src/x11/fg_gamemode_x11.c
freeglut-3.8.0/src/x11/fg_glutfont_definitions_x11.c
freeglut-3.8.0/src/x11/fg_init_x11.c
freeglut-3.8.0/src/x11/fg_input_devices_x11.c
freeglut-3.8.0/src/x11/fg_internal_x11.h
freeglut-3.8.0/src/x11/fg_internal_x11_glx.h
freeglut-3.8.0/src/x11/fg_joystick_x11.c
freeglut-3.8.0/src/x11/fg_main_x11.c
freeglut-3.8.0/src/x11/fg_menu_x11.c
freeglut-3.8.0/src/x11/fg_spaceball_x11.c
freeglut-3.8.0/src/x11/fg_state_x11.c
freeglut-3.8.0/src/x11/fg_state_x11_glx.c
freeglut-3.8.0/src/x11/fg_state_x11_glx.h
freeglut-3.8.0/src/x11/fg_structure_x11.c
freeglut-3.8.0/src/x11/fg_window_x11.c
freeglut-3.8.0/src/x11/fg_window_x11_glx.c
freeglut-3.8.0/src/x11/fg_window_x11_glx.h
freeglut-3.8.0/src/x11/fg_xinput_x11.c
-- The C compiler identification is GNU 15.2.0
-- Detecting C compiler ABI info
-- Detecting C compiler ABI info - done
-- Check for working C compiler: /usr/bin/cc - skipped
-- Detecting C compile features
-- Detecting C compile features - done
-- Found X11: /usr/include
-- Looking for XOpenDisplay in /usr/lib/libX11.so;/usr/lib/libXext.so
-- Looking for XOpenDisplay in /usr/lib/libX11.so;/usr/lib/libXext.so - found
-- Looking for gethostbyname
-- Looking for gethostbyname - found
-- Looking for connect
-- Looking for connect - found
-- Looking for remove
-- Looking for remove - found
-- Looking for shmat
-- Looking for shmat - found
-- Looking for IceConnectionNumber in ICE
-- Looking for IceConnectionNumber in ICE - found
-- Looking for include file /usr/include/X11/extensions/XInput2.h
-- Looking for include file /usr/include/X11/extensions/XInput2.h - found
-- Found OpenGL: /usr/lib/libOpenGL.so  found components: OpenGL
-- Looking for include file sys/types.h
-- Looking for include file sys/types.h - found
-- Looking for include file unistd.h
-- Looking for include file unistd.h - found
-- Looking for include file sys/time.h
-- Looking for include file sys/time.h - found
-- Looking for include file stdbool.h
-- Looking for include file stdbool.h - found
-- Looking for include file sys/param.h
-- Looking for include file sys/param.h - found
-- Looking for include file sys/ioctl.h
-- Looking for include file sys/ioctl.h - found
-- Looking for include file fcntl.h
-- Looking for include file fcntl.h - found
-- Looking for include file usbhid.h
-- Looking for include file usbhid.h - not found
-- Looking for gettimeofday
-- Looking for gettimeofday - found
-- Looking for XParseGeometry
-- Looking for XParseGeometry - not found
-- Looking for include file stdint.h
-- Looking for include file stdint.h - found
-- Looking for include file inttypes.h
-- Looking for include file inttypes.h - found
-- Including GLUT man pages by Mark Kilgard with permission
-- Configuring done (1.8s)
-- Generating done (0.2s)
-- Build files have been written to: /blfs/builds/freeglut-3.8.0/build
[  0%] Building C object CMakeFiles/freeglut.dir/src/fg_callbacks.c.o
[  1%] Building C object CMakeFiles/freeglut.dir/src/fg_display.c.o
[  1%] Building C object CMakeFiles/freeglut_static.dir/src/fg_display.c.o
[  1%] Building C object CMakeFiles/freeglut_static.dir/src/fg_font_data.c.o
[  2%] Building C object CMakeFiles/freeglut_static.dir/src/fg_callbacks.c.o
[  3%] Building C object CMakeFiles/freeglut.dir/src/fg_cursor.c.o
[  3%] Building C object CMakeFiles/freeglut.dir/src/fg_ext.c.o
[  5%] Building C object CMakeFiles/freeglut_static.dir/src/fg_ext.c.o
[  5%] Building C object CMakeFiles/freeglut_static.dir/src/fg_cursor.c.o
[  6%] Building C object CMakeFiles/freeglut.dir/src/fg_font_data.c.o
[  6%] Building C object CMakeFiles/freeglut.dir/src/fg_gamemode.c.o
[  7%] Building C object CMakeFiles/freeglut.dir/src/fg_geometry.c.o
[  7%] Building C object CMakeFiles/freeglut.dir/src/fg_gl2.c.o
[  8%] Building C object CMakeFiles/freeglut_static.dir/src/fg_gamemode.c.o
[  9%] Building C object CMakeFiles/freeglut.dir/src/fg_init.c.o
[  9%] Building C object CMakeFiles/freeglut_static.dir/src/fg_geometry.c.o
[ 10%] Building C object CMakeFiles/freeglut_static.dir/src/fg_gl2.c.o
[ 11%] Building C object CMakeFiles/freeglut_static.dir/src/fg_init.c.o
[ 12%] Building C object CMakeFiles/freeglut.dir/src/fg_input_devices.c.o
[ 12%] Building C object CMakeFiles/freeglut.dir/src/fg_joystick.c.o
[ 12%] Building C object CMakeFiles/freeglut_static.dir/src/fg_input_devices.c.o
[ 13%] Building C object CMakeFiles/freeglut.dir/src/fg_main.c.o
[ 14%] Building C object CMakeFiles/freeglut_static.dir/src/fg_joystick.c.o
/blfs/builds/freeglut-3.8.0/src/fg_geometry.c: In function ‘fghGenerateGeometryWithIndexArray’:
/blfs/builds/freeglut-3.8.0/src/fg_geometry.c:759:13: warning: ‘numEdgeIdxPerFace’ may be used uninitialized [-Wmaybe-uninitialized]
  759 |     int i,j,numEdgeIdxPerFace;
      |             ^~~~~~~~~~~~~~~~~
[ 14%] Building C object CMakeFiles/freeglut_static.dir/src/fg_main.c.o
[ 14%] Building C object CMakeFiles/freeglut.dir/src/fg_misc.c.o
/blfs/builds/freeglut-3.8.0/src/fg_geometry.c: In function ‘fghGenerateGeometryWithIndexArray’:
/blfs/builds/freeglut-3.8.0/src/fg_geometry.c:759:13: warning: ‘numEdgeIdxPerFace’ may be used uninitialized [-Wmaybe-uninitialized]
  759 |     int i,j,numEdgeIdxPerFace;
      |             ^~~~~~~~~~~~~~~~~
[ 15%] Building C object CMakeFiles/freeglut.dir/src/fg_overlay.c.o
[ 16%] Building C object CMakeFiles/freeglut_static.dir/src/fg_misc.c.o
[ 17%] Building C object CMakeFiles/freeglut.dir/src/fg_spaceball.c.o
[ 18%] Building C object CMakeFiles/freeglut_static.dir/src/fg_overlay.c.o
[ 18%] Building C object CMakeFiles/freeglut_static.dir/src/fg_spaceball.c.o
[ 18%] Building C object CMakeFiles/freeglut.dir/src/fg_state.c.o
[ 19%] Building C object CMakeFiles/freeglut.dir/src/fg_stroke_mono_roman.c.o
[ 19%] Building C object CMakeFiles/freeglut.dir/src/fg_stroke_roman.c.o
[ 20%] Building C object CMakeFiles/freeglut_static.dir/src/fg_state.c.o
[ 21%] Building C object CMakeFiles/freeglut.dir/src/fg_structure.c.o
[ 21%] Building C object CMakeFiles/freeglut.dir/src/fg_teapot.c.o
[ 21%] Building C object CMakeFiles/freeglut_static.dir/src/fg_stroke_mono_roman.c.o
[ 22%] Building C object CMakeFiles/freeglut_static.dir/src/fg_stroke_roman.c.o
[ 23%] Building C object CMakeFiles/freeglut.dir/src/fg_videoresize.c.o
[ 23%] Building C object CMakeFiles/freeglut_static.dir/src/fg_structure.c.o
[ 24%] Building C object CMakeFiles/freeglut.dir/src/fg_window.c.o
[ 24%] Building C object CMakeFiles/freeglut.dir/src/fg_font.c.o
[ 25%] Building C object CMakeFiles/freeglut.dir/src/fg_menu.c.o
[ 25%] Building C object CMakeFiles/freeglut.dir/src/x11/fg_cursor_x11.c.o
[ 26%] Building C object CMakeFiles/freeglut_static.dir/src/fg_teapot.c.o
[ 27%] Building C object CMakeFiles/freeglut_static.dir/src/fg_videoresize.c.o
[ 28%] Building C object CMakeFiles/freeglut.dir/src/x11/fg_ext_x11.c.o
[ 28%] Building C object CMakeFiles/freeglut.dir/src/x11/fg_gamemode_x11.c.o
[ 28%] Building C object CMakeFiles/freeglut_static.dir/src/fg_window.c.o
[ 29%] Building C object CMakeFiles/freeglut_static.dir/src/fg_font.c.o
[ 29%] Building C object CMakeFiles/freeglut_static.dir/src/fg_menu.c.o
[ 30%] Building C object CMakeFiles/freeglut.dir/src/x11/fg_glutfont_definitions_x11.c.o
[ 31%] Building C object CMakeFiles/freeglut.dir/src/x11/fg_init_x11.c.o
[ 32%] Building C object CMakeFiles/freeglut_static.dir/src/x11/fg_cursor_x11.c.o
[ 32%] Building C object CMakeFiles/freeglut_static.dir/src/x11/fg_ext_x11.c.o
[ 33%] Building C object CMakeFiles/freeglut_static.dir/src/x11/fg_gamemode_x11.c.o
[ 33%] Building C object CMakeFiles/freeglut.dir/src/x11/fg_input_devices_x11.c.o
[ 34%] Building C object CMakeFiles/freeglut_static.dir/src/x11/fg_glutfont_definitions_x11.c.o
[ 34%] Building C object CMakeFiles/freeglut_static.dir/src/x11/fg_init_x11.c.o
[ 34%] Building C object CMakeFiles/freeglut.dir/src/x11/fg_main_x11.c.o
[ 35%] Building C object CMakeFiles/freeglut.dir/src/x11/fg_joystick_x11.c.o
[ 36%] Building C object CMakeFiles/freeglut.dir/src/x11/fg_menu_x11.c.o
[ 37%] Building C object CMakeFiles/freeglut_static.dir/src/x11/fg_input_devices_x11.c.o
[ 38%] Building C object CMakeFiles/freeglut.dir/src/x11/fg_spaceball_x11.c.o
[ 38%] Building C object CMakeFiles/freeglut_static.dir/src/x11/fg_joystick_x11.c.o
[ 38%] Building C object CMakeFiles/freeglut.dir/src/x11/fg_state_x11.c.o
[ 39%] Building C object CMakeFiles/freeglut_static.dir/src/x11/fg_main_x11.c.o
[ 40%] Building C object CMakeFiles/freeglut.dir/src/x11/fg_structure_x11.c.o
[ 40%] Building C object CMakeFiles/freeglut.dir/src/x11/fg_window_x11.c.o
[ 41%] Building C object CMakeFiles/freeglut_static.dir/src/x11/fg_menu_x11.c.o
[ 41%] Building C object CMakeFiles/freeglut_static.dir/src/x11/fg_spaceball_x11.c.o
[ 42%] Building C object CMakeFiles/freeglut_static.dir/src/x11/fg_state_x11.c.o
[ 42%] Building C object CMakeFiles/freeglut_static.dir/src/x11/fg_structure_x11.c.o
[ 43%] Building C object CMakeFiles/freeglut_static.dir/src/x11/fg_window_x11.c.o
[ 43%] Building C object CMakeFiles/freeglut_static.dir/src/x11/fg_xinput_x11.c.o
[ 44%] Building C object CMakeFiles/freeglut_static.dir/src/x11/fg_cmap_x11.c.o
[ 45%] Building C object CMakeFiles/freeglut.dir/src/x11/fg_xinput_x11.c.o
[ 45%] Building C object CMakeFiles/freeglut.dir/src/x11/fg_cmap_x11.c.o
[ 46%] Building C object CMakeFiles/freeglut_static.dir/src/x11/fg_display_x11_glx.c.o
[ 47%] Building C object CMakeFiles/freeglut.dir/src/x11/fg_display_x11_glx.c.o
[ 48%] Building C object CMakeFiles/freeglut.dir/src/x11/fg_state_x11_glx.c.o
[ 48%] Building C object CMakeFiles/freeglut.dir/src/x11/fg_window_x11_glx.c.o
[ 49%] Building C object CMakeFiles/freeglut.dir/src/util/xparsegeometry_repl.c.o
[ 49%] Building C object CMakeFiles/freeglut_static.dir/src/x11/fg_state_x11_glx.c.o
[ 50%] Building C object CMakeFiles/freeglut_static.dir/src/x11/fg_window_x11_glx.c.o
[ 50%] Building C object CMakeFiles/freeglut_static.dir/src/util/xparsegeometry_repl.c.o
[ 51%] Linking C static library lib/libglut.a
[ 51%] Linking C shared library lib/libglut.so
[ 51%] Built target freeglut_static
[ 54%] Building C object CMakeFiles/One_static.dir/progs/demos/One/one.c.o
[ 54%] Building C object CMakeFiles/smooth_opengl3_static.dir/progs/demos/smooth_opengl3/smooth_opengl3.c.o
[ 54%] Building C object CMakeFiles/Fractals_static.dir/progs/demos/Fractals/fractals.c.o
[ 54%] Building C object CMakeFiles/CallbackMaker_static.dir/progs/demos/CallbackMaker/CallbackMaker.c.o
[ 57%] Building C object CMakeFiles/Fractals_random_static.dir/progs/demos/Fractals_random/fractals_random.c.o
[ 57%] Building C object CMakeFiles/Lorenz_static.dir/progs/demos/Lorenz/lorenz.c.o
[ 57%] Building C object CMakeFiles/resizer_static.dir/progs/demos/resizer/resizer.c.o
[ 59%] Building C object CMakeFiles/multi-touch_static.dir/progs/demos/multi-touch/multi-touch.c.o
[ 59%] Building C object CMakeFiles/shapes_static.dir/progs/demos/shapes/shapes.c.o
[ 59%] Built target freeglut
[ 59%] Building C object CMakeFiles/shapes_static.dir/progs/demos/shapes/glmatrix.c.o
[ 59%] Linking C executable bin/One_static
[ 59%] Linking C executable bin/smooth_opengl3_static
[ 60%] Linking C executable bin/Fractals_static
[ 60%] Linking C executable bin/multi-touch_static
[ 61%] Linking C executable bin/resizer_static
[ 62%] Linking C executable bin/Fractals_random_static
[ 63%] Building C object CMakeFiles/spaceball_static.dir/progs/demos/spaceball/spaceball.c.o
[ 63%] Linking C executable bin/Lorenz_static
[ 63%] Linking C executable bin/CallbackMaker_static
[ 63%] Built target Fractals_static
[ 63%] Built target One_static
[ 63%] Building C object CMakeFiles/spaceball_static.dir/progs/demos/spaceball/vmath.c.o
[ 64%] Building C object CMakeFiles/joystick.dir/progs/demos/joystick/joystick.c.o
[ 64%] Built target multi-touch_static
[ 64%] Built target smooth_opengl3_static
[ 65%] Building C object CMakeFiles/joystick_static.dir/progs/demos/joystick/joystick.c.o
[ 65%] Building C object CMakeFiles/subwin.dir/progs/demos/subwin/subwin.c.o
[ 66%] Building C object CMakeFiles/subwin_static.dir/progs/demos/subwin/subwin.c.o
[ 66%] Built target resizer_static
[ 66%] Built target Lorenz_static
[ 67%] Building C object CMakeFiles/timer.dir/progs/demos/timer/timer.c.o
[ 67%] Building C object CMakeFiles/timer_static.dir/progs/demos/timer/timer.c.o
[ 67%] Built target CallbackMaker_static
[ 68%] Building C object CMakeFiles/timer_callback.dir/progs/demos/timer_callback/timer.c.o
[ 69%] Linking C executable bin/shapes_static
[ 69%] Built target Fractals_random_static
[ 70%] Linking C executable bin/spaceball_static
[ 70%] Building C object CMakeFiles/timer_callback_static.dir/progs/demos/timer_callback/timer.c.o
[ 70%] Linking C executable bin/joystick
[ 71%] Linking C executable bin/subwin
[ 71%] Linking C executable bin/subwin_static
[ 71%] Linking C executable bin/timer
[ 72%] Linking C executable bin/timer_static
[ 73%] Linking C executable bin/timer_callback
[ 73%] Built target joystick
[ 74%] Linking C executable bin/joystick_static
[ 74%] Built target subwin
[ 74%] Building C object CMakeFiles/keyboard.dir/progs/demos/keyboard/keyboard.c.o
[ 74%] Building C object CMakeFiles/keyboard_static.dir/progs/demos/keyboard/keyboard.c.o
[ 74%] Built target shapes_static
[ 74%] Built target subwin_static
[ 74%] Built target timer
[ 75%] Linking C executable bin/timer_callback_static
[ 76%] Building C object CMakeFiles/indexed_color_static.dir/progs/demos/indexed_color/idxcol.c.o
[ 77%] Building C object CMakeFiles/indexed_color.dir/progs/demos/indexed_color/idxcol.c.o
[ 77%] Built target spaceball_static
[ 77%] Building C object CMakeFiles/3dview.dir/progs/demos/3dview/3dview.c.o
[ 77%] Built target timer_static
[ 77%] Built target timer_callback
[ 78%] Building C object CMakeFiles/accum.dir/progs/demos/accum/accum.c.o
[ 78%] Building C object CMakeFiles/3dview_static.dir/progs/demos/3dview/3dview.c.o
[ 78%] Building C object CMakeFiles/accum_static.dir/progs/demos/accum/accum.c.o
[ 79%] Linking C executable bin/keyboard
[ 80%] Linking C executable bin/keyboard_static
[ 80%] Linking C executable bin/indexed_color_static
[ 80%] Built target joystick_static
[ 81%] Building C object CMakeFiles/windows.dir/progs/demos/windows/windows.c.o
[ 82%] Linking C executable bin/accum
[ 83%] Linking C executable bin/accum_static
[ 83%] Built target timer_callback_static
[ 84%] Linking C executable bin/3dview
[ 85%] Linking C executable bin/indexed_color
[ 85%] Building C object CMakeFiles/windows_static.dir/progs/demos/windows/windows.c.o
[ 85%] Built target keyboard
[ 85%] Building C object CMakeFiles/vsync.dir/progs/demos/vsync/vsync.c.o
[ 85%] Built target keyboard_static
[ 85%] Built target indexed_color_static
[ 86%] Building C object CMakeFiles/vsync_static.dir/progs/demos/vsync/vsync.c.o
[ 86%] Building C object CMakeFiles/CallbackMaker.dir/progs/demos/CallbackMaker/CallbackMaker.c.o
[ 86%] Built target accum
[ 86%] Built target 3dview
[ 87%] Linking C executable bin/3dview_static
[ 87%] Built target accum_static
[ 88%] Building C object CMakeFiles/Fractals.dir/progs/demos/Fractals/fractals.c.o
[ 88%] Building C object CMakeFiles/Lorenz.dir/progs/demos/Lorenz/lorenz.c.o
[ 89%] Building C object CMakeFiles/Fractals_random.dir/progs/demos/Fractals_random/fractals_random.c.o
[ 89%] Built target indexed_color
[ 90%] Linking C executable bin/vsync
[ 91%] Building C object CMakeFiles/One.dir/progs/demos/One/one.c.o
[ 91%] Built target 3dview_static
[ 92%] Linking C executable bin/windows_static
[ 93%] Building C object CMakeFiles/resizer.dir/progs/demos/resizer/resizer.c.o
[ 93%] Linking C executable bin/windows
[ 93%] Built target vsync
[ 93%] Linking C executable bin/Fractals
[ 94%] Building C object CMakeFiles/multi-touch.dir/progs/demos/multi-touch/multi-touch.c.o
[ 94%] Linking C executable bin/vsync_static
[ 95%] Linking C executable bin/Lorenz
[ 95%] Built target windows_static
[ 96%] Linking C executable bin/CallbackMaker
[ 96%] Building C object CMakeFiles/shapes.dir/progs/demos/shapes/shapes.c.o
[ 96%] Linking C executable bin/resizer
[ 96%] Built target Fractals
[ 96%] Linking C executable bin/Fractals_random
[ 97%] Building C object CMakeFiles/shapes.dir/progs/demos/shapes/glmatrix.c.o
[ 97%] Linking C executable bin/One
[ 97%] Linking C executable bin/multi-touch
[ 97%] Built target Lorenz
[ 97%] Built target windows
[ 98%] Building C object CMakeFiles/smooth_opengl3.dir/progs/demos/smooth_opengl3/smooth_opengl3.c.o
[ 99%] Building C object CMakeFiles/spaceball.dir/progs/demos/spaceball/spaceball.c.o
[ 99%] Built target CallbackMaker
[100%] Building C object CMakeFiles/spaceball.dir/progs/demos/spaceball/vmath.c.o
[100%] Built target vsync_static
[100%] Built target resizer
[100%] Built target multi-touch
[100%] Built target Fractals_random
[100%] Built target One
[100%] Linking C executable bin/smooth_opengl3
[100%] Linking C executable bin/spaceball
[100%] Linking C executable bin/shapes
[100%] Built target smooth_opengl3
[100%] Built target spaceball
[100%] Built target shapes
[ 25%] Built target freeglut
[ 51%] Built target freeglut_static
[ 54%] Built target Fractals_random
[ 54%] Built target multi-touch_static
[ 55%] Built target CallbackMaker
[ 55%] Built target multi-touch
[ 56%] Built target Fractals
[ 58%] Built target shapes_static
[ 59%] Built target One
[ 61%] Built target resizer
[ 61%] Built target Lorenz
[ 62%] Built target shapes
[ 66%] Built target smooth_opengl3_static
[ 66%] Built target joystick
[ 66%] Built target spaceball
[ 70%] Built target spaceball_static
[ 70%] Built target joystick_static
[ 71%] Built target smooth_opengl3
[ 72%] Built target timer_static
[ 73%] Built target timer
[ 74%] Built target subwin
[ 75%] Built target subwin_static
[ 77%] Built target keyboard
[ 78%] Built target timer_callback
[ 79%] Built target timer_callback_static
[ 80%] Built target indexed_color
[ 81%] Built target keyboard_static
[ 82%] Built target indexed_color_static
[ 83%] Built target 3dview
[ 85%] Built target accum
[ 86%] Built target 3dview_static
[ 87%] Built target windows
[ 88%] Built target vsync
[ 90%] Built target windows_static
[ 91%] Built target accum_static
[ 92%] Built target vsync_static
[ 93%] Built target Fractals_static
[ 95%] Built target Fractals_random_static
[ 96%] Built target CallbackMaker_static
[ 97%] Built target Lorenz_static
[ 98%] Built target One_static
[100%] Built target resizer_static
Install the project...
-- Install configuration: ""
-- Installing: /pkgs/freeglut/usr/lib/libglut.so.3.13.0
-- Installing: /pkgs/freeglut/usr/lib/libglut.so.3
-- Installing: /pkgs/freeglut/usr/lib/libglut.so
-- Installing: /pkgs/freeglut/usr/lib/libglut.a
-- Installing: /pkgs/freeglut/usr/include/GL/freeglut.h
-- Installing: /pkgs/freeglut/usr/include/GL/freeglut_ucall.h
-- Installing: /pkgs/freeglut/usr/include/GL/freeglut_ext.h
-- Installing: /pkgs/freeglut/usr/include/GL/freeglut_std.h
-- Installing: /pkgs/freeglut/usr/include/GL/glut.h
-- Installing: /pkgs/freeglut/usr/lib/pkgconfig/glut.pc
-- Installing: /pkgs/freeglut/usr/lib/cmake/FreeGLUT/FreeGLUTTargets.cmake
-- Installing: /pkgs/freeglut/usr/lib/cmake/FreeGLUT/FreeGLUTTargets-noconfig.cmake
-- Installing: /pkgs/freeglut/usr/lib/cmake/FreeGLUT/FreeGLUTConfig.cmake
-- Installing: /pkgs/freeglut/usr/lib/cmake/FreeGLUT/FreeGLUTConfigVersion.cmake
-- Installing: /pkgs/freeglut/usr/share/man/man3/glut.3
-- Installing: /pkgs/freeglut/usr/share/man/man3/glutAddMenuEntry.3
-- Installing: /pkgs/freeglut/usr/share/man/man3/glutAddSubMenu.3
-- Installing: /pkgs/freeglut/usr/share/man/man3/glutAttachMenu.3
-- Installing: /pkgs/freeglut/usr/share/man/man3/glutBitmapCharacter.3
-- Installing: /pkgs/freeglut/usr/share/man/man3/glutBitmapWidth.3
-- Installing: /pkgs/freeglut/usr/share/man/man3/glutButtonBoxFunc.3
-- Installing: /pkgs/freeglut/usr/share/man/man3/glutChangeToMenuEntry.3
-- Installing: /pkgs/freeglut/usr/share/man/man3/glutChangeToSubMenu.3
-- Installing: /pkgs/freeglut/usr/share/man/man3/glutCopyColormap.3
-- Installing: /pkgs/freeglut/usr/share/man/man3/glutCreateMenu.3
-- Installing: /pkgs/freeglut/usr/share/man/man3/glutCreateSubWindow.3
-- Installing: /pkgs/freeglut/usr/share/man/man3/glutCreateWindow.3
-- Installing: /pkgs/freeglut/usr/share/man/man3/glutDestroyMenu.3
-- Installing: /pkgs/freeglut/usr/share/man/man3/glutDestroyWindow.3
-- Installing: /pkgs/freeglut/usr/share/man/man3/glutDeviceGet.3
-- Installing: /pkgs/freeglut/usr/share/man/man3/glutDialsFunc.3
-- Installing: /pkgs/freeglut/usr/share/man/man3/glutDisplayFunc.3
-- Installing: /pkgs/freeglut/usr/share/man/man3/glutEnterGameMode.3
-- Installing: /pkgs/freeglut/usr/share/man/man3/glutEntryFunc.3
-- Installing: /pkgs/freeglut/usr/share/man/man3/glutEstablishOverlay.3
-- Installing: /pkgs/freeglut/usr/share/man/man3/glutExtensionSupported.3
-- Installing: /pkgs/freeglut/usr/share/man/man3/glutForceJoystickFunc.3
-- Installing: /pkgs/freeglut/usr/share/man/man3/glutFullScreen.3
-- Installing: /pkgs/freeglut/usr/share/man/man3/glutGameModeGet.3
-- Installing: /pkgs/freeglut/usr/share/man/man3/glutGameModeString.3
-- Installing: /pkgs/freeglut/usr/share/man/man3/glutGet.3
-- Installing: /pkgs/freeglut/usr/share/man/man3/glutGetColor.3
-- Installing: /pkgs/freeglut/usr/share/man/man3/glutGetModifiers.3
-- Installing: /pkgs/freeglut/usr/share/man/man3/glutIdleFunc.3
-- Installing: /pkgs/freeglut/usr/share/man/man3/glutIgnoreKeyRepeat.3
-- Installing: /pkgs/freeglut/usr/share/man/man3/glutInit.3
-- Installing: /pkgs/freeglut/usr/share/man/man3/glutInitDisplayMode.3
-- Installing: /pkgs/freeglut/usr/share/man/man3/glutInitDisplayString.3
-- Installing: /pkgs/freeglut/usr/share/man/man3/glutInitWindowPosition.3
-- Installing: /pkgs/freeglut/usr/share/man/man3/glutJoystickFunc.3
-- Installing: /pkgs/freeglut/usr/share/man/man3/glutKeyboardFunc.3
-- Installing: /pkgs/freeglut/usr/share/man/man3/glutKeyboardUpFunc.3
-- Installing: /pkgs/freeglut/usr/share/man/man3/glutLayerGet.3
-- Installing: /pkgs/freeglut/usr/share/man/man3/glutMainLoop.3
-- Installing: /pkgs/freeglut/usr/share/man/man3/glutMenuStatusFunc.3
-- Installing: /pkgs/freeglut/usr/share/man/man3/glutMotionFunc.3
-- Installing: /pkgs/freeglut/usr/share/man/man3/glutMouseFunc.3
-- Installing: /pkgs/freeglut/usr/share/man/man3/glutOverlayDisplayFunc.3
-- Installing: /pkgs/freeglut/usr/share/man/man3/glutPopWindow.3
-- Installing: /pkgs/freeglut/usr/share/man/man3/glutPositionWindow.3
-- Installing: /pkgs/freeglut/usr/share/man/man3/glutPostOverlayRedisplay.3
-- Installing: /pkgs/freeglut/usr/share/man/man3/glutPostRedisplay.3
-- Installing: /pkgs/freeglut/usr/share/man/man3/glutRemoveMenuItem.3
-- Installing: /pkgs/freeglut/usr/share/man/man3/glutRemoveOverlay.3
-- Installing: /pkgs/freeglut/usr/share/man/man3/glutReportErrors.3
-- Installing: /pkgs/freeglut/usr/share/man/man3/glutReshapeFunc.3
-- Installing: /pkgs/freeglut/usr/share/man/man3/glutReshapeWindow.3
-- Installing: /pkgs/freeglut/usr/share/man/man3/glutSetColor.3
-- Installing: /pkgs/freeglut/usr/share/man/man3/glutSetCursor.3
-- Installing: /pkgs/freeglut/usr/share/man/man3/glutSetKeyRepeat.3
-- Installing: /pkgs/freeglut/usr/share/man/man3/glutSetMenu.3
-- Installing: /pkgs/freeglut/usr/share/man/man3/glutSetWindow.3
-- Installing: /pkgs/freeglut/usr/share/man/man3/glutSetWindowTitle.3
-- Installing: /pkgs/freeglut/usr/share/man/man3/glutShowOverlay.3
-- Installing: /pkgs/freeglut/usr/share/man/man3/glutShowWindow.3
-- Installing: /pkgs/freeglut/usr/share/man/man3/glutSolidCone.3
-- Installing: /pkgs/freeglut/usr/share/man/man3/glutSolidCube.3
-- Installing: /pkgs/freeglut/usr/share/man/man3/glutSolidDodecahedron.3
-- Installing: /pkgs/freeglut/usr/share/man/man3/glutSolidIcosahedron.3
-- Installing: /pkgs/freeglut/usr/share/man/man3/glutSolidOctahedron.3
-- Installing: /pkgs/freeglut/usr/share/man/man3/glutSolidSphere.3
-- Installing: /pkgs/freeglut/usr/share/man/man3/glutSolidTeapot.3
-- Installing: /pkgs/freeglut/usr/share/man/man3/glutSolidTetrahedron.3
-- Installing: /pkgs/freeglut/usr/share/man/man3/glutSolidTorus.3
-- Installing: /pkgs/freeglut/usr/share/man/man3/glutSpaceballButtonFunc.3
-- Installing: /pkgs/freeglut/usr/share/man/man3/glutSpaceballMotionFunc.3
-- Installing: /pkgs/freeglut/usr/share/man/man3/glutSpaceballRotateFunc.3
-- Installing: /pkgs/freeglut/usr/share/man/man3/glutSpecialFunc.3
-- Installing: /pkgs/freeglut/usr/share/man/man3/glutSpecialUpFunc.3
-- Installing: /pkgs/freeglut/usr/share/man/man3/glutStrokeCharacter.3
-- Installing: /pkgs/freeglut/usr/share/man/man3/glutStrokeWidth.3
-- Installing: /pkgs/freeglut/usr/share/man/man3/glutSwapBuffers.3
-- Installing: /pkgs/freeglut/usr/share/man/man3/glutSwapInterval.3
-- Installing: /pkgs/freeglut/usr/share/man/man3/glutTabletButtonFunc.3
-- Installing: /pkgs/freeglut/usr/share/man/man3/glutTabletMotionFunc.3
-- Installing: /pkgs/freeglut/usr/share/man/man3/glutTimerFunc.3
-- Installing: /pkgs/freeglut/usr/share/man/man3/glutUseLayer.3
-- Installing: /pkgs/freeglut/usr/share/man/man3/glutVideoResizeGet.3
-- Installing: /pkgs/freeglut/usr/share/man/man3/glutVisibilityFunc.3
-- Installing: /pkgs/freeglut/usr/share/man/man3/glutWarpPointer.3
-- Installing: /pkgs/freeglut/usr/share/man/man3/glutWindowStatusFunc.3
[ 44%] Built target freeglut_static
[ 51%] Built target freeglut
[ 54%] Built target One
[ 54%] Built target Lorenz
[ 56%] Built target Fractals_random_static
[ 56%] Built target One_static
[ 57%] Built target resizer
[ 58%] Built target CallbackMaker_static
[ 59%] Built target Fractals_static
[ 60%] Built target Fractals_random
[ 61%] Built target Lorenz_static
[ 63%] Built target resizer_static
[ 67%] Built target shapes
[ 67%] Built target multi-touch
[ 67%] Built target multi-touch_static
[ 68%] Built target shapes_static
[ 69%] Built target smooth_opengl3
[ 70%] Built target smooth_opengl3_static
[ 72%] Built target spaceball
[ 74%] Built target joystick_static
[ 76%] Built target spaceball_static
[ 77%] Built target joystick
[ 80%] Built target subwin_static
[ 80%] Built target subwin
[ 80%] Built target timer
[ 83%] Built target timer_callback_static
[ 83%] Built target timer_callback
[ 84%] Built target timer_static
[ 85%] Built target keyboard
[ 87%] Built target 3dview
[ 87%] Built target 3dview_static
[ 88%] Built target indexed_color_static
[ 89%] Built target keyboard_static
[ 90%] Built target indexed_color
[ 91%] Built target accum_static
[ 94%] Built target windows
[ 93%] Built target accum
[ 96%] Built target windows_static
[ 97%] Built target vsync
[ 98%] Built target vsync_static
[ 99%] Built target Fractals
[100%] Built target CallbackMaker
Install the project...
-- Install configuration: ""
-- Installing: /usr/lib/libglut.so.3.13.0
-- Installing: /usr/lib/libglut.so.3
-- Up-to-date: /usr/lib/libglut.so
-- Installing: /usr/lib/libglut.a
-- Installing: /usr/include/GL/freeglut.h
-- Installing: /usr/include/GL/freeglut_ucall.h
-- Installing: /usr/include/GL/freeglut_ext.h
-- Installing: /usr/include/GL/freeglut_std.h
-- Installing: /usr/include/GL/glut.h
-- Installing: /usr/lib/pkgconfig/glut.pc
-- Old export file "/usr/lib/cmake/FreeGLUT/FreeGLUTTargets.cmake" will be replaced.  Removing files [/usr/lib/cmake/FreeGLUT/FreeGLUTTargets-noconfig.cmake].
-- Installing: /usr/lib/cmake/FreeGLUT/FreeGLUTTargets.cmake
-- Installing: /usr/lib/cmake/FreeGLUT/FreeGLUTTargets-noconfig.cmake
-- Installing: /usr/lib/cmake/FreeGLUT/FreeGLUTConfig.cmake
-- Installing: /usr/lib/cmake/FreeGLUT/FreeGLUTConfigVersion.cmake
-- Installing: /usr/share/man/man3/glut.3
-- Installing: /usr/share/man/man3/glutAddMenuEntry.3
-- Installing: /usr/share/man/man3/glutAddSubMenu.3
-- Installing: /usr/share/man/man3/glutAttachMenu.3
-- Installing: /usr/share/man/man3/glutBitmapCharacter.3
-- Installing: /usr/share/man/man3/glutBitmapWidth.3
-- Installing: /usr/share/man/man3/glutButtonBoxFunc.3
-- Installing: /usr/share/man/man3/glutChangeToMenuEntry.3
-- Installing: /usr/share/man/man3/glutChangeToSubMenu.3
-- Installing: /usr/share/man/man3/glutCopyColormap.3
-- Installing: /usr/share/man/man3/glutCreateMenu.3
-- Installing: /usr/share/man/man3/glutCreateSubWindow.3
-- Installing: /usr/share/man/man3/glutCreateWindow.3
-- Installing: /usr/share/man/man3/glutDestroyMenu.3
-- Installing: /usr/share/man/man3/glutDestroyWindow.3
-- Installing: /usr/share/man/man3/glutDeviceGet.3
-- Installing: /usr/share/man/man3/glutDialsFunc.3
-- Installing: /usr/share/man/man3/glutDisplayFunc.3
-- Installing: /usr/share/man/man3/glutEnterGameMode.3
-- Installing: /usr/share/man/man3/glutEntryFunc.3
-- Installing: /usr/share/man/man3/glutEstablishOverlay.3
-- Installing: /usr/share/man/man3/glutExtensionSupported.3
-- Installing: /usr/share/man/man3/glutForceJoystickFunc.3
-- Installing: /usr/share/man/man3/glutFullScreen.3
-- Installing: /usr/share/man/man3/glutGameModeGet.3
-- Installing: /usr/share/man/man3/glutGameModeString.3
-- Installing: /usr/share/man/man3/glutGet.3
-- Installing: /usr/share/man/man3/glutGetColor.3
-- Installing: /usr/share/man/man3/glutGetModifiers.3
-- Installing: /usr/share/man/man3/glutIdleFunc.3
-- Installing: /usr/share/man/man3/glutIgnoreKeyRepeat.3
-- Installing: /usr/share/man/man3/glutInit.3
-- Installing: /usr/share/man/man3/glutInitDisplayMode.3
-- Installing: /usr/share/man/man3/glutInitDisplayString.3
-- Installing: /usr/share/man/man3/glutInitWindowPosition.3
-- Installing: /usr/share/man/man3/glutJoystickFunc.3
-- Installing: /usr/share/man/man3/glutKeyboardFunc.3
-- Installing: /usr/share/man/man3/glutKeyboardUpFunc.3
-- Installing: /usr/share/man/man3/glutLayerGet.3
-- Installing: /usr/share/man/man3/glutMainLoop.3
-- Installing: /usr/share/man/man3/glutMenuStatusFunc.3
-- Installing: /usr/share/man/man3/glutMotionFunc.3
-- Installing: /usr/share/man/man3/glutMouseFunc.3
-- Installing: /usr/share/man/man3/glutOverlayDisplayFunc.3
-- Installing: /usr/share/man/man3/glutPopWindow.3
-- Installing: /usr/share/man/man3/glutPositionWindow.3
-- Installing: /usr/share/man/man3/glutPostOverlayRedisplay.3
-- Installing: /usr/share/man/man3/glutPostRedisplay.3
-- Installing: /usr/share/man/man3/glutRemoveMenuItem.3
-- Installing: /usr/share/man/man3/glutRemoveOverlay.3
-- Installing: /usr/share/man/man3/glutReportErrors.3
-- Installing: /usr/share/man/man3/glutReshapeFunc.3
-- Installing: /usr/share/man/man3/glutReshapeWindow.3
-- Installing: /usr/share/man/man3/glutSetColor.3
-- Installing: /usr/share/man/man3/glutSetCursor.3
-- Installing: /usr/share/man/man3/glutSetKeyRepeat.3
-- Installing: /usr/share/man/man3/glutSetMenu.3
-- Installing: /usr/share/man/man3/glutSetWindow.3
-- Installing: /usr/share/man/man3/glutSetWindowTitle.3
-- Installing: /usr/share/man/man3/glutShowOverlay.3
-- Installing: /usr/share/man/man3/glutShowWindow.3
-- Installing: /usr/share/man/man3/glutSolidCone.3
-- Installing: /usr/share/man/man3/glutSolidCube.3
-- Installing: /usr/share/man/man3/glutSolidDodecahedron.3
-- Installing: /usr/share/man/man3/glutSolidIcosahedron.3
-- Installing: /usr/share/man/man3/glutSolidOctahedron.3
-- Installing: /usr/share/man/man3/glutSolidSphere.3
-- Installing: /usr/share/man/man3/glutSolidTeapot.3
-- Installing: /usr/share/man/man3/glutSolidTetrahedron.3
-- Installing: /usr/share/man/man3/glutSolidTorus.3
-- Installing: /usr/share/man/man3/glutSpaceballButtonFunc.3
-- Installing: /usr/share/man/man3/glutSpaceballMotionFunc.3
-- Installing: /usr/share/man/man3/glutSpaceballRotateFunc.3
-- Installing: /usr/share/man/man3/glutSpecialFunc.3
-- Installing: /usr/share/man/man3/glutSpecialUpFunc.3
-- Installing: /usr/share/man/man3/glutStrokeCharacter.3
-- Installing: /usr/share/man/man3/glutStrokeWidth.3
-- Installing: /usr/share/man/man3/glutSwapBuffers.3
-- Installing: /usr/share/man/man3/glutSwapInterval.3
-- Installing: /usr/share/man/man3/glutTabletButtonFunc.3
-- Installing: /usr/share/man/man3/glutTabletMotionFunc.3
-- Installing: /usr/share/man/man3/glutTimerFunc.3
-- Installing: /usr/share/man/man3/glutUseLayer.3
-- Installing: /usr/share/man/man3/glutVideoResizeGet.3
-- Installing: /usr/share/man/man3/glutVisibilityFunc.3
-- Installing: /usr/share/man/man3/glutWarpPointer.3
-- Installing: /usr/share/man/man3/glutWindowStatusFunc.3
freeglut/
freeglut/usr/
freeglut/usr/include/
freeglut/usr/include/GL/
freeglut/usr/include/GL/freeglut_std.h
freeglut/usr/include/GL/freeglut_ucall.h
freeglut/usr/include/GL/freeglut_ext.h
freeglut/usr/include/GL/freeglut.h
freeglut/usr/include/GL/glut.h
freeglut/usr/share/
freeglut/usr/share/man/
freeglut/usr/share/man/man3/
freeglut/usr/share/man/man3/glutShowWindow.3
freeglut/usr/share/man/man3/glutOverlayDisplayFunc.3
freeglut/usr/share/man/man3/glutFullScreen.3
freeglut/usr/share/man/man3/glutWarpPointer.3
freeglut/usr/share/man/man3/glutDestroyMenu.3
freeglut/usr/share/man/man3/glutCreateWindow.3
freeglut/usr/share/man/man3/glutGet.3
freeglut/usr/share/man/man3/glutUseLayer.3
freeglut/usr/share/man/man3/glutSpaceballMotionFunc.3
freeglut/usr/share/man/man3/glutDialsFunc.3
freeglut/usr/share/man/man3/glutSolidSphere.3
freeglut/usr/share/man/man3/glutDisplayFunc.3
freeglut/usr/share/man/man3/glutKeyboardFunc.3
freeglut/usr/share/man/man3/glutVideoResizeGet.3
freeglut/usr/share/man/man3/glutCreateSubWindow.3
freeglut/usr/share/man/man3/glutChangeToSubMenu.3
freeglut/usr/share/man/man3/glutSpaceballRotateFunc.3
freeglut/usr/share/man/man3/glutGameModeGet.3
freeglut/usr/share/man/man3/glutPostOverlayRedisplay.3
freeglut/usr/share/man/man3/glutInitDisplayString.3
freeglut/usr/share/man/man3/glutPopWindow.3
freeglut/usr/share/man/man3/glutSolidCube.3
freeglut/usr/share/man/man3/glutEntryFunc.3
freeglut/usr/share/man/man3/glutGetModifiers.3
freeglut/usr/share/man/man3/glutLayerGet.3
freeglut/usr/share/man/man3/glutMouseFunc.3
freeglut/usr/share/man/man3/glutChangeToMenuEntry.3
freeglut/usr/share/man/man3/glutAttachMenu.3
freeglut/usr/share/man/man3/glutEstablishOverlay.3
freeglut/usr/share/man/man3/glutBitmapCharacter.3
freeglut/usr/share/man/man3/glutCopyColormap.3
freeglut/usr/share/man/man3/glutVisibilityFunc.3
freeglut/usr/share/man/man3/glutKeyboardUpFunc.3
freeglut/usr/share/man/man3/glutReshapeWindow.3
freeglut/usr/share/man/man3/glutPostRedisplay.3
freeglut/usr/share/man/man3/glutSetCursor.3
freeglut/usr/share/man/man3/glutSolidTeapot.3
freeglut/usr/share/man/man3/glutPositionWindow.3
freeglut/usr/share/man/man3/glutRemoveOverlay.3
freeglut/usr/share/man/man3/glutGetColor.3
freeglut/usr/share/man/man3/glutSetWindowTitle.3
freeglut/usr/share/man/man3/glutBitmapWidth.3
freeglut/usr/share/man/man3/glut.3
freeglut/usr/share/man/man3/glutSolidTorus.3
freeglut/usr/share/man/man3/glutShowOverlay.3
freeglut/usr/share/man/man3/glutDeviceGet.3
freeglut/usr/share/man/man3/glutIdleFunc.3
freeglut/usr/share/man/man3/glutTabletMotionFunc.3
freeglut/usr/share/man/man3/glutSolidCone.3
freeglut/usr/share/man/man3/glutSwapInterval.3
freeglut/usr/share/man/man3/glutMainLoop.3
freeglut/usr/share/man/man3/glutTabletButtonFunc.3
freeglut/usr/share/man/man3/glutInitDisplayMode.3
freeglut/usr/share/man/man3/glutDestroyWindow.3
freeglut/usr/share/man/man3/glutStrokeWidth.3
freeglut/usr/share/man/man3/glutReportErrors.3
freeglut/usr/share/man/man3/glutMenuStatusFunc.3
freeglut/usr/share/man/man3/glutWindowStatusFunc.3
freeglut/usr/share/man/man3/glutForceJoystickFunc.3
freeglut/usr/share/man/man3/glutButtonBoxFunc.3
freeglut/usr/share/man/man3/glutReshapeFunc.3
freeglut/usr/share/man/man3/glutSolidOctahedron.3
freeglut/usr/share/man/man3/glutSpecialFunc.3
freeglut/usr/share/man/man3/glutSolidTetrahedron.3
freeglut/usr/share/man/man3/glutSetColor.3
freeglut/usr/share/man/man3/glutSetMenu.3
freeglut/usr/share/man/man3/glutStrokeCharacter.3
freeglut/usr/share/man/man3/glutRemoveMenuItem.3
freeglut/usr/share/man/man3/glutGameModeString.3
freeglut/usr/share/man/man3/glutSolidDodecahedron.3
freeglut/usr/share/man/man3/glutSpecialUpFunc.3
freeglut/usr/share/man/man3/glutSetKeyRepeat.3
freeglut/usr/share/man/man3/glutSpaceballButtonFunc.3
freeglut/usr/share/man/man3/glutSolidIcosahedron.3
freeglut/usr/share/man/man3/glutEnterGameMode.3
freeglut/usr/share/man/man3/glutAddMenuEntry.3
freeglut/usr/share/man/man3/glutExtensionSupported.3
freeglut/usr/share/man/man3/glutIgnoreKeyRepeat.3
freeglut/usr/share/man/man3/glutMotionFunc.3
freeglut/usr/share/man/man3/glutTimerFunc.3
freeglut/usr/share/man/man3/glutInitWindowPosition.3
freeglut/usr/share/man/man3/glutInit.3
freeglut/usr/share/man/man3/glutSetWindow.3
freeglut/usr/share/man/man3/glutCreateMenu.3
freeglut/usr/share/man/man3/glutJoystickFunc.3
freeglut/usr/share/man/man3/glutAddSubMenu.3
freeglut/usr/share/man/man3/glutSwapBuffers.3
freeglut/usr/lib/
freeglut/usr/lib/libglut.a
freeglut/usr/lib/libglut.so.3.13.0
freeglut/usr/lib/libglut.so
freeglut/usr/lib/pkgconfig/
freeglut/usr/lib/pkgconfig/glut.pc
freeglut/usr/lib/libglut.so.3
freeglut/usr/lib/cmake/
freeglut/usr/lib/cmake/FreeGLUT/
freeglut/usr/lib/cmake/FreeGLUT/FreeGLUTTargets.cmake
freeglut/usr/lib/cmake/FreeGLUT/FreeGLUTConfigVersion.cmake
freeglut/usr/lib/cmake/FreeGLUT/FreeGLUTConfig.cmake
freeglut/usr/lib/cmake/FreeGLUT/FreeGLUTTargets-noconfig.cmake
freeglut/version
freeglut/depends
freeglut/make-depends
