--2026-01-23 11:14:37--  https://github.com/pantoniou/libfyaml/releases/download/v0.9.3/libfyaml-0.9.3.tar.gz
Resolving github.com (github.com)... 140.82.114.3
Connecting to github.com (github.com)|140.82.114.3|:443... connected.
HTTP request sent, awaiting response... 302 Found
Location: https://release-assets.githubusercontent.com/github-production-release-asset/208780361/a7c2b90d-464e-47c5-abdc-b1cc9aa82537?sp=r&sv=2018-11-09&sr=b&spr=https&se=2026-01-23T11%3A53%3A03Z&rscd=attachment%3B+filename%3Dlibfyaml-0.9.3.tar.gz&rsct=application%2Foctet-stream&skoid=96c2d410-5711-43a1-aedd-ab1947aa7ab0&sktid=398a6654-997b-47e9-b12b-9515b896b4de&skt=2026-01-23T10%3A52%3A56Z&ske=2026-01-23T11%3A53%3A03Z&sks=b&skv=2018-11-09&sig=ouDYaQXU4hg7y%2B6VSfDgiTFH7SXnGybeJwNfdHPgDWI%3D&jwt=eyJ0eXAiOiJKV1QiLCJhbGciOiJIUzI1NiJ9.eyJpc3MiOiJnaXRodWIuY29tIiwiYXVkIjoicmVsZWFzZS1hc3NldHMuZ2l0aHVidXNlcmNvbnRlbnQuY29tIiwia2V5Ijoia2V5MSIsImV4cCI6MTc2OTE2NzE3OCwibmJmIjoxNzY5MTY2ODc4LCJwYXRoIjoicmVsZWFzZWFzc2V0cHJvZHVjdGlvbi5ibG9iLmNvcmUud2luZG93cy5uZXQifQ.Vu40VjxPpBT5e_kjVSplZhwyrUAtMO3sFzvyeO_HXXw&response-content-disposition=attachment%3B%20filename%3Dlibfyaml-0.9.3.tar.gz&response-content-type=application%2Foctet-stream [following]
--2026-01-23 11:14:38--  https://release-assets.githubusercontent.com/github-production-release-asset/208780361/a7c2b90d-464e-47c5-abdc-b1cc9aa82537?sp=r&sv=2018-11-09&sr=b&spr=https&se=2026-01-23T11%3A53%3A03Z&rscd=attachment%3B+filename%3Dlibfyaml-0.9.3.tar.gz&rsct=application%2Foctet-stream&skoid=96c2d410-5711-43a1-aedd-ab1947aa7ab0&sktid=398a6654-997b-47e9-b12b-9515b896b4de&skt=2026-01-23T10%3A52%3A56Z&ske=2026-01-23T11%3A53%3A03Z&sks=b&skv=2018-11-09&sig=ouDYaQXU4hg7y%2B6VSfDgiTFH7SXnGybeJwNfdHPgDWI%3D&jwt=eyJ0eXAiOiJKV1QiLCJhbGciOiJIUzI1NiJ9.eyJpc3MiOiJnaXRodWIuY29tIiwiYXVkIjoicmVsZWFzZS1hc3NldHMuZ2l0aHVidXNlcmNvbnRlbnQuY29tIiwia2V5Ijoia2V5MSIsImV4cCI6MTc2OTE2NzE3OCwibmJmIjoxNzY5MTY2ODc4LCJwYXRoIjoicmVsZWFzZWFzc2V0cHJvZHVjdGlvbi5ibG9iLmNvcmUud2luZG93cy5uZXQifQ.Vu40VjxPpBT5e_kjVSplZhwyrUAtMO3sFzvyeO_HXXw&response-content-disposition=attachment%3B%20filename%3Dlibfyaml-0.9.3.tar.gz&response-content-type=application%2Foctet-stream
Resolving release-assets.githubusercontent.com (release-assets.githubusercontent.com)... 185.199.108.133, 185.199.110.133, 185.199.111.133, ...
Connecting to release-assets.githubusercontent.com (release-assets.githubusercontent.com)|185.199.108.133|:443... connected.
HTTP request sent, awaiting response... 200 OK
Length: 1076446 (1.0M) [application/octet-stream]
Saving to: ‘libfyaml-0.9.3.tar.gz’

     0K .......... .......... .......... .......... ..........  4% 6.93M 0s
    50K .......... .......... .......... .......... ..........  9% 16.1M 0s
   100K .......... .......... .......... .......... .......... 14% 9.49M 0s
   150K .......... .......... .......... .......... .......... 19% 62.2M 0s
   200K .......... .......... .......... .......... .......... 23% 15.4M 0s
   250K .......... .......... .......... .......... .......... 28%  111M 0s
   300K .......... .......... .......... .......... .......... 33%  119M 0s
   350K .......... .......... .......... .......... .......... 38% 16.5M 0s
   400K .......... .......... .......... .......... .......... 42%  113M 0s
   450K .......... .......... .......... .......... .......... 47% 14.1M 0s
   500K .......... .......... .......... .......... .......... 52%  117M 0s
   550K .......... .......... .......... .......... .......... 57%  118M 0s
   600K .......... .......... .......... .......... .......... 61%  118M 0s
   650K .......... .......... .......... .......... .......... 66%  115M 0s
   700K .......... .......... .......... .......... .......... 71%  113M 0s
   750K .......... .......... .......... .......... .......... 76% 26.4M 0s
   800K .......... .......... .......... .......... .......... 80%  118M 0s
   850K .......... .......... .......... .......... .......... 85%  103M 0s
   900K .......... .......... .......... .......... .......... 90% 15.7M 0s
   950K .......... .......... .......... .......... .......... 95%  119M 0s
  1000K .......... .......... .......... .......... .......... 99%  136M 0s
  1050K .                                                     100% 2.27T=0.04s

2026-01-23 11:14:38 (28.8 MB/s) - ‘libfyaml-0.9.3.tar.gz’ saved [1076446/1076446]

libfyaml-0.9.3/
libfyaml-0.9.3/scripts/
libfyaml-0.9.3/scripts/run-massif.sh
libfyaml-0.9.3/scripts/show-desc.sh
libfyaml-0.9.3/scripts/run-kcachegrind.sh
libfyaml-0.9.3/scripts/run-emit-check.sh
libfyaml-0.9.3/scripts/run-compare-parse.sh
libfyaml-0.9.3/scripts/install-linuxdoc.sh
libfyaml-0.9.3/scripts/run-compare-scan.sh
libfyaml-0.9.3/scripts/run-test.sh
libfyaml-0.9.3/scripts/run-check-errors.sh
libfyaml-0.9.3/scripts/create-virtual-env
libfyaml-0.9.3/scripts/run-valgrind.sh
libfyaml-0.9.3/scripts/run-compare-examples.sh
libfyaml-0.9.3/scripts/run-compare-dump.sh
libfyaml-0.9.3/scripts/run-list-testsuite.sh
libfyaml-0.9.3/scripts/run-compare-testsuite.sh
libfyaml-0.9.3/bootstrap.sh
libfyaml-0.9.3/LICENSE
libfyaml-0.9.3/aclocal.m4
libfyaml-0.9.3/test/
libfyaml-0.9.3/test/testsuite-evstream.test
libfyaml-0.9.3/test/libfyaml-test.c
libfyaml-0.9.3/test/libfyaml.test
libfyaml-0.9.3/test/libfyaml-test-core.c
libfyaml-0.9.3/test/emitter-examples/
libfyaml-0.9.3/test/emitter-examples/invoice.yaml
libfyaml-0.9.3/test/emitter-examples/test2.yaml
libfyaml-0.9.3/test/emitter-examples/ws0.yaml
libfyaml-0.9.3/test/emitter-examples/docstartend.yaml
libfyaml-0.9.3/test/emitter-examples/anchors-2.yaml
libfyaml-0.9.3/test/emitter-examples/folding.yaml
libfyaml-0.9.3/test/emitter-examples/zeroexplicit.yaml
libfyaml-0.9.3/test/emitter-examples/complexkey9.yaml
libfyaml-0.9.3/test/emitter-examples/seq3.yaml
libfyaml-0.9.3/test/emitter-examples/complexkey8.yaml
libfyaml-0.9.3/test/emitter-examples/v2.yaml
libfyaml-0.9.3/test/emitter-examples/nodeprop2.yaml
libfyaml-0.9.3/test/emitter-examples/v1.yaml
libfyaml-0.9.3/test/emitter-examples/c1.yaml
libfyaml-0.9.3/test/emitter-examples/scanner-c-7.yaml
libfyaml-0.9.3/test/emitter-examples/anchors.yaml
libfyaml-0.9.3/test/emitter-examples/flow2.yaml
libfyaml-0.9.3/test/emitter-examples/simplekey2.yaml
libfyaml-0.9.3/test/emitter-examples/c7.yaml
libfyaml-0.9.3/test/emitter-examples/seq2.yaml
libfyaml-0.9.3/test/emitter-examples/test.yaml
libfyaml-0.9.3/test/emitter-examples/u3.yaml
libfyaml-0.9.3/test/emitter-examples/keykey2.yaml
libfyaml-0.9.3/test/emitter-examples/seq1.yaml
libfyaml-0.9.3/test/emitter-examples/yaml-version.yaml
libfyaml-0.9.3/test/emitter-examples/scalars.yaml
libfyaml-0.9.3/test/emitter-examples/anchors-on-empty-scalars3.yaml
libfyaml-0.9.3/test/emitter-examples/complexkey.yaml
libfyaml-0.9.3/test/emitter-examples/multi-document.yaml
libfyaml-0.9.3/test/emitter-examples/u2.yaml
libfyaml-0.9.3/test/emitter-examples/simpleanchor2.yaml
libfyaml-0.9.3/test/emitter-examples/keyflow.yaml
libfyaml-0.9.3/test/emitter-examples/tagdirective.yaml
libfyaml-0.9.3/test/emitter-examples/dqscalar.yaml
libfyaml-0.9.3/test/emitter-examples/c5.yaml
libfyaml-0.9.3/test/emitter-examples/complexkey7.yaml
libfyaml-0.9.3/test/emitter-examples/array.yaml
libfyaml-0.9.3/test/emitter-examples/t.yaml
libfyaml-0.9.3/test/emitter-examples/version.yaml
libfyaml-0.9.3/test/emitter-examples/folded2.yaml
libfyaml-0.9.3/test/emitter-examples/plainlines.yaml
libfyaml-0.9.3/test/emitter-examples/sqscalar.yaml
libfyaml-0.9.3/test/emitter-examples/block6.yaml
libfyaml-0.9.3/test/emitter-examples/singlepairimp.yaml
libfyaml-0.9.3/test/emitter-examples/tags-1.yaml
libfyaml-0.9.3/test/emitter-examples/scalars2.yaml
libfyaml-0.9.3/test/emitter-examples/literal.yaml
libfyaml-0.9.3/test/emitter-examples/anchors-on-empty-scalars2.yaml
libfyaml-0.9.3/test/emitter-examples/c4.yaml
libfyaml-0.9.3/test/emitter-examples/block2.yaml
libfyaml-0.9.3/test/emitter-examples/c9.yaml
libfyaml-0.9.3/test/emitter-examples/literal1.yaml
libfyaml-0.9.3/test/emitter-examples/anchors-on-empty-scalars4.yaml
libfyaml-0.9.3/test/emitter-examples/simplefolded.yaml
libfyaml-0.9.3/test/emitter-examples/simplekey1.yaml
libfyaml-0.9.3/test/emitter-examples/mergekeyspec.yaml
libfyaml-0.9.3/test/emitter-examples/scanner-c-2.yaml
libfyaml-0.9.3/test/emitter-examples/numbers.yaml
libfyaml-0.9.3/test/emitter-examples/scanner-c-12.yaml
libfyaml-0.9.3/test/emitter-examples/plainscalar.yaml
libfyaml-0.9.3/test/emitter-examples/fold4.yaml
libfyaml-0.9.3/test/emitter-examples/complexkey4.yaml
libfyaml-0.9.3/test/emitter-examples/ws1.yaml
libfyaml-0.9.3/test/emitter-examples/global-tag.yaml
libfyaml-0.9.3/test/emitter-examples/emptydoc.yaml
libfyaml-0.9.3/test/emitter-examples/scalar-space1.yaml
libfyaml-0.9.3/test/emitter-examples/seq5.yaml
libfyaml-0.9.3/test/emitter-examples/complexkey3.yaml
libfyaml-0.9.3/test/emitter-examples/scanner-c-9.yaml
libfyaml-0.9.3/test/emitter-examples/seq.yaml
libfyaml-0.9.3/test/emitter-examples/anchors-on-empty-scalars1.yaml
libfyaml-0.9.3/test/emitter-examples/t1.yaml
libfyaml-0.9.3/test/emitter-examples/emoji.yaml
libfyaml-0.9.3/test/emitter-examples/folded.yaml
libfyaml-0.9.3/test/emitter-examples/tagesc.yaml
libfyaml-0.9.3/test/emitter-examples/ws3.yaml
libfyaml-0.9.3/test/emitter-examples/simpleseq1.yaml
libfyaml-0.9.3/test/emitter-examples/c13.yaml
libfyaml-0.9.3/test/emitter-examples/weirdplain.yaml
libfyaml-0.9.3/test/emitter-examples/simple2.yaml
libfyaml-0.9.3/test/emitter-examples/simplekey4.yaml
libfyaml-0.9.3/test/emitter-examples/multiline-simple-key.yaml
libfyaml-0.9.3/test/emitter-examples/seq6.yaml
libfyaml-0.9.3/test/emitter-examples/blocked.yaml
libfyaml-0.9.3/test/emitter-examples/anchors-1.yaml
libfyaml-0.9.3/test/emitter-examples/y.yaml
libfyaml-0.9.3/test/emitter-examples/simpleanchor4.yaml
libfyaml-0.9.3/test/emitter-examples/singlepairimp2.yaml
libfyaml-0.9.3/test/emitter-examples/literal2.yaml
libfyaml-0.9.3/test/emitter-examples/block4.yaml
libfyaml-0.9.3/test/emitter-examples/test1.yaml
libfyaml-0.9.3/test/emitter-examples/strings.yaml
libfyaml-0.9.3/test/emitter-examples/scanner-c-1.yaml
libfyaml-0.9.3/test/emitter-examples/block7.yaml
libfyaml-0.9.3/test/emitter-examples/ws2.yaml
libfyaml-0.9.3/test/emitter-examples/fold5.yaml
libfyaml-0.9.3/test/emitter-examples/sqscalarspace.yaml
libfyaml-0.9.3/test/emitter-examples/complexkey5.yaml
libfyaml-0.9.3/test/emitter-examples/anchors-4.yaml
libfyaml-0.9.3/test/emitter-examples/scanner-c-5.yaml
libfyaml-0.9.3/test/emitter-examples/complexkey6.yaml
libfyaml-0.9.3/test/emitter-examples/simplekey.yaml
libfyaml-0.9.3/test/emitter-examples/simpleliteral.yaml
libfyaml-0.9.3/test/emitter-examples/tabsmix.yaml
libfyaml-0.9.3/test/emitter-examples/c12.yaml
libfyaml-0.9.3/test/emitter-examples/anchors-3.yaml
libfyaml-0.9.3/test/emitter-examples/scanner-c-13.yaml
libfyaml-0.9.3/test/emitter-examples/compactblockmap.yaml
libfyaml-0.9.3/test/emitter-examples/c6.yaml
libfyaml-0.9.3/test/emitter-examples/block.yaml
libfyaml-0.9.3/test/emitter-examples/multiline-quoted-key.yaml
libfyaml-0.9.3/test/emitter-examples/anchors-on-empty-scalars.yaml
libfyaml-0.9.3/test/emitter-examples/scanner-c-3.yaml
libfyaml-0.9.3/test/emitter-examples/sets.yaml
libfyaml-0.9.3/test/emitter-examples/t5.yaml
libfyaml-0.9.3/test/emitter-examples/dqzero.yaml
libfyaml-0.9.3/test/emitter-examples/simpleanchor1.yaml
libfyaml-0.9.3/test/emitter-examples/emptykey.yaml
libfyaml-0.9.3/test/emitter-examples/scanner-c-8.yaml
libfyaml-0.9.3/test/emitter-examples/t2.yaml
libfyaml-0.9.3/test/emitter-examples/c3.yaml
libfyaml-0.9.3/test/emitter-examples/c11.yaml
libfyaml-0.9.3/test/emitter-examples/seq4.yaml
libfyaml-0.9.3/test/emitter-examples/quotedbackslash.yaml
libfyaml-0.9.3/test/emitter-examples/simpleseq.yaml
libfyaml-0.9.3/test/emitter-examples/block3.yaml
libfyaml-0.9.3/test/emitter-examples/mapping.yaml
libfyaml-0.9.3/test/emitter-examples/scalar-multiline.yaml
libfyaml-0.9.3/test/emitter-examples/utf8-simple.yaml
libfyaml-0.9.3/test/emitter-examples/flow1.yaml
libfyaml-0.9.3/test/emitter-examples/yy.yaml
libfyaml-0.9.3/test/emitter-examples/compact1.yaml
libfyaml-0.9.3/test/emitter-examples/anchors-4.1.yaml
libfyaml-0.9.3/test/emitter-examples/flow.yaml
libfyaml-0.9.3/test/emitter-examples/complexkey2.yaml
libfyaml-0.9.3/test/emitter-examples/scanner-c-10.yaml
libfyaml-0.9.3/test/emitter-examples/c2.yaml
libfyaml-0.9.3/test/emitter-examples/v.yaml
libfyaml-0.9.3/test/emitter-examples/fold.yaml
libfyaml-0.9.3/test/emitter-examples/c10.yaml
libfyaml-0.9.3/test/emitter-examples/t4.yaml
libfyaml-0.9.3/test/emitter-examples/t3.yaml
libfyaml-0.9.3/test/emitter-examples/numbers-flow.yaml
libfyaml-0.9.3/test/emitter-examples/scanner-c-6.yaml
libfyaml-0.9.3/test/emitter-examples/literal3.yaml
libfyaml-0.9.3/test/emitter-examples/scalar-space.yaml
libfyaml-0.9.3/test/emitter-examples/scanner-c-11.yaml
libfyaml-0.9.3/test/emitter-examples/fold3.yaml
libfyaml-0.9.3/test/emitter-examples/scanner-c-4.yaml
libfyaml-0.9.3/test/emitter-examples/literal4.yaml
libfyaml-0.9.3/test/emitter-examples/c8.yaml
libfyaml-0.9.3/test/emitter-examples/simplekey5.yaml
libfyaml-0.9.3/test/emitter-examples/simplekey3.yaml
libfyaml-0.9.3/test/emitter-examples/emptystream.yaml
libfyaml-0.9.3/test/emitter-examples/scalar-singlequoted.yaml
libfyaml-0.9.3/test/emitter-examples/u.yaml
libfyaml-0.9.3/test/emitter-examples/nodeprop.yaml
libfyaml-0.9.3/test/emitter-examples/quoted.yaml
libfyaml-0.9.3/test/emitter-examples/blockind.yaml
libfyaml-0.9.3/test/emitter-examples/simpleanchor.yaml
libfyaml-0.9.3/test/emitter-examples/u1.yaml
libfyaml-0.9.3/test/emitter-examples/simple1.yaml
libfyaml-0.9.3/test/emitter-examples/plain-scalars-with-commas.yaml
libfyaml-0.9.3/test/emitter-examples/json.yaml
libfyaml-0.9.3/test/emitter-examples/tags.yaml
libfyaml-0.9.3/test/emitter-examples/line.yaml
libfyaml-0.9.3/test/emitter-examples/fold2.yaml
libfyaml-0.9.3/test/emitter-examples/keykey.yaml
libfyaml-0.9.3/test/emitter-examples/utf8.yaml
libfyaml-0.9.3/test/emitter-examples/scanner-c-8-2.yaml
libfyaml-0.9.3/test/emitter-examples/simpleanchor3.yaml
libfyaml-0.9.3/test/emitter-examples/simple.yaml
libfyaml-0.9.3/test/jsontestsuite.test
libfyaml-0.9.3/test/libfyaml-test-emit.c
libfyaml-0.9.3/test/test-env
libfyaml-0.9.3/test/test-errors/
libfyaml-0.9.3/test/test-errors/0006/
libfyaml-0.9.3/test/test-errors/0006/test.error
libfyaml-0.9.3/test/test-errors/0006/in.yaml
libfyaml-0.9.3/test/test-errors/0006/===
libfyaml-0.9.3/test/test-errors/0011/
libfyaml-0.9.3/test/test-errors/0011/test.error
libfyaml-0.9.3/test/test-errors/0011/in.yaml
libfyaml-0.9.3/test/test-errors/0011/===
libfyaml-0.9.3/test/test-errors/0003/
libfyaml-0.9.3/test/test-errors/0003/test.error
libfyaml-0.9.3/test/test-errors/0003/in.yaml
libfyaml-0.9.3/test/test-errors/0003/===
libfyaml-0.9.3/test/test-errors/0010/
libfyaml-0.9.3/test/test-errors/0010/test.error
libfyaml-0.9.3/test/test-errors/0010/in.yaml
libfyaml-0.9.3/test/test-errors/0010/===
libfyaml-0.9.3/test/test-errors/0008/
libfyaml-0.9.3/test/test-errors/0008/test.error
libfyaml-0.9.3/test/test-errors/0008/in.yaml
libfyaml-0.9.3/test/test-errors/0008/===
libfyaml-0.9.3/test/test-errors/0009/
libfyaml-0.9.3/test/test-errors/0009/test.error
libfyaml-0.9.3/test/test-errors/0009/in.yaml
libfyaml-0.9.3/test/test-errors/0009/===
libfyaml-0.9.3/test/test-errors/0002/
libfyaml-0.9.3/test/test-errors/0002/test.error
libfyaml-0.9.3/test/test-errors/0002/in.yaml
libfyaml-0.9.3/test/test-errors/0002/===
libfyaml-0.9.3/test/test-errors/0005/
libfyaml-0.9.3/test/test-errors/0005/test.error
libfyaml-0.9.3/test/test-errors/0005/in.yaml
libfyaml-0.9.3/test/test-errors/0005/===
libfyaml-0.9.3/test/test-errors/0004/
libfyaml-0.9.3/test/test-errors/0004/test.error
libfyaml-0.9.3/test/test-errors/0004/in.yaml
libfyaml-0.9.3/test/test-errors/0004/===
libfyaml-0.9.3/test/test-errors/0007/
libfyaml-0.9.3/test/test-errors/0007/test.error
libfyaml-0.9.3/test/test-errors/0007/in.yaml
libfyaml-0.9.3/test/test-errors/0007/===
libfyaml-0.9.3/test/testsuite-json.test
libfyaml-0.9.3/test/testsuite.test
libfyaml-0.9.3/test/libfyaml-test-private-id.c
libfyaml-0.9.3/test/testemitter.test
libfyaml-0.9.3/test/libfyaml-test-parser.c
libfyaml-0.9.3/test/libfyaml-test-private.c
libfyaml-0.9.3/test/testemitter-streaming.test
libfyaml-0.9.3/test/Makefile.in
libfyaml-0.9.3/test/libfyaml-test-meta.c
libfyaml-0.9.3/test/testemitter-restreaming.test
libfyaml-0.9.3/test/testerrors.test
libfyaml-0.9.3/test/libfyaml-test-allocator.c
libfyaml-0.9.3/test/testsuite-resolution.test
libfyaml-0.9.3/test/libfyaml-test-thread.c
libfyaml-0.9.3/test/Makefile.am
libfyaml-0.9.3/libfyaml.pc.in
libfyaml-0.9.3/doc/
libfyaml-0.9.3/doc/man/
libfyaml-0.9.3/doc/man/fy-tool.rst
libfyaml-0.9.3/doc/libfyaml.rst
libfyaml-0.9.3/doc/intro.rst
libfyaml-0.9.3/doc/conf.py
libfyaml-0.9.3/doc/index.rst
libfyaml-0.9.3/doc/Makefile.in
libfyaml-0.9.3/doc/canned-man/
libfyaml-0.9.3/doc/canned-man/fy-tool.1
libfyaml-0.9.3/doc/Makefile.am
libfyaml-0.9.3/.libtool-version
libfyaml-0.9.3/src/
libfyaml-0.9.3/src/valgrind/
libfyaml-0.9.3/src/valgrind/fy-valgrind.h
libfyaml-0.9.3/src/tool/
libfyaml-0.9.3/src/tool/fy-tool-util.h
libfyaml-0.9.3/src/tool/fy-tool-dump.c
libfyaml-0.9.3/src/tool/fy-tool-util.c
libfyaml-0.9.3/src/tool/fy-tool.c
libfyaml-0.9.3/src/blake3/
libfyaml-0.9.3/src/blake3/blake3_sse2_x86-64_unix.S
libfyaml-0.9.3/src/blake3/blake3_internal.h
libfyaml-0.9.3/src/blake3/blake3_avx512_x86-64_unix.S
libfyaml-0.9.3/src/blake3/blake3_be_cpusimd.c
libfyaml-0.9.3/src/blake3/blake3_avx512.c
libfyaml-0.9.3/src/blake3/blake3.c
libfyaml-0.9.3/src/blake3/blake3_avx2.c
libfyaml-0.9.3/src/blake3/blake3.h
libfyaml-0.9.3/src/blake3/blake3_impl.h
libfyaml-0.9.3/src/blake3/blake3_sse41.c
libfyaml-0.9.3/src/blake3/fy-blake3.c
libfyaml-0.9.3/src/blake3/blake3_sse41_x86-64_unix.S
libfyaml-0.9.3/src/blake3/blake3_portable.c
libfyaml-0.9.3/src/blake3/blake3_backend.c
libfyaml-0.9.3/src/blake3/blake3_sse2.c
libfyaml-0.9.3/src/blake3/blake3_host_state.c
libfyaml-0.9.3/src/blake3/blake3_avx2_x86-64_unix.S
libfyaml-0.9.3/src/blake3/blake3_neon.c
libfyaml-0.9.3/src/util/
libfyaml-0.9.3/src/util/fy-bit64.h
libfyaml-0.9.3/src/util/fy-atomics.h
libfyaml-0.9.3/src/util/fy-ctype.c
libfyaml-0.9.3/src/util/fy-list.h
libfyaml-0.9.3/src/util/fy-ctype.h
libfyaml-0.9.3/src/util/fy-utils.h
libfyaml-0.9.3/src/util/fy-blob.c
libfyaml-0.9.3/src/util/fy-vlsize.h
libfyaml-0.9.3/src/util/fy-utf8.h
libfyaml-0.9.3/src/util/fy-blob.h
libfyaml-0.9.3/src/util/fy-id.h
libfyaml-0.9.3/src/util/fy-utils.c
libfyaml-0.9.3/src/util/fy-endian.h
libfyaml-0.9.3/src/util/fy-align.h
libfyaml-0.9.3/src/util/fy-typelist.h
libfyaml-0.9.3/src/util/fy-utf8.c
libfyaml-0.9.3/src/thread/
libfyaml-0.9.3/src/thread/fy-thread.h
libfyaml-0.9.3/src/thread/fy-thread.c
libfyaml-0.9.3/src/xxhash/
libfyaml-0.9.3/src/xxhash/xxhash.h
libfyaml-0.9.3/src/xxhash/xxhash.c
libfyaml-0.9.3/src/internal/
libfyaml-0.9.3/src/internal/fy-b3sum.c
libfyaml-0.9.3/src/internal/fy-allocators.c
libfyaml-0.9.3/src/internal/libfyaml-parser.c
libfyaml-0.9.3/src/internal/fy-thread.c
libfyaml-0.9.3/src/lib/
libfyaml-0.9.3/src/lib/fy-docstate.c
libfyaml-0.9.3/src/lib/fy-doc.c
libfyaml-0.9.3/src/lib/fy-docbuilder.c
libfyaml-0.9.3/src/lib/fy-types.h
libfyaml-0.9.3/src/lib/fy-emit.c
libfyaml-0.9.3/src/lib/fy-types.c
libfyaml-0.9.3/src/lib/fy-doc.h
libfyaml-0.9.3/src/lib/fy-docstate.h
libfyaml-0.9.3/src/lib/fy-accel.h
libfyaml-0.9.3/src/lib/fy-emit.h
libfyaml-0.9.3/src/lib/fy-dump.c
libfyaml-0.9.3/src/lib/fy-composer-diag.c
libfyaml-0.9.3/src/lib/fy-composer.h
libfyaml-0.9.3/src/lib/fy-atom.h
libfyaml-0.9.3/src/lib/fy-input.c
libfyaml-0.9.3/src/lib/fy-parse-diag.c
libfyaml-0.9.3/src/lib/fy-event.c
libfyaml-0.9.3/src/lib/fy-dump.h
libfyaml-0.9.3/src/lib/fy-doc-diag.c
libfyaml-0.9.3/src/lib/fy-input-diag.c
libfyaml-0.9.3/src/lib/fy-composer.c
libfyaml-0.9.3/src/lib/fy-docbuilder.h
libfyaml-0.9.3/src/lib/fy-atom.c
libfyaml-0.9.3/src/lib/fy-walk.h
libfyaml-0.9.3/src/lib/fy-input.h
libfyaml-0.9.3/src/lib/fy-diag.c
libfyaml-0.9.3/src/lib/fy-docbuilder-diag.c
libfyaml-0.9.3/src/lib/fy-walk.c
libfyaml-0.9.3/src/lib/fy-diag.h
libfyaml-0.9.3/src/lib/fy-event.h
libfyaml-0.9.3/src/lib/fy-emit-accum.h
libfyaml-0.9.3/src/lib/fy-parse.h
libfyaml-0.9.3/src/lib/fy-token.h
libfyaml-0.9.3/src/lib/fy-path.c
libfyaml-0.9.3/src/lib/fy-accel.c
libfyaml-0.9.3/src/lib/fy-path.h
libfyaml-0.9.3/src/lib/fy-parse.c
libfyaml-0.9.3/src/lib/fy-token.c
libfyaml-0.9.3/src/Makefile.in
libfyaml-0.9.3/src/allocator/
libfyaml-0.9.3/src/allocator/fy-allocator-malloc.c
libfyaml-0.9.3/src/allocator/fy-allocator-linear.c
libfyaml-0.9.3/src/allocator/fy-allocator-linear.h
libfyaml-0.9.3/src/allocator/fy-allocator-dedup.h
libfyaml-0.9.3/src/allocator/fy-allocator-malloc.h
libfyaml-0.9.3/src/allocator/fy-allocator-dedup.c
libfyaml-0.9.3/src/allocator/fy-allocator-mremap.c
libfyaml-0.9.3/src/allocator/fy-allocator.h
libfyaml-0.9.3/src/allocator/fy-allocator-auto.h
libfyaml-0.9.3/src/allocator/fy-allocator-mremap.h
libfyaml-0.9.3/src/allocator/fy-allocator.c
libfyaml-0.9.3/src/allocator/fy-allocator-auto.c
libfyaml-0.9.3/src/Makefile.am
libfyaml-0.9.3/.tarball-version
libfyaml-0.9.3/cmake/
libfyaml-0.9.3/cmake/testsuite-tests.cmake
libfyaml-0.9.3/cmake/CheckClangBlocks.cmake
libfyaml-0.9.3/cmake/run-single-tap-test.sh
libfyaml-0.9.3/cmake/libfyaml.pc.in
libfyaml-0.9.3/cmake/generate-testsuite-list.sh
libfyaml-0.9.3/cmake/setup-yaml-test-suite.cmake
libfyaml-0.9.3/cmake/fyaml-config.cmake.in
libfyaml-0.9.3/cmake/generate-jsontestsuite-list.sh
libfyaml-0.9.3/cmake/CheckLibClang.cmake
libfyaml-0.9.3/cmake/add-tap-subtests.cmake
libfyaml-0.9.3/cmake/jsontestsuite-tests.cmake
libfyaml-0.9.3/cmake/libfyaml-config.cmake.in
libfyaml-0.9.3/cmake/tags.cmake
libfyaml-0.9.3/cmake/config.h.in
libfyaml-0.9.3/Dockerfile-build-deb
libfyaml-0.9.3/configure.ac
libfyaml-0.9.3/configure
libfyaml-0.9.3/build-aux/
libfyaml-0.9.3/build-aux/ltmain.sh
libfyaml-0.9.3/build-aux/config.guess
libfyaml-0.9.3/build-aux/config.sub
libfyaml-0.9.3/build-aux/compile
libfyaml-0.9.3/build-aux/shave-libtool.in
libfyaml-0.9.3/build-aux/shave.in
libfyaml-0.9.3/build-aux/install-sh
libfyaml-0.9.3/build-aux/git-version-gen
libfyaml-0.9.3/build-aux/missing
libfyaml-0.9.3/build-aux/tap-driver.sh
libfyaml-0.9.3/build-aux/depcomp
libfyaml-0.9.3/build-aux/ar-lib
libfyaml-0.9.3/CMakeLists.txt
libfyaml-0.9.3/Dockerfile.centos
libfyaml-0.9.3/Dockerfile
libfyaml-0.9.3/include/
libfyaml-0.9.3/include/libfyaml.h
libfyaml-0.9.3/Makefile.in
libfyaml-0.9.3/Dockerfile.alpine
libfyaml-0.9.3/m4/
libfyaml-0.9.3/m4/libtool.m4
libfyaml-0.9.3/m4/ltoptions.m4
libfyaml-0.9.3/m4/ltversion.m4
libfyaml-0.9.3/m4/ax_pthread.m4
libfyaml-0.9.3/m4/ax_check_enable_debug.m4
libfyaml-0.9.3/m4/ax_check_flag.m4
libfyaml-0.9.3/m4/lt~obsolete.m4
libfyaml-0.9.3/m4/shave.m4
libfyaml-0.9.3/m4/ltsugar.m4
libfyaml-0.9.3/examples/
libfyaml-0.9.3/examples/invoice.yaml
libfyaml-0.9.3/examples/build-from-scratch.c
libfyaml-0.9.3/examples/config.yaml
libfyaml-0.9.3/examples/document-manipulation.c
libfyaml-0.9.3/examples/CMakeLists.txt
libfyaml-0.9.3/examples/basic-parsing.c
libfyaml-0.9.3/examples/path-queries.c
libfyaml-0.9.3/examples/quick-start.c
libfyaml-0.9.3/examples/build/
libfyaml-0.9.3/examples/build/Makefile
libfyaml-0.9.3/examples/build/path-queries
libfyaml-0.9.3/examples/build/CMakeCache.txt
libfyaml-0.9.3/examples/build/cmake_install.cmake
libfyaml-0.9.3/examples/build/quick-start
libfyaml-0.9.3/examples/build/event-streaming
libfyaml-0.9.3/examples/build/basic-parsing
libfyaml-0.9.3/examples/build/build-from-scratch
libfyaml-0.9.3/examples/build/CMakeFiles/
libfyaml-0.9.3/examples/build/CMakeFiles/omp_gen.dir/
libfyaml-0.9.3/examples/build/CMakeFiles/omp_gen.dir/compiler_depend.ts
libfyaml-0.9.3/examples/build/CMakeFiles/omp_gen.dir/build.make
libfyaml-0.9.3/examples/build/CMakeFiles/omp_gen.dir/progress.make
libfyaml-0.9.3/examples/build/CMakeFiles/omp_gen.dir/cmake_clean.cmake
libfyaml-0.9.3/examples/build/CMakeFiles/omp_gen.dir/compiler_depend.make
libfyaml-0.9.3/examples/build/CMakeFiles/omp_gen.dir/DependInfo.cmake
libfyaml-0.9.3/examples/build/CMakeFiles/CMakeScratch/
libfyaml-0.9.3/examples/build/CMakeFiles/TargetDirectories.txt
libfyaml-0.9.3/examples/build/CMakeFiles/acc_gen.dir/
libfyaml-0.9.3/examples/build/CMakeFiles/acc_gen.dir/compiler_depend.ts
libfyaml-0.9.3/examples/build/CMakeFiles/acc_gen.dir/build.make
libfyaml-0.9.3/examples/build/CMakeFiles/acc_gen.dir/progress.make
libfyaml-0.9.3/examples/build/CMakeFiles/acc_gen.dir/cmake_clean.cmake
libfyaml-0.9.3/examples/build/CMakeFiles/acc_gen.dir/compiler_depend.make
libfyaml-0.9.3/examples/build/CMakeFiles/acc_gen.dir/DependInfo.cmake
libfyaml-0.9.3/examples/build/CMakeFiles/build-from-scratch.dir/
libfyaml-0.9.3/examples/build/CMakeFiles/build-from-scratch.dir/build-from-scratch.c.o
libfyaml-0.9.3/examples/build/CMakeFiles/build-from-scratch.dir/compiler_depend.ts
libfyaml-0.9.3/examples/build/CMakeFiles/build-from-scratch.dir/flags.make
libfyaml-0.9.3/examples/build/CMakeFiles/build-from-scratch.dir/depend.make
libfyaml-0.9.3/examples/build/CMakeFiles/build-from-scratch.dir/build.make
libfyaml-0.9.3/examples/build/CMakeFiles/build-from-scratch.dir/progress.make
libfyaml-0.9.3/examples/build/CMakeFiles/build-from-scratch.dir/compiler_depend.internal
libfyaml-0.9.3/examples/build/CMakeFiles/build-from-scratch.dir/cmake_clean.cmake
libfyaml-0.9.3/examples/build/CMakeFiles/build-from-scratch.dir/build-from-scratch.c.o.d
libfyaml-0.9.3/examples/build/CMakeFiles/build-from-scratch.dir/compiler_depend.make
libfyaml-0.9.3/examples/build/CMakeFiles/build-from-scratch.dir/DependInfo.cmake
libfyaml-0.9.3/examples/build/CMakeFiles/build-from-scratch.dir/link.txt
libfyaml-0.9.3/examples/build/CMakeFiles/document-manipulation.dir/
libfyaml-0.9.3/examples/build/CMakeFiles/document-manipulation.dir/compiler_depend.ts
libfyaml-0.9.3/examples/build/CMakeFiles/document-manipulation.dir/flags.make
libfyaml-0.9.3/examples/build/CMakeFiles/document-manipulation.dir/depend.make
libfyaml-0.9.3/examples/build/CMakeFiles/document-manipulation.dir/build.make
libfyaml-0.9.3/examples/build/CMakeFiles/document-manipulation.dir/progress.make
libfyaml-0.9.3/examples/build/CMakeFiles/document-manipulation.dir/compiler_depend.internal
libfyaml-0.9.3/examples/build/CMakeFiles/document-manipulation.dir/cmake_clean.cmake
libfyaml-0.9.3/examples/build/CMakeFiles/document-manipulation.dir/document-manipulation.c.o
libfyaml-0.9.3/examples/build/CMakeFiles/document-manipulation.dir/document-manipulation.c.o.d
libfyaml-0.9.3/examples/build/CMakeFiles/document-manipulation.dir/compiler_depend.make
libfyaml-0.9.3/examples/build/CMakeFiles/document-manipulation.dir/DependInfo.cmake
libfyaml-0.9.3/examples/build/CMakeFiles/document-manipulation.dir/link.txt
libfyaml-0.9.3/examples/build/CMakeFiles/quick-start.dir/
libfyaml-0.9.3/examples/build/CMakeFiles/quick-start.dir/compiler_depend.ts
libfyaml-0.9.3/examples/build/CMakeFiles/quick-start.dir/flags.make
libfyaml-0.9.3/examples/build/CMakeFiles/quick-start.dir/depend.make
libfyaml-0.9.3/examples/build/CMakeFiles/quick-start.dir/build.make
libfyaml-0.9.3/examples/build/CMakeFiles/quick-start.dir/progress.make
libfyaml-0.9.3/examples/build/CMakeFiles/quick-start.dir/compiler_depend.internal
libfyaml-0.9.3/examples/build/CMakeFiles/quick-start.dir/cmake_clean.cmake
libfyaml-0.9.3/examples/build/CMakeFiles/quick-start.dir/quick-start.c.o.d
libfyaml-0.9.3/examples/build/CMakeFiles/quick-start.dir/compiler_depend.make
libfyaml-0.9.3/examples/build/CMakeFiles/quick-start.dir/DependInfo.cmake
libfyaml-0.9.3/examples/build/CMakeFiles/quick-start.dir/quick-start.c.o
libfyaml-0.9.3/examples/build/CMakeFiles/quick-start.dir/link.txt
libfyaml-0.9.3/examples/build/CMakeFiles/CMakeConfigureLog.yaml
libfyaml-0.9.3/examples/build/CMakeFiles/CMakeDirectoryInformation.cmake
libfyaml-0.9.3/examples/build/CMakeFiles/Makefile2
libfyaml-0.9.3/examples/build/CMakeFiles/pkgRedirects/
libfyaml-0.9.3/examples/build/CMakeFiles/path-queries.dir/
libfyaml-0.9.3/examples/build/CMakeFiles/path-queries.dir/compiler_depend.ts
libfyaml-0.9.3/examples/build/CMakeFiles/path-queries.dir/flags.make
libfyaml-0.9.3/examples/build/CMakeFiles/path-queries.dir/depend.make
libfyaml-0.9.3/examples/build/CMakeFiles/path-queries.dir/build.make
libfyaml-0.9.3/examples/build/CMakeFiles/path-queries.dir/path-queries.c.o
libfyaml-0.9.3/examples/build/CMakeFiles/path-queries.dir/progress.make
libfyaml-0.9.3/examples/build/CMakeFiles/path-queries.dir/compiler_depend.internal
libfyaml-0.9.3/examples/build/CMakeFiles/path-queries.dir/cmake_clean.cmake
libfyaml-0.9.3/examples/build/CMakeFiles/path-queries.dir/path-queries.c.o.d
libfyaml-0.9.3/examples/build/CMakeFiles/path-queries.dir/compiler_depend.make
libfyaml-0.9.3/examples/build/CMakeFiles/path-queries.dir/DependInfo.cmake
libfyaml-0.9.3/examples/build/CMakeFiles/path-queries.dir/link.txt
libfyaml-0.9.3/examples/build/CMakeFiles/intrinsics_gen.dir/
libfyaml-0.9.3/examples/build/CMakeFiles/intrinsics_gen.dir/compiler_depend.ts
libfyaml-0.9.3/examples/build/CMakeFiles/intrinsics_gen.dir/build.make
libfyaml-0.9.3/examples/build/CMakeFiles/intrinsics_gen.dir/progress.make
libfyaml-0.9.3/examples/build/CMakeFiles/intrinsics_gen.dir/cmake_clean.cmake
libfyaml-0.9.3/examples/build/CMakeFiles/intrinsics_gen.dir/compiler_depend.make
libfyaml-0.9.3/examples/build/CMakeFiles/intrinsics_gen.dir/DependInfo.cmake
libfyaml-0.9.3/examples/build/CMakeFiles/3.28.3/
libfyaml-0.9.3/examples/build/CMakeFiles/3.28.3/CMakeDetermineCompilerABI_C.bin
libfyaml-0.9.3/examples/build/CMakeFiles/3.28.3/CMakeSystem.cmake
libfyaml-0.9.3/examples/build/CMakeFiles/3.28.3/CompilerIdC/
libfyaml-0.9.3/examples/build/CMakeFiles/3.28.3/CompilerIdC/tmp/
libfyaml-0.9.3/examples/build/CMakeFiles/3.28.3/CompilerIdC/a.out
libfyaml-0.9.3/examples/build/CMakeFiles/3.28.3/CompilerIdC/CMakeCCompilerId.c
libfyaml-0.9.3/examples/build/CMakeFiles/3.28.3/CMakeCCompiler.cmake
libfyaml-0.9.3/examples/build/CMakeFiles/basic-parsing.dir/
libfyaml-0.9.3/examples/build/CMakeFiles/basic-parsing.dir/compiler_depend.ts
libfyaml-0.9.3/examples/build/CMakeFiles/basic-parsing.dir/flags.make
libfyaml-0.9.3/examples/build/CMakeFiles/basic-parsing.dir/depend.make
libfyaml-0.9.3/examples/build/CMakeFiles/basic-parsing.dir/build.make
libfyaml-0.9.3/examples/build/CMakeFiles/basic-parsing.dir/basic-parsing.c.o
libfyaml-0.9.3/examples/build/CMakeFiles/basic-parsing.dir/progress.make
libfyaml-0.9.3/examples/build/CMakeFiles/basic-parsing.dir/compiler_depend.internal
libfyaml-0.9.3/examples/build/CMakeFiles/basic-parsing.dir/cmake_clean.cmake
libfyaml-0.9.3/examples/build/CMakeFiles/basic-parsing.dir/basic-parsing.c.o.d
libfyaml-0.9.3/examples/build/CMakeFiles/basic-parsing.dir/compiler_depend.make
libfyaml-0.9.3/examples/build/CMakeFiles/basic-parsing.dir/DependInfo.cmake
libfyaml-0.9.3/examples/build/CMakeFiles/basic-parsing.dir/link.txt
libfyaml-0.9.3/examples/build/CMakeFiles/Makefile.cmake
libfyaml-0.9.3/examples/build/CMakeFiles/cmake.check_cache
libfyaml-0.9.3/examples/build/CMakeFiles/progress.marks
libfyaml-0.9.3/examples/build/CMakeFiles/clang-tablegen-targets.dir/
libfyaml-0.9.3/examples/build/CMakeFiles/clang-tablegen-targets.dir/compiler_depend.ts
libfyaml-0.9.3/examples/build/CMakeFiles/clang-tablegen-targets.dir/build.make
libfyaml-0.9.3/examples/build/CMakeFiles/clang-tablegen-targets.dir/progress.make
libfyaml-0.9.3/examples/build/CMakeFiles/clang-tablegen-targets.dir/cmake_clean.cmake
libfyaml-0.9.3/examples/build/CMakeFiles/clang-tablegen-targets.dir/compiler_depend.make
libfyaml-0.9.3/examples/build/CMakeFiles/clang-tablegen-targets.dir/DependInfo.cmake
libfyaml-0.9.3/examples/build/CMakeFiles/event-streaming.dir/
libfyaml-0.9.3/examples/build/CMakeFiles/event-streaming.dir/compiler_depend.ts
libfyaml-0.9.3/examples/build/CMakeFiles/event-streaming.dir/flags.make
libfyaml-0.9.3/examples/build/CMakeFiles/event-streaming.dir/depend.make
libfyaml-0.9.3/examples/build/CMakeFiles/event-streaming.dir/build.make
libfyaml-0.9.3/examples/build/CMakeFiles/event-streaming.dir/progress.make
libfyaml-0.9.3/examples/build/CMakeFiles/event-streaming.dir/event-streaming.c.o
libfyaml-0.9.3/examples/build/CMakeFiles/event-streaming.dir/compiler_depend.internal
libfyaml-0.9.3/examples/build/CMakeFiles/event-streaming.dir/cmake_clean.cmake
libfyaml-0.9.3/examples/build/CMakeFiles/event-streaming.dir/event-streaming.c.o.d
libfyaml-0.9.3/examples/build/CMakeFiles/event-streaming.dir/compiler_depend.make
libfyaml-0.9.3/examples/build/CMakeFiles/event-streaming.dir/DependInfo.cmake
libfyaml-0.9.3/examples/build/CMakeFiles/event-streaming.dir/link.txt
libfyaml-0.9.3/examples/build/document-manipulation
libfyaml-0.9.3/examples/event-streaming.c
libfyaml-0.9.3/examples/README.md
libfyaml-0.9.3/AUTHORS
libfyaml-0.9.3/config.h.in
libfyaml-0.9.3/Makefile.am
libfyaml-0.9.3/README.md
checking for m4... /usr/bin/m4
checking build system type... x86_64-pc-linux-gnu
checking host system type... x86_64-pc-linux-gnu
checking target system type... x86_64-pc-linux-gnu
checking for a BSD-compatible install... /usr/bin/install -c
checking whether build environment is sane... yes
checking for a race-free mkdir -p... /usr/bin/mkdir -p
checking for gawk... gawk
checking whether make sets $(MAKE)... yes
checking whether make supports nested variables... yes
checking whether to enable debugging... no
checking for gcc... gcc
checking whether the C compiler works... yes
checking for C compiler default output file name... a.out
checking for suffix of executables... 
checking whether we are cross compiling... no
checking for suffix of object files... o
checking whether the compiler supports GNU C... yes
checking whether gcc accepts -g... yes
checking for gcc option to enable C11 features... none needed
checking whether gcc understands -c and -o together... yes
checking whether make supports the include directive... yes (GNU style)
checking dependency style of gcc... gcc3
checking dependency style of gcc... gcc3
checking how to run the C preprocessor... gcc -E
checking for grep that handles long lines and -e... /usr/bin/grep
checking for egrep... /usr/bin/grep -E
checking whether gcc needs -traditional... no
checking for stdio.h... yes
checking for stdlib.h... yes
checking for string.h... yes
checking for inttypes.h... yes
checking for stdint.h... yes
checking for strings.h... yes
checking for sys/stat.h... yes
checking for sys/types.h... yes
checking for unistd.h... yes
checking for wchar.h... yes
checking for minix/config.h... no
checking whether it is safe to define __EXTENSIONS__... yes
checking whether _XOPEN_SOURCE should be defined... no
checking for ar... ar
checking the archiver (ar) interface... ar
checking for g++... g++
checking whether the compiler supports GNU C++... yes
checking whether g++ accepts -g... yes
checking for g++ option to enable C++11 features... none needed
checking dependency style of g++... gcc3
checking for gawk... (cached) gawk
checking whether ln -s works... yes
checking for the pthreads library -lpthreads... no
checking whether pthreads work without any flags... yes
checking for joinable pthread attribute... PTHREAD_CREATE_JOINABLE
checking if more special flags are required for pthreads... no
checking for PTHREAD_PRIO_INHERIT... yes
checking for pkg-config... /usr/bin/pkg-config
checking pkg-config is at least version 0.9.0... yes
checking how to print strings... printf
checking for a sed that does not truncate output... /usr/bin/sed
checking for fgrep... /usr/bin/grep -F
checking for ld used by gcc... /usr/bin/ld
checking if the linker (/usr/bin/ld) is GNU ld... yes
checking for BSD- or MS-compatible name lister (nm)... /usr/bin/nm -B
checking the name lister (/usr/bin/nm -B) interface... BSD nm
checking the maximum length of command line arguments... 1572864
checking how to convert x86_64-pc-linux-gnu file names to x86_64-pc-linux-gnu format... func_convert_file_noop
checking how to convert x86_64-pc-linux-gnu file names to toolchain format... func_convert_file_noop
checking for /usr/bin/ld option to reload object files... -r
checking for file... file
checking for objdump... objdump
checking how to recognize dependent libraries... pass_all
checking for dlltool... no
checking how to associate runtime and link libraries... printf %s\n
checking for archiver @FILE support... @
checking for strip... strip
checking for ranlib... ranlib
checking command to parse /usr/bin/nm -B output from gcc object... ok
checking for sysroot... no
checking for a working dd... /usr/bin/dd
checking how to truncate binary pipes... /usr/bin/dd bs=4096 count=1
checking for mt... mt
checking if mt is a manifest tool... no
checking for dlfcn.h... yes
checking for objdir... .libs
checking if gcc supports -fno-rtti -fno-exceptions... no
checking for gcc option to produce PIC... -fPIC -DPIC
checking if gcc PIC flag -fPIC -DPIC works... yes
checking if gcc static flag -static works... yes
checking if gcc supports -c -o file.o... yes
checking if gcc supports -c -o file.o... (cached) yes
checking whether the gcc linker (/usr/bin/ld -m elf_x86_64) supports shared libraries... yes
checking whether -lc should be explicitly linked in... no
checking dynamic linker characteristics... GNU/Linux ld.so
checking how to hardcode library paths into programs... immediate
checking for shl_load... no
checking for shl_load in -ldld... no
checking for dlopen... yes
checking whether a program can dlopen itself... yes
checking whether a statically linked program can dlopen itself... no
checking whether stripping libraries is possible... yes
checking if libtool supports shared libraries... yes
checking whether to build shared libraries... yes
checking whether to build static libraries... yes
checking how to run the C++ preprocessor... g++ -E
checking for ld used by g++... /usr/bin/ld -m elf_x86_64
checking if the linker (/usr/bin/ld -m elf_x86_64) is GNU ld... yes
checking whether the g++ linker (/usr/bin/ld -m elf_x86_64) supports shared libraries... yes
/usr/bin/grep: warning: stray \ before -
checking for g++ option to produce PIC... -fPIC -DPIC
checking if g++ PIC flag -fPIC -DPIC works... yes
checking if g++ static flag -static works... yes
checking if g++ supports -c -o file.o... yes
checking if g++ supports -c -o file.o... (cached) yes
checking whether the g++ linker (/usr/bin/ld -m elf_x86_64) supports shared libraries... yes
checking dynamic linker characteristics... (cached) GNU/Linux ld.so
checking how to hardcode library paths into programs... immediate
checking for an ANSI C-conforming const... yes
checking whether byte ordering is bigendian... no
checking for pid_t... yes
checking for size_t... yes
checking for ssize_t... yes
checking for off_t... yes
checking for uid_t in sys/types.h... yes
checking for gcc options needed to detect all undeclared functions... none needed
checking whether environ is declared... yes
checking for alloca.h... yes
checking for byteswap.h... yes
checking for __builtin_bswap16... no
checking for __builtin_bswap32... no
checking for __builtin_bswap64... no
checking whether C compiler accepts -Wall... yes
checking whether C compiler accepts -Wsign-compare... yes
checking whether C compiler accepts -Wno-stringop-overflow... yes
checking whether C compiler accepts -fvisibility=hidden... yes
checking whether C compiler accepts -Wno-unused-function... yes
checking whether C compiler accepts -Wno-tautological-constant-out-of-range-compare... yes
checking whether C compiler accepts -std=c2x... yes
checking whether C compiler accepts -Wstringop-overread... yes
checking whether C compiler accepts -Wstrict-aliasing... yes
checking whether C compiler accepts -msse2... yes
checking whether C compiler accepts -msse4.1... yes
checking whether C compiler accepts -mavx2... yes
checking whether C compiler accepts -mavx512f -mavx512vl... yes
checking for qsort_r... yes
checking for mremap... yes
checking for  yaml-0.1 ... yes
checking for  check ... yes
checking for srunner_set_tap... yes
checking for sphinx-build... no
checking for git... /usr/bin/git
checking for docker... /usr/bin/docker
checking for jq... no
checking for llvm-config... /usr/bin/llvm-config
checking for clang_createIndex in -lclang... yes
checking for clang-c/Index.h... yes
checking for Clang compiler... no
checking for GCC compiler... yes
checking whether C compiler accepts -ftrampoline-impl=heap... yes
configure: GCC heap trampolines enabled (-ftrampoline-impl=heap)
checking for sed... /usr/bin/sed
checking that generated files are newer than configure... done
configure: creating ./config.status
config.status: creating build-aux/shave
config.status: creating build-aux/shave-libtool
config.status: creating Makefile
config.status: creating src/Makefile
config.status: creating test/Makefile
config.status: creating doc/Makefile
config.status: creating libfyaml.pc
config.status: creating config.h
config.status: executing depfiles commands
config.status: executing libtool commands

 ---{ libfyaml 0.9.3 }---

    VERSION:               0.9.3
    MAJOR.MINOR:           0.9
    PATCH:                 3
    EXTRA:                 
    LIBTOOL_VERSION:       2:0:0
    prefix:                /usr
    Build system:          x86_64-pc-linux-gnu
    Host system:           x86_64-pc-linux-gnu
    Target system:         x86_64-pc-linux-gnu
    Cross compiling:       0
    C compiler:            /bin/sh /blfs/builds/libfyaml-0.9.3/build-aux/shave cc gcc
    Linker:                /usr/bin/ld -m elf_x86_64
    CFLAGS:                -O2 -Wall -Wsign-compare -Wno-stringop-overflow -fvisibility=hidden -Wno-unused-function -Wno-tautological-constant-out-of-range-compare -std=c2x -O2 -ftrampoline-impl=heap
    LDFLAGS:               
    LIBS:                   -lpthread
    HAVE_ASAN:             0
    HAVE_CHECK:            1
    HAVE_COMPATIBLE_CHECK: 1
    HAVE_NETWORK:          1
    HAVE_DEVMODE:          1
    HAVE_SPHINX:           0
    GIT:                   /usr/bin/git
    DOCKER:                /usr/bin/docker
    HAVE_LIBCLANG:         1
    LIBCLANG_LIBS:         -lclang -lLLVM-21 
    HAVE_CLANG_BLOCKS:     0
    HAVE_HEAP_TRAMPOLINES: 1
    TESTSUITEURL:          https://github.com/yaml/yaml-test-suite
    TESTSUITECHECKOUT:     6e6c296ae9c9d2d5c4134b4b64d01b29ac19ff6f
    JSONTESTSUITEURL:      https://github.com/nst/JSONTestSuite
    JSONTESTSUITECHECKOUT: d64aefb55228d9584d3e5b2433f720ea8fd00c82


Making all in src
  CC    tool/fy_tool-fy-tool-dump.o
  CC    tool/fy_tool-fy-tool.o
  CC    tool/fy_tool-fy-tool-util.o
  CC    lib/fy-docstate.o
  CC    lib/fy-dump.o
  CC    lib/fy-types.o
  CC    lib/fy-atom.o
  CC    lib/fy-token.o
  CC    lib/fy-diag.o
  CC    lib/fy-parse.o
  CC    lib/fy-input.o
  CC    lib/fy-doc.o
  CC    lib/fy-docbuilder.o
  CC    lib/fy-emit.o
  CC    lib/fy-event.o
  CC    lib/fy-accel.o
  CC    lib/fy-walk.o
  CC    lib/fy-path.o
  CC    lib/fy-composer.o
  CC    lib/fy-parse-diag.o
  CC    lib/fy-input-diag.o
  CC    lib/fy-doc-diag.o
  CC    lib/fy-docbuilder-diag.o
  CC    util/fy-utf8.o
  CC    util/fy-ctype.o
  CC    util/fy-utils.o
  CC    lib/fy-composer-diag.o
  CC    util/fy-blob.o
  CC    xxhash/xxhash.o
  CC    thread/fy-thread.o
  CC    allocator/fy-allocator.o
  CC    allocator/fy-allocator-linear.o
  CC    allocator/fy-allocator-malloc.o
  CC    allocator/fy-allocator-mremap.o
  CC    allocator/fy-allocator-dedup.o
  CC    allocator/fy-allocator-auto.o
  CC    blake3/blake3_host_state.o
  CC    blake3/blake3_backend.o
  CC    blake3/blake3_be_cpusimd.o
  CC    blake3/fy-blake3.o
  CC    blake3/blake3_portable.o
  CC    blake3/blake3.o
  AS    blake3/blake3_sse2_x86-64_unix.o
  CC    blake3/blake3.o
  CC    blake3/blake3_sse2.o
  CC    blake3/blake3_sse41.o
  AS    blake3/blake3_sse41_x86-64_unix.o
  CC    blake3/blake3.o
  CC    blake3/blake3_avx2.o
  AS    blake3/blake3_avx2_x86-64_unix.o
  CC    blake3/blake3.o
  CC    blake3/blake3_avx512.o
  AS    blake3/blake3_avx512_x86-64_unix.o
  CC    internal/libfyaml_parser-libfyaml-parser.o
  CC    internal/fy_thread-fy-thread.o
  CC    internal/fy_b3sum-fy-b3sum.o
  CC    blake3/blake3.o
  CC    internal/fy_allocators-fy-allocators.o
  LINK  libb3portable.la
  LINK  libb3avx2.la
  LINK  libb3sse41.la
  LINK  libb3sse2.la
  LINK  libb3avx512.la
  LINK  libfyaml.la
  LINK  fy-tool
  LINK  fy-thread
  LINK  libfyaml-parser
  LINK  fy-allocators
  LINK  fy-b3sum
Making all in test
Making all in doc
Making install in src
 /usr/bin/mkdir -p '/pkgs/libfyaml/usr/lib'
 /bin/sh /blfs/builds/libfyaml-0.9.3/build-aux/shave-libtool '/bin/sh ../libtool'   --mode=install /usr/bin/install -c   libfyaml.la '/pkgs/libfyaml/usr/lib'

libtool: warning: remember to run 'libtool --finish /usr/lib'
 /usr/bin/mkdir -p '/pkgs/libfyaml/usr/bin'
  /bin/sh /blfs/builds/libfyaml-0.9.3/build-aux/shave-libtool '/bin/sh ../libtool'   --mode=install /usr/bin/install -c fy-tool '/pkgs/libfyaml/usr/bin'

 /usr/bin/mkdir -p '/pkgs/libfyaml/usr/include'
 /usr/bin/install -c -m 644 ../include/libfyaml.h '/pkgs/libfyaml/usr/include'
Making install in test
Making install in doc
 /usr/bin/mkdir -p '/pkgs/libfyaml/usr/lib/pkgconfig'
 /usr/bin/install -c -m 644 libfyaml.pc '/pkgs/libfyaml/usr/lib/pkgconfig'
Making install in src
 /usr/bin/mkdir -p '/usr/lib'
 /bin/sh /blfs/builds/libfyaml-0.9.3/build-aux/shave-libtool '/bin/sh ../libtool'   --mode=install /usr/bin/install -c   libfyaml.la '/usr/lib'

 /usr/bin/mkdir -p '/usr/bin'
  /bin/sh /blfs/builds/libfyaml-0.9.3/build-aux/shave-libtool '/bin/sh ../libtool'   --mode=install /usr/bin/install -c fy-tool '/usr/bin'

 /usr/bin/mkdir -p '/usr/include'
 /usr/bin/install -c -m 644 ../include/libfyaml.h '/usr/include'
Making install in test
Making install in doc
 /usr/bin/mkdir -p '/usr/lib/pkgconfig'
 /usr/bin/install -c -m 644 libfyaml.pc '/usr/lib/pkgconfig'
libfyaml/
libfyaml/usr/
libfyaml/usr/include/
libfyaml/usr/include/libfyaml.h
libfyaml/usr/share/
libfyaml/usr/share/man/
libfyaml/usr/share/man/man1/
libfyaml/usr/share/man/man1/fy-ypath.1
libfyaml/usr/share/man/man1/fy-testsuite.1
libfyaml/usr/share/man/man1/fy-filter.1
libfyaml/usr/share/man/man1/fy-tool.1
libfyaml/usr/share/man/man1/fy-dump.1
libfyaml/usr/share/man/man1/fy-compose.1
libfyaml/usr/share/man/man1/fy-join.1
libfyaml/usr/bin/
libfyaml/usr/bin/fy-compose
libfyaml/usr/bin/fy-dump
libfyaml/usr/bin/fy-ypath
libfyaml/usr/bin/fy-join
libfyaml/usr/bin/fy-testsuite
libfyaml/usr/bin/fy-tool
libfyaml/usr/bin/fy-filter
libfyaml/usr/lib/
libfyaml/usr/lib/libfyaml.la
libfyaml/usr/lib/libfyaml.a
libfyaml/usr/lib/libfyaml.so.0
libfyaml/usr/lib/pkgconfig/
libfyaml/usr/lib/pkgconfig/libfyaml.pc
libfyaml/usr/lib/libfyaml.so
libfyaml/usr/lib/libfyaml.so.0.0.0
libfyaml/version
libfyaml/depends
libfyaml/make-depends
