--2026-01-23 11:15:21--  https://files.pythonhosted.org/packages/source/s/soupsieve/soupsieve-2.8.3.tar.gz
Resolving files.pythonhosted.org (files.pythonhosted.org)... 2a04:4e42:600::223, 2a04:4e42:200::223, 2a04:4e42:400::223, ...
Connecting to files.pythonhosted.org (files.pythonhosted.org)|2a04:4e42:600::223|:443... connected.
HTTP request sent, awaiting response... 302 Found
Location: https://files.pythonhosted.org/packages/7b/ae/2d9c981590ed9999a0d91755b47fc74f74de286b0f5cee14c9269041e6c4/soupsieve-2.8.3.tar.gz [following]
--2026-01-23 11:15:22--  https://files.pythonhosted.org/packages/7b/ae/2d9c981590ed9999a0d91755b47fc74f74de286b0f5cee14c9269041e6c4/soupsieve-2.8.3.tar.gz
Reusing existing connection to [files.pythonhosted.org]:443.
HTTP request sent, awaiting response... 200 OK
Length: 118627 (116K) [application/octet-stream]
Saving to: ‘soupsieve-2.8.3.tar.gz’

     0K .......... .......... .......... .......... .......... 43% 6.45M 0s
    50K .......... .......... .......... .......... .......... 86% 21.0M 0s
   100K .......... .....                                      100% 38.0M=0.01s

2026-01-23 11:15:22 (11.0 MB/s) - ‘soupsieve-2.8.3.tar.gz’ saved [118627/118627]

soupsieve-2.8.3/.pyspelling.yml
soupsieve-2.8.3/docs/src/markdown/api.md
soupsieve-2.8.3/docs/src/markdown/differences.md
soupsieve-2.8.3/docs/src/markdown/faq.md
soupsieve-2.8.3/docs/src/markdown/index.md
soupsieve-2.8.3/docs/src/markdown/.snippets/abbr.md
soupsieve-2.8.3/docs/src/markdown/.snippets/links.md
soupsieve-2.8.3/docs/src/markdown/.snippets/refs.md
soupsieve-2.8.3/docs/src/markdown/.snippets/selector_styles.md
soupsieve-2.8.3/docs/src/markdown/about/changelog.md
soupsieve-2.8.3/docs/src/markdown/about/contributing.md
soupsieve-2.8.3/docs/src/markdown/about/development.md
soupsieve-2.8.3/docs/src/markdown/about/license.md
soupsieve-2.8.3/docs/src/markdown/about/security.md
soupsieve-2.8.3/docs/src/markdown/selectors/basic.md
soupsieve-2.8.3/docs/src/markdown/selectors/combinators.md
soupsieve-2.8.3/docs/src/markdown/selectors/index.md
soupsieve-2.8.3/docs/src/markdown/selectors/pseudo-classes.md
soupsieve-2.8.3/docs/src/markdown/selectors/unsupported.md
soupsieve-2.8.3/docs/theme/announce.html
soupsieve-2.8.3/docs/theme/main.html
soupsieve-2.8.3/docs/theme/assets/pymdownx-extras/extra-95634471d6.css
soupsieve-2.8.3/docs/theme/assets/pymdownx-extras/extra-loader-Ccztcqfq.js
soupsieve-2.8.3/requirements/docs.txt
soupsieve-2.8.3/requirements/lint.txt
soupsieve-2.8.3/requirements/tests-nohtml5lib.txt
soupsieve-2.8.3/requirements/tests-nolxml.txt
soupsieve-2.8.3/requirements/tests.txt
soupsieve-2.8.3/requirements/tools.txt
soupsieve-2.8.3/soupsieve/__init__.py
soupsieve-2.8.3/soupsieve/__meta__.py
soupsieve-2.8.3/soupsieve/css_match.py
soupsieve-2.8.3/soupsieve/css_parser.py
soupsieve-2.8.3/soupsieve/css_types.py
soupsieve-2.8.3/soupsieve/pretty.py
soupsieve-2.8.3/soupsieve/py.typed
soupsieve-2.8.3/soupsieve/util.py
soupsieve-2.8.3/tests/__init__.py
soupsieve-2.8.3/tests/test_api.py
soupsieve-2.8.3/tests/test_bs4_cases.py
soupsieve-2.8.3/tests/test_quirks.py
soupsieve-2.8.3/tests/test_versions.py
soupsieve-2.8.3/tests/util.py
soupsieve-2.8.3/tests/test_extra/__init__.py
soupsieve-2.8.3/tests/test_extra/test_attribute.py
soupsieve-2.8.3/tests/test_extra/test_custom.py
soupsieve-2.8.3/tests/test_extra/test_soup_contains.py
soupsieve-2.8.3/tests/test_extra/test_soup_contains_own.py
soupsieve-2.8.3/tests/test_level1/__init__.py
soupsieve-2.8.3/tests/test_level1/test_active.py
soupsieve-2.8.3/tests/test_level1/test_at_rule.py
soupsieve-2.8.3/tests/test_level1/test_class.py
soupsieve-2.8.3/tests/test_level1/test_comments.py
soupsieve-2.8.3/tests/test_level1/test_descendant.py
soupsieve-2.8.3/tests/test_level1/test_escapes.py
soupsieve-2.8.3/tests/test_level1/test_id.py
soupsieve-2.8.3/tests/test_level1/test_link.py
soupsieve-2.8.3/tests/test_level1/test_list.py
soupsieve-2.8.3/tests/test_level1/test_pseudo_class.py
soupsieve-2.8.3/tests/test_level1/test_pseudo_element.py
soupsieve-2.8.3/tests/test_level1/test_type.py
soupsieve-2.8.3/tests/test_level1/test_visited.py
soupsieve-2.8.3/tests/test_level2/__init__.py
soupsieve-2.8.3/tests/test_level2/test_attribute.py
soupsieve-2.8.3/tests/test_level2/test_child.py
soupsieve-2.8.3/tests/test_level2/test_first_child.py
soupsieve-2.8.3/tests/test_level2/test_focus.py
soupsieve-2.8.3/tests/test_level2/test_hover.py
soupsieve-2.8.3/tests/test_level2/test_lang.py
soupsieve-2.8.3/tests/test_level2/test_next_sibling.py
soupsieve-2.8.3/tests/test_level2/test_universal_type.py
soupsieve-2.8.3/tests/test_level3/__init__.py
soupsieve-2.8.3/tests/test_level3/test_attribute.py
soupsieve-2.8.3/tests/test_level3/test_checked.py
soupsieve-2.8.3/tests/test_level3/test_disabled.py
soupsieve-2.8.3/tests/test_level3/test_empty.py
soupsieve-2.8.3/tests/test_level3/test_enabled.py
soupsieve-2.8.3/tests/test_level3/test_first_of_type.py
soupsieve-2.8.3/tests/test_level3/test_last_child.py
soupsieve-2.8.3/tests/test_level3/test_last_of_type.py
soupsieve-2.8.3/tests/test_level3/test_namespace.py
soupsieve-2.8.3/tests/test_level3/test_not.py
soupsieve-2.8.3/tests/test_level3/test_nth_child.py
soupsieve-2.8.3/tests/test_level3/test_nth_last_child.py
soupsieve-2.8.3/tests/test_level3/test_nth_last_of_type.py
soupsieve-2.8.3/tests/test_level3/test_nth_of_type.py
soupsieve-2.8.3/tests/test_level3/test_only_child.py
soupsieve-2.8.3/tests/test_level3/test_only_of_type.py
soupsieve-2.8.3/tests/test_level3/test_root.py
soupsieve-2.8.3/tests/test_level3/test_subsequent_sibling.py
soupsieve-2.8.3/tests/test_level3/test_target.py
soupsieve-2.8.3/tests/test_level4/__init__.py
soupsieve-2.8.3/tests/test_level4/test_any_link.py
soupsieve-2.8.3/tests/test_level4/test_attribute.py
soupsieve-2.8.3/tests/test_level4/test_current.py
soupsieve-2.8.3/tests/test_level4/test_default.py
soupsieve-2.8.3/tests/test_level4/test_defined.py
soupsieve-2.8.3/tests/test_level4/test_dir.py
soupsieve-2.8.3/tests/test_level4/test_focus_visible.py
soupsieve-2.8.3/tests/test_level4/test_focus_within.py
soupsieve-2.8.3/tests/test_level4/test_future.py
soupsieve-2.8.3/tests/test_level4/test_has.py
soupsieve-2.8.3/tests/test_level4/test_host.py
soupsieve-2.8.3/tests/test_level4/test_host_context.py
soupsieve-2.8.3/tests/test_level4/test_in_range.py
soupsieve-2.8.3/tests/test_level4/test_indeterminate.py
soupsieve-2.8.3/tests/test_level4/test_is.py
soupsieve-2.8.3/tests/test_level4/test_lang.py
soupsieve-2.8.3/tests/test_level4/test_local_link.py
soupsieve-2.8.3/tests/test_level4/test_matches.py
soupsieve-2.8.3/tests/test_level4/test_muted.py
soupsieve-2.8.3/tests/test_level4/test_not.py
soupsieve-2.8.3/tests/test_level4/test_nth_child.py
soupsieve-2.8.3/tests/test_level4/test_nth_last_child.py
soupsieve-2.8.3/tests/test_level4/test_open.py
soupsieve-2.8.3/tests/test_level4/test_optional.py
soupsieve-2.8.3/tests/test_level4/test_out_of_range.py
soupsieve-2.8.3/tests/test_level4/test_past.py
soupsieve-2.8.3/tests/test_level4/test_paused.py
soupsieve-2.8.3/tests/test_level4/test_placeholder_shown.py
soupsieve-2.8.3/tests/test_level4/test_playing.py
soupsieve-2.8.3/tests/test_level4/test_read_only.py
soupsieve-2.8.3/tests/test_level4/test_read_write.py
soupsieve-2.8.3/tests/test_level4/test_required.py
soupsieve-2.8.3/tests/test_level4/test_scope.py
soupsieve-2.8.3/tests/test_level4/test_target_within.py
soupsieve-2.8.3/tests/test_level4/test_user_invalid.py
soupsieve-2.8.3/tests/test_level4/test_where.py
soupsieve-2.8.3/tests/test_nesting_1/__init__.py
soupsieve-2.8.3/tests/test_nesting_1/test_amp.py
soupsieve-2.8.3/.gitignore
soupsieve-2.8.3/LICENSE.md
soupsieve-2.8.3/README.md
soupsieve-2.8.3/hatch_build.py
soupsieve-2.8.3/pyproject.toml
soupsieve-2.8.3/PKG-INFO
* Creating isolated environment: venv+pip...
* Installing packages in isolated environment:
  - hatchling>=0.21.1
* Getting build dependencies for wheel...
* Building wheel...
Successfully built soupsieve-2.8.3-py3-none-any.whl
'/pkgs/python-soupsieve/usr/lib/python3.14/site-packages/soupsieve/__init__.py' -> '/usr/lib/python3.14/site-packages/soupsieve/__init__.py'
'/pkgs/python-soupsieve/usr/lib/python3.14/site-packages/soupsieve/__meta__.py' -> '/usr/lib/python3.14/site-packages/soupsieve/__meta__.py'
'/pkgs/python-soupsieve/usr/lib/python3.14/site-packages/soupsieve/css_match.py' -> '/usr/lib/python3.14/site-packages/soupsieve/css_match.py'
'/pkgs/python-soupsieve/usr/lib/python3.14/site-packages/soupsieve/css_parser.py' -> '/usr/lib/python3.14/site-packages/soupsieve/css_parser.py'
'/pkgs/python-soupsieve/usr/lib/python3.14/site-packages/soupsieve/css_types.py' -> '/usr/lib/python3.14/site-packages/soupsieve/css_types.py'
'/pkgs/python-soupsieve/usr/lib/python3.14/site-packages/soupsieve/pretty.py' -> '/usr/lib/python3.14/site-packages/soupsieve/pretty.py'
'/pkgs/python-soupsieve/usr/lib/python3.14/site-packages/soupsieve/py.typed' -> '/usr/lib/python3.14/site-packages/soupsieve/py.typed'
'/pkgs/python-soupsieve/usr/lib/python3.14/site-packages/soupsieve/util.py' -> '/usr/lib/python3.14/site-packages/soupsieve/util.py'
'/pkgs/python-soupsieve/usr/lib/python3.14/site-packages/soupsieve/__pycache__/__init__.cpython-314.pyc' -> '/usr/lib/python3.14/site-packages/soupsieve/__pycache__/__init__.cpython-314.pyc'
'/pkgs/python-soupsieve/usr/lib/python3.14/site-packages/soupsieve/__pycache__/__init__.cpython-314.opt-1.pyc' -> '/usr/lib/python3.14/site-packages/soupsieve/__pycache__/__init__.cpython-314.opt-1.pyc'
'/pkgs/python-soupsieve/usr/lib/python3.14/site-packages/soupsieve/__pycache__/__meta__.cpython-314.pyc' -> '/usr/lib/python3.14/site-packages/soupsieve/__pycache__/__meta__.cpython-314.pyc'
'/pkgs/python-soupsieve/usr/lib/python3.14/site-packages/soupsieve/__pycache__/__meta__.cpython-314.opt-1.pyc' -> '/usr/lib/python3.14/site-packages/soupsieve/__pycache__/__meta__.cpython-314.opt-1.pyc'
'/pkgs/python-soupsieve/usr/lib/python3.14/site-packages/soupsieve/__pycache__/css_match.cpython-314.pyc' -> '/usr/lib/python3.14/site-packages/soupsieve/__pycache__/css_match.cpython-314.pyc'
'/pkgs/python-soupsieve/usr/lib/python3.14/site-packages/soupsieve/__pycache__/css_match.cpython-314.opt-1.pyc' -> '/usr/lib/python3.14/site-packages/soupsieve/__pycache__/css_match.cpython-314.opt-1.pyc'
'/pkgs/python-soupsieve/usr/lib/python3.14/site-packages/soupsieve/__pycache__/css_parser.cpython-314.pyc' -> '/usr/lib/python3.14/site-packages/soupsieve/__pycache__/css_parser.cpython-314.pyc'
'/pkgs/python-soupsieve/usr/lib/python3.14/site-packages/soupsieve/__pycache__/css_parser.cpython-314.opt-1.pyc' -> '/usr/lib/python3.14/site-packages/soupsieve/__pycache__/css_parser.cpython-314.opt-1.pyc'
'/pkgs/python-soupsieve/usr/lib/python3.14/site-packages/soupsieve/__pycache__/css_types.cpython-314.pyc' -> '/usr/lib/python3.14/site-packages/soupsieve/__pycache__/css_types.cpython-314.pyc'
'/pkgs/python-soupsieve/usr/lib/python3.14/site-packages/soupsieve/__pycache__/css_types.cpython-314.opt-1.pyc' -> '/usr/lib/python3.14/site-packages/soupsieve/__pycache__/css_types.cpython-314.opt-1.pyc'
'/pkgs/python-soupsieve/usr/lib/python3.14/site-packages/soupsieve/__pycache__/pretty.cpython-314.pyc' -> '/usr/lib/python3.14/site-packages/soupsieve/__pycache__/pretty.cpython-314.pyc'
'/pkgs/python-soupsieve/usr/lib/python3.14/site-packages/soupsieve/__pycache__/pretty.cpython-314.opt-1.pyc' -> '/usr/lib/python3.14/site-packages/soupsieve/__pycache__/pretty.cpython-314.opt-1.pyc'
'/pkgs/python-soupsieve/usr/lib/python3.14/site-packages/soupsieve/__pycache__/util.cpython-314.pyc' -> '/usr/lib/python3.14/site-packages/soupsieve/__pycache__/util.cpython-314.pyc'
'/pkgs/python-soupsieve/usr/lib/python3.14/site-packages/soupsieve/__pycache__/util.cpython-314.opt-1.pyc' -> '/usr/lib/python3.14/site-packages/soupsieve/__pycache__/util.cpython-314.opt-1.pyc'
'/pkgs/python-soupsieve/usr/lib/python3.14/site-packages/soupsieve-2.8.3.dist-info' -> '/usr/lib/python3.14/site-packages/soupsieve-2.8.3.dist-info'
'/pkgs/python-soupsieve/usr/lib/python3.14/site-packages/soupsieve-2.8.3.dist-info/METADATA' -> '/usr/lib/python3.14/site-packages/soupsieve-2.8.3.dist-info/METADATA'
'/pkgs/python-soupsieve/usr/lib/python3.14/site-packages/soupsieve-2.8.3.dist-info/WHEEL' -> '/usr/lib/python3.14/site-packages/soupsieve-2.8.3.dist-info/WHEEL'
'/pkgs/python-soupsieve/usr/lib/python3.14/site-packages/soupsieve-2.8.3.dist-info/licenses' -> '/usr/lib/python3.14/site-packages/soupsieve-2.8.3.dist-info/licenses'
'/pkgs/python-soupsieve/usr/lib/python3.14/site-packages/soupsieve-2.8.3.dist-info/licenses/LICENSE.md' -> '/usr/lib/python3.14/site-packages/soupsieve-2.8.3.dist-info/licenses/LICENSE.md'
'/pkgs/python-soupsieve/usr/lib/python3.14/site-packages/soupsieve-2.8.3.dist-info/RECORD' -> '/usr/lib/python3.14/site-packages/soupsieve-2.8.3.dist-info/RECORD'
python-soupsieve/
python-soupsieve/usr/
python-soupsieve/usr/lib/
python-soupsieve/usr/lib/python3.14/
python-soupsieve/usr/lib/python3.14/site-packages/
python-soupsieve/usr/lib/python3.14/site-packages/soupsieve-2.8.3.dist-info/
python-soupsieve/usr/lib/python3.14/site-packages/soupsieve-2.8.3.dist-info/RECORD
python-soupsieve/usr/lib/python3.14/site-packages/soupsieve-2.8.3.dist-info/METADATA
python-soupsieve/usr/lib/python3.14/site-packages/soupsieve-2.8.3.dist-info/WHEEL
python-soupsieve/usr/lib/python3.14/site-packages/soupsieve-2.8.3.dist-info/licenses/
python-soupsieve/usr/lib/python3.14/site-packages/soupsieve-2.8.3.dist-info/licenses/LICENSE.md
python-soupsieve/usr/lib/python3.14/site-packages/soupsieve/
python-soupsieve/usr/lib/python3.14/site-packages/soupsieve/css_parser.py
python-soupsieve/usr/lib/python3.14/site-packages/soupsieve/css_match.py
python-soupsieve/usr/lib/python3.14/site-packages/soupsieve/__pycache__/
python-soupsieve/usr/lib/python3.14/site-packages/soupsieve/__pycache__/pretty.cpython-314.opt-1.pyc
python-soupsieve/usr/lib/python3.14/site-packages/soupsieve/__pycache__/pretty.cpython-314.pyc
python-soupsieve/usr/lib/python3.14/site-packages/soupsieve/__pycache__/css_match.cpython-314.pyc
python-soupsieve/usr/lib/python3.14/site-packages/soupsieve/__pycache__/css_types.cpython-314.opt-1.pyc
python-soupsieve/usr/lib/python3.14/site-packages/soupsieve/__pycache__/__init__.cpython-314.opt-1.pyc
python-soupsieve/usr/lib/python3.14/site-packages/soupsieve/__pycache__/css_parser.cpython-314.pyc
python-soupsieve/usr/lib/python3.14/site-packages/soupsieve/__pycache__/css_types.cpython-314.pyc
python-soupsieve/usr/lib/python3.14/site-packages/soupsieve/__pycache__/util.cpython-314.pyc
python-soupsieve/usr/lib/python3.14/site-packages/soupsieve/__pycache__/css_parser.cpython-314.opt-1.pyc
python-soupsieve/usr/lib/python3.14/site-packages/soupsieve/__pycache__/css_match.cpython-314.opt-1.pyc
python-soupsieve/usr/lib/python3.14/site-packages/soupsieve/__pycache__/__meta__.cpython-314.pyc
python-soupsieve/usr/lib/python3.14/site-packages/soupsieve/__pycache__/__init__.cpython-314.pyc
python-soupsieve/usr/lib/python3.14/site-packages/soupsieve/__pycache__/__meta__.cpython-314.opt-1.pyc
python-soupsieve/usr/lib/python3.14/site-packages/soupsieve/__pycache__/util.cpython-314.opt-1.pyc
python-soupsieve/usr/lib/python3.14/site-packages/soupsieve/util.py
python-soupsieve/usr/lib/python3.14/site-packages/soupsieve/css_types.py
python-soupsieve/usr/lib/python3.14/site-packages/soupsieve/__init__.py
python-soupsieve/usr/lib/python3.14/site-packages/soupsieve/pretty.py
python-soupsieve/usr/lib/python3.14/site-packages/soupsieve/__meta__.py
python-soupsieve/usr/lib/python3.14/site-packages/soupsieve/py.typed
python-soupsieve/version
python-soupsieve/depends
python-soupsieve/make-depends
