--2026-01-23 08:16:06--  https://pypi.org/packages/source/w/wheel/wheel-0.46.3.tar.gz
Resolving pypi.org (pypi.org)... 2a04:4e42:600::223, 2a04:4e42:400::223, 2a04:4e42:200::223, ...
Connecting to pypi.org (pypi.org)|2a04:4e42:600::223|:443... connected.
HTTP request sent, awaiting response... 301 Moved Permanently
Location: https://files.pythonhosted.org/packages/source/w/wheel/wheel-0.46.3.tar.gz [following]
--2026-01-23 08:16:06--  https://files.pythonhosted.org/packages/source/w/wheel/wheel-0.46.3.tar.gz
Resolving files.pythonhosted.org (files.pythonhosted.org)... 2a04:4e42::223, 2a04:4e42:400::223, 2a04:4e42:600::223, ...
Connecting to files.pythonhosted.org (files.pythonhosted.org)|2a04:4e42::223|:443... connected.
HTTP request sent, awaiting response... 302 Found
Location: https://files.pythonhosted.org/packages/89/24/a2eb353a6edac9a0303977c4cb048134959dd2a51b48a269dfc9dde00c8a/wheel-0.46.3.tar.gz [following]
--2026-01-23 08:16:06--  https://files.pythonhosted.org/packages/89/24/a2eb353a6edac9a0303977c4cb048134959dd2a51b48a269dfc9dde00c8a/wheel-0.46.3.tar.gz
Reusing existing connection to [files.pythonhosted.org]:443.
HTTP request sent, awaiting response... 200 OK
Length: 60605 (59K) [binary/octet-stream]
Saving to: ‘wheel-0.46.3.tar.gz’

     0K .......... .......... .......... .......... .......... 84% 7.40M 0s
    50K .........                                             100% 92.9M=0.007s

2026-01-23 08:16:06 (8.63 MB/s) - ‘wheel-0.46.3.tar.gz’ saved [60605/60605]

wheel-0.46.3/LICENSE.txt
wheel-0.46.3/README.rst
wheel-0.46.3/docs/Makefile
wheel-0.46.3/docs/conf.py
wheel-0.46.3/docs/development.rst
wheel-0.46.3/docs/index.rst
wheel-0.46.3/docs/installing.rst
wheel-0.46.3/docs/make.bat
wheel-0.46.3/docs/manpages/wheel.rst
wheel-0.46.3/docs/news.rst
wheel-0.46.3/docs/quickstart.rst
wheel-0.46.3/docs/reference/index.rst
wheel-0.46.3/docs/reference/wheel_convert.rst
wheel-0.46.3/docs/reference/wheel_pack.rst
wheel-0.46.3/docs/reference/wheel_tags.rst
wheel-0.46.3/docs/reference/wheel_unpack.rst
wheel-0.46.3/docs/story.rst
wheel-0.46.3/docs/user_guide.rst
wheel-0.46.3/pyproject.toml
wheel-0.46.3/src/wheel/__init__.py
wheel-0.46.3/src/wheel/__main__.py
wheel-0.46.3/src/wheel/_bdist_wheel.py
wheel-0.46.3/src/wheel/_commands/__init__.py
wheel-0.46.3/src/wheel/_commands/convert.py
wheel-0.46.3/src/wheel/_commands/pack.py
wheel-0.46.3/src/wheel/_commands/tags.py
wheel-0.46.3/src/wheel/_commands/unpack.py
wheel-0.46.3/src/wheel/_metadata.py
wheel-0.46.3/src/wheel/_setuptools_logging.py
wheel-0.46.3/src/wheel/bdist_wheel.py
wheel-0.46.3/src/wheel/macosx_libfile.py
wheel-0.46.3/src/wheel/metadata.py
wheel-0.46.3/src/wheel/wheelfile.py
wheel-0.46.3/tests/commands/__init__.py
wheel-0.46.3/tests/commands/test_convert.py
wheel-0.46.3/tests/commands/test_pack.py
wheel-0.46.3/tests/commands/test_tags.py
wheel-0.46.3/tests/commands/test_unpack.py
wheel-0.46.3/tests/commands/util.py
wheel-0.46.3/tests/test_bdist_wheel.py
wheel-0.46.3/tests/test_metadata.py
wheel-0.46.3/tests/test_sdist.py
wheel-0.46.3/tests/test_wheelfile.py
wheel-0.46.3/tests/testdata/eggnames.txt
wheel-0.46.3/tests/testdata/test-1.0-py2.py3-none-any.whl
wheel-0.46.3/setup.py
wheel-0.46.3/PKG-INFO
* Creating isolated environment: venv+pip...
* Installing packages in isolated environment:
  - flit_core >=3.11,<4
* Getting build dependencies for wheel...
* Building wheel...
Successfully built wheel-0.46.3-py3-none-any.whl
wheel/
wheel/usr/
wheel/usr/bin/
wheel/usr/bin/wheel
wheel/usr/lib/
wheel/usr/lib/python3.14/
wheel/usr/lib/python3.14/site-packages/
wheel/usr/lib/python3.14/site-packages/wheel/
wheel/usr/lib/python3.14/site-packages/wheel/wheelfile.py
wheel/usr/lib/python3.14/site-packages/wheel/__pycache__/
wheel/usr/lib/python3.14/site-packages/wheel/__pycache__/_metadata.cpython-314.pyc
wheel/usr/lib/python3.14/site-packages/wheel/__pycache__/metadata.cpython-314.opt-1.pyc
wheel/usr/lib/python3.14/site-packages/wheel/__pycache__/__init__.cpython-314.opt-1.pyc
wheel/usr/lib/python3.14/site-packages/wheel/__pycache__/macosx_libfile.cpython-314.pyc
wheel/usr/lib/python3.14/site-packages/wheel/__pycache__/_setuptools_logging.cpython-314.opt-1.pyc
wheel/usr/lib/python3.14/site-packages/wheel/__pycache__/__main__.cpython-314.opt-1.pyc
wheel/usr/lib/python3.14/site-packages/wheel/__pycache__/_bdist_wheel.cpython-314.opt-1.pyc
wheel/usr/lib/python3.14/site-packages/wheel/__pycache__/bdist_wheel.cpython-314.pyc
wheel/usr/lib/python3.14/site-packages/wheel/__pycache__/metadata.cpython-314.pyc
wheel/usr/lib/python3.14/site-packages/wheel/__pycache__/wheelfile.cpython-314.opt-1.pyc
wheel/usr/lib/python3.14/site-packages/wheel/__pycache__/_setuptools_logging.cpython-314.pyc
wheel/usr/lib/python3.14/site-packages/wheel/__pycache__/__main__.cpython-314.pyc
wheel/usr/lib/python3.14/site-packages/wheel/__pycache__/__init__.cpython-314.pyc
wheel/usr/lib/python3.14/site-packages/wheel/__pycache__/wheelfile.cpython-314.pyc
wheel/usr/lib/python3.14/site-packages/wheel/__pycache__/_bdist_wheel.cpython-314.pyc
wheel/usr/lib/python3.14/site-packages/wheel/__pycache__/bdist_wheel.cpython-314.opt-1.pyc
wheel/usr/lib/python3.14/site-packages/wheel/__pycache__/macosx_libfile.cpython-314.opt-1.pyc
wheel/usr/lib/python3.14/site-packages/wheel/__pycache__/_metadata.cpython-314.opt-1.pyc
wheel/usr/lib/python3.14/site-packages/wheel/bdist_wheel.py
wheel/usr/lib/python3.14/site-packages/wheel/_metadata.py
wheel/usr/lib/python3.14/site-packages/wheel/__main__.py
wheel/usr/lib/python3.14/site-packages/wheel/metadata.py
wheel/usr/lib/python3.14/site-packages/wheel/_commands/
wheel/usr/lib/python3.14/site-packages/wheel/_commands/convert.py
wheel/usr/lib/python3.14/site-packages/wheel/_commands/__pycache__/
wheel/usr/lib/python3.14/site-packages/wheel/_commands/__pycache__/pack.cpython-314.opt-1.pyc
wheel/usr/lib/python3.14/site-packages/wheel/_commands/__pycache__/tags.cpython-314.opt-1.pyc
wheel/usr/lib/python3.14/site-packages/wheel/_commands/__pycache__/__init__.cpython-314.opt-1.pyc
wheel/usr/lib/python3.14/site-packages/wheel/_commands/__pycache__/convert.cpython-314.opt-1.pyc
wheel/usr/lib/python3.14/site-packages/wheel/_commands/__pycache__/tags.cpython-314.pyc
wheel/usr/lib/python3.14/site-packages/wheel/_commands/__pycache__/unpack.cpython-314.opt-1.pyc
wheel/usr/lib/python3.14/site-packages/wheel/_commands/__pycache__/pack.cpython-314.pyc
wheel/usr/lib/python3.14/site-packages/wheel/_commands/__pycache__/__init__.cpython-314.pyc
wheel/usr/lib/python3.14/site-packages/wheel/_commands/__pycache__/unpack.cpython-314.pyc
wheel/usr/lib/python3.14/site-packages/wheel/_commands/__pycache__/convert.cpython-314.pyc
wheel/usr/lib/python3.14/site-packages/wheel/_commands/unpack.py
wheel/usr/lib/python3.14/site-packages/wheel/_commands/__init__.py
wheel/usr/lib/python3.14/site-packages/wheel/_commands/pack.py
wheel/usr/lib/python3.14/site-packages/wheel/_commands/tags.py
wheel/usr/lib/python3.14/site-packages/wheel/__init__.py
wheel/usr/lib/python3.14/site-packages/wheel/_bdist_wheel.py
wheel/usr/lib/python3.14/site-packages/wheel/macosx_libfile.py
wheel/usr/lib/python3.14/site-packages/wheel/_setuptools_logging.py
wheel/usr/lib/python3.14/site-packages/wheel-0.46.3.dist-info/
wheel/usr/lib/python3.14/site-packages/wheel-0.46.3.dist-info/RECORD
wheel/usr/lib/python3.14/site-packages/wheel-0.46.3.dist-info/METADATA
wheel/usr/lib/python3.14/site-packages/wheel-0.46.3.dist-info/WHEEL
wheel/usr/lib/python3.14/site-packages/wheel-0.46.3.dist-info/licenses/
wheel/usr/lib/python3.14/site-packages/wheel-0.46.3.dist-info/licenses/LICENSE.txt
wheel/usr/lib/python3.14/site-packages/wheel-0.46.3.dist-info/entry_points.txt
wheel/version
wheel/depends
wheel/make-depends
