--2026-03-17 07:23:52--  https://download.videolan.org/vlc/3.0.23/vlc-3.0.23.tar.xz
Resolving download.videolan.org (download.videolan.org)... 213.36.253.2, 2a01:e0d:1:3:58bf:fa02:c0de:5
Connecting to download.videolan.org (download.videolan.org)|213.36.253.2|:443... connected.
HTTP request sent, awaiting response... 200 OK
Length: 26486988 (25M) [application/octet-stream]
Saving to: ‘vlc-3.0.23.tar.xz’

     0K .......... .......... .......... .......... ..........  0%  568K 45s
    50K .......... .......... .......... .......... ..........  0%  189K 91s
   100K .......... .......... .......... .......... ..........  0%  567K 75s
   150K .......... .......... .......... .......... ..........  0%  567K 68s
   200K .......... .......... .......... .......... ..........  0%  569K 63s
   250K .......... .......... .......... .......... ..........  1% 19.8M 53s
   300K .......... .......... .......... .......... ..........  1%  585K 51s
   350K .......... .......... .......... .......... ..........  1%  567K 50s
   400K .......... .......... .......... .......... ..........  1%  111M 45s
   450K .......... .......... .......... .......... ..........  1%  573K 45s
   500K .......... .......... .......... .......... ..........  2% 77.1M 41s
   550K .......... .......... .......... .......... ..........  2%  165M 37s
   600K .......... .......... .......... .......... ..........  2%  567K 38s
   650K .......... .......... .......... .......... ..........  2%  147M 35s
   700K .......... .......... .......... .......... ..........  2% 94.0M 32s
   750K .......... .......... .......... .......... ..........  3% 81.7M 30s
   800K .......... .......... .......... .......... ..........  3%  585K 31s
   850K .......... .......... .......... .......... ..........  3%  165M 29s
   900K .......... .......... .......... .......... ..........  3% 13.8M 28s
   950K .......... .......... .......... .......... ..........  3% 91.1M 26s
  1000K .......... .......... .......... .......... ..........  4% 87.7M 25s
  1050K .......... .......... .......... .......... ..........  4%  601K 26s
  1100K .......... .......... .......... .......... ..........  4%  118M 25s
  1150K .......... .......... .......... .......... ..........  4% 94.4M 24s
  1200K .......... .......... .......... .......... ..........  4%  124M 23s
  1250K .......... .......... .......... .......... ..........  5%  129M 22s
  1300K .......... .......... .......... .......... ..........  5% 20.6M 21s
  1350K .......... .......... .......... .......... ..........  5% 89.9M 20s
  1400K .......... .......... .......... .......... ..........  5%  181M 19s
  1450K .......... .......... .......... .......... ..........  5%  123M 19s
  1500K .......... .......... .......... .......... ..........  5%  603K 19s
  1550K .......... .......... .......... .......... ..........  6% 95.8M 19s
  1600K .......... .......... .......... .......... ..........  6% 96.8M 18s
  1650K .......... .......... .......... .......... ..........  6% 19.6M 18s
  1700K .......... .......... .......... .......... ..........  6% 77.5M 17s
  1750K .......... .......... .......... .......... ..........  6%  106M 17s
  1800K .......... .......... .......... .......... ..........  7%  150M 16s
  1850K .......... .......... .......... .......... ..........  7% 86.2M 16s
  1900K .......... .......... .......... .......... ..........  7%  608K 16s
  1950K .......... .......... .......... .......... ..........  7% 90.0M 16s
  2000K .......... .......... .......... .......... ..........  7%  120M 15s
  2050K .......... .......... .......... .......... ..........  8%  117M 15s
  2100K .......... .......... .......... .......... ..........  8%  146M 15s
  2150K .......... .......... .......... .......... ..........  8%  102M 14s
  2200K .......... .......... .......... .......... ..........  8%  108M 14s
  2250K .......... .......... .......... .......... ..........  8%  159M 14s
  2300K .......... .......... .......... .......... ..........  9% 90.5M 13s
  2350K .......... .......... .......... .......... ..........  9% 97.8M 13s
  2400K .......... .......... .......... .......... ..........  9%  110M 13s
  2450K .......... .......... .......... .......... ..........  9% 58.6M 12s
  2500K .......... .......... .......... .......... ..........  9% 99.1M 12s
  2550K .......... .......... .......... .......... .......... 10%  109M 12s
  2600K .......... .......... .......... .......... .......... 10%  136M 12s
  2650K .......... .......... .......... .......... .......... 10% 34.6M 11s
  2700K .......... .......... .......... .......... .......... 10%  623K 12s
  2750K .......... .......... .......... .......... .......... 10%  158M 12s
  2800K .......... .......... .......... .......... .......... 11%  114M 11s
  2850K .......... .......... .......... .......... .......... 11% 83.7M 11s
  2900K .......... .......... .......... .......... .......... 11% 17.8M 11s
  2950K .......... .......... .......... .......... .......... 11%  119M 11s
  3000K .......... .......... .......... .......... .......... 11%  110M 11s
  3050K .......... .......... .......... .......... .......... 11%  155M 10s
  3100K .......... .......... .......... .......... .......... 12%  108M 10s
  3150K .......... .......... .......... .......... .......... 12% 83.4M 10s
  3200K .......... .......... .......... .......... .......... 12%  108M 10s
  3250K .......... .......... .......... .......... .......... 12%  169M 10s
  3300K .......... .......... .......... .......... .......... 12% 13.9M 10s
  3350K .......... .......... .......... .......... .......... 13% 79.2M 9s
  3400K .......... .......... .......... .......... .......... 13%  111M 9s
  3450K .......... .......... .......... .......... .......... 13%  113M 9s
  3500K .......... .......... .......... .......... .......... 13%  658K 9s
  3550K .......... .......... .......... .......... .......... 13% 83.5M 9s
  3600K .......... .......... .......... .......... .......... 14%  147M 9s
  3650K .......... .......... .......... .......... .......... 14%  125M 9s
  3700K .......... .......... .......... .......... .......... 14%  135M 9s
  3750K .......... .......... .......... .......... .......... 14%  116M 9s
  3800K .......... .......... .......... .......... .......... 14%  102M 9s
  3850K .......... .......... .......... .......... .......... 15%  114M 8s
  3900K .......... .......... .......... .......... .......... 15%  177M 8s
  3950K .......... .......... .......... .......... .......... 15% 84.2M 8s
  4000K .......... .......... .......... .......... .......... 15%  103M 8s
  4050K .......... .......... .......... .......... .......... 15% 78.6M 8s
  4100K .......... .......... .......... .......... .......... 16%  121M 8s
  4150K .......... .......... .......... .......... .......... 16%  149M 8s
  4200K .......... .......... .......... .......... .......... 16%  193M 8s
  4250K .......... .......... .......... .......... .......... 16% 79.0M 8s
  4300K .......... .......... .......... .......... .......... 16%  131M 7s
  4350K .......... .......... .......... .......... .......... 17% 77.8M 7s
  4400K .......... .......... .......... .......... .......... 17%  131M 7s
  4450K .......... .......... .......... .......... .......... 17%  120M 7s
  4500K .......... .......... .......... .......... .......... 17%  130M 7s
  4550K .......... .......... .......... .......... .......... 17% 96.4M 7s
  4600K .......... .......... .......... .......... .......... 17% 93.2M 7s
  4650K .......... .......... .......... .......... .......... 18%  185M 7s
  4700K .......... .......... .......... .......... .......... 18%  103M 7s
  4750K .......... .......... .......... .......... .......... 18% 85.1M 7s
  4800K .......... .......... .......... .......... .......... 18%  111M 7s
  4850K .......... .......... .......... .......... .......... 18% 34.6M 6s
  4900K .......... .......... .......... .......... .......... 19%  107M 6s
  4950K .......... .......... .......... .......... .......... 19%  120M 6s
  5000K .......... .......... .......... .......... .......... 19% 99.3M 6s
  5050K .......... .......... .......... .......... .......... 19%  679K 6s
  5100K .......... .......... .......... .......... .......... 19%  117M 6s
  5150K .......... .......... .......... .......... .......... 20% 78.9M 6s
  5200K .......... .......... .......... .......... .......... 20%  135M 6s
  5250K .......... .......... .......... .......... .......... 20%  125M 6s
  5300K .......... .......... .......... .......... .......... 20% 21.4M 6s
  5350K .......... .......... .......... .......... .......... 20% 78.8M 6s
  5400K .......... .......... .......... .......... .......... 21%  184M 6s
  5450K .......... .......... .......... .......... .......... 21% 95.9M 6s
  5500K .......... .......... .......... .......... .......... 21% 99.0M 6s
  5550K .......... .......... .......... .......... .......... 21% 96.7M 6s
  5600K .......... .......... .......... .......... .......... 21% 95.5M 6s
  5650K .......... .......... .......... .......... .......... 22%  129M 6s
  5700K .......... .......... .......... .......... .......... 22% 73.9M 6s
  5750K .......... .......... .......... .......... .......... 22% 93.5M 6s
  5800K .......... .......... .......... .......... .......... 22%  144M 5s
  5850K .......... .......... .......... .......... .......... 22%  119M 5s
  5900K .......... .......... .......... .......... .......... 23% 84.6M 5s
  5950K .......... .......... .......... .......... .......... 23% 95.8M 5s
  6000K .......... .......... .......... .......... .......... 23%  110M 5s
  6050K .......... .......... .......... .......... .......... 23%  113M 5s
  6100K .......... .......... .......... .......... .......... 23% 55.3M 5s
  6150K .......... .......... .......... .......... .......... 23%  164M 5s
  6200K .......... .......... .......... .......... .......... 24%  106M 5s
  6250K .......... .......... .......... .......... .......... 24%  146M 5s
  6300K .......... .......... .......... .......... .......... 24% 85.6M 5s
  6350K .......... .......... .......... .......... .......... 24%  110M 5s
  6400K .......... .......... .......... .......... .......... 24% 97.5M 5s
  6450K .......... .......... .......... .......... .......... 25%  199M 5s
  6500K .......... .......... .......... .......... .......... 25% 57.4M 5s
  6550K .......... .......... .......... .......... .......... 25%  166M 5s
  6600K .......... .......... .......... .......... .......... 25%  698K 5s
  6650K .......... .......... .......... .......... .......... 25%  181M 5s
  6700K .......... .......... .......... .......... .......... 26% 92.2M 5s
  6750K .......... .......... .......... .......... .......... 26%  127M 5s
  6800K .......... .......... .......... .......... .......... 26% 83.9M 5s
  6850K .......... .......... .......... .......... .......... 26%  199M 5s
  6900K .......... .......... .......... .......... .......... 26%  109M 5s
  6950K .......... .......... .......... .......... .......... 27% 94.1M 5s
  7000K .......... .......... .......... .......... .......... 27%  180M 4s
  7050K .......... .......... .......... .......... .......... 27% 99.8M 4s
  7100K .......... .......... .......... .......... .......... 27%  102M 4s
  7150K .......... .......... .......... .......... .......... 27% 89.7M 4s
  7200K .......... .......... .......... .......... .......... 28%  105M 4s
  7250K .......... .......... .......... .......... .......... 28%  143M 4s
  7300K .......... .......... .......... .......... .......... 28%  109M 4s
  7350K .......... .......... .......... .......... .......... 28% 98.8M 4s
  7400K .......... .......... .......... .......... .......... 28%  150M 4s
  7450K .......... .......... .......... .......... .......... 28%  116M 4s
  7500K .......... .......... .......... .......... .......... 29% 89.1M 4s
  7550K .......... .......... .......... .......... .......... 29%  102M 4s
  7600K .......... .......... .......... .......... .......... 29% 91.4M 4s
  7650K .......... .......... .......... .......... .......... 29%  171M 4s
  7700K .......... .......... .......... .......... .......... 29%  109M 4s
  7750K .......... .......... .......... .......... .......... 30% 89.7M 4s
  7800K .......... .......... .......... .......... .......... 30%  155M 4s
  7850K .......... .......... .......... .......... .......... 30% 46.2M 4s
  7900K .......... .......... .......... .......... .......... 30%  143M 4s
  7950K .......... .......... .......... .......... .......... 30% 65.1M 4s
  8000K .......... .......... .......... .......... .......... 31%  152M 4s
  8050K .......... .......... .......... .......... .......... 31%  104M 4s
  8100K .......... .......... .......... .......... .......... 31% 33.0M 4s
  8150K .......... .......... .......... .......... .......... 31%  148M 4s
  8200K .......... .......... .......... .......... .......... 31%  251M 4s
  8250K .......... .......... .......... .......... .......... 32%  242M 4s
  8300K .......... .......... .......... .......... .......... 32%  208M 4s
  8350K .......... .......... .......... .......... .......... 32%  197M 4s
  8400K .......... .......... .......... .......... .......... 32%  121M 3s
  8450K .......... .......... .......... .......... .......... 32%  137M 3s
  8500K .......... .......... .......... .......... .......... 33%  108M 3s
  8550K .......... .......... .......... .......... .......... 33%  144M 3s
  8600K .......... .......... .......... .......... .......... 33% 87.2M 3s
  8650K .......... .......... .......... .......... .......... 33%  108M 3s
  8700K .......... .......... .......... .......... .......... 33%  102M 3s
  8750K .......... .......... .......... .......... .......... 34% 82.1M 3s
  8800K .......... .......... .......... .......... .......... 34% 95.4M 3s
  8850K .......... .......... .......... .......... .......... 34%  120M 3s
  8900K .......... .......... .......... .......... .......... 34% 89.2M 3s
  8950K .......... .......... .......... .......... .......... 34%  129M 3s
  9000K .......... .......... .......... .......... .......... 34%  110M 3s
  9050K .......... .......... .......... .......... .......... 35%  129M 3s
  9100K .......... .......... .......... .......... .......... 35%  106M 3s
  9150K .......... .......... .......... .......... .......... 35% 83.0M 3s
  9200K .......... .......... .......... .......... .......... 35%  119M 3s
  9250K .......... .......... .......... .......... .......... 35%  132M 3s
  9300K .......... .......... .......... .......... .......... 36% 61.7M 3s
  9350K .......... .......... .......... .......... .......... 36% 85.4M 3s
  9400K .......... .......... .......... .......... .......... 36%  105M 3s
  9450K .......... .......... .......... .......... .......... 36%  139M 3s
  9500K .......... .......... .......... .......... .......... 36%  117M 3s
  9550K .......... .......... .......... .......... .......... 37%  108M 3s
  9600K .......... .......... .......... .......... .......... 37% 89.7M 3s
  9650K .......... .......... .......... .......... .......... 37%  829K 3s
  9700K .......... .......... .......... .......... .......... 37%  122M 3s
  9750K .......... .......... .......... .......... .......... 37%  107M 3s
  9800K .......... .......... .......... .......... .......... 38%  133M 3s
  9850K .......... .......... .......... .......... .......... 38%  112M 3s
  9900K .......... .......... .......... .......... .......... 38% 19.6M 3s
  9950K .......... .......... .......... .......... .......... 38% 69.7M 3s
 10000K .......... .......... .......... .......... .......... 38% 77.8M 3s
 10050K .......... .......... .......... .......... .......... 39%  176M 3s
 10100K .......... .......... .......... .......... .......... 39%  102M 3s
 10150K .......... .......... .......... .......... .......... 39%  103M 3s
 10200K .......... .......... .......... .......... .......... 39%  121M 3s
 10250K .......... .......... .......... .......... .......... 39%  173M 3s
 10300K .......... .......... .......... .......... .......... 40%  169M 3s
 10350K .......... .......... .......... .......... .......... 40% 84.5M 3s
 10400K .......... .......... .......... .......... .......... 40% 80.0M 3s
 10450K .......... .......... .......... .......... .......... 40%  133M 3s
 10500K .......... .......... .......... .......... .......... 40% 87.1M 3s
 10550K .......... .......... .......... .......... .......... 40%  173M 3s
 10600K .......... .......... .......... .......... .......... 41%  128M 3s
 10650K .......... .......... .......... .......... .......... 41% 75.0M 3s
 10700K .......... .......... .......... .......... .......... 41%  126M 2s
 10750K .......... .......... .......... .......... .......... 41% 84.8M 2s
 10800K .......... .......... .......... .......... .......... 41% 38.2M 2s
 10850K .......... .......... .......... .......... .......... 42% 94.6M 2s
 10900K .......... .......... .......... .......... .......... 42%  243M 2s
 10950K .......... .......... .......... .......... .......... 42%  132M 2s
 11000K .......... .......... .......... .......... .......... 42% 92.5M 2s
 11050K .......... .......... .......... .......... .......... 42%  143M 2s
 11100K .......... .......... .......... .......... .......... 43%  107M 2s
 11150K .......... .......... .......... .......... .......... 43% 25.3M 2s
 11200K .......... .......... .......... .......... .......... 43%  115M 2s
 11250K .......... .......... .......... .......... .......... 43%  143M 2s
 11300K .......... .......... .......... .......... .......... 43%  105M 2s
 11350K .......... .......... .......... .......... .......... 44%  120M 2s
 11400K .......... .......... .......... .......... .......... 44% 86.5M 2s
 11450K .......... .......... .......... .......... .......... 44%  169M 2s
 11500K .......... .......... .......... .......... .......... 44% 92.7M 2s
 11550K .......... .......... .......... .......... .......... 44% 97.3M 2s
 11600K .......... .......... .......... .......... .......... 45%  142M 2s
 11650K .......... .......... .......... .......... .......... 45%  101M 2s
 11700K .......... .......... .......... .......... .......... 45%  169M 2s
 11750K .......... .......... .......... .......... .......... 45% 85.0M 2s
 11800K .......... .......... .......... .......... .......... 45%  101M 2s
 11850K .......... .......... .......... .......... .......... 46% 51.4M 2s
 11900K .......... .......... .......... .......... .......... 46%  145M 2s
 11950K .......... .......... .......... .......... .......... 46% 86.6M 2s
 12000K .......... .......... .......... .......... .......... 46%  105M 2s
 12050K .......... .......... .......... .......... .......... 46%  151M 2s
 12100K .......... .......... .......... .......... .......... 46%  107M 2s
 12150K .......... .......... .......... .......... .......... 47%  122M 2s
 12200K .......... .......... .......... .......... .......... 47%  112M 2s
 12250K .......... .......... .......... .......... .......... 47% 29.7M 2s
 12300K .......... .......... .......... .......... .......... 47%  255M 2s
 12350K .......... .......... .......... .......... .......... 47%  183M 2s
 12400K .......... .......... .......... .......... .......... 48%  184M 2s
 12450K .......... .......... .......... .......... .......... 48%  103M 2s
 12500K .......... .......... .......... .......... .......... 48%  154M 2s
 12550K .......... .......... .......... .......... .......... 48%  124M 2s
 12600K .......... .......... .......... .......... .......... 48% 97.8M 2s
 12650K .......... .......... .......... .......... .......... 49%  122M 2s
 12700K .......... .......... .......... .......... .......... 49%  113M 2s
 12750K .......... .......... .......... .......... .......... 49% 64.4M 2s
 12800K .......... .......... .......... .......... .......... 49%  178M 2s
 12850K .......... .......... .......... .......... .......... 49%  108M 2s
 12900K .......... .......... .......... .......... .......... 50% 96.1M 2s
 12950K .......... .......... .......... .......... .......... 50%  930K 2s
 13000K .......... .......... .......... .......... .......... 50% 85.1M 2s
 13050K .......... .......... .......... .......... .......... 50%  188M 2s
 13100K .......... .......... .......... .......... .......... 50%  106M 2s
 13150K .......... .......... .......... .......... .......... 51% 84.3M 2s
 13200K .......... .......... .......... .......... .......... 51%  170M 2s
 13250K .......... .......... .......... .......... .......... 51% 91.6M 2s
 13300K .......... .......... .......... .......... .......... 51%  158M 2s
 13350K .......... .......... .......... .......... .......... 51% 99.8M 2s
 13400K .......... .......... .......... .......... .......... 51%  130M 2s
 13450K .......... .......... .......... .......... .......... 52%  107M 2s
 13500K .......... .......... .......... .......... .......... 52% 53.9M 2s
 13550K .......... .......... .......... .......... .......... 52% 90.9M 2s
 13600K .......... .......... .......... .......... .......... 52%  139M 2s
 13650K .......... .......... .......... .......... .......... 52% 95.7M 2s
 13700K .......... .......... .......... .......... .......... 53%  137M 2s
 13750K .......... .......... .......... .......... .......... 53%  111M 2s
 13800K .......... .......... .......... .......... .......... 53%  142M 2s
 13850K .......... .......... .......... .......... .......... 53% 95.2M 2s
 13900K .......... .......... .......... .......... .......... 53%  119M 2s
 13950K .......... .......... .......... .......... .......... 54%  104M 2s
 14000K .......... .......... .......... .......... .......... 54% 88.7M 2s
 14050K .......... .......... .......... .......... .......... 54%  148M 2s
 14100K .......... .......... .......... .......... .......... 54%  101M 2s
 14150K .......... .......... .......... .......... .......... 54% 87.4M 2s
 14200K .......... .......... .......... .......... .......... 55%  154M 2s
 14250K .......... .......... .......... .......... .......... 55% 98.1M 2s
 14300K .......... .......... .......... .......... .......... 55%  124M 1s
 14350K .......... .......... .......... .......... .......... 55% 86.0M 1s
 14400K .......... .......... .......... .......... .......... 55%  114M 1s
 14450K .......... .......... .......... .......... .......... 56%  127M 1s
 14500K .......... .......... .......... .......... .......... 56% 94.7M 1s
 14550K .......... .......... .......... .......... .......... 56%  155M 1s
 14600K .......... .......... .......... .......... .......... 56% 91.0M 1s
 14650K .......... .......... .......... .......... .......... 56%  145M 1s
 14700K .......... .......... .......... .......... .......... 57%  111M 1s
 14750K .......... .......... .......... .......... .......... 57% 87.7M 1s
 14800K .......... .......... .......... .......... .......... 57%  132M 1s
 14850K .......... .......... .......... .......... .......... 57%  103M 1s
 14900K .......... .......... .......... .......... .......... 57%  128M 1s
 14950K .......... .......... .......... .......... .......... 57%  105M 1s
 15000K .......... .......... .......... .......... .......... 58%  151M 1s
 15050K .......... .......... .......... .......... .......... 58% 97.6M 1s
 15100K .......... .......... .......... .......... .......... 58%  144M 1s
 15150K .......... .......... .......... .......... .......... 58% 84.6M 1s
 15200K .......... .......... .......... .......... .......... 58%  106M 1s
 15250K .......... .......... .......... .......... .......... 59%  134M 1s
 15300K .......... .......... .......... .......... .......... 59%  103M 1s
 15350K .......... .......... .......... .......... .......... 59%  106M 1s
 15400K .......... .......... .......... .......... .......... 59%  121M 1s
 15450K .......... .......... .......... .......... .......... 59%  140M 1s
 15500K .......... .......... .......... .......... .......... 60% 96.9M 1s
 15550K .......... .......... .......... .......... .......... 60% 93.8M 1s
 15600K .......... .......... .......... .......... .......... 60%  138M 1s
 15650K .......... .......... .......... .......... .......... 60%  105M 1s
 15700K .......... .......... .......... .......... .......... 60% 87.5M 1s
 15750K .......... .......... .......... .......... .......... 61%  136M 1s
 15800K .......... .......... .......... .......... .......... 61% 94.3M 1s
 15850K .......... .......... .......... .......... .......... 61%  154M 1s
 15900K .......... .......... .......... .......... .......... 61% 90.2M 1s
 15950K .......... .......... .......... .......... .......... 61% 94.6M 1s
 16000K .......... .......... .......... .......... .......... 62%  140M 1s
 16050K .......... .......... .......... .......... .......... 62% 97.9M 1s
 16100K .......... .......... .......... .......... .......... 62%  149M 1s
 16150K .......... .......... .......... .......... .......... 62% 97.8M 1s
 16200K .......... .......... .......... .......... .......... 62%  142M 1s
 16250K .......... .......... .......... .......... .......... 63% 99.7M 1s
 16300K .......... .......... .......... .......... .......... 63%  158M 1s
 16350K .......... .......... .......... .......... .......... 63% 36.9M 1s
 16400K .......... .......... .......... .......... .......... 63%  123M 1s
 16450K .......... .......... .......... .......... .......... 63%  102M 1s
 16500K .......... .......... .......... .......... .......... 63%  149M 1s
 16550K .......... .......... .......... .......... .......... 64%  109M 1s
 16600K .......... .......... .......... .......... .......... 64%  142M 1s
 16650K .......... .......... .......... .......... .......... 64% 86.6M 1s
 16700K .......... .......... .......... .......... .......... 64% 88.5M 1s
 16750K .......... .......... .......... .......... .......... 64% 86.5M 1s
 16800K .......... .......... .......... .......... .......... 65% 98.1M 1s
 16850K .......... .......... .......... .......... .......... 65%  138M 1s
 16900K .......... .......... .......... .......... .......... 65%  101M 1s
 16950K .......... .......... .......... .......... .......... 65%  145M 1s
 17000K .......... .......... .......... .......... .......... 65% 84.4M 1s
 17050K .......... .......... .......... .......... .......... 66% 99.5M 1s
 17100K .......... .......... .......... .......... .......... 66%  134M 1s
 17150K .......... .......... .......... .......... .......... 66% 86.2M 1s
 17200K .......... .......... .......... .......... .......... 66%  106M 1s
 17250K .......... .......... .......... .......... .......... 66%  148M 1s
 17300K .......... .......... .......... .......... .......... 67% 90.1M 1s
 17350K .......... .......... .......... .......... .......... 67% 97.3M 1s
 17400K .......... .......... .......... .......... .......... 67%  141M 1s
 17450K .......... .......... .......... .......... .......... 67%  103M 1s
 17500K .......... .......... .......... .......... .......... 67% 36.2M 1s
 17550K .......... .......... .......... .......... .......... 68% 84.5M 1s
 17600K .......... .......... .......... .......... .......... 68%  102M 1s
 17650K .......... .......... .......... .......... .......... 68%  160M 1s
 17700K .......... .......... .......... .......... .......... 68%  100M 1s
 17750K .......... .......... .......... .......... .......... 68%  131M 1s
 17800K .......... .......... .......... .......... .......... 69%  105M 1s
 17850K .......... .......... .......... .......... .......... 69% 82.5M 1s
 17900K .......... .......... .......... .......... .......... 69% 87.6M 1s
 17950K .......... .......... .......... .......... .......... 69% 91.3M 1s
 18000K .......... .......... .......... .......... .......... 69%  139M 1s
 18050K .......... .......... .......... .......... .......... 69%  103M 1s
 18100K .......... .......... .......... .......... .......... 70%  151M 1s
 18150K .......... .......... .......... .......... .......... 70% 99.0M 1s
 18200K .......... .......... .......... .......... .......... 70%  139M 1s
 18250K .......... .......... .......... .......... .......... 70% 98.0M 1s
 18300K .......... .......... .......... .......... .......... 70%  145M 1s
 18350K .......... .......... .......... .......... .......... 71% 90.3M 1s
 18400K .......... .......... .......... .......... .......... 71% 99.4M 1s
 18450K .......... .......... .......... .......... .......... 71% 1.31M 1s
 18500K .......... .......... .......... .......... .......... 71% 89.5M 1s
 18550K .......... .......... .......... .......... .......... 71%  201M 1s
 18600K .......... .......... .......... .......... .......... 72% 15.6M 1s
 18650K .......... .......... .......... .......... .......... 72%  153M 1s
 18700K .......... .......... .......... .......... .......... 72%  115M 1s
 18750K .......... .......... .......... .......... .......... 72% 80.6M 1s
 18800K .......... .......... .......... .......... .......... 72%  114M 1s
 18850K .......... .......... .......... .......... .......... 73%  138M 1s
 18900K .......... .......... .......... .......... .......... 73%  110M 1s
 18950K .......... .......... .......... .......... .......... 73%  116M 1s
 19000K .......... .......... .......... .......... .......... 73%  125M 1s
 19050K .......... .......... .......... .......... .......... 73% 75.5M 1s
 19100K .......... .......... .......... .......... .......... 74%  114M 1s
 19150K .......... .......... .......... .......... .......... 74% 95.8M 1s
 19200K .......... .......... .......... .......... .......... 74%  117M 1s
 19250K .......... .......... .......... .......... .......... 74%  115M 1s
 19300K .......... .......... .......... .......... .......... 74%  100M 1s
 19350K .......... .......... .......... .......... .......... 75%  131M 1s
 19400K .......... .......... .......... .......... .......... 75%  116M 1s
 19450K .......... .......... .......... .......... .......... 75% 96.5M 1s
 19500K .......... .......... .......... .......... .......... 75% 46.0M 1s
 19550K .......... .......... .......... .......... .......... 75% 90.2M 1s
 19600K .......... .......... .......... .......... .......... 75%  114M 1s
 19650K .......... .......... .......... .......... .......... 76%  109M 1s
 19700K .......... .......... .......... .......... .......... 76%  130M 1s
 19750K .......... .......... .......... .......... .......... 76%  112M 1s
 19800K .......... .......... .......... .......... .......... 76%  112M 1s
 19850K .......... .......... .......... .......... .......... 76%  111M 1s
 19900K .......... .......... .......... .......... .......... 77%  116M 1s
 19950K .......... .......... .......... .......... .......... 77% 34.4M 1s
 20000K .......... .......... .......... .......... .......... 77%  116M 1s
 20050K .......... .......... .......... .......... .......... 77%  120M 1s
 20100K .......... .......... .......... .......... .......... 77%  114M 1s
 20150K .......... .......... .......... .......... .......... 78%  116M 1s
 20200K .......... .......... .......... .......... .......... 78%  115M 1s
 20250K .......... .......... .......... .......... .......... 78%  118M 1s
 20300K .......... .......... .......... .......... .......... 78%  116M 1s
 20350K .......... .......... .......... .......... .......... 78% 56.9M 1s
 20400K .......... .......... .......... .......... .......... 79%  114M 1s
 20450K .......... .......... .......... .......... .......... 79%  113M 1s
 20500K .......... .......... .......... .......... .......... 79%  120M 1s
 20550K .......... .......... .......... .......... .......... 79%  115M 1s
 20600K .......... .......... .......... .......... .......... 79%  117M 0s
 20650K .......... .......... .......... .......... .......... 80%  111M 0s
 20700K .......... .......... .......... .......... .......... 80%  119M 0s
 20750K .......... .......... .......... .......... .......... 80% 84.8M 0s
 20800K .......... .......... .......... .......... .......... 80%  113M 0s
 20850K .......... .......... .......... .......... .......... 80% 30.1M 0s
 20900K .......... .......... .......... .......... .......... 80%  117M 0s
 20950K .......... .......... .......... .......... .......... 81%  103M 0s
 21000K .......... .......... .......... .......... .......... 81%  117M 0s
 21050K .......... .......... .......... .......... .......... 81%  130M 0s
 21100K .......... .......... .......... .......... .......... 81%  112M 0s
 21150K .......... .......... .......... .......... .......... 81% 91.4M 0s
 21200K .......... .......... .......... .......... .......... 82%  113M 0s
 21250K .......... .......... .......... .......... .......... 82%  112M 0s
 21300K .......... .......... .......... .......... .......... 82% 34.1M 0s
 21350K .......... .......... .......... .......... .......... 82%  114M 0s
 21400K .......... .......... .......... .......... .......... 82%  154M 0s
 21450K .......... .......... .......... .......... .......... 83%  102M 0s
 21500K .......... .......... .......... .......... .......... 83%  137M 0s
 21550K .......... .......... .......... .......... .......... 83% 81.6M 0s
 21600K .......... .......... .......... .......... .......... 83%  115M 0s
 21650K .......... .......... .......... .......... .......... 83%  119M 0s
 21700K .......... .......... .......... .......... .......... 84%  109M 0s
 21750K .......... .......... .......... .......... .......... 84% 39.5M 0s
 21800K .......... .......... .......... .......... .......... 84%  103M 0s
 21850K .......... .......... .......... .......... .......... 84%  119M 0s
 21900K .......... .......... .......... .......... .......... 84%  113M 0s
 21950K .......... .......... .......... .......... .......... 85% 94.2M 0s
 22000K .......... .......... .......... .......... .......... 85% 97.6M 0s
 22050K .......... .......... .......... .......... .......... 85%  111M 0s
 22100K .......... .......... .......... .......... .......... 85%  147M 0s
 22150K .......... .......... .......... .......... .......... 85% 71.2M 0s
 22200K .......... .......... .......... .......... .......... 86% 98.4M 0s
 22250K .......... .......... .......... .......... .......... 86%  127M 0s
 22300K .......... .......... .......... .......... .......... 86%  117M 0s
 22350K .......... .......... .......... .......... .......... 86% 92.9M 0s
 22400K .......... .......... .......... .......... .......... 86%  112M 0s
 22450K .......... .......... .......... .......... .......... 86%  120M 0s
 22500K .......... .......... .......... .......... .......... 87% 98.8M 0s
 22550K .......... .......... .......... .......... .......... 87%  125M 0s
 22600K .......... .......... .......... .......... .......... 87% 80.6M 0s
 22650K .......... .......... .......... .......... .......... 87%  116M 0s
 22700K .......... .......... .......... .......... .......... 87%  111M 0s
 22750K .......... .......... .......... .......... .......... 88% 91.0M 0s
 22800K .......... .......... .......... .......... .......... 88%  120M 0s
 22850K .......... .......... .......... .......... .......... 88% 97.7M 0s
 22900K .......... .......... .......... .......... .......... 88%  135M 0s
 22950K .......... .......... .......... .......... .......... 88% 91.6M 0s
 23000K .......... .......... .......... .......... .......... 89%  117M 0s
 23050K .......... .......... .......... .......... .......... 89%  116M 0s
 23100K .......... .......... .......... .......... .......... 89%  122M 0s
 23150K .......... .......... .......... .......... .......... 89% 90.9M 0s
 23200K .......... .......... .......... .......... .......... 89%  106M 0s
 23250K .......... .......... .......... .......... .......... 90%  121M 0s
 23300K .......... .......... .......... .......... .......... 90%  115M 0s
 23350K .......... .......... .......... .......... .......... 90% 49.2M 0s
 23400K .......... .......... .......... .......... .......... 90%  105M 0s
 23450K .......... .......... .......... .......... .......... 90%  116M 0s
 23500K .......... .......... .......... .......... .......... 91%  122M 0s
 23550K .......... .......... .......... .......... .......... 91% 92.6M 0s
 23600K .......... .......... .......... .......... .......... 91%  117M 0s
 23650K .......... .......... .......... .......... .......... 91%  117M 0s
 23700K .......... .......... .......... .......... .......... 91% 81.9M 0s
 23750K .......... .......... .......... .......... .......... 92%  112M 0s
 23800K .......... .......... .......... .......... .......... 92%  130M 0s
 23850K .......... .......... .......... .......... .......... 92%  122M 0s
 23900K .......... .......... .......... .......... .......... 92%  113M 0s
 23950K .......... .......... .......... .......... .......... 92% 1.55M 0s
 24000K .......... .......... .......... .......... .......... 92%  146M 0s
 24050K .......... .......... .......... .......... .......... 93% 13.0M 0s
 24100K .......... .......... .......... .......... .......... 93%  151M 0s
 24150K .......... .......... .......... .......... .......... 93%  130M 0s
 24200K .......... .......... .......... .......... .......... 93% 98.3M 0s
 24250K .......... .......... .......... .......... .......... 93%  124M 0s
 24300K .......... .......... .......... .......... .......... 94% 22.4M 0s
 24350K .......... .......... .......... .......... .......... 94% 64.6M 0s
 24400K .......... .......... .......... .......... .......... 94%  163M 0s
 24450K .......... .......... .......... .......... .......... 94%  131M 0s
 24500K .......... .......... .......... .......... .......... 94% 92.5M 0s
 24550K .......... .......... .......... .......... .......... 95%  136M 0s
 24600K .......... .......... .......... .......... .......... 95% 88.2M 0s
 24650K .......... .......... .......... .......... .......... 95%  180M 0s
 24700K .......... .......... .......... .......... .......... 95%  117M 0s
 24750K .......... .......... .......... .......... .......... 95% 83.0M 0s
 24800K .......... .......... .......... .......... .......... 96% 95.9M 0s
 24850K .......... .......... .......... .......... .......... 96%  117M 0s
 24900K .......... .......... .......... .......... .......... 96%  168M 0s
 24950K .......... .......... .......... .......... .......... 96% 91.1M 0s
 25000K .......... .......... .......... .......... .......... 96%  111M 0s
 25050K .......... .......... .......... .......... .......... 97%  131M 0s
 25100K .......... .......... .......... .......... .......... 97%  130M 0s
 25150K .......... .......... .......... .......... .......... 97% 32.1M 0s
 25200K .......... .......... .......... .......... .......... 97%  192M 0s
 25250K .......... .......... .......... .......... .......... 97%  106M 0s
 25300K .......... .......... .......... .......... .......... 98%  101M 0s
 25350K .......... .......... .......... .......... .......... 98%  176M 0s
 25400K .......... .......... .......... .......... .......... 98% 80.7M 0s
 25450K .......... .......... .......... .......... .......... 98% 35.0M 0s
 25500K .......... .......... .......... .......... .......... 98%  112M 0s
 25550K .......... .......... .......... .......... .......... 98% 90.4M 0s
 25600K .......... .......... .......... .......... .......... 99%  112M 0s
 25650K .......... .......... .......... .......... .......... 99%  135M 0s
 25700K .......... .......... .......... .......... .......... 99%  113M 0s
 25750K .......... .......... .......... .......... .......... 99%  110M 0s
 25800K .......... .......... .......... .......... .......... 99%  118M 0s
 25850K .......... ......                                     100%  184M=2.0s

2026-03-17 07:23:54 (12.3 MB/s) - ‘vlc-3.0.23.tar.xz’ saved [26486988/26486988]

--2026-03-17 07:23:54--  https://www.linuxfromscratch.org/patches/blfs/svn/vlc-3.0.21-taglib-1.patch
Resolving www.linuxfromscratch.org (www.linuxfromscratch.org)... 208.118.68.85
Connecting to www.linuxfromscratch.org (www.linuxfromscratch.org)|208.118.68.85|:443... connected.
HTTP request sent, awaiting response... 404 Not Found
2026-03-17 07:23:55 ERROR 404: Not Found.

