--2025-07-05 07:09:16--  https://downloads.sourceforge.net/libpng/libpng-1.6.50.tar.xz
Resolving downloads.sourceforge.net (downloads.sourceforge.net)... 2606:4700::6812:c95, 2606:4700::6812:d95, 104.18.12.149, ...
Connecting to downloads.sourceforge.net (downloads.sourceforge.net)|2606:4700::6812:c95|:443... connected.
HTTP request sent, awaiting response... 301 Moved Permanently
Location: https://downloads.sourceforge.net/project/libpng/libpng16/1.6.50/libpng-1.6.50.tar.xz [following]
--2025-07-05 07:09:16--  https://downloads.sourceforge.net/project/libpng/libpng16/1.6.50/libpng-1.6.50.tar.xz
Reusing existing connection to [downloads.sourceforge.net]:443.
HTTP request sent, awaiting response... 302 Found
Location: https://gigenet.dl.sourceforge.net/project/libpng/libpng16/1.6.50/libpng-1.6.50.tar.xz?viasf=1 [following]
--2025-07-05 07:09:16--  https://gigenet.dl.sourceforge.net/project/libpng/libpng16/1.6.50/libpng-1.6.50.tar.xz?viasf=1
Resolving gigenet.dl.sourceforge.net (gigenet.dl.sourceforge.net)... 69.65.16.141
Connecting to gigenet.dl.sourceforge.net (gigenet.dl.sourceforge.net)|69.65.16.141|:443... connected.
HTTP request sent, awaiting response... 200 OK
Length: 1060992 (1.0M) [application/octet-stream]
Saving to: 'libpng-1.6.50.tar.xz.1'

     0K .......... .......... .......... .......... ..........  4% 2.00M 0s
    50K .......... .......... .......... .......... ..........  9% 2.07M 0s
   100K .......... .......... .......... .......... .......... 14% 65.5M 0s
   150K .......... .......... .......... .......... .......... 19% 43.4M 0s
   200K .......... .......... .......... .......... .......... 24% 2.16M 0s
   250K .......... .......... .......... .......... .......... 28% 94.4M 0s
   300K .......... .......... .......... .......... .......... 33%  115M 0s
   350K .......... .......... .......... .......... .......... 38% 51.5M 0s
   400K .......... .......... .......... .......... .......... 43% 2.22M 0s
   450K .......... .......... .......... .......... .......... 48%  127M 0s
   500K .......... .......... .......... .......... .......... 53%  118M 0s
   550K .......... .......... .......... .......... .......... 57%  130M 0s
   600K .......... .......... .......... .......... .......... 62% 70.3M 0s
   650K .......... .......... .......... .......... .......... 67%  163M 0s
   700K .......... .......... .......... .......... .......... 72% 87.1M 0s
   750K .......... .......... .......... .......... .......... 77% 87.0M 0s
   800K .......... .......... .......... .......... .......... 82%  163M 0s
   850K .......... .......... .......... .......... .......... 86% 2.39M 0s
   900K .......... .......... .......... .......... .......... 91%  124M 0s
   950K .......... .......... .......... .......... .......... 96%  119M 0s
  1000K .......... .......... .......... ......               100% 39.1M=0.1s

2025-07-05 07:09:17 (8.29 MB/s) - 'libpng-1.6.50.tar.xz.1' saved [1060992/1060992]

--2025-07-05 07:09:17--  https://downloads.sourceforge.net/sourceforge/libpng-apng/libpng-1.6.50-apng.patch.gz
Resolving downloads.sourceforge.net (downloads.sourceforge.net)... 2606:4700::6812:c95, 2606:4700::6812:d95, 104.18.13.149, ...
Connecting to downloads.sourceforge.net (downloads.sourceforge.net)|2606:4700::6812:c95|:443... connected.
HTTP request sent, awaiting response... 404 Not Found
2025-07-05 07:09:17 ERROR 404: Not Found.

