--2025-07-05 07:09:12--  https://downloads.sourceforge.net/libpng/libpng-1.6.50.tar.xz
Resolving downloads.sourceforge.net (downloads.sourceforge.net)... 2606:4700::6812:d95, 2606:4700::6812:c95, 104.18.13.149, ...
Connecting to downloads.sourceforge.net (downloads.sourceforge.net)|2606:4700::6812:d95|:443... connected.
HTTP request sent, awaiting response... 301 Moved Permanently
Location: https://downloads.sourceforge.net/project/libpng/libpng16/1.6.50/libpng-1.6.50.tar.xz [following]
--2025-07-05 07:09:12--  https://downloads.sourceforge.net/project/libpng/libpng16/1.6.50/libpng-1.6.50.tar.xz
Reusing existing connection to [downloads.sourceforge.net]:443.
HTTP request sent, awaiting response... 302 Found
Location: https://cytranet-dal.dl.sourceforge.net/project/libpng/libpng16/1.6.50/libpng-1.6.50.tar.xz?viasf=1 [following]
--2025-07-05 07:09:12--  https://cytranet-dal.dl.sourceforge.net/project/libpng/libpng16/1.6.50/libpng-1.6.50.tar.xz?viasf=1
Resolving cytranet-dal.dl.sourceforge.net (cytranet-dal.dl.sourceforge.net)... 162.226.127.129
Connecting to cytranet-dal.dl.sourceforge.net (cytranet-dal.dl.sourceforge.net)|162.226.127.129|:443... connected.
HTTP request sent, awaiting response... 200 OK
Length: 1060992 (1.0M) [application/octet-stream]
Saving to: 'libpng-1.6.50.tar.xz'

     0K .......... .......... .......... .......... ..........  4% 1.08M 1s
    50K .......... .......... .......... .......... ..........  9%  157K 3s
   100K .......... .......... .......... .......... .......... 14% 1.08M 2s
   150K .......... .......... .......... .......... .......... 19% 23.0M 2s
   200K .......... .......... .......... .......... .......... 24% 1.21M 1s
   250K .......... .......... .......... .......... .......... 28% 41.6M 1s
   300K .......... .......... .......... .......... .......... 33% 19.9M 1s
   350K .......... .......... .......... .......... .......... 38%  293K 1s
   400K .......... .......... .......... .......... .......... 43% 68.9M 1s
   450K .......... .......... .......... .......... .......... 48% 84.6M 1s
   500K .......... .......... .......... .......... .......... 53%  157M 1s
   550K .......... .......... .......... .......... .......... 57% 55.3M 0s
   600K .......... .......... .......... .......... .......... 62%  116M 0s
   650K .......... .......... .......... .......... .......... 67% 1.25M 0s
   700K .......... .......... .......... .......... .......... 72%  145M 0s
   750K .......... .......... .......... .......... .......... 77% 56.7M 0s
   800K .......... .......... .......... .......... .......... 82% 18.0M 0s
   850K .......... .......... .......... .......... .......... 86%  111M 0s
   900K .......... .......... .......... .......... .......... 91% 57.7M 0s
   950K .......... .......... .......... .......... .......... 96%  119M 0s
  1000K .......... .......... .......... ......               100% 28.0M=0.7s

2025-07-05 07:09:13 (1.50 MB/s) - 'libpng-1.6.50.tar.xz' saved [1060992/1060992]

--2025-07-05 07:09:13--  https://downloads.sourceforge.net/sourceforge/libpng-apng/libpng-1.6.50-apng.patch.gz
Resolving downloads.sourceforge.net (downloads.sourceforge.net)... 2606:4700::6812:d95, 2606:4700::6812:c95, 104.18.12.149, ...
Connecting to downloads.sourceforge.net (downloads.sourceforge.net)|2606:4700::6812:d95|:443... connected.
HTTP request sent, awaiting response... 404 Not Found
2025-07-05 07:09:13 ERROR 404: Not Found.

