--2026-02-25 08:21:14--  https://download.videolan.org/vlc/3.0.23/vlc-3.0.23.tar.xz
Resolving download.videolan.org (download.videolan.org)... 213.36.253.2, 2a01:e0d:1:3:58bf:fa02:c0de:5
Connecting to download.videolan.org (download.videolan.org)|213.36.253.2|:443... connected.
HTTP request sent, awaiting response... 200 OK
Length: 26486988 (25M) [application/octet-stream]
Saving to: ‘vlc-3.0.23.tar.xz’

     0K .......... .......... .......... .......... ..........  0%  567K 46s
    50K .......... .......... .......... .......... ..........  0%  380K 57s
   100K .......... .......... .......... .......... ..........  0%  567K 53s
   150K .......... .......... .......... .......... ..........  0% 1.05M 46s
   200K .......... .......... .......... .......... ..........  0% 1.18M 41s
   250K .......... .......... .......... .......... ..........  1% 1015K 38s
   300K .......... .......... .......... .......... ..........  1% 1.26M 35s
   350K .......... .......... .......... .......... ..........  1%  964K 34s
   400K .......... .......... .......... .......... ..........  1% 1.34M 32s
   450K .......... .......... .......... .......... ..........  1% 1023K 32s
   500K .......... .......... .......... .......... ..........  2%  142M 29s
   550K .......... .......... .......... .......... ..........  2% 18.4M 26s
   600K .......... .......... .......... .......... ..........  2%  596K 27s
   650K .......... .......... .......... .......... ..........  2%  107M 25s
   700K .......... .......... .......... .......... ..........  2% 12.7M 24s
   750K .......... .......... .......... .......... ..........  3% 77.4M 22s
   800K .......... .......... .......... .......... ..........  3%  601K 23s
   850K .......... .......... .......... .......... ..........  3%  152M 22s
   900K .......... .......... .......... .......... ..........  3% 89.2M 21s
   950K .......... .......... .......... .......... ..........  3%  228M 20s
  1000K .......... .......... .......... .......... ..........  4% 15.6M 19s
  1050K .......... .......... .......... .......... ..........  4%  121M 18s
  1100K .......... .......... .......... .......... ..........  4%  108M 17s
  1150K .......... .......... .......... .......... ..........  4%  601K 18s
  1200K .......... .......... .......... .......... ..........  4%  156M 17s
  1250K .......... .......... .......... .......... ..........  5%  119M 17s
  1300K .......... .......... .......... .......... ..........  5% 17.9M 16s
  1350K .......... .......... .......... .......... ..........  5% 74.0M 16s
  1400K .......... .......... .......... .......... ..........  5%  130M 15s
  1450K .......... .......... .......... .......... ..........  5%  166M 14s
  1500K .......... .......... .......... .......... ..........  5% 1.40M 14s
  1550K .......... .......... .......... .......... ..........  6% 1022K 15s
  1600K .......... .......... .......... .......... ..........  6%  156M 14s
  1650K .......... .......... .......... .......... ..........  6%  108M 14s
  1700K .......... .......... .......... .......... ..........  6%  104M 13s
  1750K .......... .......... .......... .......... ..........  6%  127M 13s
  1800K .......... .......... .......... .......... ..........  7%  104M 13s
  1850K .......... .......... .......... .......... ..........  7%  140M 12s
  1900K .......... .......... .......... .......... ..........  7% 47.8M 12s
  1950K .......... .......... .......... .......... ..........  7% 93.2M 12s
  2000K .......... .......... .......... .......... ..........  7%  181M 11s
  2050K .......... .......... .......... .......... ..........  8% 81.8M 11s
  2100K .......... .......... .......... .......... ..........  8% 1.42M 11s
  2150K .......... .......... .......... .......... ..........  8% 1.02M 11s
  2200K .......... .......... .......... .......... ..........  8%  124M 11s
  2250K .......... .......... .......... .......... ..........  8% 92.9M 11s
  2300K .......... .......... .......... .......... ..........  9%  110M 11s
  2350K .......... .......... .......... .......... ..........  9% 21.7M 10s
  2400K .......... .......... .......... .......... ..........  9% 69.7M 10s
  2450K .......... .......... .......... .......... ..........  9%  132M 10s
  2500K .......... .......... .......... .......... ..........  9%  120M 10s
  2550K .......... .......... .......... .......... .......... 10%  155M 10s
  2600K .......... .......... .......... .......... .......... 10%  100M 9s
  2650K .......... .......... .......... .......... .......... 10%  148M 9s
  2700K .......... .......... .......... .......... .......... 10% 25.8M 9s
  2750K .......... .......... .......... .......... .......... 10% 75.7M 9s
  2800K .......... .......... .......... .......... .......... 11%  185M 9s
  2850K .......... .......... .......... .......... .......... 11% 1.59M 9s
  2900K .......... .......... .......... .......... .......... 11% 1.01M 9s
  2950K .......... .......... .......... .......... .......... 11%  146M 9s
  3000K .......... .......... .......... .......... .......... 11%  113M 9s
  3050K .......... .......... .......... .......... .......... 11% 94.0M 8s
  3100K .......... .......... .......... .......... .......... 12%  128M 8s
  3150K .......... .......... .......... .......... .......... 12%  111M 8s
  3200K .......... .......... .......... .......... .......... 12%  111M 8s
  3250K .......... .......... .......... .......... .......... 12% 87.9M 8s
  3300K .......... .......... .......... .......... .......... 12%  199M 8s
  3350K .......... .......... .......... .......... .......... 13% 32.9M 8s
  3400K .......... .......... .......... .......... .......... 13%  114M 7s
  3450K .......... .......... .......... .......... .......... 13% 89.4M 7s
  3500K .......... .......... .......... .......... .......... 13%  104M 7s
  3550K .......... .......... .......... .......... .......... 13% 94.7M 7s
  3600K .......... .......... .......... .......... .......... 14%  125M 7s
  3650K .......... .......... .......... .......... .......... 14%  117M 7s
  3700K .......... .......... .......... .......... .......... 14% 88.6M 7s
  3750K .......... .......... .......... .......... .......... 14% 44.0M 7s
  3800K .......... .......... .......... .......... .......... 14%  142M 7s
  3850K .......... .......... .......... .......... .......... 15% 95.9M 7s
  3900K .......... .......... .......... .......... .......... 15%  115M 6s
  3950K .......... .......... .......... .......... .......... 15% 88.4M 6s
  4000K .......... .......... .......... .......... .......... 15%  187M 6s
  4050K .......... .......... .......... .......... .......... 15%  104M 6s
  4100K .......... .......... .......... .......... .......... 16% 1.74M 6s
  4150K .......... .......... .......... .......... .......... 16% 1.01M 6s
  4200K .......... .......... .......... .......... .......... 16%  184M 6s
  4250K .......... .......... .......... .......... .......... 16% 69.4M 6s
  4300K .......... .......... .......... .......... .......... 16%  196M 6s
  4350K .......... .......... .......... .......... .......... 17%  120M 6s
  4400K .......... .......... .......... .......... .......... 17%  106M 6s
  4450K .......... .......... .......... .......... .......... 17% 39.7M 6s
  4500K .......... .......... .......... .......... .......... 17% 91.1M 6s
  4550K .......... .......... .......... .......... .......... 17%  104M 6s
  4600K .......... .......... .......... .......... .......... 17%  102M 6s
  4650K .......... .......... .......... .......... .......... 18%  158M 6s
  4700K .......... .......... .......... .......... .......... 18%  111M 6s
  4750K .......... .......... .......... .......... .......... 18% 81.8M 5s
  4800K .......... .......... .......... .......... .......... 18% 28.5M 5s
  4850K .......... .......... .......... .......... .......... 18%  162M 5s
  4900K .......... .......... .......... .......... .......... 19%  111M 5s
  4950K .......... .......... .......... .......... .......... 19%  120M 5s
  5000K .......... .......... .......... .......... .......... 19%  116M 5s
  5050K .......... .......... .......... .......... .......... 19% 94.0M 5s
  5100K .......... .......... .......... .......... .......... 19%  122M 5s
  5150K .......... .......... .......... .......... .......... 20% 82.2M 5s
  5200K .......... .......... .......... .......... .......... 20%  119M 5s
  5250K .......... .......... .......... .......... .......... 20% 95.9M 5s
  5300K .......... .......... .......... .......... .......... 20%  134M 5s
  5350K .......... .......... .......... .......... .......... 20%  103M 5s
  5400K .......... .......... .......... .......... .......... 21%  149M 5s
  5450K .......... .......... .......... .......... .......... 21%  117M 5s
  5500K .......... .......... .......... .......... .......... 21% 90.7M 5s
  5550K .......... .......... .......... .......... .......... 21% 1.92M 5s
  5600K .......... .......... .......... .......... .......... 21% 1.02M 5s
  5650K .......... .......... .......... .......... .......... 22% 85.9M 5s
  5700K .......... .......... .......... .......... .......... 22%  105M 5s
  5750K .......... .......... .......... .......... .......... 22%  151M 5s
  5800K .......... .......... .......... .......... .......... 22%  116M 5s
  5850K .......... .......... .......... .......... .......... 22%  142M 4s
  5900K .......... .......... .......... .......... .......... 23% 92.5M 4s
  5950K .......... .......... .......... .......... .......... 23% 28.8M 4s
  6000K .......... .......... .......... .......... .......... 23%  111M 4s
  6050K .......... .......... .......... .......... .......... 23%  126M 4s
  6100K .......... .......... .......... .......... .......... 23%  110M 4s
  6150K .......... .......... .......... .......... .......... 23%  145M 4s
  6200K .......... .......... .......... .......... .......... 24% 99.4M 4s
  6250K .......... .......... .......... .......... .......... 24%  103M 4s
  6300K .......... .......... .......... .......... .......... 24%  133M 4s
  6350K .......... .......... .......... .......... .......... 24%  106M 4s
  6400K .......... .......... .......... .......... .......... 24%  112M 4s
  6450K .......... .......... .......... .......... .......... 25% 88.2M 4s
  6500K .......... .......... .......... .......... .......... 25%  150M 4s
  6550K .......... .......... .......... .......... .......... 25%  117M 4s
  6600K .......... .......... .......... .......... .......... 25% 97.6M 4s
  6650K .......... .......... .......... .......... .......... 25%  125M 4s
  6700K .......... .......... .......... .......... .......... 26%  125M 4s
  6750K .......... .......... .......... .......... .......... 26% 80.0M 4s
  6800K .......... .......... .......... .......... .......... 26%  167M 4s
  6850K .......... .......... .......... .......... .......... 26%  109M 4s
  6900K .......... .......... .......... .......... .......... 26%  123M 4s
  6950K .......... .......... .......... .......... .......... 27% 34.9M 4s
  7000K .......... .......... .......... .......... .......... 27% 85.8M 4s
  7050K .......... .......... .......... .......... .......... 27%  112M 4s
  7100K .......... .......... .......... .......... .......... 27% 97.5M 4s
  7150K .......... .......... .......... .......... .......... 27%  110M 3s
  7200K .......... .......... .......... .......... .......... 28%  101M 3s
  7250K .......... .......... .......... .......... .......... 28%  136M 3s
  7300K .......... .......... .......... .......... .......... 28% 92.4M 3s
  7350K .......... .......... .......... .......... .......... 28%  122M 3s
  7400K .......... .......... .......... .......... .......... 28% 38.7M 3s
  7450K .......... .......... .......... .......... .......... 28%  134M 3s
  7500K .......... .......... .......... .......... .......... 29%  116M 3s
  7550K .......... .......... .......... .......... .......... 29% 75.7M 3s
  7600K .......... .......... .......... .......... .......... 29%  109M 3s
  7650K .......... .......... .......... .......... .......... 29%  192M 3s
  7700K .......... .......... .......... .......... .......... 29%  101M 3s
  7750K .......... .......... .......... .......... .......... 30%  151M 3s
  7800K .......... .......... .......... .......... .......... 30% 90.5M 3s
  7850K .......... .......... .......... .......... .......... 30% 95.0M 3s
  7900K .......... .......... .......... .......... .......... 30%  151M 3s
  7950K .......... .......... .......... .......... .......... 30% 38.0M 3s
  8000K .......... .......... .......... .......... .......... 31% 73.2M 3s
  8050K .......... .......... .......... .......... .......... 31%  797K 3s
  8100K .......... .......... .......... .......... .......... 31% 91.8M 3s
  8150K .......... .......... .......... .......... .......... 31%  137M 3s
  8200K .......... .......... .......... .......... .......... 31% 86.1M 3s
  8250K .......... .......... .......... .......... .......... 32%  108M 3s
  8300K .......... .......... .......... .......... .......... 32%  254M 3s
  8350K .......... .......... .......... .......... .......... 32% 83.0M 3s
  8400K .......... .......... .......... .......... .......... 32%  102M 3s
  8450K .......... .......... .......... .......... .......... 32%  120M 3s
  8500K .......... .......... .......... .......... .......... 33% 58.7M 3s
  8550K .......... .......... .......... .......... .......... 33%  111M 3s
  8600K .......... .......... .......... .......... .......... 33%  141M 3s
  8650K .......... .......... .......... .......... .......... 33% 95.8M 3s
  8700K .......... .......... .......... .......... .......... 33%  164M 3s
  8750K .......... .......... .......... .......... .......... 34% 89.6M 3s
  8800K .......... .......... .......... .......... .......... 34%  107M 3s
  8850K .......... .......... .......... .......... .......... 34%  151M 3s
  8900K .......... .......... .......... .......... .......... 34% 91.7M 3s
  8950K .......... .......... .......... .......... .......... 34%  106M 3s
  9000K .......... .......... .......... .......... .......... 34%  185M 3s
  9050K .......... .......... .......... .......... .......... 35% 89.2M 3s
  9100K .......... .......... .......... .......... .......... 35%  113M 3s
  9150K .......... .......... .......... .......... .......... 35% 96.7M 3s
  9200K .......... .......... .......... .......... .......... 35% 98.1M 3s
  9250K .......... .......... .......... .......... .......... 35%  138M 3s
  9300K .......... .......... .......... .......... .......... 36%  120M 3s
  9350K .......... .......... .......... .......... .......... 36% 98.5M 2s
  9400K .......... .......... .......... .......... .......... 36%  140M 2s
  9450K .......... .......... .......... .......... .......... 36% 50.1M 2s
  9500K .......... .......... .......... .......... .......... 36%  122M 2s
  9550K .......... .......... .......... .......... .......... 37% 84.1M 2s
  9600K .......... .......... .......... .......... .......... 37%  114M 2s
  9650K .......... .......... .......... .......... .......... 37%  117M 2s
  9700K .......... .......... .......... .......... .......... 37% 99.0M 2s
  9750K .......... .......... .......... .......... .......... 37%  134M 2s
  9800K .......... .......... .......... .......... .......... 38%  116M 2s
  9850K .......... .......... .......... .......... .......... 38%  130M 2s
  9900K .......... .......... .......... .......... .......... 38% 56.7M 2s
  9950K .......... .......... .......... .......... .......... 38% 82.2M 2s
 10000K .......... .......... .......... .......... .......... 38%  125M 2s
 10050K .......... .......... .......... .......... .......... 39%  130M 2s
 10100K .......... .......... .......... .......... .......... 39%  118M 2s
 10150K .......... .......... .......... .......... .......... 39%  110M 2s
 10200K .......... .......... .......... .......... .......... 39%  117M 2s
 10250K .......... .......... .......... .......... .......... 39% 74.1M 2s
 10300K .......... .......... .......... .......... .......... 40%  103M 2s
 10350K .......... .......... .......... .......... .......... 40% 91.1M 2s
 10400K .......... .......... .......... .......... .......... 40%  117M 2s
 10450K .......... .......... .......... .......... .......... 40%  112M 2s
 10500K .......... .......... .......... .......... .......... 40%  117M 2s
 10550K .......... .......... .......... .......... .......... 40%  112M 2s
 10600K .......... .......... .......... .......... .......... 41% 73.7M 2s
 10650K .......... .......... .......... .......... .......... 41% 82.2M 2s
 10700K .......... .......... .......... .......... .......... 41%  116M 2s
 10750K .......... .......... .......... .......... .......... 41% 84.9M 2s
 10800K .......... .......... .......... .......... .......... 41%  105M 2s
 10850K .......... .......... .......... .......... .......... 42% 97.4M 2s
 10900K .......... .......... .......... .......... .......... 42%  174M 2s
 10950K .......... .......... .......... .......... .......... 42% 3.68M 2s
 11000K .......... .......... .......... .......... .......... 42% 1.02M 2s
 11050K .......... .......... .......... .......... .......... 42%  180M 2s
 11100K .......... .......... .......... .......... .......... 43%  105M 2s
 11150K .......... .......... .......... .......... .......... 43% 91.5M 2s
 11200K .......... .......... .......... .......... .......... 43%  105M 2s
 11250K .......... .......... .......... .......... .......... 43%  164M 2s
 11300K .......... .......... .......... .......... .......... 43% 99.0M 2s
 11350K .......... .......... .......... .......... .......... 44%  102M 2s
 11400K .......... .......... .......... .......... .......... 44%  126M 2s
 11450K .......... .......... .......... .......... .......... 44% 58.5M 2s
 11500K .......... .......... .......... .......... .......... 44% 85.2M 2s
 11550K .......... .......... .......... .......... .......... 44% 84.4M 2s
 11600K .......... .......... .......... .......... .......... 45%  138M 2s
 11650K .......... .......... .......... .......... .......... 45%  129M 2s
 11700K .......... .......... .......... .......... .......... 45%  103M 2s
 11750K .......... .......... .......... .......... .......... 45% 97.3M 2s
 11800K .......... .......... .......... .......... .......... 45%  142M 2s
 11850K .......... .......... .......... .......... .......... 46%  170M 2s
 11900K .......... .......... .......... .......... .......... 46% 86.7M 2s
 11950K .......... .......... .......... .......... .......... 46%  101M 2s
 12000K .......... .......... .......... .......... .......... 46%  103M 2s
 12050K .......... .......... .......... .......... .......... 46%  153M 2s
 12100K .......... .......... .......... .......... .......... 46%  102M 2s
 12150K .......... .......... .......... .......... .......... 47% 92.3M 2s
 12200K .......... .......... .......... .......... .......... 47%  147M 2s
 12250K .......... .......... .......... .......... .......... 47%  119M 2s
 12300K .......... .......... .......... .......... .......... 47%  154M 2s
 12350K .......... .......... .......... .......... .......... 47% 70.3M 2s
 12400K .......... .......... .......... .......... .......... 48%  155M 2s
 12450K .......... .......... .......... .......... .......... 48% 86.8M 2s
 12500K .......... .......... .......... .......... .......... 48%  182M 2s
 12550K .......... .......... .......... .......... .......... 48% 99.3M 2s
 12600K .......... .......... .......... .......... .......... 48% 79.4M 2s
 12650K .......... .......... .......... .......... .......... 49%  146M 2s
 12700K .......... .......... .......... .......... .......... 49%  104M 2s
 12750K .......... .......... .......... .......... .......... 49% 97.6M 2s
 12800K .......... .......... .......... .......... .......... 49%  123M 2s
 12850K .......... .......... .......... .......... .......... 49% 96.1M 2s
 12900K .......... .......... .......... .......... .......... 50% 95.0M 2s
 12950K .......... .......... .......... .......... .......... 50%  179M 2s
 13000K .......... .......... .......... .......... .......... 50% 98.5M 1s
 13050K .......... .......... .......... .......... .......... 50%  159M 1s
 13100K .......... .......... .......... .......... .......... 50%  104M 1s
 13150K .......... .......... .......... .......... .......... 51% 91.3M 1s
 13200K .......... .......... .......... .......... .......... 51% 95.8M 1s
 13250K .......... .......... .......... .......... .......... 51%  135M 1s
 13300K .......... .......... .......... .......... .......... 51%  118M 1s
 13350K .......... .......... .......... .......... .......... 51% 94.3M 1s
 13400K .......... .......... .......... .......... .......... 51%  180M 1s
 13450K .......... .......... .......... .......... .......... 52%  107M 1s
 13500K .......... .......... .......... .......... .......... 52%  135M 1s
 13550K .......... .......... .......... .......... .......... 52% 75.8M 1s
 13600K .......... .......... .......... .......... .......... 52%  128M 1s
 13650K .......... .......... .......... .......... .......... 52%  125M 1s
 13700K .......... .......... .......... .......... .......... 53% 86.8M 1s
 13750K .......... .......... .......... .......... .......... 53%  176M 1s
 13800K .......... .......... .......... .......... .......... 53%  115M 1s
 13850K .......... .......... .......... .......... .......... 53% 99.2M 1s
 13900K .......... .......... .......... .......... .......... 53%  152M 1s
 13950K .......... .......... .......... .......... .......... 54% 70.8M 1s
 14000K .......... .......... .......... .......... .......... 54% 82.7M 1s
 14050K .......... .......... .......... .......... .......... 54%  134M 1s
 14100K .......... .......... .......... .......... .......... 54% 95.3M 1s
 14150K .......... .......... .......... .......... .......... 54%  111M 1s
 14200K .......... .......... .......... .......... .......... 55%  152M 1s
 14250K .......... .......... .......... .......... .......... 55%  103M 1s
 14300K .......... .......... .......... .......... .......... 55%  103M 1s
 14350K .......... .......... .......... .......... .......... 55% 84.5M 1s
 14400K .......... .......... .......... .......... .......... 55%  114M 1s
 14450K .......... .......... .......... .......... .......... 56%  155M 1s
 14500K .......... .......... .......... .......... .......... 56% 85.6M 1s
 14550K .......... .......... .......... .......... .......... 56%  127M 1s
 14600K .......... .......... .......... .......... .......... 56%  127M 1s
 14650K .......... .......... .......... .......... .......... 56%  130M 1s
 14700K .......... .......... .......... .......... .......... 57% 85.2M 1s
 14750K .......... .......... .......... .......... .......... 57%  102M 1s
 14800K .......... .......... .......... .......... .......... 57% 79.9M 1s
 14850K .......... .......... .......... .......... .......... 57%  130M 1s
 14900K .......... .......... .......... .......... .......... 57% 87.6M 1s
 14950K .......... .......... .......... .......... .......... 57%  176M 1s
 15000K .......... .......... .......... .......... .......... 58% 97.9M 1s
 15050K .......... .......... .......... .......... .......... 58%  111M 1s
 15100K .......... .......... .......... .......... .......... 58%  151M 1s
 15150K .......... .......... .......... .......... .......... 58% 83.0M 1s
 15200K .......... .......... .......... .......... .......... 58% 51.8M 1s
 15250K .......... .......... .......... .......... .......... 59%  151M 1s
 15300K .......... .......... .......... .......... .......... 59% 95.9M 1s
 15350K .......... .......... .......... .......... .......... 59%  127M 1s
 15400K .......... .......... .......... .......... .......... 59%  148M 1s
 15450K .......... .......... .......... .......... .......... 59% 98.0M 1s
 15500K .......... .......... .......... .......... .......... 60%  104M 1s
 15550K .......... .......... .......... .......... .......... 60% 97.6M 1s
 15600K .......... .......... .......... .......... .......... 60% 85.3M 1s
 15650K .......... .......... .......... .......... .......... 60%  115M 1s
 15700K .......... .......... .......... .......... .......... 60%  159M 1s
 15750K .......... .......... .......... .......... .......... 61% 90.0M 1s
 15800K .......... .......... .......... .......... .......... 61%  119M 1s
 15850K .......... .......... .......... .......... .......... 61% 23.6M 1s
 15900K .......... .......... .......... .......... .......... 61% 1.16M 1s
 15950K .......... .......... .......... .......... .......... 61% 67.6M 1s
 16000K .......... .......... .......... .......... .......... 62%  112M 1s
 16050K .......... .......... .......... .......... .......... 62%  128M 1s
 16100K .......... .......... .......... .......... .......... 62%  124M 1s
 16150K .......... .......... .......... .......... .......... 62%  161M 1s
 16200K .......... .......... .......... .......... .......... 62% 84.7M 1s
 16250K .......... .......... .......... .......... .......... 63%  154M 1s
 16300K .......... .......... .......... .......... .......... 63%  112M 1s
 16350K .......... .......... .......... .......... .......... 63% 50.6M 1s
 16400K .......... .......... .......... .......... .......... 63%  155M 1s
 16450K .......... .......... .......... .......... .......... 63% 98.8M 1s
 16500K .......... .......... .......... .......... .......... 63%  112M 1s
 16550K .......... .......... .......... .......... .......... 64%  151M 1s
 16600K .......... .......... .......... .......... .......... 64% 99.4M 1s
 16650K .......... .......... .......... .......... .......... 64%  119M 1s
 16700K .......... .......... .......... .......... .......... 64%  103M 1s
 16750K .......... .......... .......... .......... .......... 64% 92.7M 1s
 16800K .......... .......... .......... .......... .......... 65%  119M 1s
 16850K .......... .......... .......... .......... .......... 65%  119M 1s
 16900K .......... .......... .......... .......... .......... 65%  149M 1s
 16950K .......... .......... .......... .......... .......... 65%  102M 1s
 17000K .......... .......... .......... .......... .......... 65% 92.2M 1s
 17050K .......... .......... .......... .......... .......... 66%  139M 1s
 17100K .......... .......... .......... .......... .......... 66%  119M 1s
 17150K .......... .......... .......... .......... .......... 66% 77.9M 1s
 17200K .......... .......... .......... .......... .......... 66%  137M 1s
 17250K .......... .......... .......... .......... .......... 66%  161M 1s
 17300K .......... .......... .......... .......... .......... 67%  101M 1s
 17350K .......... .......... .......... .......... .......... 67%  103M 1s
 17400K .......... .......... .......... .......... .......... 67% 30.9M 1s
 17450K .......... .......... .......... .......... .......... 67%  159M 1s
 17500K .......... .......... .......... .......... .......... 67%  106M 1s
 17550K .......... .......... .......... .......... .......... 68%  100M 1s
 17600K .......... .......... .......... .......... .......... 68% 98.1M 1s
 17650K .......... .......... .......... .......... .......... 68%  165M 1s
 17700K .......... .......... .......... .......... .......... 68%  109M 1s
 17750K .......... .......... .......... .......... .......... 68% 90.9M 1s
 17800K .......... .......... .......... .......... .......... 69%  102M 1s
 17850K .......... .......... .......... .......... .......... 69%  138M 1s
 17900K .......... .......... .......... .......... .......... 69%  104M 1s
 17950K .......... .......... .......... .......... .......... 69% 86.3M 1s
 18000K .......... .......... .......... .......... .......... 69%  113M 1s
 18050K .......... .......... .......... .......... .......... 69% 88.3M 1s
 18100K .......... .......... .......... .......... .......... 70%  224M 1s
 18150K .......... .......... .......... .......... .......... 70% 99.4M 1s
 18200K .......... .......... .......... .......... .......... 70%  174M 1s
 18250K .......... .......... .......... .......... .......... 70% 49.2M 1s
 18300K .......... .......... .......... .......... .......... 70% 93.7M 1s
 18350K .......... .......... .......... .......... .......... 71% 96.3M 1s
 18400K .......... .......... .......... .......... .......... 71%  100M 1s
 18450K .......... .......... .......... .......... .......... 71%  131M 1s
 18500K .......... .......... .......... .......... .......... 71%  128M 1s
 18550K .......... .......... .......... .......... .......... 71% 86.5M 1s
 18600K .......... .......... .......... .......... .......... 72%  169M 1s
 18650K .......... .......... .......... .......... .......... 72%  113M 1s
 18700K .......... .......... .......... .......... .......... 72% 65.3M 1s
 18750K .......... .......... .......... .......... .......... 72% 61.5M 1s
 18800K .......... .......... .......... .......... .......... 72%  113M 1s
 18850K .......... .......... .......... .......... .......... 73%  119M 1s
 18900K .......... .......... .......... .......... .......... 73%  160M 1s
 18950K .......... .......... .......... .......... .......... 73% 97.6M 1s
 19000K .......... .......... .......... .......... .......... 73%  108M 1s
 19050K .......... .......... .......... .......... .......... 73%  157M 1s
 19100K .......... .......... .......... .......... .......... 74%  111M 1s
 19150K .......... .......... .......... .......... .......... 74% 46.1M 1s
 19200K .......... .......... .......... .......... .......... 74% 94.4M 1s
 19250K .......... .......... .......... .......... .......... 74%  126M 1s
 19300K .......... .......... .......... .......... .......... 74%  131M 1s
 19350K .......... .......... .......... .......... .......... 75% 90.2M 1s
 19400K .......... .......... .......... .......... .......... 75%  183M 1s
 19450K .......... .......... .......... .......... .......... 75%  111M 1s
 19500K .......... .......... .......... .......... .......... 75%  100M 1s
 19550K .......... .......... .......... .......... .......... 75% 94.4M 1s
 19600K .......... .......... .......... .......... .......... 75%  135M 1s
 19650K .......... .......... .......... .......... .......... 76% 76.8M 1s
 19700K .......... .......... .......... .......... .......... 76% 86.4M 1s
 19750K .......... .......... .......... .......... .......... 76%  158M 0s
 19800K .......... .......... .......... .......... .......... 76% 97.5M 0s
 19850K .......... .......... .......... .......... .......... 76%  112M 0s
 19900K .......... .......... .......... .......... .......... 77%  153M 0s
 19950K .......... .......... .......... .......... .......... 77% 98.4M 0s
 20000K .......... .......... .......... .......... .......... 77%  101M 0s
 20050K .......... .......... .......... .......... .......... 77% 90.4M 0s
 20100K .......... .......... .......... .......... .......... 77% 46.6M 0s
 20150K .......... .......... .......... .......... .......... 78% 76.1M 0s
 20200K .......... .......... .......... .......... .......... 78%  209M 0s
 20250K .......... .......... .......... .......... .......... 78%  101M 0s
 20300K .......... .......... .......... .......... .......... 78%  106M 0s
 20350K .......... .......... .......... .......... .......... 78% 97.0M 0s
 20400K .......... .......... .......... .......... .......... 79%  137M 0s
 20450K .......... .......... .......... .......... .......... 79%  104M 0s
 20500K .......... .......... .......... .......... .......... 79% 21.2M 0s
 20550K .......... .......... .......... .......... .......... 79% 78.8M 0s
 20600K .......... .......... .......... .......... .......... 79%  137M 0s
 20650K .......... .......... .......... .......... .......... 80%  127M 0s
 20700K .......... .......... .......... .......... .......... 80%  117M 0s
 20750K .......... .......... .......... .......... .......... 80% 83.0M 0s
 20800K .......... .......... .......... .......... .......... 80%  117M 0s
 20850K .......... .......... .......... .......... .......... 80% 90.3M 0s
 20900K .......... .......... .......... .......... .......... 80% 95.8M 0s
 20950K .......... .......... .......... .......... .......... 81% 75.9M 0s
 21000K .......... .......... .......... .......... .......... 81%  101M 0s
 21050K .......... .......... .......... .......... .......... 81%  125M 0s
 21100K .......... .......... .......... .......... .......... 81%  119M 0s
 21150K .......... .......... .......... .......... .......... 81% 74.1M 0s
 21200K .......... .......... .......... .......... .......... 82%  154M 0s
 21250K .......... .......... .......... .......... .......... 82%  110M 0s
 21300K .......... .......... .......... .......... .......... 82%  109M 0s
 21350K .......... .......... .......... .......... .......... 82%  110M 0s
 21400K .......... .......... .......... .......... .......... 82% 44.5M 0s
 21450K .......... .......... .......... .......... .......... 83%  115M 0s
 21500K .......... .......... .......... .......... .......... 83%  142M 0s
 21550K .......... .......... .......... .......... .......... 83% 78.4M 0s
 21600K .......... .......... .......... .......... .......... 83%  139M 0s
 21650K .......... .......... .......... .......... .......... 83%  102M 0s
 21700K .......... .......... .......... .......... .......... 84% 57.7M 0s
 21750K .......... .......... .......... .......... .......... 84% 1.66M 0s
 21800K .......... .......... .......... .......... .......... 84%  111M 0s
 21850K .......... .......... .......... .......... .......... 84%  130M 0s
 21900K .......... .......... .......... .......... .......... 84%  139M 0s
 21950K .......... .......... .......... .......... .......... 85% 87.4M 0s
 22000K .......... .......... .......... .......... .......... 85%  111M 0s
 22050K .......... .......... .......... .......... .......... 85%  121M 0s
 22100K .......... .......... .......... .......... .......... 85%  110M 0s
 22150K .......... .......... .......... .......... .......... 85% 49.2M 0s
 22200K .......... .......... .......... .......... .......... 86%  108M 0s
 22250K .......... .......... .......... .......... .......... 86% 81.3M 0s
 22300K .......... .......... .......... .......... .......... 86% 6.58M 0s
 22350K .......... .......... .......... .......... .......... 86% 84.5M 0s
 22400K .......... .......... .......... .......... .......... 86%  116M 0s
 22450K .......... .......... .......... .......... .......... 86%  115M 0s
 22500K .......... .......... .......... .......... .......... 87% 17.5M 0s
 22550K .......... .......... .......... .......... .......... 87% 86.0M 0s
 22600K .......... .......... .......... .......... .......... 87%  140M 0s
 22650K .......... .......... .......... .......... .......... 87%  114M 0s
 22700K .......... .......... .......... .......... .......... 87% 95.8M 0s
 22750K .......... .......... .......... .......... .......... 88% 99.5M 0s
 22800K .......... .......... .......... .......... .......... 88% 80.7M 0s
 22850K .......... .......... .......... .......... .......... 88%  133M 0s
 22900K .......... .......... .......... .......... .......... 88% 89.2M 0s
 22950K .......... .......... .......... .......... .......... 88%  186M 0s
 23000K .......... .......... .......... .......... .......... 89%  116M 0s
 23050K .......... .......... .......... .......... .......... 89% 89.9M 0s
 23100K .......... .......... .......... .......... .......... 89%  141M 0s
 23150K .......... .......... .......... .......... .......... 89% 85.2M 0s
 23200K .......... .......... .......... .......... .......... 89% 92.1M 0s
 23250K .......... .......... .......... .......... .......... 90%  179M 0s
 23300K .......... .......... .......... .......... .......... 90% 94.0M 0s
 23350K .......... .......... .......... .......... .......... 90%  130M 0s
 23400K .......... .......... .......... .......... .......... 90%  115M 0s
 23450K .......... .......... .......... .......... .......... 90%  132M 0s
 23500K .......... .......... .......... .......... .......... 91%  114M 0s
 23550K .......... .......... .......... .......... .......... 91% 93.1M 0s
 23600K .......... .......... .......... .......... .......... 91% 86.9M 0s
 23650K .......... .......... .......... .......... .......... 91%  182M 0s
 23700K .......... .......... .......... .......... .......... 91% 94.8M 0s
 23750K .......... .......... .......... .......... .......... 92%  105M 0s
 23800K .......... .......... .......... .......... .......... 92%  159M 0s
 23850K .......... .......... .......... .......... .......... 92% 96.7M 0s
 23900K .......... .......... .......... .......... .......... 92% 97.0M 0s
 23950K .......... .......... .......... .......... .......... 92%  106M 0s
 24000K .......... .......... .......... .......... .......... 92% 97.3M 0s
 24050K .......... .......... .......... .......... .......... 93%  149M 0s
 24100K .......... .......... .......... .......... .......... 93%  112M 0s
 24150K .......... .......... .......... .......... .......... 93% 97.1M 0s
 24200K .......... .......... .......... .......... .......... 93%  128M 0s
 24250K .......... .......... .......... .......... .......... 93%  110M 0s
 24300K .......... .......... .......... .......... .......... 94%  110M 0s
 24350K .......... .......... .......... .......... .......... 94% 95.9M 0s
 24400K .......... .......... .......... .......... .......... 94% 94.7M 0s
 24450K .......... .......... .......... .......... .......... 94%  155M 0s
 24500K .......... .......... .......... .......... .......... 94%  109M 0s
 24550K .......... .......... .......... .......... .......... 95% 97.3M 0s
 24600K .......... .......... .......... .......... .......... 95%  128M 0s
 24650K .......... .......... .......... .......... .......... 95%  132M 0s
 24700K .......... .......... .......... .......... .......... 95% 88.1M 0s
 24750K .......... .......... .......... .......... .......... 95%  103M 0s
 24800K .......... .......... .......... .......... .......... 96%  165M 0s
 24850K .......... .......... .......... .......... .......... 96% 94.8M 0s
 24900K .......... .......... .......... .......... .......... 96% 92.3M 0s
 24950K .......... .......... .......... .......... .......... 96%  105M 0s
 25000K .......... .......... .......... .......... .......... 96%  173M 0s
 25050K .......... .......... .......... .......... .......... 97% 81.7M 0s
 25100K .......... .......... .......... .......... .......... 97%  140M 0s
 25150K .......... .......... .......... .......... .......... 97% 85.6M 0s
 25200K .......... .......... .......... .......... .......... 97%  109M 0s
 25250K .......... .......... .......... .......... .......... 97%  161M 0s
 25300K .......... .......... .......... .......... .......... 98%  110M 0s
 25350K .......... .......... .......... .......... .......... 98% 97.3M 0s
 25400K .......... .......... .......... .......... .......... 98%  109M 0s
 25450K .......... .......... .......... .......... .......... 98%  141M 0s
 25500K .......... .......... .......... .......... .......... 98% 91.4M 0s
 25550K .......... .......... .......... .......... .......... 98%  109M 0s
 25600K .......... .......... .......... .......... .......... 99%  153M 0s
 25650K .......... .......... .......... .......... .......... 99% 89.0M 0s
 25700K .......... .......... .......... .......... .......... 99%  115M 0s
 25750K .......... .......... .......... .......... .......... 99% 7.24M 0s
 25800K .......... .......... .......... .......... .......... 99%  142M 0s
 25850K .......... ......                                     100%  128M=1.7s

2026-02-25 08:21:17 (14.6 MB/s) - ‘vlc-3.0.23.tar.xz’ saved [26486988/26486988]

--2026-02-25 08:21:17--  https://www.linuxfromscratch.org/patches/blfs/svn/vlc-3.0.21-taglib-1.patch
Resolving www.linuxfromscratch.org (www.linuxfromscratch.org)... 208.118.68.85
Connecting to www.linuxfromscratch.org (www.linuxfromscratch.org)|208.118.68.85|:443... connected.
HTTP request sent, awaiting response... 404 Not Found
2026-02-25 08:21:17 ERROR 404: Not Found.

