--2026-02-01 08:16:06--  https://www.openldap.org/software/download/OpenLDAP/openldap-release/openldap-2.6.12.tgz
Resolving www.openldap.org (www.openldap.org)... 45.79.47.170, 2600:3c00:e000:2d3::1
Connecting to www.openldap.org (www.openldap.org)|45.79.47.170|:443... connected.
HTTP request sent, awaiting response... 200 OK
Length: 6524579 (6.2M) [application/octet-stream]
Saving to: ‘openldap-2.6.12.tgz.1’

     0K .......... .......... .......... .......... ..........  0% 1.21M 5s
    50K .......... .......... .......... .......... ..........  1% 1.23M 5s
   100K .......... .......... .......... .......... ..........  2% 11.2M 4s
   150K .......... .......... .......... .......... ..........  3% 1.25M 4s
   200K .......... .......... .......... .......... ..........  3% 12.6M 3s
   250K .......... .......... .......... .......... ..........  4% 1.33M 3s
   300K .......... .......... .......... .......... ..........  5% 15.3M 3s
   350K .......... .......... .......... .......... ..........  6% 1.36M 3s
   400K .......... .......... .......... .......... ..........  7% 9.49M 3s
   450K .......... .......... .......... .......... ..........  7% 43.1M 2s
   500K .......... .......... .......... .......... ..........  8% 1.58M 3s
   550K .......... .......... .......... .......... ..........  9% 11.9M 2s
   600K .......... .......... .......... .......... .......... 10% 1.36M 2s
   650K .......... .......... .......... .......... .......... 10% 42.9M 2s
   700K .......... .......... .......... .......... .......... 11% 21.4M 2s
   750K .......... .......... .......... .......... .......... 12% 10.9M 2s
   800K .......... .......... .......... .......... .......... 13% 1.40M 2s
   850K .......... .......... .......... .......... .......... 14% 36.6M 2s
   900K .......... .......... .......... .......... .......... 14% 13.5M 2s
   950K .......... .......... .......... .......... .......... 15% 1.56M 2s
  1000K .......... .......... .......... .......... .......... 16% 12.5M 2s
  1050K .......... .......... .......... .......... .......... 17% 33.9M 2s
  1100K .......... .......... .......... .......... .......... 18% 35.0M 2s
  1150K .......... .......... .......... .......... .......... 18% 24.7M 2s
  1200K .......... .......... .......... .......... .......... 19% 35.0M 2s
  1250K .......... .......... .......... .......... .......... 20% 1.64M 2s
  1300K .......... .......... .......... .......... .......... 21% 31.6M 1s
  1350K .......... .......... .......... .......... .......... 21% 16.3M 1s
  1400K .......... .......... .......... .......... .......... 22% 10.9M 1s
  1450K .......... .......... .......... .......... .......... 23% 12.9M 1s
  1500K .......... .......... .......... .......... .......... 24% 32.5M 1s
  1550K .......... .......... .......... .......... .......... 25% 25.0M 1s
  1600K .......... .......... .......... .......... .......... 25% 40.4M 1s
  1650K .......... .......... .......... .......... .......... 26% 2.08M 1s
  1700K .......... .......... .......... .......... .......... 27% 41.6M 1s
  1750K .......... .......... .......... .......... .......... 28% 21.3M 1s
  1800K .......... .......... .......... .......... .......... 29% 35.9M 1s
  1850K .......... .......... .......... .......... .......... 29% 20.9M 1s
  1900K .......... .......... .......... .......... .......... 30% 10.2M 1s
  1950K .......... .......... .......... .......... .......... 31% 13.8M 1s
  2000K .......... .......... .......... .......... .......... 32% 2.01M 1s
  2050K .......... .......... .......... .......... .......... 32% 38.0M 1s
  2100K .......... .......... .......... .......... .......... 33% 39.2M 1s
  2150K .......... .......... .......... .......... .......... 34% 38.0M 1s
  2200K .......... .......... .......... .......... .......... 35% 41.4M 1s
  2250K .......... .......... .......... .......... .......... 36% 41.7M 1s
  2300K .......... .......... .......... .......... .......... 36% 42.2M 1s
  2350K .......... .......... .......... .......... .......... 37% 30.6M 1s
  2400K .......... .......... .......... .......... .......... 38% 42.3M 1s
  2450K .......... .......... .......... .......... .......... 39% 41.7M 1s
  2500K .......... .......... .......... .......... .......... 40% 41.7M 1s
  2550K .......... .......... .......... .......... .......... 40% 42.2M 1s
  2600K .......... .......... .......... .......... .......... 41% 19.4M 1s
  2650K .......... .......... .......... .......... .......... 42% 2.10M 1s
  2700K .......... .......... .......... .......... .......... 43% 12.8M 1s
  2750K .......... .......... .......... .......... .......... 43% 12.4M 1s
  2800K .......... .......... .......... .......... .......... 44% 34.6M 1s
  2850K .......... .......... .......... .......... .......... 45% 40.1M 1s
  2900K .......... .......... .......... .......... .......... 46% 40.5M 1s
  2950K .......... .......... .......... .......... .......... 47% 40.5M 1s
  3000K .......... .......... .......... .......... .......... 47% 43.5M 1s
  3050K .......... .......... .......... .......... .......... 48% 44.2M 1s
  3100K .......... .......... .......... .......... .......... 49% 40.9M 1s
  3150K .......... .......... .......... .......... .......... 50% 29.8M 1s
  3200K .......... .......... .......... .......... .......... 51% 77.7M 1s
  3250K .......... .......... .......... .......... .......... 51%  274M 1s
  3300K .......... .......... .......... .......... .......... 52% 2.31M 1s
  3350K .......... .......... .......... .......... .......... 53% 33.5M 0s
  3400K .......... .......... .......... .......... .......... 54% 41.9M 0s
  3450K .......... .......... .......... .......... .......... 54% 41.1M 0s
  3500K .......... .......... .......... .......... .......... 55% 40.7M 0s
  3550K .......... .......... .......... .......... .......... 56% 29.1M 0s
  3600K .......... .......... .......... .......... .......... 57% 40.5M 0s
  3650K .......... .......... .......... .......... .......... 58% 38.8M 0s
  3700K .......... .......... .......... .......... .......... 58% 37.2M 0s
  3750K .......... .......... .......... .......... .......... 59% 36.9M 0s
  3800K .......... .......... .......... .......... .......... 60% 42.9M 0s
  3850K .......... .......... .......... .......... .......... 61% 60.2M 0s
  3900K .......... .......... .......... .......... .......... 61%  288M 0s
  3950K .......... .......... .......... .......... .......... 62%  221M 0s
  4000K .......... .......... .......... .......... .......... 63%  296M 0s
  4050K .......... .......... .......... .......... .......... 64%  263M 0s
  4100K .......... .......... .......... .......... .......... 65% 1.18M 0s
  4150K .......... .......... .......... .......... .......... 65%  277M 0s
  4200K .......... .......... .......... .......... .......... 66%  285M 0s
  4250K .......... .......... .......... .......... .......... 67%  276M 0s
  4300K .......... .......... .......... .......... .......... 68%  262M 0s
  4350K .......... .......... .......... .......... .......... 69%  209M 0s
  4400K .......... .......... .......... .......... .......... 69%  269M 0s
  4450K .......... .......... .......... .......... .......... 70%  287M 0s
  4500K .......... .......... .......... .......... .......... 71%  290M 0s
  4550K .......... .......... .......... .......... .......... 72%  275M 0s
  4600K .......... .......... .......... .......... .......... 72%  291M 0s
  4650K .......... .......... .......... .......... .......... 73%  280M 0s
  4700K .......... .......... .......... .......... .......... 74%  279M 0s
  4750K .......... .......... .......... .......... .......... 75%  219M 0s
  4800K .......... .......... .......... .......... .......... 76%  280M 0s
  4850K .......... .......... .......... .......... .......... 76%  286M 0s
  4900K .......... .......... .......... .......... .......... 77%  289M 0s
  4950K .......... .......... .......... .......... .......... 78%  269M 0s
  5000K .......... .......... .......... .......... .......... 79%  288M 0s
  5050K .......... .......... .......... .......... .......... 80%  285M 0s
  5100K .......... .......... .......... .......... .......... 80%  275M 0s
  5150K .......... .......... .......... .......... .......... 81%  219M 0s
  5200K .......... .......... .......... .......... .......... 82%  253M 0s
  5250K .......... .......... .......... .......... .......... 83% 82.3M 0s
  5300K .......... .......... .......... .......... .......... 83% 2.47M 0s
  5350K .......... .......... .......... .......... .......... 84%  127M 0s
  5400K .......... .......... .......... .......... .......... 85%  130M 0s
  5450K .......... .......... .......... .......... .......... 86% 16.0M 0s
  5500K .......... .......... .......... .......... .......... 87% 93.9M 0s
  5550K .......... .......... .......... .......... .......... 87% 6.72M 0s
  5600K .......... .......... .......... .......... .......... 88%  114M 0s
  5650K .......... .......... .......... .......... .......... 89% 12.6M 0s
  5700K .......... .......... .......... .......... .......... 90%  148M 0s
  5750K .......... .......... .......... .......... .......... 91%  129M 0s
  5800K .......... .......... .......... .......... .......... 91%  105M 0s
  5850K .......... .......... .......... .......... .......... 92%  157M 0s
  5900K .......... .......... .......... .......... .......... 93%  110M 0s
  5950K .......... .......... .......... .......... .......... 94% 87.0M 0s
  6000K .......... .......... .......... .......... .......... 94%  106M 0s
  6050K .......... .......... .......... .......... .......... 95% 1.19M 0s
  6100K .......... .......... .......... .......... .......... 96% 1.19M 0s
  6150K .......... .......... .......... .......... .......... 97% 1.22M 0s
  6200K .......... .......... .......... .......... .......... 98% 1.22M 0s
  6250K .......... .......... .......... .......... .......... 98% 1.24M 0s
  6300K .......... .......... .......... .......... .......... 99% 1.20M 0s
  6350K .......... .......... .                               100%  551K=0.9s

2026-02-01 08:16:08 (6.62 MB/s) - ‘openldap-2.6.12.tgz.1’ saved [6524579/6524579]

--2026-02-01 08:16:08--  https://www.linuxfromscratch.org/patches/blfs/svn/openldap-2.6.12-consolidated-1.patch
Resolving www.linuxfromscratch.org (www.linuxfromscratch.org)... 208.118.68.85
Connecting to www.linuxfromscratch.org (www.linuxfromscratch.org)|208.118.68.85|:443... connected.
HTTP request sent, awaiting response... 404 Not Found
2026-02-01 08:16:08 ERROR 404: Not Found.

