--2026-01-04 08:15:48--  https://download.videolan.org/vlc/3.0.23/vlc-3.0.23.tar.xz
Resolving download.videolan.org (download.videolan.org)... 213.36.253.2, 2a01:e0d:1:3:58bf:fa02:c0de:5
Connecting to download.videolan.org (download.videolan.org)|213.36.253.2|:443... connected.
HTTP request sent, awaiting response... 200 OK
Length: 26486988 (25M) [application/octet-stream]
Saving to: ‘vlc-3.0.23.tar.xz’

     0K .......... .......... .......... .......... ..........  0%  568K 45s
    50K .......... .......... .......... .......... ..........  0%  571K 45s
   100K .......... .......... .......... .......... ..........  0% 37.3M 30s
   150K .......... .......... .......... .......... ..........  0%  572K 34s
   200K .......... .......... .......... .......... ..........  0%  573K 36s
   250K .......... .......... .......... .......... ..........  1% 1.21M 33s
   300K .......... .......... .......... .......... ..........  1%  569K 35s
   350K .......... .......... .......... .......... ..........  1% 29.8M 31s
   400K .......... .......... .......... .......... ..........  1%  578K 32s
   450K .......... .......... .......... .......... ..........  1% 12.1M 29s
   500K .......... .......... .......... .......... ..........  2% 1.11M 28s
   550K .......... .......... .......... .......... ..........  2% 1.20M 28s
   600K .......... .......... .......... .......... ..........  2% 1.03M 27s
   650K .......... .......... .......... .......... ..........  2% 39.5M 25s
   700K .......... .......... .......... .......... ..........  2% 1.14M 25s
   750K .......... .......... .......... .......... ..........  3% 1.10M 25s
   800K .......... .......... .......... .......... ..........  3% 1.24M 24s
   850K .......... .......... .......... .......... ..........  3% 12.6M 23s
   900K .......... .......... .......... .......... ..........  3% 1.07M 23s
   950K .......... .......... .......... .......... ..........  3% 43.7M 22s
  1000K .......... .......... .......... .......... ..........  4% 1.28M 22s
  1050K .......... .......... .......... .......... ..........  4% 42.6M 21s
  1100K .......... .......... .......... .......... ..........  4% 22.5M 20s
  1150K .......... .......... .......... .......... ..........  4%  597K 21s
  1200K .......... .......... .......... .......... ..........  4% 95.7M 20s
  1250K .......... .......... .......... .......... ..........  5% 63.6M 19s
  1300K .......... .......... .......... .......... ..........  5% 17.6M 18s
  1350K .......... .......... .......... .......... ..........  5% 88.9M 18s
  1400K .......... .......... .......... .......... ..........  5% 1.13M 18s
  1450K .......... .......... .......... .......... ..........  5% 1.20M 18s
  1500K .......... .......... .......... .......... ..........  5% 73.2M 17s
  1550K .......... .......... .......... .......... ..........  6% 44.9M 17s
  1600K .......... .......... .......... .......... ..........  6% 53.7M 16s
  1650K .......... .......... .......... .......... ..........  6% 61.7M 16s
  1700K .......... .......... .......... .......... ..........  6% 57.1M 15s
  1750K .......... .......... .......... .......... ..........  6%  210M 15s
  1800K .......... .......... .......... .......... ..........  7%  235M 14s
  1850K .......... .......... .......... .......... ..........  7%  296M 14s
  1900K .......... .......... .......... .......... ..........  7% 1.15M 14s
  1950K .......... .......... .......... .......... ..........  7% 1.18M 14s
  2000K .......... .......... .......... .......... ..........  7% 44.0M 14s
  2050K .......... .......... .......... .......... ..........  8% 44.0M 13s
  2100K .......... .......... .......... .......... ..........  8% 39.4M 13s
  2150K .......... .......... .......... .......... ..........  8% 41.5M 13s
  2200K .......... .......... .......... .......... ..........  8% 43.7M 12s
  2250K .......... .......... .......... .......... ..........  8% 1.16M 13s
  2300K .......... .......... .......... .......... ..........  9% 39.0M 12s
  2350K .......... .......... .......... .......... ..........  9% 32.7M 12s
  2400K .......... .......... .......... .......... ..........  9% 43.9M 12s
  2450K .......... .......... .......... .......... ..........  9% 43.2M 12s
  2500K .......... .......... .......... .......... ..........  9% 1.42M 12s
  2550K .......... .......... .......... .......... .......... 10% 35.7M 11s
  2600K .......... .......... .......... .......... .......... 10% 38.6M 11s
  2650K .......... .......... .......... .......... .......... 10% 42.1M 11s
  2700K .......... .......... .......... .......... .......... 10% 41.2M 11s
  2750K .......... .......... .......... .......... .......... 10% 32.1M 11s
  2800K .......... .......... .......... .......... .......... 11% 43.1M 10s
  2850K .......... .......... .......... .......... .......... 11% 44.0M 10s
  2900K .......... .......... .......... .......... .......... 11% 42.8M 10s
  2950K .......... .......... .......... .......... .......... 11% 44.1M 10s
  3000K .......... .......... .......... .......... .......... 11% 43.7M 10s
  3050K .......... .......... .......... .......... .......... 11% 1.35M 10s
  3100K .......... .......... .......... .......... .......... 12% 39.2M 10s
  3150K .......... .......... .......... .......... .......... 12% 33.2M 9s
  3200K .......... .......... .......... .......... .......... 12% 1.28M 9s
  3250K .......... .......... .......... .......... .......... 12% 39.6M 9s
  3300K .......... .......... .......... .......... .......... 12% 41.8M 9s
  3350K .......... .......... .......... .......... .......... 13% 42.5M 9s
  3400K .......... .......... .......... .......... .......... 13% 43.2M 9s
  3450K .......... .......... .......... .......... .......... 13% 43.9M 9s
  3500K .......... .......... .......... .......... .......... 13% 44.5M 9s
  3550K .......... .......... .......... .......... .......... 13% 33.9M 8s
  3600K .......... .......... .......... .......... .......... 14% 1.26M 9s
  3650K .......... .......... .......... .......... .......... 14% 1.22M 9s
  3700K .......... .......... .......... .......... .......... 14% 37.8M 9s
  3750K .......... .......... .......... .......... .......... 14% 42.5M 8s
  3800K .......... .......... .......... .......... .......... 14% 26.0M 8s
  3850K .......... .......... .......... .......... .......... 15% 38.1M 8s
  3900K .......... .......... .......... .......... .......... 15% 39.3M 8s
  3950K .......... .......... .......... .......... .......... 15% 28.9M 8s
  4000K .......... .......... .......... .......... .......... 15% 41.0M 8s
  4050K .......... .......... .......... .......... .......... 15% 38.3M 8s
  4100K .......... .......... .......... .......... .......... 16% 39.2M 8s
  4150K .......... .......... .......... .......... .......... 16% 42.8M 8s
  4200K .......... .......... .......... .......... .......... 16% 42.7M 7s
  4250K .......... .......... .......... .......... .......... 16% 43.9M 7s
  4300K .......... .......... .......... .......... .......... 16% 44.3M 7s
  4350K .......... .......... .......... .......... .......... 17% 33.0M 7s
  4400K .......... .......... .......... .......... .......... 17% 44.1M 7s
  4450K .......... .......... .......... .......... .......... 17% 41.1M 7s
  4500K .......... .......... .......... .......... .......... 17% 42.2M 7s
  4550K .......... .......... .......... .......... .......... 17% 43.6M 7s
  4600K .......... .......... .......... .......... .......... 17% 44.4M 7s
  4650K .......... .......... .......... .......... .......... 18% 44.4M 7s
  4700K .......... .......... .......... .......... .......... 18% 43.9M 7s
  4750K .......... .......... .......... .......... .......... 18% 32.7M 6s
  4800K .......... .......... .......... .......... .......... 18% 43.7M 6s
  4850K .......... .......... .......... .......... .......... 18% 2.48M 6s
  4900K .......... .......... .......... .......... .......... 19% 1.26M 6s
  4950K .......... .......... .......... .......... .......... 19%  102M 6s
  5000K .......... .......... .......... .......... .......... 19% 13.7M 6s
  5050K .......... .......... .......... .......... .......... 19%  113M 6s
  5100K .......... .......... .......... .......... .......... 19%  152M 6s
  5150K .......... .......... .......... .......... .......... 20% 79.5M 6s
  5200K .......... .......... .......... .......... .......... 20%  154M 6s
  5250K .......... .......... .......... .......... .......... 20%  106M 6s
  5300K .......... .......... .......... .......... .......... 20% 25.0M 6s
  5350K .......... .......... .......... .......... .......... 20% 96.9M 6s
  5400K .......... .......... .......... .......... .......... 21%  108M 6s
  5450K .......... .......... .......... .......... .......... 21%  155M 6s
  5500K .......... .......... .......... .......... .......... 21%  109M 6s
  5550K .......... .......... .......... .......... .......... 21% 84.5M 6s
  5600K .......... .......... .......... .......... .......... 21%  111M 6s
  5650K .......... .......... .......... .......... .......... 22%  153M 5s
  5700K .......... .......... .......... .......... .......... 22% 50.2M 5s
  5750K .......... .......... .......... .......... .......... 22%  153M 5s
  5800K .......... .......... .......... .......... .......... 22% 97.0M 5s
  5850K .......... .......... .......... .......... .......... 22%  107M 5s
  5900K .......... .......... .......... .......... .......... 23% 1.40M 5s
  5950K .......... .......... .......... .......... .......... 23% 81.4M 5s
  6000K .......... .......... .......... .......... .......... 23%  182M 5s
  6050K .......... .......... .......... .......... .......... 23%  123M 5s
  6100K .......... .......... .......... .......... .......... 23%  129M 5s
  6150K .......... .......... .......... .......... .......... 23% 1.28M 5s
  6200K .......... .......... .......... .......... .......... 24% 49.3M 5s
  6250K .......... .......... .......... .......... .......... 24% 16.3M 5s
  6300K .......... .......... .......... .......... .......... 24% 36.1M 5s
  6350K .......... .......... .......... .......... .......... 24% 32.2M 5s
  6400K .......... .......... .......... .......... .......... 24% 41.3M 5s
  6450K .......... .......... .......... .......... .......... 25% 39.6M 5s
  6500K .......... .......... .......... .......... .......... 25% 40.4M 5s
  6550K .......... .......... .......... .......... .......... 25% 42.2M 5s
  6600K .......... .......... .......... .......... .......... 25% 42.3M 5s
  6650K .......... .......... .......... .......... .......... 25% 39.4M 5s
  6700K .......... .......... .......... .......... .......... 26% 42.3M 5s
  6750K .......... .......... .......... .......... .......... 26% 34.0M 5s
  6800K .......... .......... .......... .......... .......... 26% 44.1M 5s
  6850K .......... .......... .......... .......... .......... 26% 44.4M 5s
  6900K .......... .......... .......... .......... .......... 26%  248M 4s
  6950K .......... .......... .......... .......... .......... 27%  279M 4s
  7000K .......... .......... .......... .......... .......... 27%  297M 4s
  7050K .......... .......... .......... .......... .......... 27%  295M 4s
  7100K .......... .......... .......... .......... .......... 27%  298M 4s
  7150K .......... .......... .......... .......... .......... 27% 1.57M 4s
  7200K .......... .......... .......... .......... .......... 28% 40.1M 4s
  7250K .......... .......... .......... .......... .......... 28% 42.5M 4s
  7300K .......... .......... .......... .......... .......... 28% 44.3M 4s
  7350K .......... .......... .......... .......... .......... 28% 43.7M 4s
  7400K .......... .......... .......... .......... .......... 28% 44.0M 4s
  7450K .......... .......... .......... .......... .......... 28% 1.50M 4s
  7500K .......... .......... .......... .......... .......... 29% 42.5M 4s
  7550K .......... .......... .......... .......... .......... 29% 17.3M 4s
  7600K .......... .......... .......... .......... .......... 29% 34.0M 4s
  7650K .......... .......... .......... .......... .......... 29% 43.5M 4s
  7700K .......... .......... .......... .......... .......... 29% 42.8M 4s
  7750K .......... .......... .......... .......... .......... 30% 40.3M 4s
  7800K .......... .......... .......... .......... .......... 30% 40.3M 4s
  7850K .......... .......... .......... .......... .......... 30% 41.9M 4s
  7900K .......... .......... .......... .......... .......... 30% 41.1M 4s
  7950K .......... .......... .......... .......... .......... 30% 31.3M 4s
  8000K .......... .......... .......... .......... .......... 31% 40.5M 4s
  8050K .......... .......... .......... .......... .......... 31% 43.6M 4s
  8100K .......... .......... .......... .......... .......... 31% 44.7M 4s
  8150K .......... .......... .......... .......... .......... 31% 44.1M 4s
  8200K .......... .......... .......... .......... .......... 31% 44.9M 4s
  8250K .......... .......... .......... .......... .......... 32% 44.9M 4s
  8300K .......... .......... .......... .......... .......... 32% 43.4M 4s
  8350K .......... .......... .......... .......... .......... 32% 33.1M 4s
  8400K .......... .......... .......... .......... .......... 32% 2.04M 4s
  8450K .......... .......... .......... .......... .......... 32% 40.2M 4s
  8500K .......... .......... .......... .......... .......... 33% 13.4M 4s
  8550K .......... .......... .......... .......... .......... 33% 40.0M 4s
  8600K .......... .......... .......... .......... .......... 33% 43.7M 4s
  8650K .......... .......... .......... .......... .......... 33% 44.1M 3s
  8700K .......... .......... .......... .......... .......... 33% 1.54M 4s
  8750K .......... .......... .......... .......... .......... 34% 30.9M 3s
  8800K .......... .......... .......... .......... .......... 34% 41.0M 3s
  8850K .......... .......... .......... .......... .......... 34% 23.4M 3s
  8900K .......... .......... .......... .......... .......... 34% 37.7M 3s
  8950K .......... .......... .......... .......... .......... 34% 41.9M 3s
  9000K .......... .......... .......... .......... .......... 34% 40.7M 3s
  9050K .......... .......... .......... .......... .......... 35% 39.5M 3s
  9100K .......... .......... .......... .......... .......... 35% 40.1M 3s
  9150K .......... .......... .......... .......... .......... 35% 32.5M 3s
  9200K .......... .......... .......... .......... .......... 35% 40.6M 3s
  9250K .......... .......... .......... .......... .......... 35% 42.7M 3s
  9300K .......... .......... .......... .......... .......... 36% 34.9M 3s
  9350K .......... .......... .......... .......... .......... 36% 44.3M 3s
  9400K .......... .......... .......... .......... .......... 36% 44.5M 3s
  9450K .......... .......... .......... .......... .......... 36% 44.1M 3s
  9500K .......... .......... .......... .......... .......... 36% 44.5M 3s
  9550K .......... .......... .......... .......... .......... 37% 32.5M 3s
  9600K .......... .......... .......... .......... .......... 37% 44.2M 3s
  9650K .......... .......... .......... .......... .......... 37% 43.4M 3s
  9700K .......... .......... .......... .......... .......... 37% 2.03M 3s
  9750K .......... .......... .......... .......... .......... 37% 14.0M 3s
  9800K .......... .......... .......... .......... .......... 38% 35.8M 3s
  9850K .......... .......... .......... .......... .......... 38% 41.5M 3s
  9900K .......... .......... .......... .......... .......... 38% 43.9M 3s
  9950K .......... .......... .......... .......... .......... 38% 32.7M 3s
 10000K .......... .......... .......... .......... .......... 38% 1.55M 3s
 10050K .......... .......... .......... .......... .......... 39% 42.8M 3s
 10100K .......... .......... .......... .......... .......... 39% 43.0M 3s
 10150K .......... .......... .......... .......... .......... 39% 20.9M 3s
 10200K .......... .......... .......... .......... .......... 39% 9.76M 3s
 10250K .......... .......... .......... .......... .......... 39% 39.4M 3s
 10300K .......... .......... .......... .......... .......... 40% 40.9M 3s
 10350K .......... .......... .......... .......... .......... 40% 28.8M 3s
 10400K .......... .......... .......... .......... .......... 40% 39.3M 3s
 10450K .......... .......... .......... .......... .......... 40%  150M 3s
 10500K .......... .......... .......... .......... .......... 40%  270M 3s
 10550K .......... .......... .......... .......... .......... 40%  290M 3s
 10600K .......... .......... .......... .......... .......... 41%  294M 3s
 10650K .......... .......... .......... .......... .......... 41%  288M 3s
 10700K .......... .......... .......... .......... .......... 41%  294M 3s
 10750K .......... .......... .......... .......... .......... 41%  207M 3s
 10800K .......... .......... .......... .......... .......... 41%  286M 3s
 10850K .......... .......... .......... .......... .......... 42%  291M 3s
 10900K .......... .......... .......... .......... .......... 42%  290M 3s
 10950K .......... .......... .......... .......... .......... 42%  291M 3s
 11000K .......... .......... .......... .......... .......... 42% 1.62M 3s
 11050K .......... .......... .......... .......... .......... 42% 12.8M 3s
 11100K .......... .......... .......... .......... .......... 43%  122M 3s
 11150K .......... .......... .......... .......... .......... 43% 83.5M 3s
 11200K .......... .......... .......... .......... .......... 43% 94.2M 3s
 11250K .......... .......... .......... .......... .......... 43%  112M 3s
 11300K .......... .......... .......... .......... .......... 43% 1.40M 3s
 11350K .......... .......... .......... .......... .......... 44% 42.4M 3s
 11400K .......... .......... .......... .......... .......... 44% 42.5M 2s
 11450K .......... .......... .......... .......... .......... 44% 30.0M 2s
 11500K .......... .......... .......... .......... .......... 44% 11.1M 2s
 11550K .......... .......... .......... .......... .......... 44% 31.6M 2s
 11600K .......... .......... .......... .......... .......... 45% 43.9M 2s
 11650K .......... .......... .......... .......... .......... 45% 42.4M 2s
 11700K .......... .......... .......... .......... .......... 45% 40.3M 2s
 11750K .......... .......... .......... .......... .......... 45% 39.1M 2s
 11800K .......... .......... .......... .......... .......... 45% 41.9M 2s
 11850K .......... .......... .......... .......... .......... 46% 42.1M 2s
 11900K .......... .......... .......... .......... .......... 46% 38.0M 2s
 11950K .......... .......... .......... .......... .......... 46% 32.9M 2s
 12000K .......... .......... .......... .......... .......... 46% 43.6M 2s
 12050K .......... .......... .......... .......... .......... 46% 42.6M 2s
 12100K .......... .......... .......... .......... .......... 46% 44.1M 2s
 12150K .......... .......... .......... .......... .......... 47% 44.3M 2s
 12200K .......... .......... .......... .......... .......... 47% 43.7M 2s
 12250K .......... .......... .......... .......... .......... 47% 42.6M 2s
 12300K .......... .......... .......... .......... .......... 47% 43.0M 2s
 12350K .......... .......... .......... .......... .......... 47% 2.31M 2s
 12400K .......... .......... .......... .......... .......... 48% 13.6M 2s
 12450K .......... .......... .......... .......... .......... 48% 38.2M 2s
 12500K .......... .......... .......... .......... .......... 48% 43.3M 2s
 12550K .......... .......... .......... .......... .......... 48% 43.9M 2s
 12600K .......... .......... .......... .......... .......... 48% 44.2M 2s
 12650K .......... .......... .......... .......... .......... 49% 1.55M 2s
 12700K .......... .......... .......... .......... .......... 49% 43.3M 2s
 12750K .......... .......... .......... .......... .......... 49% 32.1M 2s
 12800K .......... .......... .......... .......... .......... 49% 10.5M 2s
 12850K .......... .......... .......... .......... .......... 49% 39.9M 2s
 12900K .......... .......... .......... .......... .......... 50% 43.9M 2s
 12950K .......... .......... .......... .......... .......... 50% 43.6M 2s
 13000K .......... .......... .......... .......... .......... 50% 39.2M 2s
 13050K .......... .......... .......... .......... .......... 50% 39.8M 2s
 13100K .......... .......... .......... .......... .......... 50% 41.7M 2s
 13150K .......... .......... .......... .......... .......... 51% 33.7M 2s
 13200K .......... .......... .......... .......... .......... 51% 40.1M 2s
 13250K .......... .......... .......... .......... .......... 51% 40.2M 2s
 13300K .......... .......... .......... .......... .......... 51% 40.7M 2s
 13350K .......... .......... .......... .......... .......... 51% 43.7M 2s
 13400K .......... .......... .......... .......... .......... 51% 44.1M 2s
 13450K .......... .......... .......... .......... .......... 52% 44.5M 2s
 13500K .......... .......... .......... .......... .......... 52% 42.6M 2s
 13550K .......... .......... .......... .......... .......... 52% 33.1M 2s
 13600K .......... .......... .......... .......... .......... 52% 44.0M 2s
 13650K .......... .......... .......... .......... .......... 52% 2.34M 2s
 13700K .......... .......... .......... .......... .......... 53% 13.9M 2s
 13750K .......... .......... .......... .......... .......... 53% 36.6M 2s
 13800K .......... .......... .......... .......... .......... 53% 42.1M 2s
 13850K .......... .......... .......... .......... .......... 53%  125M 2s
 13900K .......... .......... .......... .......... .......... 53%  278M 2s
 13950K .......... .......... .......... .......... .......... 54% 1.50M 2s
 14000K .......... .......... .......... .......... .......... 54% 81.4M 2s
 14050K .......... .......... .......... .......... .......... 54% 84.8M 2s
 14100K .......... .......... .......... .......... .......... 54% 17.6M 2s
 14150K .......... .......... .......... .......... .......... 54% 11.6M 2s
 14200K .......... .......... .......... .......... .......... 55%  135M 2s
 14250K .......... .......... .......... .......... .......... 55%  118M 2s
 14300K .......... .......... .......... .......... .......... 55% 16.9M 2s
 14350K .......... .......... .......... .......... .......... 55% 95.0M 2s
 14400K .......... .......... .......... .......... .......... 55%  114M 2s
 14450K .......... .......... .......... .......... .......... 56%  112M 2s
 14500K .......... .......... .......... .......... .......... 56%  119M 2s
 14550K .......... .......... .......... .......... .......... 56%  116M 2s
 14600K .......... .......... .......... .......... .......... 56% 27.2M 2s
 14650K .......... .......... .......... .......... .......... 56%  129M 2s
 14700K .......... .......... .......... .......... .......... 57%  115M 2s
 14750K .......... .......... .......... .......... .......... 57% 14.7M 2s
 14800K .......... .......... .......... .......... .......... 57%  111M 2s
 14850K .......... .......... .......... .......... .......... 57%  112M 2s
 14900K .......... .......... .......... .......... .......... 57%  106M 2s
 14950K .......... .......... .......... .......... .......... 57% 98.8M 2s
 15000K .......... .......... .......... .......... .......... 58% 1.83M 2s
 15050K .......... .......... .......... .......... .......... 58% 40.6M 2s
 15100K .......... .......... .......... .......... .......... 58% 12.9M 2s
 15150K .......... .......... .......... .......... .......... 58% 31.6M 2s
 15200K .......... .......... .......... .......... .......... 58% 43.7M 2s
 15250K .......... .......... .......... .......... .......... 59% 41.6M 2s
 15300K .......... .......... .......... .......... .......... 59% 1.55M 2s
 15350K .......... .......... .......... .......... .......... 59% 37.9M 2s
 15400K .......... .......... .......... .......... .......... 59% 42.8M 2s
 15450K .......... .......... .......... .......... .......... 59% 35.5M 2s
 15500K .......... .......... .......... .......... .......... 60% 10.5M 1s
 15550K .......... .......... .......... .......... .......... 60% 31.0M 1s
 15600K .......... .......... .......... .......... .......... 60% 43.2M 1s
 15650K .......... .......... .......... .......... .......... 60% 33.8M 1s
 15700K .......... .......... .......... .......... .......... 60% 39.4M 1s
 15750K .......... .......... .......... .......... .......... 61% 43.8M 1s
 15800K .......... .......... .......... .......... .......... 61% 43.6M 1s
 15850K .......... .......... .......... .......... .......... 61% 41.4M 1s
 15900K .......... .......... .......... .......... .......... 61% 41.7M 1s
 15950K .......... .......... .......... .......... .......... 61% 32.5M 1s
 16000K .......... .......... .......... .......... .......... 62% 41.4M 1s
 16050K .......... .......... .......... .......... .......... 62% 41.7M 1s
 16100K .......... .......... .......... .......... .......... 62% 42.9M 1s
 16150K .......... .......... .......... .......... .......... 62% 44.1M 1s
 16200K .......... .......... .......... .......... .......... 62% 41.5M 1s
 16250K .......... .......... .......... .......... .......... 63% 43.4M 1s
 16300K .......... .......... .......... .......... .......... 63% 44.6M 1s
 16350K .......... .......... .......... .......... .......... 63% 2.46M 1s
 16400K .......... .......... .......... .......... .......... 63% 12.2M 1s
 16450K .......... .......... .......... .......... .......... 63% 36.9M 1s
 16500K .......... .......... .......... .......... .......... 63% 42.0M 1s
 16550K .......... .......... .......... .......... .......... 64% 43.7M 1s
 16600K .......... .......... .......... .......... .......... 64% 44.4M 1s
 16650K .......... .......... .......... .......... .......... 64% 43.3M 1s
 16700K .......... .......... .......... .......... .......... 64% 1.57M 1s
 16750K .......... .......... .......... .......... .......... 64% 33.8M 1s
 16800K .......... .......... .......... .......... .......... 65% 22.5M 1s
 16850K .......... .......... .......... .......... .......... 65% 10.3M 1s
 16900K .......... .......... .......... .......... .......... 65% 43.5M 1s
 16950K .......... .......... .......... .......... .......... 65% 44.1M 1s
 17000K .......... .......... .......... .......... .......... 65% 38.5M 1s
 17050K .......... .......... .......... .......... .......... 66% 39.9M 1s
 17100K .......... .......... .......... .......... .......... 66% 42.4M 1s
 17150K .......... .......... .......... .......... .......... 66% 31.5M 1s
 17200K .......... .......... .......... .......... .......... 66% 41.7M 1s
 17250K .......... .......... .......... .......... .......... 66% 44.6M 1s
 17300K .......... .......... .......... .......... .......... 67% 41.8M 1s
 17350K .......... .......... .......... .......... .......... 67% 41.6M 1s
 17400K .......... .......... .......... .......... .......... 67% 42.1M 1s
 17450K .......... .......... .......... .......... .......... 67% 43.8M 1s
 17500K .......... .......... .......... .......... .......... 67% 43.7M 1s
 17550K .......... .......... .......... .......... .......... 68% 32.6M 1s
 17600K .......... .......... .......... .......... .......... 68% 43.9M 1s
 17650K .......... .......... .......... .......... .......... 68% 44.8M 1s
 17700K .......... .......... .......... .......... .......... 68% 44.0M 1s
 17750K .......... .......... .......... .......... .......... 68% 2.55M 1s
 17800K .......... .......... .......... .......... .......... 69% 12.2M 1s
 17850K .......... .......... .......... .......... .......... 69% 39.2M 1s
 17900K .......... .......... .......... .......... .......... 69% 43.6M 1s
 17950K .......... .......... .......... .......... .......... 69% 33.6M 1s
 18000K .......... .......... .......... .......... .......... 69% 44.9M 1s
 18050K .......... .......... .......... .......... .......... 69% 1.57M 1s
 18100K .......... .......... .......... .......... .......... 70% 43.7M 1s
 18150K .......... .......... .......... .......... .......... 70% 43.1M 1s
 18200K .......... .......... .......... .......... .......... 70% 9.20M 1s
 18250K .......... .......... .......... .......... .......... 70% 38.6M 1s
 18300K .......... .......... .......... .......... .......... 70% 42.3M 1s
 18350K .......... .......... .......... .......... .......... 71% 32.4M 1s
 18400K .......... .......... .......... .......... .......... 71% 41.8M 1s
 18450K .......... .......... .......... .......... .......... 71% 39.4M 1s
 18500K .......... .......... .......... .......... .......... 71% 43.1M 1s
 18550K .......... .......... .......... .......... .......... 71% 39.0M 1s
 18600K .......... .......... .......... .......... .......... 72% 44.4M 1s
 18650K .......... .......... .......... .......... .......... 72% 44.2M 1s
 18700K .......... .......... .......... .......... .......... 72% 41.1M 1s
 18750K .......... .......... .......... .......... .......... 72% 33.6M 1s
 18800K .......... .......... .......... .......... .......... 72% 42.7M 1s
 18850K .......... .......... .......... .......... .......... 73% 40.7M 1s
 18900K .......... .......... .......... .......... .......... 73% 40.5M 1s
 18950K .......... .......... .......... .......... .......... 73% 43.5M 1s
 19000K .......... .......... .......... .......... .......... 73% 44.6M 1s
 19050K .......... .......... .......... .......... .......... 73% 43.0M 1s
 19100K .......... .......... .......... .......... .......... 74% 2.54M 1s
 19150K .......... .......... .......... .......... .......... 74% 10.9M 1s
 19200K .......... .......... .......... .......... .......... 74% 39.8M 1s
 19250K .......... .......... .......... .......... .......... 74% 42.7M 1s
 19300K .......... .......... .......... .......... .......... 74% 42.4M 1s
 19350K .......... .......... .......... .......... .......... 75% 44.7M 1s
 19400K .......... .......... .......... .......... .......... 75% 44.7M 1s
 19450K .......... .......... .......... .......... .......... 75% 1.59M 1s
 19500K .......... .......... .......... .......... .......... 75% 41.2M 1s
 19550K .......... .......... .......... .......... .......... 75% 19.0M 1s
 19600K .......... .......... .......... .......... .......... 75% 10.5M 1s
 19650K .......... .......... .......... .......... .......... 76% 42.1M 1s
 19700K .......... .......... .......... .......... .......... 76% 43.5M 1s
 19750K .......... .......... .......... .......... .......... 76% 41.7M 1s
 19800K .......... .......... .......... .......... .......... 76% 38.3M 1s
 19850K .......... .......... .......... .......... .......... 76% 43.1M 1s
 19900K .......... .......... .......... .......... .......... 77% 42.9M 1s
 19950K .......... .......... .......... .......... .......... 77% 31.1M 1s
 20000K .......... .......... .......... .......... .......... 77% 45.0M 1s
 20050K .......... .......... .......... .......... .......... 77% 41.6M 1s
 20100K .......... .......... .......... .......... .......... 77% 43.7M 1s
 20150K .......... .......... .......... .......... .......... 78% 41.8M 1s
 20200K .......... .......... .......... .......... .......... 78% 42.1M 1s
 20250K .......... .......... .......... .......... .......... 78% 41.5M 1s
 20300K .......... .......... .......... .......... .......... 78% 35.4M 1s
 20350K .......... .......... .......... .......... .......... 78% 33.7M 1s
 20400K .......... .......... .......... .......... .......... 79% 44.1M 1s
 20450K .......... .......... .......... .......... .......... 79% 43.3M 1s
 20500K .......... .......... .......... .......... .......... 79% 2.57M 1s
 20550K .......... .......... .......... .......... .......... 79% 13.3M 1s
 20600K .......... .......... .......... .......... .......... 79% 40.3M 1s
 20650K .......... .......... .......... .......... .......... 80% 41.4M 1s
 20700K .......... .......... .......... .......... .......... 80% 40.7M 1s
 20750K .......... .......... .......... .......... .......... 80% 33.3M 1s
 20800K .......... .......... .......... .......... .......... 80% 1.59M 1s
 20850K .......... .......... .......... .......... .......... 80% 39.3M 1s
 20900K .......... .......... .......... .......... .......... 80% 44.1M 1s
 20950K .......... .......... .......... .......... .......... 81% 24.2M 1s
 21000K .......... .......... .......... .......... .......... 81% 10.2M 1s
 21050K .......... .......... .......... .......... .......... 81% 38.3M 1s
 21100K .......... .......... .......... .......... .......... 81% 38.6M 1s
 21150K .......... .......... .......... .......... .......... 81% 21.9M 1s
 21200K .......... .......... .......... .......... .......... 82% 41.6M 1s
 21250K .......... .......... .......... .......... .......... 82% 40.4M 1s
 21300K .......... .......... .......... .......... .......... 82% 41.2M 1s
 21350K .......... .......... .......... .......... .......... 82% 42.5M 1s
 21400K .......... .......... .......... .......... .......... 82% 43.3M 1s
 21450K .......... .......... .......... .......... .......... 83% 42.6M 1s
 21500K .......... .......... .......... .......... .......... 83% 44.1M 1s
 21550K .......... .......... .......... .......... .......... 83% 33.9M 1s
 21600K .......... .......... .......... .......... .......... 83% 41.4M 1s
 21650K .......... .......... .......... .......... .......... 83% 38.5M 1s
 21700K .......... .......... .......... .......... .......... 84% 44.6M 0s
 21750K .......... .......... .......... .......... .......... 84% 42.6M 0s
 21800K .......... .......... .......... .......... .......... 84% 44.0M 0s
 21850K .......... .......... .......... .......... .......... 84% 44.6M 0s
 21900K .......... .......... .......... .......... .......... 84% 2.73M 0s
 21950K .......... .......... .......... .......... .......... 85% 12.2M 0s
 22000K .......... .......... .......... .......... .......... 85% 55.0M 0s
 22050K .......... .......... .......... .......... .......... 85% 59.5M 0s
 22100K .......... .......... .......... .......... .......... 85% 66.7M 0s
 22150K .......... .......... .......... .......... .......... 85% 66.3M 0s
 22200K .......... .......... .......... .......... .......... 86% 65.7M 0s
 22250K .......... .......... .......... .......... .......... 86% 1.48M 0s
 22300K .......... .......... .......... .......... .......... 86% 43.0M 0s
 22350K .......... .......... .......... .......... .......... 86% 8.71M 0s
 22400K .......... .......... .......... .......... .......... 86% 36.1M 0s
 22450K .......... .......... .......... .......... .......... 86% 43.9M 0s
 22500K .......... .......... .......... .......... .......... 87% 43.9M 0s
 22550K .......... .......... .......... .......... .......... 87% 40.8M 0s
 22600K .......... .......... .......... .......... .......... 87% 44.4M 0s
 22650K .......... .......... .......... .......... .......... 87% 42.9M 0s
 22700K .......... .......... .......... .......... .......... 87% 30.1M 0s
 22750K .......... .......... .......... .......... .......... 88% 29.0M 0s
 22800K .......... .......... .......... .......... .......... 88% 41.8M 0s
 22850K .......... .......... .......... .......... .......... 88% 43.1M 0s
 22900K .......... .......... .......... .......... .......... 88% 42.9M 0s
 22950K .......... .......... .......... .......... .......... 88% 44.9M 0s
 23000K .......... .......... .......... .......... .......... 89% 40.6M 0s
 23050K .......... .......... .......... .......... .......... 89% 41.6M 0s
 23100K .......... .......... .......... .......... .......... 89% 41.3M 0s
 23150K .......... .......... .......... .......... .......... 89% 32.7M 0s
 23200K .......... .......... .......... .......... .......... 89% 43.1M 0s
 23250K .......... .......... .......... .......... .......... 90% 41.9M 0s
 23300K .......... .......... .......... .......... .......... 90% 2.71M 0s
 23350K .......... .......... .......... .......... .......... 90% 12.2M 0s
 23400K .......... .......... .......... .......... .......... 90% 37.5M 0s
 23450K .......... .......... .......... .......... .......... 90% 42.0M 0s
 23500K .......... .......... .......... .......... .......... 91% 42.9M 0s
 23550K .......... .......... .......... .......... .......... 91% 33.3M 0s
 23600K .......... .......... .......... .......... .......... 91% 44.5M 0s
 23650K .......... .......... .......... .......... .......... 91% 1.61M 0s
 23700K .......... .......... .......... .......... .......... 91% 34.6M 0s
 23750K .......... .......... .......... .......... .......... 92% 25.3M 0s
 23800K .......... .......... .......... .......... .......... 92% 9.99M 0s
 23850K .......... .......... .......... .......... .......... 92% 39.8M 0s
 23900K .......... .......... .......... .......... .......... 92% 43.6M 0s
 23950K .......... .......... .......... .......... .......... 92% 30.3M 0s
 24000K .......... .......... .......... .......... .......... 92% 42.4M 0s
 24050K .......... .......... .......... .......... .......... 93% 44.3M 0s
 24100K .......... .......... .......... .......... .......... 93% 42.9M 0s
 24150K .......... .......... .......... .......... .......... 93% 36.3M 0s
 24200K .......... .......... .......... .......... .......... 93% 41.5M 0s
 24250K .......... .......... .......... .......... .......... 93% 44.3M 0s
 24300K .......... .......... .......... .......... .......... 94% 40.7M 0s
 24350K .......... .......... .......... .......... .......... 94% 33.8M 0s
 24400K .......... .......... .......... .......... .......... 94% 44.9M 0s
 24450K .......... .......... .......... .......... .......... 94% 40.5M 0s
 24500K .......... .......... .......... .......... .......... 94% 39.7M 0s
 24550K .......... .......... .......... .......... .......... 95% 44.3M 0s
 24600K .......... .......... .......... .......... .......... 95% 43.7M 0s
 24650K .......... .......... .......... .......... .......... 95% 44.3M 0s
 24700K .......... .......... .......... .......... .......... 95% 57.4M 0s
 24750K .......... .......... .......... .......... .......... 95% 2.70M 0s
 24800K .......... .......... .......... .......... .......... 96% 11.6M 0s
 24850K .......... .......... .......... .......... .......... 96% 55.5M 0s
 24900K .......... .......... .......... .......... .......... 96% 58.6M 0s
 24950K .......... .......... .......... .......... .......... 96% 66.3M 0s
 25000K .......... .......... .......... .......... .......... 96% 68.6M 0s
 25050K .......... .......... .......... .......... .......... 97% 11.7M 0s
 25100K .......... .......... .......... .......... .......... 97% 1.68M 0s
 25150K .......... .......... .......... .......... .......... 97% 32.4M 0s
 25200K .......... .......... .......... .......... .......... 97% 8.91M 0s
 25250K .......... .......... .......... .......... .......... 97% 36.2M 0s
 25300K .......... .......... .......... .......... .......... 98% 43.0M 0s
 25350K .......... .......... .......... .......... .......... 98% 43.8M 0s
 25400K .......... .......... .......... .......... .......... 98% 42.2M 0s
 25450K .......... .......... .......... .......... .......... 98% 42.2M 0s
 25500K .......... .......... .......... .......... .......... 98% 44.0M 0s
 25550K .......... .......... .......... .......... .......... 98% 32.5M 0s
 25600K .......... .......... .......... .......... .......... 99% 39.5M 0s
 25650K .......... .......... .......... .......... .......... 99% 41.0M 0s
 25700K .......... .......... .......... .......... .......... 99% 44.4M 0s
 25750K .......... .......... .......... .......... .......... 99% 43.1M 0s
 25800K .......... .......... .......... .......... .......... 99% 44.8M 0s
 25850K .......... ......                                     100% 49.3M=2.9s

2026-01-04 08:15:51 (8.78 MB/s) - ‘vlc-3.0.23.tar.xz’ saved [26486988/26486988]

--2026-01-04 08:15:51--  https://www.linuxfromscratch.org/patches/blfs/svn/vlc-3.0.21-taglib-1.patch
Resolving www.linuxfromscratch.org (www.linuxfromscratch.org)... 208.118.68.85
Connecting to www.linuxfromscratch.org (www.linuxfromscratch.org)|208.118.68.85|:443... connected.
HTTP request sent, awaiting response... 404 Not Found
2026-01-04 08:15:52 ERROR 404: Not Found.

