--2026-01-26 08:13:56--  https://www.x.org/pub/individual/lib/libXpm-3.5.18.tar.xz
Resolving www.x.org (www.x.org)... 131.252.210.176
Connecting to www.x.org (www.x.org)|131.252.210.176|:443... connected.
HTTP request sent, awaiting response... 301 Moved Permanently
Location: https://www.x.org/archive//individual/lib/libXpm-3.5.18.tar.xz [following]
--2026-01-26 08:13:57--  https://www.x.org/archive//individual/lib/libXpm-3.5.18.tar.xz
Reusing existing connection to www.x.org:443.
HTTP request sent, awaiting response... 200 OK
Length: 467900 (457K) [application/x-xz]
Saving to: ‘libXpm-3.5.18.tar.xz’

     0K .......... .......... .......... .......... .......... 10%  361K 1s
    50K .......... .......... .......... .......... .......... 21%  738K 1s
   100K .......... .......... .......... .......... .......... 32% 65.2M 0s
   150K .......... .......... .......... .......... .......... 43%  738K 0s
   200K .......... .......... .......... .......... .......... 54% 44.6M 0s
   250K .......... .......... .......... .......... .......... 65%  736K 0s
   300K .......... .......... .......... .......... .......... 76% 37.5M 0s
   350K .......... .......... .......... .......... .......... 87% 1.28M 0s
   400K .......... .......... .......... .......... .......... 98% 1.56M 0s
   450K ......                                                100% 26.9M=0.4s

2026-01-26 08:13:57 (1.08 MB/s) - ‘libXpm-3.5.18.tar.xz’ saved [467900/467900]

libXpm-3.5.18/
libXpm-3.5.18/src/
libXpm-3.5.18/src/parse.c
libXpm-3.5.18/src/CrDatFrI.c
libXpm-3.5.18/src/CrIFrDat.c
libXpm-3.5.18/src/CrPFrI.c
libXpm-3.5.18/src/hashtab.c
libXpm-3.5.18/src/CrPFrBuf.c
libXpm-3.5.18/src/RdFToDat.c
libXpm-3.5.18/src/XpmI.h
libXpm-3.5.18/src/Makefile.am
libXpm-3.5.18/src/Attrib.c
libXpm-3.5.18/src/data.c
libXpm-3.5.18/src/CrBufFrP.c
libXpm-3.5.18/src/RdFToI.c
libXpm-3.5.18/src/WrFFrBuf.c
libXpm-3.5.18/src/Makefile.in
libXpm-3.5.18/src/Info.c
libXpm-3.5.18/src/misc.c
libXpm-3.5.18/src/rgb.c
libXpm-3.5.18/src/create.c
libXpm-3.5.18/src/WrFFrI.c
libXpm-3.5.18/src/CrIFrP.c
libXpm-3.5.18/src/CrDatFrP.c
libXpm-3.5.18/src/WrFFrDat.c
libXpm-3.5.18/src/CrIFrBuf.c
libXpm-3.5.18/src/Image.c
libXpm-3.5.18/src/CrBufFrI.c
libXpm-3.5.18/src/RdFToP.c
libXpm-3.5.18/src/CrPFrDat.c
libXpm-3.5.18/src/scan.c
libXpm-3.5.18/src/WrFFrP.c
libXpm-3.5.18/src/RdFToBuf.c
libXpm-3.5.18/ltmain.sh
libXpm-3.5.18/test/
libXpm-3.5.18/test/XpmCreate.c
libXpm-3.5.18/test/CompareXpmImage.h
libXpm-3.5.18/test/TestAllFiles.h
libXpm-3.5.18/test/XpmMisc.c
libXpm-3.5.18/test/Makefile.in
libXpm-3.5.18/test/rgb.txt
libXpm-3.5.18/test/Makefile.am
libXpm-3.5.18/test/tap-test
libXpm-3.5.18/test/rgb.c
libXpm-3.5.18/test/pixmaps/
libXpm-3.5.18/test/pixmaps/invalid/
libXpm-3.5.18/test/pixmaps/invalid/CVE-2016-10164-poc.xpm.gz.gz.gz
libXpm-3.5.18/test/pixmaps/invalid/invalid-type.xpm
libXpm-3.5.18/test/pixmaps/invalid/doom.xpm
libXpm-3.5.18/test/pixmaps/invalid/unending-comment-c.xpm
libXpm-3.5.18/test/pixmaps/invalid/doom2.xpm
libXpm-3.5.18/test/pixmaps/invalid/zero-width-v1.xpm
libXpm-3.5.18/test/pixmaps/invalid/no-contents.xpm
libXpm-3.5.18/test/pixmaps/invalid/zero-width.xpm
libXpm-3.5.18/test/pixmaps/no-mem/
libXpm-3.5.18/test/pixmaps/no-mem/oversize.xpm
libXpm-3.5.18/test/pixmaps/good/
libXpm-3.5.18/test/pixmaps/good/plaid-lisp.xpm
libXpm-3.5.18/test/pixmaps/good/Dolphins.xpm
libXpm-3.5.18/test/pixmaps/good/Squares.xpm
libXpm-3.5.18/test/pixmaps/good/plaid-v3.xpm
libXpm-3.5.18/test/pixmaps/good/Utah-teapot.xpm
libXpm-3.5.18/test/pixmaps/good/plaid-v2.xpm
libXpm-3.5.18/test/pixmaps/good/Dimple.xpm
libXpm-3.5.18/test/pixmaps/good/xorg-bw.xpm
libXpm-3.5.18/test/pixmaps/good/Swirl.xpm
libXpm-3.5.18/test/pixmaps/good/xorg.xpm
libXpm-3.5.18/test/pixmaps/good/BlueCurves.xpm
libXpm-3.5.18/test/pixmaps/good/plaid-v1.xpm
libXpm-3.5.18/test/pixmaps/good/Miniweave.xpm
libXpm-3.5.18/test/pixmaps/good/chromesphere.xpm
libXpm-3.5.18/test/XpmRead.c
libXpm-3.5.18/test/XpmWrite.c
libXpm-3.5.18/missing
libXpm-3.5.18/config.guess
libXpm-3.5.18/depcomp
libXpm-3.5.18/config.h.in
libXpm-3.5.18/xpm.pc.in
libXpm-3.5.18/include/
libXpm-3.5.18/include/X11/
libXpm-3.5.18/include/X11/xpm.h
libXpm-3.5.18/include/Makefile.in
libXpm-3.5.18/include/Makefile.am
libXpm-3.5.18/COPYING
libXpm-3.5.18/AUTHORS
libXpm-3.5.18/compile
libXpm-3.5.18/config.sub
libXpm-3.5.18/Makefile.in
libXpm-3.5.18/NEWS.old
libXpm-3.5.18/ChangeLog
libXpm-3.5.18/m4/
libXpm-3.5.18/m4/libtool.m4
libXpm-3.5.18/m4/ltoptions.m4
libXpm-3.5.18/m4/ltsugar.m4
libXpm-3.5.18/m4/ltversion.m4
libXpm-3.5.18/m4/lt~obsolete.m4
libXpm-3.5.18/m4/ax_define_dir.m4
libXpm-3.5.18/configure
libXpm-3.5.18/cxpm/
libXpm-3.5.18/cxpm/Makefile.am
libXpm-3.5.18/cxpm/Makefile.in
libXpm-3.5.18/cxpm/cxpm.c
libXpm-3.5.18/README.md
libXpm-3.5.18/doc/
libXpm-3.5.18/doc/Makefile.in
libXpm-3.5.18/doc/README.html
libXpm-3.5.18/doc/Makefile.am
libXpm-3.5.18/doc/FAQ.html
libXpm-3.5.18/doc/xpm.PS.gz
libXpm-3.5.18/aclocal.m4
libXpm-3.5.18/configure.ac
libXpm-3.5.18/Makefile.am
libXpm-3.5.18/man/
libXpm-3.5.18/man/XpmCreatePixmapFromBuffer.man
libXpm-3.5.18/man/XpmCreatePixmap.man
libXpm-3.5.18/man/XpmFree.man
libXpm-3.5.18/man/XpmReadFileToImage.man
libXpm-3.5.18/man/XpmAttributesSize.man
libXpm-3.5.18/man/XpmFreeAttributes.man
libXpm-3.5.18/man/XpmCreateBufferFromPixmap.man
libXpm-3.5.18/man/Makefile.in
libXpm-3.5.18/man/XpmCreatePixmapFromXpmImage.man
libXpm-3.5.18/man/XpmLibraryVersion.man
libXpm-3.5.18/man/XpmWriteFileFromImage.man
libXpm-3.5.18/man/XpmWriteFileFromXpmImage.man
libXpm-3.5.18/man/XpmCreateXpmImageFromData.man
libXpm-3.5.18/man/XpmReadFileToPixmap.man
libXpm-3.5.18/man/XpmFreeXpmInfo.man
libXpm-3.5.18/man/XpmCreateXpmImage.man
libXpm-3.5.18/man/XpmCreateXpmImageFromImage.man
libXpm-3.5.18/man/XpmCreateBufferFromXpmImage.man
libXpm-3.5.18/man/XpmCreateDataFromPixmap.man
libXpm-3.5.18/man/XpmCreateDataFromImage.man
libXpm-3.5.18/man/XpmWriteFileFromPixmap.man
libXpm-3.5.18/man/XpmFreeXpmImage.man
libXpm-3.5.18/man/XpmReadFileToXpmImage.man
libXpm-3.5.18/man/cxpm.man
libXpm-3.5.18/man/XpmCreateXpmImageFromBuffer.man
libXpm-3.5.18/man/Makefile.am
libXpm-3.5.18/man/XpmWriteFileFromBuffer.man
libXpm-3.5.18/man/XpmGetErrorString.man
libXpm-3.5.18/man/XpmCreateXpmImageFromPixmap.man
libXpm-3.5.18/man/XpmCreateImageFromXpmImage.man
libXpm-3.5.18/man/XpmCreateImage.man
libXpm-3.5.18/man/XpmCreatePixmapFromData.man
libXpm-3.5.18/man/XpmFreeExtensions.man
libXpm-3.5.18/man/XpmCreateImageFromBuffer.man
libXpm-3.5.18/man/XpmReadFileToData.man
libXpm-3.5.18/man/XpmWrite.man
libXpm-3.5.18/man/XpmMisc.man
libXpm-3.5.18/man/XpmCreateImageFromData.man
libXpm-3.5.18/man/XpmReadFileToBuffer.man
libXpm-3.5.18/man/sxpm.man
libXpm-3.5.18/man/XpmRead.man
libXpm-3.5.18/man/XpmCreateDataFromXpmImage.man
libXpm-3.5.18/man/XpmCreateData.man
libXpm-3.5.18/man/XpmCreateBuffer.man
libXpm-3.5.18/man/XpmCreateBufferFromImage.man
libXpm-3.5.18/install-sh
libXpm-3.5.18/test-driver
libXpm-3.5.18/INSTALL
libXpm-3.5.18/tap-driver.sh
libXpm-3.5.18/COPYRIGHT
libXpm-3.5.18/sxpm/
libXpm-3.5.18/sxpm/plaid_mask.xpm
libXpm-3.5.18/sxpm/sxpm.c
libXpm-3.5.18/sxpm/plaid.xpm
libXpm-3.5.18/sxpm/Makefile.in
libXpm-3.5.18/sxpm/plaid_ext.xpm
libXpm-3.5.18/sxpm/Makefile.am
configure: WARNING: unrecognized options: --with-appdefaultdir
checking for a BSD-compatible install... /usr/bin/install -c
checking whether sleep supports fractional seconds... yes
checking filesystem timestamp resolution... 0.01
checking whether build environment is sane... yes
checking for a race-free mkdir -p... /usr/bin/mkdir -p
checking for gawk... gawk
checking whether make sets $(MAKE)... yes
checking whether make supports nested variables... yes
checking xargs -n works... yes
checking whether UID '0' is supported by ustar format... yes
checking whether GID '0' is supported by ustar format... yes
checking how to create a ustar tar archive... gnutar
checking build system type... x86_64-pc-linux-gnu
checking host system type... x86_64-pc-linux-gnu
checking how to print strings... printf
checking whether make supports the include directive... yes (GNU style)
checking for gcc... gcc
checking whether the C compiler works... yes
checking for C compiler default output file name... a.out
checking for suffix of executables... 
checking whether we are cross compiling... no
checking for suffix of object files... o
checking whether the compiler supports GNU C... yes
checking whether gcc accepts -g... yes
checking for gcc option to enable C11 features... none needed
checking whether gcc understands -c and -o together... yes
checking dependency style of gcc... gcc3
checking for a sed that does not truncate output... /usr/bin/sed
checking for grep that handles long lines and -e... /usr/bin/grep
checking for egrep... /usr/bin/grep -E
checking for fgrep... /usr/bin/grep -F
checking for ld used by gcc... /usr/bin/ld
checking if the linker (/usr/bin/ld) is GNU ld... yes
checking for BSD- or MS-compatible name lister (nm)... /usr/bin/nm -B
checking the name lister (/usr/bin/nm -B) interface... BSD nm
checking whether ln -s works... yes
checking the maximum length of command line arguments... 1572864
checking how to convert x86_64-pc-linux-gnu file names to x86_64-pc-linux-gnu format... func_convert_file_noop
checking how to convert x86_64-pc-linux-gnu file names to toolchain format... func_convert_file_noop
checking for /usr/bin/ld option to reload object files... -r
checking for file... file
checking for objdump... objdump
checking how to recognize dependent libraries... pass_all
checking for dlltool... no
checking how to associate runtime and link libraries... printf %s\n
checking for ranlib... ranlib
checking for ar... ar
checking for archiver @FILE support... @
checking for strip... strip
checking command to parse /usr/bin/nm -B output from gcc object... ok
checking for sysroot... no
checking for a working dd... /usr/bin/dd
checking how to truncate binary pipes... /usr/bin/dd bs=4096 count=1
checking for mt... mt
checking if mt is a manifest tool... no
checking for stdio.h... yes
checking for stdlib.h... yes
checking for string.h... yes
checking for inttypes.h... yes
checking for stdint.h... yes
checking for strings.h... yes
checking for sys/stat.h... yes
checking for sys/types.h... yes
checking for unistd.h... yes
checking for dlfcn.h... yes
checking for objdir... .libs
checking if gcc supports -fno-rtti -fno-exceptions... no
checking for gcc option to produce PIC... -fPIC -DPIC
checking if gcc PIC flag -fPIC -DPIC works... yes
checking if gcc static flag -static works... yes
checking if gcc supports -c -o file.o... yes
checking if gcc supports -c -o file.o... (cached) yes
checking whether the gcc linker (/usr/bin/ld -m elf_x86_64) supports shared libraries... yes
checking whether -lc should be explicitly linked in... no
checking dynamic linker characteristics... GNU/Linux ld.so
checking how to hardcode library paths into programs... immediate
checking whether stripping libraries is possible... yes
checking if libtool supports shared libraries... yes
checking whether to build shared libraries... yes
checking whether to build static libraries... no
checking for gcc options needed to detect all undeclared functions... none needed
checking whether __clang__ is declared... no
checking whether __INTEL_COMPILER is declared... no
checking whether __SUNPRO_C is declared... no
checking for pkg-config... /usr/bin/pkg-config
checking pkg-config is at least version 0.9.0... yes
checking if gcc supports -Werror=unknown-warning-option... no
checking if gcc supports -Werror=unused-command-line-argument... no
checking if gcc supports -Wall... yes
checking if gcc supports -Wpointer-arith... yes
checking if gcc supports -Wmissing-declarations... yes
checking if gcc supports -Wformat=2... yes
checking if gcc supports -Wstrict-prototypes... yes
checking if gcc supports -Wmissing-prototypes... yes
checking if gcc supports -Wnested-externs... yes
checking if gcc supports -Wbad-function-cast... yes
checking if gcc supports -Wold-style-definition... yes
checking if gcc supports -Wunused... yes
checking if gcc supports -Wuninitialized... yes
checking if gcc supports -Wshadow... yes
checking if gcc supports -Wmissing-noreturn... yes
checking if gcc supports -Wmissing-format-attribute... yes
checking if gcc supports -Wredundant-decls... yes
checking if gcc supports -Wlogical-op... yes
checking if gcc supports -Werror=implicit... yes
checking if gcc supports -Werror=nonnull... yes
checking if gcc supports -Werror=init-self... yes
checking if gcc supports -Werror=main... yes
checking if gcc supports -Werror=missing-braces... yes
checking if gcc supports -Werror=sequence-point... yes
checking if gcc supports -Werror=return-type... yes
checking if gcc supports -Werror=trigraphs... yes
checking if gcc supports -Werror=array-bounds... yes
checking if gcc supports -Werror=write-strings... yes
checking if gcc supports -Werror=address... yes
checking if gcc supports -Werror=int-to-pointer-cast... yes
checking if gcc supports -Werror=pointer-to-int-cast... yes
checking if gcc supports -pedantic... yes
checking if gcc supports -Werror... yes
checking if gcc supports -Werror=attributes... yes
checking for strlcat... yes
checking for fork... yes
checking for XPM... yes
checking for SXPM... yes
checking for library containing gettext... none required
checking where to install localized messages... /usr/share/locale
checking whether to handle compressed pixmaps... yes
checking for gzip... /usr/bin/gzip
checking for compress... no
configure: WARNING: compress not found, disabling writing of .Z files
checking for uncompress... /usr/bin/uncompress
checking for closefrom... yes
checking whether to search for compressed pixmaps... yes
checking whether to build unit test cases... auto
checking for GLIB... yes
checking for g_pattern_spec_match_string... no
checking that generated files are newer than configure... done
configure: creating ./config.status
config.status: creating Makefile
config.status: creating doc/Makefile
config.status: creating include/Makefile
config.status: creating man/Makefile
config.status: creating src/Makefile
config.status: creating sxpm/Makefile
config.status: creating cxpm/Makefile
config.status: creating test/Makefile
config.status: creating xpm.pc
config.status: creating config.h
config.status: executing depfiles commands
config.status: executing libtool commands
configure: WARNING: unrecognized options: --with-appdefaultdir
make  all-recursive
make[1]: Entering directory '/blfs/builds/libXpm-3.5.18'
Making all in doc
make[2]: Entering directory '/blfs/builds/libXpm-3.5.18/doc'
make[2]: Nothing to be done for 'all'.
make[2]: Leaving directory '/blfs/builds/libXpm-3.5.18/doc'
Making all in include
make[2]: Entering directory '/blfs/builds/libXpm-3.5.18/include'
make[2]: Nothing to be done for 'all'.
make[2]: Leaving directory '/blfs/builds/libXpm-3.5.18/include'
Making all in man
make[2]: Entering directory '/blfs/builds/libXpm-3.5.18/man'
  GEN      sxpm.1
  GEN      cxpm.1
  GEN      XpmCreateBufferFromPixmap.3
  GEN      XpmCreateBufferFromXpmImage.3
  GEN      XpmCreateBufferFromImage.3
  GEN      XpmCreateDataFromPixmap.3
  GEN      XpmCreateDataFromXpmImage.3
  GEN      XpmCreateDataFromImage.3
  GEN      XpmCreateImageFromData.3
  GEN      XpmCreateImageFromBuffer.3
  GEN      XpmCreateImageFromXpmImage.3
  GEN      XpmCreatePixmapFromBuffer.3
  GEN      XpmCreatePixmapFromData.3
  GEN      XpmCreatePixmapFromXpmImage.3
  GEN      XpmCreateXpmImageFromBuffer.3
  GEN      XpmLibraryVersion.3
  GEN      XpmCreateXpmImageFromData.3
  GEN      XpmGetErrorString.3
  GEN      XpmCreateXpmImageFromImage.3
  GEN      XpmFree.3
  GEN      XpmFreeExtensions.3
  GEN      XpmCreateXpmImageFromPixmap.3
  GEN      XpmAttributesSize.3
  GEN      XpmFreeAttributes.3
  GEN      XpmFreeXpmImage.3
  GEN      XpmReadFileToImage.3
  GEN      XpmFreeXpmInfo.3
  GEN      XpmReadFileToPixmap.3
  GEN      XpmReadFileToBuffer.3
  GEN      XpmReadFileToData.3
  GEN      XpmWriteFileFromXpmImage.3
  GEN      XpmReadFileToXpmImage.3
  GEN      XpmWriteFileFromPixmap.3
  GEN      XpmCreateBuffer.3
  GEN      XpmWriteFileFromImage.3
  GEN      XpmWriteFileFromBuffer.3
  GEN      XpmCreateData.3
  GEN      XpmCreateImage.3
  GEN      XpmCreatePixmap.3
  GEN      XpmRead.3
  GEN      XpmCreateXpmImage.3
  GEN      XpmMisc.3
  GEN      XpmWrite.3
make[2]: Leaving directory '/blfs/builds/libXpm-3.5.18/man'
Making all in src
make[2]: Entering directory '/blfs/builds/libXpm-3.5.18/src'
  CC       CrBufFrI.lo
  CC       Attrib.lo
  CC       CrDatFrP.lo
  CC       CrDatFrI.lo
  CC       CrIFrDat.lo
  CC       CrBufFrP.lo
  CC       CrPFrBuf.lo
  CC       CrIFrBuf.lo
  CC       CrPFrI.lo
  CC       Image.lo
  CC       CrIFrP.lo
  CC       CrPFrDat.lo
  CC       Info.lo
  CC       RdFToBuf.lo
  CC       RdFToDat.lo
  CC       RdFToI.lo
  CC       RdFToP.lo
  CC       WrFFrBuf.lo
  CC       WrFFrDat.lo
  CC       WrFFrI.lo
  CC       WrFFrP.lo
  CC       create.lo
  CC       data.lo
  CC       hashtab.lo
  CC       misc.lo
  CC       parse.lo
  CC       rgb.lo
  CC       scan.lo
misc.c: In function 'XpmGetErrorString':
misc.c:70:16: warning: return discards 'const' qualifier from pointer target type [-Wdiscarded-qualifiers]
   70 |         return ("XpmColorError");
      |                ^
misc.c:72:16: warning: return discards 'const' qualifier from pointer target type [-Wdiscarded-qualifiers]
   72 |         return ("XpmSuccess");
      |                ^
misc.c:74:16: warning: return discards 'const' qualifier from pointer target type [-Wdiscarded-qualifiers]
   74 |         return ("XpmOpenFailed");
      |                ^
misc.c:76:16: warning: return discards 'const' qualifier from pointer target type [-Wdiscarded-qualifiers]
   76 |         return ("XpmFileInvalid");
      |                ^
misc.c:78:16: warning: return discards 'const' qualifier from pointer target type [-Wdiscarded-qualifiers]
   78 |         return ("XpmNoMemory");
      |                ^
misc.c:80:16: warning: return discards 'const' qualifier from pointer target type [-Wdiscarded-qualifiers]
   80 |         return ("XpmColorFailed");
      |                ^
misc.c:82:16: warning: return discards 'const' qualifier from pointer target type [-Wdiscarded-qualifiers]
   82 |         return ("Invalid XpmError");
      |                ^
  CCLD     libXpm.la
make[2]: Leaving directory '/blfs/builds/libXpm-3.5.18/src'
Making all in sxpm
make[2]: Entering directory '/blfs/builds/libXpm-3.5.18/sxpm'
  CC       sxpm.o
  GEN      sxpm.po
sxpm.c:64:5: warning: initialization discards ‘const’ qualifier from pointer target type [-Wdiscarded-qualifiers]
   64 |     "22 22 4 2 XPMEXT",
      |     ^~~~~~~~~~~~~~~~~~
sxpm.c:66:5: warning: initialization discards ‘const’ qualifier from pointer target type [-Wdiscarded-qualifiers]
   66 |     "   c red   m white  s light_color",
      |     ^~~~~~~~~~~~~~~~~~~~~~~~~~~~~~~~~~~
sxpm.c:67:5: warning: initialization discards ‘const’ qualifier from pointer target type [-Wdiscarded-qualifiers]
   67 |     "Y  c green m black  s lines_in_mix",
      |     ^~~~~~~~~~~~~~~~~~~~~~~~~~~~~~~~~~~~
sxpm.c:68:5: warning: initialization discards ‘const’ qualifier from pointer target type [-Wdiscarded-qualifiers]
   68 |     "+  c yellow        m white  s lines_in_dark",
      |     ^~~~~~~~~~~~~~~~~~~~~~~~~~~~~~~~~~~~~~~~~~~~~
sxpm.c:69:5: warning: initialization discards ‘const’ qualifier from pointer target type [-Wdiscarded-qualifiers]
   69 |     "x          m black  s dark_color",
      |     ^~~~~~~~~~~~~~~~~~~~~~~~~~~~~~~~~~
sxpm.c:71:5: warning: initialization discards ‘const’ qualifier from pointer target type [-Wdiscarded-qualifiers]
   71 |     "x   x   x x x   x   x x x x x x + x x x x x ",
      |     ^~~~~~~~~~~~~~~~~~~~~~~~~~~~~~~~~~~~~~~~~~~~~~
sxpm.c:72:5: warning: initialization discards ‘const’ qualifier from pointer target type [-Wdiscarded-qualifiers]
   72 |     "  x   x   x   x   x   x x x x x x x x x x x ",
      |     ^~~~~~~~~~~~~~~~~~~~~~~~~~~~~~~~~~~~~~~~~~~~~~
sxpm.c:73:5: warning: initialization discards ‘const’ qualifier from pointer target type [-Wdiscarded-qualifiers]
   73 |     "x   x   x x x   x   x x x x x x + x x x x x ",
      |     ^~~~~~~~~~~~~~~~~~~~~~~~~~~~~~~~~~~~~~~~~~~~~~
sxpm.c:74:5: warning: initialization discards ‘const’ qualifier from pointer target type [-Wdiscarded-qualifiers]
   74 |     "  x   x   x   x   x   x x x x x x x x x x x ",
      |     ^~~~~~~~~~~~~~~~~~~~~~~~~~~~~~~~~~~~~~~~~~~~~~
sxpm.c:75:5: warning: initialization discards ‘const’ qualifier from pointer target type [-Wdiscarded-qualifiers]
   75 |     "x   x   x x x   x   x x x x x x + x x x x x ",
      |     ^~~~~~~~~~~~~~~~~~~~~~~~~~~~~~~~~~~~~~~~~~~~~~
sxpm.c:76:5: warning: initialization discards ‘const’ qualifier from pointer target type [-Wdiscarded-qualifiers]
   76 |     "Y Y Y Y Y x Y Y Y Y Y + x + x + x + x + x + ",
      |     ^~~~~~~~~~~~~~~~~~~~~~~~~~~~~~~~~~~~~~~~~~~~~~
sxpm.c:77:5: warning: initialization discards ‘const’ qualifier from pointer target type [-Wdiscarded-qualifiers]
   77 |     "x   x   x x x   x   x x x x x x + x x x x x ",
      |     ^~~~~~~~~~~~~~~~~~~~~~~~~~~~~~~~~~~~~~~~~~~~~~
sxpm.c:78:5: warning: initialization discards ‘const’ qualifier from pointer target type [-Wdiscarded-qualifiers]
   78 |     "  x   x   x   x   x   x x x x x x x x x x x ",
      |     ^~~~~~~~~~~~~~~~~~~~~~~~~~~~~~~~~~~~~~~~~~~~~~
sxpm.c:79:5: warning: initialization discards ‘const’ qualifier from pointer target type [-Wdiscarded-qualifiers]
   79 |     "x   x   x x x   x   x x x x x x + x x x x x ",
      |     ^~~~~~~~~~~~~~~~~~~~~~~~~~~~~~~~~~~~~~~~~~~~~~
sxpm.c:80:5: warning: initialization discards ‘const’ qualifier from pointer target type [-Wdiscarded-qualifiers]
   80 |     "  x   x   x   x   x   x x x x x x x x x x x ",
      |     ^~~~~~~~~~~~~~~~~~~~~~~~~~~~~~~~~~~~~~~~~~~~~~
sxpm.c:81:5: warning: initialization discards ‘const’ qualifier from pointer target type [-Wdiscarded-qualifiers]
   81 |     "x   x   x x x   x   x x x x x x + x x x x x ",
      |     ^~~~~~~~~~~~~~~~~~~~~~~~~~~~~~~~~~~~~~~~~~~~~~
sxpm.c:82:5: warning: initialization discards ‘const’ qualifier from pointer target type [-Wdiscarded-qualifiers]
   82 |     "          x           x   x   x Y x   x   x ",
      |     ^~~~~~~~~~~~~~~~~~~~~~~~~~~~~~~~~~~~~~~~~~~~~~
sxpm.c:83:5: warning: initialization discards ‘const’ qualifier from pointer target type [-Wdiscarded-qualifiers]
   83 |     "          x             x   x   Y   x   x   ",
      |     ^~~~~~~~~~~~~~~~~~~~~~~~~~~~~~~~~~~~~~~~~~~~~~
sxpm.c:84:5: warning: initialization discards ‘const’ qualifier from pointer target type [-Wdiscarded-qualifiers]
   84 |     "          x           x   x   x Y x   x   x ",
      |     ^~~~~~~~~~~~~~~~~~~~~~~~~~~~~~~~~~~~~~~~~~~~~~
sxpm.c:85:5: warning: initialization discards ‘const’ qualifier from pointer target type [-Wdiscarded-qualifiers]
   85 |     "          x             x   x   Y   x   x   ",
      |     ^~~~~~~~~~~~~~~~~~~~~~~~~~~~~~~~~~~~~~~~~~~~~~
sxpm.c:86:5: warning: initialization discards ‘const’ qualifier from pointer target type [-Wdiscarded-qualifiers]
   86 |     "          x           x   x   x Y x   x   x ",
      |     ^~~~~~~~~~~~~~~~~~~~~~~~~~~~~~~~~~~~~~~~~~~~~~
sxpm.c:87:5: warning: initialization discards ‘const’ qualifier from pointer target type [-Wdiscarded-qualifiers]
   87 |     "x x x x x x x x x x x x x x x x x x x x x x ",
      |     ^~~~~~~~~~~~~~~~~~~~~~~~~~~~~~~~~~~~~~~~~~~~~~
sxpm.c:88:5: warning: initialization discards ‘const’ qualifier from pointer target type [-Wdiscarded-qualifiers]
   88 |     "          x           x   x   x Y x   x   x ",
      |     ^~~~~~~~~~~~~~~~~~~~~~~~~~~~~~~~~~~~~~~~~~~~~~
sxpm.c:89:5: warning: initialization discards ‘const’ qualifier from pointer target type [-Wdiscarded-qualifiers]
   89 |     "          x             x   x   Y   x   x   ",
      |     ^~~~~~~~~~~~~~~~~~~~~~~~~~~~~~~~~~~~~~~~~~~~~~
sxpm.c:90:5: warning: initialization discards ‘const’ qualifier from pointer target type [-Wdiscarded-qualifiers]
   90 |     "          x           x   x   x Y x   x   x ",
      |     ^~~~~~~~~~~~~~~~~~~~~~~~~~~~~~~~~~~~~~~~~~~~~~
sxpm.c:91:5: warning: initialization discards ‘const’ qualifier from pointer target type [-Wdiscarded-qualifiers]
   91 |     "          x             x   x   Y   x   x   ",
      |     ^~~~~~~~~~~~~~~~~~~~~~~~~~~~~~~~~~~~~~~~~~~~~~
sxpm.c:92:5: warning: initialization discards ‘const’ qualifier from pointer target type [-Wdiscarded-qualifiers]
   92 |     "          x           x   x   x Y x   x   x ",
      |     ^~~~~~~~~~~~~~~~~~~~~~~~~~~~~~~~~~~~~~~~~~~~~~
sxpm.c:93:5: warning: initialization discards ‘const’ qualifier from pointer target type [-Wdiscarded-qualifiers]
   93 |     "bullshit",
      |     ^~~~~~~~~~
sxpm.c:94:5: warning: initialization discards ‘const’ qualifier from pointer target type [-Wdiscarded-qualifiers]
   94 |     "XPMEXT ext1 data1",
      |     ^~~~~~~~~~~~~~~~~~~
sxpm.c:95:5: warning: initialization discards ‘const’ qualifier from pointer target type [-Wdiscarded-qualifiers]
   95 |     "XPMEXT ext2",
      |     ^~~~~~~~~~~~~
sxpm.c:96:5: warning: initialization discards ‘const’ qualifier from pointer target type [-Wdiscarded-qualifiers]
   96 |     "data2_1",
      |     ^~~~~~~~~
sxpm.c:97:5: warning: initialization discards ‘const’ qualifier from pointer target type [-Wdiscarded-qualifiers]
   97 |     "data2_2",
      |     ^~~~~~~~~
sxpm.c:98:5: warning: initialization discards ‘const’ qualifier from pointer target type [-Wdiscarded-qualifiers]
   98 |     "XPMEXT",
      |     ^~~~~~~~
sxpm.c:99:5: warning: initialization discards ‘const’ qualifier from pointer target type [-Wdiscarded-qualifiers]
   99 |     "foo",
      |     ^~~~~
sxpm.c:100:5: warning: initialization discards ‘const’ qualifier from pointer target type [-Wdiscarded-qualifiers]
  100 |     "",
      |     ^~
sxpm.c:101:5: warning: initialization discards ‘const’ qualifier from pointer target type [-Wdiscarded-qualifiers]
  101 |     "XPMEXT ext3",
      |     ^~~~~~~~~~~~~
sxpm.c:102:5: warning: initialization discards ‘const’ qualifier from pointer target type [-Wdiscarded-qualifiers]
  102 |     "data3",
      |     ^~~~~~~
sxpm.c:103:5: warning: initialization discards ‘const’ qualifier from pointer target type [-Wdiscarded-qualifiers]
  103 |     "XPMENDEXT"
      |     ^~~~~~~~~~~
sxpm.c:134:6: warning: initialization discards ‘const’ qualifier from pointer target type [-Wdiscarded-qualifiers]
  134 |     {"-hints", ".hints", XrmoptionNoArg, (XtPointer) "True"},
      |      ^~~~~~~~
sxpm.c:134:16: warning: initialization discards ‘const’ qualifier from pointer target type [-Wdiscarded-qualifiers]
  134 |     {"-hints", ".hints", XrmoptionNoArg, (XtPointer) "True"},
      |                ^~~~~~~~
sxpm.c:135:6: warning: initialization discards ‘const’ qualifier from pointer target type [-Wdiscarded-qualifiers]
  135 |     {"-icon", ".icon", XrmoptionSepArg, (XtPointer) NULL},
      |      ^~~~~~~
sxpm.c:135:15: warning: initialization discards ‘const’ qualifier from pointer target type [-Wdiscarded-qualifiers]
  135 |     {"-icon", ".icon", XrmoptionSepArg, (XtPointer) NULL},
      |               ^~~~~~~
  CCLD     sxpm
make[2]: Leaving directory '/blfs/builds/libXpm-3.5.18/sxpm'
Making all in cxpm
make[2]: Entering directory '/blfs/builds/libXpm-3.5.18/cxpm'
  CC       cxpm.o
  GEN      cxpm.po
In file included from cxpm.c:87:
../src/misc.c: In function ‘XpmGetErrorString’:
../src/misc.c:70:16: warning: return discards ‘const’ qualifier from pointer target type [-Wdiscarded-qualifiers]
   70 |         return ("XpmColorError");
      |                ^
../src/misc.c:72:16: warning: return discards ‘const’ qualifier from pointer target type [-Wdiscarded-qualifiers]
   72 |         return ("XpmSuccess");
      |                ^
../src/misc.c:74:16: warning: return discards ‘const’ qualifier from pointer target type [-Wdiscarded-qualifiers]
   74 |         return ("XpmOpenFailed");
      |                ^
../src/misc.c:76:16: warning: return discards ‘const’ qualifier from pointer target type [-Wdiscarded-qualifiers]
   76 |         return ("XpmFileInvalid");
      |                ^
../src/misc.c:78:16: warning: return discards ‘const’ qualifier from pointer target type [-Wdiscarded-qualifiers]
   78 |         return ("XpmNoMemory");
      |                ^
../src/misc.c:80:16: warning: return discards ‘const’ qualifier from pointer target type [-Wdiscarded-qualifiers]
   80 |         return ("XpmColorFailed");
      |                ^
../src/misc.c:82:16: warning: return discards ‘const’ qualifier from pointer target type [-Wdiscarded-qualifiers]
   82 |         return ("Invalid XpmError");
      |                ^
  CCLD     cxpm
make[2]: Leaving directory '/blfs/builds/libXpm-3.5.18/cxpm'
Making all in test
make[2]: Entering directory '/blfs/builds/libXpm-3.5.18/test'
make[2]: Nothing to be done for 'all'.
make[2]: Leaving directory '/blfs/builds/libXpm-3.5.18/test'
make[2]: Entering directory '/blfs/builds/libXpm-3.5.18'
make[2]: Leaving directory '/blfs/builds/libXpm-3.5.18'
make[1]: Leaving directory '/blfs/builds/libXpm-3.5.18'
Making install in doc
make[1]: Entering directory '/blfs/builds/libXpm-3.5.18/doc'
make[2]: Entering directory '/blfs/builds/libXpm-3.5.18/doc'
make[2]: Nothing to be done for 'install-exec-am'.
make[2]: Nothing to be done for 'install-data-am'.
make[2]: Leaving directory '/blfs/builds/libXpm-3.5.18/doc'
make[1]: Leaving directory '/blfs/builds/libXpm-3.5.18/doc'
Making install in include
make[1]: Entering directory '/blfs/builds/libXpm-3.5.18/include'
make[2]: Entering directory '/blfs/builds/libXpm-3.5.18/include'
make[2]: Nothing to be done for 'install-exec-am'.
 /usr/bin/mkdir -p '/pkgs/libXpm/usr/include'
 /usr/bin/mkdir -p '/pkgs/libXpm/usr/include/X11'
 /usr/bin/install -c -m 644  X11/xpm.h '/pkgs/libXpm/usr/include/X11'
make[2]: Leaving directory '/blfs/builds/libXpm-3.5.18/include'
make[1]: Leaving directory '/blfs/builds/libXpm-3.5.18/include'
Making install in man
make[1]: Entering directory '/blfs/builds/libXpm-3.5.18/man'
make[2]: Entering directory '/blfs/builds/libXpm-3.5.18/man'
make[2]: Nothing to be done for 'install-exec-am'.
 /usr/bin/mkdir -p '/pkgs/libXpm/usr/share/man/man1'
 /usr/bin/install -c -m 644 sxpm.1 cxpm.1 '/pkgs/libXpm/usr/share/man/man1'
 /usr/bin/mkdir -p '/pkgs/libXpm/usr/share/man/man3'
 /usr/bin/install -c -m 644 XpmCreateBufferFromImage.3 XpmCreateBufferFromPixmap.3 XpmCreateBufferFromXpmImage.3 XpmCreateDataFromImage.3 XpmCreateDataFromPixmap.3 XpmCreateDataFromXpmImage.3 XpmCreateImageFromBuffer.3 XpmCreateImageFromData.3 XpmCreateImageFromXpmImage.3 XpmCreatePixmapFromBuffer.3 XpmCreatePixmapFromData.3 XpmCreatePixmapFromXpmImage.3 XpmCreateXpmImageFromBuffer.3 XpmCreateXpmImageFromData.3 XpmCreateXpmImageFromImage.3 XpmCreateXpmImageFromPixmap.3 XpmLibraryVersion.3 XpmGetErrorString.3 XpmFree.3 XpmFreeExtensions.3 XpmAttributesSize.3 XpmFreeAttributes.3 XpmFreeXpmImage.3 XpmFreeXpmInfo.3 XpmReadFileToImage.3 XpmReadFileToPixmap.3 XpmReadFileToBuffer.3 XpmReadFileToData.3 XpmReadFileToXpmImage.3 XpmWriteFileFromPixmap.3 XpmWriteFileFromImage.3 XpmWriteFileFromXpmImage.3 XpmWriteFileFromBuffer.3 XpmCreateBuffer.3 XpmCreateData.3 XpmCreateImage.3 XpmCreatePixmap.3 XpmCreateXpmImage.3 XpmMisc.3 XpmRead.3 '/pkgs/libXpm/usr/share/man/man3'
 /usr/bin/install -c -m 644 XpmWrite.3 '/pkgs/libXpm/usr/share/man/man3'
make[2]: Leaving directory '/blfs/builds/libXpm-3.5.18/man'
make[1]: Leaving directory '/blfs/builds/libXpm-3.5.18/man'
Making install in src
make[1]: Entering directory '/blfs/builds/libXpm-3.5.18/src'
make[2]: Entering directory '/blfs/builds/libXpm-3.5.18/src'
 /usr/bin/mkdir -p '/pkgs/libXpm/usr/lib'
 /bin/sh ../libtool   --mode=install /usr/bin/install -c   libXpm.la '/pkgs/libXpm/usr/lib'
libtool: install: /usr/bin/install -c .libs/libXpm.so.4.11.0 /pkgs/libXpm/usr/lib/libXpm.so.4.11.0
libtool: install: (cd /pkgs/libXpm/usr/lib && { ln -s -f libXpm.so.4.11.0 libXpm.so.4 || { rm -f libXpm.so.4 && ln -s libXpm.so.4.11.0 libXpm.so.4; }; })
libtool: install: (cd /pkgs/libXpm/usr/lib && { ln -s -f libXpm.so.4.11.0 libXpm.so || { rm -f libXpm.so && ln -s libXpm.so.4.11.0 libXpm.so; }; })
libtool: install: /usr/bin/install -c .libs/libXpm.lai /pkgs/libXpm/usr/lib/libXpm.la
libtool: warning: remember to run 'libtool --finish /usr/lib'
make[2]: Nothing to be done for 'install-data-am'.
make[2]: Leaving directory '/blfs/builds/libXpm-3.5.18/src'
make[1]: Leaving directory '/blfs/builds/libXpm-3.5.18/src'
Making install in sxpm
make[1]: Entering directory '/blfs/builds/libXpm-3.5.18/sxpm'
make[2]: Entering directory '/blfs/builds/libXpm-3.5.18/sxpm'
 /usr/bin/mkdir -p '/pkgs/libXpm/usr/bin'
  /bin/sh ../libtool   --mode=install /usr/bin/install -c sxpm '/pkgs/libXpm/usr/bin'
libtool: install: /usr/bin/install -c .libs/sxpm /pkgs/libXpm/usr/bin/sxpm
make[2]: Nothing to be done for 'install-data-am'.
make[2]: Leaving directory '/blfs/builds/libXpm-3.5.18/sxpm'
make[1]: Leaving directory '/blfs/builds/libXpm-3.5.18/sxpm'
Making install in cxpm
make[1]: Entering directory '/blfs/builds/libXpm-3.5.18/cxpm'
make[2]: Entering directory '/blfs/builds/libXpm-3.5.18/cxpm'
 /usr/bin/mkdir -p '/pkgs/libXpm/usr/bin'
  /bin/sh ../libtool   --mode=install /usr/bin/install -c cxpm '/pkgs/libXpm/usr/bin'
libtool: install: /usr/bin/install -c cxpm /pkgs/libXpm/usr/bin/cxpm
make[2]: Nothing to be done for 'install-data-am'.
make[2]: Leaving directory '/blfs/builds/libXpm-3.5.18/cxpm'
make[1]: Leaving directory '/blfs/builds/libXpm-3.5.18/cxpm'
Making install in test
make[1]: Entering directory '/blfs/builds/libXpm-3.5.18/test'
make[2]: Entering directory '/blfs/builds/libXpm-3.5.18/test'
make[2]: Nothing to be done for 'install-exec-am'.
make[2]: Nothing to be done for 'install-data-am'.
make[2]: Leaving directory '/blfs/builds/libXpm-3.5.18/test'
make[1]: Leaving directory '/blfs/builds/libXpm-3.5.18/test'
make[1]: Entering directory '/blfs/builds/libXpm-3.5.18'
make[2]: Entering directory '/blfs/builds/libXpm-3.5.18'
make[2]: Nothing to be done for 'install-exec-am'.
 /usr/bin/mkdir -p '/pkgs/libXpm/usr/lib/pkgconfig'
 /usr/bin/install -c -m 644 xpm.pc '/pkgs/libXpm/usr/lib/pkgconfig'
make[2]: Leaving directory '/blfs/builds/libXpm-3.5.18'
make[1]: Leaving directory '/blfs/builds/libXpm-3.5.18'
Making install in doc
make[1]: Entering directory '/blfs/builds/libXpm-3.5.18/doc'
make[2]: Entering directory '/blfs/builds/libXpm-3.5.18/doc'
make[2]: Nothing to be done for 'install-exec-am'.
make[2]: Nothing to be done for 'install-data-am'.
make[2]: Leaving directory '/blfs/builds/libXpm-3.5.18/doc'
make[1]: Leaving directory '/blfs/builds/libXpm-3.5.18/doc'
Making install in include
make[1]: Entering directory '/blfs/builds/libXpm-3.5.18/include'
make[2]: Entering directory '/blfs/builds/libXpm-3.5.18/include'
make[2]: Nothing to be done for 'install-exec-am'.
 /usr/bin/mkdir -p '/usr/include'
 /usr/bin/mkdir -p '/usr/include/X11'
 /usr/bin/install -c -m 644  X11/xpm.h '/usr/include/X11'
make[2]: Leaving directory '/blfs/builds/libXpm-3.5.18/include'
make[1]: Leaving directory '/blfs/builds/libXpm-3.5.18/include'
Making install in man
make[1]: Entering directory '/blfs/builds/libXpm-3.5.18/man'
make[2]: Entering directory '/blfs/builds/libXpm-3.5.18/man'
make[2]: Nothing to be done for 'install-exec-am'.
 /usr/bin/mkdir -p '/usr/share/man/man1'
 /usr/bin/install -c -m 644 sxpm.1 cxpm.1 '/usr/share/man/man1'
 /usr/bin/mkdir -p '/usr/share/man/man3'
 /usr/bin/install -c -m 644 XpmCreateBufferFromImage.3 XpmCreateBufferFromPixmap.3 XpmCreateBufferFromXpmImage.3 XpmCreateDataFromImage.3 XpmCreateDataFromPixmap.3 XpmCreateDataFromXpmImage.3 XpmCreateImageFromBuffer.3 XpmCreateImageFromData.3 XpmCreateImageFromXpmImage.3 XpmCreatePixmapFromBuffer.3 XpmCreatePixmapFromData.3 XpmCreatePixmapFromXpmImage.3 XpmCreateXpmImageFromBuffer.3 XpmCreateXpmImageFromData.3 XpmCreateXpmImageFromImage.3 XpmCreateXpmImageFromPixmap.3 XpmLibraryVersion.3 XpmGetErrorString.3 XpmFree.3 XpmFreeExtensions.3 XpmAttributesSize.3 XpmFreeAttributes.3 XpmFreeXpmImage.3 XpmFreeXpmInfo.3 XpmReadFileToImage.3 XpmReadFileToPixmap.3 XpmReadFileToBuffer.3 XpmReadFileToData.3 XpmReadFileToXpmImage.3 XpmWriteFileFromPixmap.3 XpmWriteFileFromImage.3 XpmWriteFileFromXpmImage.3 XpmWriteFileFromBuffer.3 XpmCreateBuffer.3 XpmCreateData.3 XpmCreateImage.3 XpmCreatePixmap.3 XpmCreateXpmImage.3 XpmMisc.3 XpmRead.3 '/usr/share/man/man3'
 /usr/bin/install -c -m 644 XpmWrite.3 '/usr/share/man/man3'
make[2]: Leaving directory '/blfs/builds/libXpm-3.5.18/man'
make[1]: Leaving directory '/blfs/builds/libXpm-3.5.18/man'
Making install in src
make[1]: Entering directory '/blfs/builds/libXpm-3.5.18/src'
make[2]: Entering directory '/blfs/builds/libXpm-3.5.18/src'
 /usr/bin/mkdir -p '/usr/lib'
 /bin/sh ../libtool   --mode=install /usr/bin/install -c   libXpm.la '/usr/lib'
libtool: install: /usr/bin/install -c .libs/libXpm.so.4.11.0 /usr/lib/libXpm.so.4.11.0
libtool: install: (cd /usr/lib && { ln -s -f libXpm.so.4.11.0 libXpm.so.4 || { rm -f libXpm.so.4 && ln -s libXpm.so.4.11.0 libXpm.so.4; }; })
libtool: install: (cd /usr/lib && { ln -s -f libXpm.so.4.11.0 libXpm.so || { rm -f libXpm.so && ln -s libXpm.so.4.11.0 libXpm.so; }; })
libtool: install: /usr/bin/install -c .libs/libXpm.lai /usr/lib/libXpm.la
libtool: finish: PATH="/usr/sbin:/usr/bin:/sbin" ldconfig -n /usr/lib
----------------------------------------------------------------------
Libraries have been installed in:
   /usr/lib

If you ever happen to want to link against installed libraries
in a given directory, LIBDIR, you must either use libtool, and
specify the full pathname of the library, or use the '-LLIBDIR'
flag during linking and do at least one of the following:
   - add LIBDIR to the 'LD_LIBRARY_PATH' environment variable
     during execution
   - add LIBDIR to the 'LD_RUN_PATH' environment variable
     during linking
   - use the '-Wl,-rpath -Wl,LIBDIR' linker flag
   - have your system administrator add LIBDIR to '/etc/ld.so.conf'

See any operating system documentation about shared libraries for
more information, such as the ld(1) and ld.so(8) manual pages.
----------------------------------------------------------------------
make[2]: Nothing to be done for 'install-data-am'.
make[2]: Leaving directory '/blfs/builds/libXpm-3.5.18/src'
make[1]: Leaving directory '/blfs/builds/libXpm-3.5.18/src'
Making install in sxpm
make[1]: Entering directory '/blfs/builds/libXpm-3.5.18/sxpm'
make[2]: Entering directory '/blfs/builds/libXpm-3.5.18/sxpm'
 /usr/bin/mkdir -p '/usr/bin'
  /bin/sh ../libtool   --mode=install /usr/bin/install -c sxpm '/usr/bin'
libtool: install: /usr/bin/install -c .libs/sxpm /usr/bin/sxpm
make[2]: Nothing to be done for 'install-data-am'.
make[2]: Leaving directory '/blfs/builds/libXpm-3.5.18/sxpm'
make[1]: Leaving directory '/blfs/builds/libXpm-3.5.18/sxpm'
Making install in cxpm
make[1]: Entering directory '/blfs/builds/libXpm-3.5.18/cxpm'
make[2]: Entering directory '/blfs/builds/libXpm-3.5.18/cxpm'
 /usr/bin/mkdir -p '/usr/bin'
  /bin/sh ../libtool   --mode=install /usr/bin/install -c cxpm '/usr/bin'
libtool: install: /usr/bin/install -c cxpm /usr/bin/cxpm
make[2]: Nothing to be done for 'install-data-am'.
make[2]: Leaving directory '/blfs/builds/libXpm-3.5.18/cxpm'
make[1]: Leaving directory '/blfs/builds/libXpm-3.5.18/cxpm'
Making install in test
make[1]: Entering directory '/blfs/builds/libXpm-3.5.18/test'
make[2]: Entering directory '/blfs/builds/libXpm-3.5.18/test'
make[2]: Nothing to be done for 'install-exec-am'.
make[2]: Nothing to be done for 'install-data-am'.
make[2]: Leaving directory '/blfs/builds/libXpm-3.5.18/test'
make[1]: Leaving directory '/blfs/builds/libXpm-3.5.18/test'
make[1]: Entering directory '/blfs/builds/libXpm-3.5.18'
make[2]: Entering directory '/blfs/builds/libXpm-3.5.18'
make[2]: Nothing to be done for 'install-exec-am'.
 /usr/bin/mkdir -p '/usr/lib/pkgconfig'
 /usr/bin/install -c -m 644 xpm.pc '/usr/lib/pkgconfig'
make[2]: Leaving directory '/blfs/builds/libXpm-3.5.18'
make[1]: Leaving directory '/blfs/builds/libXpm-3.5.18'
libXpm/
libXpm/usr/
libXpm/usr/include/
libXpm/usr/include/X11/
libXpm/usr/include/X11/xpm.h
libXpm/usr/share/
libXpm/usr/share/man/
libXpm/usr/share/man/man1/
libXpm/usr/share/man/man1/sxpm.1
libXpm/usr/share/man/man1/cxpm.1
libXpm/usr/share/man/man3/
libXpm/usr/share/man/man3/XpmCreateDataFromPixmap.3
libXpm/usr/share/man/man3/XpmReadFileToImage.3
libXpm/usr/share/man/man3/XpmCreatePixmapFromBuffer.3
libXpm/usr/share/man/man3/XpmFreeAttributes.3
libXpm/usr/share/man/man3/XpmCreatePixmapFromData.3
libXpm/usr/share/man/man3/XpmCreateDataFromImage.3
libXpm/usr/share/man/man3/XpmCreateImageFromBuffer.3
libXpm/usr/share/man/man3/XpmCreateData.3
libXpm/usr/share/man/man3/XpmGetErrorString.3
libXpm/usr/share/man/man3/XpmRead.3
libXpm/usr/share/man/man3/XpmCreateXpmImageFromBuffer.3
libXpm/usr/share/man/man3/XpmFreeExtensions.3
libXpm/usr/share/man/man3/XpmReadFileToBuffer.3
libXpm/usr/share/man/man3/XpmFreeXpmInfo.3
libXpm/usr/share/man/man3/XpmCreatePixmap.3
libXpm/usr/share/man/man3/XpmCreateXpmImageFromData.3
libXpm/usr/share/man/man3/XpmAttributesSize.3
libXpm/usr/share/man/man3/XpmReadFileToXpmImage.3
libXpm/usr/share/man/man3/XpmCreateBufferFromXpmImage.3
libXpm/usr/share/man/man3/XpmFreeXpmImage.3
libXpm/usr/share/man/man3/XpmReadFileToData.3
libXpm/usr/share/man/man3/XpmMisc.3
libXpm/usr/share/man/man3/XpmCreatePixmapFromXpmImage.3
libXpm/usr/share/man/man3/XpmWriteFileFromXpmImage.3
libXpm/usr/share/man/man3/XpmWriteFileFromImage.3
libXpm/usr/share/man/man3/XpmWriteFileFromBuffer.3
libXpm/usr/share/man/man3/XpmCreateBufferFromImage.3
libXpm/usr/share/man/man3/XpmCreateXpmImageFromPixmap.3
libXpm/usr/share/man/man3/XpmWrite.3
libXpm/usr/share/man/man3/XpmCreateImageFromXpmImage.3
libXpm/usr/share/man/man3/XpmCreateImage.3
libXpm/usr/share/man/man3/XpmCreateXpmImage.3
libXpm/usr/share/man/man3/XpmCreateDataFromXpmImage.3
libXpm/usr/share/man/man3/XpmCreateBuffer.3
libXpm/usr/share/man/man3/XpmCreateXpmImageFromImage.3
libXpm/usr/share/man/man3/XpmReadFileToPixmap.3
libXpm/usr/share/man/man3/XpmCreateImageFromData.3
libXpm/usr/share/man/man3/XpmFree.3
libXpm/usr/share/man/man3/XpmWriteFileFromPixmap.3
libXpm/usr/share/man/man3/XpmCreateBufferFromPixmap.3
libXpm/usr/share/man/man3/XpmLibraryVersion.3
libXpm/usr/bin/
libXpm/usr/bin/sxpm
libXpm/usr/bin/cxpm
libXpm/usr/lib/
libXpm/usr/lib/libXpm.so
libXpm/usr/lib/libXpm.so.4.11.0
libXpm/usr/lib/libXpm.la
libXpm/usr/lib/pkgconfig/
libXpm/usr/lib/pkgconfig/xpm.pc
libXpm/usr/lib/libXpm.so.4
libXpm/version
libXpm/depends
libXpm/make-depends
