--2026-01-26 08:13:45--  https://www.x.org/pub/individual/lib/libXcomposite-0.4.7.tar.xz
Resolving www.x.org (www.x.org)... 131.252.210.176
Connecting to www.x.org (www.x.org)|131.252.210.176|:443... connected.
HTTP request sent, awaiting response... 301 Moved Permanently
Location: https://www.x.org/archive//individual/lib/libXcomposite-0.4.7.tar.xz [following]
--2026-01-26 08:13:46--  https://www.x.org/archive//individual/lib/libXcomposite-0.4.7.tar.xz
Reusing existing connection to www.x.org:443.
HTTP request sent, awaiting response... 200 OK
Length: 272620 (266K) [application/x-xz]
Saving to: ‘libXcomposite-0.4.7.tar.xz’

     0K .......... .......... .......... .......... .......... 18%  361K 1s
    50K .......... .......... .......... .......... .......... 37%  729K 0s
   100K .......... .......... .......... .......... .......... 56%  738K 0s
   150K .......... .......... .......... .......... .......... 75%  731K 0s
   200K .......... .......... .......... .......... .......... 93% 26.8M 0s
   250K .......... ......                                     100% 43.6M=0.3s

2026-01-26 08:13:46 (771 KB/s) - ‘libXcomposite-0.4.7.tar.xz’ saved [272620/272620]

libXcomposite-0.4.7/
libXcomposite-0.4.7/src/
libXcomposite-0.4.7/src/Xcomposite.c
libXcomposite-0.4.7/src/xcompositeint.h
libXcomposite-0.4.7/src/Makefile.am
libXcomposite-0.4.7/src/Makefile.in
libXcomposite-0.4.7/config.h.in
libXcomposite-0.4.7/meson.options
libXcomposite-0.4.7/aclocal.m4
libXcomposite-0.4.7/xcomposite.pc.in
libXcomposite-0.4.7/install-sh
libXcomposite-0.4.7/ltmain.sh
libXcomposite-0.4.7/m4/
libXcomposite-0.4.7/m4/libtool.m4
libXcomposite-0.4.7/m4/ltsugar.m4
libXcomposite-0.4.7/m4/lt~obsolete.m4
libXcomposite-0.4.7/m4/ltversion.m4
libXcomposite-0.4.7/m4/ltoptions.m4
libXcomposite-0.4.7/INSTALL
libXcomposite-0.4.7/config.guess
libXcomposite-0.4.7/configure.ac
libXcomposite-0.4.7/config.sub
libXcomposite-0.4.7/README.md
libXcomposite-0.4.7/meson.build
libXcomposite-0.4.7/configure
libXcomposite-0.4.7/ChangeLog
libXcomposite-0.4.7/Makefile.in
libXcomposite-0.4.7/missing
libXcomposite-0.4.7/depcomp
libXcomposite-0.4.7/COPYING
libXcomposite-0.4.7/man/
libXcomposite-0.4.7/man/XCompositeNameWindowPixmap.man
libXcomposite-0.4.7/man/XCompositeUnredirectWindow.man
libXcomposite-0.4.7/man/XCompositeRedirectWindow.man
libXcomposite-0.4.7/man/XCompositeQueryVersion.man
libXcomposite-0.4.7/man/XCompositeCreateRegionFromBorderClip.man
libXcomposite-0.4.7/man/XCompositeGetOverlayWindow.man
libXcomposite-0.4.7/man/XCompositeRedirectSubwindows.man
libXcomposite-0.4.7/man/XCompositeQueryExtension.man
libXcomposite-0.4.7/man/XCompositeUnredirectSubwindows.man
libXcomposite-0.4.7/man/Xcomposite.man
libXcomposite-0.4.7/man/Xcomposite.xml
libXcomposite-0.4.7/man/Makefile.am
libXcomposite-0.4.7/man/XCompositeVersion.man
libXcomposite-0.4.7/man/XCompositeReleaseOverlayWindow.man
libXcomposite-0.4.7/man/Makefile.in
libXcomposite-0.4.7/include/
libXcomposite-0.4.7/include/X11/
libXcomposite-0.4.7/include/X11/extensions/
libXcomposite-0.4.7/include/X11/extensions/Xcomposite.h
libXcomposite-0.4.7/AUTHORS
libXcomposite-0.4.7/compile
libXcomposite-0.4.7/Makefile.am
configure: WARNING: unrecognized options: --with-appdefaultdir
checking for a BSD-compatible install... /usr/bin/install -c
checking whether sleep supports fractional seconds... yes
checking filesystem timestamp resolution... 0.01
checking whether build environment is sane... yes
checking for a race-free mkdir -p... /usr/bin/mkdir -p
checking for gawk... gawk
checking whether make sets $(MAKE)... yes
checking whether make supports nested variables... yes
checking xargs -n works... yes
checking whether UID '0' is supported by ustar format... yes
checking whether GID '0' is supported by ustar format... yes
checking how to create a ustar tar archive... gnutar
checking build system type... x86_64-pc-linux-gnu
checking host system type... x86_64-pc-linux-gnu
checking how to print strings... printf
checking whether make supports the include directive... yes (GNU style)
checking for gcc... gcc
checking whether the C compiler works... yes
checking for C compiler default output file name... a.out
checking for suffix of executables... 
checking whether we are cross compiling... no
checking for suffix of object files... o
checking whether the compiler supports GNU C... yes
checking whether gcc accepts -g... yes
checking for gcc option to enable C11 features... none needed
checking whether gcc understands -c and -o together... yes
checking dependency style of gcc... gcc3
checking for a sed that does not truncate output... /usr/bin/sed
checking for grep that handles long lines and -e... /usr/bin/grep
checking for egrep... /usr/bin/grep -E
checking for fgrep... /usr/bin/grep -F
checking for ld used by gcc... /usr/bin/ld
checking if the linker (/usr/bin/ld) is GNU ld... yes
checking for BSD- or MS-compatible name lister (nm)... /usr/bin/nm -B
checking the name lister (/usr/bin/nm -B) interface... BSD nm
checking whether ln -s works... yes
checking the maximum length of command line arguments... 1572864
checking how to convert x86_64-pc-linux-gnu file names to x86_64-pc-linux-gnu format... func_convert_file_noop
checking how to convert x86_64-pc-linux-gnu file names to toolchain format... func_convert_file_noop
checking for /usr/bin/ld option to reload object files... -r
checking for file... file
checking for objdump... objdump
checking how to recognize dependent libraries... pass_all
checking for dlltool... no
checking how to associate runtime and link libraries... printf %s\n
checking for ranlib... ranlib
checking for ar... ar
checking for archiver @FILE support... @
checking for strip... strip
checking command to parse /usr/bin/nm -B output from gcc object... ok
checking for sysroot... no
checking for a working dd... /usr/bin/dd
checking how to truncate binary pipes... /usr/bin/dd bs=4096 count=1
checking for mt... mt
checking if mt is a manifest tool... no
checking for stdio.h... yes
checking for stdlib.h... yes
checking for string.h... yes
checking for inttypes.h... yes
checking for stdint.h... yes
checking for strings.h... yes
checking for sys/stat.h... yes
checking for sys/types.h... yes
checking for unistd.h... yes
checking for dlfcn.h... yes
checking for objdir... .libs
checking if gcc supports -fno-rtti -fno-exceptions... no
checking for gcc option to produce PIC... -fPIC -DPIC
checking if gcc PIC flag -fPIC -DPIC works... yes
checking if gcc static flag -static works... yes
checking if gcc supports -c -o file.o... yes
checking if gcc supports -c -o file.o... (cached) yes
checking whether the gcc linker (/usr/bin/ld -m elf_x86_64) supports shared libraries... yes
checking whether -lc should be explicitly linked in... no
checking dynamic linker characteristics... GNU/Linux ld.so
checking how to hardcode library paths into programs... immediate
checking whether stripping libraries is possible... yes
checking if libtool supports shared libraries... yes
checking whether to build shared libraries... yes
checking whether to build static libraries... no
checking for gcc options needed to detect all undeclared functions... none needed
checking whether __clang__ is declared... no
checking whether __INTEL_COMPILER is declared... no
checking whether __SUNPRO_C is declared... no
checking for pkg-config... /usr/bin/pkg-config
checking pkg-config is at least version 0.9.0... yes
checking if gcc supports -Werror=unknown-warning-option... no
checking if gcc supports -Werror=unused-command-line-argument... no
checking if gcc supports -Wall... yes
checking if gcc supports -Wpointer-arith... yes
checking if gcc supports -Wmissing-declarations... yes
checking if gcc supports -Wformat=2... yes
checking if gcc supports -Wstrict-prototypes... yes
checking if gcc supports -Wmissing-prototypes... yes
checking if gcc supports -Wnested-externs... yes
checking if gcc supports -Wbad-function-cast... yes
checking if gcc supports -Wold-style-definition... yes
checking if gcc supports -Wunused... yes
checking if gcc supports -Wuninitialized... yes
checking if gcc supports -Wshadow... yes
checking if gcc supports -Wmissing-noreturn... yes
checking if gcc supports -Wmissing-format-attribute... yes
checking if gcc supports -Wredundant-decls... yes
checking if gcc supports -Wlogical-op... yes
checking if gcc supports -Werror=implicit... yes
checking if gcc supports -Werror=nonnull... yes
checking if gcc supports -Werror=init-self... yes
checking if gcc supports -Werror=main... yes
checking if gcc supports -Werror=missing-braces... yes
checking if gcc supports -Werror=sequence-point... yes
checking if gcc supports -Werror=return-type... yes
checking if gcc supports -Werror=trigraphs... yes
checking if gcc supports -Werror=array-bounds... yes
checking if gcc supports -Werror=write-strings... yes
checking if gcc supports -Werror=address... yes
checking if gcc supports -Werror=int-to-pointer-cast... yes
checking if gcc supports -Werror=pointer-to-int-cast... yes
checking if gcc supports -pedantic... yes
checking if gcc supports -Werror... yes
checking if gcc supports -Werror=attributes... yes
checking for xmlto... /usr/bin/xmlto
checking the xmlto version... 0.0.29
configure: WARNING: xmlto cannot generate text format, this format skipped
checking for XCOMPOSITE... yes
checking for XFIXES... yes
checking that generated files are newer than configure... done
configure: creating ./config.status
config.status: creating Makefile
config.status: creating src/Makefile
config.status: creating man/Makefile
config.status: creating xcomposite.pc
config.status: creating config.h
config.status: executing depfiles commands
config.status: executing libtool commands
configure: WARNING: unrecognized options: --with-appdefaultdir
make  all-recursive
make[1]: Entering directory '/blfs/builds/libXcomposite-0.4.7'
Making all in src
make[2]: Entering directory '/blfs/builds/libXcomposite-0.4.7/src'
  CC       Xcomposite.lo
  CCLD     libXcomposite.la
make[2]: Leaving directory '/blfs/builds/libXcomposite-0.4.7/src'
Making all in man
make[2]: Entering directory '/blfs/builds/libXcomposite-0.4.7/man'
  GEN      Xcomposite.3
  GEN      XCompositeRedirectWindow.3
  GEN      XCompositeQueryExtension.3
  GEN      XCompositeQueryVersion.3
  GEN      XCompositeRedirectSubwindows.3
  GEN      XCompositeVersion.3
  GEN      XCompositeNameWindowPixmap.3
  GEN      XCompositeUnredirectWindow.3
  GEN      XCompositeUnredirectSubwindows.3
  GEN      XCompositeCreateRegionFromBorderClip.3
  GEN      XCompositeReleaseOverlayWindow.3
  GEN      XCompositeGetOverlayWindow.3
make[2]: Leaving directory '/blfs/builds/libXcomposite-0.4.7/man'
make[2]: Entering directory '/blfs/builds/libXcomposite-0.4.7'
make[2]: Leaving directory '/blfs/builds/libXcomposite-0.4.7'
make[1]: Leaving directory '/blfs/builds/libXcomposite-0.4.7'
Making install in src
make[1]: Entering directory '/blfs/builds/libXcomposite-0.4.7/src'
make[2]: Entering directory '/blfs/builds/libXcomposite-0.4.7/src'
 /usr/bin/mkdir -p '/pkgs/libXcomposite/usr/lib'
 /bin/sh ../libtool   --mode=install /usr/bin/install -c   libXcomposite.la '/pkgs/libXcomposite/usr/lib'
libtool: install: /usr/bin/install -c .libs/libXcomposite.so.1.0.0 /pkgs/libXcomposite/usr/lib/libXcomposite.so.1.0.0
libtool: install: (cd /pkgs/libXcomposite/usr/lib && { ln -s -f libXcomposite.so.1.0.0 libXcomposite.so.1 || { rm -f libXcomposite.so.1 && ln -s libXcomposite.so.1.0.0 libXcomposite.so.1; }; })
libtool: install: (cd /pkgs/libXcomposite/usr/lib && { ln -s -f libXcomposite.so.1.0.0 libXcomposite.so || { rm -f libXcomposite.so && ln -s libXcomposite.so.1.0.0 libXcomposite.so; }; })
libtool: install: /usr/bin/install -c .libs/libXcomposite.lai /pkgs/libXcomposite/usr/lib/libXcomposite.la
libtool: warning: remember to run 'libtool --finish /usr/lib'
 /usr/bin/mkdir -p '/pkgs/libXcomposite/usr/include/X11/extensions'
 /usr/bin/install -c -m 644 ../include/X11/extensions/Xcomposite.h '/pkgs/libXcomposite/usr/include/X11/extensions'
make[2]: Leaving directory '/blfs/builds/libXcomposite-0.4.7/src'
make[1]: Leaving directory '/blfs/builds/libXcomposite-0.4.7/src'
Making install in man
make[1]: Entering directory '/blfs/builds/libXcomposite-0.4.7/man'
make[2]: Entering directory '/blfs/builds/libXcomposite-0.4.7/man'
make[2]: Nothing to be done for 'install-exec-am'.
 /usr/bin/mkdir -p '/pkgs/libXcomposite/usr/share/man/man3'
 /usr/bin/install -c -m 644 Xcomposite.3 XCompositeQueryExtension.3 XCompositeQueryVersion.3 XCompositeVersion.3 XCompositeRedirectWindow.3 XCompositeRedirectSubwindows.3 XCompositeUnredirectWindow.3 XCompositeUnredirectSubwindows.3 XCompositeCreateRegionFromBorderClip.3 XCompositeNameWindowPixmap.3 XCompositeGetOverlayWindow.3 XCompositeReleaseOverlayWindow.3 '/pkgs/libXcomposite/usr/share/man/man3'
make[2]: Leaving directory '/blfs/builds/libXcomposite-0.4.7/man'
make[1]: Leaving directory '/blfs/builds/libXcomposite-0.4.7/man'
make[1]: Entering directory '/blfs/builds/libXcomposite-0.4.7'
make[2]: Entering directory '/blfs/builds/libXcomposite-0.4.7'
make[2]: Nothing to be done for 'install-exec-am'.
 /usr/bin/mkdir -p '/pkgs/libXcomposite/usr/lib/pkgconfig'
 /usr/bin/install -c -m 644 xcomposite.pc '/pkgs/libXcomposite/usr/lib/pkgconfig'
make[2]: Leaving directory '/blfs/builds/libXcomposite-0.4.7'
make[1]: Leaving directory '/blfs/builds/libXcomposite-0.4.7'
Making install in src
make[1]: Entering directory '/blfs/builds/libXcomposite-0.4.7/src'
make[2]: Entering directory '/blfs/builds/libXcomposite-0.4.7/src'
 /usr/bin/mkdir -p '/usr/lib'
 /bin/sh ../libtool   --mode=install /usr/bin/install -c   libXcomposite.la '/usr/lib'
libtool: install: /usr/bin/install -c .libs/libXcomposite.so.1.0.0 /usr/lib/libXcomposite.so.1.0.0
libtool: install: (cd /usr/lib && { ln -s -f libXcomposite.so.1.0.0 libXcomposite.so.1 || { rm -f libXcomposite.so.1 && ln -s libXcomposite.so.1.0.0 libXcomposite.so.1; }; })
libtool: install: (cd /usr/lib && { ln -s -f libXcomposite.so.1.0.0 libXcomposite.so || { rm -f libXcomposite.so && ln -s libXcomposite.so.1.0.0 libXcomposite.so; }; })
libtool: install: /usr/bin/install -c .libs/libXcomposite.lai /usr/lib/libXcomposite.la
libtool: finish: PATH="/usr/sbin:/usr/bin:/sbin" ldconfig -n /usr/lib
----------------------------------------------------------------------
Libraries have been installed in:
   /usr/lib

If you ever happen to want to link against installed libraries
in a given directory, LIBDIR, you must either use libtool, and
specify the full pathname of the library, or use the '-LLIBDIR'
flag during linking and do at least one of the following:
   - add LIBDIR to the 'LD_LIBRARY_PATH' environment variable
     during execution
   - add LIBDIR to the 'LD_RUN_PATH' environment variable
     during linking
   - use the '-Wl,-rpath -Wl,LIBDIR' linker flag
   - have your system administrator add LIBDIR to '/etc/ld.so.conf'

See any operating system documentation about shared libraries for
more information, such as the ld(1) and ld.so(8) manual pages.
----------------------------------------------------------------------
 /usr/bin/mkdir -p '/usr/include/X11/extensions'
 /usr/bin/install -c -m 644 ../include/X11/extensions/Xcomposite.h '/usr/include/X11/extensions'
make[2]: Leaving directory '/blfs/builds/libXcomposite-0.4.7/src'
make[1]: Leaving directory '/blfs/builds/libXcomposite-0.4.7/src'
Making install in man
make[1]: Entering directory '/blfs/builds/libXcomposite-0.4.7/man'
make[2]: Entering directory '/blfs/builds/libXcomposite-0.4.7/man'
make[2]: Nothing to be done for 'install-exec-am'.
 /usr/bin/mkdir -p '/usr/share/man/man3'
 /usr/bin/install -c -m 644 Xcomposite.3 XCompositeQueryExtension.3 XCompositeQueryVersion.3 XCompositeVersion.3 XCompositeRedirectWindow.3 XCompositeRedirectSubwindows.3 XCompositeUnredirectWindow.3 XCompositeUnredirectSubwindows.3 XCompositeCreateRegionFromBorderClip.3 XCompositeNameWindowPixmap.3 XCompositeGetOverlayWindow.3 XCompositeReleaseOverlayWindow.3 '/usr/share/man/man3'
make[2]: Leaving directory '/blfs/builds/libXcomposite-0.4.7/man'
make[1]: Leaving directory '/blfs/builds/libXcomposite-0.4.7/man'
make[1]: Entering directory '/blfs/builds/libXcomposite-0.4.7'
make[2]: Entering directory '/blfs/builds/libXcomposite-0.4.7'
make[2]: Nothing to be done for 'install-exec-am'.
 /usr/bin/mkdir -p '/usr/lib/pkgconfig'
 /usr/bin/install -c -m 644 xcomposite.pc '/usr/lib/pkgconfig'
make[2]: Leaving directory '/blfs/builds/libXcomposite-0.4.7'
make[1]: Leaving directory '/blfs/builds/libXcomposite-0.4.7'
libXcomposite/
libXcomposite/usr/
libXcomposite/usr/include/
libXcomposite/usr/include/X11/
libXcomposite/usr/include/X11/extensions/
libXcomposite/usr/include/X11/extensions/Xcomposite.h
libXcomposite/usr/share/
libXcomposite/usr/share/man/
libXcomposite/usr/share/man/man3/
libXcomposite/usr/share/man/man3/XCompositeVersion.3
libXcomposite/usr/share/man/man3/XCompositeReleaseOverlayWindow.3
libXcomposite/usr/share/man/man3/XCompositeUnredirectSubwindows.3
libXcomposite/usr/share/man/man3/XCompositeRedirectSubwindows.3
libXcomposite/usr/share/man/man3/XCompositeRedirectWindow.3
libXcomposite/usr/share/man/man3/Xcomposite.3
libXcomposite/usr/share/man/man3/XCompositeQueryVersion.3
libXcomposite/usr/share/man/man3/XCompositeNameWindowPixmap.3
libXcomposite/usr/share/man/man3/XCompositeCreateRegionFromBorderClip.3
libXcomposite/usr/share/man/man3/XCompositeUnredirectWindow.3
libXcomposite/usr/share/man/man3/XCompositeQueryExtension.3
libXcomposite/usr/share/man/man3/XCompositeGetOverlayWindow.3
libXcomposite/usr/lib/
libXcomposite/usr/lib/libXcomposite.so.1.0.0
libXcomposite/usr/lib/libXcomposite.so
libXcomposite/usr/lib/pkgconfig/
libXcomposite/usr/lib/pkgconfig/xcomposite.pc
libXcomposite/usr/lib/libXcomposite.la
libXcomposite/usr/lib/libXcomposite.so.1
libXcomposite/version
libXcomposite/depends
libXcomposite/make-depends
