--2025-09-28 07:34:23--  https://github.com/Mic92/iana-etc/releases/download/20250926/iana-etc-20250926.tar.gz
Resolving github.com (github.com)... 140.82.112.4
Connecting to github.com (github.com)|140.82.112.4|:443... connected.
HTTP request sent, awaiting response... 302 Found
Location: https://release-assets.githubusercontent.com/github-production-release-asset/84966990/96298fb6-34b6-4bfa-b88e-7f714edbff01?sp=r&sv=2018-11-09&sr=b&spr=https&se=2025-09-28T08%3A23%3A16Z&rscd=attachment%3B+filename%3Diana-etc-20250926.tar.gz&rsct=application%2Foctet-stream&skoid=96c2d410-5711-43a1-aedd-ab1947aa7ab0&sktid=398a6654-997b-47e9-b12b-9515b896b4de&skt=2025-09-28T07%3A23%3A03Z&ske=2025-09-28T08%3A23%3A16Z&sks=b&skv=2018-11-09&sig=LBOcYvxi6m%2BdUC6nDze9ngrFrAyayixvdPTmPKgCCjA%3D&jwt=eyJ0eXAiOiJKV1QiLCJhbGciOiJIUzI1NiJ9.eyJpc3MiOiJnaXRodWIuY29tIiwiYXVkIjoicmVsZWFzZS1hc3NldHMuZ2l0aHVidXNlcmNvbnRlbnQuY29tIiwia2V5Ijoia2V5MSIsImV4cCI6MTc1OTA0NTE2MywibmJmIjoxNzU5MDQ0ODYzLCJwYXRoIjoicmVsZWFzZWFzc2V0cHJvZHVjdGlvbi5ibG9iLmNvcmUud2luZG93cy5uZXQifQ.YW2fdfeetaNaV5klJ3UbRiPHMzvfSWMN5-FXX4YZZk4&response-content-disposition=attachment%3B%20filename%3Diana-etc-20250926.tar.gz&response-content-type=application%2Foctet-stream [following]
--2025-09-28 07:34:23--  https://release-assets.githubusercontent.com/github-production-release-asset/84966990/96298fb6-34b6-4bfa-b88e-7f714edbff01?sp=r&sv=2018-11-09&sr=b&spr=https&se=2025-09-28T08%3A23%3A16Z&rscd=attachment%3B+filename%3Diana-etc-20250926.tar.gz&rsct=application%2Foctet-stream&skoid=96c2d410-5711-43a1-aedd-ab1947aa7ab0&sktid=398a6654-997b-47e9-b12b-9515b896b4de&skt=2025-09-28T07%3A23%3A03Z&ske=2025-09-28T08%3A23%3A16Z&sks=b&skv=2018-11-09&sig=LBOcYvxi6m%2BdUC6nDze9ngrFrAyayixvdPTmPKgCCjA%3D&jwt=eyJ0eXAiOiJKV1QiLCJhbGciOiJIUzI1NiJ9.eyJpc3MiOiJnaXRodWIuY29tIiwiYXVkIjoicmVsZWFzZS1hc3NldHMuZ2l0aHVidXNlcmNvbnRlbnQuY29tIiwia2V5Ijoia2V5MSIsImV4cCI6MTc1OTA0NTE2MywibmJmIjoxNzU5MDQ0ODYzLCJwYXRoIjoicmVsZWFzZWFzc2V0cHJvZHVjdGlvbi5ibG9iLmNvcmUud2luZG93cy5uZXQifQ.YW2fdfeetaNaV5klJ3UbRiPHMzvfSWMN5-FXX4YZZk4&response-content-disposition=attachment%3B%20filename%3Diana-etc-20250926.tar.gz&response-content-type=application%2Foctet-stream
Resolving release-assets.githubusercontent.com (release-assets.githubusercontent.com)... 185.199.110.133, 185.199.108.133, 185.199.109.133, ...
Connecting to release-assets.githubusercontent.com (release-assets.githubusercontent.com)|185.199.110.133|:443... connected.
HTTP request sent, awaiting response... 200 OK
Length: 606796 (593K) [application/octet-stream]
Saving to: ‘iana-etc-20250926.tar.gz’

     0K .......... .......... .......... .......... ..........  8% 14.7M 0s
    50K .......... .......... .......... .......... .......... 16% 11.1M 0s
   100K .......... .......... .......... .......... .......... 25% 12.9M 0s
   150K .......... .......... .......... .......... .......... 33% 12.8M 0s
   200K .......... .......... .......... .......... .......... 42%  136M 0s
   250K .......... .......... .......... .......... .......... 50% 13.0M 0s
   300K .......... .......... .......... .......... .......... 59% 87.6M 0s
   350K .......... .......... .......... .......... .......... 67%  120M 0s
   400K .......... .......... .......... .......... .......... 75% 15.3M 0s
   450K .......... .......... .......... .......... .......... 84% 12.9M 0s
   500K .......... .......... .......... .......... .......... 92%  135M 0s
   550K .......... .......... .......... .......... ..        100%  207M=0.03s

2025-09-28 07:34:23 (20.7 MB/s) - ‘iana-etc-20250926.tar.gz’ saved [606796/606796]

iana-etc-20250926/service-names-port-numbers.xml
iana-etc-20250926/services
iana-etc-20250926/protocol-numbers.xml
iana-etc-20250926/protocols
iana-etc/
iana-etc/etc/
iana-etc/etc/protocols
iana-etc/etc/services
iana-etc/version
iana-etc/depends
iana-etc/make-depends
