--2026-02-22 08:41:45--  https://download.videolan.org/vlc/3.0.23/vlc-3.0.23.tar.xz
Resolving download.videolan.org (download.videolan.org)... 213.36.253.2, 2a01:e0d:1:3:58bf:fa02:c0de:5
Connecting to download.videolan.org (download.videolan.org)|213.36.253.2|:443... connected.
HTTP request sent, awaiting response... 200 OK
Length: 26486988 (25M) [application/octet-stream]
Saving to: ‘vlc-3.0.23.tar.xz’

     0K .......... .......... .......... .......... ..........  0%  545K 47s
    50K .......... .......... .......... .......... ..........  0%  543K 47s
   100K .......... .......... .......... .......... ..........  0% 15.8M 32s
   150K .......... .......... .......... .......... ..........  0%  536K 36s
   200K .......... .......... .......... .......... ..........  0%  660K 36s
   250K .......... .......... .......... .......... ..........  1% 3.01M 32s
   300K .......... .......... .......... .......... ..........  1%  543K 34s
   350K .......... .......... .......... .......... ..........  1% 1.35M 32s
   400K .......... .......... .......... .......... ..........  1%  543K 33s
   450K .......... .......... .......... .......... ..........  1% 1.23M 32s
   500K .......... .......... .......... .......... ..........  2% 3.07M 30s
   550K .......... .......... .......... .......... ..........  2% 1.35M 29s
   600K .......... .......... .......... .......... ..........  2% 1.22M 28s
   650K .......... .......... .......... .......... ..........  2%  156M 26s
   700K .......... .......... .......... .......... ..........  2%  965K 26s
   750K .......... .......... .......... .......... ..........  3% 1.22M 26s
   800K .......... .......... .......... .......... ..........  3% 3.06M 24s
   850K .......... .......... .......... .......... ..........  3% 1.36M 24s
   900K .......... .......... .......... .......... ..........  3% 95.0M 23s
   950K .......... .......... .......... .......... ..........  3%  173M 22s
  1000K .......... .......... .......... .......... ..........  4%  161M 21s
  1050K .......... .......... .......... .......... ..........  4% 1.20M 20s
  1100K .......... .......... .......... .......... ..........  4% 71.9M 20s
  1150K .......... .......... .......... .......... ..........  4% 1016K 20s
  1200K .......... .......... .......... .......... ..........  4% 14.5M 19s
  1250K .......... .......... .......... .......... ..........  5%  127M 18s
  1300K .......... .......... .......... .......... ..........  5%  156M 18s
  1350K .......... .......... .......... .......... ..........  5% 1.35M 17s
  1400K .......... .......... .......... .......... ..........  5% 3.12M 17s
  1450K .......... .......... .......... .......... ..........  5% 79.1M 17s
  1500K .......... .......... .......... .......... ..........  5%  156M 16s
  1550K .......... .......... .......... .......... ..........  6% 91.7M 15s
  1600K .......... .......... .......... .......... ..........  6% 1.40M 15s
  1650K .......... .......... .......... .......... ..........  6%  140M 15s
  1700K .......... .......... .......... .......... ..........  6% 15.5M 15s
  1750K .......... .......... .......... .......... ..........  6% 67.3M 14s
  1800K .......... .......... .......... .......... ..........  7%  237M 14s
  1850K .......... .......... .......... .......... ..........  7% 94.8M 13s
  1900K .......... .......... .......... .......... ..........  7%  232M 13s
  1950K .......... .......... .......... .......... ..........  7% 1.41M 13s
  2000K .......... .......... .......... .......... ..........  7% 3.07M 13s
  2050K .......... .......... .......... .......... ..........  8% 91.7M 13s
  2100K .......... .......... .......... .......... ..........  8%  179M 12s
  2150K .......... .......... .......... .......... ..........  8% 95.2M 12s
  2200K .......... .......... .......... .......... ..........  8% 1.39M 12s
  2250K .......... .......... .......... .......... ..........  8%  178M 12s
  2300K .......... .......... .......... .......... ..........  9%  128M 11s
  2350K .......... .......... .......... .......... ..........  9% 13.9M 11s
  2400K .......... .......... .......... .......... ..........  9%  163M 11s
  2450K .......... .......... .......... .......... ..........  9%  131M 11s
  2500K .......... .......... .......... .......... ..........  9%  160M 11s
  2550K .......... .......... .......... .......... .......... 10% 1.40M 11s
  2600K .......... .......... .......... .......... .......... 10% 3.08M 11s
  2650K .......... .......... .......... .......... .......... 10%  135M 10s
  2700K .......... .......... .......... .......... .......... 10%  158M 10s
  2750K .......... .......... .......... .......... .......... 10% 91.2M 10s
  2800K .......... .......... .......... .......... .......... 11% 89.1M 10s
  2850K .......... .......... .......... .......... .......... 11% 95.1M 10s
  2900K .......... .......... .......... .......... .......... 11%  151M 9s
  2950K .......... .......... .......... .......... .......... 11% 82.9M 9s
  3000K .......... .......... .......... .......... .......... 11%  183M 9s
  3050K .......... .......... .......... .......... .......... 11%  138M 9s
  3100K .......... .......... .......... .......... .......... 12% 1.53M 9s
  3150K .......... .......... .......... .......... .......... 12% 71.4M 9s
  3200K .......... .......... .......... .......... .......... 12%  162M 9s
  3250K .......... .......... .......... .......... .......... 12% 94.9M 8s
  3300K .......... .......... .......... .......... .......... 12%  143M 8s
  3350K .......... .......... .......... .......... .......... 13% 92.3M 8s
  3400K .......... .......... .......... .......... .......... 13%  170M 8s
  3450K .......... .......... .......... .......... .......... 13% 25.4M 8s
  3500K .......... .......... .......... .......... .......... 13%  142M 8s
  3550K .......... .......... .......... .......... .......... 13%  102M 8s
  3600K .......... .......... .......... .......... .......... 14%  126M 8s
  3650K .......... .......... .......... .......... .......... 14% 92.3M 7s
  3700K .......... .......... .......... .......... .......... 14% 1.44M 8s
  3750K .......... .......... .......... .......... .......... 14% 3.03M 8s
  3800K .......... .......... .......... .......... .......... 14%  133M 7s
  3850K .......... .......... .......... .......... .......... 15%  120M 7s
  3900K .......... .......... .......... .......... .......... 15% 88.1M 7s
  3950K .......... .......... .......... .......... .......... 15%  149M 7s
  4000K .......... .......... .......... .......... .......... 15% 81.8M 7s
  4050K .......... .......... .......... .......... .......... 15%  146M 7s
  4100K .......... .......... .......... .......... .......... 16% 37.7M 7s
  4150K .......... .......... .......... .......... .......... 16% 99.7M 7s
  4200K .......... .......... .......... .......... .......... 16%  128M 7s
  4250K .......... .......... .......... .......... .......... 16% 92.5M 7s
  4300K .......... .......... .......... .......... .......... 16% 1.58M 7s
  4350K .......... .......... .......... .......... .......... 17%  142M 6s
  4400K .......... .......... .......... .......... .......... 17% 88.4M 6s
  4450K .......... .......... .......... .......... .......... 17%  170M 6s
  4500K .......... .......... .......... .......... .......... 17% 91.2M 6s
  4550K .......... .......... .......... .......... .......... 17% 20.9M 6s
  4600K .......... .......... .......... .......... .......... 17%  174M 6s
  4650K .......... .......... .......... .......... .......... 18%  135M 6s
  4700K .......... .......... .......... .......... .......... 18%  121M 6s
  4750K .......... .......... .......... .......... .......... 18%  101M 6s
  4800K .......... .......... .......... .......... .......... 18% 90.1M 6s
  4850K .......... .......... .......... .......... .......... 18%  147M 6s
  4900K .......... .......... .......... .......... .......... 19% 1008K 6s
  4950K .......... .......... .......... .......... .......... 19%  202M 6s
  5000K .......... .......... .......... .......... .......... 19%  263M 6s
  5050K .......... .......... .......... .......... .......... 19%  112M 6s
  5100K .......... .......... .......... .......... .......... 19%  131M 6s
  5150K .......... .......... .......... .......... .......... 20% 85.2M 6s
  5200K .......... .......... .......... .......... .......... 20% 89.7M 5s
  5250K .......... .......... .......... .......... .......... 20%  176M 5s
  5300K .......... .......... .......... .......... .......... 20%  103M 5s
  5350K .......... .......... .......... .......... .......... 20%  127M 5s
  5400K .......... .......... .......... .......... .......... 21% 85.8M 5s
  5450K .......... .......... .......... .......... .......... 21%  163M 5s
  5500K .......... .......... .......... .......... .......... 21%  169M 5s
  5550K .......... .......... .......... .......... .......... 21% 87.5M 5s
  5600K .......... .......... .......... .......... .......... 21% 87.3M 5s
  5650K .......... .......... .......... .......... .......... 22%  151M 5s
  5700K .......... .......... .......... .......... .......... 22%  104M 5s
  5750K .......... .......... .......... .......... .......... 22%  124M 5s
  5800K .......... .......... .......... .......... .......... 22%  117M 5s
  5850K .......... .......... .......... .......... .......... 22%  107M 5s
  5900K .......... .......... .......... .......... .......... 23%  114M 5s
  5950K .......... .......... .......... .......... .......... 23% 83.9M 5s
  6000K .......... .......... .......... .......... .......... 23% 85.9M 5s
  6050K .......... .......... .......... .......... .......... 23%  144M 5s
  6100K .......... .......... .......... .......... .......... 23% 97.9M 4s
  6150K .......... .......... .......... .......... .......... 23%  141M 4s
  6200K .......... .......... .......... .......... .......... 24% 96.6M 4s
  6250K .......... .......... .......... .......... .......... 24%  145M 4s
  6300K .......... .......... .......... .......... .......... 24% 93.9M 4s
  6350K .......... .......... .......... .......... .......... 24% 87.9M 4s
  6400K .......... .......... .......... .......... .......... 24%  119M 4s
  6450K .......... .......... .......... .......... .......... 25%  199M 4s
  6500K .......... .......... .......... .......... .......... 25%  102M 4s
  6550K .......... .......... .......... .......... .......... 25% 2.19M 4s
  6600K .......... .......... .......... .......... .......... 25%  109M 4s
  6650K .......... .......... .......... .......... .......... 25%  176M 4s
  6700K .......... .......... .......... .......... .......... 26%  123M 4s
  6750K .......... .......... .......... .......... .......... 26% 17.0M 4s
  6800K .......... .......... .......... .......... .......... 26%  151M 4s
  6850K .......... .......... .......... .......... .......... 26%  110M 4s
  6900K .......... .......... .......... .......... .......... 26%  126M 4s
  6950K .......... .......... .......... .......... .......... 27%  191M 4s
  7000K .......... .......... .......... .......... .......... 27% 95.3M 4s
  7050K .......... .......... .......... .......... .......... 27%  136M 4s
  7100K .......... .......... .......... .......... .......... 27%  106M 4s
  7150K .......... .......... .......... .......... .......... 27% 1.46M 4s
  7200K .......... .......... .......... .......... .......... 28% 3.07M 4s
  7250K .......... .......... .......... .......... .......... 28%  141M 4s
  7300K .......... .......... .......... .......... .......... 28%  180M 4s
  7350K .......... .......... .......... .......... .......... 28%  136M 4s
  7400K .......... .......... .......... .......... .......... 28%  125M 4s
  7450K .......... .......... .......... .......... .......... 28%  107M 4s
  7500K .......... .......... .......... .......... .......... 29%  136M 4s
  7550K .......... .......... .......... .......... .......... 29% 26.0M 4s
  7600K .......... .......... .......... .......... .......... 29%  174M 4s
  7650K .......... .......... .......... .......... .......... 29% 89.7M 3s
  7700K .......... .......... .......... .......... .......... 29%  155M 3s
  7750K .......... .......... .......... .......... .......... 30% 93.7M 3s
  7800K .......... .......... .......... .......... .......... 30%  136M 3s
  7850K .......... .......... .......... .......... .......... 30% 99.1M 3s
  7900K .......... .......... .......... .......... .......... 30%  121M 3s
  7950K .......... .......... .......... .......... .......... 30% 66.4M 3s
  8000K .......... .......... .......... .......... .......... 31% 85.0M 3s
  8050K .......... .......... .......... .......... .......... 31%  142M 3s
  8100K .......... .......... .......... .......... .......... 31%  104M 3s
  8150K .......... .......... .......... .......... .......... 31%  126M 3s
  8200K .......... .......... .......... .......... .......... 31%  111M 3s
  8250K .......... .......... .......... .......... .......... 32%  114M 3s
  8300K .......... .......... .......... .......... .......... 32% 99.2M 3s
  8350K .......... .......... .......... .......... .......... 32% 89.8M 3s
  8400K .......... .......... .......... .......... .......... 32%  116M 3s
  8450K .......... .......... .......... .......... .......... 32%  106M 3s
  8500K .......... .......... .......... .......... .......... 33%  184M 3s
  8550K .......... .......... .......... .......... .......... 33% 81.5M 3s
  8600K .......... .......... .......... .......... .......... 33%  161M 3s
  8650K .......... .......... .......... .......... .......... 33%  101M 3s
  8700K .......... .......... .......... .......... .......... 33%  153M 3s
  8750K .......... .......... .......... .......... .......... 34% 82.2M 3s
  8800K .......... .......... .......... .......... .......... 34% 2.32M 3s
  8850K .......... .......... .......... .......... .......... 34%  168M 3s
  8900K .......... .......... .......... .......... .......... 34%  102M 3s
  8950K .......... .......... .......... .......... .......... 34%  105M 3s
  9000K .......... .......... .......... .......... .......... 34% 17.7M 3s
  9050K .......... .......... .......... .......... .......... 35%  132M 3s
  9100K .......... .......... .......... .......... .......... 35%  118M 3s
  9150K .......... .......... .......... .......... .......... 35%  105M 3s
  9200K .......... .......... .......... .......... .......... 35%  115M 3s
  9250K .......... .......... .......... .......... .......... 35% 87.3M 3s
  9300K .......... .......... .......... .......... .......... 36%  174M 3s
  9350K .......... .......... .......... .......... .......... 36% 75.9M 3s
  9400K .......... .......... .......... .......... .......... 36% 67.9M 3s
  9450K .......... .......... .......... .......... .......... 36% 1.01M 3s
  9500K .......... .......... .......... .......... .......... 36%  187M 3s
  9550K .......... .......... .......... .......... .......... 37%  105M 3s
  9600K .......... .......... .......... .......... .......... 37%  101M 3s
  9650K .......... .......... .......... .......... .......... 37% 94.1M 3s
  9700K .......... .......... .......... .......... .......... 37%  210M 3s
  9750K .......... .......... .......... .......... .......... 37%  106M 3s
  9800K .......... .......... .......... .......... .......... 38%  133M 3s
  9850K .......... .......... .......... .......... .......... 38% 95.5M 3s
  9900K .......... .......... .......... .......... .......... 38%  132M 3s
  9950K .......... .......... .......... .......... .......... 38% 86.6M 2s
 10000K .......... .......... .......... .......... .......... 38% 94.5M 2s
 10050K .......... .......... .......... .......... .......... 39%  155M 2s
 10100K .......... .......... .......... .......... .......... 39%  100M 2s
 10150K .......... .......... .......... .......... .......... 39%  138M 2s
 10200K .......... .......... .......... .......... .......... 39%  100M 2s
 10250K .......... .......... .......... .......... .......... 39%  141M 2s
 10300K .......... .......... .......... .......... .......... 40%  101M 2s
 10350K .......... .......... .......... .......... .......... 40% 83.5M 2s
 10400K .......... .......... .......... .......... .......... 40%  155M 2s
 10450K .......... .......... .......... .......... .......... 40% 84.9M 2s
 10500K .......... .......... .......... .......... .......... 40%  199M 2s
 10550K .......... .......... .......... .......... .......... 40%  101M 2s
 10600K .......... .......... .......... .......... .......... 41%  134M 2s
 10650K .......... .......... .......... .......... .......... 41% 85.6M 2s
 10700K .......... .......... .......... .......... .......... 41%  222M 2s
 10750K .......... .......... .......... .......... .......... 41% 86.7M 2s
 10800K .......... .......... .......... .......... .......... 41% 98.2M 2s
 10850K .......... .......... .......... .......... .......... 42%  110M 2s
 10900K .......... .......... .......... .......... .......... 42%  128M 2s
 10950K .......... .......... .......... .......... .......... 42%  115M 2s
 11000K .......... .......... .......... .......... .......... 42%  110M 2s
 11050K .......... .......... .......... .......... .......... 42%  148M 2s
 11100K .......... .......... .......... .......... .......... 43% 98.0M 2s
 11150K .......... .......... .......... .......... .......... 43% 92.4M 2s
 11200K .......... .......... .......... .......... .......... 43%  141M 2s
 11250K .......... .......... .......... .......... .......... 43% 98.5M 2s
 11300K .......... .......... .......... .......... .......... 43%  142M 2s
 11350K .......... .......... .......... .......... .......... 44%  106M 2s
 11400K .......... .......... .......... .......... .......... 44%  139M 2s
 11450K .......... .......... .......... .......... .......... 44% 99.3M 2s
 11500K .......... .......... .......... .......... .......... 44% 88.2M 2s
 11550K .......... .......... .......... .......... .......... 44% 81.7M 2s
 11600K .......... .......... .......... .......... .......... 45%  151M 2s
 11650K .......... .......... .......... .......... .......... 45%  124M 2s
 11700K .......... .......... .......... .......... .......... 45%  109M 2s
 11750K .......... .......... .......... .......... .......... 45% 96.3M 2s
 11800K .......... .......... .......... .......... .......... 45%  160M 2s
 11850K .......... .......... .......... .......... .......... 46% 96.2M 2s
 11900K .......... .......... .......... .......... .......... 46%  140M 2s
 11950K .......... .......... .......... .......... .......... 46% 89.7M 2s
 12000K .......... .......... .......... .......... .......... 46% 99.2M 2s
 12050K .......... .......... .......... .......... .......... 46%  142M 2s
 12100K .......... .......... .......... .......... .......... 46%  101M 2s
 12150K .......... .......... .......... .......... .......... 47%  140M 2s
 12200K .......... .......... .......... .......... .......... 47%  100M 2s
 12250K .......... .......... .......... .......... .......... 47%  150M 2s
 12300K .......... .......... .......... .......... .......... 47% 99.3M 2s
 12350K .......... .......... .......... .......... .......... 47% 90.6M 2s
 12400K .......... .......... .......... .......... .......... 48%  142M 2s
 12450K .......... .......... .......... .......... .......... 48% 96.9M 2s
 12500K .......... .......... .......... .......... .......... 48%  151M 2s
 12550K .......... .......... .......... .......... .......... 48% 92.7M 2s
 12600K .......... .......... .......... .......... .......... 48%  149M 2s
 12650K .......... .......... .......... .......... .......... 49% 98.9M 2s
 12700K .......... .......... .......... .......... .......... 49%  146M 2s
 12750K .......... .......... .......... .......... .......... 49% 54.5M 2s
 12800K .......... .......... .......... .......... .......... 49%  112M 2s
 12850K .......... .......... .......... .......... .......... 49%  142M 2s
 12900K .......... .......... .......... .......... .......... 50% 98.3M 2s
 12950K .......... .......... .......... .......... .......... 50%  133M 2s
 13000K .......... .......... .......... .......... .......... 50%  106M 2s
 13050K .......... .......... .......... .......... .......... 50%  141M 2s
 13100K .......... .......... .......... .......... .......... 50% 90.2M 2s
 13150K .......... .......... .......... .......... .......... 51% 91.3M 2s
 13200K .......... .......... .......... .......... .......... 51%  135M 2s
 13250K .......... .......... .......... .......... .......... 51%  109M 2s
 13300K .......... .......... .......... .......... .......... 51% 20.4M 2s
 13350K .......... .......... .......... .......... .......... 51%  127M 1s
 13400K .......... .......... .......... .......... .......... 51%  101M 1s
 13450K .......... .......... .......... .......... .......... 52%  128M 1s
 13500K .......... .......... .......... .......... .......... 52% 17.7M 1s
 13550K .......... .......... .......... .......... .......... 52%  103M 1s
 13600K .......... .......... .......... .......... .......... 52% 95.5M 1s
 13650K .......... .......... .......... .......... .......... 52%  134M 1s
 13700K .......... .......... .......... .......... .......... 53%  105M 1s
 13750K .......... .......... .......... .......... .......... 53%  122M 1s
 13800K .......... .......... .......... .......... .......... 53% 32.5M 1s
 13850K .......... .......... .......... .......... .......... 53% 89.0M 1s
 13900K .......... .......... .......... .......... .......... 53%  118M 1s
 13950K .......... .......... .......... .......... .......... 54% 1.54M 1s
 14000K .......... .......... .......... .......... .......... 54% 3.03M 1s
 14050K .......... .......... .......... .......... .......... 54%  196M 1s
 14100K .......... .......... .......... .......... .......... 54% 88.8M 1s
 14150K .......... .......... .......... .......... .......... 54%  140M 1s
 14200K .......... .......... .......... .......... .......... 55%  103M 1s
 14250K .......... .......... .......... .......... .......... 55%  110M 1s
 14300K .......... .......... .......... .......... .......... 55% 97.6M 1s
 14350K .......... .......... .......... .......... .......... 55% 34.3M 1s
 14400K .......... .......... .......... .......... .......... 55% 50.0M 1s
 14450K .......... .......... .......... .......... .......... 56%  112M 1s
 14500K .......... .......... .......... .......... .......... 56%  111M 1s
 14550K .......... .......... .......... .......... .......... 56%  186M 1s
 14600K .......... .......... .......... .......... .......... 56%  189M 1s
 14650K .......... .......... .......... .......... .......... 56%  205M 1s
 14700K .......... .......... .......... .......... .......... 57%  144M 1s
 14750K .......... .......... .......... .......... .......... 57% 51.4M 1s
 14800K .......... .......... .......... .......... .......... 57% 75.0M 1s
 14850K .......... .......... .......... .......... .......... 57%  135M 1s
 14900K .......... .......... .......... .......... .......... 57%  104M 1s
 14950K .......... .......... .......... .......... .......... 57%  113M 1s
 15000K .......... .......... .......... .......... .......... 58%  118M 1s
 15050K .......... .......... .......... .......... .......... 58%  159M 1s
 15100K .......... .......... .......... .......... .......... 58% 97.0M 1s
 15150K .......... .......... .......... .......... .......... 58% 92.0M 1s
 15200K .......... .......... .......... .......... .......... 58%  126M 1s
 15250K .......... .......... .......... .......... .......... 59%  105M 1s
 15300K .......... .......... .......... .......... .......... 59% 88.0M 1s
 15350K .......... .......... .......... .......... .......... 59%  141M 1s
 15400K .......... .......... .......... .......... .......... 59% 91.6M 1s
 15450K .......... .......... .......... .......... .......... 59%  169M 1s
 15500K .......... .......... .......... .......... .......... 60% 99.5M 1s
 15550K .......... .......... .......... .......... .......... 60% 84.2M 1s
 15600K .......... .......... .......... .......... .......... 60%  149M 1s
 15650K .......... .......... .......... .......... .......... 60% 96.1M 1s
 15700K .......... .......... .......... .......... .......... 60% 93.9M 1s
 15750K .......... .......... .......... .......... .......... 61%  136M 1s
 15800K .......... .......... .......... .......... .......... 61%  101M 1s
 15850K .......... .......... .......... .......... .......... 61%  106M 1s
 15900K .......... .......... .......... .......... .......... 61%  129M 1s
 15950K .......... .......... .......... .......... .......... 61% 81.6M 1s
 16000K .......... .......... .......... .......... .......... 62% 98.7M 1s
 16050K .......... .......... .......... .......... .......... 62%  157M 1s
 16100K .......... .......... .......... .......... .......... 62% 56.9M 1s
 16150K .......... .......... .......... .......... .......... 62% 99.7M 1s
 16200K .......... .......... .......... .......... .......... 62%  144M 1s
 16250K .......... .......... .......... .......... .......... 63% 98.9M 1s
 16300K .......... .......... .......... .......... .......... 63%  159M 1s
 16350K .......... .......... .......... .......... .......... 63% 86.5M 1s
 16400K .......... .......... .......... .......... .......... 63% 98.6M 1s
 16450K .......... .......... .......... .......... .......... 63% 94.8M 1s
 16500K .......... .......... .......... .......... .......... 63%  161M 1s
 16550K .......... .......... .......... .......... .......... 64% 97.3M 1s
 16600K .......... .......... .......... .......... .......... 64% 89.6M 1s
 16650K .......... .......... .......... .......... .......... 64%  149M 1s
 16700K .......... .......... .......... .......... .......... 64% 97.4M 1s
 16750K .......... .......... .......... .......... .......... 64% 91.8M 1s
 16800K .......... .......... .......... .......... .......... 65%  121M 1s
 16850K .......... .......... .......... .......... .......... 65%  114M 1s
 16900K .......... .......... .......... .......... .......... 65% 84.5M 1s
 16950K .......... .......... .......... .......... .......... 65%  192M 1s
 17000K .......... .......... .......... .......... .......... 65% 96.4M 1s
 17050K .......... .......... .......... .......... .......... 66%  126M 1s
 17100K .......... .......... .......... .......... .......... 66%  110M 1s
 17150K .......... .......... .......... .......... .......... 66% 86.8M 1s
 17200K .......... .......... .......... .......... .......... 66%  158M 1s
 17250K .......... .......... .......... .......... .......... 66% 94.5M 1s
 17300K .......... .......... .......... .......... .......... 67%  158M 1s
 17350K .......... .......... .......... .......... .......... 67%  105M 1s
 17400K .......... .......... .......... .......... .......... 67% 83.9M 1s
 17450K .......... .......... .......... .......... .......... 67%  158M 1s
 17500K .......... .......... .......... .......... .......... 67%  102M 1s
 17550K .......... .......... .......... .......... .......... 68% 89.8M 1s
 17600K .......... .......... .......... .......... .......... 68%  127M 1s
 17650K .......... .......... .......... .......... .......... 68%  113M 1s
 17700K .......... .......... .......... .......... .......... 68% 86.1M 1s
 17750K .......... .......... .......... .......... .......... 68%  187M 1s
 17800K .......... .......... .......... .......... .......... 69% 87.1M 1s
 17850K .......... .......... .......... .......... .......... 69% 89.5M 1s
 17900K .......... .......... .......... .......... .......... 69%  151M 1s
 17950K .......... .......... .......... .......... .......... 69% 88.9M 1s
 18000K .......... .......... .......... .......... .......... 69% 91.5M 1s
 18050K .......... .......... .......... .......... .......... 69% 17.8M 1s
 18100K .......... .......... .......... .......... .......... 70%  202M 1s
 18150K .......... .......... .......... .......... .......... 70%  172M 1s
 18200K .......... .......... .......... .......... .......... 70%  215M 1s
 18250K .......... .......... .......... .......... .......... 70%  132M 1s
 18300K .......... .......... .......... .......... .......... 70%  129M 1s
 18350K .......... .......... .......... .......... .......... 71% 31.2M 1s
 18400K .......... .......... .......... .......... .......... 71% 96.7M 1s
 18450K .......... .......... .......... .......... .......... 71% 1.54M 1s
 18500K .......... .......... .......... .......... .......... 71% 3.00M 1s
 18550K .......... .......... .......... .......... .......... 71%  136M 1s
 18600K .......... .......... .......... .......... .......... 72% 82.8M 1s
 18650K .......... .......... .......... .......... .......... 72%  198M 1s
 18700K .......... .......... .......... .......... .......... 72%  191M 1s
 18750K .......... .......... .......... .......... .......... 72% 66.8M 1s
 18800K .......... .......... .......... .......... .......... 72%  121M 1s
 18850K .......... .......... .......... .......... .......... 73% 99.8M 1s
 18900K .......... .......... .......... .......... .......... 73%  206M 1s
 18950K .......... .......... .......... .......... .......... 73%  132M 1s
 19000K .......... .......... .......... .......... .......... 73% 77.1M 1s
 19050K .......... .......... .......... .......... .......... 73%  126M 1s
 19100K .......... .......... .......... .......... .......... 74%  143M 1s
 19150K .......... .......... .......... .......... .......... 74% 97.2M 1s
 19200K .......... .......... .......... .......... .......... 74% 92.3M 1s
 19250K .......... .......... .......... .......... .......... 74%  145M 1s
 19300K .......... .......... .......... .......... .......... 74%  164M 1s
 19350K .......... .......... .......... .......... .......... 75% 99.9M 1s
 19400K .......... .......... .......... .......... .......... 75% 79.0M 1s
 19450K .......... .......... .......... .......... .......... 75%  159M 1s
 19500K .......... .......... .......... .......... .......... 75%  101M 1s
 19550K .......... .......... .......... .......... .......... 75% 88.7M 1s
 19600K .......... .......... .......... .......... .......... 75%  143M 1s
 19650K .......... .......... .......... .......... .......... 76% 93.0M 1s
 19700K .......... .......... .......... .......... .......... 76% 91.6M 1s
 19750K .......... .......... .......... .......... .......... 76%  126M 1s
 19800K .......... .......... .......... .......... .......... 76%  108M 1s
 19850K .......... .......... .......... .......... .......... 76%  149M 1s
 19900K .......... .......... .......... .......... .......... 77% 97.1M 1s
 19950K .......... .......... .......... .......... .......... 77% 85.0M 1s
 20000K .......... .......... .......... .......... .......... 77%  157M 1s
 20050K .......... .......... .......... .......... .......... 77%  100M 1s
 20100K .......... .......... .......... .......... .......... 77%  130M 1s
 20150K .......... .......... .......... .......... .......... 78% 95.8M 0s
 20200K .......... .......... .......... .......... .......... 78% 98.1M 0s
 20250K .......... .......... .......... .......... .......... 78%  151M 0s
 20300K .......... .......... .......... .......... .......... 78% 99.2M 0s
 20350K .......... .......... .......... .......... .......... 78% 91.0M 0s
 20400K .......... .......... .......... .......... .......... 79%  144M 0s
 20450K .......... .......... .......... .......... .......... 79%  101M 0s
 20500K .......... .......... .......... .......... .......... 79%  151M 0s
 20550K .......... .......... .......... .......... .......... 79% 53.8M 0s
 20600K .......... .......... .......... .......... .......... 79%  134M 0s
 20650K .......... .......... .......... .......... .......... 80%  106M 0s
 20700K .......... .......... .......... .......... .......... 80%  149M 0s
 20750K .......... .......... .......... .......... .......... 80% 87.8M 0s
 20800K .......... .......... .......... .......... .......... 80%  101M 0s
 20850K .......... .......... .......... .......... .......... 80%  106M 0s
 20900K .......... .......... .......... .......... .......... 80%  118M 0s
 20950K .......... .......... .......... .......... .......... 81%  172M 0s
 21000K .......... .......... .......... .......... .......... 81%  102M 0s
 21050K .......... .......... .......... .......... .......... 81%  152M 0s
 21100K .......... .......... .......... .......... .......... 81% 77.8M 0s
 21150K .......... .......... .......... .......... .......... 81%  105M 0s
 21200K .......... .......... .......... .......... .......... 82% 98.5M 0s
 21250K .......... .......... .......... .......... .......... 82%  139M 0s
 21300K .......... .......... .......... .......... .......... 82%  104M 0s
 21350K .......... .......... .......... .......... .......... 82%  168M 0s
 21400K .......... .......... .......... .......... .......... 82%  100M 0s
 21450K .......... .......... .......... .......... .......... 83%  132M 0s
 21500K .......... .......... .......... .......... .......... 83%  103M 0s
 21550K .......... .......... .......... .......... .......... 83% 88.3M 0s
 21600K .......... .......... .......... .......... .......... 83%  141M 0s
 21650K .......... .......... .......... .......... .......... 83% 98.2M 0s
 21700K .......... .......... .......... .......... .......... 84% 78.4M 0s
 21750K .......... .......... .......... .......... .......... 84% 92.3M 0s
 21800K .......... .......... .......... .......... .......... 84%  118M 0s
 21850K .......... .......... .......... .......... .......... 84%  144M 0s
 21900K .......... .......... .......... .......... .......... 84% 66.3M 0s
 21950K .......... .......... .......... .......... .......... 85%  107M 0s
 22000K .......... .......... .......... .......... .......... 85%  110M 0s
 22050K .......... .......... .......... .......... .......... 85% 89.8M 0s
 22100K .......... .......... .......... .......... .......... 85%  136M 0s
 22150K .......... .......... .......... .......... .......... 85%  112M 0s
 22200K .......... .......... .......... .......... .......... 86%  114M 0s
 22250K .......... .......... .......... .......... .......... 86%  117M 0s
 22300K .......... .......... .......... .......... .......... 86%  142M 0s
 22350K .......... .......... .......... .......... .......... 86% 73.1M 0s
 22400K .......... .......... .......... .......... .......... 86%  127M 0s
 22450K .......... .......... .......... .......... .......... 86%  104M 0s
 22500K .......... .......... .......... .......... .......... 87% 62.9M 0s
 22550K .......... .......... .......... .......... .......... 87% 78.9M 0s
 22600K .......... .......... .......... .......... .......... 87% 50.9M 0s
 22650K .......... .......... .......... .......... .......... 87% 93.2M 0s
 22700K .......... .......... .......... .......... .......... 87% 93.2M 0s
 22750K .......... .......... .......... .......... .......... 88% 62.1M 0s
 22800K .......... .......... .......... .......... .......... 88%  106M 0s
 22850K .......... .......... .......... .......... .......... 88% 94.9M 0s
 22900K .......... .......... .......... .......... .......... 88% 79.4M 0s
 22950K .......... .......... .......... .......... .......... 88%  121M 0s
 23000K .......... .......... .......... .......... .......... 89% 78.9M 0s
 23050K .......... .......... .......... .......... .......... 89%  114M 0s
 23100K .......... .......... .......... .......... .......... 89%  160M 0s
 23150K .......... .......... .......... .......... .......... 89% 68.5M 0s
 23200K .......... .......... .......... .......... .......... 89% 99.2M 0s
 23250K .......... .......... .......... .......... .......... 90% 88.0M 0s
 23300K .......... .......... .......... .......... .......... 90%  101M 0s
 23350K .......... .......... .......... .......... .......... 90%  154M 0s
 23400K .......... .......... .......... .......... .......... 90% 72.1M 0s
 23450K .......... .......... .......... .......... .......... 90% 52.8M 0s
 23500K .......... .......... .......... .......... .......... 91% 78.7M 0s
 23550K .......... .......... .......... .......... .......... 91%  105M 0s
 23600K .......... .......... .......... .......... .......... 91%  119M 0s
 23650K .......... .......... .......... .......... .......... 91% 94.8M 0s
 23700K .......... .......... .......... .......... .......... 91%  157M 0s
 23750K .......... .......... .......... .......... .......... 92%  107M 0s
 23800K .......... .......... .......... .......... .......... 92%  103M 0s
 23850K .......... .......... .......... .......... .......... 92%  133M 0s
 23900K .......... .......... .......... .......... .......... 92%  105M 0s
 23950K .......... .......... .......... .......... .......... 92% 67.7M 0s
 24000K .......... .......... .......... .......... .......... 92%  159M 0s
 24050K .......... .......... .......... .......... .......... 93%  114M 0s
 24100K .......... .......... .......... .......... .......... 93% 93.7M 0s
 24150K .......... .......... .......... .......... .......... 93%  167M 0s
 24200K .......... .......... .......... .......... .......... 93%  111M 0s
 24250K .......... .......... .......... .......... .......... 93% 95.2M 0s
 24300K .......... .......... .......... .......... .......... 94%  132M 0s
 24350K .......... .......... .......... .......... .......... 94% 76.2M 0s
 24400K .......... .......... .......... .......... .......... 94%  114M 0s
 24450K .......... .......... .......... .......... .......... 94%  150M 0s
 24500K .......... .......... .......... .......... .......... 94% 89.4M 0s
 24550K .......... .......... .......... .......... .......... 95%  178M 0s
 24600K .......... .......... .......... .......... .......... 95%  107M 0s
 24650K .......... .......... .......... .......... .......... 95%  143M 0s
 24700K .......... .......... .......... .......... .......... 95%  104M 0s
 24750K .......... .......... .......... .......... .......... 95% 69.6M 0s
 24800K .......... .......... .......... .......... .......... 96%  139M 0s
 24850K .......... .......... .......... .......... .......... 96%  109M 0s
 24900K .......... .......... .......... .......... .......... 96%  167M 0s
 24950K .......... .......... .......... .......... .......... 96%  108M 0s
 25000K .......... .......... .......... .......... .......... 96% 97.9M 0s
 25050K .......... .......... .......... .......... .......... 97%  155M 0s
 25100K .......... .......... .......... .......... .......... 97%  108M 0s
 25150K .......... .......... .......... .......... .......... 97% 86.7M 0s
 25200K .......... .......... .......... .......... .......... 97%  110M 0s
 25250K .......... .......... .......... .......... .......... 97% 95.2M 0s
 25300K .......... .......... .......... .......... .......... 98%  153M 0s
 25350K .......... .......... .......... .......... .......... 98%  112M 0s
 25400K .......... .......... .......... .......... .......... 98% 96.6M 0s
 25450K .......... .......... .......... .......... .......... 98% 96.4M 0s
 25500K .......... .......... .......... .......... .......... 98%  142M 0s
 25550K .......... .......... .......... .......... .......... 98% 1.15M 0s
 25600K .......... .......... .......... .......... .......... 99%  116M 0s
 25650K .......... .......... .......... .......... .......... 99%  121M 0s
 25700K .......... .......... .......... .......... .......... 99%  116M 0s
 25750K .......... .......... .......... .......... .......... 99%  118M 0s
 25800K .......... .......... .......... .......... .......... 99% 91.7M 0s
 25850K .......... ......                                     100%  258M=1.9s

2026-02-22 08:41:47 (13.6 MB/s) - ‘vlc-3.0.23.tar.xz’ saved [26486988/26486988]

--2026-02-22 08:41:47--  https://www.linuxfromscratch.org/patches/blfs/svn/vlc-3.0.21-taglib-1.patch
Resolving www.linuxfromscratch.org (www.linuxfromscratch.org)... 208.118.68.85
Connecting to www.linuxfromscratch.org (www.linuxfromscratch.org)|208.118.68.85|:443... connected.
HTTP request sent, awaiting response... 404 Not Found
2026-02-22 08:41:48 ERROR 404: Not Found.

