--2026-03-30 12:42:11--  https://github.com/Mic92/iana-etc/releases/download/20260327/iana-etc-20260327.tar.gz
Resolving github.com (github.com)... 140.82.114.4
Connecting to github.com (github.com)|140.82.114.4|:443... connected.
HTTP request sent, awaiting response... 302 Found
Location: https://release-assets.githubusercontent.com/github-production-release-asset/84966990/132e5f02-e225-425d-bb0d-c738fdba4b87?sp=r&sv=2018-11-09&sr=b&spr=https&se=2026-03-30T13%3A34%3A15Z&rscd=attachment%3B+filename%3Diana-etc-20260327.tar.gz&rsct=application%2Foctet-stream&skoid=96c2d410-5711-43a1-aedd-ab1947aa7ab0&sktid=398a6654-997b-47e9-b12b-9515b896b4de&skt=2026-03-30T12%3A33%3A47Z&ske=2026-03-30T13%3A34%3A15Z&sks=b&skv=2018-11-09&sig=xo0JCpRdBSJwqHigzDsjRIf2RI28bgH8sR70MIN6Gsw%3D&jwt=eyJ0eXAiOiJKV1QiLCJhbGciOiJIUzI1NiJ9.eyJpc3MiOiJnaXRodWIuY29tIiwiYXVkIjoicmVsZWFzZS1hc3NldHMuZ2l0aHVidXNlcmNvbnRlbnQuY29tIiwia2V5Ijoia2V5MSIsImV4cCI6MTc3NDg3NDgzMSwibmJmIjoxNzc0ODc0NTMxLCJwYXRoIjoicmVsZWFzZWFzc2V0cHJvZHVjdGlvbi5ibG9iLmNvcmUud2luZG93cy5uZXQifQ.MdKIX59BZb_ed3sDtF1VeYJ76p6yiQc9eMrDHj9CuVA&response-content-disposition=attachment%3B%20filename%3Diana-etc-20260327.tar.gz&response-content-type=application%2Foctet-stream [following]
--2026-03-30 12:42:11--  https://release-assets.githubusercontent.com/github-production-release-asset/84966990/132e5f02-e225-425d-bb0d-c738fdba4b87?sp=r&sv=2018-11-09&sr=b&spr=https&se=2026-03-30T13%3A34%3A15Z&rscd=attachment%3B+filename%3Diana-etc-20260327.tar.gz&rsct=application%2Foctet-stream&skoid=96c2d410-5711-43a1-aedd-ab1947aa7ab0&sktid=398a6654-997b-47e9-b12b-9515b896b4de&skt=2026-03-30T12%3A33%3A47Z&ske=2026-03-30T13%3A34%3A15Z&sks=b&skv=2018-11-09&sig=xo0JCpRdBSJwqHigzDsjRIf2RI28bgH8sR70MIN6Gsw%3D&jwt=eyJ0eXAiOiJKV1QiLCJhbGciOiJIUzI1NiJ9.eyJpc3MiOiJnaXRodWIuY29tIiwiYXVkIjoicmVsZWFzZS1hc3NldHMuZ2l0aHVidXNlcmNvbnRlbnQuY29tIiwia2V5Ijoia2V5MSIsImV4cCI6MTc3NDg3NDgzMSwibmJmIjoxNzc0ODc0NTMxLCJwYXRoIjoicmVsZWFzZWFzc2V0cHJvZHVjdGlvbi5ibG9iLmNvcmUud2luZG93cy5uZXQifQ.MdKIX59BZb_ed3sDtF1VeYJ76p6yiQc9eMrDHj9CuVA&response-content-disposition=attachment%3B%20filename%3Diana-etc-20260327.tar.gz&response-content-type=application%2Foctet-stream
Resolving release-assets.githubusercontent.com (release-assets.githubusercontent.com)... 185.199.110.133, 185.199.108.133, 185.199.109.133, ...
Connecting to release-assets.githubusercontent.com (release-assets.githubusercontent.com)|185.199.110.133|:443... connected.
HTTP request sent, awaiting response... 200 OK
Length: 608664 (594K) [application/octet-stream]
Saving to: ‘iana-etc-20260327.tar.gz’

     0K .......... .......... .......... .......... ..........  8% 6.02M 0s
    50K .......... .......... .......... .......... .......... 16% 16.5M 0s
   100K .......... .......... .......... .......... .......... 25% 12.3M 0s
   150K .......... .......... .......... .......... .......... 33% 69.4M 0s
   200K .......... .......... .......... .......... .......... 42% 73.5M 0s
   250K .......... .......... .......... .......... .......... 50% 18.3M 0s
   300K .......... .......... .......... .......... .......... 58%  117M 0s
   350K .......... .......... .......... .......... .......... 67% 13.3M 0s
   400K .......... .......... .......... .......... .......... 75%  118M 0s
   450K .......... .......... .......... .......... .......... 84%  118M 0s
   500K .......... .......... .......... .......... .......... 92%  117M 0s
   550K .......... .......... .......... .......... ....      100%  124M=0.02s

2026-03-30 12:42:11 (23.4 MB/s) - ‘iana-etc-20260327.tar.gz’ saved [608664/608664]

iana-etc-20260327/service-names-port-numbers.xml
iana-etc-20260327/services
iana-etc-20260327/protocol-numbers.xml
iana-etc-20260327/protocols
iana-etc/
iana-etc/etc/
iana-etc/etc/protocols
iana-etc/etc/services
iana-etc/version
iana-etc/depends
iana-etc/make-depends
