--2026-03-30 13:19:10--  https://files.pythonhosted.org/packages/source/s/setuptools_rust/setuptools_rust-1.12.1.tar.gz
Resolving files.pythonhosted.org (files.pythonhosted.org)... 151.101.192.223, 151.101.64.223, 151.101.0.223, ...
Connecting to files.pythonhosted.org (files.pythonhosted.org)|151.101.192.223|:443... connected.
HTTP request sent, awaiting response... 302 Found
Location: https://files.pythonhosted.org/packages/0c/11/736cfe4ec795dbce001ebdcef5cab03de1727041c805c3a45c1bda9f54a1/setuptools_rust-1.12.1.tar.gz [following]
--2026-03-30 13:19:10--  https://files.pythonhosted.org/packages/0c/11/736cfe4ec795dbce001ebdcef5cab03de1727041c805c3a45c1bda9f54a1/setuptools_rust-1.12.1.tar.gz
Reusing existing connection to files.pythonhosted.org:443.
HTTP request sent, awaiting response... 200 OK
Length: 310852 (304K) [application/octet-stream]
Saving to: ‘setuptools_rust-1.12.1.tar.gz’

     0K .......... .......... .......... .......... .......... 16% 6.44M 0s
    50K .......... .......... .......... .......... .......... 32% 6.70M 0s
   100K .......... .......... .......... .......... .......... 49% 35.6M 0s
   150K .......... .......... .......... .......... .......... 65% 7.36M 0s
   200K .......... .......... .......... .......... .......... 82% 35.3M 0s
   250K .......... .......... .......... .......... .......... 98% 14.2M 0s
   300K ...                                                   100% 13.5M=0.03s

2026-03-30 13:19:10 (10.6 MB/s) - ‘setuptools_rust-1.12.1.tar.gz’ saved [310852/310852]

setuptools_rust-1.12.1/
setuptools_rust-1.12.1/.bumpversion.cfg
setuptools_rust-1.12.1/.gitattributes
setuptools_rust-1.12.1/.github/
setuptools_rust-1.12.1/.github/dependabot.yml
setuptools_rust-1.12.1/.github/workflows/
setuptools_rust-1.12.1/.github/workflows/ci.yml
setuptools_rust-1.12.1/.github/workflows/release.yml
setuptools_rust-1.12.1/.gitignore
setuptools_rust-1.12.1/.readthedocs.yaml
setuptools_rust-1.12.1/CHANGELOG.md
setuptools_rust-1.12.1/LICENSE
setuptools_rust-1.12.1/MANIFEST.in
setuptools_rust-1.12.1/PKG-INFO
setuptools_rust-1.12.1/README.md
setuptools_rust-1.12.1/docs/
setuptools_rust-1.12.1/docs/Makefile
setuptools_rust-1.12.1/docs/README.md
setuptools_rust-1.12.1/docs/building_wheels.md
setuptools_rust-1.12.1/docs/conf.py
setuptools_rust-1.12.1/docs/index.md
setuptools_rust-1.12.1/docs/make.bat
setuptools_rust-1.12.1/docs/reference.rst
setuptools_rust-1.12.1/docs/requirements.txt
setuptools_rust-1.12.1/docs/setuppy_tutorial.md
setuptools_rust-1.12.1/emscripten/
setuptools_rust-1.12.1/emscripten/.gitignore
setuptools_rust-1.12.1/emscripten/.ruff.toml
setuptools_rust-1.12.1/emscripten/_sysconfigdata__emscripten_wasm32-emscripten.py
setuptools_rust-1.12.1/emscripten/emcc_wrapper.py
setuptools_rust-1.12.1/emscripten/get_emscripten_version.js
setuptools_rust-1.12.1/emscripten/get_python_version.js
setuptools_rust-1.12.1/emscripten/package-lock.json
setuptools_rust-1.12.1/emscripten/package.json
setuptools_rust-1.12.1/emscripten/runner.js
setuptools_rust-1.12.1/examples/
setuptools_rust-1.12.1/examples/hello-world/
setuptools_rust-1.12.1/examples/hello-world/Cargo.lock
setuptools_rust-1.12.1/examples/hello-world/Cargo.toml
setuptools_rust-1.12.1/examples/hello-world/MANIFEST.in
setuptools_rust-1.12.1/examples/hello-world/noxfile.py
setuptools_rust-1.12.1/examples/hello-world/pyproject.toml
setuptools_rust-1.12.1/examples/hello-world/python/
setuptools_rust-1.12.1/examples/hello-world/python/hello_world/
setuptools_rust-1.12.1/examples/hello-world/python/hello_world/__init__.py
setuptools_rust-1.12.1/examples/hello-world/python/hello_world/sum_cli.py
setuptools_rust-1.12.1/examples/hello-world/rust/
setuptools_rust-1.12.1/examples/hello-world/rust/lib.rs
setuptools_rust-1.12.1/examples/hello-world/rust/print_hello.rs
setuptools_rust-1.12.1/examples/hello-world/tests/
setuptools_rust-1.12.1/examples/hello-world/tests/test_hello_world.py
setuptools_rust-1.12.1/examples/hello-world-script/
setuptools_rust-1.12.1/examples/hello-world-script/Cargo.lock
setuptools_rust-1.12.1/examples/hello-world-script/Cargo.toml
setuptools_rust-1.12.1/examples/hello-world-script/MANIFEST.in
setuptools_rust-1.12.1/examples/hello-world-script/noxfile.py
setuptools_rust-1.12.1/examples/hello-world-script/pyproject.toml
setuptools_rust-1.12.1/examples/hello-world-script/pytest.ini
setuptools_rust-1.12.1/examples/hello-world-script/python/
setuptools_rust-1.12.1/examples/hello-world-script/python/hello_world/
setuptools_rust-1.12.1/examples/hello-world-script/python/hello_world/__init__.py
setuptools_rust-1.12.1/examples/hello-world-script/rust/
setuptools_rust-1.12.1/examples/hello-world-script/rust/main.rs
setuptools_rust-1.12.1/examples/hello-world-setuppy/
setuptools_rust-1.12.1/examples/hello-world-setuppy/Cargo.lock
setuptools_rust-1.12.1/examples/hello-world-setuppy/Cargo.toml
setuptools_rust-1.12.1/examples/hello-world-setuppy/MANIFEST.in
setuptools_rust-1.12.1/examples/hello-world-setuppy/noxfile.py
setuptools_rust-1.12.1/examples/hello-world-setuppy/pyproject.toml
setuptools_rust-1.12.1/examples/hello-world-setuppy/pytest.ini
setuptools_rust-1.12.1/examples/hello-world-setuppy/python/
setuptools_rust-1.12.1/examples/hello-world-setuppy/python/hello_world/
setuptools_rust-1.12.1/examples/hello-world-setuppy/python/hello_world/__init__.py
setuptools_rust-1.12.1/examples/hello-world-setuppy/rust/
setuptools_rust-1.12.1/examples/hello-world-setuppy/rust/lib.rs
setuptools_rust-1.12.1/examples/hello-world-setuppy/setup.py
setuptools_rust-1.12.1/examples/html-py-ever/
setuptools_rust-1.12.1/examples/html-py-ever/.github/
setuptools_rust-1.12.1/examples/html-py-ever/.github/workflows/
setuptools_rust-1.12.1/examples/html-py-ever/.github/workflows/upload.yml
setuptools_rust-1.12.1/examples/html-py-ever/Cargo.lock
setuptools_rust-1.12.1/examples/html-py-ever/Cargo.toml
setuptools_rust-1.12.1/examples/html-py-ever/MANIFEST.in
setuptools_rust-1.12.1/examples/html-py-ever/README.md
setuptools_rust-1.12.1/examples/html-py-ever/build-wheels.sh
setuptools_rust-1.12.1/examples/html-py-ever/noxfile.py
setuptools_rust-1.12.1/examples/html-py-ever/pyproject.toml
setuptools_rust-1.12.1/examples/html-py-ever/python/
setuptools_rust-1.12.1/examples/html-py-ever/python/html_py_ever/
setuptools_rust-1.12.1/examples/html-py-ever/python/html_py_ever/__init__.py
setuptools_rust-1.12.1/examples/html-py-ever/requirements.txt
setuptools_rust-1.12.1/examples/html-py-ever/rust/
setuptools_rust-1.12.1/examples/html-py-ever/rust/lib.rs
setuptools_rust-1.12.1/examples/html-py-ever/rust/main.rs
setuptools_rust-1.12.1/examples/html-py-ever/tests/
setuptools_rust-1.12.1/examples/html-py-ever/tests/conftest.py
setuptools_rust-1.12.1/examples/html-py-ever/tests/empty.html
setuptools_rust-1.12.1/examples/html-py-ever/tests/monty-python.html
setuptools_rust-1.12.1/examples/html-py-ever/tests/python.html
setuptools_rust-1.12.1/examples/html-py-ever/tests/run_all.py
setuptools_rust-1.12.1/examples/html-py-ever/tests/rust.html
setuptools_rust-1.12.1/examples/html-py-ever/tests/small.html
setuptools_rust-1.12.1/examples/html-py-ever/tests/test_parsing.py
setuptools_rust-1.12.1/examples/html-py-ever/tests/test_selector.py
setuptools_rust-1.12.1/examples/namespace_package/
setuptools_rust-1.12.1/examples/namespace_package/.cargo/
setuptools_rust-1.12.1/examples/namespace_package/.cargo/config.toml
setuptools_rust-1.12.1/examples/namespace_package/Cargo.lock
setuptools_rust-1.12.1/examples/namespace_package/Cargo.toml
setuptools_rust-1.12.1/examples/namespace_package/Cross.toml
setuptools_rust-1.12.1/examples/namespace_package/Dockerfile
setuptools_rust-1.12.1/examples/namespace_package/MANIFEST.in
setuptools_rust-1.12.1/examples/namespace_package/noxfile.py
setuptools_rust-1.12.1/examples/namespace_package/pyproject.toml
setuptools_rust-1.12.1/examples/namespace_package/python/
setuptools_rust-1.12.1/examples/namespace_package/python/namespace_package/
setuptools_rust-1.12.1/examples/namespace_package/python/namespace_package/python/
setuptools_rust-1.12.1/examples/namespace_package/python/namespace_package/python/__init__.py
setuptools_rust-1.12.1/examples/namespace_package/rust/
setuptools_rust-1.12.1/examples/namespace_package/rust/lib.rs
setuptools_rust-1.12.1/examples/namespace_package/tests/
setuptools_rust-1.12.1/examples/namespace_package/tests/test_namespace_package.py
setuptools_rust-1.12.1/examples/rust_with_cffi/
setuptools_rust-1.12.1/examples/rust_with_cffi/Cargo.lock
setuptools_rust-1.12.1/examples/rust_with_cffi/Cargo.toml
setuptools_rust-1.12.1/examples/rust_with_cffi/MANIFEST.in
setuptools_rust-1.12.1/examples/rust_with_cffi/cffi_module.py
setuptools_rust-1.12.1/examples/rust_with_cffi/noxfile.py
setuptools_rust-1.12.1/examples/rust_with_cffi/pyproject.toml
setuptools_rust-1.12.1/examples/rust_with_cffi/pytest.ini
setuptools_rust-1.12.1/examples/rust_with_cffi/python/
setuptools_rust-1.12.1/examples/rust_with_cffi/python/rust_with_cffi/
setuptools_rust-1.12.1/examples/rust_with_cffi/python/rust_with_cffi/__init__.py
setuptools_rust-1.12.1/examples/rust_with_cffi/rust/
setuptools_rust-1.12.1/examples/rust_with_cffi/rust/lib.rs
setuptools_rust-1.12.1/examples/rust_with_cffi/setup.py
setuptools_rust-1.12.1/examples/rust_with_cffi/tests/
setuptools_rust-1.12.1/examples/rust_with_cffi/tests/test_rust_with_cffi.py
setuptools_rust-1.12.1/mypy.ini
setuptools_rust-1.12.1/noxfile.py
setuptools_rust-1.12.1/pyproject.toml
setuptools_rust-1.12.1/setup.cfg
setuptools_rust-1.12.1/setuptools_rust/
setuptools_rust-1.12.1/setuptools_rust/__init__.py
setuptools_rust-1.12.1/setuptools_rust/_utils.py
setuptools_rust-1.12.1/setuptools_rust/build.py
setuptools_rust-1.12.1/setuptools_rust/clean.py
setuptools_rust-1.12.1/setuptools_rust/command.py
setuptools_rust-1.12.1/setuptools_rust/extension.py
setuptools_rust-1.12.1/setuptools_rust/py.typed
setuptools_rust-1.12.1/setuptools_rust/rustc_info.py
setuptools_rust-1.12.1/setuptools_rust/setuptools_ext.py
setuptools_rust-1.12.1/setuptools_rust/version.py
setuptools_rust-1.12.1/setuptools_rust.egg-info/
setuptools_rust-1.12.1/setuptools_rust.egg-info/PKG-INFO
setuptools_rust-1.12.1/setuptools_rust.egg-info/SOURCES.txt
setuptools_rust-1.12.1/setuptools_rust.egg-info/dependency_links.txt
setuptools_rust-1.12.1/setuptools_rust.egg-info/entry_points.txt
setuptools_rust-1.12.1/setuptools_rust.egg-info/requires.txt
setuptools_rust-1.12.1/setuptools_rust.egg-info/top_level.txt
setuptools_rust-1.12.1/setuptools_rust.egg-info/zip-safe
setuptools_rust-1.12.1/tests/
setuptools_rust-1.12.1/tests/test_build.py
setuptools_rust-1.12.1/tests/test_extension.py
* Creating isolated environment: venv+pip...
* Installing packages in isolated environment:
  - setuptools>=62.4
  - setuptools_scm
* Getting build dependencies for wheel...
toml section missing PosixPath('pyproject.toml') does not contain any of the tool sections: ['setuptools_scm', 'vcs-versioning']
/tmp/build-env-6dy0ja8y/lib/python3.14/site-packages/setuptools/config/_apply_pyprojecttoml.py:61: SetuptoolsDeprecationWarning: License classifiers are deprecated.
!!

        ********************************************************************************
        Please consider removing the following classifiers in favor of a SPDX license expression:

        License :: OSI Approved :: MIT License

        See https://packaging.python.org/en/latest/guides/writing-pyproject-toml/#license for details.
        ********************************************************************************

!!
  dist._finalize_license_expression()
/tmp/build-env-6dy0ja8y/lib/python3.14/site-packages/setuptools/dist.py:765: SetuptoolsDeprecationWarning: License classifiers are deprecated.
!!

        ********************************************************************************
        Please consider removing the following classifiers in favor of a SPDX license expression:

        License :: OSI Approved :: MIT License

        See https://packaging.python.org/en/latest/guides/writing-pyproject-toml/#license for details.
        ********************************************************************************

!!
  self._finalize_license_expression()
running egg_info
writing setuptools_rust.egg-info/PKG-INFO
writing dependency_links to setuptools_rust.egg-info/dependency_links.txt
writing entry points to setuptools_rust.egg-info/entry_points.txt
writing requirements to setuptools_rust.egg-info/requires.txt
writing top-level names to setuptools_rust.egg-info/top_level.txt
/tmp/build-env-6dy0ja8y/lib/python3.14/site-packages/vcs_versioning/overrides.py:609: UserWarning: No GlobalOverrides context is active. Auto-creating one with SETUPTOOLS_SCM prefix for backwards compatibility. Consider using 'with GlobalOverrides.from_env("YOUR_TOOL"):' explicitly.
  return get_active_overrides().subprocess_timeout
listing git files failed - pretending there aren't any
reading manifest file 'setuptools_rust.egg-info/SOURCES.txt'
reading manifest template 'MANIFEST.in'
adding license file 'LICENSE'
writing manifest file 'setuptools_rust.egg-info/SOURCES.txt'
* Building wheel...
toml section missing PosixPath('pyproject.toml') does not contain any of the tool sections: ['setuptools_scm', 'vcs-versioning']
/tmp/build-env-6dy0ja8y/lib/python3.14/site-packages/setuptools/config/_apply_pyprojecttoml.py:61: SetuptoolsDeprecationWarning: License classifiers are deprecated.
!!

        ********************************************************************************
        Please consider removing the following classifiers in favor of a SPDX license expression:

        License :: OSI Approved :: MIT License

        See https://packaging.python.org/en/latest/guides/writing-pyproject-toml/#license for details.
        ********************************************************************************

!!
  dist._finalize_license_expression()
/tmp/build-env-6dy0ja8y/lib/python3.14/site-packages/setuptools/dist.py:765: SetuptoolsDeprecationWarning: License classifiers are deprecated.
!!

        ********************************************************************************
        Please consider removing the following classifiers in favor of a SPDX license expression:

        License :: OSI Approved :: MIT License

        See https://packaging.python.org/en/latest/guides/writing-pyproject-toml/#license for details.
        ********************************************************************************

!!
  self._finalize_license_expression()
running bdist_wheel
running build
running build_py
creating build/lib/setuptools_rust
copying setuptools_rust/extension.py -> build/lib/setuptools_rust
copying setuptools_rust/clean.py -> build/lib/setuptools_rust
copying setuptools_rust/rustc_info.py -> build/lib/setuptools_rust
copying setuptools_rust/__init__.py -> build/lib/setuptools_rust
copying setuptools_rust/command.py -> build/lib/setuptools_rust
copying setuptools_rust/setuptools_ext.py -> build/lib/setuptools_rust
copying setuptools_rust/_utils.py -> build/lib/setuptools_rust
copying setuptools_rust/build.py -> build/lib/setuptools_rust
copying setuptools_rust/version.py -> build/lib/setuptools_rust
running egg_info
writing setuptools_rust.egg-info/PKG-INFO
writing dependency_links to setuptools_rust.egg-info/dependency_links.txt
writing entry points to setuptools_rust.egg-info/entry_points.txt
writing requirements to setuptools_rust.egg-info/requires.txt
writing top-level names to setuptools_rust.egg-info/top_level.txt
/tmp/build-env-6dy0ja8y/lib/python3.14/site-packages/vcs_versioning/overrides.py:609: UserWarning: No GlobalOverrides context is active. Auto-creating one with SETUPTOOLS_SCM prefix for backwards compatibility. Consider using 'with GlobalOverrides.from_env("YOUR_TOOL"):' explicitly.
  return get_active_overrides().subprocess_timeout
listing git files failed - pretending there aren't any
reading manifest file 'setuptools_rust.egg-info/SOURCES.txt'
reading manifest template 'MANIFEST.in'
adding license file 'LICENSE'
writing manifest file 'setuptools_rust.egg-info/SOURCES.txt'
copying setuptools_rust/py.typed -> build/lib/setuptools_rust
installing to build/bdist.linux-x86_64/wheel
running install
running install_lib
creating build/bdist.linux-x86_64/wheel
creating build/bdist.linux-x86_64/wheel/setuptools_rust
copying build/lib/setuptools_rust/extension.py -> build/bdist.linux-x86_64/wheel/./setuptools_rust
copying build/lib/setuptools_rust/clean.py -> build/bdist.linux-x86_64/wheel/./setuptools_rust
copying build/lib/setuptools_rust/rustc_info.py -> build/bdist.linux-x86_64/wheel/./setuptools_rust
copying build/lib/setuptools_rust/__init__.py -> build/bdist.linux-x86_64/wheel/./setuptools_rust
copying build/lib/setuptools_rust/command.py -> build/bdist.linux-x86_64/wheel/./setuptools_rust
copying build/lib/setuptools_rust/setuptools_ext.py -> build/bdist.linux-x86_64/wheel/./setuptools_rust
copying build/lib/setuptools_rust/_utils.py -> build/bdist.linux-x86_64/wheel/./setuptools_rust
copying build/lib/setuptools_rust/build.py -> build/bdist.linux-x86_64/wheel/./setuptools_rust
copying build/lib/setuptools_rust/py.typed -> build/bdist.linux-x86_64/wheel/./setuptools_rust
copying build/lib/setuptools_rust/version.py -> build/bdist.linux-x86_64/wheel/./setuptools_rust
running install_egg_info
Copying setuptools_rust.egg-info to build/bdist.linux-x86_64/wheel/./setuptools_rust-1.12.1-py3.14.egg-info
running install_scripts
creating build/bdist.linux-x86_64/wheel/setuptools_rust-1.12.1.dist-info/WHEEL
creating '/blfs/builds/setuptools_rust-1.12.1/dist/.tmp-1t66b7yy/setuptools_rust-1.12.1-py3-none-any.whl' and adding 'build/bdist.linux-x86_64/wheel' to it
adding 'setuptools_rust/__init__.py'
adding 'setuptools_rust/_utils.py'
adding 'setuptools_rust/build.py'
adding 'setuptools_rust/clean.py'
adding 'setuptools_rust/command.py'
adding 'setuptools_rust/extension.py'
adding 'setuptools_rust/py.typed'
adding 'setuptools_rust/rustc_info.py'
adding 'setuptools_rust/setuptools_ext.py'
adding 'setuptools_rust/version.py'
adding 'setuptools_rust-1.12.1.dist-info/licenses/LICENSE'
adding 'setuptools_rust-1.12.1.dist-info/METADATA'
adding 'setuptools_rust-1.12.1.dist-info/WHEEL'
adding 'setuptools_rust-1.12.1.dist-info/entry_points.txt'
adding 'setuptools_rust-1.12.1.dist-info/top_level.txt'
adding 'setuptools_rust-1.12.1.dist-info/zip-safe'
adding 'setuptools_rust-1.12.1.dist-info/RECORD'
removing build/bdist.linux-x86_64/wheel
Successfully built setuptools_rust-1.12.1-py3-none-any.whl
'/pkgs/setuptools-rust/usr/lib/python3.14/site-packages/setuptools_rust/__init__.py' -> '/usr/lib/python3.14/site-packages/setuptools_rust/__init__.py'
'/pkgs/setuptools-rust/usr/lib/python3.14/site-packages/setuptools_rust/_utils.py' -> '/usr/lib/python3.14/site-packages/setuptools_rust/_utils.py'
'/pkgs/setuptools-rust/usr/lib/python3.14/site-packages/setuptools_rust/build.py' -> '/usr/lib/python3.14/site-packages/setuptools_rust/build.py'
'/pkgs/setuptools-rust/usr/lib/python3.14/site-packages/setuptools_rust/clean.py' -> '/usr/lib/python3.14/site-packages/setuptools_rust/clean.py'
'/pkgs/setuptools-rust/usr/lib/python3.14/site-packages/setuptools_rust/command.py' -> '/usr/lib/python3.14/site-packages/setuptools_rust/command.py'
'/pkgs/setuptools-rust/usr/lib/python3.14/site-packages/setuptools_rust/extension.py' -> '/usr/lib/python3.14/site-packages/setuptools_rust/extension.py'
'/pkgs/setuptools-rust/usr/lib/python3.14/site-packages/setuptools_rust/py.typed' -> '/usr/lib/python3.14/site-packages/setuptools_rust/py.typed'
'/pkgs/setuptools-rust/usr/lib/python3.14/site-packages/setuptools_rust/rustc_info.py' -> '/usr/lib/python3.14/site-packages/setuptools_rust/rustc_info.py'
'/pkgs/setuptools-rust/usr/lib/python3.14/site-packages/setuptools_rust/setuptools_ext.py' -> '/usr/lib/python3.14/site-packages/setuptools_rust/setuptools_ext.py'
'/pkgs/setuptools-rust/usr/lib/python3.14/site-packages/setuptools_rust/version.py' -> '/usr/lib/python3.14/site-packages/setuptools_rust/version.py'
'/pkgs/setuptools-rust/usr/lib/python3.14/site-packages/setuptools_rust/__pycache__/__init__.cpython-314.pyc' -> '/usr/lib/python3.14/site-packages/setuptools_rust/__pycache__/__init__.cpython-314.pyc'
'/pkgs/setuptools-rust/usr/lib/python3.14/site-packages/setuptools_rust/__pycache__/__init__.cpython-314.opt-1.pyc' -> '/usr/lib/python3.14/site-packages/setuptools_rust/__pycache__/__init__.cpython-314.opt-1.pyc'
'/pkgs/setuptools-rust/usr/lib/python3.14/site-packages/setuptools_rust/__pycache__/_utils.cpython-314.pyc' -> '/usr/lib/python3.14/site-packages/setuptools_rust/__pycache__/_utils.cpython-314.pyc'
'/pkgs/setuptools-rust/usr/lib/python3.14/site-packages/setuptools_rust/__pycache__/_utils.cpython-314.opt-1.pyc' -> '/usr/lib/python3.14/site-packages/setuptools_rust/__pycache__/_utils.cpython-314.opt-1.pyc'
'/pkgs/setuptools-rust/usr/lib/python3.14/site-packages/setuptools_rust/__pycache__/build.cpython-314.pyc' -> '/usr/lib/python3.14/site-packages/setuptools_rust/__pycache__/build.cpython-314.pyc'
'/pkgs/setuptools-rust/usr/lib/python3.14/site-packages/setuptools_rust/__pycache__/build.cpython-314.opt-1.pyc' -> '/usr/lib/python3.14/site-packages/setuptools_rust/__pycache__/build.cpython-314.opt-1.pyc'
'/pkgs/setuptools-rust/usr/lib/python3.14/site-packages/setuptools_rust/__pycache__/clean.cpython-314.pyc' -> '/usr/lib/python3.14/site-packages/setuptools_rust/__pycache__/clean.cpython-314.pyc'
'/pkgs/setuptools-rust/usr/lib/python3.14/site-packages/setuptools_rust/__pycache__/clean.cpython-314.opt-1.pyc' -> '/usr/lib/python3.14/site-packages/setuptools_rust/__pycache__/clean.cpython-314.opt-1.pyc'
'/pkgs/setuptools-rust/usr/lib/python3.14/site-packages/setuptools_rust/__pycache__/command.cpython-314.pyc' -> '/usr/lib/python3.14/site-packages/setuptools_rust/__pycache__/command.cpython-314.pyc'
'/pkgs/setuptools-rust/usr/lib/python3.14/site-packages/setuptools_rust/__pycache__/command.cpython-314.opt-1.pyc' -> '/usr/lib/python3.14/site-packages/setuptools_rust/__pycache__/command.cpython-314.opt-1.pyc'
'/pkgs/setuptools-rust/usr/lib/python3.14/site-packages/setuptools_rust/__pycache__/extension.cpython-314.pyc' -> '/usr/lib/python3.14/site-packages/setuptools_rust/__pycache__/extension.cpython-314.pyc'
'/pkgs/setuptools-rust/usr/lib/python3.14/site-packages/setuptools_rust/__pycache__/extension.cpython-314.opt-1.pyc' -> '/usr/lib/python3.14/site-packages/setuptools_rust/__pycache__/extension.cpython-314.opt-1.pyc'
'/pkgs/setuptools-rust/usr/lib/python3.14/site-packages/setuptools_rust/__pycache__/rustc_info.cpython-314.pyc' -> '/usr/lib/python3.14/site-packages/setuptools_rust/__pycache__/rustc_info.cpython-314.pyc'
'/pkgs/setuptools-rust/usr/lib/python3.14/site-packages/setuptools_rust/__pycache__/rustc_info.cpython-314.opt-1.pyc' -> '/usr/lib/python3.14/site-packages/setuptools_rust/__pycache__/rustc_info.cpython-314.opt-1.pyc'
'/pkgs/setuptools-rust/usr/lib/python3.14/site-packages/setuptools_rust/__pycache__/setuptools_ext.cpython-314.pyc' -> '/usr/lib/python3.14/site-packages/setuptools_rust/__pycache__/setuptools_ext.cpython-314.pyc'
'/pkgs/setuptools-rust/usr/lib/python3.14/site-packages/setuptools_rust/__pycache__/setuptools_ext.cpython-314.opt-1.pyc' -> '/usr/lib/python3.14/site-packages/setuptools_rust/__pycache__/setuptools_ext.cpython-314.opt-1.pyc'
'/pkgs/setuptools-rust/usr/lib/python3.14/site-packages/setuptools_rust/__pycache__/version.cpython-314.pyc' -> '/usr/lib/python3.14/site-packages/setuptools_rust/__pycache__/version.cpython-314.pyc'
'/pkgs/setuptools-rust/usr/lib/python3.14/site-packages/setuptools_rust/__pycache__/version.cpython-314.opt-1.pyc' -> '/usr/lib/python3.14/site-packages/setuptools_rust/__pycache__/version.cpython-314.opt-1.pyc'
'/pkgs/setuptools-rust/usr/lib/python3.14/site-packages/setuptools_rust-1.12.1.dist-info' -> '/usr/lib/python3.14/site-packages/setuptools_rust-1.12.1.dist-info'
'/pkgs/setuptools-rust/usr/lib/python3.14/site-packages/setuptools_rust-1.12.1.dist-info/licenses' -> '/usr/lib/python3.14/site-packages/setuptools_rust-1.12.1.dist-info/licenses'
'/pkgs/setuptools-rust/usr/lib/python3.14/site-packages/setuptools_rust-1.12.1.dist-info/licenses/LICENSE' -> '/usr/lib/python3.14/site-packages/setuptools_rust-1.12.1.dist-info/licenses/LICENSE'
'/pkgs/setuptools-rust/usr/lib/python3.14/site-packages/setuptools_rust-1.12.1.dist-info/METADATA' -> '/usr/lib/python3.14/site-packages/setuptools_rust-1.12.1.dist-info/METADATA'
'/pkgs/setuptools-rust/usr/lib/python3.14/site-packages/setuptools_rust-1.12.1.dist-info/WHEEL' -> '/usr/lib/python3.14/site-packages/setuptools_rust-1.12.1.dist-info/WHEEL'
'/pkgs/setuptools-rust/usr/lib/python3.14/site-packages/setuptools_rust-1.12.1.dist-info/entry_points.txt' -> '/usr/lib/python3.14/site-packages/setuptools_rust-1.12.1.dist-info/entry_points.txt'
'/pkgs/setuptools-rust/usr/lib/python3.14/site-packages/setuptools_rust-1.12.1.dist-info/top_level.txt' -> '/usr/lib/python3.14/site-packages/setuptools_rust-1.12.1.dist-info/top_level.txt'
'/pkgs/setuptools-rust/usr/lib/python3.14/site-packages/setuptools_rust-1.12.1.dist-info/zip-safe' -> '/usr/lib/python3.14/site-packages/setuptools_rust-1.12.1.dist-info/zip-safe'
'/pkgs/setuptools-rust/usr/lib/python3.14/site-packages/setuptools_rust-1.12.1.dist-info/RECORD' -> '/usr/lib/python3.14/site-packages/setuptools_rust-1.12.1.dist-info/RECORD'
setuptools-rust/
setuptools-rust/usr/
setuptools-rust/usr/lib/
setuptools-rust/usr/lib/python3.14/
setuptools-rust/usr/lib/python3.14/site-packages/
setuptools-rust/usr/lib/python3.14/site-packages/setuptools_rust/
setuptools-rust/usr/lib/python3.14/site-packages/setuptools_rust/__pycache__/
setuptools-rust/usr/lib/python3.14/site-packages/setuptools_rust/__pycache__/version.cpython-314.opt-1.pyc
setuptools-rust/usr/lib/python3.14/site-packages/setuptools_rust/__pycache__/_utils.cpython-314.pyc
setuptools-rust/usr/lib/python3.14/site-packages/setuptools_rust/__pycache__/clean.cpython-314.opt-1.pyc
setuptools-rust/usr/lib/python3.14/site-packages/setuptools_rust/__pycache__/rustc_info.cpython-314.opt-1.pyc
setuptools-rust/usr/lib/python3.14/site-packages/setuptools_rust/__pycache__/command.cpython-314.opt-1.pyc
setuptools-rust/usr/lib/python3.14/site-packages/setuptools_rust/__pycache__/extension.cpython-314.opt-1.pyc
setuptools-rust/usr/lib/python3.14/site-packages/setuptools_rust/__pycache__/__init__.cpython-314.opt-1.pyc
setuptools-rust/usr/lib/python3.14/site-packages/setuptools_rust/__pycache__/setuptools_ext.cpython-314.opt-1.pyc
setuptools-rust/usr/lib/python3.14/site-packages/setuptools_rust/__pycache__/extension.cpython-314.pyc
setuptools-rust/usr/lib/python3.14/site-packages/setuptools_rust/__pycache__/_utils.cpython-314.opt-1.pyc
setuptools-rust/usr/lib/python3.14/site-packages/setuptools_rust/__pycache__/clean.cpython-314.pyc
setuptools-rust/usr/lib/python3.14/site-packages/setuptools_rust/__pycache__/build.cpython-314.opt-1.pyc
setuptools-rust/usr/lib/python3.14/site-packages/setuptools_rust/__pycache__/setuptools_ext.cpython-314.pyc
setuptools-rust/usr/lib/python3.14/site-packages/setuptools_rust/__pycache__/build.cpython-314.pyc
setuptools-rust/usr/lib/python3.14/site-packages/setuptools_rust/__pycache__/__init__.cpython-314.pyc
setuptools-rust/usr/lib/python3.14/site-packages/setuptools_rust/__pycache__/version.cpython-314.pyc
setuptools-rust/usr/lib/python3.14/site-packages/setuptools_rust/__pycache__/rustc_info.cpython-314.pyc
setuptools-rust/usr/lib/python3.14/site-packages/setuptools_rust/__pycache__/command.cpython-314.pyc
setuptools-rust/usr/lib/python3.14/site-packages/setuptools_rust/extension.py
setuptools-rust/usr/lib/python3.14/site-packages/setuptools_rust/clean.py
setuptools-rust/usr/lib/python3.14/site-packages/setuptools_rust/rustc_info.py
setuptools-rust/usr/lib/python3.14/site-packages/setuptools_rust/__init__.py
setuptools-rust/usr/lib/python3.14/site-packages/setuptools_rust/command.py
setuptools-rust/usr/lib/python3.14/site-packages/setuptools_rust/setuptools_ext.py
setuptools-rust/usr/lib/python3.14/site-packages/setuptools_rust/_utils.py
setuptools-rust/usr/lib/python3.14/site-packages/setuptools_rust/build.py
setuptools-rust/usr/lib/python3.14/site-packages/setuptools_rust/py.typed
setuptools-rust/usr/lib/python3.14/site-packages/setuptools_rust/version.py
setuptools-rust/usr/lib/python3.14/site-packages/setuptools_rust-1.12.1.dist-info/
setuptools-rust/usr/lib/python3.14/site-packages/setuptools_rust-1.12.1.dist-info/RECORD
setuptools-rust/usr/lib/python3.14/site-packages/setuptools_rust-1.12.1.dist-info/METADATA
setuptools-rust/usr/lib/python3.14/site-packages/setuptools_rust-1.12.1.dist-info/top_level.txt
setuptools-rust/usr/lib/python3.14/site-packages/setuptools_rust-1.12.1.dist-info/WHEEL
setuptools-rust/usr/lib/python3.14/site-packages/setuptools_rust-1.12.1.dist-info/zip-safe
setuptools-rust/usr/lib/python3.14/site-packages/setuptools_rust-1.12.1.dist-info/licenses/
setuptools-rust/usr/lib/python3.14/site-packages/setuptools_rust-1.12.1.dist-info/licenses/LICENSE
setuptools-rust/usr/lib/python3.14/site-packages/setuptools_rust-1.12.1.dist-info/entry_points.txt
setuptools-rust/version
setuptools-rust/depends
setuptools-rust/make-depends
