--2026-03-30 07:16:53--  https://archive.xfce.org/src/xfce/thunar/4.21/thunar-4.21.5.tar.xz
Resolving archive.xfce.org (archive.xfce.org)... 217.70.191.87
Connecting to archive.xfce.org (archive.xfce.org)|217.70.191.87|:443... connected.
HTTP request sent, awaiting response... 302 Found
Location: https://archive.al-us.xfce.org/src/xfce/thunar/4.21/thunar-4.21.5.tar.xz [following]
--2026-03-30 07:16:54--  https://archive.al-us.xfce.org/src/xfce/thunar/4.21/thunar-4.21.5.tar.xz
Resolving archive.al-us.xfce.org (archive.al-us.xfce.org)... 207.223.116.211
Connecting to archive.al-us.xfce.org (archive.al-us.xfce.org)|207.223.116.211|:443... connected.
HTTP request sent, awaiting response... 200 OK
Length: 1621480 (1.5M) [application/x-xz]
Saving to: ‘thunar-4.21.5.tar.xz’

     0K .......... .......... .......... .......... ..........  3% 35.7M 0s
    50K .......... .......... .......... .......... ..........  6% 36.7M 0s
   100K .......... .......... .......... .......... ..........  9%  585K 1s
   150K .......... .......... .......... .......... .......... 12% 1019K 1s
   200K .......... .......... .......... .......... .......... 15%  767K 1s
   250K .......... .......... .......... .......... .......... 18% 1.02M 1s
   300K .......... .......... .......... .......... .......... 22%  974K 1s
   350K .......... .......... .......... .......... .......... 25%  731K 1s
   400K .......... .......... .......... .......... .......... 28%  962K 1s
   450K .......... .......... .......... .......... .......... 31%  818K 1s
   500K .......... .......... .......... .......... .......... 34%  980K 1s
   550K .......... .......... .......... .......... .......... 37%  956K 1s
   600K .......... .......... .......... .......... .......... 41%  821K 1s
   650K .......... .......... .......... .......... .......... 44%  913K 1s
   700K .......... .......... .......... .......... .......... 47%  912K 1s
   750K .......... .......... .......... .......... .......... 50%  850K 1s
   800K .......... .......... .......... .......... .......... 53%  976K 1s
   850K .......... .......... .......... .......... .......... 56%  824K 1s
   900K .......... .......... .......... .......... .......... 59%  992K 1s
   950K .......... .......... .......... .......... .......... 63%  841K 1s
  1000K .......... .......... .......... .......... .......... 66%  826K 1s
  1050K .......... .......... .......... .......... .......... 69% 1000K 1s
  1100K .......... .......... .......... .......... .......... 72%  840K 0s
  1150K .......... .......... .......... .......... .......... 75%  993K 0s
  1200K .......... .......... .......... .......... .......... 78%  789K 0s
  1250K .......... .......... .......... .......... .......... 82%  986K 0s
  1300K .......... .......... .......... .......... .......... 85%  914K 0s
  1350K .......... .......... .......... .......... .......... 88%  778K 0s
  1400K .......... .......... .......... .......... .......... 91%  996K 0s
  1450K .......... .......... .......... .......... .......... 94%  834K 0s
  1500K .......... .......... .......... .......... .......... 97%  999K 0s
  1550K .......... .......... .......... ...                  100%  803K=1.7s

2026-03-30 07:16:56 (935 KB/s) - ‘thunar-4.21.5.tar.xz’ saved [1621480/1621480]

thunar-4.21.5/
thunar-4.21.5/.clang-format
thunar-4.21.5/.gcc-analyzer-false-positives
thunar-4.21.5/.git-blame-ignore-revs
thunar-4.21.5/.gitlab/
thunar-4.21.5/.gitlab/issue_templates/
thunar-4.21.5/.gitlab/issue_templates/Default.md
thunar-4.21.5/.gitlab-ci.yml
thunar-4.21.5/.scan-build-false-positives
thunar-4.21.5/AUTHORS
thunar-4.21.5/COPYING
thunar-4.21.5/COPYING.LIB
thunar-4.21.5/ChangeLog.gio-migration
thunar-4.21.5/FAQ
thunar-4.21.5/HACKING
thunar-4.21.5/NEWS
thunar-4.21.5/README.md
thunar-4.21.5/THANKS
thunar-4.21.5/docs/
thunar-4.21.5/docs/README.gtkrc
thunar-4.21.5/docs/Thunar.xml
thunar-4.21.5/docs/meson.build
thunar-4.21.5/docs/reference/
thunar-4.21.5/docs/reference/thunarx/
thunar-4.21.5/docs/reference/thunarx/gtkdocentities.ent.in
thunar-4.21.5/docs/reference/thunarx/images/
thunar-4.21.5/docs/reference/thunarx/images/abstraction.png
thunar-4.21.5/docs/reference/thunarx/images/bulk-rename.png
thunar-4.21.5/docs/reference/thunarx/images/menu-provider.png
thunar-4.21.5/docs/reference/thunarx/images/say-hello.png
thunar-4.21.5/docs/reference/thunarx/meson.build
thunar-4.21.5/docs/reference/thunarx/thunarx-docs.xml.in
thunar-4.21.5/docs/reference/thunarx/thunarx-overrides.txt
thunar-4.21.5/docs/reference/thunarx/thunarx-sections.txt
thunar-4.21.5/docs/reference/thunarx/thunarx.types
thunar-4.21.5/examples/
thunar-4.21.5/examples/nautilus-bulk-rename.py
thunar-4.21.5/examples/tex-open-terminal/
thunar-4.21.5/examples/tex-open-terminal/README.md
thunar-4.21.5/examples/tex-open-terminal/meson.build
thunar-4.21.5/examples/tex-open-terminal/tex-open-terminal-plugin.c
thunar-4.21.5/examples/tex-open-terminal/tex-open-terminal.c
thunar-4.21.5/examples/tex-open-terminal/tex-open-terminal.h
thunar-4.21.5/examples/thunar-file-manager.py
thunar-4.21.5/examples/xfce-file-manager.py
thunar-4.21.5/icons/
thunar-4.21.5/icons/128x128/
thunar-4.21.5/icons/128x128/org.xfce.thunar.png
thunar-4.21.5/icons/16x16/
thunar-4.21.5/icons/16x16/org.xfce.thunar.png
thunar-4.21.5/icons/16x16/org.xfce.thunar.svg
thunar-4.21.5/icons/16x16/stock_folder-copy.png
thunar-4.21.5/icons/16x16/stock_folder-copy.svg
thunar-4.21.5/icons/16x16/stock_folder-move.png
thunar-4.21.5/icons/16x16/stock_folder-move.svg
thunar-4.21.5/icons/24x24/
thunar-4.21.5/icons/24x24/stock_folder-copy.png
thunar-4.21.5/icons/24x24/stock_folder-copy.svg
thunar-4.21.5/icons/24x24/stock_folder-move.png
thunar-4.21.5/icons/24x24/stock_folder-move.svg
thunar-4.21.5/icons/48x48/
thunar-4.21.5/icons/48x48/org.xfce.thunar.png
thunar-4.21.5/icons/48x48/org.xfce.thunar.svg
thunar-4.21.5/icons/meson.build
thunar-4.21.5/icons/scalable/
thunar-4.21.5/icons/scalable/org.xfce.thunar.svg
thunar-4.21.5/its/
thunar-4.21.5/its/xfce.its
thunar-4.21.5/its/xfce.loc
thunar-4.21.5/meson.build
thunar-4.21.5/meson_options.txt
thunar-4.21.5/org.xfce.FileManager.service.in
thunar-4.21.5/org.xfce.Thunar.FileManager1.service.in
thunar-4.21.5/org.xfce.Thunar.service.in
thunar-4.21.5/org.xfce.thunar.appdata.xml.in
thunar-4.21.5/org.xfce.thunar.policy.in.in
thunar-4.21.5/plugins/
thunar-4.21.5/plugins/thunar-apr/
thunar-4.21.5/plugins/thunar-apr/README.md
thunar-4.21.5/plugins/thunar-apr/meson.build
thunar-4.21.5/plugins/thunar-apr/thunar-apr-abstract-page.c
thunar-4.21.5/plugins/thunar-apr/thunar-apr-abstract-page.h
thunar-4.21.5/plugins/thunar-apr/thunar-apr-desktop-page.c
thunar-4.21.5/plugins/thunar-apr/thunar-apr-desktop-page.h
thunar-4.21.5/plugins/thunar-apr/thunar-apr-image-page.c
thunar-4.21.5/plugins/thunar-apr/thunar-apr-image-page.h
thunar-4.21.5/plugins/thunar-apr/thunar-apr-plugin.c
thunar-4.21.5/plugins/thunar-apr/thunar-apr-private.c
thunar-4.21.5/plugins/thunar-apr/thunar-apr-private.h
thunar-4.21.5/plugins/thunar-apr/thunar-apr-provider.c
thunar-4.21.5/plugins/thunar-apr/thunar-apr-provider.h
thunar-4.21.5/plugins/thunar-sbr/
thunar-4.21.5/plugins/thunar-sbr/README.md
thunar-4.21.5/plugins/thunar-sbr/meson.build
thunar-4.21.5/plugins/thunar-sbr/thunar-sbr-case-renamer.c
thunar-4.21.5/plugins/thunar-sbr/thunar-sbr-case-renamer.h
thunar-4.21.5/plugins/thunar-sbr/thunar-sbr-date-renamer.c
thunar-4.21.5/plugins/thunar-sbr/thunar-sbr-date-renamer.h
thunar-4.21.5/plugins/thunar-sbr/thunar-sbr-enum-types.c
thunar-4.21.5/plugins/thunar-sbr/thunar-sbr-enum-types.h
thunar-4.21.5/plugins/thunar-sbr/thunar-sbr-insert-renamer.c
thunar-4.21.5/plugins/thunar-sbr/thunar-sbr-insert-renamer.h
thunar-4.21.5/plugins/thunar-sbr/thunar-sbr-number-renamer.c
thunar-4.21.5/plugins/thunar-sbr/thunar-sbr-number-renamer.h
thunar-4.21.5/plugins/thunar-sbr/thunar-sbr-plugin.c
thunar-4.21.5/plugins/thunar-sbr/thunar-sbr-provider.c
thunar-4.21.5/plugins/thunar-sbr/thunar-sbr-provider.h
thunar-4.21.5/plugins/thunar-sbr/thunar-sbr-remove-renamer.c
thunar-4.21.5/plugins/thunar-sbr/thunar-sbr-remove-renamer.h
thunar-4.21.5/plugins/thunar-sbr/thunar-sbr-replace-renamer.c
thunar-4.21.5/plugins/thunar-sbr/thunar-sbr-replace-renamer.h
thunar-4.21.5/plugins/thunar-sendto-email/
thunar-4.21.5/plugins/thunar-sendto-email/README.md
thunar-4.21.5/plugins/thunar-sendto-email/main.c
thunar-4.21.5/plugins/thunar-sendto-email/meson.build
thunar-4.21.5/plugins/thunar-sendto-email/thunar-sendto-email.desktop.in.in
thunar-4.21.5/plugins/thunar-tpa/
thunar-4.21.5/plugins/thunar-tpa/README.md
thunar-4.21.5/plugins/thunar-tpa/meson.build
thunar-4.21.5/plugins/thunar-tpa/thunar-tpa-bindings.xml
thunar-4.21.5/plugins/thunar-tpa/thunar-tpa.c
thunar-4.21.5/plugins/thunar-tpa/thunar-tpa.desktop.in
thunar-4.21.5/plugins/thunar-uca/
thunar-4.21.5/plugins/thunar-uca/README.md
thunar-4.21.5/plugins/thunar-uca/meson.build
thunar-4.21.5/plugins/thunar-uca/thunar-uca-chooser.c
thunar-4.21.5/plugins/thunar-uca/thunar-uca-chooser.h
thunar-4.21.5/plugins/thunar-uca/thunar-uca-chooser.ui
thunar-4.21.5/plugins/thunar-uca/thunar-uca-context.c
thunar-4.21.5/plugins/thunar-uca/thunar-uca-context.h
thunar-4.21.5/plugins/thunar-uca/thunar-uca-editor.c
thunar-4.21.5/plugins/thunar-uca/thunar-uca-editor.h
thunar-4.21.5/plugins/thunar-uca/thunar-uca-editor.ui
thunar-4.21.5/plugins/thunar-uca/thunar-uca-model.c
thunar-4.21.5/plugins/thunar-uca/thunar-uca-model.h
thunar-4.21.5/plugins/thunar-uca/thunar-uca-plugin.c
thunar-4.21.5/plugins/thunar-uca/thunar-uca-private.c
thunar-4.21.5/plugins/thunar-uca/thunar-uca-private.h
thunar-4.21.5/plugins/thunar-uca/thunar-uca-provider.c
thunar-4.21.5/plugins/thunar-uca/thunar-uca-provider.h
thunar-4.21.5/plugins/thunar-uca/thunar-uca.gresource.xml
thunar-4.21.5/plugins/thunar-uca/uca.xml.in
thunar-4.21.5/plugins/thunar-wallpaper/
thunar-4.21.5/plugins/thunar-wallpaper/README.md
thunar-4.21.5/plugins/thunar-wallpaper/meson.build
thunar-4.21.5/plugins/thunar-wallpaper/thunar-wallpaper-plugin.c
thunar-4.21.5/plugins/thunar-wallpaper/twp-provider.c
thunar-4.21.5/plugins/thunar-wallpaper/twp-provider.h
thunar-4.21.5/po/
thunar-4.21.5/po/LINGUAS
thunar-4.21.5/po/POTFILES.in
thunar-4.21.5/po/POTFILES.skip
thunar-4.21.5/po/am.po
thunar-4.21.5/po/ar.po
thunar-4.21.5/po/ast.po
thunar-4.21.5/po/be.po
thunar-4.21.5/po/bg.po
thunar-4.21.5/po/bn.po
thunar-4.21.5/po/ca.po
thunar-4.21.5/po/cs.po
thunar-4.21.5/po/da.po
thunar-4.21.5/po/de.po
thunar-4.21.5/po/el.po
thunar-4.21.5/po/en_AU.po
thunar-4.21.5/po/en_GB.po
thunar-4.21.5/po/eo.po
thunar-4.21.5/po/es.po
thunar-4.21.5/po/et.po
thunar-4.21.5/po/eu.po
thunar-4.21.5/po/fa_IR.po
thunar-4.21.5/po/fi.po
thunar-4.21.5/po/fr.po
thunar-4.21.5/po/gl.po
thunar-4.21.5/po/he.po
thunar-4.21.5/po/hr.po
thunar-4.21.5/po/hu.po
thunar-4.21.5/po/hy.po
thunar-4.21.5/po/hy_AM.po
thunar-4.21.5/po/hye.po
thunar-4.21.5/po/id.po
thunar-4.21.5/po/ie.po
thunar-4.21.5/po/is.po
thunar-4.21.5/po/it.po
thunar-4.21.5/po/ja.po
thunar-4.21.5/po/ka.po
thunar-4.21.5/po/kk.po
thunar-4.21.5/po/ko.po
thunar-4.21.5/po/lt.po
thunar-4.21.5/po/lv.po
thunar-4.21.5/po/meson.build
thunar-4.21.5/po/ms.po
thunar-4.21.5/po/nb.po
thunar-4.21.5/po/nl.po
thunar-4.21.5/po/nn.po
thunar-4.21.5/po/oc.po
thunar-4.21.5/po/pa.po
thunar-4.21.5/po/pl.po
thunar-4.21.5/po/pt.po
thunar-4.21.5/po/pt_BR.po
thunar-4.21.5/po/ro.po
thunar-4.21.5/po/ru.po
thunar-4.21.5/po/si.po
thunar-4.21.5/po/sk.po
thunar-4.21.5/po/sl.po
thunar-4.21.5/po/sq.po
thunar-4.21.5/po/sr.po
thunar-4.21.5/po/sv.po
thunar-4.21.5/po/te.po
thunar-4.21.5/po/th.po
thunar-4.21.5/po/tr.po
thunar-4.21.5/po/ug.po
thunar-4.21.5/po/uk.po
thunar-4.21.5/po/ur.po
thunar-4.21.5/po/ur_PK.po
thunar-4.21.5/po/vec.po
thunar-4.21.5/po/vi.po
thunar-4.21.5/po/zh_CN.po
thunar-4.21.5/po/zh_HK.po
thunar-4.21.5/po/zh_TW.po
thunar-4.21.5/tests/
thunar-4.21.5/tests/meson.build
thunar-4.21.5/tests/test-resolve-symlink.c
thunar-4.21.5/thunar/
thunar-4.21.5/thunar/main.c
thunar-4.21.5/thunar/meson.build
thunar-4.21.5/thunar/thunar-abstract-dialog.c
thunar-4.21.5/thunar/thunar-abstract-dialog.h
thunar-4.21.5/thunar/thunar-abstract-icon-view.c
thunar-4.21.5/thunar/thunar-abstract-icon-view.h
thunar-4.21.5/thunar/thunar-action-manager.c
thunar-4.21.5/thunar/thunar-action-manager.h
thunar-4.21.5/thunar/thunar-application.c
thunar-4.21.5/thunar/thunar-application.h
thunar-4.21.5/thunar/thunar-browser.c
thunar-4.21.5/thunar/thunar-browser.h
thunar-4.21.5/thunar/thunar-chooser-button.c
thunar-4.21.5/thunar/thunar-chooser-button.h
thunar-4.21.5/thunar/thunar-chooser-dialog.c
thunar-4.21.5/thunar/thunar-chooser-dialog.h
thunar-4.21.5/thunar/thunar-chooser-model.c
thunar-4.21.5/thunar/thunar-chooser-model.h
thunar-4.21.5/thunar/thunar-clipboard-manager.c
thunar-4.21.5/thunar/thunar-clipboard-manager.h
thunar-4.21.5/thunar/thunar-column-editor.c
thunar-4.21.5/thunar/thunar-column-editor.h
thunar-4.21.5/thunar/thunar-column-model.c
thunar-4.21.5/thunar/thunar-column-model.h
thunar-4.21.5/thunar/thunar-compact-view.c
thunar-4.21.5/thunar/thunar-compact-view.h
thunar-4.21.5/thunar/thunar-component.c
thunar-4.21.5/thunar/thunar-component.h
thunar-4.21.5/thunar/thunar-dbus-freedesktop-interfaces.xml
thunar-4.21.5/thunar/thunar-dbus-service-infos.xml
thunar-4.21.5/thunar/thunar-dbus-service.c
thunar-4.21.5/thunar/thunar-dbus-service.h
thunar-4.21.5/thunar/thunar-deep-count-job.c
thunar-4.21.5/thunar/thunar-deep-count-job.h
thunar-4.21.5/thunar/thunar-details-view.c
thunar-4.21.5/thunar/thunar-details-view.h
thunar-4.21.5/thunar/thunar-device-monitor.c
thunar-4.21.5/thunar/thunar-device-monitor.h
thunar-4.21.5/thunar/thunar-device.c
thunar-4.21.5/thunar/thunar-device.h
thunar-4.21.5/thunar/thunar-dialogs.c
thunar-4.21.5/thunar/thunar-dialogs.h
thunar-4.21.5/thunar/thunar-dnd.c
thunar-4.21.5/thunar/thunar-dnd.h
thunar-4.21.5/thunar/thunar-emblem-chooser.c
thunar-4.21.5/thunar/thunar-emblem-chooser.h
thunar-4.21.5/thunar/thunar-enum-types.c
thunar-4.21.5/thunar/thunar-enum-types.h
thunar-4.21.5/thunar/thunar-file.c
thunar-4.21.5/thunar/thunar-file.h
thunar-4.21.5/thunar/thunar-folder.c
thunar-4.21.5/thunar/thunar-folder.h
thunar-4.21.5/thunar/thunar-gdk-extensions.c
thunar-4.21.5/thunar/thunar-gdk-extensions.h
thunar-4.21.5/thunar/thunar-gio-extensions.c
thunar-4.21.5/thunar/thunar-gio-extensions.h
thunar-4.21.5/thunar/thunar-gobject-extensions.c
thunar-4.21.5/thunar/thunar-gobject-extensions.h
thunar-4.21.5/thunar/thunar-gtk-extensions.c
thunar-4.21.5/thunar/thunar-gtk-extensions.h
thunar-4.21.5/thunar/thunar-history.c
thunar-4.21.5/thunar/thunar-history.h
thunar-4.21.5/thunar/thunar-ice.c
thunar-4.21.5/thunar/thunar-ice.h
thunar-4.21.5/thunar/thunar-icon-factory.c
thunar-4.21.5/thunar/thunar-icon-factory.h
thunar-4.21.5/thunar/thunar-icon-renderer.c
thunar-4.21.5/thunar/thunar-icon-renderer.h
thunar-4.21.5/thunar/thunar-icon-view.c
thunar-4.21.5/thunar/thunar-icon-view.h
thunar-4.21.5/thunar/thunar-image.c
thunar-4.21.5/thunar/thunar-image.h
thunar-4.21.5/thunar/thunar-io-jobs-util.c
thunar-4.21.5/thunar/thunar-io-jobs-util.h
thunar-4.21.5/thunar/thunar-io-jobs.c
thunar-4.21.5/thunar/thunar-io-jobs.h
thunar-4.21.5/thunar/thunar-io-scan-directory.c
thunar-4.21.5/thunar/thunar-io-scan-directory.h
thunar-4.21.5/thunar/thunar-job-operation-history.c
thunar-4.21.5/thunar/thunar-job-operation-history.h
thunar-4.21.5/thunar/thunar-job-operation.c
thunar-4.21.5/thunar/thunar-job-operation.h
thunar-4.21.5/thunar/thunar-job.c
thunar-4.21.5/thunar/thunar-job.h
thunar-4.21.5/thunar/thunar-location-bar.c
thunar-4.21.5/thunar/thunar-location-bar.h
thunar-4.21.5/thunar/thunar-location-button.c
thunar-4.21.5/thunar/thunar-location-button.h
thunar-4.21.5/thunar/thunar-location-buttons.c
thunar-4.21.5/thunar/thunar-location-buttons.h
thunar-4.21.5/thunar/thunar-location-entry.c
thunar-4.21.5/thunar/thunar-location-entry.h
thunar-4.21.5/thunar/thunar-marshal.list
thunar-4.21.5/thunar/thunar-menu.c
thunar-4.21.5/thunar/thunar-menu.h
thunar-4.21.5/thunar/thunar-navigator.c
thunar-4.21.5/thunar/thunar-navigator.h
thunar-4.21.5/thunar/thunar-notify.c
thunar-4.21.5/thunar/thunar-notify.h
thunar-4.21.5/thunar/thunar-pango-extensions.c
thunar-4.21.5/thunar/thunar-pango-extensions.h
thunar-4.21.5/thunar/thunar-path-entry.c
thunar-4.21.5/thunar/thunar-path-entry.h
thunar-4.21.5/thunar/thunar-permissions-chooser.c
thunar-4.21.5/thunar/thunar-permissions-chooser.h
thunar-4.21.5/thunar/thunar-preferences-dialog.c
thunar-4.21.5/thunar/thunar-preferences-dialog.h
thunar-4.21.5/thunar/thunar-preferences.c
thunar-4.21.5/thunar/thunar-preferences.h
thunar-4.21.5/thunar/thunar-private.h
thunar-4.21.5/thunar/thunar-progress-dialog.c
thunar-4.21.5/thunar/thunar-progress-dialog.h
thunar-4.21.5/thunar/thunar-progress-view.c
thunar-4.21.5/thunar/thunar-progress-view.h
thunar-4.21.5/thunar/thunar-properties-dialog.c
thunar-4.21.5/thunar/thunar-properties-dialog.h
thunar-4.21.5/thunar/thunar-renamer-dialog.c
thunar-4.21.5/thunar/thunar-renamer-dialog.h
thunar-4.21.5/thunar/thunar-renamer-model.c
thunar-4.21.5/thunar/thunar-renamer-model.h
thunar-4.21.5/thunar/thunar-renamer-pair.c
thunar-4.21.5/thunar/thunar-renamer-pair.h
thunar-4.21.5/thunar/thunar-renamer-progress.c
thunar-4.21.5/thunar/thunar-renamer-progress.h
thunar-4.21.5/thunar/thunar-sendto-model.c
thunar-4.21.5/thunar/thunar-sendto-model.h
thunar-4.21.5/thunar/thunar-session-client.c
thunar-4.21.5/thunar/thunar-session-client.h
thunar-4.21.5/thunar/thunar-settings
thunar-4.21.5/thunar/thunar-settings.desktop.in
thunar-4.21.5/thunar/thunar-shortcuts-icon-renderer.c
thunar-4.21.5/thunar/thunar-shortcuts-icon-renderer.h
thunar-4.21.5/thunar/thunar-shortcuts-model.c
thunar-4.21.5/thunar/thunar-shortcuts-model.h
thunar-4.21.5/thunar/thunar-shortcuts-name-renderer.c
thunar-4.21.5/thunar/thunar-shortcuts-name-renderer.h
thunar-4.21.5/thunar/thunar-shortcuts-pane.c
thunar-4.21.5/thunar/thunar-shortcuts-pane.h
thunar-4.21.5/thunar/thunar-shortcuts-view.c
thunar-4.21.5/thunar/thunar-shortcuts-view.h
thunar-4.21.5/thunar/thunar-side-pane.c
thunar-4.21.5/thunar/thunar-side-pane.h
thunar-4.21.5/thunar/thunar-simple-job.c
thunar-4.21.5/thunar/thunar-simple-job.h
thunar-4.21.5/thunar/thunar-size-label.c
thunar-4.21.5/thunar/thunar-size-label.h
thunar-4.21.5/thunar/thunar-standard-view.c
thunar-4.21.5/thunar/thunar-standard-view.h
thunar-4.21.5/thunar/thunar-statusbar.c
thunar-4.21.5/thunar/thunar-statusbar.h
thunar-4.21.5/thunar/thunar-terminal-widget.c
thunar-4.21.5/thunar/thunar-terminal-widget.h
thunar-4.21.5/thunar/thunar-text-renderer.c
thunar-4.21.5/thunar/thunar-text-renderer.h
thunar-4.21.5/thunar/thunar-thumbnail-cache-dbus.xml
thunar-4.21.5/thunar/thunar-thumbnail-cache.c
thunar-4.21.5/thunar/thunar-thumbnail-cache.h
thunar-4.21.5/thunar/thunar-thumbnail-frame.png
thunar-4.21.5/thunar/thunar-thumbnailer-dbus.xml
thunar-4.21.5/thunar/thunar-thumbnailer.c
thunar-4.21.5/thunar/thunar-thumbnailer.h
thunar-4.21.5/thunar/thunar-toolbar-editor.c
thunar-4.21.5/thunar/thunar-toolbar-editor.h
thunar-4.21.5/thunar/thunar-transfer-job.c
thunar-4.21.5/thunar/thunar-transfer-job.h
thunar-4.21.5/thunar/thunar-tree-model.c
thunar-4.21.5/thunar/thunar-tree-model.h
thunar-4.21.5/thunar/thunar-tree-pane.c
thunar-4.21.5/thunar/thunar-tree-pane.h
thunar-4.21.5/thunar/thunar-tree-view-model.c
thunar-4.21.5/thunar/thunar-tree-view-model.h
thunar-4.21.5/thunar/thunar-tree-view.c
thunar-4.21.5/thunar/thunar-tree-view.h
thunar-4.21.5/thunar/thunar-user.c
thunar-4.21.5/thunar/thunar-user.h
thunar-4.21.5/thunar/thunar-util.c
thunar-4.21.5/thunar/thunar-util.h
thunar-4.21.5/thunar/thunar-view.c
thunar-4.21.5/thunar/thunar-view.h
thunar-4.21.5/thunar/thunar-window.c
thunar-4.21.5/thunar/thunar-window.h
thunar-4.21.5/thunar/thunar.gresource.xml
thunar-4.21.5/thunar-bulk-rename.desktop.in
thunar-4.21.5/thunar.desktop.in
thunar-4.21.5/thunar.service.in
thunar-4.21.5/thunarx/
thunar-4.21.5/thunarx/meson.build
thunar-4.21.5/thunarx/thunarx-3.pc.in
thunar-4.21.5/thunarx/thunarx-config.c
thunar-4.21.5/thunarx/thunarx-config.h.in
thunar-4.21.5/thunarx/thunarx-file-info.c
thunar-4.21.5/thunarx/thunarx-file-info.h
thunar-4.21.5/thunarx/thunarx-menu-item.c
thunar-4.21.5/thunarx/thunarx-menu-item.h
thunar-4.21.5/thunarx/thunarx-menu-provider.c
thunar-4.21.5/thunarx/thunarx-menu-provider.h
thunar-4.21.5/thunarx/thunarx-menu.c
thunar-4.21.5/thunarx/thunarx-menu.h
thunar-4.21.5/thunarx/thunarx-preferences-provider.c
thunar-4.21.5/thunarx/thunarx-preferences-provider.h
thunar-4.21.5/thunarx/thunarx-private.c
thunar-4.21.5/thunarx/thunarx-private.h
thunar-4.21.5/thunarx/thunarx-property-page-provider.c
thunar-4.21.5/thunarx/thunarx-property-page-provider.h
thunar-4.21.5/thunarx/thunarx-property-page.c
thunar-4.21.5/thunarx/thunarx-property-page.h
thunar-4.21.5/thunarx/thunarx-provider-factory.c
thunar-4.21.5/thunarx/thunarx-provider-factory.h
thunar-4.21.5/thunarx/thunarx-provider-module.c
thunar-4.21.5/thunarx/thunarx-provider-module.h
thunar-4.21.5/thunarx/thunarx-provider-plugin.c
thunar-4.21.5/thunarx/thunarx-provider-plugin.h
thunar-4.21.5/thunarx/thunarx-renamer-provider.c
thunar-4.21.5/thunarx/thunarx-renamer-provider.h
thunar-4.21.5/thunarx/thunarx-renamer.c
thunar-4.21.5/thunarx/thunarx-renamer.h
thunar-4.21.5/thunarx/thunarx.h
thunar-4.21.5/thunarx/thunarx.symbols
thunar-4.21.5/xdt-gen-visibility
thunar-4.21.5/xfce-revision.h.in
The Meson build system
Version: 1.10.2
Source dir: /blfs/builds/thunar-4.21.5
Build dir: /blfs/builds/thunar-4.21.5/build
Build type: native build
Project name: thunar
Project version: 4.21.5
C compiler for the host machine: cc (gcc 15.2.0 "cc (GCC) 15.2.0")
C linker for the host machine: cc ld.bfd 2.45
Host machine cpu family: x86_64
Host machine cpu: x86_64
Found pkg-config: YES (/usr/bin/pkg-config) 2.5.1
Run-time dependency glib-2.0 found: YES 2.88.0
Run-time dependency gio-2.0 found: YES 2.88.0
Run-time dependency gthread-2.0 found: YES 2.88.0
Run-time dependency gmodule-2.0 found: YES 2.88.0
Run-time dependency gtk+-3.0 found: YES 3.24.52
Run-time dependency gdk-pixbuf-2.0 found: YES 2.44.5
Run-time dependency libxfce4ui-2 found: YES 4.21.7
Run-time dependency libxfce4kbd-private-3 found: YES 4.21.7
Run-time dependency libxfce4util-1.0 found: YES 4.20.1
Run-time dependency libxfconf-0 found: YES 4.21.2
Run-time dependency pango found: YES 1.57.1
Program xdt-gen-visibility found: YES (/blfs/builds/thunar-4.21.5/xdt-gen-visibility)
Program xsltproc found: YES (/usr/bin/xsltproc)
Run-time dependency gdk-x11-3.0 found: YES 3.24.52
Run-time dependency x11 found: YES 1.8.13
Run-time dependency sm found: YES 1.2.6
Run-time dependency ice found: YES 1.1.2
Run-time dependency gio-unix-2.0 found: YES 2.88.0
Found CMake: /usr/bin/cmake (4.3.0)
Run-time dependency vte-2.91 found: NO (tried pkgconfig and cmake)
Run-time dependency gudev-1.0 found: YES 238
Run-time dependency libnotify found: YES 0.8.8
Run-time dependency polkit-gobject-1 found: YES 127
Run-time dependency gobject-introspection-1.0 found: YES 1.86.0
Run-time dependency gexiv2 found: NO (tried pkgconfig and cmake)
Run-time dependency libpcre2-8 found: YES 10.47
Run-time dependency libxfce4panel-2.0 found: NO (tried pkgconfig and cmake)
Checking for function "bind_textdomain_codeset" : YES 
Checking for function "atexit" : YES 
Checking for function "mkdtemp" : YES 
Checking for function "setgroupent" : NO 
Checking for function "setpassent" : NO 
Checking for function "statx" : YES 
Checking for function "strptime" : YES 
Check usable header "sys/param.h" : YES 
Check usable header "sys/stat.h" : YES 
Check usable header "sys/types.h" : YES 
Check usable header "sys/wait.h" : YES 
Check usable header "errno.h" : YES 
Check usable header "fcntl.h" : YES 
Check usable header "grp.h" : YES 
Check usable header "libintl.h" : YES 
Check usable header "limits.h" : YES 
Check usable header "locale.h" : YES 
Check usable header "malloc.h" : YES 
Check usable header "memory.h" : YES 
Check usable header "paths.h" : YES 
Check usable header "pwd.h" : YES 
Check usable header "signal.h" : YES 
Check usable header "stdarg.h" : YES 
Check usable header "stdio.h" : YES 
Check usable header "stdlib.h" : YES 
Check usable header "string.h" : YES 
Check usable header "strings.h" : YES 
Check usable header "time.h" : YES 
Check usable header "unistd.h" : YES 
Compiler for C supports arguments -Wmissing-declarations: YES 
Compiler for C supports arguments -Wmissing-noreturn: YES 
Compiler for C supports arguments -Wold-style-definition: YES 
Compiler for C supports arguments -Wredundant-decls: YES 
Compiler for C supports arguments -Wpointer-arith: YES 
Compiler for C supports arguments -Wcast-align: YES 
Compiler for C supports arguments -Winit-self: YES 
Compiler for C supports arguments -Wshadow: YES 
Compiler for C supports arguments -Wmissing-include-dirs: YES 
Compiler for C supports arguments -Wundef: YES 
Compiler for C supports arguments -Wformat: YES 
Compiler for C supports arguments -Wformat-security: YES 
Compiler for C supports arguments -Wformat-y2k: YES 
Compiler for C supports arguments -Wnested-externs: YES 
Compiler for C supports arguments -Wno-unused-parameter: YES 
Compiler for C supports arguments -Wno-declaration-after-statement: YES 
Compiler for C supports arguments -Wno-missing-field-initializers: YES 
Compiler for C supports arguments -Werror=implicit-function-declaration: YES 
Compiler for C supports arguments -Wno-error=deprecated-declarations: YES 
Configuring org.xfce.FileManager.service using configuration
Configuring org.xfce.Thunar.FileManager1.service using configuration
Configuring org.xfce.Thunar.service using configuration
Configuring thunar.service using configuration
Program msgfmt found: YES (/usr/bin/msgfmt)
Configuring org.xfce.thunar.policy.in using configuration
Configuring thunarx-config.h using configuration
Configuring thunarx-visibility.h with command
Configuring thunarx-visibility.c with command
Found pkg-config: YES (/usr/bin/pkg-config) 2.5.1
Dependency gobject-introspection-1.0 found: YES 1.86.0 (cached)
Dependency gobject-introspection-1.0 found: YES 1.86.0 (cached)
Program /usr/bin/g-ir-scanner found: YES (/usr/bin/g-ir-scanner)
Dependency gobject-introspection-1.0 found: YES 1.86.0 (cached)
Program /usr/bin/g-ir-compiler found: YES (/usr/bin/g-ir-compiler)
Configuring thunar-sendto-email.desktop.in using configuration
Dependency gio-2.0 found: YES 2.88.0 (cached)
Program /usr/bin/glib-compile-resources found: YES (/usr/bin/glib-compile-resources)
Program msginit found: YES (/usr/bin/msginit)
Program msgmerge found: YES (/usr/bin/msgmerge)
Program xgettext found: YES (/usr/bin/xgettext)
Dependency glib-2.0 found: YES 2.88.0 (cached)
Program /usr/bin/glib-genmarshal found: YES (/usr/bin/glib-genmarshal)
Dependency gio-2.0 found: YES 2.88.0 (cached)
Program /usr/bin/gdbus-codegen found: YES (/usr/bin/gdbus-codegen)
Dependency gio-2.0 found: YES 2.88.0 (cached)
Program /usr/bin/gdbus-codegen found: YES (/usr/bin/gdbus-codegen)
Dependency gio-2.0 found: YES 2.88.0 (cached)
Program /usr/bin/gdbus-codegen found: YES (/usr/bin/gdbus-codegen)
Dependency gio-2.0 found: YES 2.88.0 (cached)
Program /usr/bin/gdbus-codegen found: YES (/usr/bin/gdbus-codegen)
Dependency gio-2.0 found: YES 2.88.0 (cached)
Program /usr/bin/glib-compile-resources found: YES (/usr/bin/glib-compile-resources)
Build targets in project: 104

thunar 4.21.5

  User defined options
    buildtype: release
    prefix   : /usr

Found ninja-1.13.2 at /usr/bin/ninja
[1/237] Generating glib marshaller header thunar/thunar-marshal_h
[2/237] Generating xfce-revision.h with a custom command
[3/237] Compiling C object thunarx/libthunarx-3.so.0.0.0.p/thunarx-private.c.o
[4/237] Compiling C object thunarx/libthunarx-3.so.0.0.0.p/thunarx-config.c.o
[5/237] Compiling C object thunarx/libthunarx-3.so.0.0.0.p/thunarx-menu.c.o
[6/237] Compiling C object thunarx/libthunarx-3.so.0.0.0.p/thunarx-provider-module.c.o
[7/237] Compiling C object thunarx/libthunarx-3.so.0.0.0.p/thunarx-provider-plugin.c.o
[8/237] Compiling C object thunarx/libthunarx-3.so.0.0.0.p/meson-generated_.._thunarx-visibility.c.o
[9/237] Generating glib marshaller source thunar/thunar-marshal_c
[10/237] Compiling C object thunarx/libthunarx-3.so.0.0.0.p/thunarx-menu-item.c.o
[11/237] Generating gdbus header thunar/thunar-dbus-freedesktop-interfaces.h
[12/237] Generating gdbus source thunar/thunar-dbus-freedesktop-interfaces.c
[13/237] Compiling C object thunarx/libthunarx-3.so.0.0.0.p/thunarx-file-info.c.o
[14/237] Generating gdbus source thunar/thunar-dbus-service-infos.c
[15/237] Generating thunar/thunar.gresource_h with a custom command
[16/237] Generating thunar/thunar.gresource_c with a custom command
[17/237] Generating plugins/thunar-uca/thunar-uca.gresource_c with a custom command
[18/237] Generating plugins/thunar-uca/thunar-uca.gresource_h with a custom command
[19/237] Generating gdbus source thunar/thunar-thumbnail-cache-proxy.c
[20/237] Generating gdbus header thunar/thunar-dbus-service-infos.h
[21/237] Compiling C object thunarx/libthunarx-3.so.0.0.0.p/thunarx-menu-provider.c.o
[22/237] Compiling C object thunarx/libthunarx-3.so.0.0.0.p/thunarx-property-page-provider.c.o
[23/237] Generating gdbus header thunar/thunar-thumbnail-cache-proxy.h
[24/237] Compiling C object thunarx/libthunarx-3.so.0.0.0.p/thunarx-renamer-provider.c.o
[25/237] Generating gdbus source thunar/thunar-thumbnailer-proxy.c
[26/237] Generating gdbus header thunar/thunar-thumbnailer-proxy.h
[27/237] Compiling C object thunarx/libthunarx-3.so.0.0.0.p/thunarx-provider-factory.c.o
[28/237] Compiling C object thunarx/libthunarx-3.so.0.0.0.p/thunarx-preferences-provider.c.o
[29/237] Compiling C object thunarx/libthunarx-3.so.0.0.0.p/thunarx-property-page.c.o
[30/237] Compiling C object thunarx/libthunarx-3.so.0.0.0.p/thunarx-renamer.c.o
[31/237] Compiling C object plugins/thunar-apr/thunar-apr.so.p/thunar-apr-private.c.o
[32/237] Compiling C object plugins/thunar-apr/thunar-apr.so.p/thunar-apr-abstract-page.c.o
[33/237] Compiling C object examples/tex-open-terminal/tex-open-terminal.so.p/tex-open-terminal-plugin.c.o
[34/237] Compiling C object plugins/thunar-apr/thunar-apr.so.p/thunar-apr-image-page.c.o
[35/237] Compiling C object examples/tex-open-terminal/tex-open-terminal.so.p/tex-open-terminal.c.o
[36/237] Linking target thunarx/libthunarx-3.so.0.0.0
[37/237] Compiling C object thunar/libthunar.a.p/meson-generated_.._thunar-marshal.c.o
[38/237] Compiling C object thunar/libthunar.a.p/meson-generated_.._thunar-dbus-freedesktop-interfaces.c.o
[39/237] Compiling C object thunar/libthunar.a.p/meson-generated_.._thunar.gresource.c.o
[40/237] Compiling C object plugins/thunar-apr/thunar-apr.so.p/thunar-apr-desktop-page.c.o
[41/237] Compiling C object thunar/libthunar.a.p/meson-generated_.._thunar-thumbnail-cache-proxy.c.o
[42/237] Compiling C object plugins/thunar-apr/thunar-apr.so.p/thunar-apr-plugin.c.o
[43/237] Compiling C object plugins/thunar-apr/thunar-apr.so.p/thunar-apr-provider.c.o
[44/237] Compiling C object plugins/thunar-sbr/thunar-sbr.so.p/thunar-sbr-case-renamer.c.o
[45/237] Compiling C object thunar/libthunar.a.p/thunar-abstract-dialog.c.o
[46/237] Compiling C object thunar/libthunar.a.p/thunar-chooser-button.c.o
[47/237] Compiling C object thunar/libthunar.a.p/meson-generated_.._thunar-thumbnailer-proxy.c.o
[48/237] Compiling C object thunar/libthunar.a.p/thunar-component.c.o
[49/237] Compiling C object thunar/libthunar.a.p/thunar-chooser-dialog.c.o
[50/237] Compiling C object thunar/libthunar.a.p/thunar-column-editor.c.o
[51/237] Compiling C object thunar/libthunar.a.p/thunar-abstract-icon-view.c.o
[52/237] Compiling C object thunar/libthunar.a.p/thunar-browser.c.o
[53/237] Compiling C object thunar/libthunar.a.p/thunar-compact-view.c.o
[54/237] Compiling C object thunar/libthunar.a.p/meson-generated_.._thunar-dbus-service-infos.c.o
[55/237] Compiling C object thunar/libthunar.a.p/thunar-column-model.c.o
[56/237] Compiling C object thunar/libthunar.a.p/thunar-chooser-model.c.o
[57/237] Compiling C object thunar/libthunar.a.p/thunar-clipboard-manager.c.o
[58/237] Compiling C object thunar/libthunar.a.p/thunar-action-manager.c.o
[59/237] Compiling C object thunar/libthunar.a.p/thunar-device-monitor.c.o
[60/237] Compiling C object thunar/libthunar.a.p/thunar-dbus-service.c.o
[61/237] Compiling C object thunar/libthunar.a.p/thunar-deep-count-job.c.o
[62/237] Compiling C object thunar/libthunar.a.p/thunar-device.c.o
[63/237] Compiling C object thunar/libthunar.a.p/thunar-details-view.c.o
[64/237] Compiling C object thunar/libthunar.a.p/thunar-emblem-chooser.c.o
[65/237] Compiling C object thunar/libthunar.a.p/thunar-gobject-extensions.c.o
[66/237] Compiling C object thunar/libthunar.a.p/thunar-dnd.c.o
[67/237] Compiling C object thunar/libthunar.a.p/thunar-ice.c.o
[68/237] Compiling C object thunar/libthunar.a.p/thunar-gdk-extensions.c.o
[69/237] Compiling C object thunar/libthunar.a.p/thunar-enum-types.c.o
[70/237] Compiling C object thunar/libthunar.a.p/thunar-dialogs.c.o
[71/237] Compiling C object thunar/libthunar.a.p/thunar-folder.c.o
[72/237] Compiling C object thunar/libthunar.a.p/thunar-application.c.o
[73/237] Compiling C object thunar/libthunar.a.p/thunar-gtk-extensions.c.o
[74/237] Compiling C object thunar/libthunar.a.p/thunar-icon-view.c.o
[75/237] Compiling C object thunar/libthunar.a.p/thunar-icon-factory.c.o
[76/237] Compiling C object thunar/libthunar.a.p/thunar-io-jobs-util.c.o
[77/237] Compiling C object thunar/libthunar.a.p/thunar-icon-renderer.c.o
[78/237] Compiling C object thunar/libthunar.a.p/thunar-io-scan-directory.c.o
[79/237] Compiling C object thunar/libthunar.a.p/thunar-file.c.o
[80/237] Compiling C object thunar/libthunar.a.p/thunar-history.c.o
[81/237] Compiling C object thunar/libthunar.a.p/thunar-image.c.o
[82/237] Compiling C object thunar/libthunar.a.p/thunar-location-bar.c.o
[83/237] Compiling C object thunar/libthunar.a.p/thunar-pango-extensions.c.o
[84/237] Compiling C object thunar/libthunar.a.p/thunar-job.c.o
[85/237] Compiling C object thunar/libthunar.a.p/thunar-location-button.c.o
[86/237] Compiling C object thunar/libthunar.a.p/thunar-menu.c.o
[87/237] Compiling C object thunar/libthunar.a.p/thunar-location-entry.c.o
[88/237] Compiling C object thunar/libthunar.a.p/thunar-gio-extensions.c.o
[89/237] Compiling C object thunar/libthunar.a.p/thunar-location-buttons.c.o
[90/237] Compiling C object thunar/libthunar.a.p/thunar-job-operation-history.c.o
[91/237] Compiling C object thunar/libthunar.a.p/thunar-navigator.c.o
[92/237] Compiling C object thunar/libthunar.a.p/thunar-job-operation.c.o
[93/237] Compiling C object thunar/libthunar.a.p/thunar-notify.c.o
[94/237] Compiling C object thunar/libthunar.a.p/thunar-io-jobs.c.o
[95/237] Compiling C object thunar/libthunar.a.p/thunar-preferences.c.o
[96/237] Compiling C object thunar/libthunar.a.p/thunar-permissions-chooser.c.o
[97/237] Compiling C object thunar/libthunar.a.p/thunar-path-entry.c.o
[98/237] Compiling C object thunar/libthunar.a.p/thunar-progress-view.c.o
[99/237] Compiling C object thunar/libthunar.a.p/thunar-preferences-dialog.c.o
[100/237] Compiling C object thunar/libthunar.a.p/thunar-sendto-model.c.o
[101/237] Compiling C object thunar/libthunar.a.p/thunar-progress-dialog.c.o
[102/237] Compiling C object thunar/libthunar.a.p/thunar-renamer-pair.c.o
[103/237] Compiling C object thunar/libthunar.a.p/thunar-shortcuts-icon-renderer.c.o
[104/237] Compiling C object thunar/libthunar.a.p/thunar-renamer-model.c.o
[105/237] Compiling C object thunar/libthunar.a.p/thunar-renamer-progress.c.o
[106/237] Compiling C object thunar/libthunar.a.p/thunar-properties-dialog.c.o
[107/237] Compiling C object thunar/libthunar.a.p/thunar-shortcuts-pane.c.o
[108/237] Compiling C object thunar/libthunar.a.p/thunar-side-pane.c.o
[109/237] Compiling C object thunar/libthunar.a.p/thunar-size-label.c.o
[110/237] Compiling C object thunar/libthunar.a.p/thunar-simple-job.c.o
[111/237] Compiling C object thunar/libthunar.a.p/thunar-renamer-dialog.c.o
[112/237] Compiling C object thunar/libthunar.a.p/thunar-shortcuts-model.c.o
[113/237] Compiling C object thunar/libthunar.a.p/thunar-shortcuts-view.c.o
[114/237] Compiling C object thunar/libthunar.a.p/thunar-text-renderer.c.o
[115/237] Compiling C object thunar/libthunar.a.p/thunar-statusbar.c.o
[116/237] Compiling C object thunar/libthunar.a.p/thunar-session-client.c.o
[117/237] Compiling C object thunar/libthunar.a.p/thunar-toolbar-editor.c.o
[118/237] Compiling C object thunar/libthunar.a.p/thunar-shortcuts-name-renderer.c.o
[119/237] Compiling C object thunar/libthunar.a.p/thunar-thumbnail-cache.c.o
[120/237] Generating symbol file thunarx/libthunarx-3.so.0.0.0.p/libthunarx-3.so.0.0.0.symbols
[121/237] Compiling C object thunar/libthunar.a.p/thunar-view.c.o
[122/237] Compiling C object thunar/libthunar.a.p/thunar-tree-model.c.o
[123/237] Compiling C object thunar/libthunar.a.p/thunar-thumbnailer.c.o
[124/237] Compiling C object thunar/libthunar.a.p/thunar-user.c.o
[125/237] Compiling C object thunar/libthunar.a.p/thunar-standard-view.c.o
[126/237] Compiling C object thunar/libthunar.a.p/thunar-tree-view.c.o
[127/237] Compiling C object thunar/libthunar.a.p/thunar-util.c.o
[128/237] Compiling C object thunar/libthunar.a.p/thunar-tree-pane.c.o
[129/237] Compiling C object plugins/thunar-sbr/thunar-sbr.so.p/thunar-sbr-enum-types.c.o
[130/237] Compiling C object thunar/libthunar.a.p/thunar-transfer-job.c.o
[131/237] Compiling C object plugins/thunar-sbr/thunar-sbr.so.p/thunar-sbr-insert-renamer.c.o
[132/237] Compiling C object plugins/thunar-sbr/thunar-sbr.so.p/thunar-sbr-provider.c.o
[133/237] Compiling C object plugins/thunar-sbr/thunar-sbr.so.p/thunar-sbr-number-renamer.c.o
[134/237] Compiling C object plugins/thunar-sbr/thunar-sbr.so.p/thunar-sbr-date-renamer.c.o
[135/237] Compiling C object plugins/thunar-uca/thunar-uca.so.p/meson-generated_.._thunar-uca.gresource.c.o
[136/237] Compiling C object plugins/thunar-sbr/thunar-sbr.so.p/thunar-sbr-plugin.c.o
[137/237] Compiling C object plugins/thunar-uca/thunar-uca.so.p/thunar-uca-private.c.o
[138/237] Compiling C object thunar/libthunar.a.p/thunar-tree-view-model.c.o
[139/237] Compiling C object plugins/thunar-sbr/thunar-sbr.so.p/thunar-sbr-replace-renamer.c.o
[140/237] Compiling C object plugins/thunar-uca/thunar-uca.so.p/thunar-uca-chooser.c.o
[141/237] Compiling C object plugins/thunar-sendto-email/thunar-sendto-email.p/main.c.o
[142/237] Compiling C object plugins/thunar-sbr/thunar-sbr.so.p/thunar-sbr-remove-renamer.c.o
[143/237] Compiling C object plugins/thunar-uca/thunar-uca.so.p/thunar-uca-plugin.c.o
[144/237] Compiling C object plugins/thunar-uca/thunar-uca.so.p/thunar-uca-context.c.o
[145/237] Compiling C object tests/test-resolve-symlink.p/test-resolve-symlink.c.o
[146/237] Generating docs/Thunar.1 with a custom command
Note: Writing Thunar.1
[147/237] Linking target examples/tex-open-terminal/tex-open-terminal.so
[148/237] Compiling C object plugins/thunar-uca/thunar-uca.so.p/thunar-uca-provider.c.o
[149/237] Compiling C object plugins/thunar-wallpaper/thunar-wallpaper-plugin.so.p/thunar-wallpaper-plugin.c.o
[150/237] Linking target plugins/thunar-apr/thunar-apr.so
[151/237] Compiling C object plugins/thunar-wallpaper/thunar-wallpaper-plugin.so.p/twp-provider.c.o
[152/237] Compiling C object plugins/thunar-uca/thunar-uca.so.p/thunar-uca-editor.c.o
[153/237] Linking target plugins/thunar-sbr/thunar-sbr.so
[154/237] Building translation po/ar/LC_MESSAGES/thunar-ar.mo
[155/237] Building translation po/am/LC_MESSAGES/thunar-am.mo
[156/237] Compiling C object thunar/thunar.p/main.c.o
[157/237] Building translation po/ast/LC_MESSAGES/thunar-ast.mo
[158/237] Building translation po/be/LC_MESSAGES/thunar-be.mo
[159/237] Building translation po/ca/LC_MESSAGES/thunar-ca.mo
[160/237] Building translation po/bg/LC_MESSAGES/thunar-bg.mo
[161/237] Building translation po/bn/LC_MESSAGES/thunar-bn.mo
[162/237] Building translation po/cs/LC_MESSAGES/thunar-cs.mo
[163/237] Linking target plugins/thunar-wallpaper/thunar-wallpaper-plugin.so
[164/237] Linking target plugins/thunar-sendto-email/thunar-sendto-email
[165/237] Building translation po/da/LC_MESSAGES/thunar-da.mo
[166/237] Building translation po/de/LC_MESSAGES/thunar-de.mo
[167/237] Building translation po/el/LC_MESSAGES/thunar-el.mo
[168/237] Building translation po/en_AU/LC_MESSAGES/thunar-en_AU.mo
[169/237] Building translation po/en_GB/LC_MESSAGES/thunar-en_GB.mo
[170/237] Building translation po/eo/LC_MESSAGES/thunar-eo.mo
[171/237] Building translation po/et/LC_MESSAGES/thunar-et.mo
[172/237] Building translation po/es/LC_MESSAGES/thunar-es.mo
[173/237] Building translation po/fi/LC_MESSAGES/thunar-fi.mo
[174/237] Building translation po/fa_IR/LC_MESSAGES/thunar-fa_IR.mo
[175/237] Building translation po/eu/LC_MESSAGES/thunar-eu.mo
[176/237] Building translation po/fr/LC_MESSAGES/thunar-fr.mo
[177/237] Building translation po/he/LC_MESSAGES/thunar-he.mo
[178/237] Building translation po/gl/LC_MESSAGES/thunar-gl.mo
[179/237] Building translation po/hr/LC_MESSAGES/thunar-hr.mo
[180/237] Building translation po/hy/LC_MESSAGES/thunar-hy.mo
[181/237] Building translation po/id/LC_MESSAGES/thunar-id.mo
[182/237] Building translation po/hu/LC_MESSAGES/thunar-hu.mo
[183/237] Building translation po/hy_AM/LC_MESSAGES/thunar-hy_AM.mo
[184/237] Building translation po/hye/LC_MESSAGES/thunar-hye.mo
[185/237] Building translation po/is/LC_MESSAGES/thunar-is.mo
[186/237] Building translation po/ie/LC_MESSAGES/thunar-ie.mo
[187/237] Building translation po/it/LC_MESSAGES/thunar-it.mo
[188/237] Building translation po/kk/LC_MESSAGES/thunar-kk.mo
[189/237] Building translation po/ka/LC_MESSAGES/thunar-ka.mo
[190/237] Building translation po/ja/LC_MESSAGES/thunar-ja.mo
[191/237] Building translation po/lt/LC_MESSAGES/thunar-lt.mo
[192/237] Building translation po/ko/LC_MESSAGES/thunar-ko.mo
[193/237] Building translation po/ms/LC_MESSAGES/thunar-ms.mo
[194/237] Building translation po/lv/LC_MESSAGES/thunar-lv.mo
[195/237] Building translation po/nb/LC_MESSAGES/thunar-nb.mo
[196/237] Building translation po/nl/LC_MESSAGES/thunar-nl.mo
[197/237] Building translation po/nn/LC_MESSAGES/thunar-nn.mo
[198/237] Building translation po/pl/LC_MESSAGES/thunar-pl.mo
[199/237] Building translation po/oc/LC_MESSAGES/thunar-oc.mo
[200/237] Building translation po/pt_BR/LC_MESSAGES/thunar-pt_BR.mo
[201/237] Building translation po/pa/LC_MESSAGES/thunar-pa.mo
[202/237] Building translation po/ro/LC_MESSAGES/thunar-ro.mo
[203/237] Building translation po/ru/LC_MESSAGES/thunar-ru.mo
[204/237] Building translation po/pt/LC_MESSAGES/thunar-pt.mo
[205/237] Building translation po/si/LC_MESSAGES/thunar-si.mo
[206/237] Building translation po/sl/LC_MESSAGES/thunar-sl.mo
[207/237] Building translation po/sk/LC_MESSAGES/thunar-sk.mo
[208/237] Building translation po/sq/LC_MESSAGES/thunar-sq.mo
[209/237] Building translation po/sv/LC_MESSAGES/thunar-sv.mo
[210/237] Building translation po/te/LC_MESSAGES/thunar-te.mo
[211/237] Building translation po/sr/LC_MESSAGES/thunar-sr.mo
[212/237] Building translation po/th/LC_MESSAGES/thunar-th.mo
[213/237] Building translation po/ur_PK/LC_MESSAGES/thunar-ur_PK.mo
[214/237] Building translation po/tr/LC_MESSAGES/thunar-tr.mo
[215/237] Building translation po/ur/LC_MESSAGES/thunar-ur.mo
[216/237] Building translation po/uk/LC_MESSAGES/thunar-uk.mo
[217/237] Building translation po/ug/LC_MESSAGES/thunar-ug.mo
[218/237] Building translation po/vec/LC_MESSAGES/thunar-vec.mo
[219/237] Building translation po/zh_CN/LC_MESSAGES/thunar-zh_CN.mo
[220/237] Building translation po/vi/LC_MESSAGES/thunar-vi.mo
[221/237] Building translation po/zh_HK/LC_MESSAGES/thunar-zh_HK.mo
[222/237] Building translation po/zh_TW/LC_MESSAGES/thunar-zh_TW.mo
[223/237] Merging translations for thunar-bulk-rename.desktop
[224/237] Generating thunarx/Thunarx-3.0.gir with a custom command (wrapped by meson to set env)
libhogweed.so.6: cannot open shared object file: No such file or directory
Failed to load module: /usr/lib/gio/modules/libgiognutls.so
[225/237] Merging translations for org.xfce.thunar.policy
[226/237] Merging translations for thunar.desktop
[227/237] Compiling C object plugins/thunar-uca/thunar-uca.so.p/thunar-uca-model.c.o
[228/237] Linking target plugins/thunar-uca/thunar-uca.so
[229/237] Merging translations for plugins/thunar-uca/uca.xml
[230/237] Merging translations for org.xfce.thunar.appdata.xml
[231/237] Compiling C object thunar/libthunar.a.p/thunar-window.c.o
../thunar/thunar-window.c: In function ‘thunar_window_switch_current_view’:
../thunar/thunar-window.c:2465:18: warning: unused variable ‘terminal’ [-Wunused-variable]
 2465 |   GtkWidget     *terminal;
      |                  ^~~~~~~~
[232/237] Linking static target thunar/libthunar.a
[233/237] Merging translations for plugins/thunar-sendto-email/thunar-sendto-email.desktop
[234/237] Generating thunarx/Thunarx-3.0.typelib with a custom command
libhogweed.so.6: cannot open shared object file: No such file or directory
Failed to load module: /usr/lib/gio/modules/libgiognutls.so
[235/237] Linking target thunar/thunar
[236/237] Linking target tests/test-resolve-symlink
[237/237] Merging translations for thunar/thunar-settings.desktop
[1/7] Generating xfce-revision.h with a custom command
[1/2] Installing files
Installing thunar-bulk-rename.desktop to /pkgs/thunar/usr/share/applications
Installing thunar.desktop to /pkgs/thunar/usr/share/applications
Installing org.xfce.thunar.policy to /pkgs/thunar/usr/share/polkit-1/actions
Installing org.xfce.thunar.appdata.xml to /pkgs/thunar/usr/share/metainfo
Installing docs/Thunar.1 to /pkgs/thunar/usr/share/man/man1
Installing thunarx/libthunarx-3.so.0.0.0 to /pkgs/thunar/usr/lib
Installing thunarx/Thunarx-3.0.gir to /pkgs/thunar/usr/share/gir-1.0
Installing thunarx/Thunarx-3.0.typelib to /pkgs/thunar/usr/lib/girepository-1.0
Installing plugins/thunar-apr/thunar-apr.so to /pkgs/thunar/usr/lib/thunarx-3
Installing plugins/thunar-sbr/thunar-sbr.so to /pkgs/thunar/usr/lib/thunarx-3
Installing plugins/thunar-sendto-email/thunar-sendto-email to /pkgs/thunar/usr/lib/Thunar
Installing plugins/thunar-sendto-email/thunar-sendto-email.desktop to /pkgs/thunar/usr/share/Thunar/sendto
Installing plugins/thunar-uca/thunar-uca.so to /pkgs/thunar/usr/lib/thunarx-3
Installing plugins/thunar-uca/uca.xml to /pkgs/thunar/etc/xdg/Thunar
Installing plugins/thunar-wallpaper/thunar-wallpaper-plugin.so to /pkgs/thunar/usr/lib/thunarx-3
Installing po/am/LC_MESSAGES/thunar.mo to /pkgs/thunar/usr/share/locale/am/LC_MESSAGES
Installing po/ar/LC_MESSAGES/thunar.mo to /pkgs/thunar/usr/share/locale/ar/LC_MESSAGES
Installing po/ast/LC_MESSAGES/thunar.mo to /pkgs/thunar/usr/share/locale/ast/LC_MESSAGES
Installing po/be/LC_MESSAGES/thunar.mo to /pkgs/thunar/usr/share/locale/be/LC_MESSAGES
Installing po/bg/LC_MESSAGES/thunar.mo to /pkgs/thunar/usr/share/locale/bg/LC_MESSAGES
Installing po/bn/LC_MESSAGES/thunar.mo to /pkgs/thunar/usr/share/locale/bn/LC_MESSAGES
Installing po/ca/LC_MESSAGES/thunar.mo to /pkgs/thunar/usr/share/locale/ca/LC_MESSAGES
Installing po/cs/LC_MESSAGES/thunar.mo to /pkgs/thunar/usr/share/locale/cs/LC_MESSAGES
Installing po/da/LC_MESSAGES/thunar.mo to /pkgs/thunar/usr/share/locale/da/LC_MESSAGES
Installing po/de/LC_MESSAGES/thunar.mo to /pkgs/thunar/usr/share/locale/de/LC_MESSAGES
Installing po/el/LC_MESSAGES/thunar.mo to /pkgs/thunar/usr/share/locale/el/LC_MESSAGES
Installing po/en_AU/LC_MESSAGES/thunar.mo to /pkgs/thunar/usr/share/locale/en_AU/LC_MESSAGES
Installing po/en_GB/LC_MESSAGES/thunar.mo to /pkgs/thunar/usr/share/locale/en_GB/LC_MESSAGES
Installing po/eo/LC_MESSAGES/thunar.mo to /pkgs/thunar/usr/share/locale/eo/LC_MESSAGES
Installing po/es/LC_MESSAGES/thunar.mo to /pkgs/thunar/usr/share/locale/es/LC_MESSAGES
Installing po/et/LC_MESSAGES/thunar.mo to /pkgs/thunar/usr/share/locale/et/LC_MESSAGES
Installing po/eu/LC_MESSAGES/thunar.mo to /pkgs/thunar/usr/share/locale/eu/LC_MESSAGES
Installing po/fa_IR/LC_MESSAGES/thunar.mo to /pkgs/thunar/usr/share/locale/fa_IR/LC_MESSAGES
Installing po/fi/LC_MESSAGES/thunar.mo to /pkgs/thunar/usr/share/locale/fi/LC_MESSAGES
Installing po/fr/LC_MESSAGES/thunar.mo to /pkgs/thunar/usr/share/locale/fr/LC_MESSAGES
Installing po/gl/LC_MESSAGES/thunar.mo to /pkgs/thunar/usr/share/locale/gl/LC_MESSAGES
Installing po/he/LC_MESSAGES/thunar.mo to /pkgs/thunar/usr/share/locale/he/LC_MESSAGES
Installing po/hr/LC_MESSAGES/thunar.mo to /pkgs/thunar/usr/share/locale/hr/LC_MESSAGES
Installing po/hu/LC_MESSAGES/thunar.mo to /pkgs/thunar/usr/share/locale/hu/LC_MESSAGES
Installing po/hy_AM/LC_MESSAGES/thunar.mo to /pkgs/thunar/usr/share/locale/hy_AM/LC_MESSAGES
Installing po/hye/LC_MESSAGES/thunar.mo to /pkgs/thunar/usr/share/locale/hye/LC_MESSAGES
Installing po/hy/LC_MESSAGES/thunar.mo to /pkgs/thunar/usr/share/locale/hy/LC_MESSAGES
Installing po/id/LC_MESSAGES/thunar.mo to /pkgs/thunar/usr/share/locale/id/LC_MESSAGES
Installing po/ie/LC_MESSAGES/thunar.mo to /pkgs/thunar/usr/share/locale/ie/LC_MESSAGES
Installing po/is/LC_MESSAGES/thunar.mo to /pkgs/thunar/usr/share/locale/is/LC_MESSAGES
Installing po/it/LC_MESSAGES/thunar.mo to /pkgs/thunar/usr/share/locale/it/LC_MESSAGES
Installing po/ja/LC_MESSAGES/thunar.mo to /pkgs/thunar/usr/share/locale/ja/LC_MESSAGES
Installing po/ka/LC_MESSAGES/thunar.mo to /pkgs/thunar/usr/share/locale/ka/LC_MESSAGES
Installing po/kk/LC_MESSAGES/thunar.mo to /pkgs/thunar/usr/share/locale/kk/LC_MESSAGES
Installing po/ko/LC_MESSAGES/thunar.mo to /pkgs/thunar/usr/share/locale/ko/LC_MESSAGES
Installing po/lt/LC_MESSAGES/thunar.mo to /pkgs/thunar/usr/share/locale/lt/LC_MESSAGES
Installing po/lv/LC_MESSAGES/thunar.mo to /pkgs/thunar/usr/share/locale/lv/LC_MESSAGES
Installing po/ms/LC_MESSAGES/thunar.mo to /pkgs/thunar/usr/share/locale/ms/LC_MESSAGES
Installing po/nb/LC_MESSAGES/thunar.mo to /pkgs/thunar/usr/share/locale/nb/LC_MESSAGES
Installing po/nl/LC_MESSAGES/thunar.mo to /pkgs/thunar/usr/share/locale/nl/LC_MESSAGES
Installing po/nn/LC_MESSAGES/thunar.mo to /pkgs/thunar/usr/share/locale/nn/LC_MESSAGES
Installing po/oc/LC_MESSAGES/thunar.mo to /pkgs/thunar/usr/share/locale/oc/LC_MESSAGES
Installing po/pa/LC_MESSAGES/thunar.mo to /pkgs/thunar/usr/share/locale/pa/LC_MESSAGES
Installing po/pl/LC_MESSAGES/thunar.mo to /pkgs/thunar/usr/share/locale/pl/LC_MESSAGES
Installing po/pt_BR/LC_MESSAGES/thunar.mo to /pkgs/thunar/usr/share/locale/pt_BR/LC_MESSAGES
Installing po/pt/LC_MESSAGES/thunar.mo to /pkgs/thunar/usr/share/locale/pt/LC_MESSAGES
Installing po/ro/LC_MESSAGES/thunar.mo to /pkgs/thunar/usr/share/locale/ro/LC_MESSAGES
Installing po/ru/LC_MESSAGES/thunar.mo to /pkgs/thunar/usr/share/locale/ru/LC_MESSAGES
Installing po/si/LC_MESSAGES/thunar.mo to /pkgs/thunar/usr/share/locale/si/LC_MESSAGES
Installing po/sk/LC_MESSAGES/thunar.mo to /pkgs/thunar/usr/share/locale/sk/LC_MESSAGES
Installing po/sl/LC_MESSAGES/thunar.mo to /pkgs/thunar/usr/share/locale/sl/LC_MESSAGES
Installing po/sq/LC_MESSAGES/thunar.mo to /pkgs/thunar/usr/share/locale/sq/LC_MESSAGES
Installing po/sr/LC_MESSAGES/thunar.mo to /pkgs/thunar/usr/share/locale/sr/LC_MESSAGES
Installing po/sv/LC_MESSAGES/thunar.mo to /pkgs/thunar/usr/share/locale/sv/LC_MESSAGES
Installing po/te/LC_MESSAGES/thunar.mo to /pkgs/thunar/usr/share/locale/te/LC_MESSAGES
Installing po/th/LC_MESSAGES/thunar.mo to /pkgs/thunar/usr/share/locale/th/LC_MESSAGES
Installing po/tr/LC_MESSAGES/thunar.mo to /pkgs/thunar/usr/share/locale/tr/LC_MESSAGES
Installing po/ug/LC_MESSAGES/thunar.mo to /pkgs/thunar/usr/share/locale/ug/LC_MESSAGES
Installing po/uk/LC_MESSAGES/thunar.mo to /pkgs/thunar/usr/share/locale/uk/LC_MESSAGES
Installing po/ur_PK/LC_MESSAGES/thunar.mo to /pkgs/thunar/usr/share/locale/ur_PK/LC_MESSAGES
Installing po/ur/LC_MESSAGES/thunar.mo to /pkgs/thunar/usr/share/locale/ur/LC_MESSAGES
Installing po/vec/LC_MESSAGES/thunar.mo to /pkgs/thunar/usr/share/locale/vec/LC_MESSAGES
Installing po/vi/LC_MESSAGES/thunar.mo to /pkgs/thunar/usr/share/locale/vi/LC_MESSAGES
Installing po/zh_CN/LC_MESSAGES/thunar.mo to /pkgs/thunar/usr/share/locale/zh_CN/LC_MESSAGES
Installing po/zh_HK/LC_MESSAGES/thunar.mo to /pkgs/thunar/usr/share/locale/zh_HK/LC_MESSAGES
Installing po/zh_TW/LC_MESSAGES/thunar.mo to /pkgs/thunar/usr/share/locale/zh_TW/LC_MESSAGES
Installing thunar/thunar to /pkgs/thunar/usr/bin
Installing thunar/thunar-settings.desktop to /pkgs/thunar/usr/share/applications
Installing /blfs/builds/thunar-4.21.5/thunarx/thunarx-file-info.h to /pkgs/thunar/usr/include/thunarx-3/thunarx
Installing /blfs/builds/thunar-4.21.5/thunarx/thunarx-menu-item.h to /pkgs/thunar/usr/include/thunarx-3/thunarx
Installing /blfs/builds/thunar-4.21.5/thunarx/thunarx-menu-provider.h to /pkgs/thunar/usr/include/thunarx-3/thunarx
Installing /blfs/builds/thunar-4.21.5/thunarx/thunarx-menu.h to /pkgs/thunar/usr/include/thunarx-3/thunarx
Installing /blfs/builds/thunar-4.21.5/thunarx/thunarx-preferences-provider.h to /pkgs/thunar/usr/include/thunarx-3/thunarx
Installing /blfs/builds/thunar-4.21.5/thunarx/thunarx-property-page-provider.h to /pkgs/thunar/usr/include/thunarx-3/thunarx
Installing /blfs/builds/thunar-4.21.5/thunarx/thunarx-property-page.h to /pkgs/thunar/usr/include/thunarx-3/thunarx
Installing /blfs/builds/thunar-4.21.5/thunarx/thunarx-provider-factory.h to /pkgs/thunar/usr/include/thunarx-3/thunarx
Installing /blfs/builds/thunar-4.21.5/thunarx/thunarx-provider-module.h to /pkgs/thunar/usr/include/thunarx-3/thunarx
Installing /blfs/builds/thunar-4.21.5/thunarx/thunarx-provider-plugin.h to /pkgs/thunar/usr/include/thunarx-3/thunarx
Installing /blfs/builds/thunar-4.21.5/thunarx/thunarx-renamer-provider.h to /pkgs/thunar/usr/include/thunarx-3/thunarx
Installing /blfs/builds/thunar-4.21.5/thunarx/thunarx-renamer.h to /pkgs/thunar/usr/include/thunarx-3/thunarx
Installing /blfs/builds/thunar-4.21.5/thunarx/thunarx.h to /pkgs/thunar/usr/include/thunarx-3/thunarx
Installing /blfs/builds/thunar-4.21.5/build/thunarx/thunarx-config.h to /pkgs/thunar/usr/include/thunarx-3/thunarx
Installing /blfs/builds/thunar-4.21.5/build/org.xfce.FileManager.service to /pkgs/thunar/usr/share/dbus-1/services
Installing /blfs/builds/thunar-4.21.5/build/org.xfce.Thunar.FileManager1.service to /pkgs/thunar/usr/share/dbus-1/services
Installing /blfs/builds/thunar-4.21.5/build/org.xfce.Thunar.service to /pkgs/thunar/usr/share/dbus-1/services
Installing /blfs/builds/thunar-4.21.5/build/thunar.service to /pkgs/thunar/usr/lib/systemd/user
Installing /blfs/builds/thunar-4.21.5/docs/README.gtkrc to /pkgs/thunar/usr/share/doc/thunar
Installing /blfs/builds/thunar-4.21.5/build/meson-private/thunarx-3.pc to /pkgs/thunar/usr/lib/pkgconfig
Installing /blfs/builds/thunar-4.21.5/icons/16x16/stock_folder-copy.png to /pkgs/thunar/usr/share/icons/hicolor/16x16/stock/navigation
Installing /blfs/builds/thunar-4.21.5/icons/24x24/stock_folder-copy.png to /pkgs/thunar/usr/share/icons/hicolor/24x24/stock/navigation
Installing /blfs/builds/thunar-4.21.5/icons/16x16/stock_folder-move.png to /pkgs/thunar/usr/share/icons/hicolor/16x16/stock/navigation
Installing /blfs/builds/thunar-4.21.5/icons/24x24/stock_folder-move.png to /pkgs/thunar/usr/share/icons/hicolor/24x24/stock/navigation
Installing /blfs/builds/thunar-4.21.5/icons/16x16/org.xfce.thunar.png to /pkgs/thunar/usr/share/icons/hicolor/16x16/apps
Installing /blfs/builds/thunar-4.21.5/icons/48x48/org.xfce.thunar.png to /pkgs/thunar/usr/share/icons/hicolor/48x48/apps
Installing /blfs/builds/thunar-4.21.5/icons/128x128/org.xfce.thunar.png to /pkgs/thunar/usr/share/icons/hicolor/128x128/apps
Installing /blfs/builds/thunar-4.21.5/icons/scalable/org.xfce.thunar.svg to /pkgs/thunar/usr/share/icons/hicolor/scalable/apps
Installing /blfs/builds/thunar-4.21.5/thunar/thunar-settings to /pkgs/thunar/usr/bin
Installing symlink pointing to libthunarx-3.so.0.0.0 to /pkgs/thunar/usr/lib/libthunarx-3.so.0
Installing symlink pointing to libthunarx-3.so.0 to /pkgs/thunar/usr/lib/libthunarx-3.so
Installing symlink pointing to thunar to /pkgs/thunar/usr/bin/Thunar
[1/7] Generating xfce-revision.h with a custom command
[1/2] Installing files
Installing thunar-bulk-rename.desktop to /usr/share/applications
Installing thunar.desktop to /usr/share/applications
Installing org.xfce.thunar.policy to /usr/share/polkit-1/actions
Installing org.xfce.thunar.appdata.xml to /usr/share/metainfo
Installing docs/Thunar.1 to /usr/share/man/man1
Installing thunarx/libthunarx-3.so.0.0.0 to /usr/lib
Installing thunarx/Thunarx-3.0.gir to /usr/share/gir-1.0
Installing thunarx/Thunarx-3.0.typelib to /usr/lib/girepository-1.0
Installing plugins/thunar-apr/thunar-apr.so to /usr/lib/thunarx-3
Installing plugins/thunar-sbr/thunar-sbr.so to /usr/lib/thunarx-3
Installing plugins/thunar-sendto-email/thunar-sendto-email to /usr/lib/Thunar
Installing plugins/thunar-sendto-email/thunar-sendto-email.desktop to /usr/share/Thunar/sendto
Installing plugins/thunar-uca/thunar-uca.so to /usr/lib/thunarx-3
Installing plugins/thunar-uca/uca.xml to /etc/xdg/Thunar
Installing plugins/thunar-wallpaper/thunar-wallpaper-plugin.so to /usr/lib/thunarx-3
Installing po/am/LC_MESSAGES/thunar.mo to /usr/share/locale/am/LC_MESSAGES
Installing po/ar/LC_MESSAGES/thunar.mo to /usr/share/locale/ar/LC_MESSAGES
Installing po/ast/LC_MESSAGES/thunar.mo to /usr/share/locale/ast/LC_MESSAGES
Installing po/be/LC_MESSAGES/thunar.mo to /usr/share/locale/be/LC_MESSAGES
Installing po/bg/LC_MESSAGES/thunar.mo to /usr/share/locale/bg/LC_MESSAGES
Installing po/bn/LC_MESSAGES/thunar.mo to /usr/share/locale/bn/LC_MESSAGES
Installing po/ca/LC_MESSAGES/thunar.mo to /usr/share/locale/ca/LC_MESSAGES
Installing po/cs/LC_MESSAGES/thunar.mo to /usr/share/locale/cs/LC_MESSAGES
Installing po/da/LC_MESSAGES/thunar.mo to /usr/share/locale/da/LC_MESSAGES
Installing po/de/LC_MESSAGES/thunar.mo to /usr/share/locale/de/LC_MESSAGES
Installing po/el/LC_MESSAGES/thunar.mo to /usr/share/locale/el/LC_MESSAGES
Installing po/en_AU/LC_MESSAGES/thunar.mo to /usr/share/locale/en_AU/LC_MESSAGES
Installing po/en_GB/LC_MESSAGES/thunar.mo to /usr/share/locale/en_GB/LC_MESSAGES
Installing po/eo/LC_MESSAGES/thunar.mo to /usr/share/locale/eo/LC_MESSAGES
Installing po/es/LC_MESSAGES/thunar.mo to /usr/share/locale/es/LC_MESSAGES
Installing po/et/LC_MESSAGES/thunar.mo to /usr/share/locale/et/LC_MESSAGES
Installing po/eu/LC_MESSAGES/thunar.mo to /usr/share/locale/eu/LC_MESSAGES
Installing po/fa_IR/LC_MESSAGES/thunar.mo to /usr/share/locale/fa_IR/LC_MESSAGES
Installing po/fi/LC_MESSAGES/thunar.mo to /usr/share/locale/fi/LC_MESSAGES
Installing po/fr/LC_MESSAGES/thunar.mo to /usr/share/locale/fr/LC_MESSAGES
Installing po/gl/LC_MESSAGES/thunar.mo to /usr/share/locale/gl/LC_MESSAGES
Installing po/he/LC_MESSAGES/thunar.mo to /usr/share/locale/he/LC_MESSAGES
Installing po/hr/LC_MESSAGES/thunar.mo to /usr/share/locale/hr/LC_MESSAGES
Installing po/hu/LC_MESSAGES/thunar.mo to /usr/share/locale/hu/LC_MESSAGES
Installing po/hy_AM/LC_MESSAGES/thunar.mo to /usr/share/locale/hy_AM/LC_MESSAGES
Installing po/hye/LC_MESSAGES/thunar.mo to /usr/share/locale/hye/LC_MESSAGES
Installing po/hy/LC_MESSAGES/thunar.mo to /usr/share/locale/hy/LC_MESSAGES
Installing po/id/LC_MESSAGES/thunar.mo to /usr/share/locale/id/LC_MESSAGES
Installing po/ie/LC_MESSAGES/thunar.mo to /usr/share/locale/ie/LC_MESSAGES
Installing po/is/LC_MESSAGES/thunar.mo to /usr/share/locale/is/LC_MESSAGES
Installing po/it/LC_MESSAGES/thunar.mo to /usr/share/locale/it/LC_MESSAGES
Installing po/ja/LC_MESSAGES/thunar.mo to /usr/share/locale/ja/LC_MESSAGES
Installing po/ka/LC_MESSAGES/thunar.mo to /usr/share/locale/ka/LC_MESSAGES
Installing po/kk/LC_MESSAGES/thunar.mo to /usr/share/locale/kk/LC_MESSAGES
Installing po/ko/LC_MESSAGES/thunar.mo to /usr/share/locale/ko/LC_MESSAGES
Installing po/lt/LC_MESSAGES/thunar.mo to /usr/share/locale/lt/LC_MESSAGES
Installing po/lv/LC_MESSAGES/thunar.mo to /usr/share/locale/lv/LC_MESSAGES
Installing po/ms/LC_MESSAGES/thunar.mo to /usr/share/locale/ms/LC_MESSAGES
Installing po/nb/LC_MESSAGES/thunar.mo to /usr/share/locale/nb/LC_MESSAGES
Installing po/nl/LC_MESSAGES/thunar.mo to /usr/share/locale/nl/LC_MESSAGES
Installing po/nn/LC_MESSAGES/thunar.mo to /usr/share/locale/nn/LC_MESSAGES
Installing po/oc/LC_MESSAGES/thunar.mo to /usr/share/locale/oc/LC_MESSAGES
Installing po/pa/LC_MESSAGES/thunar.mo to /usr/share/locale/pa/LC_MESSAGES
Installing po/pl/LC_MESSAGES/thunar.mo to /usr/share/locale/pl/LC_MESSAGES
Installing po/pt_BR/LC_MESSAGES/thunar.mo to /usr/share/locale/pt_BR/LC_MESSAGES
Installing po/pt/LC_MESSAGES/thunar.mo to /usr/share/locale/pt/LC_MESSAGES
Installing po/ro/LC_MESSAGES/thunar.mo to /usr/share/locale/ro/LC_MESSAGES
Installing po/ru/LC_MESSAGES/thunar.mo to /usr/share/locale/ru/LC_MESSAGES
Installing po/si/LC_MESSAGES/thunar.mo to /usr/share/locale/si/LC_MESSAGES
Installing po/sk/LC_MESSAGES/thunar.mo to /usr/share/locale/sk/LC_MESSAGES
Installing po/sl/LC_MESSAGES/thunar.mo to /usr/share/locale/sl/LC_MESSAGES
Installing po/sq/LC_MESSAGES/thunar.mo to /usr/share/locale/sq/LC_MESSAGES
Installing po/sr/LC_MESSAGES/thunar.mo to /usr/share/locale/sr/LC_MESSAGES
Installing po/sv/LC_MESSAGES/thunar.mo to /usr/share/locale/sv/LC_MESSAGES
Installing po/te/LC_MESSAGES/thunar.mo to /usr/share/locale/te/LC_MESSAGES
Installing po/th/LC_MESSAGES/thunar.mo to /usr/share/locale/th/LC_MESSAGES
Installing po/tr/LC_MESSAGES/thunar.mo to /usr/share/locale/tr/LC_MESSAGES
Installing po/ug/LC_MESSAGES/thunar.mo to /usr/share/locale/ug/LC_MESSAGES
Installing po/uk/LC_MESSAGES/thunar.mo to /usr/share/locale/uk/LC_MESSAGES
Installing po/ur_PK/LC_MESSAGES/thunar.mo to /usr/share/locale/ur_PK/LC_MESSAGES
Installing po/ur/LC_MESSAGES/thunar.mo to /usr/share/locale/ur/LC_MESSAGES
Installing po/vec/LC_MESSAGES/thunar.mo to /usr/share/locale/vec/LC_MESSAGES
Installing po/vi/LC_MESSAGES/thunar.mo to /usr/share/locale/vi/LC_MESSAGES
Installing po/zh_CN/LC_MESSAGES/thunar.mo to /usr/share/locale/zh_CN/LC_MESSAGES
Installing po/zh_HK/LC_MESSAGES/thunar.mo to /usr/share/locale/zh_HK/LC_MESSAGES
Installing po/zh_TW/LC_MESSAGES/thunar.mo to /usr/share/locale/zh_TW/LC_MESSAGES
Installing thunar/thunar to /usr/bin
Installing thunar/thunar-settings.desktop to /usr/share/applications
Installing /blfs/builds/thunar-4.21.5/thunarx/thunarx-file-info.h to /usr/include/thunarx-3/thunarx
Installing /blfs/builds/thunar-4.21.5/thunarx/thunarx-menu-item.h to /usr/include/thunarx-3/thunarx
Installing /blfs/builds/thunar-4.21.5/thunarx/thunarx-menu-provider.h to /usr/include/thunarx-3/thunarx
Installing /blfs/builds/thunar-4.21.5/thunarx/thunarx-menu.h to /usr/include/thunarx-3/thunarx
Installing /blfs/builds/thunar-4.21.5/thunarx/thunarx-preferences-provider.h to /usr/include/thunarx-3/thunarx
Installing /blfs/builds/thunar-4.21.5/thunarx/thunarx-property-page-provider.h to /usr/include/thunarx-3/thunarx
Installing /blfs/builds/thunar-4.21.5/thunarx/thunarx-property-page.h to /usr/include/thunarx-3/thunarx
Installing /blfs/builds/thunar-4.21.5/thunarx/thunarx-provider-factory.h to /usr/include/thunarx-3/thunarx
Installing /blfs/builds/thunar-4.21.5/thunarx/thunarx-provider-module.h to /usr/include/thunarx-3/thunarx
Installing /blfs/builds/thunar-4.21.5/thunarx/thunarx-provider-plugin.h to /usr/include/thunarx-3/thunarx
Installing /blfs/builds/thunar-4.21.5/thunarx/thunarx-renamer-provider.h to /usr/include/thunarx-3/thunarx
Installing /blfs/builds/thunar-4.21.5/thunarx/thunarx-renamer.h to /usr/include/thunarx-3/thunarx
Installing /blfs/builds/thunar-4.21.5/thunarx/thunarx.h to /usr/include/thunarx-3/thunarx
Installing /blfs/builds/thunar-4.21.5/build/thunarx/thunarx-config.h to /usr/include/thunarx-3/thunarx
Installing /blfs/builds/thunar-4.21.5/build/org.xfce.FileManager.service to /usr/share/dbus-1/services
Installing /blfs/builds/thunar-4.21.5/build/org.xfce.Thunar.FileManager1.service to /usr/share/dbus-1/services
Installing /blfs/builds/thunar-4.21.5/build/org.xfce.Thunar.service to /usr/share/dbus-1/services
Installing /blfs/builds/thunar-4.21.5/build/thunar.service to /usr/lib/systemd/user
Installing /blfs/builds/thunar-4.21.5/docs/README.gtkrc to /usr/share/doc/thunar
Installing /blfs/builds/thunar-4.21.5/build/meson-private/thunarx-3.pc to /usr/lib/pkgconfig
Installing /blfs/builds/thunar-4.21.5/icons/16x16/stock_folder-copy.png to /usr/share/icons/hicolor/16x16/stock/navigation
Installing /blfs/builds/thunar-4.21.5/icons/24x24/stock_folder-copy.png to /usr/share/icons/hicolor/24x24/stock/navigation
Installing /blfs/builds/thunar-4.21.5/icons/16x16/stock_folder-move.png to /usr/share/icons/hicolor/16x16/stock/navigation
Installing /blfs/builds/thunar-4.21.5/icons/24x24/stock_folder-move.png to /usr/share/icons/hicolor/24x24/stock/navigation
Installing /blfs/builds/thunar-4.21.5/icons/16x16/org.xfce.thunar.png to /usr/share/icons/hicolor/16x16/apps
Installing /blfs/builds/thunar-4.21.5/icons/48x48/org.xfce.thunar.png to /usr/share/icons/hicolor/48x48/apps
Installing /blfs/builds/thunar-4.21.5/icons/128x128/org.xfce.thunar.png to /usr/share/icons/hicolor/128x128/apps
Installing /blfs/builds/thunar-4.21.5/icons/scalable/org.xfce.thunar.svg to /usr/share/icons/hicolor/scalable/apps
Installing /blfs/builds/thunar-4.21.5/thunar/thunar-settings to /usr/bin
Installing symlink pointing to libthunarx-3.so.0.0.0 to /usr/lib/libthunarx-3.so.0
Installing symlink pointing to libthunarx-3.so.0 to /usr/lib/libthunarx-3.so
Installing symlink pointing to thunar to /usr/bin/Thunar
thunar/
thunar/usr/
thunar/usr/include/
thunar/usr/include/thunarx-3/
thunar/usr/include/thunarx-3/thunarx/
thunar/usr/include/thunarx-3/thunarx/thunarx-provider-module.h
thunar/usr/include/thunarx-3/thunarx/thunarx-property-page-provider.h
thunar/usr/include/thunarx-3/thunarx/thunarx-menu-item.h
thunar/usr/include/thunarx-3/thunarx/thunarx-menu.h
thunar/usr/include/thunarx-3/thunarx/thunarx-provider-factory.h
thunar/usr/include/thunarx-3/thunarx/thunarx-renamer.h
thunar/usr/include/thunarx-3/thunarx/thunarx-config.h
thunar/usr/include/thunarx-3/thunarx/thunarx-menu-provider.h
thunar/usr/include/thunarx-3/thunarx/thunarx-property-page.h
thunar/usr/include/thunarx-3/thunarx/thunarx-file-info.h
thunar/usr/include/thunarx-3/thunarx/thunarx.h
thunar/usr/include/thunarx-3/thunarx/thunarx-preferences-provider.h
thunar/usr/include/thunarx-3/thunarx/thunarx-renamer-provider.h
thunar/usr/include/thunarx-3/thunarx/thunarx-provider-plugin.h
thunar/usr/share/
thunar/usr/share/polkit-1/
thunar/usr/share/polkit-1/actions/
thunar/usr/share/polkit-1/actions/org.xfce.thunar.policy
thunar/usr/share/locale/
thunar/usr/share/locale/sr/
thunar/usr/share/locale/sr/LC_MESSAGES/
thunar/usr/share/locale/sr/LC_MESSAGES/thunar.mo
thunar/usr/share/locale/nl/
thunar/usr/share/locale/nl/LC_MESSAGES/
thunar/usr/share/locale/nl/LC_MESSAGES/thunar.mo
thunar/usr/share/locale/vec/
thunar/usr/share/locale/vec/LC_MESSAGES/
thunar/usr/share/locale/vec/LC_MESSAGES/thunar.mo
thunar/usr/share/locale/fi/
thunar/usr/share/locale/fi/LC_MESSAGES/
thunar/usr/share/locale/fi/LC_MESSAGES/thunar.mo
thunar/usr/share/locale/id/
thunar/usr/share/locale/id/LC_MESSAGES/
thunar/usr/share/locale/id/LC_MESSAGES/thunar.mo
thunar/usr/share/locale/en_AU/
thunar/usr/share/locale/en_AU/LC_MESSAGES/
thunar/usr/share/locale/en_AU/LC_MESSAGES/thunar.mo
thunar/usr/share/locale/hy/
thunar/usr/share/locale/hy/LC_MESSAGES/
thunar/usr/share/locale/hy/LC_MESSAGES/thunar.mo
thunar/usr/share/locale/ro/
thunar/usr/share/locale/ro/LC_MESSAGES/
thunar/usr/share/locale/ro/LC_MESSAGES/thunar.mo
thunar/usr/share/locale/ko/
thunar/usr/share/locale/ko/LC_MESSAGES/
thunar/usr/share/locale/ko/LC_MESSAGES/thunar.mo
thunar/usr/share/locale/zh_TW/
thunar/usr/share/locale/zh_TW/LC_MESSAGES/
thunar/usr/share/locale/zh_TW/LC_MESSAGES/thunar.mo
thunar/usr/share/locale/kk/
thunar/usr/share/locale/kk/LC_MESSAGES/
thunar/usr/share/locale/kk/LC_MESSAGES/thunar.mo
thunar/usr/share/locale/nb/
thunar/usr/share/locale/nb/LC_MESSAGES/
thunar/usr/share/locale/nb/LC_MESSAGES/thunar.mo
thunar/usr/share/locale/ie/
thunar/usr/share/locale/ie/LC_MESSAGES/
thunar/usr/share/locale/ie/LC_MESSAGES/thunar.mo
thunar/usr/share/locale/ar/
thunar/usr/share/locale/ar/LC_MESSAGES/
thunar/usr/share/locale/ar/LC_MESSAGES/thunar.mo
thunar/usr/share/locale/uk/
thunar/usr/share/locale/uk/LC_MESSAGES/
thunar/usr/share/locale/uk/LC_MESSAGES/thunar.mo
thunar/usr/share/locale/am/
thunar/usr/share/locale/am/LC_MESSAGES/
thunar/usr/share/locale/am/LC_MESSAGES/thunar.mo
thunar/usr/share/locale/ast/
thunar/usr/share/locale/ast/LC_MESSAGES/
thunar/usr/share/locale/ast/LC_MESSAGES/thunar.mo
thunar/usr/share/locale/ug/
thunar/usr/share/locale/ug/LC_MESSAGES/
thunar/usr/share/locale/ug/LC_MESSAGES/thunar.mo
thunar/usr/share/locale/en_GB/
thunar/usr/share/locale/en_GB/LC_MESSAGES/
thunar/usr/share/locale/en_GB/LC_MESSAGES/thunar.mo
thunar/usr/share/locale/fa_IR/
thunar/usr/share/locale/fa_IR/LC_MESSAGES/
thunar/usr/share/locale/fa_IR/LC_MESSAGES/thunar.mo
thunar/usr/share/locale/oc/
thunar/usr/share/locale/oc/LC_MESSAGES/
thunar/usr/share/locale/oc/LC_MESSAGES/thunar.mo
thunar/usr/share/locale/es/
thunar/usr/share/locale/es/LC_MESSAGES/
thunar/usr/share/locale/es/LC_MESSAGES/thunar.mo
thunar/usr/share/locale/th/
thunar/usr/share/locale/th/LC_MESSAGES/
thunar/usr/share/locale/th/LC_MESSAGES/thunar.mo
thunar/usr/share/locale/he/
thunar/usr/share/locale/he/LC_MESSAGES/
thunar/usr/share/locale/he/LC_MESSAGES/thunar.mo
thunar/usr/share/locale/nn/
thunar/usr/share/locale/nn/LC_MESSAGES/
thunar/usr/share/locale/nn/LC_MESSAGES/thunar.mo
thunar/usr/share/locale/vi/
thunar/usr/share/locale/vi/LC_MESSAGES/
thunar/usr/share/locale/vi/LC_MESSAGES/thunar.mo
thunar/usr/share/locale/fr/
thunar/usr/share/locale/fr/LC_MESSAGES/
thunar/usr/share/locale/fr/LC_MESSAGES/thunar.mo
thunar/usr/share/locale/ca/
thunar/usr/share/locale/ca/LC_MESSAGES/
thunar/usr/share/locale/ca/LC_MESSAGES/thunar.mo
thunar/usr/share/locale/ur_PK/
thunar/usr/share/locale/ur_PK/LC_MESSAGES/
thunar/usr/share/locale/ur_PK/LC_MESSAGES/thunar.mo
thunar/usr/share/locale/pl/
thunar/usr/share/locale/pl/LC_MESSAGES/
thunar/usr/share/locale/pl/LC_MESSAGES/thunar.mo
thunar/usr/share/locale/da/
thunar/usr/share/locale/da/LC_MESSAGES/
thunar/usr/share/locale/da/LC_MESSAGES/thunar.mo
thunar/usr/share/locale/ru/
thunar/usr/share/locale/ru/LC_MESSAGES/
thunar/usr/share/locale/ru/LC_MESSAGES/thunar.mo
thunar/usr/share/locale/is/
thunar/usr/share/locale/is/LC_MESSAGES/
thunar/usr/share/locale/is/LC_MESSAGES/thunar.mo
thunar/usr/share/locale/hr/
thunar/usr/share/locale/hr/LC_MESSAGES/
thunar/usr/share/locale/hr/LC_MESSAGES/thunar.mo
thunar/usr/share/locale/hy_AM/
thunar/usr/share/locale/hy_AM/LC_MESSAGES/
thunar/usr/share/locale/hy_AM/LC_MESSAGES/thunar.mo
thunar/usr/share/locale/ja/
thunar/usr/share/locale/ja/LC_MESSAGES/
thunar/usr/share/locale/ja/LC_MESSAGES/thunar.mo
thunar/usr/share/locale/zh_CN/
thunar/usr/share/locale/zh_CN/LC_MESSAGES/
thunar/usr/share/locale/zh_CN/LC_MESSAGES/thunar.mo
thunar/usr/share/locale/cs/
thunar/usr/share/locale/cs/LC_MESSAGES/
thunar/usr/share/locale/cs/LC_MESSAGES/thunar.mo
thunar/usr/share/locale/lv/
thunar/usr/share/locale/lv/LC_MESSAGES/
thunar/usr/share/locale/lv/LC_MESSAGES/thunar.mo
thunar/usr/share/locale/pt_BR/
thunar/usr/share/locale/pt_BR/LC_MESSAGES/
thunar/usr/share/locale/pt_BR/LC_MESSAGES/thunar.mo
thunar/usr/share/locale/pt/
thunar/usr/share/locale/pt/LC_MESSAGES/
thunar/usr/share/locale/pt/LC_MESSAGES/thunar.mo
thunar/usr/share/locale/hu/
thunar/usr/share/locale/hu/LC_MESSAGES/
thunar/usr/share/locale/hu/LC_MESSAGES/thunar.mo
thunar/usr/share/locale/tr/
thunar/usr/share/locale/tr/LC_MESSAGES/
thunar/usr/share/locale/tr/LC_MESSAGES/thunar.mo
thunar/usr/share/locale/sl/
thunar/usr/share/locale/sl/LC_MESSAGES/
thunar/usr/share/locale/sl/LC_MESSAGES/thunar.mo
thunar/usr/share/locale/zh_HK/
thunar/usr/share/locale/zh_HK/LC_MESSAGES/
thunar/usr/share/locale/zh_HK/LC_MESSAGES/thunar.mo
thunar/usr/share/locale/bn/
thunar/usr/share/locale/bn/LC_MESSAGES/
thunar/usr/share/locale/bn/LC_MESSAGES/thunar.mo
thunar/usr/share/locale/eu/
thunar/usr/share/locale/eu/LC_MESSAGES/
thunar/usr/share/locale/eu/LC_MESSAGES/thunar.mo
thunar/usr/share/locale/el/
thunar/usr/share/locale/el/LC_MESSAGES/
thunar/usr/share/locale/el/LC_MESSAGES/thunar.mo
thunar/usr/share/locale/sv/
thunar/usr/share/locale/sv/LC_MESSAGES/
thunar/usr/share/locale/sv/LC_MESSAGES/thunar.mo
thunar/usr/share/locale/sk/
thunar/usr/share/locale/sk/LC_MESSAGES/
thunar/usr/share/locale/sk/LC_MESSAGES/thunar.mo
thunar/usr/share/locale/si/
thunar/usr/share/locale/si/LC_MESSAGES/
thunar/usr/share/locale/si/LC_MESSAGES/thunar.mo
thunar/usr/share/locale/eo/
thunar/usr/share/locale/eo/LC_MESSAGES/
thunar/usr/share/locale/eo/LC_MESSAGES/thunar.mo
thunar/usr/share/locale/bg/
thunar/usr/share/locale/bg/LC_MESSAGES/
thunar/usr/share/locale/bg/LC_MESSAGES/thunar.mo
thunar/usr/share/locale/pa/
thunar/usr/share/locale/pa/LC_MESSAGES/
thunar/usr/share/locale/pa/LC_MESSAGES/thunar.mo
thunar/usr/share/locale/ka/
thunar/usr/share/locale/ka/LC_MESSAGES/
thunar/usr/share/locale/ka/LC_MESSAGES/thunar.mo
thunar/usr/share/locale/te/
thunar/usr/share/locale/te/LC_MESSAGES/
thunar/usr/share/locale/te/LC_MESSAGES/thunar.mo
thunar/usr/share/locale/hye/
thunar/usr/share/locale/hye/LC_MESSAGES/
thunar/usr/share/locale/hye/LC_MESSAGES/thunar.mo
thunar/usr/share/locale/it/
thunar/usr/share/locale/it/LC_MESSAGES/
thunar/usr/share/locale/it/LC_MESSAGES/thunar.mo
thunar/usr/share/locale/de/
thunar/usr/share/locale/de/LC_MESSAGES/
thunar/usr/share/locale/de/LC_MESSAGES/thunar.mo
thunar/usr/share/locale/lt/
thunar/usr/share/locale/lt/LC_MESSAGES/
thunar/usr/share/locale/lt/LC_MESSAGES/thunar.mo
thunar/usr/share/locale/et/
thunar/usr/share/locale/et/LC_MESSAGES/
thunar/usr/share/locale/et/LC_MESSAGES/thunar.mo
thunar/usr/share/locale/sq/
thunar/usr/share/locale/sq/LC_MESSAGES/
thunar/usr/share/locale/sq/LC_MESSAGES/thunar.mo
thunar/usr/share/locale/ur/
thunar/usr/share/locale/ur/LC_MESSAGES/
thunar/usr/share/locale/ur/LC_MESSAGES/thunar.mo
thunar/usr/share/locale/be/
thunar/usr/share/locale/be/LC_MESSAGES/
thunar/usr/share/locale/be/LC_MESSAGES/thunar.mo
thunar/usr/share/locale/ms/
thunar/usr/share/locale/ms/LC_MESSAGES/
thunar/usr/share/locale/ms/LC_MESSAGES/thunar.mo
thunar/usr/share/locale/gl/
thunar/usr/share/locale/gl/LC_MESSAGES/
thunar/usr/share/locale/gl/LC_MESSAGES/thunar.mo
thunar/usr/share/dbus-1/
thunar/usr/share/dbus-1/services/
thunar/usr/share/dbus-1/services/org.xfce.FileManager.service
thunar/usr/share/dbus-1/services/org.xfce.Thunar.FileManager1.service
thunar/usr/share/dbus-1/services/org.xfce.Thunar.service
thunar/usr/share/icons/
thunar/usr/share/icons/hicolor/
thunar/usr/share/icons/hicolor/48x48/
thunar/usr/share/icons/hicolor/48x48/apps/
thunar/usr/share/icons/hicolor/48x48/apps/org.xfce.thunar.png
thunar/usr/share/icons/hicolor/16x16/
thunar/usr/share/icons/hicolor/16x16/stock/
thunar/usr/share/icons/hicolor/16x16/stock/navigation/
thunar/usr/share/icons/hicolor/16x16/stock/navigation/stock_folder-move.png
thunar/usr/share/icons/hicolor/16x16/stock/navigation/stock_folder-copy.png
thunar/usr/share/icons/hicolor/16x16/apps/
thunar/usr/share/icons/hicolor/16x16/apps/org.xfce.thunar.png
thunar/usr/share/icons/hicolor/128x128/
thunar/usr/share/icons/hicolor/128x128/apps/
thunar/usr/share/icons/hicolor/128x128/apps/org.xfce.thunar.png
thunar/usr/share/icons/hicolor/24x24/
thunar/usr/share/icons/hicolor/24x24/stock/
thunar/usr/share/icons/hicolor/24x24/stock/navigation/
thunar/usr/share/icons/hicolor/24x24/stock/navigation/stock_folder-move.png
thunar/usr/share/icons/hicolor/24x24/stock/navigation/stock_folder-copy.png
thunar/usr/share/icons/hicolor/scalable/
thunar/usr/share/icons/hicolor/scalable/apps/
thunar/usr/share/icons/hicolor/scalable/apps/org.xfce.thunar.svg
thunar/usr/share/Thunar/
thunar/usr/share/Thunar/sendto/
thunar/usr/share/Thunar/sendto/thunar-sendto-email.desktop
thunar/usr/share/gir-1.0/
thunar/usr/share/gir-1.0/Thunarx-3.0.gir
thunar/usr/share/doc/
thunar/usr/share/doc/thunar/
thunar/usr/share/doc/thunar/README.gtkrc
thunar/usr/share/metainfo/
thunar/usr/share/metainfo/org.xfce.thunar.appdata.xml
thunar/usr/share/applications/
thunar/usr/share/applications/thunar.desktop
thunar/usr/share/applications/thunar-settings.desktop
thunar/usr/share/applications/thunar-bulk-rename.desktop
thunar/usr/share/man/
thunar/usr/share/man/man1/
thunar/usr/share/man/man1/Thunar.1
thunar/usr/bin/
thunar/usr/bin/thunar-settings
thunar/usr/bin/thunar
thunar/usr/bin/Thunar
thunar/usr/lib/
thunar/usr/lib/libthunarx-3.so
thunar/usr/lib/thunarx-3/
thunar/usr/lib/thunarx-3/thunar-uca.so
thunar/usr/lib/thunarx-3/thunar-apr.so
thunar/usr/lib/thunarx-3/thunar-wallpaper-plugin.so
thunar/usr/lib/thunarx-3/thunar-sbr.so
thunar/usr/lib/girepository-1.0/
thunar/usr/lib/girepository-1.0/Thunarx-3.0.typelib
thunar/usr/lib/libthunarx-3.so.0.0.0
thunar/usr/lib/libthunarx-3.so.0
thunar/usr/lib/pkgconfig/
thunar/usr/lib/pkgconfig/thunarx-3.pc
thunar/usr/lib/Thunar/
thunar/usr/lib/Thunar/thunar-sendto-email
thunar/usr/lib/systemd/
thunar/usr/lib/systemd/user/
thunar/usr/lib/systemd/user/thunar.service
thunar/etc/
thunar/etc/xdg/
thunar/etc/xdg/Thunar/
thunar/etc/xdg/Thunar/uca.xml
thunar/version
thunar/depends
thunar/make-depends
