--2026-03-30 13:20:24--  https://github.com/martinpitt/umockdev/releases/download/0.19.7/umockdev-0.19.7.tar.xz
Resolving github.com (github.com)... 140.82.112.4
Connecting to github.com (github.com)|140.82.112.4|:443... connected.
HTTP request sent, awaiting response... 302 Found
Location: https://release-assets.githubusercontent.com/github-production-release-asset/5118983/b262810b-81e0-4e5d-82dc-c309705b1ae5?sp=r&sv=2018-11-09&sr=b&spr=https&se=2026-03-30T14%3A15%3A58Z&rscd=attachment%3B+filename%3Dumockdev-0.19.7.tar.xz&rsct=application%2Foctet-stream&skoid=96c2d410-5711-43a1-aedd-ab1947aa7ab0&sktid=398a6654-997b-47e9-b12b-9515b896b4de&skt=2026-03-30T13%3A15%3A53Z&ske=2026-03-30T14%3A15%3A58Z&sks=b&skv=2018-11-09&sig=fHjOZESz9djNyi9WO2cnRmJ7dNCW%2FH6flbX2sFSH0fQ%3D&jwt=eyJ0eXAiOiJKV1QiLCJhbGciOiJIUzI1NiJ9.eyJpc3MiOiJnaXRodWIuY29tIiwiYXVkIjoicmVsZWFzZS1hc3NldHMuZ2l0aHVidXNlcmNvbnRlbnQuY29tIiwia2V5Ijoia2V5MSIsImV4cCI6MTc3NDg3NzEyNCwibmJmIjoxNzc0ODc2ODI0LCJwYXRoIjoicmVsZWFzZWFzc2V0cHJvZHVjdGlvbi5ibG9iLmNvcmUud2luZG93cy5uZXQifQ.ZJ1rZR-mxJCYBkAdrQ14gGymu9SVndz8PG53LE_R4pg&response-content-disposition=attachment%3B%20filename%3Dumockdev-0.19.7.tar.xz&response-content-type=application%2Foctet-stream [following]
--2026-03-30 13:20:24--  https://release-assets.githubusercontent.com/github-production-release-asset/5118983/b262810b-81e0-4e5d-82dc-c309705b1ae5?sp=r&sv=2018-11-09&sr=b&spr=https&se=2026-03-30T14%3A15%3A58Z&rscd=attachment%3B+filename%3Dumockdev-0.19.7.tar.xz&rsct=application%2Foctet-stream&skoid=96c2d410-5711-43a1-aedd-ab1947aa7ab0&sktid=398a6654-997b-47e9-b12b-9515b896b4de&skt=2026-03-30T13%3A15%3A53Z&ske=2026-03-30T14%3A15%3A58Z&sks=b&skv=2018-11-09&sig=fHjOZESz9djNyi9WO2cnRmJ7dNCW%2FH6flbX2sFSH0fQ%3D&jwt=eyJ0eXAiOiJKV1QiLCJhbGciOiJIUzI1NiJ9.eyJpc3MiOiJnaXRodWIuY29tIiwiYXVkIjoicmVsZWFzZS1hc3NldHMuZ2l0aHVidXNlcmNvbnRlbnQuY29tIiwia2V5Ijoia2V5MSIsImV4cCI6MTc3NDg3NzEyNCwibmJmIjoxNzc0ODc2ODI0LCJwYXRoIjoicmVsZWFzZWFzc2V0cHJvZHVjdGlvbi5ibG9iLmNvcmUud2luZG93cy5uZXQifQ.ZJ1rZR-mxJCYBkAdrQ14gGymu9SVndz8PG53LE_R4pg&response-content-disposition=attachment%3B%20filename%3Dumockdev-0.19.7.tar.xz&response-content-type=application%2Foctet-stream
Resolving release-assets.githubusercontent.com (release-assets.githubusercontent.com)... 185.199.111.133, 185.199.110.133, 185.199.108.133, ...
Connecting to release-assets.githubusercontent.com (release-assets.githubusercontent.com)|185.199.111.133|:443... connected.
HTTP request sent, awaiting response... 200 OK
Length: 499296 (488K) [application/octet-stream]
Saving to: ‘umockdev-0.19.7.tar.xz’

     0K .......... .......... .......... .......... .......... 10% 8.31M 0s
    50K .......... .......... .......... .......... .......... 20% 11.2M 0s
   100K .......... .......... .......... .......... .......... 30% 6.76M 0s
   150K .......... .......... .......... .......... .......... 41% 39.9M 0s
   200K .......... .......... .......... .......... .......... 51% 6.95M 0s
   250K .......... .......... .......... .......... .......... 61% 6.28M 0s
   300K .......... .......... .......... .......... .......... 71% 36.5M 0s
   350K .......... .......... .......... .......... .......... 82% 18.8M 0s
   400K .......... .......... .......... .......... .......... 92% 9.80M 0s
   450K .......... .......... .......... .......              100% 57.2M=0.04s

2026-03-30 13:20:24 (11.1 MB/s) - ‘umockdev-0.19.7.tar.xz’ saved [499296/499296]

umockdev-0.19.7/
umockdev-0.19.7/.fmf/
umockdev-0.19.7/.fmf/version
umockdev-0.19.7/.github/
umockdev-0.19.7/.github/workflows/
umockdev-0.19.7/.github/workflows/release.yml
umockdev-0.19.7/.github/workflows/tests.yml
umockdev-0.19.7/.gitignore
umockdev-0.19.7/.version
umockdev-0.19.7/COPYING
umockdev-0.19.7/NEWS
umockdev-0.19.7/README.md
umockdev-0.19.7/devices/
umockdev-0.19.7/devices/cameras/
umockdev-0.19.7/devices/cameras/canon-powershot-sx200.ioctl
umockdev-0.19.7/devices/cameras/canon-powershot-sx200.umockdev
umockdev-0.19.7/devices/cameras/test-photos.tar
umockdev-0.19.7/devices/cameras/update-powershot-ioctl
umockdev-0.19.7/devices/cros_ec/
umockdev-0.19.7/devices/cros_ec/crosfingerprint.ioctl
umockdev-0.19.7/devices/cros_ec/crosfingerprint.umockdev
umockdev-0.19.7/devices/hidraw/
umockdev-0.19.7/devices/hidraw/fido2.ioctl
umockdev-0.19.7/devices/hidraw/fido2.script
umockdev-0.19.7/devices/hidraw/fido2.umockdev
umockdev-0.19.7/devices/input/
umockdev-0.19.7/devices/input/synaptics-touchpad.ioctl
umockdev-0.19.7/devices/input/synaptics-touchpad.umockdev
umockdev-0.19.7/devices/input/usbkbd.evtest.ioctl
umockdev-0.19.7/devices/input/usbkbd.evtest.script.32
umockdev-0.19.7/devices/input/usbkbd.evtest.script.64
umockdev-0.19.7/devices/input/usbkbd.pcap.pcapng
umockdev-0.19.7/devices/input/usbkbd.pcap.umockdev
umockdev-0.19.7/devices/input/usbkbd.umockdev
umockdev-0.19.7/devices/mobiles/
umockdev-0.19.7/devices/mobiles/sony-xperia-mini-pro.mtp-tools.ioctl.xz
umockdev-0.19.7/devices/mobiles/sony-xperia-mini-pro.umockdev
umockdev-0.19.7/devices/spi/
umockdev-0.19.7/devices/spi/elanfingerprint.ioctl
umockdev-0.19.7/devices/spi/elanfingerprint.umockdev
umockdev-0.19.7/docs/
umockdev-0.19.7/docs/examples/
umockdev-0.19.7/docs/examples/battery.c
umockdev-0.19.7/docs/examples/battery.py
umockdev-0.19.7/docs/reference/
umockdev-0.19.7/docs/reference/meson.build
umockdev-0.19.7/docs/reference/umockdev-docs.xml
umockdev-0.19.7/docs/reference/umockdev-sections.txt
umockdev-0.19.7/docs/reference/umockdev.types
umockdev-0.19.7/docs/reference/version.xml.in
umockdev-0.19.7/docs/script-format.txt
umockdev-0.19.7/meson.build
umockdev-0.19.7/meson_options.txt
umockdev-0.19.7/packaging/
umockdev-0.19.7/packaging/umockdev.spec
umockdev-0.19.7/packit.yaml
umockdev-0.19.7/plans/
umockdev-0.19.7/plans/all.fmf
umockdev-0.19.7/src/
umockdev-0.19.7/src/UMockdev-1.0.metadata
umockdev-0.19.7/src/config.vapi
umockdev-0.19.7/src/cros_ec.h
umockdev-0.19.7/src/debug.c
umockdev-0.19.7/src/debug.h
umockdev-0.19.7/src/getversion.sh
umockdev-0.19.7/src/glibc.vapi
umockdev-0.19.7/src/ioctl.vapi
umockdev-0.19.7/src/ioctl_termios.c
umockdev-0.19.7/src/ioctl_termios.h
umockdev-0.19.7/src/ioctl_termios.vapi
umockdev-0.19.7/src/ioctl_tree.c
umockdev-0.19.7/src/ioctl_tree.h
umockdev-0.19.7/src/ioctl_tree.vapi
umockdev-0.19.7/src/libpcap.vapi
umockdev-0.19.7/src/libumockdev-preload.c
umockdev-0.19.7/src/linux_fixes.vapi
umockdev-0.19.7/src/selinux.vapi
umockdev-0.19.7/src/uevent_sender.c
umockdev-0.19.7/src/uevent_sender.h
umockdev-0.19.7/src/uevent_sender.vapi
umockdev-0.19.7/src/umockdev-ioctl.vala
umockdev-0.19.7/src/umockdev-pcap.vala
umockdev-0.19.7/src/umockdev-record.vala
umockdev-0.19.7/src/umockdev-run.vala
umockdev-0.19.7/src/umockdev-spi.vala
umockdev-0.19.7/src/umockdev-utils.vala
umockdev-0.19.7/src/umockdev-wrapper
umockdev-0.19.7/src/umockdev.map
umockdev-0.19.7/src/umockdev.vala
umockdev-0.19.7/src/utils.c
umockdev-0.19.7/src/utils.h
umockdev-0.19.7/src/valgrind.supp
umockdev-0.19.7/tests/
umockdev-0.19.7/tests/assertions.vapi
umockdev-0.19.7/tests/chatter-socket-stream.c
umockdev-0.19.7/tests/chatter.c
umockdev-0.19.7/tests/main.fmf
umockdev-0.19.7/tests/readbyte.c
umockdev-0.19.7/tests/run-alpine
umockdev-0.19.7/tests/run-apt
umockdev-0.19.7/tests/run-dnf
umockdev-0.19.7/tests/run-gentoo
umockdev-0.19.7/tests/run-nix
umockdev-0.19.7/tests/test-ioctl-tree.c
umockdev-0.19.7/tests/test-static-code
umockdev-0.19.7/tests/test-umockdev-record.vala
umockdev-0.19.7/tests/test-umockdev-run.vala
umockdev-0.19.7/tests/test-umockdev-vala.vala
umockdev-0.19.7/tests/test-umockdev.c
umockdev-0.19.7/tests/test-umockdev.py
umockdev-0.19.7/tests/xorg-dummy.conf
The Meson build system
Version: 1.10.2
Source dir: /blfs/builds/umockdev-0.19.7
Build dir: /blfs/builds/umockdev-0.19.7/build
Build type: native build
Project name: umockdev
Project version: 0.19.7
C compiler for the host machine: cc (gcc 15.2.0 "cc (GCC) 15.2.0")
C linker for the host machine: cc ld.bfd 2.45
Vala compiler for the host machine: valac (valac 0.56.18)
Host machine cpu family: x86_64
Host machine cpu: x86_64
../meson.build:9: WARNING: Consider using the built-in option for language standard version instead of using "-std=gnu11".
Program g-ir-compiler found: YES (/usr/bin/g-ir-compiler)
Compiler for C supports arguments -Wno-error=discarded-qualifiers: YES 
Compiler for C supports arguments -Wno-error=pointer-to-int-cast: YES 
Compiler for C supports arguments -Wno-error=incompatible-pointer-types: YES 
Compiler for C supports arguments -Wno-error=pointer-sign: YES 
Compiler for C supports arguments -Wno-unused-but-set-variable: YES 
Compiler for C supports arguments -Wno-unused-function: YES 
Compiler for C supports arguments -Wno-unused-label: YES 
Compiler for C supports arguments -Wno-unused-value: YES 
Compiler for C supports arguments -Wno-unused-variable: YES 
Checking for function "__fxstatat" : NO 
Checking for function "openat64" : NO 
Checking for function "open_tree" : YES 
Library dl found: YES
Library libselinux found: NO
Found pkg-config: YES (/usr/bin/pkg-config) 2.5.1
Run-time dependency glib-2.0 found: YES 2.88.0
Run-time dependency gobject-2.0 found: YES 2.88.0
Run-time dependency gio-2.0 found: YES 2.88.0
Run-time dependency gio-unix-2.0 found: YES 2.88.0
Run-time dependency libudev found: YES 260
Run-time dependency libpcap found: YES 1.10.6
Library pthread found: YES
Run-time dependency gudev-1.0 found: YES 238
Program python3 found: YES (/usr/bin/python3)
Library posix found: YES
Library linux found: YES
Library linux_fixes found: YES
Library glibc found: YES
Library udev found: YES
Library util found: YES
Library config found: YES
Library ioctl found: YES
Library selinux found: YES
Library assertions found: YES
Checking if "ioctl request parameter type is int" compiles: NO 
Found pkg-config: YES (/usr/bin/pkg-config) 2.5.1
Configuring config.h using configuration
Build targets in project: 15

umockdev 0.19.7

  User defined options
    buildtype: release
    prefix   : /usr

Found ninja-1.13.2 at /usr/bin/ninja
[1/58] Compiling C object chatter.p/tests_chatter.c.o
[2/58] Compiling C object chatter-socket-stream.p/tests_chatter-socket-stream.c.o
[3/58] Compiling C object libumockdev-preload.so.0.0.0.p/src_utils.c.o
[4/58] Compiling C object readbyte.p/tests_readbyte.c.o
[5/58] Compiling C object test-ioctl-tree.p/src_utils.c.o
[6/58] Compiling C object libumockdev-preload.so.0.0.0.p/src_debug.c.o
[7/58] Compiling C object test-ioctl-tree.p/src_debug.c.o
[8/58] Linking target chatter
[9/58] Linking target chatter-socket-stream
[10/58] Linking target readbyte
[11/58] Compiling Vala source ../src/umockdev-utils.vala
[12/58] Compiling C object umockdev-record.p/src_ioctl_termios.c.o
[13/58] Compiling C object umockdev-record.p/src_utils.c.o
[14/58] Compiling C object umockdev-record.p/src_debug.c.o
[15/58] Compiling C object libumockdev-utils.a.p/meson-generated_src_umockdev-utils.c.o
[16/58] Linking static target libumockdev-utils.a
[17/58] Compiling C object libumockdev-preload.so.0.0.0.p/src_ioctl_tree.c.o
[18/58] Compiling C object test-ioctl-tree.p/src_ioctl_tree.c.o
[19/58] Compiling C object test-ioctl-tree.p/tests_test-ioctl-tree.c.o
[20/58] Linking target test-ioctl-tree
[21/58] Compiling C object umockdev-record.p/src_ioctl_tree.c.o
[22/58] Compiling Vala source ../src/ioctl_tree.vapi ../src/ioctl_termios.vapi ../src/umockdev-record.vala ../src/umockdev-ioctl.vala ../src/umockdev-pcap.vala ../src/umockdev-spi.vala umockdev-utils.vapi
[23/58] Compiling Vala source ../src/uevent_sender.vapi ../src/ioctl_tree.vapi ../src/ioctl_termios.vapi ../src/umockdev.vala ../src/umockdev-ioctl.vala ../src/umockdev-pcap.vala ../src/umockdev-spi.vala umockdev-utils.vapi
[24/58] Compiling C object libumockdev.so.0.3.0.p/src_ioctl_termios.c.o
[25/58] Compiling C object libumockdev.so.0.3.0.p/src_utils.c.o
[26/58] Compiling C object libumockdev.so.0.3.0.p/src_debug.c.o
[27/58] Compiling C object libumockdev.so.0.3.0.p/src_uevent_sender.c.o
[28/58] Compiling C object libumockdev.so.0.3.0.p/src_ioctl_tree.c.o
[29/58] Compiling Vala source ../src/umockdev-run.vala umockdev-1.0.vapi umockdev-utils.vapi
[30/58] Compiling C object libumockdev-preload.so.0.0.0.p/src_libumockdev-preload.c.o
[31/58] Compiling C object umockdev-record.p/meson-generated_src_umockdev-record.c.o
umockdev-record.p/src/umockdev-record.c: In function ‘all_devices’:
umockdev-record.p/src/umockdev-record.c:353:16: warning: assignment to ‘gchar **’ {aka ‘char **’} from incompatible pointer type ‘void **’ [-Wincompatible-pointer-types]
  353 |         result = _tmp3_;
      |                ^
[32/58] Compiling C object umockdev-record.p/meson-generated_src_umockdev-pcap.c.o
In file included from /usr/include/glib-2.0/glib/gthread.h:34,
                 from /usr/include/glib-2.0/glib/gasyncqueue.h:34,
                 from /usr/include/glib-2.0/glib.h:34,
                 from umockdev-record.p/src/umockdev-pcap.c:22:
umockdev-record.p/src/umockdev-pcap.c: In function ‘umockdev_urb_info_get_type’:
/usr/include/glib-2.0/glib/gatomic.h:131:5: warning: argument 2 of ‘__atomic_load’ discards ‘volatile’ qualifier [-Wdiscarded-qualifiers]
  131 |     __atomic_load (gapg_temp_atomic, &gapg_temp_newval, __ATOMIC_SEQ_CST); \
      |     ^~~~~~~~~~~~~
/usr/include/glib-2.0/glib/gthread.h:274:7: note: in expansion of macro ‘g_atomic_pointer_get’
  274 |     (!g_atomic_pointer_get (location) &&                             \
      |       ^~~~~~~~~~~~~~~~~~~~
umockdev-record.p/src/umockdev-pcap.c:325:13: note: in expansion of macro ‘g_once_init_enter’
  325 |         if (g_once_init_enter (&umockdev_urb_info_type_id__once)) {
      |             ^~~~~~~~~~~~~~~~~
umockdev-record.p/src/umockdev-pcap.c: In function ‘vala_g_array_remove_index’:
umockdev-record.p/src/umockdev-pcap.c:413:16: warning: assignment to ‘void **’ from incompatible pointer type ‘gchar *’ {aka ‘char *’} [-Wincompatible-pointer-types]
  413 |         _tmp0_ = self->data;
      |                ^
umockdev-record.p/src/umockdev-pcap.c: In function ‘umockdev_ioctl_usb_pcap_handler_next_reapable_urb’:
umockdev-record.p/src/umockdev-pcap.c:789:24: warning: assignment discards ‘const’ qualifier from pointer target type [-Wdiscarded-qualifiers]
  789 |                 _tmp3_ = pcap_next (_tmp2_, &self->priv->cur_hdr);
      |                        ^
umockdev-record.p/src/umockdev-pcap.c:829:41: warning: assignment discards ‘const’ qualifier from pointer target type [-Wdiscarded-qualifiers]
  829 |                                 _tmp10_ = pcap_next (_tmp9_, &self->priv->cur_hdr);
      |                                         ^
umockdev-record.p/src/umockdev-pcap.c: In function ‘umockdev_ioctl_usb_pcap_handler_get_type’:
/usr/include/glib-2.0/glib/gatomic.h:131:5: warning: argument 2 of ‘__atomic_load’ discards ‘volatile’ qualifier [-Wdiscarded-qualifiers]
  131 |     __atomic_load (gapg_temp_atomic, &gapg_temp_newval, __ATOMIC_SEQ_CST); \
      |     ^~~~~~~~~~~~~
/usr/include/glib-2.0/glib/gthread.h:274:7: note: in expansion of macro ‘g_atomic_pointer_get’
  274 |     (!g_atomic_pointer_get (location) &&                             \
      |       ^~~~~~~~~~~~~~~~~~~~
umockdev-record.p/src/umockdev-pcap.c:1382:13: note: in expansion of macro ‘g_once_init_enter’
 1382 |         if (g_once_init_enter (&umockdev_ioctl_usb_pcap_handler_type_id__once)) {
      |             ^~~~~~~~~~~~~~~~~
[33/58] Compiling C object test-umockdev-vala.p/src_ioctl_termios.c.o
[34/58] Linking target libumockdev-preload.so.0.0.0
[35/58] Compiling C object libumockdev.so.0.3.0.p/meson-generated_src_umockdev-pcap.c.o
In file included from /usr/include/glib-2.0/glib/gthread.h:34,
                 from /usr/include/glib-2.0/glib/gasyncqueue.h:34,
                 from /usr/include/glib-2.0/glib.h:34,
                 from libumockdev.so.0.3.0.p/src/umockdev-pcap.c:22:
libumockdev.so.0.3.0.p/src/umockdev-pcap.c: In function ‘umockdev_urb_info_get_type’:
/usr/include/glib-2.0/glib/gatomic.h:131:5: warning: argument 2 of ‘__atomic_load’ discards ‘volatile’ qualifier [-Wdiscarded-qualifiers]
  131 |     __atomic_load (gapg_temp_atomic, &gapg_temp_newval, __ATOMIC_SEQ_CST); \
      |     ^~~~~~~~~~~~~
/usr/include/glib-2.0/glib/gthread.h:274:7: note: in expansion of macro ‘g_atomic_pointer_get’
  274 |     (!g_atomic_pointer_get (location) &&                             \
      |       ^~~~~~~~~~~~~~~~~~~~
libumockdev.so.0.3.0.p/src/umockdev-pcap.c:235:13: note: in expansion of macro ‘g_once_init_enter’
  235 |         if (g_once_init_enter (&umockdev_urb_info_type_id__once)) {
      |             ^~~~~~~~~~~~~~~~~
libumockdev.so.0.3.0.p/src/umockdev-pcap.c: In function ‘vala_g_array_remove_index’:
libumockdev.so.0.3.0.p/src/umockdev-pcap.c:323:16: warning: assignment to ‘void **’ from incompatible pointer type ‘gchar *’ {aka ‘char *’} [-Wincompatible-pointer-types]
  323 |         _tmp0_ = self->data;
      |                ^
libumockdev.so.0.3.0.p/src/umockdev-pcap.c: In function ‘umockdev_ioctl_usb_pcap_handler_next_reapable_urb’:
libumockdev.so.0.3.0.p/src/umockdev-pcap.c:699:24: warning: assignment discards ‘const’ qualifier from pointer target type [-Wdiscarded-qualifiers]
  699 |                 _tmp3_ = pcap_next (_tmp2_, &self->priv->cur_hdr);
      |                        ^
libumockdev.so.0.3.0.p/src/umockdev-pcap.c:739:41: warning: assignment discards ‘const’ qualifier from pointer target type [-Wdiscarded-qualifiers]
  739 |                                 _tmp10_ = pcap_next (_tmp9_, &self->priv->cur_hdr);
      |                                         ^
libumockdev.so.0.3.0.p/src/umockdev-pcap.c: In function ‘umockdev_ioctl_usb_pcap_handler_get_type’:
/usr/include/glib-2.0/glib/gatomic.h:131:5: warning: argument 2 of ‘__atomic_load’ discards ‘volatile’ qualifier [-Wdiscarded-qualifiers]
  131 |     __atomic_load (gapg_temp_atomic, &gapg_temp_newval, __ATOMIC_SEQ_CST); \
      |     ^~~~~~~~~~~~~
/usr/include/glib-2.0/glib/gthread.h:274:7: note: in expansion of macro ‘g_atomic_pointer_get’
  274 |     (!g_atomic_pointer_get (location) &&                             \
      |       ^~~~~~~~~~~~~~~~~~~~
libumockdev.so.0.3.0.p/src/umockdev-pcap.c:1292:13: note: in expansion of macro ‘g_once_init_enter’
 1292 |         if (g_once_init_enter (&umockdev_ioctl_usb_pcap_handler_type_id__once)) {
      |             ^~~~~~~~~~~~~~~~~
[36/58] Compiling C object umockdev-record.p/meson-generated_src_umockdev-spi.c.o
In file included from /usr/include/glib-2.0/glib/gthread.h:34,
                 from /usr/include/glib-2.0/glib/gasyncqueue.h:34,
                 from /usr/include/glib-2.0/glib.h:34,
                 from umockdev-record.p/src/umockdev-spi.c:22:
umockdev-record.p/src/umockdev-spi.c: In function ‘umockdev_transfer_chunk_get_type’:
/usr/include/glib-2.0/glib/gatomic.h:131:5: warning: argument 2 of ‘__atomic_load’ discards ‘volatile’ qualifier [-Wdiscarded-qualifiers]
  131 |     __atomic_load (gapg_temp_atomic, &gapg_temp_newval, __ATOMIC_SEQ_CST); \
      |     ^~~~~~~~~~~~~
/usr/include/glib-2.0/glib/gthread.h:274:7: note: in expansion of macro ‘g_atomic_pointer_get’
  274 |     (!g_atomic_pointer_get (location) &&                             \
      |       ^~~~~~~~~~~~~~~~~~~~
umockdev-record.p/src/umockdev-spi.c:537:13: note: in expansion of macro ‘g_once_init_enter’
  537 |         if (g_once_init_enter (&umockdev_transfer_chunk_type_id__once)) {
      |             ^~~~~~~~~~~~~~~~~
umockdev-record.p/src/umockdev-spi.c: In function ‘umockdev_ioctl_spi_base_get_type’:
/usr/include/glib-2.0/glib/gatomic.h:131:5: warning: argument 2 of ‘__atomic_load’ discards ‘volatile’ qualifier [-Wdiscarded-qualifiers]
  131 |     __atomic_load (gapg_temp_atomic, &gapg_temp_newval, __ATOMIC_SEQ_CST); \
      |     ^~~~~~~~~~~~~
/usr/include/glib-2.0/glib/gthread.h:274:7: note: in expansion of macro ‘g_atomic_pointer_get’
  274 |     (!g_atomic_pointer_get (location) &&                             \
      |       ^~~~~~~~~~~~~~~~~~~~
umockdev-record.p/src/umockdev-spi.c:755:13: note: in expansion of macro ‘g_once_init_enter’
  755 |         if (g_once_init_enter (&umockdev_ioctl_spi_base_type_id__once)) {
      |             ^~~~~~~~~~~~~~~~~
umockdev-record.p/src/umockdev-spi.c: In function ‘umockdev_ioctl_spi_handler_get_type’:
/usr/include/glib-2.0/glib/gatomic.h:131:5: warning: argument 2 of ‘__atomic_load’ discards ‘volatile’ qualifier [-Wdiscarded-qualifiers]
  131 |     __atomic_load (gapg_temp_atomic, &gapg_temp_newval, __ATOMIC_SEQ_CST); \
      |     ^~~~~~~~~~~~~
/usr/include/glib-2.0/glib/gthread.h:274:7: note: in expansion of macro ‘g_atomic_pointer_get’
  274 |     (!g_atomic_pointer_get (location) &&                             \
      |       ^~~~~~~~~~~~~~~~~~~~
umockdev-record.p/src/umockdev-spi.c:1527:13: note: in expansion of macro ‘g_once_init_enter’
 1527 |         if (g_once_init_enter (&umockdev_ioctl_spi_handler_type_id__once)) {
      |             ^~~~~~~~~~~~~~~~~
umockdev-record.p/src/umockdev-spi.c: In function ‘umockdev_ioctl_spi_recorder_get_type’:
/usr/include/glib-2.0/glib/gatomic.h:131:5: warning: argument 2 of ‘__atomic_load’ discards ‘volatile’ qualifier [-Wdiscarded-qualifiers]
  131 |     __atomic_load (gapg_temp_atomic, &gapg_temp_newval, __ATOMIC_SEQ_CST); \
      |     ^~~~~~~~~~~~~
/usr/include/glib-2.0/glib/gthread.h:274:7: note: in expansion of macro ‘g_atomic_pointer_get’
  274 |     (!g_atomic_pointer_get (location) &&                             \
      |       ^~~~~~~~~~~~~~~~~~~~
umockdev-record.p/src/umockdev-spi.c:1940:13: note: in expansion of macro ‘g_once_init_enter’
 1940 |         if (g_once_init_enter (&umockdev_ioctl_spi_recorder_type_id__once)) {
      |             ^~~~~~~~~~~~~~~~~
[37/58] Compiling Vala source ../tests/test-umockdev-run.vala umockdev-1.0.vapi umockdev-utils.vapi
[38/58] Compiling Vala source ../tests/test-umockdev-record.vala umockdev-1.0.vapi umockdev-utils.vapi
[39/58] Compiling C object umockdev-run.p/meson-generated_src_umockdev-run.c.o
[40/58] Compiling Vala source ../src/ioctl_termios.vapi ../tests/test-umockdev-vala.vala umockdev-1.0.vapi umockdev-utils.vapi
[41/58] Compiling C object libumockdev.so.0.3.0.p/meson-generated_src_umockdev-spi.c.o
In file included from /usr/include/glib-2.0/glib/gthread.h:34,
                 from /usr/include/glib-2.0/glib/gasyncqueue.h:34,
                 from /usr/include/glib-2.0/glib.h:34,
                 from libumockdev.so.0.3.0.p/src/umockdev-spi.c:22:
libumockdev.so.0.3.0.p/src/umockdev-spi.c: In function ‘umockdev_transfer_chunk_get_type’:
/usr/include/glib-2.0/glib/gatomic.h:131:5: warning: argument 2 of ‘__atomic_load’ discards ‘volatile’ qualifier [-Wdiscarded-qualifiers]
  131 |     __atomic_load (gapg_temp_atomic, &gapg_temp_newval, __ATOMIC_SEQ_CST); \
      |     ^~~~~~~~~~~~~
/usr/include/glib-2.0/glib/gthread.h:274:7: note: in expansion of macro ‘g_atomic_pointer_get’
  274 |     (!g_atomic_pointer_get (location) &&                             \
      |       ^~~~~~~~~~~~~~~~~~~~
libumockdev.so.0.3.0.p/src/umockdev-spi.c:441:13: note: in expansion of macro ‘g_once_init_enter’
  441 |         if (g_once_init_enter (&umockdev_transfer_chunk_type_id__once)) {
      |             ^~~~~~~~~~~~~~~~~
libumockdev.so.0.3.0.p/src/umockdev-spi.c: In function ‘umockdev_ioctl_spi_base_get_type’:
/usr/include/glib-2.0/glib/gatomic.h:131:5: warning: argument 2 of ‘__atomic_load’ discards ‘volatile’ qualifier [-Wdiscarded-qualifiers]
  131 |     __atomic_load (gapg_temp_atomic, &gapg_temp_newval, __ATOMIC_SEQ_CST); \
      |     ^~~~~~~~~~~~~
/usr/include/glib-2.0/glib/gthread.h:274:7: note: in expansion of macro ‘g_atomic_pointer_get’
  274 |     (!g_atomic_pointer_get (location) &&                             \
      |       ^~~~~~~~~~~~~~~~~~~~
libumockdev.so.0.3.0.p/src/umockdev-spi.c:659:13: note: in expansion of macro ‘g_once_init_enter’
  659 |         if (g_once_init_enter (&umockdev_ioctl_spi_base_type_id__once)) {
      |             ^~~~~~~~~~~~~~~~~
libumockdev.so.0.3.0.p/src/umockdev-spi.c: In function ‘umockdev_ioctl_spi_handler_get_type’:
/usr/include/glib-2.0/glib/gatomic.h:131:5: warning: argument 2 of ‘__atomic_load’ discards ‘volatile’ qualifier [-Wdiscarded-qualifiers]
  131 |     __atomic_load (gapg_temp_atomic, &gapg_temp_newval, __ATOMIC_SEQ_CST); \
      |     ^~~~~~~~~~~~~
/usr/include/glib-2.0/glib/gthread.h:274:7: note: in expansion of macro ‘g_atomic_pointer_get’
  274 |     (!g_atomic_pointer_get (location) &&                             \
      |       ^~~~~~~~~~~~~~~~~~~~
libumockdev.so.0.3.0.p/src/umockdev-spi.c:1431:13: note: in expansion of macro ‘g_once_init_enter’
 1431 |         if (g_once_init_enter (&umockdev_ioctl_spi_handler_type_id__once)) {
      |             ^~~~~~~~~~~~~~~~~
libumockdev.so.0.3.0.p/src/umockdev-spi.c: In function ‘umockdev_ioctl_spi_recorder_get_type’:
/usr/include/glib-2.0/glib/gatomic.h:131:5: warning: argument 2 of ‘__atomic_load’ discards ‘volatile’ qualifier [-Wdiscarded-qualifiers]
  131 |     __atomic_load (gapg_temp_atomic, &gapg_temp_newval, __ATOMIC_SEQ_CST); \
      |     ^~~~~~~~~~~~~
/usr/include/glib-2.0/glib/gthread.h:274:7: note: in expansion of macro ‘g_atomic_pointer_get’
  274 |     (!g_atomic_pointer_get (location) &&                             \
      |       ^~~~~~~~~~~~~~~~~~~~
libumockdev.so.0.3.0.p/src/umockdev-spi.c:1844:13: note: in expansion of macro ‘g_once_init_enter’
 1844 |         if (g_once_init_enter (&umockdev_ioctl_spi_recorder_type_id__once)) {
      |             ^~~~~~~~~~~~~~~~~
[42/58] Compiling C object libumockdev.so.0.3.0.p/meson-generated_src_umockdev-ioctl.c.o
In file included from /usr/include/glib-2.0/glib/gthread.h:34,
                 from /usr/include/glib-2.0/glib/gasyncqueue.h:34,
                 from /usr/include/glib-2.0/glib.h:34,
                 from /usr/include/glib-2.0/gobject/gbinding.h:30,
                 from /usr/include/glib-2.0/glib-object.h:24,
                 from libumockdev.so.0.3.0.p/src/umockdev-ioctl.c:102:
libumockdev.so.0.3.0.p/src/umockdev-ioctl.c: In function ‘umockdev_ioctl_data_get_type’:
/usr/include/glib-2.0/glib/gatomic.h:131:5: warning: argument 2 of ‘__atomic_load’ discards ‘volatile’ qualifier [-Wdiscarded-qualifiers]
  131 |     __atomic_load (gapg_temp_atomic, &gapg_temp_newval, __ATOMIC_SEQ_CST); \
      |     ^~~~~~~~~~~~~
/usr/include/glib-2.0/glib/gthread.h:274:7: note: in expansion of macro ‘g_atomic_pointer_get’
  274 |     (!g_atomic_pointer_get (location) &&                             \
      |       ^~~~~~~~~~~~~~~~~~~~
libumockdev.so.0.3.0.p/src/umockdev-ioctl.c:1697:13: note: in expansion of macro ‘g_once_init_enter’
 1697 |         if (g_once_init_enter (&umockdev_ioctl_data_type_id__once)) {
      |             ^~~~~~~~~~~~~~~~~
libumockdev.so.0.3.0.p/src/umockdev-ioctl.c: In function ‘umockdev_ioctl_client_class_init’:
libumockdev.so.0.3.0.p/src/umockdev-ioctl.c:2637:97: warning: passing argument 5 of ‘g_signal_new’ from incompatible pointer type [-Wincompatible-pointer-types]
 2637 |         g_signal_new ("handle-ioctl", UMOCKDEV_TYPE_IOCTL_CLIENT, G_SIGNAL_RUN_LAST, (guint) 0, _umockdev_signal_accumulator_true_handled_gsignal_accumulator, NULL, NULL, G_TYPE_BOOLEAN, (guint) 0, NULL);
      |                                                                                                 ^~~~~~~~~~~~~~~~~~~~~~~~~~~~~~~~~~~~~~~~~~~~~~~~~~~~~~~~~~~~~
      |                                                                                                 |
      |                                                                                                 gboolean (*)(GSignalInvocationHint *, GValue *, GValue *, void *) {aka int (*)(struct _GSignalInvocationHint *, struct _GValue *, struct _GValue *, void *)}
In file included from /usr/include/glib-2.0/gobject/gobject.h:30,
                 from /usr/include/glib-2.0/gobject/gbinding.h:31:
/usr/include/glib-2.0/gobject/gsignal.h:333:66: note: expected ‘GSignalAccumulator’ {aka ‘int (*)(struct _GSignalInvocationHint *, struct _GValue *, const struct _GValue *, void *)’} but argument is of type ‘gboolean (*)(GSignalInvocationHint *, GValue *, GValue *, void *)’ {aka ‘int (*)(struct _GSignalInvocationHint *, struct _GValue *, struct _GValue *, void *)’}
  333 |                                              GSignalAccumulator  accumulator,
      |                                              ~~~~~~~~~~~~~~~~~~~~^~~~~~~~~~~
libumockdev.so.0.3.0.p/src/umockdev-ioctl.c:2615:1: note: ‘_umockdev_signal_accumulator_true_handled_gsignal_accumulator’ declared here
 2615 | _umockdev_signal_accumulator_true_handled_gsignal_accumulator (GSignalInvocationHint* ihint,
      | ^~~~~~~~~~~~~~~~~~~~~~~~~~~~~~~~~~~~~~~~~~~~~~~~~~~~~~~~~~~~~
/usr/include/glib-2.0/gobject/gsignal.h:103:20: note: ‘GSignalAccumulator’ declared here
  103 | typedef gboolean (*GSignalAccumulator)  (GSignalInvocationHint *ihint,
      |                    ^~~~~~~~~~~~~~~~~~
libumockdev.so.0.3.0.p/src/umockdev-ioctl.c:2638:96: warning: passing argument 5 of ‘g_signal_new’ from incompatible pointer type [-Wincompatible-pointer-types]
 2638 |         g_signal_new ("handle-read", UMOCKDEV_TYPE_IOCTL_CLIENT, G_SIGNAL_RUN_LAST, (guint) 0, _umockdev_signal_accumulator_true_handled_gsignal_accumulator, NULL, NULL, G_TYPE_BOOLEAN, (guint) 0, NULL);
      |                                                                                                ^~~~~~~~~~~~~~~~~~~~~~~~~~~~~~~~~~~~~~~~~~~~~~~~~~~~~~~~~~~~~
      |                                                                                                |
      |                                                                                                gboolean (*)(GSignalInvocationHint *, GValue *, GValue *, void *) {aka int (*)(struct _GSignalInvocationHint *, struct _GValue *, struct _GValue *, void *)}
/usr/include/glib-2.0/gobject/gsignal.h:333:66: note: expected ‘GSignalAccumulator’ {aka ‘int (*)(struct _GSignalInvocationHint *, struct _GValue *, const struct _GValue *, void *)’} but argument is of type ‘gboolean (*)(GSignalInvocationHint *, GValue *, GValue *, void *)’ {aka ‘int (*)(struct _GSignalInvocationHint *, struct _GValue *, struct _GValue *, void *)’}
  333 |                                              GSignalAccumulator  accumulator,
      |                                              ~~~~~~~~~~~~~~~~~~~~^~~~~~~~~~~
libumockdev.so.0.3.0.p/src/umockdev-ioctl.c:2615:1: note: ‘_umockdev_signal_accumulator_true_handled_gsignal_accumulator’ declared here
 2615 | _umockdev_signal_accumulator_true_handled_gsignal_accumulator (GSignalInvocationHint* ihint,
      | ^~~~~~~~~~~~~~~~~~~~~~~~~~~~~~~~~~~~~~~~~~~~~~~~~~~~~~~~~~~~~
/usr/include/glib-2.0/gobject/gsignal.h:103:20: note: ‘GSignalAccumulator’ declared here
  103 | typedef gboolean (*GSignalAccumulator)  (GSignalInvocationHint *ihint,
      |                    ^~~~~~~~~~~~~~~~~~
libumockdev.so.0.3.0.p/src/umockdev-ioctl.c:2639:97: warning: passing argument 5 of ‘g_signal_new’ from incompatible pointer type [-Wincompatible-pointer-types]
 2639 |         g_signal_new ("handle-write", UMOCKDEV_TYPE_IOCTL_CLIENT, G_SIGNAL_RUN_LAST, (guint) 0, _umockdev_signal_accumulator_true_handled_gsignal_accumulator, NULL, NULL, G_TYPE_BOOLEAN, (guint) 0, NULL);
      |                                                                                                 ^~~~~~~~~~~~~~~~~~~~~~~~~~~~~~~~~~~~~~~~~~~~~~~~~~~~~~~~~~~~~
      |                                                                                                 |
      |                                                                                                 gboolean (*)(GSignalInvocationHint *, GValue *, GValue *, void *) {aka int (*)(struct _GSignalInvocationHint *, struct _GValue *, struct _GValue *, void *)}
/usr/include/glib-2.0/gobject/gsignal.h:333:66: note: expected ‘GSignalAccumulator’ {aka ‘int (*)(struct _GSignalInvocationHint *, struct _GValue *, const struct _GValue *, void *)’} but argument is of type ‘gboolean (*)(GSignalInvocationHint *, GValue *, GValue *, void *)’ {aka ‘int (*)(struct _GSignalInvocationHint *, struct _GValue *, struct _GValue *, void *)’}
  333 |                                              GSignalAccumulator  accumulator,
      |                                              ~~~~~~~~~~~~~~~~~~~~^~~~~~~~~~~
libumockdev.so.0.3.0.p/src/umockdev-ioctl.c:2615:1: note: ‘_umockdev_signal_accumulator_true_handled_gsignal_accumulator’ declared here
 2615 | _umockdev_signal_accumulator_true_handled_gsignal_accumulator (GSignalInvocationHint* ihint,
      | ^~~~~~~~~~~~~~~~~~~~~~~~~~~~~~~~~~~~~~~~~~~~~~~~~~~~~~~~~~~~~
/usr/include/glib-2.0/gobject/gsignal.h:103:20: note: ‘GSignalAccumulator’ declared here
  103 | typedef gboolean (*GSignalAccumulator)  (GSignalInvocationHint *ihint,
      |                    ^~~~~~~~~~~~~~~~~~
libumockdev.so.0.3.0.p/src/umockdev-ioctl.c: In function ‘umockdev_ioctl_client_get_type’:
/usr/include/glib-2.0/glib/gatomic.h:131:5: warning: argument 2 of ‘__atomic_load’ discards ‘volatile’ qualifier [-Wdiscarded-qualifiers]
  131 |     __atomic_load (gapg_temp_atomic, &gapg_temp_newval, __ATOMIC_SEQ_CST); \
      |     ^~~~~~~~~~~~~
/usr/include/glib-2.0/glib/gthread.h:274:7: note: in expansion of macro ‘g_atomic_pointer_get’
  274 |     (!g_atomic_pointer_get (location) &&                             \
      |       ^~~~~~~~~~~~~~~~~~~~
libumockdev.so.0.3.0.p/src/umockdev-ioctl.c:2691:13: note: in expansion of macro ‘g_once_init_enter’
 2691 |         if (g_once_init_enter (&umockdev_ioctl_client_type_id__once)) {
      |             ^~~~~~~~~~~~~~~~~
libumockdev.so.0.3.0.p/src/umockdev-ioctl.c: In function ‘umockdev_start_listen_closure_get_type’:
/usr/include/glib-2.0/glib/gatomic.h:131:5: warning: argument 2 of ‘__atomic_load’ discards ‘volatile’ qualifier [-Wdiscarded-qualifiers]
  131 |     __atomic_load (gapg_temp_atomic, &gapg_temp_newval, __ATOMIC_SEQ_CST); \
      |     ^~~~~~~~~~~~~
/usr/include/glib-2.0/glib/gthread.h:274:7: note: in expansion of macro ‘g_atomic_pointer_get’
  274 |     (!g_atomic_pointer_get (location) &&                             \
      |       ^~~~~~~~~~~~~~~~~~~~
libumockdev.so.0.3.0.p/src/umockdev-ioctl.c:2966:13: note: in expansion of macro ‘g_once_init_enter’
 2966 |         if (g_once_init_enter (&umockdev_start_listen_closure_type_id__once)) {
      |             ^~~~~~~~~~~~~~~~~
libumockdev.so.0.3.0.p/src/umockdev-ioctl.c: In function ‘umockdev_ioctl_base_class_init’:
libumockdev.so.0.3.0.p/src/umockdev-ioctl.c:3460:147: warning: passing argument 5 of ‘g_signal_new’ from incompatible pointer type [-Wincompatible-pointer-types]
 3460 |         g_signal_new ("handle-ioctl", UMOCKDEV_TYPE_IOCTL_BASE, G_SIGNAL_RUN_LAST, (guint) G_STRUCT_OFFSET(UMockdevIoctlBaseClass, handle_ioctl), _umockdev_signal_accumulator_true_handled_gsignal_accumulator, NULL, NULL, G_TYPE_BOOLEAN, (guint) 1, UMOCKDEV_TYPE_IOCTL_CLIENT, NULL);
      |                                                                                                                                                   ^~~~~~~~~~~~~~~~~~~~~~~~~~~~~~~~~~~~~~~~~~~~~~~~~~~~~~~~~~~~~
      |                                                                                                                                                   |
      |                                                                                                                                                   gboolean (*)(GSignalInvocationHint *, GValue *, GValue *, void *) {aka int (*)(struct _GSignalInvocationHint *, struct _GValue *, struct _GValue *, void *)}
/usr/include/glib-2.0/gobject/gsignal.h:333:66: note: expected ‘GSignalAccumulator’ {aka ‘int (*)(struct _GSignalInvocationHint *, struct _GValue *, const struct _GValue *, void *)’} but argument is of type ‘gboolean (*)(GSignalInvocationHint *, GValue *, GValue *, void *)’ {aka ‘int (*)(struct _GSignalInvocationHint *, struct _GValue *, struct _GValue *, void *)’}
  333 |                                              GSignalAccumulator  accumulator,
      |                                              ~~~~~~~~~~~~~~~~~~~~^~~~~~~~~~~
libumockdev.so.0.3.0.p/src/umockdev-ioctl.c:2615:1: note: ‘_umockdev_signal_accumulator_true_handled_gsignal_accumulator’ declared here
 2615 | _umockdev_signal_accumulator_true_handled_gsignal_accumulator (GSignalInvocationHint* ihint,
      | ^~~~~~~~~~~~~~~~~~~~~~~~~~~~~~~~~~~~~~~~~~~~~~~~~~~~~~~~~~~~~
/usr/include/glib-2.0/gobject/gsignal.h:103:20: note: ‘GSignalAccumulator’ declared here
  103 | typedef gboolean (*GSignalAccumulator)  (GSignalInvocationHint *ihint,
      |                    ^~~~~~~~~~~~~~~~~~
libumockdev.so.0.3.0.p/src/umockdev-ioctl.c:3461:145: warning: passing argument 5 of ‘g_signal_new’ from incompatible pointer type [-Wincompatible-pointer-types]
 3461 |         g_signal_new ("handle-read", UMOCKDEV_TYPE_IOCTL_BASE, G_SIGNAL_RUN_LAST, (guint) G_STRUCT_OFFSET(UMockdevIoctlBaseClass, handle_read), _umockdev_signal_accumulator_true_handled_gsignal_accumulator, NULL, NULL, G_TYPE_BOOLEAN, (guint) 1, UMOCKDEV_TYPE_IOCTL_CLIENT, NULL);
      |                                                                                                                                                 ^~~~~~~~~~~~~~~~~~~~~~~~~~~~~~~~~~~~~~~~~~~~~~~~~~~~~~~~~~~~~
      |                                                                                                                                                 |
      |                                                                                                                                                 gboolean (*)(GSignalInvocationHint *, GValue *, GValue *, void *) {aka int (*)(struct _GSignalInvocationHint *, struct _GValue *, struct _GValue *, void *)}
/usr/include/glib-2.0/gobject/gsignal.h:333:66: note: expected ‘GSignalAccumulator’ {aka ‘int (*)(struct _GSignalInvocationHint *, struct _GValue *, const struct _GValue *, void *)’} but argument is of type ‘gboolean (*)(GSignalInvocationHint *, GValue *, GValue *, void *)’ {aka ‘int (*)(struct _GSignalInvocationHint *, struct _GValue *, struct _GValue *, void *)’}
  333 |                                              GSignalAccumulator  accumulator,
      |                                              ~~~~~~~~~~~~~~~~~~~~^~~~~~~~~~~
libumockdev.so.0.3.0.p/src/umockdev-ioctl.c:2615:1: note: ‘_umockdev_signal_accumulator_true_handled_gsignal_accumulator’ declared here
 2615 | _umockdev_signal_accumulator_true_handled_gsignal_accumulator (GSignalInvocationHint* ihint,
      | ^~~~~~~~~~~~~~~~~~~~~~~~~~~~~~~~~~~~~~~~~~~~~~~~~~~~~~~~~~~~~
/usr/include/glib-2.0/gobject/gsignal.h:103:20: note: ‘GSignalAccumulator’ declared here
  103 | typedef gboolean (*GSignalAccumulator)  (GSignalInvocationHint *ihint,
      |                    ^~~~~~~~~~~~~~~~~~
libumockdev.so.0.3.0.p/src/umockdev-ioctl.c:3462:147: warning: passing argument 5 of ‘g_signal_new’ from incompatible pointer type [-Wincompatible-pointer-types]
 3462 |         g_signal_new ("handle-write", UMOCKDEV_TYPE_IOCTL_BASE, G_SIGNAL_RUN_LAST, (guint) G_STRUCT_OFFSET(UMockdevIoctlBaseClass, handle_write), _umockdev_signal_accumulator_true_handled_gsignal_accumulator, NULL, NULL, G_TYPE_BOOLEAN, (guint) 1, UMOCKDEV_TYPE_IOCTL_CLIENT, NULL);
      |                                                                                                                                                   ^~~~~~~~~~~~~~~~~~~~~~~~~~~~~~~~~~~~~~~~~~~~~~~~~~~~~~~~~~~~~
      |                                                                                                                                                   |
      |                                                                                                                                                   gboolean (*)(GSignalInvocationHint *, GValue *, GValue *, void *) {aka int (*)(struct _GSignalInvocationHint *, struct _GValue *, struct _GValue *, void *)}
/usr/include/glib-2.0/gobject/gsignal.h:333:66: note: expected ‘GSignalAccumulator’ {aka ‘int (*)(struct _GSignalInvocationHint *, struct _GValue *, const struct _GValue *, void *)’} but argument is of type ‘gboolean (*)(GSignalInvocationHint *, GValue *, GValue *, void *)’ {aka ‘int (*)(struct _GSignalInvocationHint *, struct _GValue *, struct _GValue *, void *)’}
  333 |                                              GSignalAccumulator  accumulator,
      |                                              ~~~~~~~~~~~~~~~~~~~~^~~~~~~~~~~
libumockdev.so.0.3.0.p/src/umockdev-ioctl.c:2615:1: note: ‘_umockdev_signal_accumulator_true_handled_gsignal_accumulator’ declared here
 2615 | _umockdev_signal_accumulator_true_handled_gsignal_accumulator (GSignalInvocationHint* ihint,
      | ^~~~~~~~~~~~~~~~~~~~~~~~~~~~~~~~~~~~~~~~~~~~~~~~~~~~~~~~~~~~~
/usr/include/glib-2.0/gobject/gsignal.h:103:20: note: ‘GSignalAccumulator’ declared here
  103 | typedef gboolean (*GSignalAccumulator)  (GSignalInvocationHint *ihint,
      |                    ^~~~~~~~~~~~~~~~~~
libumockdev.so.0.3.0.p/src/umockdev-ioctl.c: In function ‘umockdev_ioctl_base_get_type’:
/usr/include/glib-2.0/glib/gatomic.h:131:5: warning: argument 2 of ‘__atomic_load’ discards ‘volatile’ qualifier [-Wdiscarded-qualifiers]
  131 |     __atomic_load (gapg_temp_atomic, &gapg_temp_newval, __ATOMIC_SEQ_CST); \
      |     ^~~~~~~~~~~~~
/usr/include/glib-2.0/glib/gthread.h:274:7: note: in expansion of macro ‘g_atomic_pointer_get’
  274 |     (!g_atomic_pointer_get (location) &&                             \
      |       ^~~~~~~~~~~~~~~~~~~~
libumockdev.so.0.3.0.p/src/umockdev-ioctl.c:3497:13: note: in expansion of macro ‘g_once_init_enter’
 3497 |         if (g_once_init_enter (&umockdev_ioctl_base_type_id__once)) {
      |             ^~~~~~~~~~~~~~~~~
libumockdev.so.0.3.0.p/src/umockdev-ioctl.c: In function ‘umockdev_ioctl_tree_handler_real_handle_ioctl’:
libumockdev.so.0.3.0.p/src/umockdev-ioctl.c:3589:14: warning: assignment discards ‘const’ qualifier from pointer target type [-Wdiscarded-qualifiers]
 3589 |         last = _tmp5_;
      |              ^
libumockdev.so.0.3.0.p/src/umockdev-ioctl.c: In function ‘umockdev_ioctl_tree_handler_get_type’:
/usr/include/glib-2.0/glib/gatomic.h:131:5: warning: argument 2 of ‘__atomic_load’ discards ‘volatile’ qualifier [-Wdiscarded-qualifiers]
  131 |     __atomic_load (gapg_temp_atomic, &gapg_temp_newval, __ATOMIC_SEQ_CST); \
      |     ^~~~~~~~~~~~~
/usr/include/glib-2.0/glib/gthread.h:274:7: note: in expansion of macro ‘g_atomic_pointer_get’
  274 |     (!g_atomic_pointer_get (location) &&                             \
      |       ^~~~~~~~~~~~~~~~~~~~
libumockdev.so.0.3.0.p/src/umockdev-ioctl.c:3805:13: note: in expansion of macro ‘g_once_init_enter’
 3805 |         if (g_once_init_enter (&umockdev_ioctl_tree_handler_type_id__once)) {
      |             ^~~~~~~~~~~~~~~~~
libumockdev.so.0.3.0.p/src/umockdev-ioctl.c: In function ‘umockdev_ioctl_tree_recorder_get_type’:
/usr/include/glib-2.0/glib/gatomic.h:131:5: warning: argument 2 of ‘__atomic_load’ discards ‘volatile’ qualifier [-Wdiscarded-qualifiers]
  131 |     __atomic_load (gapg_temp_atomic, &gapg_temp_newval, __ATOMIC_SEQ_CST); \
      |     ^~~~~~~~~~~~~
/usr/include/glib-2.0/glib/gthread.h:274:7: note: in expansion of macro ‘g_atomic_pointer_get’
  274 |     (!g_atomic_pointer_get (location) &&                             \
      |       ^~~~~~~~~~~~~~~~~~~~
libumockdev.so.0.3.0.p/src/umockdev-ioctl.c:4186:13: note: in expansion of macro ‘g_once_init_enter’
 4186 |         if (g_once_init_enter (&umockdev_ioctl_tree_recorder_type_id__once)) {
      |             ^~~~~~~~~~~~~~~~~
[43/58] Compiling C object test-umockdev-run.p/meson-generated_tests_test-umockdev-run.c.o
[44/58] Compiling C object umockdev-record.p/meson-generated_src_umockdev-ioctl.c.o
In file included from /usr/include/glib-2.0/glib/gthread.h:34,
                 from /usr/include/glib-2.0/glib/gasyncqueue.h:34,
                 from /usr/include/glib-2.0/glib.h:34,
                 from /usr/include/glib-2.0/gobject/gbinding.h:30,
                 from /usr/include/glib-2.0/glib-object.h:24,
                 from umockdev-record.p/src/umockdev-ioctl.c:102:
umockdev-record.p/src/umockdev-ioctl.c: In function ‘umockdev_ioctl_data_get_type’:
/usr/include/glib-2.0/glib/gatomic.h:131:5: warning: argument 2 of ‘__atomic_load’ discards ‘volatile’ qualifier [-Wdiscarded-qualifiers]
  131 |     __atomic_load (gapg_temp_atomic, &gapg_temp_newval, __ATOMIC_SEQ_CST); \
      |     ^~~~~~~~~~~~~
/usr/include/glib-2.0/glib/gthread.h:274:7: note: in expansion of macro ‘g_atomic_pointer_get’
  274 |     (!g_atomic_pointer_get (location) &&                             \
      |       ^~~~~~~~~~~~~~~~~~~~
umockdev-record.p/src/umockdev-ioctl.c:1825:13: note: in expansion of macro ‘g_once_init_enter’
 1825 |         if (g_once_init_enter (&umockdev_ioctl_data_type_id__once)) {
      |             ^~~~~~~~~~~~~~~~~
umockdev-record.p/src/umockdev-ioctl.c: In function ‘umockdev_ioctl_client_class_init’:
umockdev-record.p/src/umockdev-ioctl.c:2765:97: warning: passing argument 5 of ‘g_signal_new’ from incompatible pointer type [-Wincompatible-pointer-types]
 2765 |         g_signal_new ("handle-ioctl", UMOCKDEV_TYPE_IOCTL_CLIENT, G_SIGNAL_RUN_LAST, (guint) 0, _umockdev_signal_accumulator_true_handled_gsignal_accumulator, NULL, NULL, G_TYPE_BOOLEAN, (guint) 0, NULL);
      |                                                                                                 ^~~~~~~~~~~~~~~~~~~~~~~~~~~~~~~~~~~~~~~~~~~~~~~~~~~~~~~~~~~~~
      |                                                                                                 |
      |                                                                                                 gboolean (*)(GSignalInvocationHint *, GValue *, GValue *, void *) {aka int (*)(struct _GSignalInvocationHint *, struct _GValue *, struct _GValue *, void *)}
In file included from /usr/include/glib-2.0/gobject/gobject.h:30,
                 from /usr/include/glib-2.0/gobject/gbinding.h:31:
/usr/include/glib-2.0/gobject/gsignal.h:333:66: note: expected ‘GSignalAccumulator’ {aka ‘int (*)(struct _GSignalInvocationHint *, struct _GValue *, const struct _GValue *, void *)’} but argument is of type ‘gboolean (*)(GSignalInvocationHint *, GValue *, GValue *, void *)’ {aka ‘int (*)(struct _GSignalInvocationHint *, struct _GValue *, struct _GValue *, void *)’}
  333 |                                              GSignalAccumulator  accumulator,
      |                                              ~~~~~~~~~~~~~~~~~~~~^~~~~~~~~~~
umockdev-record.p/src/umockdev-ioctl.c:2743:1: note: ‘_umockdev_signal_accumulator_true_handled_gsignal_accumulator’ declared here
 2743 | _umockdev_signal_accumulator_true_handled_gsignal_accumulator (GSignalInvocationHint* ihint,
      | ^~~~~~~~~~~~~~~~~~~~~~~~~~~~~~~~~~~~~~~~~~~~~~~~~~~~~~~~~~~~~
/usr/include/glib-2.0/gobject/gsignal.h:103:20: note: ‘GSignalAccumulator’ declared here
  103 | typedef gboolean (*GSignalAccumulator)  (GSignalInvocationHint *ihint,
      |                    ^~~~~~~~~~~~~~~~~~
umockdev-record.p/src/umockdev-ioctl.c:2766:96: warning: passing argument 5 of ‘g_signal_new’ from incompatible pointer type [-Wincompatible-pointer-types]
 2766 |         g_signal_new ("handle-read", UMOCKDEV_TYPE_IOCTL_CLIENT, G_SIGNAL_RUN_LAST, (guint) 0, _umockdev_signal_accumulator_true_handled_gsignal_accumulator, NULL, NULL, G_TYPE_BOOLEAN, (guint) 0, NULL);
      |                                                                                                ^~~~~~~~~~~~~~~~~~~~~~~~~~~~~~~~~~~~~~~~~~~~~~~~~~~~~~~~~~~~~
      |                                                                                                |
      |                                                                                                gboolean (*)(GSignalInvocationHint *, GValue *, GValue *, void *) {aka int (*)(struct _GSignalInvocationHint *, struct _GValue *, struct _GValue *, void *)}
/usr/include/glib-2.0/gobject/gsignal.h:333:66: note: expected ‘GSignalAccumulator’ {aka ‘int (*)(struct _GSignalInvocationHint *, struct _GValue *, const struct _GValue *, void *)’} but argument is of type ‘gboolean (*)(GSignalInvocationHint *, GValue *, GValue *, void *)’ {aka ‘int (*)(struct _GSignalInvocationHint *, struct _GValue *, struct _GValue *, void *)’}
  333 |                                              GSignalAccumulator  accumulator,
      |                                              ~~~~~~~~~~~~~~~~~~~~^~~~~~~~~~~
umockdev-record.p/src/umockdev-ioctl.c:2743:1: note: ‘_umockdev_signal_accumulator_true_handled_gsignal_accumulator’ declared here
 2743 | _umockdev_signal_accumulator_true_handled_gsignal_accumulator (GSignalInvocationHint* ihint,
      | ^~~~~~~~~~~~~~~~~~~~~~~~~~~~~~~~~~~~~~~~~~~~~~~~~~~~~~~~~~~~~
/usr/include/glib-2.0/gobject/gsignal.h:103:20: note: ‘GSignalAccumulator’ declared here
  103 | typedef gboolean (*GSignalAccumulator)  (GSignalInvocationHint *ihint,
      |                    ^~~~~~~~~~~~~~~~~~
umockdev-record.p/src/umockdev-ioctl.c:2767:97: warning: passing argument 5 of ‘g_signal_new’ from incompatible pointer type [-Wincompatible-pointer-types]
 2767 |         g_signal_new ("handle-write", UMOCKDEV_TYPE_IOCTL_CLIENT, G_SIGNAL_RUN_LAST, (guint) 0, _umockdev_signal_accumulator_true_handled_gsignal_accumulator, NULL, NULL, G_TYPE_BOOLEAN, (guint) 0, NULL);
      |                                                                                                 ^~~~~~~~~~~~~~~~~~~~~~~~~~~~~~~~~~~~~~~~~~~~~~~~~~~~~~~~~~~~~
      |                                                                                                 |
      |                                                                                                 gboolean (*)(GSignalInvocationHint *, GValue *, GValue *, void *) {aka int (*)(struct _GSignalInvocationHint *, struct _GValue *, struct _GValue *, void *)}
/usr/include/glib-2.0/gobject/gsignal.h:333:66: note: expected ‘GSignalAccumulator’ {aka ‘int (*)(struct _GSignalInvocationHint *, struct _GValue *, const struct _GValue *, void *)’} but argument is of type ‘gboolean (*)(GSignalInvocationHint *, GValue *, GValue *, void *)’ {aka ‘int (*)(struct _GSignalInvocationHint *, struct _GValue *, struct _GValue *, void *)’}
  333 |                                              GSignalAccumulator  accumulator,
      |                                              ~~~~~~~~~~~~~~~~~~~~^~~~~~~~~~~
umockdev-record.p/src/umockdev-ioctl.c:2743:1: note: ‘_umockdev_signal_accumulator_true_handled_gsignal_accumulator’ declared here
 2743 | _umockdev_signal_accumulator_true_handled_gsignal_accumulator (GSignalInvocationHint* ihint,
      | ^~~~~~~~~~~~~~~~~~~~~~~~~~~~~~~~~~~~~~~~~~~~~~~~~~~~~~~~~~~~~
/usr/include/glib-2.0/gobject/gsignal.h:103:20: note: ‘GSignalAccumulator’ declared here
  103 | typedef gboolean (*GSignalAccumulator)  (GSignalInvocationHint *ihint,
      |                    ^~~~~~~~~~~~~~~~~~
umockdev-record.p/src/umockdev-ioctl.c: In function ‘umockdev_ioctl_client_get_type’:
/usr/include/glib-2.0/glib/gatomic.h:131:5: warning: argument 2 of ‘__atomic_load’ discards ‘volatile’ qualifier [-Wdiscarded-qualifiers]
  131 |     __atomic_load (gapg_temp_atomic, &gapg_temp_newval, __ATOMIC_SEQ_CST); \
      |     ^~~~~~~~~~~~~
/usr/include/glib-2.0/glib/gthread.h:274:7: note: in expansion of macro ‘g_atomic_pointer_get’
  274 |     (!g_atomic_pointer_get (location) &&                             \
      |       ^~~~~~~~~~~~~~~~~~~~
umockdev-record.p/src/umockdev-ioctl.c:2819:13: note: in expansion of macro ‘g_once_init_enter’
 2819 |         if (g_once_init_enter (&umockdev_ioctl_client_type_id__once)) {
      |             ^~~~~~~~~~~~~~~~~
umockdev-record.p/src/umockdev-ioctl.c: In function ‘umockdev_start_listen_closure_get_type’:
/usr/include/glib-2.0/glib/gatomic.h:131:5: warning: argument 2 of ‘__atomic_load’ discards ‘volatile’ qualifier [-Wdiscarded-qualifiers]
  131 |     __atomic_load (gapg_temp_atomic, &gapg_temp_newval, __ATOMIC_SEQ_CST); \
      |     ^~~~~~~~~~~~~
/usr/include/glib-2.0/glib/gthread.h:274:7: note: in expansion of macro ‘g_atomic_pointer_get’
  274 |     (!g_atomic_pointer_get (location) &&                             \
      |       ^~~~~~~~~~~~~~~~~~~~
umockdev-record.p/src/umockdev-ioctl.c:3094:13: note: in expansion of macro ‘g_once_init_enter’
 3094 |         if (g_once_init_enter (&umockdev_start_listen_closure_type_id__once)) {
      |             ^~~~~~~~~~~~~~~~~
umockdev-record.p/src/umockdev-ioctl.c: In function ‘umockdev_ioctl_base_unregister_all’:
umockdev-record.p/src/umockdev-ioctl.c:3438:62: warning: passing argument 2 of ‘g_hash_table_foreach_remove’ from incompatible pointer type [-Wincompatible-pointer-types]
 3438 |                         g_hash_table_foreach_remove (_tmp1_, ____lambda4__ghr_func, self);
      |                                                              ^~~~~~~~~~~~~~~~~~~~~
      |                                                              |
      |                                                              gboolean (*)(const void *, const void *, void *) {aka int (*)(const void *, const void *, void *)}
In file included from /usr/include/glib-2.0/glib.h:52:
/usr/include/glib-2.0/glib/ghash.h:122:61: note: expected ‘GHRFunc’ {aka ‘int (*)(void *, void *, void *)’} but argument is of type ‘gboolean (*)(const void *, const void *, void *)’ {aka ‘int (*)(const void *, const void *, void *)’}
  122 |                                             GHRFunc         func,
      |                                             ~~~~~~~~~~~~~~~~^~~~
umockdev-record.p/src/umockdev-ioctl.c:3417:1: note: ‘____lambda4__ghr_func’ declared here
 3417 | ____lambda4__ghr_func (gconstpointer key,
      | ^~~~~~~~~~~~~~~~~~~~~
/usr/include/glib-2.0/glib/ghash.h:42:21: note: ‘GHRFunc’ declared here
   42 | typedef gboolean  (*GHRFunc)  (gpointer  key,
      |                     ^~~~~~~
umockdev-record.p/src/umockdev-ioctl.c: In function ‘umockdev_ioctl_base_class_init’:
umockdev-record.p/src/umockdev-ioctl.c:3600:147: warning: passing argument 5 of ‘g_signal_new’ from incompatible pointer type [-Wincompatible-pointer-types]
 3600 |         g_signal_new ("handle-ioctl", UMOCKDEV_TYPE_IOCTL_BASE, G_SIGNAL_RUN_LAST, (guint) G_STRUCT_OFFSET(UMockdevIoctlBaseClass, handle_ioctl), _umockdev_signal_accumulator_true_handled_gsignal_accumulator, NULL, NULL, G_TYPE_BOOLEAN, (guint) 1, UMOCKDEV_TYPE_IOCTL_CLIENT, NULL);
      |                                                                                                                                                   ^~~~~~~~~~~~~~~~~~~~~~~~~~~~~~~~~~~~~~~~~~~~~~~~~~~~~~~~~~~~~
      |                                                                                                                                                   |
      |                                                                                                                                                   gboolean (*)(GSignalInvocationHint *, GValue *, GValue *, void *) {aka int (*)(struct _GSignalInvocationHint *, struct _GValue *, struct _GValue *, void *)}
/usr/include/glib-2.0/gobject/gsignal.h:333:66: note: expected ‘GSignalAccumulator’ {aka ‘int (*)(struct _GSignalInvocationHint *, struct _GValue *, const struct _GValue *, void *)’} but argument is of type ‘gboolean (*)(GSignalInvocationHint *, GValue *, GValue *, void *)’ {aka ‘int (*)(struct _GSignalInvocationHint *, struct _GValue *, struct _GValue *, void *)’}
  333 |                                              GSignalAccumulator  accumulator,
      |                                              ~~~~~~~~~~~~~~~~~~~~^~~~~~~~~~~
umockdev-record.p/src/umockdev-ioctl.c:2743:1: note: ‘_umockdev_signal_accumulator_true_handled_gsignal_accumulator’ declared here
 2743 | _umockdev_signal_accumulator_true_handled_gsignal_accumulator (GSignalInvocationHint* ihint,
      | ^~~~~~~~~~~~~~~~~~~~~~~~~~~~~~~~~~~~~~~~~~~~~~~~~~~~~~~~~~~~~
/usr/include/glib-2.0/gobject/gsignal.h:103:20: note: ‘GSignalAccumulator’ declared here
  103 | typedef gboolean (*GSignalAccumulator)  (GSignalInvocationHint *ihint,
      |                    ^~~~~~~~~~~~~~~~~~
umockdev-record.p/src/umockdev-ioctl.c:3601:145: warning: passing argument 5 of ‘g_signal_new’ from incompatible pointer type [-Wincompatible-pointer-types]
 3601 |         g_signal_new ("handle-read", UMOCKDEV_TYPE_IOCTL_BASE, G_SIGNAL_RUN_LAST, (guint) G_STRUCT_OFFSET(UMockdevIoctlBaseClass, handle_read), _umockdev_signal_accumulator_true_handled_gsignal_accumulator, NULL, NULL, G_TYPE_BOOLEAN, (guint) 1, UMOCKDEV_TYPE_IOCTL_CLIENT, NULL);
      |                                                                                                                                                 ^~~~~~~~~~~~~~~~~~~~~~~~~~~~~~~~~~~~~~~~~~~~~~~~~~~~~~~~~~~~~
      |                                                                                                                                                 |
      |                                                                                                                                                 gboolean (*)(GSignalInvocationHint *, GValue *, GValue *, void *) {aka int (*)(struct _GSignalInvocationHint *, struct _GValue *, struct _GValue *, void *)}
/usr/include/glib-2.0/gobject/gsignal.h:333:66: note: expected ‘GSignalAccumulator’ {aka ‘int (*)(struct _GSignalInvocationHint *, struct _GValue *, const struct _GValue *, void *)’} but argument is of type ‘gboolean (*)(GSignalInvocationHint *, GValue *, GValue *, void *)’ {aka ‘int (*)(struct _GSignalInvocationHint *, struct _GValue *, struct _GValue *, void *)’}
  333 |                                              GSignalAccumulator  accumulator,
      |                                              ~~~~~~~~~~~~~~~~~~~~^~~~~~~~~~~
umockdev-record.p/src/umockdev-ioctl.c:2743:1: note: ‘_umockdev_signal_accumulator_true_handled_gsignal_accumulator’ declared here
 2743 | _umockdev_signal_accumulator_true_handled_gsignal_accumulator (GSignalInvocationHint* ihint,
      | ^~~~~~~~~~~~~~~~~~~~~~~~~~~~~~~~~~~~~~~~~~~~~~~~~~~~~~~~~~~~~
/usr/include/glib-2.0/gobject/gsignal.h:103:20: note: ‘GSignalAccumulator’ declared here
  103 | typedef gboolean (*GSignalAccumulator)  (GSignalInvocationHint *ihint,
      |                    ^~~~~~~~~~~~~~~~~~
umockdev-record.p/src/umockdev-ioctl.c:3602:147: warning: passing argument 5 of ‘g_signal_new’ from incompatible pointer type [-Wincompatible-pointer-types]
 3602 |         g_signal_new ("handle-write", UMOCKDEV_TYPE_IOCTL_BASE, G_SIGNAL_RUN_LAST, (guint) G_STRUCT_OFFSET(UMockdevIoctlBaseClass, handle_write), _umockdev_signal_accumulator_true_handled_gsignal_accumulator, NULL, NULL, G_TYPE_BOOLEAN, (guint) 1, UMOCKDEV_TYPE_IOCTL_CLIENT, NULL);
      |                                                                                                                                                   ^~~~~~~~~~~~~~~~~~~~~~~~~~~~~~~~~~~~~~~~~~~~~~~~~~~~~~~~~~~~~
      |                                                                                                                                                   |
      |                                                                                                                                                   gboolean (*)(GSignalInvocationHint *, GValue *, GValue *, void *) {aka int (*)(struct _GSignalInvocationHint *, struct _GValue *, struct _GValue *, void *)}
/usr/include/glib-2.0/gobject/gsignal.h:333:66: note: expected ‘GSignalAccumulator’ {aka ‘int (*)(struct _GSignalInvocationHint *, struct _GValue *, const struct _GValue *, void *)’} but argument is of type ‘gboolean (*)(GSignalInvocationHint *, GValue *, GValue *, void *)’ {aka ‘int (*)(struct _GSignalInvocationHint *, struct _GValue *, struct _GValue *, void *)’}
  333 |                                              GSignalAccumulator  accumulator,
      |                                              ~~~~~~~~~~~~~~~~~~~~^~~~~~~~~~~
umockdev-record.p/src/umockdev-ioctl.c:2743:1: note: ‘_umockdev_signal_accumulator_true_handled_gsignal_accumulator’ declared here
 2743 | _umockdev_signal_accumulator_true_handled_gsignal_accumulator (GSignalInvocationHint* ihint,
      | ^~~~~~~~~~~~~~~~~~~~~~~~~~~~~~~~~~~~~~~~~~~~~~~~~~~~~~~~~~~~~
/usr/include/glib-2.0/gobject/gsignal.h:103:20: note: ‘GSignalAccumulator’ declared here
  103 | typedef gboolean (*GSignalAccumulator)  (GSignalInvocationHint *ihint,
      |                    ^~~~~~~~~~~~~~~~~~
umockdev-record.p/src/umockdev-ioctl.c: In function ‘umockdev_ioctl_base_get_type’:
/usr/include/glib-2.0/glib/gatomic.h:131:5: warning: argument 2 of ‘__atomic_load’ discards ‘volatile’ qualifier [-Wdiscarded-qualifiers]
  131 |     __atomic_load (gapg_temp_atomic, &gapg_temp_newval, __ATOMIC_SEQ_CST); \
      |     ^~~~~~~~~~~~~
/usr/include/glib-2.0/glib/gthread.h:274:7: note: in expansion of macro ‘g_atomic_pointer_get’
  274 |     (!g_atomic_pointer_get (location) &&                             \
      |       ^~~~~~~~~~~~~~~~~~~~
umockdev-record.p/src/umockdev-ioctl.c:3637:13: note: in expansion of macro ‘g_once_init_enter’
 3637 |         if (g_once_init_enter (&umockdev_ioctl_base_type_id__once)) {
      |             ^~~~~~~~~~~~~~~~~
umockdev-record.p/src/umockdev-ioctl.c: In function ‘umockdev_ioctl_tree_handler_real_handle_ioctl’:
umockdev-record.p/src/umockdev-ioctl.c:3729:14: warning: assignment discards ‘const’ qualifier from pointer target type [-Wdiscarded-qualifiers]
 3729 |         last = _tmp5_;
      |              ^
umockdev-record.p/src/umockdev-ioctl.c: In function ‘umockdev_ioctl_tree_handler_get_type’:
/usr/include/glib-2.0/glib/gatomic.h:131:5: warning: argument 2 of ‘__atomic_load’ discards ‘volatile’ qualifier [-Wdiscarded-qualifiers]
  131 |     __atomic_load (gapg_temp_atomic, &gapg_temp_newval, __ATOMIC_SEQ_CST); \
      |     ^~~~~~~~~~~~~
/usr/include/glib-2.0/glib/gthread.h:274:7: note: in expansion of macro ‘g_atomic_pointer_get’
  274 |     (!g_atomic_pointer_get (location) &&                             \
      |       ^~~~~~~~~~~~~~~~~~~~
umockdev-record.p/src/umockdev-ioctl.c:3945:13: note: in expansion of macro ‘g_once_init_enter’
 3945 |         if (g_once_init_enter (&umockdev_ioctl_tree_handler_type_id__once)) {
      |             ^~~~~~~~~~~~~~~~~
umockdev-record.p/src/umockdev-ioctl.c: In function ‘umockdev_ioctl_tree_recorder_get_type’:
/usr/include/glib-2.0/glib/gatomic.h:131:5: warning: argument 2 of ‘__atomic_load’ discards ‘volatile’ qualifier [-Wdiscarded-qualifiers]
  131 |     __atomic_load (gapg_temp_atomic, &gapg_temp_newval, __ATOMIC_SEQ_CST); \
      |     ^~~~~~~~~~~~~
/usr/include/glib-2.0/glib/gthread.h:274:7: note: in expansion of macro ‘g_atomic_pointer_get’
  274 |     (!g_atomic_pointer_get (location) &&                             \
      |       ^~~~~~~~~~~~~~~~~~~~
umockdev-record.p/src/umockdev-ioctl.c:4326:13: note: in expansion of macro ‘g_once_init_enter’
 4326 |         if (g_once_init_enter (&umockdev_ioctl_tree_recorder_type_id__once)) {
      |             ^~~~~~~~~~~~~~~~~
[45/58] Linking target umockdev-record
[46/58] Compiling C object test-umockdev-record.p/meson-generated_tests_test-umockdev-record.c.o
[47/58] Compiling C object test-umockdev-vala.p/meson-generated_tests_test-umockdev-vala.c.o
test-umockdev-vala.p/tests/test-umockdev-vala.c: In function ‘t_spidev_ioctl’:
test-umockdev-vala.p/tests/test-umockdev-vala.c:2343:14: warning: assignment to ‘struct spi_ioc_transfer *’ from incompatible pointer type ‘guint8 *’ {aka ‘unsigned char *’} [-Wincompatible-pointer-types]
 2343 |         xfer = _tmp21_;
      |              ^
In file included from /usr/include/glib-2.0/glib/gthread.h:34,
                 from /usr/include/glib-2.0/glib/gasyncqueue.h:34,
                 from /usr/include/glib-2.0/glib.h:34,
                 from test-umockdev-vala.p/tests/test-umockdev-vala.c:26:
test-umockdev-vala.p/tests/test-umockdev-vala.c: In function ‘attribute_counter_thread_get_type’:
/usr/include/glib-2.0/glib/gatomic.h:131:5: warning: argument 2 of ‘__atomic_load’ discards ‘volatile’ qualifier [-Wdiscarded-qualifiers]
  131 |     __atomic_load (gapg_temp_atomic, &gapg_temp_newval, __ATOMIC_SEQ_CST); \
      |     ^~~~~~~~~~~~~
/usr/include/glib-2.0/glib/gthread.h:274:7: note: in expansion of macro ‘g_atomic_pointer_get’
  274 |     (!g_atomic_pointer_get (location) &&                             \
      |       ^~~~~~~~~~~~~~~~~~~~
test-umockdev-vala.p/tests/test-umockdev-vala.c:3229:13: note: in expansion of macro ‘g_once_init_enter’
 3229 |         if (g_once_init_enter (&attribute_counter_thread_type_id__once)) {
      |             ^~~~~~~~~~~~~~~~~
test-umockdev-vala.p/tests/test-umockdev-vala.c: In function ‘t_mt_uevent’:
test-umockdev-vala.p/tests/test-umockdev-vala.c:3574:37: warning: passing argument 1 of ‘g_udev_client_new’ from incompatible pointer type [-Wincompatible-pointer-types]
 3574 |         _tmp4_ = g_udev_client_new (_tmp3_);
      |                                     ^~~~~~
      |                                     |
      |                                     gchar ** {aka char **}
In file included from /usr/include/gudev-1.0/gudev/gudev.h:14,
                 from test-umockdev-vala.p/tests/test-umockdev-vala.c:29:
/usr/include/gudev-1.0/gudev/gudevclient.h:74:77: note: expected ‘const gchar * const*’ {aka ‘const char * const*’} but argument is of type ‘gchar **’ {aka ‘char **’}
   74 | GUdevClient *g_udev_client_new                         (const gchar* const *subsystems);
      |                                                         ~~~~~~~~~~~~~~~~~~~~^~~~~~~~~~
[48/58] Compiling C object test-umockdev.p/tests_test-umockdev.c.o
[49/58] Compiling C object libumockdev.so.0.3.0.p/meson-generated_src_umockdev.c.o
libumockdev.so.0.3.0.p/src/umockdev.c: In function ‘umockdev_testbed_finalize’:
libumockdev.so.0.3.0.p/src/umockdev.c:6743:39: warning: passing argument 2 of ‘g_hash_table_foreach’ from incompatible pointer type [-Wincompatible-pointer-types]
 6743 |         g_hash_table_foreach (_tmp4_, __umockdev_testbed___lambda5__gh_func, self);
      |                                       ^~~~~~~~~~~~~~~~~~~~~~~~~~~~~~~~~~~~~
      |                                       |
      |                                       void (*)(const void *, const void *, void *)
In file included from /usr/include/glib-2.0/glib.h:52,
                 from libumockdev.so.0.3.0.p/src/umockdev.c:46:
/usr/include/glib-2.0/glib/ghash.h:114:61: note: expected ‘GHFunc’ {aka ‘void (*)(void *, void *, void *)’} but argument is of type ‘void (*)(const void *, const void *, void *)’
  114 |                                             GHFunc          func,
      |                                             ~~~~~~~~~~~~~~~~^~~~
libumockdev.so.0.3.0.p/src/umockdev.c:657:1: note: ‘__umockdev_testbed___lambda5__gh_func’ declared here
  657 | __umockdev_testbed___lambda5__gh_func (gconstpointer key,
      | ^~~~~~~~~~~~~~~~~~~~~~~~~~~~~~~~~~~~~
In file included from /usr/include/glib-2.0/glib/galloca.h:34,
                 from /usr/include/glib-2.0/glib.h:32:
/usr/include/glib-2.0/glib/gtypes.h:144:27: note: ‘GHFunc’ declared here
  144 | typedef void            (*GHFunc)               (gpointer       key,
      |                           ^~~~~~
In file included from /usr/include/glib-2.0/glib/gthread.h:34,
                 from /usr/include/glib-2.0/glib/gasyncqueue.h:34,
                 from /usr/include/glib-2.0/glib.h:34:
libumockdev.so.0.3.0.p/src/umockdev.c: In function ‘umockdev_testbed_get_type’:
/usr/include/glib-2.0/glib/gatomic.h:131:5: warning: argument 2 of ‘__atomic_load’ discards ‘volatile’ qualifier [-Wdiscarded-qualifiers]
  131 |     __atomic_load (gapg_temp_atomic, &gapg_temp_newval, __ATOMIC_SEQ_CST); \
      |     ^~~~~~~~~~~~~
/usr/include/glib-2.0/glib/gthread.h:274:7: note: in expansion of macro ‘g_atomic_pointer_get’
  274 |     (!g_atomic_pointer_get (location) &&                             \
      |       ^~~~~~~~~~~~~~~~~~~~
libumockdev.so.0.3.0.p/src/umockdev.c:6791:13: note: in expansion of macro ‘g_once_init_enter’
 6791 |         if (g_once_init_enter (&umockdev_testbed_type_id__once)) {
      |             ^~~~~~~~~~~~~~~~~
libumockdev.so.0.3.0.p/src/umockdev.c: In function ‘umockdev_script_runner_get_type’:
/usr/include/glib-2.0/glib/gatomic.h:131:5: warning: argument 2 of ‘__atomic_load’ discards ‘volatile’ qualifier [-Wdiscarded-qualifiers]
  131 |     __atomic_load (gapg_temp_atomic, &gapg_temp_newval, __ATOMIC_SEQ_CST); \
      |     ^~~~~~~~~~~~~
/usr/include/glib-2.0/glib/gthread.h:274:7: note: in expansion of macro ‘g_atomic_pointer_get’
  274 |     (!g_atomic_pointer_get (location) &&                             \
      |       ^~~~~~~~~~~~~~~~~~~~
libumockdev.so.0.3.0.p/src/umockdev.c:8428:13: note: in expansion of macro ‘g_once_init_enter’
 8428 |         if (g_once_init_enter (&umockdev_script_runner_type_id__once)) {
      |             ^~~~~~~~~~~~~~~~~
libumockdev.so.0.3.0.p/src/umockdev.c: In function ‘umockdev_socket_server_get_type’:
/usr/include/glib-2.0/glib/gatomic.h:131:5: warning: argument 2 of ‘__atomic_load’ discards ‘volatile’ qualifier [-Wdiscarded-qualifiers]
  131 |     __atomic_load (gapg_temp_atomic, &gapg_temp_newval, __ATOMIC_SEQ_CST); \
      |     ^~~~~~~~~~~~~
/usr/include/glib-2.0/glib/gthread.h:274:7: note: in expansion of macro ‘g_atomic_pointer_get’
  274 |     (!g_atomic_pointer_get (location) &&                             \
      |       ^~~~~~~~~~~~~~~~~~~~
libumockdev.so.0.3.0.p/src/umockdev.c:9100:13: note: in expansion of macro ‘g_once_init_enter’
 9100 |         if (g_once_init_enter (&umockdev_socket_server_type_id__once)) {
      |             ^~~~~~~~~~~~~~~~~
libumockdev.so.0.3.0.p/src/umockdev.c: In function ‘umockdev_error_get_type’:
/usr/include/glib-2.0/glib/gatomic.h:131:5: warning: argument 2 of ‘__atomic_load’ discards ‘volatile’ qualifier [-Wdiscarded-qualifiers]
  131 |     __atomic_load (gapg_temp_atomic, &gapg_temp_newval, __ATOMIC_SEQ_CST); \
      |     ^~~~~~~~~~~~~
/usr/include/glib-2.0/glib/gthread.h:274:7: note: in expansion of macro ‘g_atomic_pointer_get’
  274 |     (!g_atomic_pointer_get (location) &&                             \
      |       ^~~~~~~~~~~~~~~~~~~~
libumockdev.so.0.3.0.p/src/umockdev.c:9177:13: note: in expansion of macro ‘g_once_init_enter’
 9177 |         if (g_once_init_enter (&umockdev_error_type_id__once)) {
      |             ^~~~~~~~~~~~~~~~~
[50/58] Linking target libumockdev.so.0.3.0
[51/58] Generating UMockdev-1.0 hacked gir with a custom command (wrapped by meson to capture output)
[52/58] Generating symbol file libumockdev.so.0.3.0.p/libumockdev.so.0.3.0.symbols
[53/58] Linking target test-umockdev-run
[54/58] Linking target test-umockdev
[55/58] Linking target umockdev-run
[56/58] Linking target test-umockdev-record
[57/58] Linking target test-umockdev-vala
[58/58] Generating UMockdev-1.0 typelib with a custom command
libhogweed.so.6: cannot open shared object file: No such file or directory
Failed to load module: /usr/lib/gio/modules/libgiognutls.so
[0/1] Installing files
Installing libumockdev-preload.so.0.0.0 to /pkgs/umockdev/usr/lib
Installing libumockdev.so.0.3.0 to /pkgs/umockdev/usr/lib
Installing umockdev.h to /pkgs/umockdev/usr/include/umockdev-1.0
Installing umockdev-1.0.vapi to /pkgs/umockdev/usr/share/vala/vapi
Installing UMockdev-1.0.gir to /pkgs/umockdev/usr/share/gir-1.0
Installing UMockdev-1.0.typelib to /pkgs/umockdev/usr/lib/girepository-1.0
Installing umockdev-run to /pkgs/umockdev/usr/bin
Installing umockdev-record to /pkgs/umockdev/usr/bin
Installing /blfs/builds/umockdev-0.19.7/build/meson-private/umockdev-1.0.pc to /pkgs/umockdev/usr/lib/pkgconfig
Installing /blfs/builds/umockdev-0.19.7/src/umockdev-wrapper to /pkgs/umockdev/usr/bin
Installing symlink pointing to libumockdev-preload.so.0.0.0 to /pkgs/umockdev/usr/lib/libumockdev-preload.so.0
Installing symlink pointing to libumockdev-preload.so.0 to /pkgs/umockdev/usr/lib/libumockdev-preload.so
Installing symlink pointing to libumockdev.so.0.3.0 to /pkgs/umockdev/usr/lib/libumockdev.so.0
Installing symlink pointing to libumockdev.so.0 to /pkgs/umockdev/usr/lib/libumockdev.so
[0/1] Installing files
Installing libumockdev-preload.so.0.0.0 to /usr/lib
Installing libumockdev.so.0.3.0 to /usr/lib
Installing umockdev.h to /usr/include/umockdev-1.0
Installing umockdev-1.0.vapi to /usr/share/vala/vapi
Installing UMockdev-1.0.gir to /usr/share/gir-1.0
Installing UMockdev-1.0.typelib to /usr/lib/girepository-1.0
Installing umockdev-run to /usr/bin
Installing umockdev-record to /usr/bin
Installing /blfs/builds/umockdev-0.19.7/build/meson-private/umockdev-1.0.pc to /usr/lib/pkgconfig
Installing /blfs/builds/umockdev-0.19.7/src/umockdev-wrapper to /usr/bin
Installing symlink pointing to libumockdev-preload.so.0.0.0 to /usr/lib/libumockdev-preload.so.0
Installing symlink pointing to libumockdev-preload.so.0 to /usr/lib/libumockdev-preload.so
Installing symlink pointing to libumockdev.so.0.3.0 to /usr/lib/libumockdev.so.0
Installing symlink pointing to libumockdev.so.0 to /usr/lib/libumockdev.so
umockdev/
umockdev/usr/
umockdev/usr/include/
umockdev/usr/include/umockdev-1.0/
umockdev/usr/include/umockdev-1.0/umockdev.h
umockdev/usr/share/
umockdev/usr/share/vala/
umockdev/usr/share/vala/vapi/
umockdev/usr/share/vala/vapi/umockdev-1.0.vapi
umockdev/usr/share/gir-1.0/
umockdev/usr/share/gir-1.0/UMockdev-1.0.gir
umockdev/usr/bin/
umockdev/usr/bin/umockdev-run
umockdev/usr/bin/umockdev-record
umockdev/usr/bin/umockdev-wrapper
umockdev/usr/lib/
umockdev/usr/lib/libumockdev.so.0.3.0
umockdev/usr/lib/girepository-1.0/
umockdev/usr/lib/girepository-1.0/UMockdev-1.0.typelib
umockdev/usr/lib/libumockdev.so
umockdev/usr/lib/libumockdev-preload.so.0
umockdev/usr/lib/libumockdev-preload.so
umockdev/usr/lib/pkgconfig/
umockdev/usr/lib/pkgconfig/umockdev-1.0.pc
umockdev/usr/lib/libumockdev.so.0
umockdev/usr/lib/libumockdev-preload.so.0.0.0
umockdev/version
umockdev/depends
umockdev/make-depends
