--2025-10-02 10:34:00--  https://registry.npmjs.org/acorn/-/acorn-8.14.1.tgz
Resolving registry.npmjs.org (registry.npmjs.org)... 2606:4700::6810:1e22, 2606:4700::6810:23, 2606:4700::6810:1a22, ...
Connecting to registry.npmjs.org (registry.npmjs.org)|2606:4700::6810:1e22|:443... connected.
HTTP request sent, awaiting response... 200 OK
Length: 129318 (126K) [application/octet-stream]
Saving to: ‘acorn-8.14.1.tgz’

     0K .......... .......... .......... .......... .......... 39% 95.9M 0s
    50K .......... .......... .......... .......... .......... 79% 5.83M 0s
   100K .......... .......... ......                          100% 56.6M=0.009s

2025-10-02 10:34:00 (13.2 MB/s) - ‘acorn-8.14.1.tgz’ saved [129318/129318]


added 1 package in 492ms
npm notice
npm notice New patch version of npm available! 11.6.0 -> 11.6.1
npm notice Changelog: https://github.com/npm/cli/releases/tag/v11.6.1
npm notice To update run: npm install -g npm@11.6.1
npm notice
acorn/
acorn/usr/
acorn/usr/share/
acorn/usr/share/licenses/
acorn/usr/share/licenses/acorn/
acorn/usr/share/licenses/acorn/LICENSE
acorn/usr/bin/
acorn/usr/bin/acorn
acorn/usr/lib/
acorn/usr/lib/node_modules/
acorn/usr/lib/node_modules/acorn/
acorn/usr/lib/node_modules/acorn/CHANGELOG.md
acorn/usr/lib/node_modules/acorn/dist/
acorn/usr/lib/node_modules/acorn/dist/acorn.js
acorn/usr/lib/node_modules/acorn/dist/acorn.d.mts
acorn/usr/lib/node_modules/acorn/dist/bin.js
acorn/usr/lib/node_modules/acorn/dist/acorn.d.ts
acorn/usr/lib/node_modules/acorn/dist/acorn.mjs
acorn/usr/lib/node_modules/acorn/bin/
acorn/usr/lib/node_modules/acorn/bin/acorn
acorn/usr/lib/node_modules/acorn/package.json
acorn/usr/lib/node_modules/acorn/LICENSE
acorn/usr/lib/node_modules/acorn/README.md
acorn/version
acorn/depends
acorn/make-depends
