--2025-09-01 07:31:32--  https://gitlab.freedesktop.org/geoclue/geoclue/-/archive/2.8.0/geoclue-2.8.0.tar.bz2
Resolving gitlab.freedesktop.org (gitlab.freedesktop.org)... 2a04:4e42:200::820, 2a04:4e42::820, 2a04:4e42:600::820, ...
Connecting to gitlab.freedesktop.org (gitlab.freedesktop.org)|2a04:4e42:200::820|:443... connected.
HTTP request sent, awaiting response... 200 
Length: unspecified [application/octet-stream]
Saving to: 'geoclue-2.8.0.tar.bz2'

     0K .......... .......... .......... .......... ..........  270K
    50K .......... .......... .......... .......... ..........  548K
   100K ..........                                             58.2M=0.3s

2025-09-01 07:31:33 (398 KB/s) - 'geoclue-2.8.0.tar.bz2' saved [112944]

geoclue-2.8.0/
geoclue-2.8.0/.editorconfig
geoclue-2.8.0/.gitlab-ci.yml
geoclue-2.8.0/COPYING
geoclue-2.8.0/COPYING.LIB
geoclue-2.8.0/HACKING.md
geoclue-2.8.0/NEWS
geoclue-2.8.0/README.md
geoclue-2.8.0/data/
geoclue-2.8.0/data/geoclue-sysusers.conf.in
geoclue-2.8.0/data/geoclue.5.in
geoclue-2.8.0/data/geoclue.conf.in
geoclue-2.8.0/data/geoclue.service.in
geoclue-2.8.0/data/meson.build
geoclue-2.8.0/data/org.freedesktop.GeoClue2.Agent.conf.in
geoclue-2.8.0/data/org.freedesktop.GeoClue2.conf.in
geoclue-2.8.0/data/org.freedesktop.GeoClue2.rules.in
geoclue-2.8.0/data/org.freedesktop.GeoClue2.service.in
geoclue-2.8.0/demo/
geoclue-2.8.0/demo/agent.c
geoclue-2.8.0/demo/gclue-service-agent.c
geoclue-2.8.0/demo/gclue-service-agent.h
geoclue-2.8.0/demo/geoclue-demo-agent.desktop.in.in
geoclue-2.8.0/demo/geoclue-where-am-i.desktop.in.in
geoclue-2.8.0/demo/install-file.py
geoclue-2.8.0/demo/meson.build
geoclue-2.8.0/demo/where-am-i.c
geoclue-2.8.0/docs/
geoclue-2.8.0/docs/geoclue-docs.xml
geoclue-2.8.0/docs/lib/
geoclue-2.8.0/docs/lib/libgeoclue-docs.xml
geoclue-2.8.0/docs/lib/libgeoclue-sections.txt
geoclue-2.8.0/docs/lib/meson.build
geoclue-2.8.0/docs/lib/version.xml.in
geoclue-2.8.0/docs/meson.build
geoclue-2.8.0/docs/version.xml.in
geoclue-2.8.0/geoclue.doap
geoclue-2.8.0/interface/
geoclue-2.8.0/interface/create-unified-xml.py
geoclue-2.8.0/interface/fi.w1.wpa_supplicant1.xml
geoclue-2.8.0/interface/meson.build
geoclue-2.8.0/interface/net.hadess.SensorProxy.xml
geoclue-2.8.0/interface/org.freedesktop.GeoClue2.Agent.xml
geoclue-2.8.0/interface/org.freedesktop.GeoClue2.Client.xml
geoclue-2.8.0/interface/org.freedesktop.GeoClue2.Location.xml
geoclue-2.8.0/interface/org.freedesktop.GeoClue2.Manager.xml
geoclue-2.8.0/interface/org.freedesktop.portal.Location.xml
geoclue-2.8.0/libgeoclue/
geoclue-2.8.0/libgeoclue/gclue-helpers.c
geoclue-2.8.0/libgeoclue/gclue-helpers.h
geoclue-2.8.0/libgeoclue/gclue-simple.c
geoclue-2.8.0/libgeoclue/gclue-simple.h
geoclue-2.8.0/libgeoclue/geoclue.h
geoclue-2.8.0/libgeoclue/libgeoclue-2.0.deps
geoclue-2.8.0/libgeoclue/libgeoclue.pc.in
geoclue-2.8.0/libgeoclue/meson.build
geoclue-2.8.0/meson.build
geoclue-2.8.0/meson_options.txt
geoclue-2.8.0/po/
geoclue-2.8.0/po/LINGUAS
geoclue-2.8.0/po/POTFILES.in
geoclue-2.8.0/po/POTFILES.skip
geoclue-2.8.0/po/meson.build
geoclue-2.8.0/public-api/
geoclue-2.8.0/public-api/gclue-enums.c
geoclue-2.8.0/public-api/gclue-enums.h
geoclue-2.8.0/public-api/meson.build
geoclue-2.8.0/src/
geoclue-2.8.0/src/gclue-3g-tower.h
geoclue-2.8.0/src/gclue-3g.c
geoclue-2.8.0/src/gclue-3g.h
geoclue-2.8.0/src/gclue-cdma.c
geoclue-2.8.0/src/gclue-cdma.h
geoclue-2.8.0/src/gclue-client-info.c
geoclue-2.8.0/src/gclue-client-info.h
geoclue-2.8.0/src/gclue-compass.c
geoclue-2.8.0/src/gclue-compass.h
geoclue-2.8.0/src/gclue-config.c
geoclue-2.8.0/src/gclue-config.h
geoclue-2.8.0/src/gclue-error.c
geoclue-2.8.0/src/gclue-error.h
geoclue-2.8.0/src/gclue-ip.c
geoclue-2.8.0/src/gclue-ip.h
geoclue-2.8.0/src/gclue-location-source.c
geoclue-2.8.0/src/gclue-location-source.h
geoclue-2.8.0/src/gclue-location.c
geoclue-2.8.0/src/gclue-location.h
geoclue-2.8.0/src/gclue-locator.c
geoclue-2.8.0/src/gclue-locator.h
geoclue-2.8.0/src/gclue-main.c
geoclue-2.8.0/src/gclue-marshal.list
geoclue-2.8.0/src/gclue-min-uint.c
geoclue-2.8.0/src/gclue-min-uint.h
geoclue-2.8.0/src/gclue-modem-gps.c
geoclue-2.8.0/src/gclue-modem-gps.h
geoclue-2.8.0/src/gclue-modem-manager.c
geoclue-2.8.0/src/gclue-modem-manager.h
geoclue-2.8.0/src/gclue-modem.c
geoclue-2.8.0/src/gclue-modem.h
geoclue-2.8.0/src/gclue-mozilla.c
geoclue-2.8.0/src/gclue-mozilla.h
geoclue-2.8.0/src/gclue-nmea-source.c
geoclue-2.8.0/src/gclue-nmea-source.h
geoclue-2.8.0/src/gclue-nmea-utils.c
geoclue-2.8.0/src/gclue-nmea-utils.h
geoclue-2.8.0/src/gclue-service-client.c
geoclue-2.8.0/src/gclue-service-client.h
geoclue-2.8.0/src/gclue-service-location.c
geoclue-2.8.0/src/gclue-service-location.h
geoclue-2.8.0/src/gclue-service-manager.c
geoclue-2.8.0/src/gclue-service-manager.h
geoclue-2.8.0/src/gclue-static-source.c
geoclue-2.8.0/src/gclue-static-source.h
geoclue-2.8.0/src/gclue-utils.h
geoclue-2.8.0/src/gclue-web-source.c
geoclue-2.8.0/src/gclue-web-source.h
geoclue-2.8.0/src/gclue-wifi.c
geoclue-2.8.0/src/gclue-wifi.h
geoclue-2.8.0/src/geoclue.pc.in
geoclue-2.8.0/src/meson.build
The Meson build system
Version: 1.7.0
Source dir: /blfs/builds/geoclue-2.8.0
Build dir: /blfs/builds/geoclue-2.8.0/build
Build type: native build
Project name: geoclue
Project version: 2.8.0
C compiler for the host machine: cc (gcc 15.2.0 "cc (GCC) 15.2.0")
C linker for the host machine: cc ld.bfd 2.45
Host machine cpu family: x86_64
Host machine cpu: x86_64
Configuring config.h using configuration
Found pkg-config: YES (/usr/bin/pkg-config) 2.5.1
Run-time dependency glib-2.0 found: YES 2.84.4
Run-time dependency gio-2.0 found: YES 2.84.4
Run-time dependency gio-unix-2.0 found: YES 2.84.4
Library m found: YES
Dependency glib-2.0 found: YES 2.84.4 (cached)
Program /usr/bin/glib-mkenums found: YES (/usr/bin/glib-mkenums)
Dependency glib-2.0 found: YES 2.84.4 (cached)
Program /usr/bin/glib-mkenums found: YES (/usr/bin/glib-mkenums)
Dependency gio-2.0 found: YES 2.84.4 (cached)
Program /usr/bin/gdbus-codegen found: YES (/usr/bin/gdbus-codegen)
Dependency gio-2.0 found: YES 2.84.4 (cached)
Program /usr/bin/gdbus-codegen found: YES (/usr/bin/gdbus-codegen)
Dependency gio-2.0 found: YES 2.84.4 (cached)
Program /usr/bin/gdbus-codegen found: YES (/usr/bin/gdbus-codegen)
Dependency gio-2.0 found: YES 2.84.4 (cached)
Program /usr/bin/gdbus-codegen found: YES (/usr/bin/gdbus-codegen)
Dependency gio-2.0 found: YES 2.84.4 (cached)
Program /usr/bin/gdbus-codegen found: YES (/usr/bin/gdbus-codegen)
Dependency gio-2.0 found: YES 2.84.4 (cached)
Program /usr/bin/gdbus-codegen found: YES (/usr/bin/gdbus-codegen)
Program python3 found: YES (/usr/bin/python3)
Program create-unified-xml.py found: YES (/blfs/builds/geoclue-2.8.0/interface/create-unified-xml.py)
Run-time dependency json-glib-1.0 found: YES 1.10.0
Run-time dependency libsoup-3.0 found: YES 3.6.5
Dependency glib-2.0 found: YES 2.84.4 (cached)
Program /usr/bin/glib-genmarshal found: YES (/usr/bin/glib-genmarshal)
Run-time dependency mm-glib found: YES 1.24.2
Run-time dependency avahi-client found: YES 0.8
Run-time dependency avahi-glib found: YES 0.8
Dependency gio-2.0 found: YES 2.84.4 (cached)
Program /usr/bin/gdbus-codegen found: YES (/usr/bin/gdbus-codegen)
Dependency gio-2.0 found: YES 2.84.4 (cached)
Program /usr/bin/gdbus-codegen found: YES (/usr/bin/gdbus-codegen)
Dependency gio-2.0 found: YES 2.84.4 (cached)
Program /usr/bin/gdbus-codegen found: YES (/usr/bin/gdbus-codegen)
Dependency gio-2.0 found: YES 2.84.4 (cached)
Program /usr/bin/gdbus-codegen found: YES (/usr/bin/gdbus-codegen)
Program g-ir-scanner found: YES (/usr/bin/g-ir-scanner)
Run-time dependency gobject-introspection-1.0 found: YES 1.84.0
Dependency gobject-introspection-1.0 found: YES 1.84.0 (cached)
Program /usr/bin/g-ir-scanner found: YES (/usr/bin/g-ir-scanner)
Dependency gobject-introspection-1.0 found: YES 1.84.0 (cached)
Program /usr/bin/g-ir-compiler found: YES (/usr/bin/g-ir-compiler)
Program vapigen found: YES (/usr/bin/vapigen)
Program vapigen found: YES (/usr/bin/vapigen)
Configuring geoclue.conf using configuration
Configuring org.freedesktop.GeoClue2.service using configuration
Configuring geoclue.5 using configuration
Configuring org.freedesktop.GeoClue2.conf using configuration
Configuring org.freedesktop.GeoClue2.Agent.conf using configuration
Run-time dependency systemd found: YES 257
Configuring geoclue.service using configuration
Configuring org.freedesktop.GeoClue2.rules using configuration
Configuring geoclue-where-am-i.desktop.in using configuration
Program msgfmt found: YES (/usr/bin/msgfmt)
Run-time dependency libnotify found: YES 0.8.6
Configuring geoclue-demo-agent.desktop.in using configuration
Program msginit found: YES (/usr/bin/msginit)
Program msgmerge found: YES (/usr/bin/msgmerge)
Program xgettext found: YES (/usr/bin/xgettext)
Configuring version.xml using configuration
Program gtkdoc-scan found: YES (/usr/bin/gtkdoc-scan)
Program gtkdoc-scangobj found: YES (/usr/bin/gtkdoc-scangobj)
Program gtkdoc-mkdb found: YES (/usr/bin/gtkdoc-mkdb)
Program gtkdoc-mkhtml found: YES (/usr/bin/gtkdoc-mkhtml)
Program gtkdoc-fixxref found: YES (/usr/bin/gtkdoc-fixxref)
Configuring version.xml using configuration
Program gtkdoc-scan found: YES (/usr/bin/gtkdoc-scan)
Program gtkdoc-scangobj found: YES (/usr/bin/gtkdoc-scangobj)
Program gtkdoc-mkdb found: YES (/usr/bin/gtkdoc-mkdb)
Program gtkdoc-mkhtml found: YES (/usr/bin/gtkdoc-mkhtml)
Program gtkdoc-fixxref found: YES (/usr/bin/gtkdoc-fixxref)
Message: 
        Geoclue 2.8.0
        =================

        prefix:                   /usr
        c compiler:               gcc
        Systemd system unit dir:  N/A

        Backend:                  true
        Convenience library:      true
        Introspection:            true
        WiFi source:              true
        3G source:                true
        CDMA source:              true
        Modem GPS source:         true
        Network NMEA source:      true
        Static source:            true
        IP source:                true
        Compass:                  true

Build targets in project: 46

geoclue 2.8.0

  User defined options
    buildtype: release
    gtk-doc  : true
    prefix   : /usr

Found ninja-1.13.1 at /usr/bin/ninja
WARNING: Running the setup command as `meson [options]` instead of `meson setup [options]` is ambiguous and deprecated.
[1/89] Generating glib marshaller header src/gclue-marshal_h
[2/89] Generating gdbus header interface/geoclue-agent-interface.h
[3/89] Generating gdbus header interface/gclue-manager-interface.h
[4/89] Generating gdbus header libgeoclue/gclue-client.h
[5/89] Generating gdbus source libgeoclue/xdp-location.c
[6/89] Generating gdbus header interface/gclue-client-interface.h
[7/89] Generating gdbus docbook interface/gclue-location-interface-docbook
[8/89] Generating gdbus source interface/gclue-client-interface.c
[9/89] Generating gdbus header libgeoclue/gclue-manager.h
[10/89] Generating gdbus source libgeoclue/gclue-client.c
[11/89] Generating gdbus header interface/gclue-location-interface.h
[12/89] Generating gdbus source libgeoclue/gclue-location.c
[13/89] Generating gdbus source interface/gclue-manager-interface.c
[14/89] Generating gdbus header libgeoclue/gclue-location.h
[15/89] Generating gdbus docbook interface/geoclue-agent-interface-docbook
[16/89] Generating gdbus source libgeoclue/gclue-manager.c
[17/89] Generating gdbus docbook interface/gclue-client-interface-docbook
[18/89] Generating gdbus header libgeoclue/xdp-location.h
[19/89] Generating gdbus source interface/geoclue-agent-interface.c
[20/89] Generating gdbus docbook interface/gclue-manager-interface-docbook
[21/89] Generating gdbus source interface/gclue-location-interface.c
[22/89] Generating GObject enum file public-api/gclue-enum-types.c (wrapped by meson because command contains newlines, to capture output)
[23/89] Generating gdbus source interface/wpa_supplicant-interface.c
[24/89] Generating GObject enum file public-api/gclue-enum-types.h (wrapped by meson because command contains newlines, to capture output)
[25/89] Generating interface/gclue-xml-interface with a custom command
[26/89] Generating gdbus header interface/wpa_supplicant-interface.h
[27/89] Generating gdbus source interface/compass-interface.c
[28/89] Generating gdbus header interface/compass-interface.h
[29/89] Generating glib marshaller source src/gclue-marshal_c
[30/89] Merging translations for demo/geoclue-where-am-i.desktop
[31/89] Compiling C object public-api/libgeoclue-public-api.a.p/gclue-enums.c.o
[32/89] Compiling C object public-api/libgeoclue-public-api.a.p/meson-generated_.._gclue-enum-types.c.o
[33/89] Linking static target public-api/libgeoclue-public-api.a
[34/89] Merging translations for demo/geoclue-demo-agent.desktop
[35/89] Compiling C object demo/agent.p/agent.c.o
[36/89] Compiling C object demo/where-am-i.p/.._libgeoclue_gclue-helpers.c.o
[37/89] Compiling C object demo/agent.p/gclue-service-agent.c.o
[38/89] Compiling C object libgeoclue/libgeoclue-2.so.0.0.0.p/gclue-helpers.c.o
[39/89] Compiling C object demo/where-am-i.p/where-am-i.c.o
[40/89] Compiling C object src/geoclue.p/meson-generated_.._gclue-marshal.c.o
[41/89] Compiling C object libgeoclue/libgeoclue-2.so.0.0.0.p/gclue-simple.c.o
[42/89] Compiling C object demo/where-am-i.p/.._libgeoclue_gclue-simple.c.o
[43/89] Compiling C object src/geoclue.p/gclue-error.c.o
[44/89] Compiling C object demo/agent.p/meson-generated_.._.._interface_geoclue-agent-interface.c.o
[45/89] Compiling C object libgeoclue/libgeoclue-2.so.0.0.0.p/meson-generated_.._xdp-location.c.o
[46/89] Compiling C object src/geoclue.p/gclue-main.c.o
[47/89] Compiling C object libgeoclue/libgeoclue-2.so.0.0.0.p/meson-generated_.._gclue-manager.c.o
[48/89] Compiling C object libgeoclue/libgeoclue-2.so.0.0.0.p/meson-generated_.._gclue-location.c.o
[49/89] Compiling C object src/geoclue.p/gclue-nmea-utils.c.o
[50/89] Compiling C object demo/where-am-i.p/meson-generated_.._.._libgeoclue_gclue-location.c.o
[51/89] Compiling C object demo/where-am-i.p/meson-generated_.._.._libgeoclue_gclue-manager.c.o
[52/89] Compiling C object src/geoclue.p/meson-generated_.._.._interface_gclue-location-interface.c.o
[53/89] Compiling C object src/geoclue.p/gclue-client-info.c.o
[54/89] Compiling C object demo/where-am-i.p/meson-generated_.._.._libgeoclue_xdp-location.c.o
[55/89] Compiling C object src/geoclue.p/meson-generated_.._.._interface_geoclue-agent-interface.c.o
[56/89] Compiling C object src/geoclue.p/meson-generated_.._.._interface_gclue-client-interface.c.o
[57/89] Compiling C object src/geoclue.p/meson-generated_.._.._interface_gclue-manager-interface.c.o
[58/89] Compiling C object demo/where-am-i.p/meson-generated_.._.._libgeoclue_gclue-client.c.o
[59/89] Compiling C object libgeoclue/libgeoclue-2.so.0.0.0.p/meson-generated_.._gclue-client.c.o
[60/89] Linking target libgeoclue/libgeoclue-2.so.0.0.0
[61/89] Compiling C object src/geoclue.p/gclue-min-uint.c.o
[62/89] Compiling C object src/geoclue.p/gclue-location-source.c.o
[63/89] Compiling C object src/geoclue.p/meson-generated_.._.._interface_compass-interface.c.o
[64/89] Compiling C object src/geoclue.p/gclue-locator.c.o
[65/89] Compiling C object src/geoclue.p/gclue-service-location.c.o
[66/89] Compiling C object src/geoclue.p/gclue-config.c.o
[67/89] Compiling C object src/geoclue.p/gclue-static-source.c.o
[68/89] Compiling C object src/geoclue.p/gclue-service-manager.c.o
[69/89] Compiling C object src/geoclue.p/gclue-cdma.c.o
[70/89] Linking target demo/agent
[71/89] Generating symbol file libgeoclue/libgeoclue-2.so.0.0.0.p/libgeoclue-2.so.0.0.0.symbols
[72/89] Compiling C object src/geoclue.p/gclue-modem-gps.c.o
[73/89] Compiling C object src/geoclue.p/gclue-ip.c.o
[74/89] Compiling C object src/geoclue.p/gclue-service-client.c.o
[75/89] Linking target demo/where-am-i
[76/89] Compiling C object src/geoclue.p/gclue-web-source.c.o
[77/89] Compiling C object src/geoclue.p/gclue-compass.c.o
[78/89] Compiling C object src/geoclue.p/gclue-3g.c.o
[79/89] Compiling C object src/geoclue.p/gclue-modem.c.o
[80/89] Compiling C object src/geoclue.p/gclue-mozilla.c.o
[81/89] Compiling C object src/geoclue.p/gclue-nmea-source.c.o
[82/89] Compiling C object src/geoclue.p/gclue-location.c.o
[83/89] Compiling C object src/geoclue.p/gclue-wifi.c.o
[84/89] Compiling C object src/geoclue.p/meson-generated_.._.._interface_wpa_supplicant-interface.c.o
[85/89] Compiling C object src/geoclue.p/gclue-modem-manager.c.o
[86/89] Linking target src/geoclue
[87/89] Generating libgeoclue/Geoclue-2.0.gir with a custom command (wrapped by meson to set env)
[88/89] Generating libgeoclue/libgeoclue-2.0.vapi with a custom command
[89/89] Generating libgeoclue/Geoclue-2.0.typelib with a custom command
[0/1] Installing files
Installing public-api/gclue-enum-types.h to /pkgs/geoclue/usr/include/libgeoclue-2.0
Installing interface/org.freedesktop.GeoClue2.xml to /pkgs/geoclue/usr/share/dbus-1/interfaces
Installing src/geoclue to /pkgs/geoclue/usr/libexec
Installing libgeoclue/gclue-client.h to /pkgs/geoclue/usr/include/libgeoclue-2.0
Installing libgeoclue/gclue-location.h to /pkgs/geoclue/usr/include/libgeoclue-2.0
Installing libgeoclue/gclue-manager.h to /pkgs/geoclue/usr/include/libgeoclue-2.0
Installing libgeoclue/libgeoclue-2.so.0.0.0 to /pkgs/geoclue/usr/lib
Installing libgeoclue/Geoclue-2.0.gir to /pkgs/geoclue/usr/share/gir-1.0
Installing libgeoclue/Geoclue-2.0.typelib to /pkgs/geoclue/usr/lib/girepository-1.0
Installing libgeoclue/libgeoclue-2.0.vapi to /pkgs/geoclue/usr/share/vala/vapi
Installing demo/where-am-i to /pkgs/geoclue/usr/libexec/geoclue-2.0/demos
Installing demo/geoclue-where-am-i.desktop to /pkgs/geoclue/usr/share/applications
Installing demo/agent to /pkgs/geoclue/usr/libexec/geoclue-2.0/demos
Installing demo/geoclue-demo-agent.desktop to /pkgs/geoclue/usr/share/applications
Installing /blfs/builds/geoclue-2.8.0/public-api/gclue-enums.h to /pkgs/geoclue/usr/include/libgeoclue-2.0
Installing /blfs/builds/geoclue-2.8.0/libgeoclue/geoclue.h to /pkgs/geoclue/usr/include/libgeoclue-2.0
Installing /blfs/builds/geoclue-2.8.0/libgeoclue/gclue-helpers.h to /pkgs/geoclue/usr/include/libgeoclue-2.0
Installing /blfs/builds/geoclue-2.8.0/libgeoclue/gclue-simple.h to /pkgs/geoclue/usr/include/libgeoclue-2.0
Installing /blfs/builds/geoclue-2.8.0/build/data/geoclue.5 to /pkgs/geoclue/usr/share/man/man5
Installing new directory /pkgs/geoclue/etc/geoclue/conf.d
Installing /blfs/builds/geoclue-2.8.0/interface/org.freedesktop.GeoClue2.Agent.xml to /pkgs/geoclue/usr/share/dbus-1/interfaces
Installing /blfs/builds/geoclue-2.8.0/interface/org.freedesktop.GeoClue2.Location.xml to /pkgs/geoclue/usr/share/dbus-1/interfaces
Installing /blfs/builds/geoclue-2.8.0/interface/org.freedesktop.GeoClue2.Client.xml to /pkgs/geoclue/usr/share/dbus-1/interfaces
Installing /blfs/builds/geoclue-2.8.0/interface/org.freedesktop.GeoClue2.Manager.xml to /pkgs/geoclue/usr/share/dbus-1/interfaces
Installing /blfs/builds/geoclue-2.8.0/build/meson-private/geoclue-2.0.pc to /pkgs/geoclue/usr/lib/pkgconfig
Installing /blfs/builds/geoclue-2.8.0/build/meson-private/libgeoclue-2.0.deps to /pkgs/geoclue/usr/share/vala/vapi
Installing /blfs/builds/geoclue-2.8.0/build/meson-private/libgeoclue-2.0.pc to /pkgs/geoclue/usr/lib/pkgconfig
Installing /blfs/builds/geoclue-2.8.0/build/data/geoclue.conf to /pkgs/geoclue/etc/geoclue
Installing /blfs/builds/geoclue-2.8.0/build/data/org.freedesktop.GeoClue2.service to /pkgs/geoclue/usr/share/dbus-1/system-services
Installing /blfs/builds/geoclue-2.8.0/build/data/org.freedesktop.GeoClue2.conf to /pkgs/geoclue/usr/share/dbus-1/system.d
Installing /blfs/builds/geoclue-2.8.0/build/data/org.freedesktop.GeoClue2.Agent.conf to /pkgs/geoclue/usr/share/dbus-1/system.d
Installing /blfs/builds/geoclue-2.8.0/build/data/geoclue.service to /pkgs/geoclue/usr/lib/systemd/system
Installing /blfs/builds/geoclue-2.8.0/build/data/org.freedesktop.GeoClue2.rules to /pkgs/geoclue/usr/share/polkit-1/rules.d
Installing symlink pointing to libgeoclue-2.so.0.0.0 to /pkgs/geoclue/usr/lib/libgeoclue-2.so.0
Installing symlink pointing to libgeoclue-2.so.0 to /pkgs/geoclue/usr/lib/libgeoclue-2.so
Running custom install script '/usr/bin/python3 /blfs/builds/geoclue-2.8.0/demo/install-file.py /blfs/builds/geoclue-2.8.0/build/demo/geoclue-demo-agent.desktop /etc/xdg/autostart'
Running custom install script '/usr/bin/meson --internal gtkdoc --sourcedir=/blfs/builds/geoclue-2.8.0 --builddir=/blfs/builds/geoclue-2.8.0/build --subdir=docs --headerdirs=/blfs/builds/geoclue-2.8.0/public-api/.@@/blfs/builds/geoclue-2.8.0/build/public-api/. --mainfile=geoclue-docs.xml --modulename=geoclue --moduleversion= --mode=auto --gtkdoc-scan=/usr/bin/gtkdoc-scan --gtkdoc-scangobj=/usr/bin/gtkdoc-scangobj --gtkdoc-mkdb=/usr/bin/gtkdoc-mkdb --gtkdoc-mkhtml=/usr/bin/gtkdoc-mkhtml --gtkdoc-fixxref=/usr/bin/gtkdoc-fixxref --htmlargs= --scanargs=--ignore-headers=config.h@@--rebuild-sections@@--rebuild-types --scanobjsargs= --gobjects-types-file= --fixxrefargs= --mkdbargs=--output-format=xml --html-assets= --content-files=/blfs/builds/geoclue-2.8.0/docs/../COPYING@@/blfs/builds/geoclue-2.8.0/build/interface/gclue-client-interface.c@@/blfs/builds/geoclue-2.8.0/build/interface/gclue-client-interface.h@@/blfs/builds/geoclue-2.8.0/build/interface/docs-org.freedesktop.GeoClue2.Client.xml@@/blfs/builds/geoclue-2.8.0/build/interface/gclue-location-interface.c@@/blfs/builds/geoclue-2.8.0/build/interface/gclue-location-interface.h@@/blfs/builds/geoclue-2.8.0/build/interface/docs-org.freedesktop.GeoClue2.Location.xml@@/blfs/builds/geoclue-2.8.0/build/interface/gclue-manager-interface.c@@/blfs/builds/geoclue-2.8.0/build/interface/gclue-manager-interface.h@@/blfs/builds/geoclue-2.8.0/build/interface/docs-org.freedesktop.GeoClue2.Manager.xml@@/blfs/builds/geoclue-2.8.0/build/interface/geoclue-agent-interface.c@@/blfs/builds/geoclue-2.8.0/build/interface/geoclue-agent-interface.h@@/blfs/builds/geoclue-2.8.0/build/interface/docs-org.freedesktop.GeoClue2.Agent.xml --expand-content-files= --ignore-headers= --installdir= --cc=cc --ld=cc --cflags=-I/blfs/builds/geoclue-2.8.0/public-api/. -I/blfs/builds/geoclue-2.8.0/build/public-api/. -I/blfs/builds/geoclue-2.8.0/libgeoclue/. -I/blfs/builds/geoclue-2.8.0/build/libgeoclue/. -I/blfs/builds/geoclue-2.8.0/libgeoclue/.. -I/blfs/builds/geoclue-2.8.0/build/libgeoclue/.. -I/usr/include/glib-2.0 -I/usr/lib/glib-2.0/include -I/usr/include/sysprof-6 -pthread -I/usr/include/libmount -I/usr/include/blkid -I/usr/include/gio-unix-2.0 -O2 --ldflags=-L/blfs/builds/geoclue-2.8.0/build/libgeoclue -Wl,-rpath,/blfs/builds/geoclue-2.8.0/build/libgeoclue -lgeoclue-2 -lglib-2.0 -lgio-2.0 -lgobject-2.0 -lm -O2'
Running custom install script '/usr/bin/meson --internal gtkdoc --sourcedir=/blfs/builds/geoclue-2.8.0 --builddir=/blfs/builds/geoclue-2.8.0/build --subdir=docs/lib --headerdirs=public-api@@libgeoclue --mainfile=libgeoclue-docs.xml --modulename=libgeoclue --moduleversion= --mode=auto --gtkdoc-scan=/usr/bin/gtkdoc-scan --gtkdoc-scangobj=/usr/bin/gtkdoc-scangobj --gtkdoc-mkdb=/usr/bin/gtkdoc-mkdb --gtkdoc-mkhtml=/usr/bin/gtkdoc-mkhtml --gtkdoc-fixxref=/usr/bin/gtkdoc-fixxref --htmlargs= --scanargs=--ignore-headers=config.h@@--rebuild-types --scanobjsargs= --gobjects-types-file=/blfs/builds/geoclue-2.8.0/docs/lib/libgeoclue.types --fixxrefargs=--extra-dir=../html --mkdbargs=--output-format=xml --html-assets= --content-files=/blfs/builds/geoclue-2.8.0/docs/lib/../../COPYING.LIB --expand-content-files= --ignore-headers= --installdir= --cc=cc --ld=cc --cflags=-I/blfs/builds/geoclue-2.8.0/public-api/. -I/blfs/builds/geoclue-2.8.0/build/public-api/. -I/blfs/builds/geoclue-2.8.0/libgeoclue/. -I/blfs/builds/geoclue-2.8.0/build/libgeoclue/. -I/blfs/builds/geoclue-2.8.0/libgeoclue/.. -I/blfs/builds/geoclue-2.8.0/build/libgeoclue/.. -I/usr/include/glib-2.0 -I/usr/lib/glib-2.0/include -I/usr/include/sysprof-6 -pthread -I/usr/include/libmount -I/usr/include/blkid -I/usr/include/gio-unix-2.0 -O2 --ldflags=-L/blfs/builds/geoclue-2.8.0/build/libgeoclue -Wl,-rpath,/blfs/builds/geoclue-2.8.0/build/libgeoclue -lgeoclue-2 -lglib-2.0 -lgio-2.0 -lgobject-2.0 -lm -O2'
[0/1] Installing files
Installing public-api/gclue-enum-types.h to /usr/include/libgeoclue-2.0
Installing interface/org.freedesktop.GeoClue2.xml to /usr/share/dbus-1/interfaces
Installing src/geoclue to /usr/libexec
Installing libgeoclue/gclue-client.h to /usr/include/libgeoclue-2.0
Installing libgeoclue/gclue-location.h to /usr/include/libgeoclue-2.0
Installing libgeoclue/gclue-manager.h to /usr/include/libgeoclue-2.0
Installing libgeoclue/libgeoclue-2.so.0.0.0 to /usr/lib
Installing libgeoclue/Geoclue-2.0.gir to /usr/share/gir-1.0
Installing libgeoclue/Geoclue-2.0.typelib to /usr/lib/girepository-1.0
Installing libgeoclue/libgeoclue-2.0.vapi to /usr/share/vala/vapi
Installing demo/where-am-i to /usr/libexec/geoclue-2.0/demos
Installing demo/geoclue-where-am-i.desktop to /usr/share/applications
Installing demo/agent to /usr/libexec/geoclue-2.0/demos
Installing demo/geoclue-demo-agent.desktop to /usr/share/applications
Installing /blfs/builds/geoclue-2.8.0/public-api/gclue-enums.h to /usr/include/libgeoclue-2.0
Installing /blfs/builds/geoclue-2.8.0/libgeoclue/geoclue.h to /usr/include/libgeoclue-2.0
Installing /blfs/builds/geoclue-2.8.0/libgeoclue/gclue-helpers.h to /usr/include/libgeoclue-2.0
Installing /blfs/builds/geoclue-2.8.0/libgeoclue/gclue-simple.h to /usr/include/libgeoclue-2.0
Installing /blfs/builds/geoclue-2.8.0/build/data/geoclue.5 to /usr/share/man/man5
Installing new directory /etc/geoclue/conf.d
Installing /blfs/builds/geoclue-2.8.0/interface/org.freedesktop.GeoClue2.Agent.xml to /usr/share/dbus-1/interfaces
Installing /blfs/builds/geoclue-2.8.0/interface/org.freedesktop.GeoClue2.Location.xml to /usr/share/dbus-1/interfaces
Installing /blfs/builds/geoclue-2.8.0/interface/org.freedesktop.GeoClue2.Client.xml to /usr/share/dbus-1/interfaces
Installing /blfs/builds/geoclue-2.8.0/interface/org.freedesktop.GeoClue2.Manager.xml to /usr/share/dbus-1/interfaces
Installing /blfs/builds/geoclue-2.8.0/build/meson-private/geoclue-2.0.pc to /usr/lib/pkgconfig
Installing /blfs/builds/geoclue-2.8.0/build/meson-private/libgeoclue-2.0.deps to /usr/share/vala/vapi
Installing /blfs/builds/geoclue-2.8.0/build/meson-private/libgeoclue-2.0.pc to /usr/lib/pkgconfig
Installing /blfs/builds/geoclue-2.8.0/build/data/geoclue.conf to /etc/geoclue
Installing /blfs/builds/geoclue-2.8.0/build/data/org.freedesktop.GeoClue2.service to /usr/share/dbus-1/system-services
Installing /blfs/builds/geoclue-2.8.0/build/data/org.freedesktop.GeoClue2.conf to /usr/share/dbus-1/system.d
Installing /blfs/builds/geoclue-2.8.0/build/data/org.freedesktop.GeoClue2.Agent.conf to /usr/share/dbus-1/system.d
Installing /blfs/builds/geoclue-2.8.0/build/data/geoclue.service to /usr/lib/systemd/system
Installing /blfs/builds/geoclue-2.8.0/build/data/org.freedesktop.GeoClue2.rules to /usr/share/polkit-1/rules.d
Installing symlink pointing to libgeoclue-2.so.0.0.0 to /usr/lib/libgeoclue-2.so.0
Installing symlink pointing to libgeoclue-2.so.0 to /usr/lib/libgeoclue-2.so
Running custom install script '/usr/bin/python3 /blfs/builds/geoclue-2.8.0/demo/install-file.py /blfs/builds/geoclue-2.8.0/build/demo/geoclue-demo-agent.desktop /etc/xdg/autostart'
Running custom install script '/usr/bin/meson --internal gtkdoc --sourcedir=/blfs/builds/geoclue-2.8.0 --builddir=/blfs/builds/geoclue-2.8.0/build --subdir=docs --headerdirs=/blfs/builds/geoclue-2.8.0/public-api/.@@/blfs/builds/geoclue-2.8.0/build/public-api/. --mainfile=geoclue-docs.xml --modulename=geoclue --moduleversion= --mode=auto --gtkdoc-scan=/usr/bin/gtkdoc-scan --gtkdoc-scangobj=/usr/bin/gtkdoc-scangobj --gtkdoc-mkdb=/usr/bin/gtkdoc-mkdb --gtkdoc-mkhtml=/usr/bin/gtkdoc-mkhtml --gtkdoc-fixxref=/usr/bin/gtkdoc-fixxref --htmlargs= --scanargs=--ignore-headers=config.h@@--rebuild-sections@@--rebuild-types --scanobjsargs= --gobjects-types-file= --fixxrefargs= --mkdbargs=--output-format=xml --html-assets= --content-files=/blfs/builds/geoclue-2.8.0/docs/../COPYING@@/blfs/builds/geoclue-2.8.0/build/interface/gclue-client-interface.c@@/blfs/builds/geoclue-2.8.0/build/interface/gclue-client-interface.h@@/blfs/builds/geoclue-2.8.0/build/interface/docs-org.freedesktop.GeoClue2.Client.xml@@/blfs/builds/geoclue-2.8.0/build/interface/gclue-location-interface.c@@/blfs/builds/geoclue-2.8.0/build/interface/gclue-location-interface.h@@/blfs/builds/geoclue-2.8.0/build/interface/docs-org.freedesktop.GeoClue2.Location.xml@@/blfs/builds/geoclue-2.8.0/build/interface/gclue-manager-interface.c@@/blfs/builds/geoclue-2.8.0/build/interface/gclue-manager-interface.h@@/blfs/builds/geoclue-2.8.0/build/interface/docs-org.freedesktop.GeoClue2.Manager.xml@@/blfs/builds/geoclue-2.8.0/build/interface/geoclue-agent-interface.c@@/blfs/builds/geoclue-2.8.0/build/interface/geoclue-agent-interface.h@@/blfs/builds/geoclue-2.8.0/build/interface/docs-org.freedesktop.GeoClue2.Agent.xml --expand-content-files= --ignore-headers= --installdir= --cc=cc --ld=cc --cflags=-I/blfs/builds/geoclue-2.8.0/public-api/. -I/blfs/builds/geoclue-2.8.0/build/public-api/. -I/blfs/builds/geoclue-2.8.0/libgeoclue/. -I/blfs/builds/geoclue-2.8.0/build/libgeoclue/. -I/blfs/builds/geoclue-2.8.0/libgeoclue/.. -I/blfs/builds/geoclue-2.8.0/build/libgeoclue/.. -I/usr/include/glib-2.0 -I/usr/lib/glib-2.0/include -I/usr/include/sysprof-6 -pthread -I/usr/include/libmount -I/usr/include/blkid -I/usr/include/gio-unix-2.0 -O2 --ldflags=-L/blfs/builds/geoclue-2.8.0/build/libgeoclue -Wl,-rpath,/blfs/builds/geoclue-2.8.0/build/libgeoclue -lgeoclue-2 -lglib-2.0 -lgio-2.0 -lgobject-2.0 -lm -O2'
Running custom install script '/usr/bin/meson --internal gtkdoc --sourcedir=/blfs/builds/geoclue-2.8.0 --builddir=/blfs/builds/geoclue-2.8.0/build --subdir=docs/lib --headerdirs=public-api@@libgeoclue --mainfile=libgeoclue-docs.xml --modulename=libgeoclue --moduleversion= --mode=auto --gtkdoc-scan=/usr/bin/gtkdoc-scan --gtkdoc-scangobj=/usr/bin/gtkdoc-scangobj --gtkdoc-mkdb=/usr/bin/gtkdoc-mkdb --gtkdoc-mkhtml=/usr/bin/gtkdoc-mkhtml --gtkdoc-fixxref=/usr/bin/gtkdoc-fixxref --htmlargs= --scanargs=--ignore-headers=config.h@@--rebuild-types --scanobjsargs= --gobjects-types-file=/blfs/builds/geoclue-2.8.0/docs/lib/libgeoclue.types --fixxrefargs=--extra-dir=../html --mkdbargs=--output-format=xml --html-assets= --content-files=/blfs/builds/geoclue-2.8.0/docs/lib/../../COPYING.LIB --expand-content-files= --ignore-headers= --installdir= --cc=cc --ld=cc --cflags=-I/blfs/builds/geoclue-2.8.0/public-api/. -I/blfs/builds/geoclue-2.8.0/build/public-api/. -I/blfs/builds/geoclue-2.8.0/libgeoclue/. -I/blfs/builds/geoclue-2.8.0/build/libgeoclue/. -I/blfs/builds/geoclue-2.8.0/libgeoclue/.. -I/blfs/builds/geoclue-2.8.0/build/libgeoclue/.. -I/usr/include/glib-2.0 -I/usr/lib/glib-2.0/include -I/usr/include/sysprof-6 -pthread -I/usr/include/libmount -I/usr/include/blkid -I/usr/include/gio-unix-2.0 -O2 --ldflags=-L/blfs/builds/geoclue-2.8.0/build/libgeoclue -Wl,-rpath,/blfs/builds/geoclue-2.8.0/build/libgeoclue -lgeoclue-2 -lglib-2.0 -lgio-2.0 -lgobject-2.0 -lm -O2'
geoclue/
geoclue/usr/
geoclue/usr/share/
geoclue/usr/share/vala/
geoclue/usr/share/vala/vapi/
geoclue/usr/share/vala/vapi/libgeoclue-2.0.deps
geoclue/usr/share/vala/vapi/libgeoclue-2.0.vapi
geoclue/usr/share/polkit-1/
geoclue/usr/share/polkit-1/rules.d/
geoclue/usr/share/polkit-1/rules.d/org.freedesktop.GeoClue2.rules
geoclue/usr/share/applications/
geoclue/usr/share/applications/geoclue-demo-agent.desktop
geoclue/usr/share/applications/geoclue-where-am-i.desktop
geoclue/usr/share/dbus-1/
geoclue/usr/share/dbus-1/system.d/
geoclue/usr/share/dbus-1/system.d/org.freedesktop.GeoClue2.conf
geoclue/usr/share/dbus-1/system.d/org.freedesktop.GeoClue2.Agent.conf
geoclue/usr/share/dbus-1/interfaces/
geoclue/usr/share/dbus-1/interfaces/org.freedesktop.GeoClue2.Manager.xml
geoclue/usr/share/dbus-1/interfaces/org.freedesktop.GeoClue2.Client.xml
geoclue/usr/share/dbus-1/interfaces/org.freedesktop.GeoClue2.xml
geoclue/usr/share/dbus-1/interfaces/org.freedesktop.GeoClue2.Agent.xml
geoclue/usr/share/dbus-1/interfaces/org.freedesktop.GeoClue2.Location.xml
geoclue/usr/share/dbus-1/system-services/
geoclue/usr/share/dbus-1/system-services/org.freedesktop.GeoClue2.service
geoclue/usr/share/gtk-doc/
geoclue/usr/share/gtk-doc/html/
geoclue/usr/share/gtk-doc/html/geoclue/
geoclue/usr/share/gtk-doc/html/geoclue/gdbus-org.freedesktop.GeoClue2.Manager.html
geoclue/usr/share/gtk-doc/html/geoclue/ref-dbus.html
geoclue/usr/share/gtk-doc/html/geoclue/left-insensitive.png
geoclue/usr/share/gtk-doc/html/geoclue/index.html
geoclue/usr/share/gtk-doc/html/geoclue/home.png
geoclue/usr/share/gtk-doc/html/geoclue/style.css
geoclue/usr/share/gtk-doc/html/geoclue/right.png
geoclue/usr/share/gtk-doc/html/geoclue/license.html
geoclue/usr/share/gtk-doc/html/geoclue/geoclue.devhelp2
geoclue/usr/share/gtk-doc/html/geoclue/up.png
geoclue/usr/share/gtk-doc/html/geoclue/gdbus-org.freedesktop.GeoClue2.Agent.html
geoclue/usr/share/gtk-doc/html/geoclue/up-insensitive.png
geoclue/usr/share/gtk-doc/html/geoclue/gdbus-org.freedesktop.GeoClue2.Client.html
geoclue/usr/share/gtk-doc/html/geoclue/left.png
geoclue/usr/share/gtk-doc/html/geoclue/geoclue-gclue-enums.html
geoclue/usr/share/gtk-doc/html/geoclue/ref-agent-dbus.html
geoclue/usr/share/gtk-doc/html/geoclue/right-insensitive.png
geoclue/usr/share/gtk-doc/html/geoclue/ix01.html
geoclue/usr/share/gtk-doc/html/geoclue/gdbus-org.freedesktop.GeoClue2.Location.html
geoclue/usr/share/gtk-doc/html/libgeoclue/
geoclue/usr/share/gtk-doc/html/libgeoclue/GClueLocationProxy.html
geoclue/usr/share/gtk-doc/html/libgeoclue/libgeoclue-gclue-enums.html
geoclue/usr/share/gtk-doc/html/libgeoclue/ch02.html
geoclue/usr/share/gtk-doc/html/libgeoclue/left-insensitive.png
geoclue/usr/share/gtk-doc/html/libgeoclue/index.html
geoclue/usr/share/gtk-doc/html/libgeoclue/home.png
geoclue/usr/share/gtk-doc/html/libgeoclue/ch01.html
geoclue/usr/share/gtk-doc/html/libgeoclue/style.css
geoclue/usr/share/gtk-doc/html/libgeoclue/GClueManager.html
geoclue/usr/share/gtk-doc/html/libgeoclue/right.png
geoclue/usr/share/gtk-doc/html/libgeoclue/GClueLocation.html
geoclue/usr/share/gtk-doc/html/libgeoclue/license.html
geoclue/usr/share/gtk-doc/html/libgeoclue/annotation-glossary.html
geoclue/usr/share/gtk-doc/html/libgeoclue/up.png
geoclue/usr/share/gtk-doc/html/libgeoclue/GClueManagerProxy.html
geoclue/usr/share/gtk-doc/html/libgeoclue/GClueClient.html
geoclue/usr/share/gtk-doc/html/libgeoclue/ch04.html
geoclue/usr/share/gtk-doc/html/libgeoclue/up-insensitive.png
geoclue/usr/share/gtk-doc/html/libgeoclue/left.png
geoclue/usr/share/gtk-doc/html/libgeoclue/GClueSimple.html
geoclue/usr/share/gtk-doc/html/libgeoclue/ch03.html
geoclue/usr/share/gtk-doc/html/libgeoclue/libgeoclue.devhelp2
geoclue/usr/share/gtk-doc/html/libgeoclue/GClueClientProxy.html
geoclue/usr/share/gtk-doc/html/libgeoclue/ch05.html
geoclue/usr/share/gtk-doc/html/libgeoclue/right-insensitive.png
geoclue/usr/share/gtk-doc/html/libgeoclue/ix01.html
geoclue/usr/share/gir-1.0/
geoclue/usr/share/gir-1.0/Geoclue-2.0.gir
geoclue/usr/share/man/
geoclue/usr/share/man/man5/
geoclue/usr/share/man/man5/geoclue.5
geoclue/usr/lib/
geoclue/usr/lib/libgeoclue-2.so.0.0.0
geoclue/usr/lib/systemd/
geoclue/usr/lib/systemd/system/
geoclue/usr/lib/systemd/system/geoclue.service
geoclue/usr/lib/girepository-1.0/
geoclue/usr/lib/girepository-1.0/Geoclue-2.0.typelib
geoclue/usr/lib/pkgconfig/
geoclue/usr/lib/pkgconfig/libgeoclue-2.0.pc
geoclue/usr/lib/pkgconfig/geoclue-2.0.pc
geoclue/usr/lib/libgeoclue-2.so
geoclue/usr/lib/libgeoclue-2.so.0
geoclue/usr/include/
geoclue/usr/include/libgeoclue-2.0/
geoclue/usr/include/libgeoclue-2.0/gclue-helpers.h
geoclue/usr/include/libgeoclue-2.0/gclue-enum-types.h
geoclue/usr/include/libgeoclue-2.0/gclue-simple.h
geoclue/usr/include/libgeoclue-2.0/geoclue.h
geoclue/usr/include/libgeoclue-2.0/gclue-location.h
geoclue/usr/include/libgeoclue-2.0/gclue-client.h
geoclue/usr/include/libgeoclue-2.0/gclue-manager.h
geoclue/usr/include/libgeoclue-2.0/gclue-enums.h
geoclue/usr/libexec/
geoclue/usr/libexec/geoclue
geoclue/usr/libexec/geoclue-2.0/
geoclue/usr/libexec/geoclue-2.0/demos/
geoclue/usr/libexec/geoclue-2.0/demos/agent
geoclue/usr/libexec/geoclue-2.0/demos/where-am-i
geoclue/version
geoclue/depends
geoclue/etc/
geoclue/etc/xdg/
geoclue/etc/xdg/autostart/
geoclue/etc/xdg/autostart/geoclue-demo-agent.desktop
geoclue/etc/geoclue/
geoclue/etc/geoclue/geoclue.conf
geoclue/etc/geoclue/conf.d/
geoclue/make-depends
