--2025-11-15 11:08:49--  https://download.gnome.org/sources/libxml2/2.15/libxml2-2.15.1.tar.xz
Resolving download.gnome.org (download.gnome.org)... 2a02:6ea0:c400::54, 2a02:6ea0:c400::53, 79.127.206.208, ...
Connecting to download.gnome.org (download.gnome.org)|2a02:6ea0:c400::54|:443... connected.
HTTP request sent, awaiting response... 200 OK
Length: 2004588 (1.9M) [application/octet-stream]
Saving to: ‘libxml2-2.15.1.tar.xz’

     0K .......... .......... .......... .......... ..........  2% 4.06M 0s
    50K .......... .......... .......... .......... ..........  5% 7.70M 0s
   100K .......... .......... .......... .......... ..........  7% 13.0M 0s
   150K .......... .......... .......... .......... .......... 10% 13.8M 0s
   200K .......... .......... .......... .......... .......... 12% 8.14M 0s
   250K .......... .......... .......... .......... .......... 15% 71.1M 0s
   300K .......... .......... .......... .......... .......... 17% 24.8M 0s
   350K .......... .......... .......... .......... .......... 20% 11.9M 0s
   400K .......... .......... .......... .......... .......... 22% 36.9M 0s
   450K .......... .......... .......... .......... .......... 25% 7.88M 0s
   500K .......... .......... .......... .......... .......... 28% 69.9M 0s
   550K .......... .......... .......... .......... .......... 30% 53.1M 0s
   600K .......... .......... .......... .......... .......... 33% 54.1M 0s
   650K .......... .......... .......... .......... .......... 35% 51.9M 0s
   700K .......... .......... .......... .......... .......... 38% 10.8M 0s
   750K .......... .......... .......... .......... .......... 40% 51.4M 0s
   800K .......... .......... .......... .......... .......... 43%  107M 0s
   850K .......... .......... .......... .......... .......... 45% 89.2M 0s
   900K .......... .......... .......... .......... .......... 48% 74.1M 0s
   950K .......... .......... .......... .......... .......... 51% 8.51M 0s
  1000K .......... .......... .......... .......... .......... 53%  167M 0s
  1050K .......... .......... .......... .......... .......... 56% 84.9M 0s
  1100K .......... .......... .......... .......... .......... 58%  121M 0s
  1150K .......... .......... .......... .......... .......... 61% 70.8M 0s
  1200K .......... .......... .......... .......... .......... 63%  146M 0s
  1250K .......... .......... .......... .......... .......... 66% 88.4M 0s
  1300K .......... .......... .......... .......... .......... 68% 95.7M 0s
  1350K .......... .......... .......... .......... .......... 71% 93.1M 0s
  1400K .......... .......... .......... .......... .......... 74% 11.8M 0s
  1450K .......... .......... .......... .......... .......... 76%  180M 0s
  1500K .......... .......... .......... .......... .......... 79% 87.0M 0s
  1550K .......... .......... .......... .......... .......... 81% 80.6M 0s
  1600K .......... .......... .......... .......... .......... 84%  114M 0s
  1650K .......... .......... .......... .......... .......... 86%  144M 0s
  1700K .......... .......... .......... .......... .......... 89% 97.0M 0s
  1750K .......... .......... .......... .......... .......... 91%  127M 0s
  1800K .......... .......... .......... .......... .......... 94%  103M 0s
  1850K .......... .......... .......... .......... .......... 97% 75.2M 0s
  1900K .......... .......... .......... .......... .......... 99% 13.0M 0s
  1950K .......                                               100%  140M=0.08s

2025-11-15 11:08:50 (24.4 MB/s) - ‘libxml2-2.15.1.tar.xz’ saved [2004588/2004588]

--2025-11-15 11:08:50--  https://www.linuxfromscratch.org/patches/blfs/svn/libxml2-2.15.0-upstream_fix-1.patch
Resolving www.linuxfromscratch.org (www.linuxfromscratch.org)... 208.118.68.85
Connecting to www.linuxfromscratch.org (www.linuxfromscratch.org)|208.118.68.85|:443... connected.
HTTP request sent, awaiting response... 404 Not Found
2025-11-15 11:08:50 ERROR 404: Not Found.

