--2026-03-21 08:21:43--  https://gitlab.gnome.org/GNOME/gucharmap/-/archive/17.0.2/gucharmap-17.0.2.tar.bz2
Resolving gitlab.gnome.org (gitlab.gnome.org)... 151.101.1.91, 151.101.65.91, 151.101.129.91, ...
Connecting to gitlab.gnome.org (gitlab.gnome.org)|151.101.1.91|:443... connected.
HTTP request sent, awaiting response... 200 OK
Length: 1514068 (1.4M) [application/octet-stream]
Saving to: ‘gucharmap-17.0.2.tar.bz2’

     0K .......... .......... .......... .......... ..........  3% 6.47M 0s
    50K .......... .......... .......... .......... ..........  6% 13.2M 0s
   100K .......... .......... .......... .......... .......... 10% 11.9M 0s
   150K .......... .......... .......... .......... .......... 13% 54.7M 0s
   200K .......... .......... .......... .......... .......... 16% 15.6M 0s
   250K .......... .......... .......... .......... .......... 20% 12.3M 0s
   300K .......... .......... .......... .......... .......... 23% 84.0M 0s
   350K .......... .......... .......... .......... .......... 27% 79.4M 0s
   400K .......... .......... .......... .......... .......... 30% 97.6M 0s
   450K .......... .......... .......... .......... .......... 33% 19.3M 0s
   500K .......... .......... .......... .......... .......... 37% 13.0M 0s
   550K .......... .......... .......... .......... .......... 40%  237M 0s
   600K .......... .......... .......... .......... .......... 43%  128M 0s
   650K .......... .......... .......... .......... .......... 47% 92.0M 0s
   700K .......... .......... .......... .......... .......... 50% 91.1M 0s
   750K .......... .......... .......... .......... .......... 54%  165M 0s
   800K .......... .......... .......... .......... .......... 57% 19.3M 0s
   850K .......... .......... .......... .......... .......... 60%  127M 0s
   900K .......... .......... .......... .......... .......... 64% 17.5M 0s
   950K .......... .......... .......... .......... .......... 67% 81.4M 0s
  1000K .......... .......... .......... .......... .......... 71%  179M 0s
  1050K .......... .......... .......... .......... .......... 74%  102M 0s
  1100K .......... .......... .......... .......... .......... 77% 80.7M 0s
  1150K .......... .......... .......... .......... .......... 81%  136M 0s
  1200K .......... .......... .......... .......... .......... 84%  100M 0s
  1250K .......... .......... .......... .......... .......... 87% 29.0M 0s
  1300K .......... .......... .......... .......... .......... 91%  110M 0s
  1350K .......... .......... .......... .......... .......... 94%  152M 0s
  1400K .......... .......... .......... .......... .......... 98%  115M 0s
  1450K .......... .......... ........                        100% 93.4M=0.04s

2026-03-21 08:21:44 (32.1 MB/s) - ‘gucharmap-17.0.2.tar.bz2’ saved [1514068/1514068]

--2026-03-21 08:21:44--  https://www.unicode.org/Public/7.0.2.0.0/ucd/UCD.zip
Resolving www.unicode.org (www.unicode.org)... 172.67.74.23, 104.26.11.47, 104.26.10.47, ...
Connecting to www.unicode.org (www.unicode.org)|172.67.74.23|:443... connected.
HTTP request sent, awaiting response... 404 Not Found
2026-03-21 08:21:44 ERROR 404: Not Found.

