--2026-03-08 07:48:11--  https://gitlab.gnome.org/GNOME/gucharmap/-/archive/17.0.1/gucharmap-17.0.1.tar.bz2
Resolving gitlab.gnome.org (gitlab.gnome.org)... 151.101.1.91, 151.101.65.91, 151.101.129.91, ...
Connecting to gitlab.gnome.org (gitlab.gnome.org)|151.101.1.91|:443... connected.
HTTP request sent, awaiting response... 200 OK
Length: 1511603 (1.4M) [application/octet-stream]
Saving to: ‘gucharmap-17.0.1.tar.bz2’

     0K .......... .......... .......... .......... ..........  3% 6.11M 0s
    50K .......... .......... .......... .......... ..........  6% 11.2M 0s
   100K .......... .......... .......... .......... .......... 10% 12.8M 0s
   150K .......... .......... .......... .......... .......... 13% 13.6M 0s
   200K .......... .......... .......... .......... .......... 16% 65.7M 0s
   250K .......... .......... .......... .......... .......... 20% 12.6M 0s
   300K .......... .......... .......... .......... .......... 23% 13.2M 0s
   350K .......... .......... .......... .......... .......... 27% 11.1M 0s
   400K .......... .......... .......... .......... .......... 30%  164M 0s
   450K .......... .......... .......... .......... .......... 33% 6.98M 0s
   500K .......... .......... .......... .......... .......... 37% 89.7M 0s
   550K .......... .......... .......... .......... .......... 40%  138M 0s
   600K .......... .......... .......... .......... .......... 44% 91.6M 0s
   650K .......... .......... .......... .......... .......... 47% 16.9M 0s
   700K .......... .......... .......... .......... .......... 50% 12.4M 0s
   750K .......... .......... .......... .......... .......... 54% 83.5M 0s
   800K .......... .......... .......... .......... .......... 57%  150M 0s
   850K .......... .......... .......... .......... .......... 60% 17.2M 0s
   900K .......... .......... .......... .......... .......... 64% 82.5M 0s
   950K .......... .......... .......... .......... .......... 67% 12.6M 0s
  1000K .......... .......... .......... .......... .......... 71%  107M 0s
  1050K .......... .......... .......... .......... .......... 74%  141M 0s
  1100K .......... .......... .......... .......... .......... 77%  135M 0s
  1150K .......... .......... .......... .......... .......... 81% 7.30M 0s
  1200K .......... .......... .......... .......... .......... 84%  166M 0s
  1250K .......... .......... .......... .......... .......... 88%  152M 0s
  1300K .......... .......... .......... .......... .......... 91% 93.6M 0s
  1350K .......... .......... .......... .......... .......... 94%  105M 0s
  1400K .......... .......... .......... .......... .......... 98%  131M 0s
  1450K .......... .......... ......                          100%  248M=0.07s

2026-03-08 07:48:12 (21.8 MB/s) - ‘gucharmap-17.0.1.tar.bz2’ saved [1511603/1511603]

--2026-03-08 07:48:12--  https://www.unicode.org/Public/7.0.1.0.0/ucd/UCD.zip
Resolving www.unicode.org (www.unicode.org)... 172.67.74.23, 104.26.10.47, 104.26.11.47, ...
Connecting to www.unicode.org (www.unicode.org)|172.67.74.23|:443... connected.
HTTP request sent, awaiting response... 404 Not Found
2026-03-08 07:48:12 ERROR 404: Not Found.

