--2025-08-05 08:16:13--  https://archive.apache.org/dist/httpd/httpd-2.4.65.tar.bz2
Resolving archive.apache.org (archive.apache.org)... 2a01:4f9:1a:a084::2, 65.108.204.189
Connecting to archive.apache.org (archive.apache.org)|2a01:4f9:1a:a084::2|:443... connected.
HTTP request sent, awaiting response... 200 OK
Length: 7506711 (7.2M) [application/x-bzip2]
Saving to: 'httpd-2.4.65.tar.bz2'

     0K .......... .......... .......... .......... ..........  0%  158K 46s
    50K .......... .......... .......... .......... ..........  1%  130K 51s
   100K .......... .......... .......... .......... ..........  2%  101K 57s
   150K .......... .......... .......... .......... ..........  2%  120K 57s
   200K .......... .......... .......... .......... ..........  3%  119K 58s
   250K .......... .......... .......... .......... ..........  4% 86.4K 61s
   300K .......... .......... .......... .......... ..........  4% 68.7K 67s
   350K .......... .......... .......... .......... ..........  5% 67.3K 71s
   400K .......... .......... .......... .......... ..........  6% 99.4K 70s
   450K .......... .......... .......... .......... ..........  6%  109K 69s
   500K .......... .......... .......... .......... ..........  7%  121K 67s
   550K .......... .......... .......... .......... ..........  8%  130K 66s
   600K .......... .......... .......... .......... ..........  8%  123K 64s
   650K .......... .......... .......... .......... ..........  9%  128K 63s
   700K .......... .......... .......... .......... .......... 10% 94.0K 63s
   750K .......... .......... .......... .......... .......... 10% 61.5K 65s
   800K .......... .......... .......... .......... .......... 11% 76.7K 66s
   850K .......... .......... .......... .......... .......... 12% 85.1K 66s
   900K .......... .......... .......... .......... .......... 12%  120K 65s
   950K .......... .......... .......... .......... .......... 13% 90.5K 65s
  1000K .......... .......... .......... .......... .......... 14% 47.3K 67s
  1050K .......... .......... .......... .......... .......... 15% 77.1K 67s
  1100K .......... .......... .......... .......... .......... 15% 72.6K 68s
  1150K .......... .......... .......... .......... .......... 16% 75.0K 68s
  1200K .......... .......... .......... .......... .......... 17% 66.7K 68s
  1250K .......... .......... .......... .......... .......... 17% 87.0K 68s
  1300K .......... .......... .......... .......... .......... 18%  102K 67s
  1350K .......... .......... .......... .......... .......... 19% 84.7K 66s
  1400K .......... .......... .......... .......... .......... 19% 90.3K 66s
  1450K .......... .......... .......... .......... .......... 20%  104K 65s
  1500K .......... .......... .......... .......... .......... 21% 98.4K 64s
  1550K .......... .......... .......... .......... .......... 21%  111K 63s
  1600K .......... .......... .......... .......... .......... 22% 87.5K 63s
  1650K .......... .......... .......... .......... .......... 23% 89.6K 62s
  1700K .......... .......... .......... .......... .......... 23% 75.5K 62s
  1750K .......... .......... .......... .......... .......... 24%  119K 61s
  1800K .......... .......... .......... .......... .......... 25%  128K 60s
  1850K .......... .......... .......... .......... .......... 25% 95.3K 59s
  1900K .......... .......... .......... .......... .......... 26%  108K 59s
  1950K .......... .......... .......... .......... .......... 27% 80.3K 58s
  2000K .......... .......... .......... .......... .......... 27% 99.0K 58s
  2050K .......... .......... .......... .......... .......... 28%  111K 57s
  2100K .......... .......... .......... .......... .......... 29%  103K 56s
  2150K .......... .......... .......... .......... .......... 30% 66.5K 56s
  2200K .......... .......... .......... .......... .......... 30% 65.8K 56s
  2250K .......... .......... .......... .......... .......... 31% 44.6K 57s
  2300K .......... .......... .......... .......... .......... 32% 47.8K 57s
  2350K .......... .......... .......... .......... .......... 32% 64.3K 57s
  2400K .......... .......... .......... .......... .......... 33%  112K 56s
  2450K .......... .......... .......... .......... .......... 34%  120K 55s
  2500K .......... .......... .......... .......... .......... 34%  161K 54s
  2550K .......... .......... .......... .......... .......... 35%  186K 53s
  2600K .......... .......... .......... .......... .......... 36%  117K 52s
  2650K .......... .......... .......... .......... .......... 36%  232K 51s
  2700K .......... .......... .......... .......... .......... 37%  104K 51s
  2750K .......... .......... .......... .......... .......... 38%  125K 50s
  2800K .......... .......... .......... .......... .......... 38%  166K 49s
  2850K .......... .......... .......... .......... .......... 39%  157K 48s
  2900K .......... .......... .......... .......... .......... 40%  134K 47s
  2950K .......... .......... .......... .......... .......... 40% 99.5K 47s
  3000K .......... .......... .......... .......... .......... 41%  106K 46s
  3050K .......... .......... .......... .......... .......... 42% 84.5K 45s
  3100K .......... .......... .......... .......... .......... 42%  102K 45s
  3150K .......... .......... .......... .......... .......... 43%  122K 44s
  3200K .......... .......... .......... .......... .......... 44%  142K 43s
  3250K .......... .......... .......... .......... .......... 45%  176K 43s
  3300K .......... .......... .......... .......... .......... 45%  213K 42s
  3350K .......... .......... .......... .......... .......... 46%  212K 41s
  3400K .......... .......... .......... .......... .......... 47%  221K 40s
  3450K .......... .......... .......... .......... .......... 47%  239K 39s
  3500K .......... .......... .......... .......... .......... 48%  296K 38s
  3550K .......... .......... .......... .......... .......... 49%  292K 37s
  3600K .......... .......... .......... .......... .......... 49%  265K 37s
  3650K .......... .......... .......... .......... .......... 50%  321K 36s
  3700K .......... .......... .......... .......... .......... 51%  264K 35s
  3750K .......... .......... .......... .......... .......... 51%  381K 34s
  3800K .......... .......... .......... .......... .......... 52%  311K 33s
  3850K .......... .......... .......... .......... .......... 53%  322K 33s
  3900K .......... .......... .......... .......... .......... 53%  191K 32s
  3950K .......... .......... .......... .......... .......... 54%  550K 31s
  4000K .......... .......... .......... .......... .......... 55%  268K 30s
  4050K .......... .......... .......... .......... .......... 55%  289K 30s
  4100K .......... .......... .......... .......... .......... 56%  290K 29s
  4150K .......... .......... .......... .......... .......... 57%  330K 28s
  4200K .......... .......... .......... .......... .......... 57%  293K 28s
  4250K .......... .......... .......... .......... .......... 58%  358K 27s
  4300K .......... .......... .......... .......... .......... 59%  345K 26s
  4350K .......... .......... .......... .......... .......... 60%  243K 26s
  4400K .......... .......... .......... .......... .......... 60%  348K 25s
  4450K .......... .......... .......... .......... .......... 61%  240K 25s
  4500K .......... .......... .......... .......... .......... 62%  314K 24s
  4550K .......... .......... .......... .......... .......... 62%  327K 23s
  4600K .......... .......... .......... .......... .......... 63%  285K 23s
  4650K .......... .......... .......... .......... .......... 64%  345K 22s
  4700K .......... .......... .......... .......... .......... 64%  305K 22s
  4750K .......... .......... .......... .......... .......... 65%  368K 21s
  4800K .......... .......... .......... .......... .......... 66%  356K 21s
  4850K .......... .......... .......... .......... .......... 66%  273K 20s
  4900K .......... .......... .......... .......... .......... 67%  282K 19s
  4950K .......... .......... .......... .......... .......... 68%  239K 19s
  5000K .......... .......... .......... .......... .......... 68%  312K 18s
  5050K .......... .......... .......... .......... .......... 69%  351K 18s
  5100K .......... .......... .......... .......... .......... 70%  293K 17s
  5150K .......... .......... .......... .......... .......... 70%  346K 17s
  5200K .......... .......... .......... .......... .......... 71%  320K 16s
  5250K .......... .......... .......... .......... .......... 72%  369K 16s
  5300K .......... .......... .......... .......... .......... 72%  366K 15s
  5350K .......... .......... .......... .......... .......... 73%  313K 15s
  5400K .......... .......... .......... .......... .......... 74%  351K 15s
  5450K .......... .......... .......... .......... .......... 75%  220K 14s
  5500K .......... .......... .......... .......... .......... 75%  449K 14s
  5550K .......... .......... .......... .......... .......... 76%  281K 13s
  5600K .......... .......... .......... .......... .......... 77%  261K 13s
  5650K .......... .......... .......... .......... .......... 77%  329K 12s
  5700K .......... .......... .......... .......... .......... 78%  303K 12s
  5750K .......... .......... .......... .......... .......... 79%  316K 11s
  5800K .......... .......... .......... .......... .......... 79%  314K 11s
  5850K .......... .......... .......... .......... .......... 80%  216K 11s
  5900K .......... .......... .......... .......... .......... 81%  275K 10s
  5950K .......... .......... .......... .......... .......... 81%  226K 10s
  6000K .......... .......... .......... .......... .......... 82%  306K 9s
  6050K .......... .......... .......... .......... .......... 83%  290K 9s
  6100K .......... .......... .......... .......... .......... 83%  246K 9s
  6150K .......... .......... .......... .......... .......... 84%  339K 8s
  6200K .......... .......... .......... .......... .......... 85%  268K 8s
  6250K .......... .......... .......... .......... .......... 85%  308K 7s
  6300K .......... .......... .......... .......... .......... 86%  235K 7s
  6350K .......... .......... .......... .......... .......... 87%  242K 7s
  6400K .......... .......... .......... .......... .......... 87%  285K 6s
  6450K .......... .......... .......... .......... .......... 88%  253K 6s
  6500K .......... .......... .......... .......... .......... 89%  337K 5s
  6550K .......... .......... .......... .......... .......... 90%  322K 5s
  6600K .......... .......... .......... .......... .......... 90%  273K 5s
  6650K .......... .......... .......... .......... .......... 91%  348K 4s
  6700K .......... .......... .......... .......... .......... 92%  166K 4s
  6750K .......... .......... .......... .......... .......... 92%  765K 4s
  6800K .......... .......... .......... .......... .......... 93%  258K 3s
  6850K .......... .......... .......... .......... .......... 94%  236K 3s
  6900K .......... .......... .......... .......... .......... 94%  317K 3s
  6950K .......... .......... .......... .......... .......... 95%  262K 2s
  7000K .......... .......... .......... .......... .......... 96%  302K 2s
  7050K .......... .......... .......... .......... .......... 96%  350K 2s
  7100K .......... .......... .......... .......... .......... 97%  277K 1s
  7150K .......... .......... .......... .......... .......... 98%  311K 1s
  7200K .......... .......... .......... .......... .......... 98%  321K 1s
  7250K .......... .......... .......... .......... .......... 99%  312K 0s
  7300K .......... .......... ..........                      100%  377K=49s

2025-08-05 08:17:03 (151 KB/s) - 'httpd-2.4.65.tar.bz2' saved [7506711/7506711]

--2025-08-05 08:17:03--  https://www.linuxfromscratch.org/patches/blfs/svn/httpd-2.4.65-blfs_layout-1.patch
Resolving www.linuxfromscratch.org (www.linuxfromscratch.org)... 208.118.68.85
Connecting to www.linuxfromscratch.org (www.linuxfromscratch.org)|208.118.68.85|:443... connected.
HTTP request sent, awaiting response... 404 Not Found
2025-08-05 08:17:03 ERROR 404: Not Found.

