--2025-08-05 07:56:58--  https://github.com/libfuse/libfuse/releases/download/fuse-3.17.3/fuse-3.17.3.tar.gz
Resolving github.com (github.com)... 140.82.113.4
Connecting to github.com (github.com)|140.82.113.4|:443... connected.
HTTP request sent, awaiting response... 302 Found
Location: https://release-assets.githubusercontent.com/github-production-release-asset/48296177/33cc9679-b690-485e-be56-5f632457f56d?sp=r&sv=2018-11-09&sr=b&spr=https&se=2025-08-05T08%3A34%3A16Z&rscd=attachment%3B+filename%3Dfuse-3.17.3.tar.gz&rsct=application%2Foctet-stream&skoid=96c2d410-5711-43a1-aedd-ab1947aa7ab0&sktid=398a6654-997b-47e9-b12b-9515b896b4de&skt=2025-08-05T07%3A33%3A29Z&ske=2025-08-05T08%3A34%3A16Z&sks=b&skv=2018-11-09&sig=c43iJiwbXfLr%2FKvA5dyNuamKEhUL%2FJX5IWj14wrtswI%3D&jwt=eyJhbGciOiJIUzI1NiIsInR5cCI6IkpXVCJ9.eyJpc3MiOiJnaXRodWIuY29tIiwiYXVkIjoicmVsZWFzZS1hc3NldHMuZ2l0aHVidXNlcmNvbnRlbnQuY29tIiwia2V5Ijoia2V5MSIsImV4cCI6MTc1NDM4MDkxOCwibmJmIjoxNzU0MzgwNjE4LCJwYXRoIjoicmVsZWFzZWFzc2V0cHJvZHVjdGlvbi5ibG9iLmNvcmUud2luZG93cy5uZXQifQ.bKG1wEo6VS1o7bGVLOl68B-pJMs6lMeDL-HzglsRxZc&response-content-disposition=attachment%3B%20filename%3Dfuse-3.17.3.tar.gz&response-content-type=application%2Foctet-stream [following]
--2025-08-05 07:56:58--  https://release-assets.githubusercontent.com/github-production-release-asset/48296177/33cc9679-b690-485e-be56-5f632457f56d?sp=r&sv=2018-11-09&sr=b&spr=https&se=2025-08-05T08%3A34%3A16Z&rscd=attachment%3B+filename%3Dfuse-3.17.3.tar.gz&rsct=application%2Foctet-stream&skoid=96c2d410-5711-43a1-aedd-ab1947aa7ab0&sktid=398a6654-997b-47e9-b12b-9515b896b4de&skt=2025-08-05T07%3A33%3A29Z&ske=2025-08-05T08%3A34%3A16Z&sks=b&skv=2018-11-09&sig=c43iJiwbXfLr%2FKvA5dyNuamKEhUL%2FJX5IWj14wrtswI%3D&jwt=eyJhbGciOiJIUzI1NiIsInR5cCI6IkpXVCJ9.eyJpc3MiOiJnaXRodWIuY29tIiwiYXVkIjoicmVsZWFzZS1hc3NldHMuZ2l0aHVidXNlcmNvbnRlbnQuY29tIiwia2V5Ijoia2V5MSIsImV4cCI6MTc1NDM4MDkxOCwibmJmIjoxNzU0MzgwNjE4LCJwYXRoIjoicmVsZWFzZWFzc2V0cHJvZHVjdGlvbi5ibG9iLmNvcmUud2luZG93cy5uZXQifQ.bKG1wEo6VS1o7bGVLOl68B-pJMs6lMeDL-HzglsRxZc&response-content-disposition=attachment%3B%20filename%3Dfuse-3.17.3.tar.gz&response-content-type=application%2Foctet-stream
Resolving release-assets.githubusercontent.com (release-assets.githubusercontent.com)... 185.199.109.133, 185.199.110.133, 185.199.108.133, ...
Connecting to release-assets.githubusercontent.com (release-assets.githubusercontent.com)|185.199.109.133|:443... connected.
HTTP request sent, awaiting response... 200 OK
Length: 5651401 (5.4M) [application/octet-stream]
Saving to: 'fuse-3.17.3.tar.gz'

     0K .......... .......... .......... .......... ..........  0% 6.84M 1s
    50K .......... .......... .......... .......... ..........  1% 20.8M 1s
   100K .......... .......... .......... .......... ..........  2% 22.7M 0s
   150K .......... .......... .......... .......... ..........  3% 67.3M 0s
   200K .......... .......... .......... .......... ..........  4% 17.6M 0s
   250K .......... .......... .......... .......... ..........  5% 81.9M 0s
   300K .......... .......... .......... .......... ..........  6% 76.7M 0s
   350K .......... .......... .......... .......... ..........  7%  105M 0s
   400K .......... .......... .......... .......... ..........  8%  131M 0s
   450K .......... .......... .......... .......... ..........  9% 27.3M 0s
   500K .......... .......... .......... .......... ..........  9%  118M 0s
   550K .......... .......... .......... .......... .......... 10%  118M 0s
   600K .......... .......... .......... .......... .......... 11%  118M 0s
   650K .......... .......... .......... .......... .......... 12%  118M 0s
   700K .......... .......... .......... .......... .......... 13% 85.9M 0s
   750K .......... .......... .......... .......... .......... 14% 28.5M 0s
   800K .......... .......... .......... .......... .......... 15%  118M 0s
   850K .......... .......... .......... .......... .......... 16%  119M 0s
   900K .......... .......... .......... .......... .......... 17%  118M 0s
   950K .......... .......... .......... .......... .......... 18%  118M 0s
  1000K .......... .......... .......... .......... .......... 19%  118M 0s
  1050K .......... .......... .......... .......... .......... 19%  118M 0s
  1100K .......... .......... .......... .......... .......... 20% 86.2M 0s
  1150K .......... .......... .......... .......... .......... 21%  118M 0s
  1200K .......... .......... .......... .......... .......... 22%  117M 0s
  1250K .......... .......... .......... .......... .......... 23%  118M 0s
  1300K .......... .......... .......... .......... .......... 24%  116M 0s
  1350K .......... .......... .......... .......... .......... 25%  116M 0s
  1400K .......... .......... .......... .......... .......... 26%  105M 0s
  1450K .......... .......... .......... .......... .......... 27% 6.63M 0s
  1500K .......... .......... .......... .......... .......... 28%  119M 0s
  1550K .......... .......... .......... .......... .......... 28%  153M 0s
  1600K .......... .......... .......... .......... .......... 29%  188M 0s
  1650K .......... .......... .......... .......... .......... 30%  190M 0s
  1700K .......... .......... .......... .......... .......... 31%  214M 0s
  1750K .......... .......... .......... .......... .......... 32%  114M 0s
  1800K .......... .......... .......... .......... .......... 33% 6.30M 0s
  1850K .......... .......... .......... .......... .......... 34%  630M 0s
  1900K .......... .......... .......... .......... .......... 35%  124M 0s
  1950K .......... .......... .......... .......... .......... 36%  707M 0s
  2000K .......... .......... .......... .......... .......... 37%  855M 0s
  2050K .......... .......... .......... .......... .......... 38%  640M 0s
  2100K .......... .......... .......... .......... .......... 38%  815M 0s
  2150K .......... .......... .......... .......... .......... 39%  757M 0s
  2200K .......... .......... .......... .......... .......... 40%  818M 0s
  2250K .......... .......... .......... .......... .......... 41%  779M 0s
  2300K .......... .......... .......... .......... .......... 42%  494M 0s
  2350K .......... .......... .......... .......... .......... 43%  674M 0s
  2400K .......... .......... .......... .......... .......... 44%  878M 0s
  2450K .......... .......... .......... .......... .......... 45%  831M 0s
  2500K .......... .......... .......... .......... .......... 46%  875M 0s
  2550K .......... .......... .......... .......... .......... 47%  880M 0s
  2600K .......... .......... .......... .......... .......... 48%  845M 0s
  2650K .......... .......... .......... .......... .......... 48%  874M 0s
  2700K .......... .......... .......... .......... .......... 49%  651M 0s
  2750K .......... .......... .......... .......... .......... 50%  878M 0s
  2800K .......... .......... .......... .......... .......... 51%  834M 0s
  2850K .......... .......... .......... .......... .......... 52%  851M 0s
  2900K .......... .......... .......... .......... .......... 53% 21.6M 0s
  2950K .......... .......... .......... .......... .......... 54%  529M 0s
  3000K .......... .......... .......... .......... .......... 55%  813M 0s
  3050K .......... .......... .......... .......... .......... 56%  878M 0s
  3100K .......... .......... .......... .......... .......... 57%  651M 0s
  3150K .......... .......... .......... .......... .......... 57%  883M 0s
  3200K .......... .......... .......... .......... .......... 58%  850M 0s
  3250K .......... .......... .......... .......... .......... 59% 44.8M 0s
  3300K .......... .......... .......... .......... .......... 60%  170M 0s
  3350K .......... .......... .......... .......... .......... 61%  823M 0s
  3400K .......... .......... .......... .......... .......... 62%  894M 0s
  3450K .......... .......... .......... .......... .......... 63% 27.6M 0s
  3500K .......... .......... .......... .......... .......... 64%  674M 0s
  3550K .......... .......... .......... .......... .......... 65%  873M 0s
  3600K .......... .......... .......... .......... .......... 66% 84.0M 0s
  3650K .......... .......... .......... .......... .......... 67% 16.0M 0s
  3700K .......... .......... .......... .......... .......... 67%  170M 0s
  3750K .......... .......... .......... .......... .......... 68%  105M 0s
  3800K .......... .......... .......... .......... .......... 69%  823M 0s
  3850K .......... .......... .......... .......... .......... 70%  851M 0s
  3900K .......... .......... .......... .......... .......... 71%  664M 0s
  3950K .......... .......... .......... .......... .......... 72%  786M 0s
  4000K .......... .......... .......... .......... .......... 73%  854M 0s
  4050K .......... .......... .......... .......... .......... 74%  850M 0s
  4100K .......... .......... .......... .......... .......... 75%  884M 0s
  4150K .......... .......... .......... .......... .......... 76%  881M 0s
  4200K .......... .......... .......... .......... .......... 77%  856M 0s
  4250K .......... .......... .......... .......... .......... 77%  824M 0s
  4300K .......... .......... .......... .......... .......... 78%  616M 0s
  4350K .......... .......... .......... .......... .......... 79%  905M 0s
  4400K .......... .......... .......... .......... .......... 80% 9.44M 0s
  4450K .......... .......... .......... .......... .......... 81% 99.8M 0s
  4500K .......... .......... .......... .......... .......... 82%  174M 0s
  4550K .......... .......... .......... .......... .......... 83% 97.1M 0s
  4600K .......... .......... .......... .......... .......... 84% 22.4M 0s
  4650K .......... .......... .......... .......... .......... 85% 60.1M 0s
  4700K .......... .......... .......... .......... .......... 86% 97.1M 0s
  4750K .......... .......... .......... .......... .......... 86%  719M 0s
  4800K .......... .......... .......... .......... .......... 87%  820M 0s
  4850K .......... .......... .......... .......... .......... 88%  568M 0s
  4900K .......... .......... .......... .......... .......... 89%  821M 0s
  4950K .......... .......... .......... .......... .......... 90%  842M 0s
  5000K .......... .......... .......... .......... .......... 91%  415M 0s
  5050K .......... .......... .......... .......... .......... 92%  841M 0s
  5100K .......... .......... .......... .......... .......... 93%  643M 0s
  5150K .......... .......... .......... .......... .......... 94%  673M 0s
  5200K .......... .......... .......... .......... .......... 95%  843M 0s
  5250K .......... .......... .......... .......... .......... 96%  876M 0s
  5300K .......... .......... .......... .......... .......... 96%  773M 0s
  5350K .......... .......... .......... .......... .......... 97%  872M 0s
  5400K .......... .......... .......... .......... .......... 98%  874M 0s
  5450K .......... .......... .......... .......... .......... 99%  834M 0s
  5500K .......... ........                                   100%  538M=0.07s

2025-08-05 07:56:58 (77.7 MB/s) - 'fuse-3.17.3.tar.gz' saved [5651401/5651401]

fuse-3.17.3/
fuse-3.17.3/.ackrc
fuse-3.17.3/.clang-format
fuse-3.17.3/.codespellrc
fuse-3.17.3/.dir-locals.el
fuse-3.17.3/AUTHORS
fuse-3.17.3/ChangeLog.rst
fuse-3.17.3/GPL2.txt
fuse-3.17.3/LGPL2.txt
fuse-3.17.3/LICENSE
fuse-3.17.3/README.md
fuse-3.17.3/SECURITY.md
fuse-3.17.3/checkpatch.pl
fuse-3.17.3/dev-docs/
fuse-3.17.3/dev-docs/extend-authors.sh
fuse-3.17.3/dev-docs/release-process.md
fuse-3.17.3/doc/
fuse-3.17.3/doc/Doxyfile
fuse-3.17.3/doc/README.NFS
fuse-3.17.3/doc/fast17-vangoor.pdf
fuse-3.17.3/doc/fusermount3.1
fuse-3.17.3/doc/kernel.txt
fuse-3.17.3/doc/libfuse-operations.txt
fuse-3.17.3/doc/mainpage.dox
fuse-3.17.3/doc/meson.build
fuse-3.17.3/doc/mount.fuse3.8
fuse-3.17.3/doc/html/
fuse-3.17.3/doc/html/annotated.html
fuse-3.17.3/doc/html/bc_s.png
fuse-3.17.3/doc/html/bdwn.png
fuse-3.17.3/doc/html/buffer_8c_source.html
fuse-3.17.3/doc/html/build-debian_2config_8h_source.html
fuse-3.17.3/doc/html/build-debian_2meson-private_2sanitycheckc_8c_source.html
fuse-3.17.3/doc/html/build-rhel8_2config_8h_source.html
fuse-3.17.3/doc/html/build-rhel8_2meson-private_2sanitycheckc_8c_source.html
fuse-3.17.3/doc/html/build-ubuntu_2config_8h_source.html
fuse-3.17.3/doc/html/build-ubuntu_2meson-private_2sanitycheckc_8c_source.html
fuse-3.17.3/doc/html/classes.html
fuse-3.17.3/doc/html/closed.png
fuse-3.17.3/doc/html/cuse_8c.html
fuse-3.17.3/doc/html/cuse_8c_source.html
fuse-3.17.3/doc/html/cuse__client_8c.html
fuse-3.17.3/doc/html/cuse__client_8c_source.html
fuse-3.17.3/doc/html/cuse__lowlevel_8c_source.html
fuse-3.17.3/doc/html/cuse__lowlevel_8h_source.html
fuse-3.17.3/doc/html/dir_13e138d54eb8818da29c3992edef070a.html
fuse-3.17.3/doc/html/dir_23ec12649285f9fabf3a6b7380226c28.html
fuse-3.17.3/doc/html/dir_812ebf512ecd184ed1d39ebdcddff7ee.html
fuse-3.17.3/doc/html/dir_97aefd0d527b934f1d99a682da8fe6a9.html
fuse-3.17.3/doc/html/dir_9bd412e6c6ed29227c4172ad8b62b221.html
fuse-3.17.3/doc/html/dir_bc297b8ee9a3081b188fc7e3fa93504a.html
fuse-3.17.3/doc/html/dir_bf10854db571cf772d4a6211be1232f2.html
fuse-3.17.3/doc/html/dir_cd1412f659f324388a4b25bf5c39d8d8.html
fuse-3.17.3/doc/html/dir_cfafba98a580ce4b62f8a6fa96d7cbb0.html
fuse-3.17.3/doc/html/dir_d44c64559bbebec7f509842c48db8b23.html
fuse-3.17.3/doc/html/dir_d709b210fbffdc23d8da2b53f1d32b88.html
fuse-3.17.3/doc/html/dir_e1dbc8ba94a86723d4c32227b7c46099.html
fuse-3.17.3/doc/html/dir_e68e8157741866f444e17edd764ebbae.html
fuse-3.17.3/doc/html/doc.png
fuse-3.17.3/doc/html/doxygen.css
fuse-3.17.3/doc/html/doxygen.svg
fuse-3.17.3/doc/html/dynsections.js
fuse-3.17.3/doc/html/fast17-vangoor.pdf
fuse-3.17.3/doc/html/files.html
fuse-3.17.3/doc/html/folderclosed.png
fuse-3.17.3/doc/html/folderopen.png
fuse-3.17.3/doc/html/functions.html
fuse-3.17.3/doc/html/functions_vars.html
fuse-3.17.3/doc/html/fuse_8c_source.html
fuse-3.17.3/doc/html/fuse_8h.html
fuse-3.17.3/doc/html/fuse_8h_source.html
fuse-3.17.3/doc/html/fuse__common_8h.html
fuse-3.17.3/doc/html/fuse__common_8h_source.html
fuse-3.17.3/doc/html/fuse__i_8h_source.html
fuse-3.17.3/doc/html/fuse__kernel_8h_source.html
fuse-3.17.3/doc/html/fuse__log_8c_source.html
fuse-3.17.3/doc/html/fuse__log_8h.html
fuse-3.17.3/doc/html/fuse__log_8h_source.html
fuse-3.17.3/doc/html/fuse__loop_8c_source.html
fuse-3.17.3/doc/html/fuse__loop__mt_8c_source.html
fuse-3.17.3/doc/html/fuse__lowlevel_8c_source.html
fuse-3.17.3/doc/html/fuse__lowlevel_8h.html
fuse-3.17.3/doc/html/fuse__opt_8c_source.html
fuse-3.17.3/doc/html/fuse__opt_8h.html
fuse-3.17.3/doc/html/fuse__opt_8h_source.html
fuse-3.17.3/doc/html/fuse__signals_8c_source.html
fuse-3.17.3/doc/html/fusermount_8c_source.html
fuse-3.17.3/doc/html/globals.html
fuse-3.17.3/doc/html/globals_defs.html
fuse-3.17.3/doc/html/globals_enum.html
fuse-3.17.3/doc/html/globals_eval.html
fuse-3.17.3/doc/html/globals_func.html
fuse-3.17.3/doc/html/globals_type.html
fuse-3.17.3/doc/html/hello_8c.html
fuse-3.17.3/doc/html/hello_8c_source.html
fuse-3.17.3/doc/html/hello__ll_8c.html
fuse-3.17.3/doc/html/hello__ll_8c_source.html
fuse-3.17.3/doc/html/helper_8c_source.html
fuse-3.17.3/doc/html/iconv_8c_source.html
fuse-3.17.3/doc/html/index.html
fuse-3.17.3/doc/html/invalidate__path_8c.html
fuse-3.17.3/doc/html/invalidate__path_8c_source.html
fuse-3.17.3/doc/html/ioctl_8c.html
fuse-3.17.3/doc/html/ioctl_8c_source.html
fuse-3.17.3/doc/html/ioctl_8h.html
fuse-3.17.3/doc/html/ioctl_8h_source.html
fuse-3.17.3/doc/html/ioctl__client_8c.html
fuse-3.17.3/doc/html/ioctl__client_8c_source.html
fuse-3.17.3/doc/html/jquery.js
fuse-3.17.3/doc/html/menu.js
fuse-3.17.3/doc/html/menudata.js
fuse-3.17.3/doc/html/mount_8c_source.html
fuse-3.17.3/doc/html/mount_8fuse_8c_source.html
fuse-3.17.3/doc/html/mount__bsd_8c_source.html
fuse-3.17.3/doc/html/mount__util_8c_source.html
fuse-3.17.3/doc/html/mount__util_8h_source.html
fuse-3.17.3/doc/html/nav_f.png
fuse-3.17.3/doc/html/nav_g.png
fuse-3.17.3/doc/html/nav_h.png
fuse-3.17.3/doc/html/notify__inval__entry_8c.html
fuse-3.17.3/doc/html/notify__inval__entry_8c_source.html
fuse-3.17.3/doc/html/notify__inval__inode_8c.html
fuse-3.17.3/doc/html/notify__inval__inode_8c_source.html
fuse-3.17.3/doc/html/notify__store__retrieve_8c.html
fuse-3.17.3/doc/html/notify__store__retrieve_8c_source.html
fuse-3.17.3/doc/html/null_8c.html
fuse-3.17.3/doc/html/null_8c_source.html
fuse-3.17.3/doc/html/open.png
fuse-3.17.3/doc/html/passthrough_8c.html
fuse-3.17.3/doc/html/passthrough_8c_source.html
fuse-3.17.3/doc/html/passthrough__fh_8c.html
fuse-3.17.3/doc/html/passthrough__fh_8c_source.html
fuse-3.17.3/doc/html/passthrough__helpers_8h_source.html
fuse-3.17.3/doc/html/passthrough__ll_8c.html
fuse-3.17.3/doc/html/passthrough__ll_8c_source.html
fuse-3.17.3/doc/html/poll_8c.html
fuse-3.17.3/doc/html/poll_8c_source.html
fuse-3.17.3/doc/html/poll__client_8c.html
fuse-3.17.3/doc/html/poll__client_8c_source.html
fuse-3.17.3/doc/html/printcap_8c.html
fuse-3.17.3/doc/html/printcap_8c_source.html
fuse-3.17.3/doc/html/readdir__inode_8c_source.html
fuse-3.17.3/doc/html/splitbar.png
fuse-3.17.3/doc/html/stracedecode_8c_source.html
fuse-3.17.3/doc/html/structfuse__args.html
fuse-3.17.3/doc/html/structfuse__buf.html
fuse-3.17.3/doc/html/structfuse__bufvec.html
fuse-3.17.3/doc/html/structfuse__cmdline__opts.html
fuse-3.17.3/doc/html/structfuse__config.html
fuse-3.17.3/doc/html/structfuse__conn__info.html
fuse-3.17.3/doc/html/structfuse__context.html
fuse-3.17.3/doc/html/structfuse__ctx.html
fuse-3.17.3/doc/html/structfuse__entry__param.html
fuse-3.17.3/doc/html/structfuse__file__info.html
fuse-3.17.3/doc/html/structfuse__loop__config.html
fuse-3.17.3/doc/html/structfuse__lowlevel__ops.html
fuse-3.17.3/doc/html/structfuse__module.html
fuse-3.17.3/doc/html/structfuse__operations.html
fuse-3.17.3/doc/html/structfuse__opt.html
fuse-3.17.3/doc/html/subdir_8c_source.html
fuse-3.17.3/doc/html/sync_off.png
fuse-3.17.3/doc/html/sync_on.png
fuse-3.17.3/doc/html/tab_a.png
fuse-3.17.3/doc/html/tab_b.png
fuse-3.17.3/doc/html/tab_h.png
fuse-3.17.3/doc/html/tab_s.png
fuse-3.17.3/doc/html/tabs.css
fuse-3.17.3/doc/html/test__setattr_8c_source.html
fuse-3.17.3/doc/html/test__syscalls_8c_source.html
fuse-3.17.3/doc/html/test__write__cache_8c_source.html
fuse-3.17.3/doc/html/wrong__command_8c_source.html
fuse-3.17.3/doc/html/tab_ad.png
fuse-3.17.3/doc/html/tab_bd.png
fuse-3.17.3/doc/html/tab_hd.png
fuse-3.17.3/doc/html/tab_sd.png
fuse-3.17.3/doc/html/nav_hd.png
fuse-3.17.3/doc/html/nav_fd.png
fuse-3.17.3/doc/html/bc_sd.png
fuse-3.17.3/doc/html/plus.svg
fuse-3.17.3/doc/html/minus.svg
fuse-3.17.3/doc/html/plusd.svg
fuse-3.17.3/doc/html/minusd.svg
fuse-3.17.3/doc/html/doc.svg
fuse-3.17.3/doc/html/docd.svg
fuse-3.17.3/doc/html/folderopen.svg
fuse-3.17.3/doc/html/folderopend.svg
fuse-3.17.3/doc/html/folderclosed.svg
fuse-3.17.3/doc/html/folderclosedd.svg
fuse-3.17.3/doc/html/splitbard.png
fuse-3.17.3/doc/html/fuse__config_8h_source.html
fuse-3.17.3/doc/html/libfuse__config_8h_source.html
fuse-3.17.3/doc/html/sanitycheckc_8c_source.html
fuse-3.17.3/doc/html/hello__ll__uds_8c_source.html
fuse-3.17.3/doc/html/fuse__lowlevel_8h_source.html
fuse-3.17.3/doc/html/fuse__mount__compat_8h_source.html
fuse-3.17.3/doc/html/compat_8c_source.html
fuse-3.17.3/doc/html/fuse__misc_8h_source.html
fuse-3.17.3/doc/html/util_8c_source.html
fuse-3.17.3/doc/html/util_8h_source.html
fuse-3.17.3/doc/html/release__unlink__race_8c_source.html
fuse-3.17.3/doc/html/hello__ll__uds_8c.html
fuse-3.17.3/doc/html/structfuse__ext__header.html
fuse-3.17.3/doc/html/structfuse__supp__groups.html
fuse-3.17.3/doc/html/structlibfuse__version.html
fuse-3.17.3/doc/html/example_2cuse_8c_source.html
fuse-3.17.3/doc/html/fuse-3_817_81-rc0_2example_2cuse_8c_source.html
fuse-3.17.3/doc/html/example_2cuse__client_8c_source.html
fuse-3.17.3/doc/html/fuse-3_817_81-rc0_2example_2cuse__client_8c_source.html
fuse-3.17.3/doc/html/example_2hello_8c_source.html
fuse-3.17.3/doc/html/fuse-3_817_81-rc0_2example_2hello_8c_source.html
fuse-3.17.3/doc/html/example_2hello__ll_8c_source.html
fuse-3.17.3/doc/html/fuse-3_817_81-rc0_2example_2hello__ll_8c_source.html
fuse-3.17.3/doc/html/example_2hello__ll__uds_8c_source.html
fuse-3.17.3/doc/html/fuse-3_817_81-rc0_2example_2hello__ll__uds_8c_source.html
fuse-3.17.3/doc/html/example_2invalidate__path_8c_source.html
fuse-3.17.3/doc/html/fuse-3_817_81-rc0_2example_2invalidate__path_8c_source.html
fuse-3.17.3/doc/html/example_2ioctl_8c_source.html
fuse-3.17.3/doc/html/fuse-3_817_81-rc0_2example_2ioctl_8c_source.html
fuse-3.17.3/doc/html/example_2ioctl_8h_source.html
fuse-3.17.3/doc/html/fuse-3_817_81-rc0_2example_2ioctl_8h_source.html
fuse-3.17.3/doc/html/example_2ioctl__client_8c_source.html
fuse-3.17.3/doc/html/fuse-3_817_81-rc0_2example_2ioctl__client_8c_source.html
fuse-3.17.3/doc/html/example_2notify__inval__entry_8c_source.html
fuse-3.17.3/doc/html/fuse-3_817_81-rc0_2example_2notify__inval__entry_8c_source.html
fuse-3.17.3/doc/html/example_2notify__inval__inode_8c_source.html
fuse-3.17.3/doc/html/fuse-3_817_81-rc0_2example_2notify__inval__inode_8c_source.html
fuse-3.17.3/doc/html/example_2notify__store__retrieve_8c_source.html
fuse-3.17.3/doc/html/fuse-3_817_81-rc0_2example_2notify__store__retrieve_8c_source.html
fuse-3.17.3/doc/html/example_2null_8c_source.html
fuse-3.17.3/doc/html/fuse-3_817_81-rc0_2example_2null_8c_source.html
fuse-3.17.3/doc/html/example_2passthrough_8c_source.html
fuse-3.17.3/doc/html/fuse-3_817_81-rc0_2example_2passthrough_8c_source.html
fuse-3.17.3/doc/html/example_2passthrough__fh_8c_source.html
fuse-3.17.3/doc/html/fuse-3_817_81-rc0_2example_2passthrough__fh_8c_source.html
fuse-3.17.3/doc/html/example_2passthrough__helpers_8h_source.html
fuse-3.17.3/doc/html/fuse-3_817_81-rc0_2example_2passthrough__helpers_8h_source.html
fuse-3.17.3/doc/html/example_2passthrough__ll_8c_source.html
fuse-3.17.3/doc/html/fuse-3_817_81-rc0_2example_2passthrough__ll_8c_source.html
fuse-3.17.3/doc/html/example_2poll_8c_source.html
fuse-3.17.3/doc/html/fuse-3_817_81-rc0_2example_2poll_8c_source.html
fuse-3.17.3/doc/html/example_2poll__client_8c_source.html
fuse-3.17.3/doc/html/fuse-3_817_81-rc0_2example_2poll__client_8c_source.html
fuse-3.17.3/doc/html/example_2printcap_8c_source.html
fuse-3.17.3/doc/html/fuse-3_817_81-rc0_2example_2printcap_8c_source.html
fuse-3.17.3/doc/html/fuse-3_817_81-rc0_2include_2cuse__lowlevel_8h_source.html
fuse-3.17.3/doc/html/include_2cuse__lowlevel_8h_source.html
fuse-3.17.3/doc/html/fuse-3_817_81-rc0_2include_2fuse_8h_source.html
fuse-3.17.3/doc/html/include_2fuse_8h_source.html
fuse-3.17.3/doc/html/fuse-3_817_81-rc0_2include_2fuse__common_8h_source.html
fuse-3.17.3/doc/html/include_2fuse__common_8h_source.html
fuse-3.17.3/doc/html/fuse-3_817_81-rc0_2include_2fuse__kernel_8h_source.html
fuse-3.17.3/doc/html/include_2fuse__kernel_8h_source.html
fuse-3.17.3/doc/html/fuse-3_817_81-rc0_2include_2fuse__log_8h_source.html
fuse-3.17.3/doc/html/include_2fuse__log_8h_source.html
fuse-3.17.3/doc/html/fuse-3_817_81-rc0_2include_2fuse__lowlevel_8h_source.html
fuse-3.17.3/doc/html/include_2fuse__lowlevel_8h_source.html
fuse-3.17.3/doc/html/fuse-3_817_81-rc0_2include_2fuse__mount__compat_8h_source.html
fuse-3.17.3/doc/html/include_2fuse__mount__compat_8h_source.html
fuse-3.17.3/doc/html/fuse-3_817_81-rc0_2include_2fuse__opt_8h_source.html
fuse-3.17.3/doc/html/include_2fuse__opt_8h_source.html
fuse-3.17.3/doc/html/fuse-3_817_81-rc0_2lib_2buffer_8c_source.html
fuse-3.17.3/doc/html/lib_2buffer_8c_source.html
fuse-3.17.3/doc/html/fuse-3_817_81-rc0_2lib_2compat_8c_source.html
fuse-3.17.3/doc/html/lib_2compat_8c_source.html
fuse-3.17.3/doc/html/fuse-3_817_81-rc0_2lib_2cuse__lowlevel_8c_source.html
fuse-3.17.3/doc/html/lib_2cuse__lowlevel_8c_source.html
fuse-3.17.3/doc/html/fuse-3_817_81-rc0_2lib_2fuse_8c_source.html
fuse-3.17.3/doc/html/lib_2fuse_8c_source.html
fuse-3.17.3/doc/html/fuse-3_817_81-rc0_2lib_2fuse__i_8h_source.html
fuse-3.17.3/doc/html/lib_2fuse__i_8h_source.html
fuse-3.17.3/doc/html/fuse-3_817_81-rc0_2lib_2fuse__log_8c_source.html
fuse-3.17.3/doc/html/lib_2fuse__log_8c_source.html
fuse-3.17.3/doc/html/fuse-3_817_81-rc0_2lib_2fuse__loop_8c_source.html
fuse-3.17.3/doc/html/lib_2fuse__loop_8c_source.html
fuse-3.17.3/doc/html/fuse-3_817_81-rc0_2lib_2fuse__loop__mt_8c_source.html
fuse-3.17.3/doc/html/lib_2fuse__loop__mt_8c_source.html
fuse-3.17.3/doc/html/fuse-3_817_81-rc0_2lib_2fuse__lowlevel_8c_source.html
fuse-3.17.3/doc/html/lib_2fuse__lowlevel_8c_source.html
fuse-3.17.3/doc/html/fuse-3_817_81-rc0_2lib_2fuse__misc_8h_source.html
fuse-3.17.3/doc/html/lib_2fuse__misc_8h_source.html
fuse-3.17.3/doc/html/fuse-3_817_81-rc0_2lib_2fuse__opt_8c_source.html
fuse-3.17.3/doc/html/lib_2fuse__opt_8c_source.html
fuse-3.17.3/doc/html/fuse-3_817_81-rc0_2lib_2fuse__signals_8c_source.html
fuse-3.17.3/doc/html/lib_2fuse__signals_8c_source.html
fuse-3.17.3/doc/html/fuse-3_817_81-rc0_2lib_2helper_8c_source.html
fuse-3.17.3/doc/html/lib_2helper_8c_source.html
fuse-3.17.3/doc/html/fuse-3_817_81-rc0_2lib_2modules_2iconv_8c_source.html
fuse-3.17.3/doc/html/lib_2modules_2iconv_8c_source.html
fuse-3.17.3/doc/html/fuse-3_817_81-rc0_2lib_2modules_2subdir_8c_source.html
fuse-3.17.3/doc/html/lib_2modules_2subdir_8c_source.html
fuse-3.17.3/doc/html/fuse-3_817_81-rc0_2lib_2mount_8c_source.html
fuse-3.17.3/doc/html/lib_2mount_8c_source.html
fuse-3.17.3/doc/html/fuse-3_817_81-rc0_2lib_2mount__bsd_8c_source.html
fuse-3.17.3/doc/html/lib_2mount__bsd_8c_source.html
fuse-3.17.3/doc/html/fuse-3_817_81-rc0_2lib_2mount__util_8c_source.html
fuse-3.17.3/doc/html/lib_2mount__util_8c_source.html
fuse-3.17.3/doc/html/fuse-3_817_81-rc0_2lib_2mount__util_8h_source.html
fuse-3.17.3/doc/html/lib_2mount__util_8h_source.html
fuse-3.17.3/doc/html/fuse-3_817_81-rc0_2lib_2util_8c_source.html
fuse-3.17.3/doc/html/lib_2util_8c_source.html
fuse-3.17.3/doc/html/fuse-3_817_81-rc0_2lib_2util_8h_source.html
fuse-3.17.3/doc/html/lib_2util_8h_source.html
fuse-3.17.3/doc/html/fuse-3_817_81-rc0_2test_2readdir__inode_8c_source.html
fuse-3.17.3/doc/html/test_2readdir__inode_8c_source.html
fuse-3.17.3/doc/html/fuse-3_817_81-rc0_2test_2release__unlink__race_8c_source.html
fuse-3.17.3/doc/html/test_2release__unlink__race_8c_source.html
fuse-3.17.3/doc/html/fuse-3_817_81-rc0_2test_2stracedecode_8c_source.html
fuse-3.17.3/doc/html/test_2stracedecode_8c_source.html
fuse-3.17.3/doc/html/fuse-3_817_81-rc0_2test_2test__setattr_8c_source.html
fuse-3.17.3/doc/html/test_2test__setattr_8c_source.html
fuse-3.17.3/doc/html/fuse-3_817_81-rc0_2test_2test__syscalls_8c_source.html
fuse-3.17.3/doc/html/test_2test__syscalls_8c_source.html
fuse-3.17.3/doc/html/fuse-3_817_81-rc0_2test_2test__write__cache_8c_source.html
fuse-3.17.3/doc/html/test_2test__write__cache_8c_source.html
fuse-3.17.3/doc/html/fuse-3_817_81-rc0_2test_2wrong__command_8c_source.html
fuse-3.17.3/doc/html/test_2wrong__command_8c_source.html
fuse-3.17.3/doc/html/fuse-3_817_81-rc0_2util_2fusermount_8c_source.html
fuse-3.17.3/doc/html/util_2fusermount_8c_source.html
fuse-3.17.3/doc/html/fuse-3_817_81-rc0_2util_2mount_8fuse_8c_source.html
fuse-3.17.3/doc/html/util_2mount_8fuse_8c_source.html
fuse-3.17.3/doc/html/example_2cuse_8c.html
fuse-3.17.3/doc/html/fuse-3_817_81-rc0_2example_2cuse_8c.html
fuse-3.17.3/doc/html/example_2cuse__client_8c.html
fuse-3.17.3/doc/html/fuse-3_817_81-rc0_2example_2cuse__client_8c.html
fuse-3.17.3/doc/html/example_2hello_8c.html
fuse-3.17.3/doc/html/fuse-3_817_81-rc0_2example_2hello_8c.html
fuse-3.17.3/doc/html/example_2hello__ll_8c.html
fuse-3.17.3/doc/html/fuse-3_817_81-rc0_2example_2hello__ll_8c.html
fuse-3.17.3/doc/html/example_2hello__ll__uds_8c.html
fuse-3.17.3/doc/html/fuse-3_817_81-rc0_2example_2hello__ll__uds_8c.html
fuse-3.17.3/doc/html/example_2invalidate__path_8c.html
fuse-3.17.3/doc/html/fuse-3_817_81-rc0_2example_2invalidate__path_8c.html
fuse-3.17.3/doc/html/example_2ioctl_8c.html
fuse-3.17.3/doc/html/fuse-3_817_81-rc0_2example_2ioctl_8c.html
fuse-3.17.3/doc/html/example_2ioctl_8h.html
fuse-3.17.3/doc/html/fuse-3_817_81-rc0_2example_2ioctl_8h.html
fuse-3.17.3/doc/html/example_2ioctl__client_8c.html
fuse-3.17.3/doc/html/fuse-3_817_81-rc0_2example_2ioctl__client_8c.html
fuse-3.17.3/doc/html/example_2notify__inval__entry_8c.html
fuse-3.17.3/doc/html/fuse-3_817_81-rc0_2example_2notify__inval__entry_8c.html
fuse-3.17.3/doc/html/example_2notify__inval__inode_8c.html
fuse-3.17.3/doc/html/fuse-3_817_81-rc0_2example_2notify__inval__inode_8c.html
fuse-3.17.3/doc/html/example_2notify__store__retrieve_8c.html
fuse-3.17.3/doc/html/fuse-3_817_81-rc0_2example_2notify__store__retrieve_8c.html
fuse-3.17.3/doc/html/example_2null_8c.html
fuse-3.17.3/doc/html/fuse-3_817_81-rc0_2example_2null_8c.html
fuse-3.17.3/doc/html/example_2passthrough_8c.html
fuse-3.17.3/doc/html/fuse-3_817_81-rc0_2example_2passthrough_8c.html
fuse-3.17.3/doc/html/example_2passthrough__fh_8c.html
fuse-3.17.3/doc/html/fuse-3_817_81-rc0_2example_2passthrough__fh_8c.html
fuse-3.17.3/doc/html/example_2passthrough__ll_8c.html
fuse-3.17.3/doc/html/fuse-3_817_81-rc0_2example_2passthrough__ll_8c.html
fuse-3.17.3/doc/html/example_2poll_8c.html
fuse-3.17.3/doc/html/fuse-3_817_81-rc0_2example_2poll_8c.html
fuse-3.17.3/doc/html/example_2poll__client_8c.html
fuse-3.17.3/doc/html/fuse-3_817_81-rc0_2example_2poll__client_8c.html
fuse-3.17.3/doc/html/example_2printcap_8c.html
fuse-3.17.3/doc/html/fuse-3_817_81-rc0_2example_2printcap_8c.html
fuse-3.17.3/doc/html/fuse-3_817_81-rc0_2include_2fuse_8h.html
fuse-3.17.3/doc/html/include_2fuse_8h.html
fuse-3.17.3/doc/html/fuse-3_817_81-rc0_2include_2fuse__common_8h.html
fuse-3.17.3/doc/html/include_2fuse__common_8h.html
fuse-3.17.3/doc/html/fuse-3_817_81-rc0_2include_2fuse__log_8h.html
fuse-3.17.3/doc/html/include_2fuse__log_8h.html
fuse-3.17.3/doc/html/fuse-3_817_81-rc0_2include_2fuse__lowlevel_8h.html
fuse-3.17.3/doc/html/include_2fuse__lowlevel_8h.html
fuse-3.17.3/doc/html/fuse-3_817_81-rc0_2include_2fuse__opt_8h.html
fuse-3.17.3/doc/html/include_2fuse__opt_8h.html
fuse-3.17.3/doc/html/dir_75ac0186611fae93a0a2599fafee7b59.html
fuse-3.17.3/doc/html/dir_d66497626fcb891eefdcc285752aeb54.html
fuse-3.17.3/doc/html/dir_d0f078c01bc3ce273c081eaac57e44d3.html
fuse-3.17.3/doc/html/dir_8e4bcc66b5040e6cd82b8756da72da10.html
fuse-3.17.3/doc/html/dir_1dfeff730c7aaf81ae73022af75d725f.html
fuse-3.17.3/doc/html/dir_d7aafa31aa39c71b1ecb09f780e2341f.html
fuse-3.17.3/doc/html/dir_acab6aac461847b02973b7a47d1d14e5.html
fuse-3.17.3/doc/html/dir_b103db43dffcdee3de8bd6a6d79f8618.html
fuse-3.17.3/doc/html/build-ubuntu_2fuse__config_8h_source.html
fuse-3.17.3/doc/html/fuse-3_817_81-rc0_2build_2fuse__config_8h_source.html
fuse-3.17.3/doc/html/build-ubuntu_2libfuse__config_8h_source.html
fuse-3.17.3/doc/html/fuse-3_817_81-rc0_2build_2libfuse__config_8h_source.html
fuse-3.17.3/doc/html/fuse-3_817_81-rc0_2build_2meson-private_2sanitycheckc_8c_source.html
fuse-3.17.3/doc/html/dir_2ee0fcdc098dd79f81f9944140524a5f.html
fuse-3.17.3/doc/html/dir_de142c35e6fa30e4531b188c66688c85.html
fuse-3.17.3/doc/html/fuse-3_817_81-rc1_2example_2cuse_8c_source.html
fuse-3.17.3/doc/html/fuse-3_817_81-rc1_2example_2cuse__client_8c_source.html
fuse-3.17.3/doc/html/fuse-3_817_81-rc1_2example_2hello_8c_source.html
fuse-3.17.3/doc/html/fuse-3_817_81-rc1_2example_2hello__ll_8c_source.html
fuse-3.17.3/doc/html/fuse-3_817_81-rc1_2example_2hello__ll__uds_8c_source.html
fuse-3.17.3/doc/html/fuse-3_817_81-rc1_2example_2invalidate__path_8c_source.html
fuse-3.17.3/doc/html/fuse-3_817_81-rc1_2example_2ioctl_8c_source.html
fuse-3.17.3/doc/html/fuse-3_817_81-rc1_2example_2ioctl_8h_source.html
fuse-3.17.3/doc/html/fuse-3_817_81-rc1_2example_2ioctl__client_8c_source.html
fuse-3.17.3/doc/html/fuse-3_817_81-rc1_2example_2notify__inval__entry_8c_source.html
fuse-3.17.3/doc/html/fuse-3_817_81-rc1_2example_2notify__inval__inode_8c_source.html
fuse-3.17.3/doc/html/fuse-3_817_81-rc1_2example_2notify__store__retrieve_8c_source.html
fuse-3.17.3/doc/html/fuse-3_817_81-rc1_2example_2null_8c_source.html
fuse-3.17.3/doc/html/fuse-3_817_81-rc1_2example_2passthrough_8c_source.html
fuse-3.17.3/doc/html/fuse-3_817_81-rc1_2example_2passthrough__fh_8c_source.html
fuse-3.17.3/doc/html/fuse-3_817_81-rc1_2example_2passthrough__helpers_8h_source.html
fuse-3.17.3/doc/html/fuse-3_817_81-rc1_2example_2passthrough__ll_8c_source.html
fuse-3.17.3/doc/html/fuse-3_817_81-rc1_2example_2poll_8c_source.html
fuse-3.17.3/doc/html/fuse-3_817_81-rc1_2example_2poll__client_8c_source.html
fuse-3.17.3/doc/html/fuse-3_817_81-rc1_2example_2printcap_8c_source.html
fuse-3.17.3/doc/html/fuse-3_817_81-rc1_2include_2cuse__lowlevel_8h_source.html
fuse-3.17.3/doc/html/fuse-3_817_81-rc1_2include_2fuse_8h_source.html
fuse-3.17.3/doc/html/fuse-3_817_81-rc1_2include_2fuse__common_8h_source.html
fuse-3.17.3/doc/html/fuse-3_817_81-rc1_2include_2fuse__kernel_8h_source.html
fuse-3.17.3/doc/html/fuse-3_817_81-rc1_2include_2fuse__log_8h_source.html
fuse-3.17.3/doc/html/fuse-3_817_81-rc1_2include_2fuse__lowlevel_8h_source.html
fuse-3.17.3/doc/html/fuse-3_817_81-rc1_2include_2fuse__mount__compat_8h_source.html
fuse-3.17.3/doc/html/fuse-3_817_81-rc1_2include_2fuse__opt_8h_source.html
fuse-3.17.3/doc/html/fuse-3_817_81-rc1_2lib_2buffer_8c_source.html
fuse-3.17.3/doc/html/fuse-3_817_81-rc1_2lib_2compat_8c_source.html
fuse-3.17.3/doc/html/fuse-3_817_81-rc1_2lib_2cuse__lowlevel_8c_source.html
fuse-3.17.3/doc/html/fuse-3_817_81-rc1_2lib_2fuse_8c_source.html
fuse-3.17.3/doc/html/fuse-3_817_81-rc1_2lib_2fuse__i_8h_source.html
fuse-3.17.3/doc/html/fuse-3_817_81-rc1_2lib_2fuse__log_8c_source.html
fuse-3.17.3/doc/html/fuse-3_817_81-rc1_2lib_2fuse__loop_8c_source.html
fuse-3.17.3/doc/html/fuse-3_817_81-rc1_2lib_2fuse__loop__mt_8c_source.html
fuse-3.17.3/doc/html/fuse-3_817_81-rc1_2lib_2fuse__lowlevel_8c_source.html
fuse-3.17.3/doc/html/fuse-3_817_81-rc1_2lib_2fuse__misc_8h_source.html
fuse-3.17.3/doc/html/fuse-3_817_81-rc1_2lib_2fuse__opt_8c_source.html
fuse-3.17.3/doc/html/fuse-3_817_81-rc1_2lib_2fuse__signals_8c_source.html
fuse-3.17.3/doc/html/fuse-3_817_81-rc1_2lib_2helper_8c_source.html
fuse-3.17.3/doc/html/fuse-3_817_81-rc1_2lib_2modules_2iconv_8c_source.html
fuse-3.17.3/doc/html/fuse-3_817_81-rc1_2lib_2modules_2subdir_8c_source.html
fuse-3.17.3/doc/html/fuse-3_817_81-rc1_2lib_2mount_8c_source.html
fuse-3.17.3/doc/html/fuse-3_817_81-rc1_2lib_2mount__bsd_8c_source.html
fuse-3.17.3/doc/html/fuse-3_817_81-rc1_2lib_2mount__util_8c_source.html
fuse-3.17.3/doc/html/fuse-3_817_81-rc1_2lib_2mount__util_8h_source.html
fuse-3.17.3/doc/html/fuse-3_817_81-rc1_2lib_2util_8c_source.html
fuse-3.17.3/doc/html/fuse-3_817_81-rc1_2lib_2util_8h_source.html
fuse-3.17.3/doc/html/fuse-3_817_81-rc1_2test_2readdir__inode_8c_source.html
fuse-3.17.3/doc/html/fuse-3_817_81-rc1_2test_2release__unlink__race_8c_source.html
fuse-3.17.3/doc/html/fuse-3_817_81-rc1_2test_2stracedecode_8c_source.html
fuse-3.17.3/doc/html/fuse-3_817_81-rc1_2test_2test__setattr_8c_source.html
fuse-3.17.3/doc/html/fuse-3_817_81-rc1_2test_2test__syscalls_8c_source.html
fuse-3.17.3/doc/html/fuse-3_817_81-rc1_2test_2test__write__cache_8c_source.html
fuse-3.17.3/doc/html/fuse-3_817_81-rc1_2test_2wrong__command_8c_source.html
fuse-3.17.3/doc/html/fuse-3_817_81-rc1_2util_2fusermount_8c_source.html
fuse-3.17.3/doc/html/fuse-3_817_81-rc1_2util_2mount_8fuse_8c_source.html
fuse-3.17.3/doc/html/fuse-3_817_81-rc1_2example_2cuse_8c.html
fuse-3.17.3/doc/html/fuse-3_817_81-rc1_2example_2cuse__client_8c.html
fuse-3.17.3/doc/html/fuse-3_817_81-rc1_2example_2hello_8c.html
fuse-3.17.3/doc/html/fuse-3_817_81-rc1_2example_2hello__ll_8c.html
fuse-3.17.3/doc/html/fuse-3_817_81-rc1_2example_2hello__ll__uds_8c.html
fuse-3.17.3/doc/html/fuse-3_817_81-rc1_2example_2invalidate__path_8c.html
fuse-3.17.3/doc/html/fuse-3_817_81-rc1_2example_2ioctl_8c.html
fuse-3.17.3/doc/html/fuse-3_817_81-rc1_2example_2ioctl_8h.html
fuse-3.17.3/doc/html/fuse-3_817_81-rc1_2example_2ioctl__client_8c.html
fuse-3.17.3/doc/html/fuse-3_817_81-rc1_2example_2notify__inval__entry_8c.html
fuse-3.17.3/doc/html/fuse-3_817_81-rc1_2example_2notify__inval__inode_8c.html
fuse-3.17.3/doc/html/fuse-3_817_81-rc1_2example_2notify__store__retrieve_8c.html
fuse-3.17.3/doc/html/fuse-3_817_81-rc1_2example_2null_8c.html
fuse-3.17.3/doc/html/fuse-3_817_81-rc1_2example_2passthrough_8c.html
fuse-3.17.3/doc/html/fuse-3_817_81-rc1_2example_2passthrough__fh_8c.html
fuse-3.17.3/doc/html/fuse-3_817_81-rc1_2example_2passthrough__ll_8c.html
fuse-3.17.3/doc/html/fuse-3_817_81-rc1_2example_2poll_8c.html
fuse-3.17.3/doc/html/fuse-3_817_81-rc1_2example_2poll__client_8c.html
fuse-3.17.3/doc/html/fuse-3_817_81-rc1_2example_2printcap_8c.html
fuse-3.17.3/doc/html/fuse-3_817_81-rc1_2include_2fuse_8h.html
fuse-3.17.3/doc/html/fuse-3_817_81-rc1_2include_2fuse__common_8h.html
fuse-3.17.3/doc/html/fuse-3_817_81-rc1_2include_2fuse__log_8h.html
fuse-3.17.3/doc/html/fuse-3_817_81-rc1_2include_2fuse__lowlevel_8h.html
fuse-3.17.3/doc/html/fuse-3_817_81-rc1_2include_2fuse__opt_8h.html
fuse-3.17.3/doc/html/dir_3f3840dea793d3e59c45e9730587a31c.html
fuse-3.17.3/doc/html/dir_a9479a6a9e1f41fd821cf4117f966d1e.html
fuse-3.17.3/doc/html/dir_7c10f509f528fa84faee6538d3d65d31.html
fuse-3.17.3/doc/html/dir_0dc60d031bb972b0c2e26fefb85d65c3.html
fuse-3.17.3/doc/html/dir_9ce3b66b67a1b1b09c830f7629696f5b.html
fuse-3.17.3/doc/html/dir_3bd2abc0f0eca4df2097a8b21b48c13b.html
fuse-3.17.3/doc/html/dir_e0b70151b30581f59638c2f3a5122668.html
fuse-3.17.3/doc/html/dir_a8feaf0c066680727663edb1c44e1229.html
fuse-3.17.3/doc/html/test__want__conversion_8c_source.html
fuse-3.17.3/doc/html/fuse-3_817_81_8dir_2build_2fuse__config_8h_source.html
fuse-3.17.3/doc/html/fuse-3_817_81_8dir_2build_2libfuse__config_8h_source.html
fuse-3.17.3/doc/html/fuse-3_817_81_8dir_2build_2meson-private_2sanitycheckc_8c_source.html
fuse-3.17.3/doc/html/fuse-3_817_81_8dir_2example_2cuse_8c_source.html
fuse-3.17.3/doc/html/fuse-3_817_81_8dir_2example_2cuse__client_8c_source.html
fuse-3.17.3/doc/html/fuse-3_817_81_8dir_2example_2hello_8c_source.html
fuse-3.17.3/doc/html/test_2hello_8c_source.html
fuse-3.17.3/doc/html/fuse-3_817_81_8dir_2example_2hello__ll_8c_source.html
fuse-3.17.3/doc/html/fuse-3_817_81_8dir_2example_2hello__ll__uds_8c_source.html
fuse-3.17.3/doc/html/fuse-3_817_81_8dir_2example_2invalidate__path_8c_source.html
fuse-3.17.3/doc/html/fuse-3_817_81_8dir_2example_2ioctl_8c_source.html
fuse-3.17.3/doc/html/fuse-3_817_81_8dir_2example_2ioctl_8h_source.html
fuse-3.17.3/doc/html/fuse-3_817_81_8dir_2example_2ioctl__client_8c_source.html
fuse-3.17.3/doc/html/fuse-3_817_81_8dir_2example_2notify__inval__entry_8c_source.html
fuse-3.17.3/doc/html/fuse-3_817_81_8dir_2example_2notify__inval__inode_8c_source.html
fuse-3.17.3/doc/html/fuse-3_817_81_8dir_2example_2notify__store__retrieve_8c_source.html
fuse-3.17.3/doc/html/fuse-3_817_81_8dir_2example_2null_8c_source.html
fuse-3.17.3/doc/html/fuse-3_817_81_8dir_2example_2passthrough_8c_source.html
fuse-3.17.3/doc/html/fuse-3_817_81_8dir_2example_2passthrough__fh_8c_source.html
fuse-3.17.3/doc/html/fuse-3_817_81_8dir_2example_2passthrough__helpers_8h_source.html
fuse-3.17.3/doc/html/fuse-3_817_81_8dir_2example_2passthrough__ll_8c_source.html
fuse-3.17.3/doc/html/fuse-3_817_81_8dir_2example_2poll_8c_source.html
fuse-3.17.3/doc/html/fuse-3_817_81_8dir_2example_2poll__client_8c_source.html
fuse-3.17.3/doc/html/fuse-3_817_81_8dir_2example_2printcap_8c_source.html
fuse-3.17.3/doc/html/fuse-3_817_81_8dir_2include_2cuse__lowlevel_8h_source.html
fuse-3.17.3/doc/html/fuse-3_817_81_8dir_2include_2fuse_8h_source.html
fuse-3.17.3/doc/html/fuse-3_817_81_8dir_2include_2fuse__common_8h_source.html
fuse-3.17.3/doc/html/fuse-3_817_81_8dir_2include_2fuse__kernel_8h_source.html
fuse-3.17.3/doc/html/fuse-3_817_81_8dir_2include_2fuse__log_8h_source.html
fuse-3.17.3/doc/html/fuse-3_817_81_8dir_2include_2fuse__lowlevel_8h_source.html
fuse-3.17.3/doc/html/fuse-3_817_81_8dir_2include_2fuse__mount__compat_8h_source.html
fuse-3.17.3/doc/html/fuse-3_817_81_8dir_2include_2fuse__opt_8h_source.html
fuse-3.17.3/doc/html/fuse-3_817_81_8dir_2lib_2buffer_8c_source.html
fuse-3.17.3/doc/html/fuse-3_817_81_8dir_2lib_2compat_8c_source.html
fuse-3.17.3/doc/html/fuse-3_817_81_8dir_2lib_2cuse__lowlevel_8c_source.html
fuse-3.17.3/doc/html/fuse-3_817_81_8dir_2lib_2fuse_8c_source.html
fuse-3.17.3/doc/html/fuse-3_817_81_8dir_2lib_2fuse__i_8h_source.html
fuse-3.17.3/doc/html/fuse-3_817_81_8dir_2lib_2fuse__log_8c_source.html
fuse-3.17.3/doc/html/fuse-3_817_81_8dir_2lib_2fuse__loop_8c_source.html
fuse-3.17.3/doc/html/fuse-3_817_81_8dir_2lib_2fuse__loop__mt_8c_source.html
fuse-3.17.3/doc/html/fuse-3_817_81_8dir_2lib_2fuse__lowlevel_8c_source.html
fuse-3.17.3/doc/html/fuse-3_817_81_8dir_2lib_2fuse__misc_8h_source.html
fuse-3.17.3/doc/html/fuse-3_817_81_8dir_2lib_2fuse__opt_8c_source.html
fuse-3.17.3/doc/html/fuse-3_817_81_8dir_2lib_2fuse__signals_8c_source.html
fuse-3.17.3/doc/html/fuse-3_817_81_8dir_2lib_2helper_8c_source.html
fuse-3.17.3/doc/html/fuse-3_817_81_8dir_2lib_2modules_2iconv_8c_source.html
fuse-3.17.3/doc/html/fuse-3_817_81_8dir_2lib_2modules_2subdir_8c_source.html
fuse-3.17.3/doc/html/fuse-3_817_81_8dir_2lib_2mount_8c_source.html
fuse-3.17.3/doc/html/fuse-3_817_81_8dir_2lib_2mount__bsd_8c_source.html
fuse-3.17.3/doc/html/fuse-3_817_81_8dir_2lib_2mount__util_8c_source.html
fuse-3.17.3/doc/html/fuse-3_817_81_8dir_2lib_2mount__util_8h_source.html
fuse-3.17.3/doc/html/fuse-3_817_81_8dir_2lib_2util_8c_source.html
fuse-3.17.3/doc/html/fuse-3_817_81_8dir_2lib_2util_8h_source.html
fuse-3.17.3/doc/html/fuse-3_817_81_8dir_2test_2readdir__inode_8c_source.html
fuse-3.17.3/doc/html/fuse-3_817_81_8dir_2test_2release__unlink__race_8c_source.html
fuse-3.17.3/doc/html/fuse-3_817_81_8dir_2test_2stracedecode_8c_source.html
fuse-3.17.3/doc/html/fuse-3_817_81_8dir_2test_2test__setattr_8c_source.html
fuse-3.17.3/doc/html/fuse-3_817_81_8dir_2test_2test__syscalls_8c_source.html
fuse-3.17.3/doc/html/fuse-3_817_81_8dir_2test_2test__want__conversion_8c_source.html
fuse-3.17.3/doc/html/test_2test__want__conversion_8c_source.html
fuse-3.17.3/doc/html/fuse-3_817_81_8dir_2test_2test__write__cache_8c_source.html
fuse-3.17.3/doc/html/fuse-3_817_81_8dir_2test_2wrong__command_8c_source.html
fuse-3.17.3/doc/html/fuse-3_817_81_8dir_2util_2fusermount_8c_source.html
fuse-3.17.3/doc/html/fuse-3_817_81_8dir_2util_2mount_8fuse_8c_source.html
fuse-3.17.3/doc/html/fuse-3_817_81_8dir_2example_2cuse_8c.html
fuse-3.17.3/doc/html/fuse-3_817_81_8dir_2example_2cuse__client_8c.html
fuse-3.17.3/doc/html/fuse-3_817_81_8dir_2example_2hello_8c.html
fuse-3.17.3/doc/html/test_2hello_8c.html
fuse-3.17.3/doc/html/fuse-3_817_81_8dir_2example_2hello__ll_8c.html
fuse-3.17.3/doc/html/fuse-3_817_81_8dir_2example_2hello__ll__uds_8c.html
fuse-3.17.3/doc/html/fuse-3_817_81_8dir_2example_2invalidate__path_8c.html
fuse-3.17.3/doc/html/fuse-3_817_81_8dir_2example_2ioctl_8c.html
fuse-3.17.3/doc/html/fuse-3_817_81_8dir_2example_2ioctl_8h.html
fuse-3.17.3/doc/html/fuse-3_817_81_8dir_2example_2ioctl__client_8c.html
fuse-3.17.3/doc/html/fuse-3_817_81_8dir_2example_2notify__inval__entry_8c.html
fuse-3.17.3/doc/html/fuse-3_817_81_8dir_2example_2notify__inval__inode_8c.html
fuse-3.17.3/doc/html/fuse-3_817_81_8dir_2example_2notify__store__retrieve_8c.html
fuse-3.17.3/doc/html/fuse-3_817_81_8dir_2example_2null_8c.html
fuse-3.17.3/doc/html/fuse-3_817_81_8dir_2example_2passthrough_8c.html
fuse-3.17.3/doc/html/fuse-3_817_81_8dir_2example_2passthrough__fh_8c.html
fuse-3.17.3/doc/html/fuse-3_817_81_8dir_2example_2passthrough__ll_8c.html
fuse-3.17.3/doc/html/fuse-3_817_81_8dir_2example_2poll_8c.html
fuse-3.17.3/doc/html/fuse-3_817_81_8dir_2example_2poll__client_8c.html
fuse-3.17.3/doc/html/fuse-3_817_81_8dir_2example_2printcap_8c.html
fuse-3.17.3/doc/html/fuse-3_817_81_8dir_2include_2fuse_8h.html
fuse-3.17.3/doc/html/fuse-3_817_81_8dir_2include_2fuse__common_8h.html
fuse-3.17.3/doc/html/fuse-3_817_81_8dir_2include_2fuse__log_8h.html
fuse-3.17.3/doc/html/fuse-3_817_81_8dir_2include_2fuse__lowlevel_8h.html
fuse-3.17.3/doc/html/fuse-3_817_81_8dir_2include_2fuse__opt_8h.html
fuse-3.17.3/doc/html/dir_afd1a5f89d59cae8c3bf3e89c0f7b45e.html
fuse-3.17.3/doc/html/dir_9e890e4e051b7ad89260eb605ee3a3c0.html
fuse-3.17.3/doc/html/dir_8e18dfdf7be85b959157088a64d07c40.html
fuse-3.17.3/doc/html/dir_d726b7599710abf1b6039c9dcf7cf687.html
fuse-3.17.3/doc/html/dir_cb081b49593532e6f6dadd15ccd82ab4.html
fuse-3.17.3/doc/html/dir_398a6172cfdb51678e55b54be73d5fa5.html
fuse-3.17.3/doc/html/dir_a58186fda3c587e14871c11a193bc78f.html
fuse-3.17.3/doc/html/dir_71fd611d49b15b397aa830250b7fdc25.html
fuse-3.17.3/doc/html/dir_db9b1b9045937e68e72f268df7b71cec.html
fuse-3.17.3/doc/html/dir_a320cda2ad42f6d84fc7a0968b7fa58c.html
fuse-3.17.3/doc/html/CMakeCCompilerId_8c_source.html
fuse-3.17.3/doc/html/dir_d36885e8a4d28c69638d95f02cc75c79.html
fuse-3.17.3/doc/html/dir_2291ae994468acbf5891e0d9359a489a.html
fuse-3.17.3/doc/html/dir_05709747365bfe4dc3a56042978204c1.html
fuse-3.17.3/doc/html/dir_6d3ec57eb1606b3e4fa5b12d5dda4461.html
fuse-3.17.3/example/
fuse-3.17.3/example/cuse.c
fuse-3.17.3/example/cuse_client.c
fuse-3.17.3/example/cxxopts.hpp
fuse-3.17.3/example/hello.c
fuse-3.17.3/example/hello_ll.c
fuse-3.17.3/example/hello_ll_uds.c
fuse-3.17.3/example/invalidate_path.c
fuse-3.17.3/example/ioctl.c
fuse-3.17.3/example/ioctl.h
fuse-3.17.3/example/ioctl_client.c
fuse-3.17.3/example/memfs_ll.cc
fuse-3.17.3/example/meson.build
fuse-3.17.3/example/notify_inval_entry.c
fuse-3.17.3/example/notify_inval_inode.c
fuse-3.17.3/example/notify_store_retrieve.c
fuse-3.17.3/example/null.c
fuse-3.17.3/example/passthrough.c
fuse-3.17.3/example/passthrough_fh.c
fuse-3.17.3/example/passthrough_helpers.h
fuse-3.17.3/example/passthrough_hp.cc
fuse-3.17.3/example/passthrough_ll.c
fuse-3.17.3/example/poll.c
fuse-3.17.3/example/poll_client.c
fuse-3.17.3/example/printcap.c
fuse-3.17.3/include/
fuse-3.17.3/include/cuse_lowlevel.h
fuse-3.17.3/include/fuse.h
fuse-3.17.3/include/fuse_common.h
fuse-3.17.3/include/fuse_kernel.h
fuse-3.17.3/include/fuse_log.h
fuse-3.17.3/include/fuse_lowlevel.h
fuse-3.17.3/include/fuse_mount_compat.h
fuse-3.17.3/include/fuse_opt.h
fuse-3.17.3/include/meson.build
fuse-3.17.3/lib/
fuse-3.17.3/lib/buffer.c
fuse-3.17.3/lib/compat.c
fuse-3.17.3/lib/cuse_lowlevel.c
fuse-3.17.3/lib/fuse.c
fuse-3.17.3/lib/fuse_i.h
fuse-3.17.3/lib/fuse_log.c
fuse-3.17.3/lib/fuse_loop.c
fuse-3.17.3/lib/fuse_loop_mt.c
fuse-3.17.3/lib/fuse_lowlevel.c
fuse-3.17.3/lib/fuse_misc.h
fuse-3.17.3/lib/fuse_opt.c
fuse-3.17.3/lib/fuse_signals.c
fuse-3.17.3/lib/fuse_versionscript
fuse-3.17.3/lib/helper.c
fuse-3.17.3/lib/meson.build
fuse-3.17.3/lib/modules/
fuse-3.17.3/lib/modules/iconv.c
fuse-3.17.3/lib/modules/subdir.c
fuse-3.17.3/lib/mount.c
fuse-3.17.3/lib/mount_bsd.c
fuse-3.17.3/lib/mount_util.c
fuse-3.17.3/lib/mount_util.h
fuse-3.17.3/lib/util.c
fuse-3.17.3/lib/util.h
fuse-3.17.3/meson.build
fuse-3.17.3/meson_options.txt
fuse-3.17.3/requirements.txt
fuse-3.17.3/signify/
fuse-3.17.3/signify/fuse-3.15.pub
fuse-3.17.3/signify/fuse-3.16.pub
fuse-3.17.3/signify/fuse-3.17.pub
fuse-3.17.3/signify/fuse-3.18.pub
fuse-3.17.3/test/
fuse-3.17.3/test/ci-build.sh
fuse-3.17.3/test/conftest.py
fuse-3.17.3/test/hello.c
fuse-3.17.3/test/lsan_suppress.txt
fuse-3.17.3/test/meson.build
fuse-3.17.3/test/pytest.ini
fuse-3.17.3/test/readdir_inode.c
fuse-3.17.3/test/release_unlink_race.c
fuse-3.17.3/test/stracedecode.c
fuse-3.17.3/test/test_ctests.py
fuse-3.17.3/test/test_custom_io.py
fuse-3.17.3/test/test_examples.py
fuse-3.17.3/test/test_setattr.c
fuse-3.17.3/test/test_syscalls.c
fuse-3.17.3/test/test_want_conversion.c
fuse-3.17.3/test/test_write_cache.c
fuse-3.17.3/test/util.py
fuse-3.17.3/test/wrong_command.c
fuse-3.17.3/tsan_suppressions.txt
fuse-3.17.3/util/
fuse-3.17.3/util/fuse.conf
fuse-3.17.3/util/fusermount.c
fuse-3.17.3/util/init_script
fuse-3.17.3/util/install_helper.sh
fuse-3.17.3/util/meson.build
fuse-3.17.3/util/mount.fuse.c
fuse-3.17.3/util/parse-backtrace.sh
fuse-3.17.3/util/udev.rules
fuse-3.17.3/xfstests/
fuse-3.17.3/xfstests/README.md
fuse-3.17.3/xfstests/local.config
fuse-3.17.3/xfstests/mount.fuse.passthrough
The Meson build system
Version: 1.7.0
Source dir: /blfs/builds/fuse-3.17.3
Build dir: /blfs/builds/fuse-3.17.3/build
Build type: native build
Project name: libfuse3
Project version: 3.17.3
C compiler for the host machine: cc (gcc 14.2.0 "cc (GCC) 14.2.0")
C linker for the host machine: cc ld.bfd 2.44
Host machine cpu family: x86_64
Host machine cpu: x86_64
Checking for function "fork" : YES 
Checking for function "fstatat" : YES 
Checking for function "openat" : YES 
Checking for function "readlinkat" : YES 
Checking for function "pipe2" : YES 
Checking for function "splice" : YES 
Checking for function "vmsplice" : YES 
Checking for function "posix_fallocate" : YES 
Checking for function "fdatasync" : YES 
Checking for function "utimensat" : YES 
Checking for function "copy_file_range" : YES 
Checking for function "fallocate" : YES 
Checking if "static_assert check" links: YES 
Checking if "pthread_setname_np check" links: YES 
Checking if "close_range check" links: YES 
Checking for function "setxattr" : YES 
Checking for function "iconv" : YES 
Checking for function "backtrace" : YES 
Checking whether type "struct stat" has member "st_atim" : YES 
Checking whether type "struct stat" has member "st_atimespec" : NO 
Message: Compiler warns about unused result even when casting to void
Message: Enabling versioned libc symbols
Message: Compiler supports symver attribute
Configuring fuse_config.h using configuration
Configuring libfuse_config.h using configuration
Run-time dependency threads found: YES
Library iconv found: NO
Library dl found: YES
Library rt found: YES
Found pkg-config: YES (/usr/bin/pkg-config) 2.5.1
../example/meson.build:34: WARNING: add_languages is missing native:, assuming languages are wanted for both host and build.
C++ compiler for the host machine: c++ (gcc 14.2.0 "c++ (GCC) 14.2.0")
C++ linker for the host machine: c++ ld.bfd 2.44
Build targets in project: 32

libfuse3 3.17.3

  User defined options
    buildtype: release
    prefix   : /usr

Found ninja-1.13.1 at /usr/bin/ninja
[1/81] Compiling C object lib/libfuse3.so.3.17.3.p/compat.c.o
[2/81] Compiling C object lib/libfuse3.so.3.17.3.p/fuse_log.c.o
[3/81] Compiling C object util/fusermount3.p/.._lib_util.c.o
[4/81] Compiling C object lib/libfuse3.so.3.17.3.p/util.c.o
[5/81] Compiling C object lib/libfuse3.so.3.17.3.p/fuse_loop.c.o
[6/81] Compiling C object lib/libfuse3.so.3.17.3.p/fuse_signals.c.o
[7/81] Compiling C object example/hello.p/hello.c.o
[8/81] Compiling C object example/poll_client.p/poll_client.c.o
[9/81] Compiling C object example/ioctl_client.p/ioctl_client.c.o
[10/81] Compiling C object lib/libfuse3.so.3.17.3.p/helper.c.o
[11/81] Compiling C object lib/libfuse3.so.3.17.3.p/cuse_lowlevel.c.o
[12/81] Compiling C object example/printcap.p/printcap.c.o
[13/81] Compiling C object example/hello_ll.p/hello_ll.c.o
[14/81] Compiling C object lib/libfuse3.so.3.17.3.p/buffer.c.o
[15/81] Compiling C object util/fusermount3.p/.._lib_mount_util.c.o
[16/81] Compiling C object lib/libfuse3.so.3.17.3.p/fuse_loop_mt.c.o
[17/81] Compiling C object example/passthrough.p/passthrough.c.o
[18/81] Compiling C object lib/libfuse3.so.3.17.3.p/mount_util.c.o
[19/81] Compiling C object example/passthrough_fh.p/passthrough_fh.c.o
[20/81] Compiling C object lib/libfuse3.so.3.17.3.p/fuse_opt.c.o
[21/81] Compiling C object lib/libfuse3.so.3.17.3.p/mount.c.o
[22/81] Compiling C object example/null.p/null.c.o
[23/81] Compiling C object example/cuse_client.p/cuse_client.c.o
[24/81] Compiling C object example/ioctl.p/ioctl.c.o
[25/81] Compiling C object example/cuse.p/cuse.c.o
[26/81] Compiling C object util/mount.fuse3.p/mount.fuse.c.o
[27/81] Compiling C object lib/libfuse3.so.3.17.3.p/modules_iconv.c.o
[28/81] Compiling C object lib/libfuse3.so.3.17.3.p/modules_subdir.c.o
[29/81] Generating test/test_scripts with a custom command
[30/81] Compiling C object example/notify_inval_inode.p/notify_inval_inode.c.o
[31/81] Compiling C object example/invalidate_path.p/invalidate_path.c.o
[32/81] Compiling C object test/wrong_command.p/wrong_command.c.o
[33/81] Compiling C object example/hello_ll_uds.p/hello_ll_uds.c.o
[34/81] Compiling C object test/readdir_inode.p/readdir_inode.c.o
[35/81] Compiling C object test/test_setattr.p/test_setattr.c.o
[36/81] Compiling C object example/poll.p/poll.c.o
[37/81] Linking target test/wrong_command
[38/81] Compiling C object example/notify_store_retrieve.p/notify_store_retrieve.c.o
[39/81] Linking target test/readdir_inode
[40/81] Compiling C object test/hello.p/hello.c.o
[41/81] Compiling C object example/notify_inval_entry.p/notify_inval_entry.c.o
[42/81] Compiling C object test/release_unlink_race.p/release_unlink_race.c.o
[43/81] Compiling C object test/test_want_conversion.p/test_want_conversion.c.o
[44/81] Compiling C object test/test_write_cache.p/test_write_cache.c.o
[45/81] Compiling C object example/passthrough_ll.p/passthrough_ll.c.o
[46/81] Compiling C object util/fusermount3.p/fusermount.c.o
[47/81] Linking target util/fusermount3
[48/81] Compiling C object test/test_syscalls.p/test_syscalls.c.o
[49/81] Linking target test/test_syscalls
[50/81] Compiling C object lib/libfuse3.so.3.17.3.p/fuse_lowlevel.c.o
[51/81] Compiling C object lib/libfuse3.so.3.17.3.p/fuse.c.o
[52/81] Linking target lib/libfuse3.so.3.17.3
[53/81] Generating symbol file lib/libfuse3.so.3.17.3.p/libfuse3.so.3.17.3.symbols
[54/81] Linking target example/cuse_client
[55/81] Linking target example/hello_ll
[56/81] Linking target example/passthrough
[57/81] Linking target example/ioctl_client
[58/81] Linking target util/mount.fuse3
[59/81] Linking target example/printcap
[60/81] Linking target example/poll_client
[61/81] Linking target example/notify_inval_inode
[62/81] Linking target example/passthrough_fh
[63/81] Linking target example/hello_ll_uds
[64/81] Linking target example/cuse
[65/81] Linking target example/invalidate_path
[66/81] Linking target example/passthrough_ll
[67/81] Linking target example/null
[68/81] Linking target example/notify_store_retrieve
[69/81] Linking target example/notify_inval_entry
[70/81] Linking target example/hello
[71/81] Linking target example/ioctl
[72/81] Linking target example/poll
[73/81] Linking target test/test_write_cache
[74/81] Linking target test/hello
[75/81] Linking target test/release_unlink_race
[76/81] Linking target test/test_want_conversion
[77/81] Linking target test/test_setattr
[78/81] Compiling C++ object example/memfs_ll.p/memfs_ll.cc.o
[79/81] Linking target example/memfs_ll
[80/81] Compiling C++ object example/passthrough_hp.p/passthrough_hp.cc.o
[81/81] Linking target example/passthrough_hp
Collecting looseversion
  Downloading looseversion-1.3.0-py2.py3-none-any.whl.metadata (4.6 kB)
Downloading looseversion-1.3.0-py2.py3-none-any.whl (8.2 kB)
Installing collected packages: looseversion
Successfully installed looseversion-1.3.0
/blfs/builds/fuse-3.17.3/build/testenv/bin/python3: No module named pytest
