--2025-11-24 08:14:26--  https://downloads.sourceforge.net/libpng/libpng-1.6.51.tar.xz
Resolving downloads.sourceforge.net (downloads.sourceforge.net)... 2606:4700::6812:d95, 2606:4700::6812:c95, 104.18.13.149, ...
Connecting to downloads.sourceforge.net (downloads.sourceforge.net)|2606:4700::6812:d95|:443... connected.
HTTP request sent, awaiting response... 301 Moved Permanently
Location: https://downloads.sourceforge.net/project/libpng/libpng16/1.6.51/libpng-1.6.51.tar.xz [following]
--2025-11-24 08:14:27--  https://downloads.sourceforge.net/project/libpng/libpng16/1.6.51/libpng-1.6.51.tar.xz
Reusing existing connection to [downloads.sourceforge.net]:443.
HTTP request sent, awaiting response... 302 Found
Location: https://cytranet.dl.sourceforge.net/project/libpng/libpng16/1.6.51/libpng-1.6.51.tar.xz?viasf=1 [following]
--2025-11-24 08:14:27--  https://cytranet.dl.sourceforge.net/project/libpng/libpng16/1.6.51/libpng-1.6.51.tar.xz?viasf=1
Resolving cytranet.dl.sourceforge.net (cytranet.dl.sourceforge.net)... 71.38.95.214
Connecting to cytranet.dl.sourceforge.net (cytranet.dl.sourceforge.net)|71.38.95.214|:443... connected.
HTTP request sent, awaiting response... 200 OK
Length: 1060772 (1.0M) [application/octet-stream]
Saving to: ‘libpng-1.6.51.tar.xz.1’

     0K .......... .......... .......... .......... ..........  4%  727K 1s
    50K .......... .......... .......... .......... ..........  9%  704K 1s
   100K .......... .......... .......... .......... .......... 14%  380K 2s
   150K .......... .......... .......... .......... .......... 19% 9.51M 1s
   200K .......... .......... .......... .......... .......... 24%  784K 1s
   250K .......... .......... .......... .......... .......... 28% 6.08M 1s
   300K .......... .......... .......... .......... .......... 33%  833K 1s
   350K .......... .......... .......... .......... .......... 38% 11.6M 1s
   400K .......... .......... .......... .......... .......... 43%  783K 1s
   450K .......... .......... .......... .......... .......... 48%  119M 1s
   500K .......... .......... .......... .......... .......... 53% 15.0M 0s
   550K .......... .......... .......... .......... .......... 57%  784K 0s
   600K .......... .......... .......... .......... .......... 62%  127M 0s
   650K .......... .......... .......... .......... .......... 67% 91.3M 0s
   700K .......... .......... .......... .......... .......... 72% 13.9M 0s
   750K .......... .......... .......... .......... .......... 77%  781K 0s
   800K .......... .......... .......... .......... .......... 82%  153M 0s
   850K .......... .......... .......... .......... .......... 86%  172M 0s
   900K .......... .......... .......... .......... .......... 91% 77.4M 0s
   950K .......... .......... .......... .......... .......... 96% 17.3M 0s
  1000K .......... .......... .......... .....                100% 7.97M=0.6s

2025-11-24 08:14:28 (1.63 MB/s) - ‘libpng-1.6.51.tar.xz.1’ saved [1060772/1060772]

--2025-11-24 08:14:28--  https://downloads.sourceforge.net/sourceforge/libpng-apng/libpng-1.6.51-apng.patch.gz
Resolving downloads.sourceforge.net (downloads.sourceforge.net)... 2606:4700::6812:c95, 2606:4700::6812:d95, 104.18.12.149, ...
Connecting to downloads.sourceforge.net (downloads.sourceforge.net)|2606:4700::6812:c95|:443... connected.
HTTP request sent, awaiting response... 404 Not Found
2025-11-24 08:14:28 ERROR 404: Not Found.

