--2025-09-09 07:55:02--  https://repo.steampowered.com/steam/pool/steam/s/steam/steam_1.0.0.84.tar.gz
Resolving repo.steampowered.com (repo.steampowered.com)... 2600:1900:8010:1da0::, 34.126.228.17
Connecting to repo.steampowered.com (repo.steampowered.com)|2600:1900:8010:1da0::|:443... connected.
HTTP request sent, awaiting response... 200 OK
Length: 20325084 (19M) [application/octet-stream]
Saving to: 'steam_1.0.0.84.tar.gz'

     0K .......... .......... .......... .......... ..........  0% 4.83M 4s
    50K .......... .......... .......... .......... ..........  0% 7.92M 3s
   100K .......... .......... .......... .......... ..........  0% 12.7M 3s
   150K .......... .......... .......... .......... ..........  1% 8.13M 3s
   200K .......... .......... .......... .......... ..........  1% 20.0M 2s
   250K .......... .......... .......... .......... ..........  1% 12.1M 2s
   300K .......... .......... .......... .......... ..........  1% 14.3M 2s
   350K .......... .......... .......... .......... ..........  2% 12.8M 2s
   400K .......... .......... .......... .......... ..........  2% 14.2M 2s
   450K .......... .......... .......... .......... ..........  2% 27.9M 2s
   500K .......... .......... .......... .......... ..........  2% 34.4M 2s
   550K .......... .......... .......... .......... ..........  3% 20.5M 2s
   600K .......... .......... .......... .......... ..........  3% 21.5M 2s
   650K .......... .......... .......... .......... ..........  3% 55.4M 1s
   700K .......... .......... .......... .......... ..........  3% 26.4M 1s
   750K .......... .......... .......... .......... ..........  4% 50.2M 1s
   800K .......... .......... .......... .......... ..........  4% 19.0M 1s
   850K .......... .......... .......... .......... ..........  4% 89.8M 1s
   900K .......... .......... .......... .......... ..........  4% 28.7M 1s
   950K .......... .......... .......... .......... ..........  5% 57.1M 1s
  1000K .......... .......... .......... .......... ..........  5% 72.3M 1s
  1050K .......... .......... .......... .......... ..........  5% 35.4M 1s
  1100K .......... .......... .......... .......... ..........  5% 57.0M 1s
  1150K .......... .......... .......... .......... ..........  6% 36.4M 1s
  1200K .......... .......... .......... .......... ..........  6% 52.2M 1s
  1250K .......... .......... .......... .......... ..........  6% 38.1M 1s
  1300K .......... .......... .......... .......... ..........  6% 51.9M 1s
  1350K .......... .......... .......... .......... ..........  7%  117M 1s
  1400K .......... .......... .......... .......... ..........  7% 82.4M 1s
  1450K .......... .......... .......... .......... ..........  7%  113M 1s
  1500K .......... .......... .......... .......... ..........  7% 54.9M 1s
  1550K .......... .......... .......... .......... ..........  8% 51.0M 1s
  1600K .......... .......... .......... .......... ..........  8% 58.3M 1s
  1650K .......... .......... .......... .......... ..........  8% 74.2M 1s
  1700K .......... .......... .......... .......... ..........  8%  113M 1s
  1750K .......... .......... .......... .......... ..........  9% 70.1M 1s
  1800K .......... .......... .......... .......... ..........  9% 74.1M 1s
  1850K .......... .......... .......... .......... ..........  9% 40.4M 1s
  1900K .......... .......... .......... .......... ..........  9%  116M 1s
  1950K .......... .......... .......... .......... .......... 10%  116M 1s
  2000K .......... .......... .......... .......... .......... 10%  684K 1s
  2050K .......... .......... .......... .......... .......... 10% 86.9M 1s
  2100K .......... .......... .......... .......... .......... 10%  106M 1s
  2150K .......... .......... .......... .......... .......... 11%  225M 1s
  2200K .......... .......... .......... .......... .......... 11%  111M 1s
  2250K .......... .......... .......... .......... .......... 11% 97.7M 1s
  2300K .......... .......... .......... .......... .......... 11%  179M 1s
  2350K .......... .......... .......... .......... .......... 12% 84.5M 1s
  2400K .......... .......... .......... .......... .......... 12% 87.0M 1s
  2450K .......... .......... .......... .......... .......... 12% 6.66M 1s
  2500K .......... .......... .......... .......... .......... 12%  831M 1s
  2550K .......... .......... .......... .......... .......... 13%  840M 1s
  2600K .......... .......... .......... .......... .......... 13%  303M 1s
  2650K .......... .......... .......... .......... .......... 13%  874M 1s
  2700K .......... .......... .......... .......... .......... 13% 15.4M 1s
  2750K .......... .......... .......... .......... .......... 14%  102M 1s
  2800K .......... .......... .......... .......... .......... 14%  622M 1s
  2850K .......... .......... .......... .......... .......... 14%  843M 1s
  2900K .......... .......... .......... .......... .......... 14%  436M 1s
  2950K .......... .......... .......... .......... .......... 15%  897M 1s
  3000K .......... .......... .......... .......... .......... 15%  881M 1s
  3050K .......... .......... .......... .......... .......... 15%  902M 1s
  3100K .......... .......... .......... .......... .......... 15% 15.9M 1s
  3150K .......... .......... .......... .......... .......... 16%  865M 1s
  3200K .......... .......... .......... .......... .......... 16%  669M 1s
  3250K .......... .......... .......... .......... .......... 16%  622M 1s
  3300K .......... .......... .......... .......... .......... 16%  709M 1s
  3350K .......... .......... .......... .......... .......... 17%  867M 1s
  3400K .......... .......... .......... .......... .......... 17%  905M 1s
  3450K .......... .......... .......... .......... .......... 17%  884M 1s
  3500K .......... .......... .......... .......... .......... 17%  882M 1s
  3550K .......... .......... .......... .......... .......... 18% 13.8M 1s
  3600K .......... .......... .......... .......... .......... 18% 74.4M 1s
  3650K .......... .......... .......... .......... .......... 18%  181M 1s
  3700K .......... .......... .......... .......... .......... 18% 93.8M 1s
  3750K .......... .......... .......... .......... .......... 19% 95.3M 1s
  3800K .......... .......... .......... .......... .......... 19% 20.9M 1s
  3850K .......... .......... .......... .......... .......... 19%  101M 1s
  3900K .......... .......... .......... .......... .......... 19%  189M 1s
  3950K .......... .......... .......... .......... .......... 20% 96.0M 1s
  4000K .......... .......... .......... .......... .......... 20% 95.2M 1s
  4050K .......... .......... .......... .......... .......... 20%  769K 1s
  4100K .......... .......... .......... .......... .......... 20%  111M 1s
  4150K .......... .......... .......... .......... .......... 21%  141M 1s
  4200K .......... .......... .......... .......... .......... 21% 66.2M 1s
  4250K .......... .......... .......... .......... .......... 21%  194M 1s
  4300K .......... .......... .......... .......... .......... 21%  111M 1s
  4350K .......... .......... .......... .......... .......... 22% 85.6M 1s
  4400K .......... .......... .......... .......... .......... 22% 90.0M 1s
  4450K .......... .......... .......... .......... .......... 22%  144M 1s
  4500K .......... .......... .......... .......... .......... 22% 5.31M 1s
  4550K .......... .......... .......... .......... .......... 23%  169M 1s
  4600K .......... .......... .......... .......... .......... 23%  682M 1s
  4650K .......... .......... .......... .......... .......... 23%  871M 1s
  4700K .......... .......... .......... .......... .......... 23%  849M 1s
  4750K .......... .......... .......... .......... .......... 24%  880M 1s
  4800K .......... .......... .......... .......... .......... 24%  670M 1s
  4850K .......... .......... .......... .......... .......... 24%  855M 1s
  4900K .......... .......... .......... .......... .......... 24%  889M 1s
  4950K .......... .......... .......... .......... .......... 25%  844M 1s
  5000K .......... .......... .......... .......... .......... 25%  881M 1s
  5050K .......... .......... .......... .......... .......... 25% 13.0M 1s
  5100K .......... .......... .......... .......... .......... 25%  173M 1s
  5150K .......... .......... .......... .......... .......... 26%  646M 1s
  5200K .......... .......... .......... .......... .......... 26%  827M 1s
  5250K .......... .......... .......... .......... .......... 26%  860M 1s
  5300K .......... .......... .......... .......... .......... 26%  856M 1s
  5350K .......... .......... .......... .......... .......... 27%  840M 1s
  5400K .......... .......... .......... .......... .......... 27%  443M 1s
  5450K .......... .......... .......... .......... .......... 27%  862M 1s
  5500K .......... .......... .......... .......... .......... 27%  888M 1s
  5550K .......... .......... .......... .......... .......... 28% 18.7M 1s
  5600K .......... .......... .......... .......... .......... 28%  118M 1s
  5650K .......... .......... .......... .......... .......... 28%  110M 1s
  5700K .......... .......... .......... .......... .......... 28% 96.9M 1s
  5750K .......... .......... .......... .......... .......... 29%  178M 1s
  5800K .......... .......... .......... .......... .......... 29%  100M 1s
  5850K .......... .......... .......... .......... .......... 29% 96.3M 1s
  5900K .......... .......... .......... .......... .......... 29%  178M 1s
  5950K .......... .......... .......... .......... .......... 30% 66.8M 1s
  6000K .......... .......... .......... .......... .......... 30%  177M 1s
  6050K .......... .......... .......... .......... .......... 30% 5.82M 1s
  6100K .......... .......... .......... .......... .......... 30% 1.43M 1s
  6150K .......... .......... .......... .......... .......... 31% 98.5M 1s
  6200K .......... .......... .......... .......... .......... 31% 87.7M 1s
  6250K .......... .......... .......... .......... .......... 31%  188M 1s
  6300K .......... .......... .......... .......... .......... 31% 99.6M 1s
  6350K .......... .......... .......... .......... .......... 32% 91.1M 1s
  6400K .......... .......... .......... .......... .......... 32% 90.4M 1s
  6450K .......... .......... .......... .......... .......... 32%  157M 1s
  6500K .......... .......... .......... .......... .......... 32%  102M 1s
  6550K .......... .......... .......... .......... .......... 33%  150M 1s
  6600K .......... .......... .......... .......... .......... 33% 3.37M 1s
  6650K .......... .......... .......... .......... .......... 33% 15.3M 1s
  6700K .......... .......... .......... .......... .......... 34%  835M 1s
  6750K .......... .......... .......... .......... .......... 34%  820M 1s
  6800K .......... .......... .......... .......... .......... 34%  648M 1s
  6850K .......... .......... .......... .......... .......... 34%  897M 1s
  6900K .......... .......... .......... .......... .......... 35%  891M 1s
  6950K .......... .......... .......... .......... .......... 35%  869M 1s
  7000K .......... .......... .......... .......... .......... 35%  897M 1s
  7050K .......... .......... .......... .......... .......... 35%  869M 1s
  7100K .......... .......... .......... .......... .......... 36%  901M 1s
  7150K .......... .......... .......... .......... .......... 36%  890M 1s
  7200K .......... .......... .......... .......... .......... 36%  665M 1s
  7250K .......... .......... .......... .......... .......... 36%  892M 1s
  7300K .......... .......... .......... .......... .......... 37%  853M 1s
  7350K .......... .......... .......... .......... .......... 37%  891M 1s
  7400K .......... .......... .......... .......... .......... 37%  885M 1s
  7450K .......... .......... .......... .......... .......... 37%  860M 1s
  7500K .......... .......... .......... .......... .......... 38%  887M 1s
  7550K .......... .......... .......... .......... .......... 38%  657M 1s
  7600K .......... .......... .......... .......... .......... 38%  815M 1s
  7650K .......... .......... .......... .......... .......... 38%  853M 1s
  7700K .......... .......... .......... .......... .......... 39%  825M 1s
  7750K .......... .......... .......... .......... .......... 39%  890M 1s
  7800K .......... .......... .......... .......... .......... 39%  861M 1s
  7850K .......... .......... .......... .......... .......... 39%  892M 1s
  7900K .......... .......... .......... .......... .......... 40%  906M 0s
  7950K .......... .......... .......... .......... .......... 40%  663M 0s
  8000K .......... .......... .......... .......... .......... 40%  895M 0s
  8050K .......... .......... .......... .......... .......... 40%  873M 0s
  8100K .......... .......... .......... .......... .......... 41%  880M 0s
  8150K .......... .......... .......... .......... .......... 41% 1.53M 1s
  8200K .......... .......... .......... .......... .......... 41% 95.5M 1s
  8250K .......... .......... .......... .......... .......... 41%  103M 1s
  8300K .......... .......... .......... .......... .......... 42%  194M 1s
  8350K .......... .......... .......... .......... .......... 42% 70.2M 1s
  8400K .......... .......... .......... .......... .......... 42%  149M 0s
  8450K .......... .......... .......... .......... .......... 42% 93.1M 0s
  8500K .......... .......... .......... .......... .......... 43%  164M 0s
  8550K .......... .......... .......... .......... .......... 43% 88.6M 0s
  8600K .......... .......... .......... .......... .......... 43% 3.24M 0s
  8650K .......... .......... .......... .......... .......... 43%  104M 0s
  8700K .......... .......... .......... .......... .......... 44%  801M 0s
  8750K .......... .......... .......... .......... .......... 44%  185M 0s
  8800K .......... .......... .......... .......... .......... 44%  858M 0s
  8850K .......... .......... .......... .......... .......... 44%  606M 0s
  8900K .......... .......... .......... .......... .......... 45%  675M 0s
  8950K .......... .......... .......... .......... .......... 45%  886M 0s
  9000K .......... .......... .......... .......... .......... 45%  894M 0s
  9050K .......... .......... .......... .......... .......... 45%  856M 0s
  9100K .......... .......... .......... .......... .......... 46%  893M 0s
  9150K .......... .......... .......... .......... .......... 46%  656M 0s
  9200K .......... .......... .......... .......... .......... 46%  884M 0s
  9250K .......... .......... .......... .......... .......... 46%  883M 0s
  9300K .......... .......... .......... .......... .......... 47%  865M 0s
  9350K .......... .......... .......... .......... .......... 47%  883M 0s
  9400K .......... .......... .......... .......... .......... 47%  879M 0s
  9450K .......... .......... .......... .......... .......... 47%  896M 0s
  9500K .......... .......... .......... .......... .......... 48%  893M 0s
  9550K .......... .......... .......... .......... .......... 48%  671M 0s
  9600K .......... .......... .......... .......... .......... 48%  895M 0s
  9650K .......... .......... .......... .......... .......... 48%  866M 0s
  9700K .......... .......... .......... .......... .......... 49%  813M 0s
  9750K .......... .......... .......... .......... .......... 49%  875M 0s
  9800K .......... .......... .......... .......... .......... 49% 29.8M 0s
  9850K .......... .......... .......... .......... .......... 49%  850M 0s
  9900K .......... .......... .......... .......... .......... 50%  842M 0s
  9950K .......... .......... .......... .......... .......... 50%  665M 0s
 10000K .......... .......... .......... .......... .......... 50%  885M 0s
 10050K .......... .......... .......... .......... .......... 50%  504M 0s
 10100K .......... .......... .......... .......... .......... 51%  882M 0s
 10150K .......... .......... .......... .......... .......... 51%  869M 0s
 10200K .......... .......... .......... .......... .......... 51% 1.31M 0s
 10250K .......... .......... .......... .......... .......... 51%  163M 0s
 10300K .......... .......... .......... .......... .......... 52% 67.0M 0s
 10350K .......... .......... .......... .......... .......... 52%  198M 0s
 10400K .......... .......... .......... .......... .......... 52%  112M 0s
 10450K .......... .......... .......... .......... .......... 52% 96.8M 0s
 10500K .......... .......... .......... .......... .......... 53%  176M 0s
 10550K .......... .......... .......... .......... .......... 53% 88.9M 0s
 10600K .......... .......... .......... .......... .......... 53%  164M 0s
 10650K .......... .......... .......... .......... .......... 53% 5.01M 0s
 10700K .......... .......... .......... .......... .......... 54% 8.49M 0s
 10750K .......... .......... .......... .......... .......... 54%  165M 0s
 10800K .......... .......... .......... .......... .......... 54%  745M 0s
 10850K .......... .......... .......... .......... .......... 54%  875M 0s
 10900K .......... .......... .......... .......... .......... 55%  854M 0s
 10950K .......... .......... .......... .......... .......... 55%  877M 0s
 11000K .......... .......... .......... .......... .......... 55%  888M 0s
 11050K .......... .......... .......... .......... .......... 55%  872M 0s
 11100K .......... .......... .......... .......... .......... 56%  879M 0s
 11150K .......... .......... .......... .......... .......... 56%  666M 0s
 11200K .......... .......... .......... .......... .......... 56%  601M 0s
 11250K .......... .......... .......... .......... .......... 56%  688M 0s
 11300K .......... .......... .......... .......... .......... 57% 17.9M 0s
 11350K .......... .......... .......... .......... .......... 57%  856M 0s
 11400K .......... .......... .......... .......... .......... 57%  861M 0s
 11450K .......... .......... .......... .......... .......... 57%  594M 0s
 11500K .......... .......... .......... .......... .......... 58%  559M 0s
 11550K .......... .......... .......... .......... .......... 58%  664M 0s
 11600K .......... .......... .......... .......... .......... 58%  893M 0s
 11650K .......... .......... .......... .......... .......... 58%  860M 0s
 11700K .......... .......... .......... .......... .......... 59%  891M 0s
 11750K .......... .......... .......... .......... .......... 59%  864M 0s
 11800K .......... .......... .......... .......... .......... 59%  892M 0s
 11850K .......... .......... .......... .......... .......... 59%  859M 0s
 11900K .......... .......... .......... .......... .......... 60%  862M 0s
 11950K .......... .......... .......... .......... .......... 60%  680M 0s
 12000K .......... .......... .......... .......... .......... 60%  867M 0s
 12050K .......... .......... .......... .......... .......... 60% 15.0M 0s
 12100K .......... .......... .......... .......... .......... 61%  117M 0s
 12150K .......... .......... .......... .......... .......... 61%  116M 0s
 12200K .......... .......... .......... .......... .......... 61%  104M 0s
 12250K .......... .......... .......... .......... .......... 61%  903K 0s
 12300K .......... .......... .......... .......... .......... 62%  128M 0s
 12350K .......... .......... .......... .......... .......... 62% 88.2M 0s
 12400K .......... .......... .......... .......... .......... 62%  143M 0s
 12450K .......... .......... .......... .......... .......... 62%  122M 0s
 12500K .......... .......... .......... .......... .......... 63%  158M 0s
 12550K .......... .......... .......... .......... .......... 63% 89.5M 0s
 12600K .......... .......... .......... .......... .......... 63%  166M 0s
 12650K .......... .......... .......... .......... .......... 63% 87.1M 0s
 12700K .......... .......... .......... .......... .......... 64% 3.03M 0s
 12750K .......... .......... .......... .......... .......... 64%  643M 0s
 12800K .......... .......... .......... .......... .......... 64%  864M 0s
 12850K .......... .......... .......... .......... .......... 64%  534M 0s
 12900K .......... .......... .......... .......... .......... 65%  809M 0s
 12950K .......... .......... .......... .......... .......... 65%  891M 0s
 13000K .......... .......... .......... .......... .......... 65%  865M 0s
 13050K .......... .......... .......... .......... .......... 65%  880M 0s
 13100K .......... .......... .......... .......... .......... 66%  890M 0s
 13150K .......... .......... .......... .......... .......... 66%  621M 0s
 13200K .......... .......... .......... .......... .......... 66%  896M 0s
 13250K .......... .......... .......... .......... .......... 67%  861M 0s
 13300K .......... .......... .......... .......... .......... 67%  891M 0s
 13350K .......... .......... .......... .......... .......... 67% 15.3M 0s
 13400K .......... .......... .......... .......... .......... 67%  648M 0s
 13450K .......... .......... .......... .......... .......... 68%  881M 0s
 13500K .......... .......... .......... .......... .......... 68%  860M 0s
 13550K .......... .......... .......... .......... .......... 68%  677M 0s
 13600K .......... .......... .......... .......... .......... 68%  876M 0s
 13650K .......... .......... .......... .......... .......... 69%  901M 0s
 13700K .......... .......... .......... .......... .......... 69%  894M 0s
 13750K .......... .......... .......... .......... .......... 69%  868M 0s
 13800K .......... .......... .......... .......... .......... 69%  894M 0s
 13850K .......... .......... .......... .......... .......... 70%  890M 0s
 13900K .......... .......... .......... .......... .......... 70%  674M 0s
 13950K .......... .......... .......... .......... .......... 70%  651M 0s
 14000K .......... .......... .......... .......... .......... 70%  868M 0s
 14050K .......... .......... .......... .......... .......... 71%  898M 0s
 14100K .......... .......... .......... .......... .......... 71%  608M 0s
 14150K .......... .......... .......... .......... .......... 71%  676M 0s
 14200K .......... .......... .......... .......... .......... 71% 15.7M 0s
 14250K .......... .......... .......... .......... .......... 72%  107M 0s
 14300K .......... .......... .......... .......... .......... 72% 1.10M 0s
 14350K .......... .......... .......... .......... .......... 72% 81.4M 0s
 14400K .......... .......... .......... .......... .......... 72%  171M 0s
 14450K .......... .......... .......... .......... .......... 73%  103M 0s
 14500K .......... .......... .......... .......... .......... 73% 92.8M 0s
 14550K .......... .......... .......... .......... .......... 73%  151M 0s
 14600K .......... .......... .......... .......... .......... 73% 96.4M 0s
 14650K .......... .......... .......... .......... .......... 74%  181M 0s
 14700K .......... .......... .......... .......... .......... 74% 4.72M 0s
 14750K .......... .......... .......... .......... .......... 74%  169M 0s
 14800K .......... .......... .......... .......... .......... 74% 8.10M 0s
 14850K .......... .......... .......... .......... .......... 75%  756M 0s
 14900K .......... .......... .......... .......... .......... 75%  769M 0s
 14950K .......... .......... .......... .......... .......... 75%  266M 0s
 15000K .......... .......... .......... .......... .......... 75%  819M 0s
 15050K .......... .......... .......... .......... .......... 76%  472M 0s
 15100K .......... .......... .......... .......... .......... 76%  853M 0s
 15150K .......... .......... .......... .......... .......... 76%  671M 0s
 15200K .......... .......... .......... .......... .......... 76%  896M 0s
 15250K .......... .......... .......... .......... .......... 77%  859M 0s
 15300K .......... .......... .......... .......... .......... 77%  884M 0s
 15350K .......... .......... .......... .......... .......... 77%  863M 0s
 15400K .......... .......... .......... .......... .......... 77%  893M 0s
 15450K .......... .......... .......... .......... .......... 78%  894M 0s
 15500K .......... .......... .......... .......... .......... 78%  859M 0s
 15550K .......... .......... .......... .......... .......... 78%  681M 0s
 15600K .......... .......... .......... .......... .......... 78%  855M 0s
 15650K .......... .......... .......... .......... .......... 79%  896M 0s
 15700K .......... .......... .......... .......... .......... 79%  892M 0s
 15750K .......... .......... .......... .......... .......... 79%  849M 0s
 15800K .......... .......... .......... .......... .......... 79%  901M 0s
 15850K .......... .......... .......... .......... .......... 80%  795M 0s
 15900K .......... .......... .......... .......... .......... 80%  861M 0s
 15950K .......... .......... .......... .......... .......... 80%  660M 0s
 16000K .......... .......... .......... .......... .......... 80% 31.5M 0s
 16050K .......... .......... .......... .......... .......... 81%  755M 0s
 16100K .......... .......... .......... .......... .......... 81%  200M 0s
 16150K .......... .......... .......... .......... .......... 81%  862M 0s
 16200K .......... .......... .......... .......... .......... 81% 11.1M 0s
 16250K .......... .......... .......... .......... .......... 82%  198M 0s
 16300K .......... .......... .......... .......... .......... 82% 90.6M 0s
 16350K .......... .......... .......... .......... .......... 82% 1.05M 0s
 16400K .......... .......... .......... .......... .......... 82%  215M 0s
 16450K .......... .......... .......... .......... .......... 83%  100M 0s
 16500K .......... .......... .......... .......... .......... 83% 93.2M 0s
 16550K .......... .......... .......... .......... .......... 83%  166M 0s
 16600K .......... .......... .......... .......... .......... 83% 98.2M 0s
 16650K .......... .......... .......... .......... .......... 84%  101M 0s
 16700K .......... .......... .......... .......... .......... 84% 90.3M 0s
 16750K .......... .......... .......... .......... .......... 84%  104M 0s
 16800K .......... .......... .......... .......... .......... 84% 5.03M 0s
 16850K .......... .......... .......... .......... .......... 85% 6.90M 0s
 16900K .......... .......... .......... .......... .......... 85%  789M 0s
 16950K .......... .......... .......... .......... .......... 85%  458M 0s
 17000K .......... .......... .......... .......... .......... 85%  894M 0s
 17050K .......... .......... .......... .......... .......... 86%  843M 0s
 17100K .......... .......... .......... .......... .......... 86%  846M 0s
 17150K .......... .......... .......... .......... .......... 86%  675M 0s
 17200K .......... .......... .......... .......... .......... 86%  853M 0s
 17250K .......... .......... .......... .......... .......... 87%  889M 0s
 17300K .......... .......... .......... .......... .......... 87%  882M 0s
 17350K .......... .......... .......... .......... .......... 87%  853M 0s
 17400K .......... .......... .......... .......... .......... 87%  876M 0s
 17450K .......... .......... .......... .......... .......... 88%  862M 0s
 17500K .......... .......... .......... .......... .......... 88% 16.1M 0s
 17550K .......... .......... .......... .......... .......... 88%  410M 0s
 17600K .......... .......... .......... .......... .......... 88%  813M 0s
 17650K .......... .......... .......... .......... .......... 89%  852M 0s
 17700K .......... .......... .......... .......... .......... 89%  835M 0s
 17750K .......... .......... .......... .......... .......... 89%  846M 0s
 17800K .......... .......... .......... .......... .......... 89%  872M 0s
 17850K .......... .......... .......... .......... .......... 90%  843M 0s
 17900K .......... .......... .......... .......... .......... 90%  843M 0s
 17950K .......... .......... .......... .......... .......... 90%  634M 0s
 18000K .......... .......... .......... .......... .......... 90%  853M 0s
 18050K .......... .......... .......... .......... .......... 91%  857M 0s
 18100K .......... .......... .......... .......... .......... 91%  806M 0s
 18150K .......... .......... .......... .......... .......... 91%  846M 0s
 18200K .......... .......... .......... .......... .......... 91%  844M 0s
 18250K .......... .......... .......... .......... .......... 92%  866M 0s
 18300K .......... .......... .......... .......... .......... 92%  613M 0s
 18350K .......... .......... .......... .......... .......... 92%  512M 0s
 18400K .......... .......... .......... .......... .......... 92% 1.62M 0s
 18450K .......... .......... .......... .......... .......... 93%  131M 0s
 18500K .......... .......... .......... .......... .......... 93%  137M 0s
 18550K .......... .......... .......... .......... .......... 93%  105M 0s
 18600K .......... .......... .......... .......... .......... 93%  194M 0s
 18650K .......... .......... .......... .......... .......... 94%  112M 0s
 18700K .......... .......... .......... .......... .......... 94% 90.4M 0s
 18750K .......... .......... .......... .......... .......... 94% 85.8M 0s
 18800K .......... .......... .......... .......... .......... 94% 8.12M 0s
 18850K .......... .......... .......... .......... .......... 95%  204M 0s
 18900K .......... .......... .......... .......... .......... 95% 13.4M 0s
 18950K .......... .......... .......... .......... .......... 95%  589M 0s
 19000K .......... .......... .......... .......... .......... 95%  150M 0s
 19050K .......... .......... .......... .......... .......... 96%  189M 0s
 19100K .......... .......... .......... .......... .......... 96%  110M 0s
 19150K .......... .......... .......... .......... .......... 96%  613M 0s
 19200K .......... .......... .......... .......... .......... 96%  848M 0s
 19250K .......... .......... .......... .......... .......... 97%  884M 0s
 19300K .......... .......... .......... .......... .......... 97%  145M 0s
 19350K .......... .......... .......... .......... .......... 97%  879M 0s
 19400K .......... .......... .......... .......... .......... 97%  269M 0s
 19450K .......... .......... .......... .......... .......... 98%  787M 0s
 19500K .......... .......... .......... .......... .......... 98%  861M 0s
 19550K .......... .......... .......... .......... .......... 98% 29.3M 0s
 19600K .......... .......... .......... .......... .......... 98%  153M 0s
 19650K .......... .......... .......... .......... .......... 99%  268M 0s
 19700K .......... .......... .......... .......... .......... 99%  843M 0s
 19750K .......... .......... .......... .......... .......... 99%  898M 0s
 19800K .......... .......... .......... .......... ........  100%  879M=0.7s

2025-09-09 07:55:03 (26.6 MB/s) - 'steam_1.0.0.84.tar.gz' saved [20325084/20325084]

steam-launcher/
steam-launcher/steam.gpg
steam-launcher/steam.desktop
steam-launcher/steam_subscriber_agreement.txt
steam-launcher/bin_steam.sh
steam-launcher/buildutils/
steam-launcher/buildutils/buildutils.py
steam-launcher/buildutils/add-client-files.py
steam-launcher/tests/
steam-launcher/tests/mypy.sh
steam-launcher/tests/testutils.py
steam-launcher/tests/pyflakes.sh
steam-launcher/tests/check_version.sh
steam-launcher/tests/check_bootstrap.sh
steam-launcher/tests/bin_steamdeps.py
steam-launcher/tests/shellcheck.sh
steam-launcher/tests/pycodestyle.sh
steam-launcher/.gitignore
steam-launcher/steam-stable.list
steam-launcher/COPYING
steam-launcher/client-versions.json
steam-launcher/icons/
steam-launcher/icons/48/
steam-launcher/icons/48/steam_tray_mono.png
steam-launcher/icons/48/steam.png
steam-launcher/icons/24/
steam-launcher/icons/24/steam.png
steam-launcher/icons/32/
steam-launcher/icons/32/steam.png
steam-launcher/icons/256/
steam-launcher/icons/256/steam.png
steam-launcher/icons/16/
steam-launcher/icons/16/steam.png
steam-launcher/debian/
steam-launcher/debian/changelog
steam-launcher/debian/copyright
steam-launcher/debian/.gitignore
steam-launcher/debian/steam-launcher.manpages
steam-launcher/debian/source/
steam-launcher/debian/source/options
steam-launcher/debian/source/format
steam-launcher/debian/steam-launcher.install
steam-launcher/debian/steam.maintscript
steam-launcher/debian/compat
steam-launcher/debian/steam-launcher.prerm
steam-launcher/debian/control
steam-launcher/debian/steam-launcher.maintscript
steam-launcher/debian/rules
steam-launcher/debian/steam.install
steam-launcher/debian/steam-launcher.postinst
steam-launcher/steam.6
steam-launcher/steam-key.asc
steam-launcher/subprojects/
steam-launcher/subprojects/steam-devices/
steam-launcher/subprojects/steam-devices/60-steam-input.rules
steam-launcher/subprojects/steam-devices/60-steam-vr.rules
steam-launcher/subprojects/steam-devices/LICENSE
steam-launcher/bin_steamdeps.py
steam-launcher/steamdeps
steam-launcher/Makefile
steam-launcher/bootstraplinux_ubuntu12_32.tar.xz
steam-launcher/com.valvesoftware.Steam.metainfo.xml
steam-launcher/steam
steam-launcher/README
steam-launcher/steam_launcher/
steam-launcher/steam_launcher/__init__.py
steam-launcher/steam_launcher/launcherutils.py
steam-launcher/steam-beta.list
Run steam with "./steam" or install it with "sudo make install"
install -d -m 755 /pkgs/steam/usr/bin/
install -d -m 755 /pkgs/steam/usr/lib/steam/steam_launcher/
install -p -m 755 bin_steam.sh /pkgs/steam/usr/lib/steam/
install -p -m 755 bin_steamdeps.py /pkgs/steam/usr/lib/steam/
install -p -m 644 steam_launcher/__init__.py /pkgs/steam/usr/lib/steam/steam_launcher/
install -p -m 644 steam_launcher/launcherutils.py /pkgs/steam/usr/lib/steam/steam_launcher/
ln -fns /usr/lib/steam/bin_steam.sh /pkgs/steam/usr/bin/steam
ln -fns /usr/lib/steam/bin_steamdeps.py /pkgs/steam/usr/bin/steamdeps
install -d -m 755 /pkgs/steam/usr/share/doc/steam/
install -p -m 644 README steam_subscriber_agreement.txt /pkgs/steam/usr/share/doc/steam/
install -d -m 755 /pkgs/steam/usr/share/man/man6/
install -m 644 steam.6 /pkgs/steam/usr/share/man/man6/
install -d -m 755 /pkgs/steam/usr/share/icons/hicolor/16x16/apps/
install -p -m 644 icons/16/steam.png /pkgs/steam/usr/share/icons/hicolor/16x16/apps/
install -d -m 755 /pkgs/steam/usr/share/icons/hicolor/24x24/apps/
install -p -m 644 icons/24/steam.png /pkgs/steam/usr/share/icons/hicolor/24x24/apps/
install -d -m 755 /pkgs/steam/usr/share/icons/hicolor/256x256/apps/
install -p -m 644 icons/256/steam.png /pkgs/steam/usr/share/icons/hicolor/256x256/apps/
install -d -m 755 /pkgs/steam/usr/share/icons/hicolor/32x32/apps/
install -p -m 644 icons/32/steam.png /pkgs/steam/usr/share/icons/hicolor/32x32/apps/
install -d -m 755 /pkgs/steam/usr/share/icons/hicolor/48x48/apps/
install -p -m 644 icons/48/steam.png /pkgs/steam/usr/share/icons/hicolor/48x48/apps/
install -d -m 755 /pkgs/steam/usr/share/pixmaps/
install -p -m 644 icons/48/steam.png /pkgs/steam/usr/share/pixmaps/
install -p -m 644 icons/48/steam_tray_mono.png /pkgs/steam/usr/share/pixmaps/steam_tray_mono.png
install -d -m 755 /pkgs/steam/usr/lib/steam/
install -p -m 644 bootstraplinux_ubuntu12_32.tar.xz /pkgs/steam/usr/lib/steam/
install -d -m 755 /pkgs/steam/usr/share/applications/
install -d -m 755 /pkgs/steam/usr/lib/steam/
# If we create a desktop symlink in /usr/share/applications/, the md5sum deb file
# will not contain an entry for it and appstream-generator will complain that
# the package is missing the desktop file. Instead we place the real file in
# /usr/share/applications/ and create a symlink in /usr/lib/steam
install -p -m 644 steam.desktop /pkgs/steam/usr/share/applications/
ln -fns /usr/share/applications/steam.desktop /pkgs/steam/usr/lib/steam/
install -d -m 755 /pkgs/steam/usr/share/metainfo/
install -p -m 644 com.valvesoftware.Steam.metainfo.xml /pkgs/steam/usr/share/metainfo/
if [ -d /etc/apt ]; then \
	install -d -m 755 /pkgs/steam/etc/apt/sources.list.d/; \
	install -p -m 644 steam-stable.list /pkgs/steam/etc/apt/sources.list.d/; \
	install -p -m 644 steam-beta.list /pkgs/steam/etc/apt/sources.list.d/; \
	install -d -m 755 /pkgs/steam/usr/share/keyrings/; \
	install -p -m 644 steam.gpg /pkgs/steam/usr/share/keyrings/; \
fi
install -d -m 755 /usr/bin/
install -d -m 755 /usr/lib/steam/steam_launcher/
install -p -m 755 bin_steam.sh /usr/lib/steam/
install -p -m 755 bin_steamdeps.py /usr/lib/steam/
install -p -m 644 steam_launcher/__init__.py /usr/lib/steam/steam_launcher/
install -p -m 644 steam_launcher/launcherutils.py /usr/lib/steam/steam_launcher/
ln -fns /usr/lib/steam/bin_steam.sh /usr/bin/steam
ln -fns /usr/lib/steam/bin_steamdeps.py /usr/bin/steamdeps
install -d -m 755 /usr/share/doc/steam/
install -p -m 644 README steam_subscriber_agreement.txt /usr/share/doc/steam/
install -d -m 755 /usr/share/man/man6/
install -m 644 steam.6 /usr/share/man/man6/
install -d -m 755 /usr/share/icons/hicolor/16x16/apps/
install -p -m 644 icons/16/steam.png /usr/share/icons/hicolor/16x16/apps/
install -d -m 755 /usr/share/icons/hicolor/24x24/apps/
install -p -m 644 icons/24/steam.png /usr/share/icons/hicolor/24x24/apps/
install -d -m 755 /usr/share/icons/hicolor/256x256/apps/
install -p -m 644 icons/256/steam.png /usr/share/icons/hicolor/256x256/apps/
install -d -m 755 /usr/share/icons/hicolor/32x32/apps/
install -p -m 644 icons/32/steam.png /usr/share/icons/hicolor/32x32/apps/
install -d -m 755 /usr/share/icons/hicolor/48x48/apps/
install -p -m 644 icons/48/steam.png /usr/share/icons/hicolor/48x48/apps/
install -d -m 755 /usr/share/pixmaps/
install -p -m 644 icons/48/steam.png /usr/share/pixmaps/
install -p -m 644 icons/48/steam_tray_mono.png /usr/share/pixmaps/steam_tray_mono.png
install -d -m 755 /usr/lib/steam/
install -p -m 644 bootstraplinux_ubuntu12_32.tar.xz /usr/lib/steam/
install -d -m 755 /usr/share/applications/
install -d -m 755 /usr/lib/steam/
# If we create a desktop symlink in /usr/share/applications/, the md5sum deb file
# will not contain an entry for it and appstream-generator will complain that
# the package is missing the desktop file. Instead we place the real file in
# /usr/share/applications/ and create a symlink in /usr/lib/steam
install -p -m 644 steam.desktop /usr/share/applications/
ln -fns /usr/share/applications/steam.desktop /usr/lib/steam/
install -d -m 755 /usr/share/metainfo/
install -p -m 644 com.valvesoftware.Steam.metainfo.xml /usr/share/metainfo/
if [ -d /etc/apt ]; then \
	install -d -m 755 /etc/apt/sources.list.d/; \
	install -p -m 644 steam-stable.list /etc/apt/sources.list.d/; \
	install -p -m 644 steam-beta.list /etc/apt/sources.list.d/; \
	install -d -m 755 /usr/share/keyrings/; \
	install -p -m 644 steam.gpg /usr/share/keyrings/; \
fi
steam/
steam/usr/
steam/usr/share/
steam/usr/share/metainfo/
steam/usr/share/metainfo/com.valvesoftware.Steam.metainfo.xml
steam/usr/share/applications/
steam/usr/share/applications/steam.desktop
steam/usr/share/pixmaps/
steam/usr/share/pixmaps/steam_tray_mono.png
steam/usr/share/pixmaps/steam.png
steam/usr/share/icons/
steam/usr/share/icons/hicolor/
steam/usr/share/icons/hicolor/24x24/
steam/usr/share/icons/hicolor/24x24/apps/
steam/usr/share/icons/hicolor/24x24/apps/steam.png
steam/usr/share/icons/hicolor/48x48/
steam/usr/share/icons/hicolor/48x48/apps/
steam/usr/share/icons/hicolor/48x48/apps/steam.png
steam/usr/share/icons/hicolor/32x32/
steam/usr/share/icons/hicolor/32x32/apps/
steam/usr/share/icons/hicolor/32x32/apps/steam.png
steam/usr/share/icons/hicolor/256x256/
steam/usr/share/icons/hicolor/256x256/apps/
steam/usr/share/icons/hicolor/256x256/apps/steam.png
steam/usr/share/icons/hicolor/16x16/
steam/usr/share/icons/hicolor/16x16/apps/
steam/usr/share/icons/hicolor/16x16/apps/steam.png
steam/usr/share/man/
steam/usr/share/man/man6/
steam/usr/share/man/man6/steam.6
steam/usr/share/doc/
steam/usr/share/doc/steam/
steam/usr/share/doc/steam/steam_subscriber_agreement.txt
steam/usr/share/doc/steam/README
steam/usr/lib/
steam/usr/lib/steam/
steam/usr/lib/steam/bin_steamdeps.py
steam/usr/lib/steam/steam.desktop
steam/usr/lib/steam/bin_steam.sh
steam/usr/lib/steam/steam_launcher/
steam/usr/lib/steam/steam_launcher/launcherutils.py
steam/usr/lib/steam/steam_launcher/__init__.py
steam/usr/lib/steam/bootstraplinux_ubuntu12_32.tar.xz
steam/usr/bin/
steam/usr/bin/steam
steam/usr/bin/steamdeps
steam/version
steam/depends
steam/make-depends
