--2025-08-04 12:27:35--  https://archive.apache.org/dist/httpd/httpd-2.4.65.tar.bz2
Resolving archive.apache.org (archive.apache.org)... 2a01:4f9:1a:a084::2, 65.108.204.189
Connecting to archive.apache.org (archive.apache.org)|2a01:4f9:1a:a084::2|:443... connected.
HTTP request sent, awaiting response... 200 OK
Length: 7506711 (7.2M) [application/x-bzip2]
Saving to: 'httpd-2.4.65.tar.bz2'

     0K .......... .......... .......... .......... ..........  0%  255K 29s
    50K .......... .......... .......... .......... ..........  1% 1.07M 17s
   100K .......... .......... .......... .......... ..........  2%  787K 15s
   150K .......... .......... .......... .......... ..........  2% 1.72M 12s
   200K .......... .......... .......... .......... ..........  3%  786K 11s
   250K .......... .......... .......... .......... ..........  4% 2.98M 10s
   300K .......... .......... .......... .......... ..........  4% 3.08M 9s
   350K .......... .......... .......... .......... ..........  5% 2.67M 8s
   400K .......... .......... .......... .......... ..........  6% 2.83M 7s
   450K .......... .......... .......... .......... ..........  6% 1.50M 7s
   500K .......... .......... .......... .......... ..........  7% 3.36M 6s
   550K .......... .......... .......... .......... ..........  8% 3.21M 6s
   600K .......... .......... .......... .......... ..........  8% 2.42M 6s
   650K .......... .......... .......... .......... ..........  9% 3.13M 5s
   700K .......... .......... .......... .......... .......... 10% 2.33M 5s
   750K .......... .......... .......... .......... .......... 10% 2.97M 5s
   800K .......... .......... .......... .......... .......... 11% 3.27M 5s
   850K .......... .......... .......... .......... .......... 12% 2.37M 5s
   900K .......... .......... .......... .......... .......... 12% 2.37M 4s
   950K .......... .......... .......... .......... .......... 13% 2.28M 4s
  1000K .......... .......... .......... .......... .......... 14% 3.07M 4s
  1050K .......... .......... .......... .......... .......... 15% 2.65M 4s
  1100K .......... .......... .......... .......... .......... 15%  230K 5s
  1150K .......... .......... .......... .......... .......... 16%  650M 5s
  1200K .......... .......... .......... .......... .......... 17%  584M 5s
  1250K .......... .......... .......... .......... .......... 17%  673M 4s
  1300K .......... .......... .......... .......... .......... 18%  640M 4s
  1350K .......... .......... .......... .......... .......... 19%  549M 4s
  1400K .......... .......... .......... .......... .......... 19%  675M 4s
  1450K .......... .......... .......... .......... .......... 20%  609M 4s
  1500K .......... .......... .......... .......... .......... 21%  682M 3s
  1550K .......... .......... .......... .......... .......... 21%  554M 3s
  1600K .......... .......... .......... .......... .......... 22% 15.6M 3s
  1650K .......... .......... .......... .......... .......... 23% 2.24M 3s
  1700K .......... .......... .......... .......... .......... 23% 2.02M 3s
  1750K .......... .......... .......... .......... .......... 24% 3.10M 3s
  1800K .......... .......... .......... .......... .......... 25% 2.26M 3s
  1850K .......... .......... .......... .......... .......... 25% 2.46M 3s
  1900K .......... .......... .......... .......... .......... 26% 2.67M 3s
  1950K .......... .......... .......... .......... .......... 27% 2.26M 3s
  2000K .......... .......... .......... .......... .......... 27% 2.73M 3s
  2050K .......... .......... .......... .......... .......... 28% 2.59M 3s
  2100K .......... .......... .......... .......... .......... 29% 2.20M 3s
  2150K .......... .......... .......... .......... .......... 30% 2.49M 3s
  2200K .......... .......... .......... .......... .......... 30% 2.35M 3s
  2250K .......... .......... .......... .......... .......... 31% 3.21M 3s
  2300K .......... .......... .......... .......... .......... 32% 2.90M 3s
  2350K .......... .......... .......... .......... .......... 32% 2.30M 3s
  2400K .......... .......... .......... .......... .......... 33% 2.88M 2s
  2450K .......... .......... .......... .......... .......... 34% 2.33M 2s
  2500K .......... .......... .......... .......... .......... 34% 2.58M 2s
  2550K .......... .......... .......... .......... .......... 35% 2.67M 2s
  2600K .......... .......... .......... .......... .......... 36% 2.37M 2s
  2650K .......... .......... .......... .......... .......... 36% 2.45M 2s
  2700K .......... .......... .......... .......... .......... 37% 2.16M 2s
  2750K .......... .......... .......... .......... .......... 38% 2.85M 2s
  2800K .......... .......... .......... .......... .......... 38% 3.14M 2s
  2850K .......... .......... .......... .......... .......... 39% 2.73M 2s
  2900K .......... .......... .......... .......... .......... 40% 2.70M 2s
  2950K .......... .......... .......... .......... .......... 40% 2.53M 2s
  3000K .......... .......... .......... .......... .......... 41% 2.47M 2s
  3050K .......... .......... .......... .......... .......... 42% 2.51M 2s
  3100K .......... .......... .......... .......... .......... 42% 2.30M 2s
  3150K .......... .......... .......... .......... .......... 43% 2.65M 2s
  3200K .......... .......... .......... .......... .......... 44% 2.13M 2s
  3250K .......... .......... .......... .......... .......... 45% 2.32M 2s
  3300K .......... .......... .......... .......... .......... 45% 3.06M 2s
  3350K .......... .......... .......... .......... .......... 46% 2.66M 2s
  3400K .......... .......... .......... .......... .......... 47% 2.80M 2s
  3450K .......... .......... .......... .......... .......... 47% 2.82M 2s
  3500K .......... .......... .......... .......... .......... 48% 3.34M 2s
  3550K .......... .......... .......... .......... .......... 49% 2.80M 2s
  3600K .......... .......... .......... .......... .......... 49% 2.42M 2s
  3650K .......... .......... .......... .......... .......... 50% 2.98M 2s
  3700K .......... .......... .......... .......... .......... 51% 2.36M 2s
  3750K .......... .......... .......... .......... .......... 51% 3.17M 2s
  3800K .......... .......... .......... .......... .......... 52% 2.82M 2s
  3850K .......... .......... .......... .......... .......... 53% 2.74M 2s
  3900K .......... .......... .......... .......... .......... 53% 3.18M 2s
  3950K .......... .......... .......... .......... .......... 54% 2.81M 2s
  4000K .......... .......... .......... .......... .......... 55% 3.03M 1s
  4050K .......... .......... .......... .......... .......... 55% 3.06M 1s
  4100K .......... .......... .......... .......... .......... 56% 2.22M 1s
  4150K .......... .......... .......... .......... .......... 57% 2.45M 1s
  4200K .......... .......... .......... .......... .......... 57% 2.25M 1s
  4250K .......... .......... .......... .......... .......... 58% 2.36M 1s
  4300K .......... .......... .......... .......... .......... 59% 2.55M 1s
  4350K .......... .......... .......... .......... .......... 60% 2.19M 1s
  4400K .......... .......... .......... .......... .......... 60% 3.10M 1s
  4450K .......... .......... .......... .......... .......... 61% 2.68M 1s
  4500K .......... .......... .......... .......... .......... 62% 3.72M 1s
  4550K .......... .......... .......... .......... .......... 62% 3.55M 1s
  4600K .......... .......... .......... .......... .......... 63% 2.59M 1s
  4650K .......... .......... .......... .......... .......... 64% 2.95M 1s
  4700K .......... .......... .......... .......... .......... 64% 2.43M 1s
  4750K .......... .......... .......... .......... .......... 65% 2.70M 1s
  4800K .......... .......... .......... .......... .......... 66% 2.20M 1s
  4850K .......... .......... .......... .......... .......... 66% 2.21M 1s
  4900K .......... .......... .......... .......... .......... 67% 2.50M 1s
  4950K .......... .......... .......... .......... .......... 68% 2.21M 1s
  5000K .......... .......... .......... .......... .......... 68% 2.74M 1s
  5050K .......... .......... .......... .......... .......... 69% 3.07M 1s
  5100K .......... .......... .......... .......... .......... 70% 2.51M 1s
  5150K .......... .......... .......... .......... .......... 70% 2.72M 1s
  5200K .......... .......... .......... .......... .......... 71% 2.17M 1s
  5250K .......... .......... .......... .......... .......... 72% 2.65M 1s
  5300K .......... .......... .......... .......... .......... 72% 2.35M 1s
  5350K .......... .......... .......... .......... .......... 73% 2.28M 1s
  5400K .......... .......... .......... .......... .......... 74% 2.35M 1s
  5450K .......... .......... .......... .......... .......... 75% 2.05M 1s
  5500K .......... .......... .......... .......... .......... 75% 2.95M 1s
  5550K .......... .......... .......... .......... .......... 76% 3.29M 1s
  5600K .......... .......... .......... .......... .......... 77% 2.36M 1s
  5650K .......... .......... .......... .......... .......... 77% 2.90M 1s
  5700K .......... .......... .......... .......... .......... 78% 2.12M 1s
  5750K .......... .......... .......... .......... .......... 79% 2.45M 1s
  5800K .......... .......... .......... .......... .......... 79% 2.49M 1s
  5850K .......... .......... .......... .......... .......... 80% 1.95M 1s
  5900K .......... .......... .......... .......... .......... 81% 2.31M 1s
  5950K .......... .......... .......... .......... .......... 81% 1.88M 1s
  6000K .......... .......... .......... .......... .......... 82% 2.61M 1s
  6050K .......... .......... .......... .......... .......... 83% 2.79M 1s
  6100K .......... .......... .......... .......... .......... 83% 2.64M 1s
  6150K .......... .......... .......... .......... .......... 84% 2.87M 0s
  6200K .......... .......... .......... .......... .......... 85% 2.00M 0s
  6250K .......... .......... .......... .......... .......... 85% 2.52M 0s
  6300K .......... .......... .......... .......... .......... 86% 2.28M 0s
  6350K .......... .......... .......... .......... .......... 87% 1.95M 0s
  6400K .......... .......... .......... .......... .......... 87% 2.12M 0s
  6450K .......... .......... .......... .......... .......... 88% 1.93M 0s
  6500K .......... .......... .......... .......... .......... 89% 2.81M 0s
  6550K .......... .......... .......... .......... .......... 90% 2.81M 0s
  6600K .......... .......... .......... .......... .......... 90% 2.33M 0s
  6650K .......... .......... .......... .......... .......... 91% 2.23M 0s
  6700K .......... .......... .......... .......... .......... 92% 2.35M 0s
  6750K .......... .......... .......... .......... .......... 92% 2.58M 0s
  6800K .......... .......... .......... .......... .......... 93% 2.49M 0s
  6850K .......... .......... .......... .......... .......... 94% 1.92M 0s
  6900K .......... .......... .......... .......... .......... 94% 2.30M 0s
  6950K .......... .......... .......... .......... .......... 95% 1.89M 0s
  7000K .......... .......... .......... .......... .......... 96% 2.66M 0s
  7050K .......... .......... .......... .......... .......... 96% 2.34M 0s
  7100K .......... .......... .......... .......... .......... 97% 2.15M 0s
  7150K .......... .......... .......... .......... .......... 98% 2.40M 0s
  7200K .......... .......... .......... .......... .......... 98% 2.47M 0s
  7250K .......... .......... .......... .......... .......... 99% 2.24M 0s
  7300K .......... .......... ..........                      100% 2.94M=3.2s

2025-08-04 12:27:39 (2.27 MB/s) - 'httpd-2.4.65.tar.bz2' saved [7506711/7506711]

--2025-08-04 12:27:39--  https://www.linuxfromscratch.org/patches/blfs/svn/httpd-2.4.65-blfs_layout-1.patch
Resolving www.linuxfromscratch.org (www.linuxfromscratch.org)... 208.118.68.85
Connecting to www.linuxfromscratch.org (www.linuxfromscratch.org)|208.118.68.85|:443... connected.
HTTP request sent, awaiting response... 404 Not Found
2025-08-04 12:27:39 ERROR 404: Not Found.

