--2026-04-06 07:16:40--  https://download.gnome.org/sources/vala/0.56/vala-0.56.19.tar.xz
Resolving download.gnome.org (download.gnome.org)... 79.127.206.207, 79.127.206.235, 152.233.11.105, ...
Connecting to download.gnome.org (download.gnome.org)|79.127.206.207|:443... connected.
HTTP request sent, awaiting response... 200 OK
Length: 4007612 (3.8M) [application/octet-stream]
Saving to: ‘vala-0.56.19.tar.xz’

     0K .......... .......... .......... .......... ..........  1% 5.24M 1s
    50K .......... .......... .......... .......... ..........  2% 12.7M 1s
   100K .......... .......... .......... .......... ..........  3% 12.3M 0s
   150K .......... .......... .......... .......... ..........  5% 11.3M 0s
   200K .......... .......... .......... .......... ..........  6% 48.4M 0s
   250K .......... .......... .......... .......... ..........  7% 18.5M 0s
   300K .......... .......... .......... .......... ..........  8% 12.2M 0s
   350K .......... .......... .......... .......... .......... 10% 49.3M 0s
   400K .......... .......... .......... .......... .......... 11% 16.8M 0s
   450K .......... .......... .......... .......... .......... 12% 78.0M 0s
   500K .......... .......... .......... .......... .......... 14% 81.7M 0s
   550K .......... .......... .......... .......... .......... 15% 16.5M 0s
   600K .......... .......... .......... .......... .......... 16% 64.5M 0s
   650K .......... .......... .......... .......... .......... 17% 94.3M 0s
   700K .......... .......... .......... .......... .......... 19% 18.0M 0s
   750K .......... .......... .......... .......... .......... 20% 97.1M 0s
   800K .......... .......... .......... .......... .......... 21%  101M 0s
   850K .......... .......... .......... .......... .......... 22% 16.1M 0s
   900K .......... .......... .......... .......... .......... 24%  101M 0s
   950K .......... .......... .......... .......... .......... 25% 73.6M 0s
  1000K .......... .......... .......... .......... .......... 26%  105M 0s
  1050K .......... .......... .......... .......... .......... 28%  129M 0s
  1100K .......... .......... .......... .......... .......... 29% 23.8M 0s
  1150K .......... .......... .......... .......... .......... 30% 92.9M 0s
  1200K .......... .......... .......... .......... .......... 31%  117M 0s
  1250K .......... .......... .......... .......... .......... 33%  113M 0s
  1300K .......... .......... .......... .......... .......... 34% 18.7M 0s
  1350K .......... .......... .......... .......... .......... 35%  113M 0s
  1400K .......... .......... .......... .......... .......... 37%  115M 0s
  1450K .......... .......... .......... .......... .......... 38%  119M 0s
  1500K .......... .......... .......... .......... .......... 39%  131M 0s
  1550K .......... .......... .......... .......... .......... 40% 83.8M 0s
  1600K .......... .......... .......... .......... .......... 42% 28.1M 0s
  1650K .......... .......... .......... .......... .......... 43%  114M 0s
  1700K .......... .......... .......... .......... .......... 44%  122M 0s
  1750K .......... .......... .......... .......... .......... 45%  129M 0s
  1800K .......... .......... .......... .......... .......... 47%  114M 0s
  1850K .......... .......... .......... .......... .......... 48%  117M 0s
  1900K .......... .......... .......... .......... .......... 49% 25.5M 0s
  1950K .......... .......... .......... .......... .......... 51% 84.7M 0s
  2000K .......... .......... .......... .......... .......... 52%  116M 0s
  2050K .......... .......... .......... .......... .......... 53%  124M 0s
  2100K .......... .......... .......... .......... .......... 54%  113M 0s
  2150K .......... .......... .......... .......... .......... 56%  115M 0s
  2200K .......... .......... .......... .......... .......... 57% 27.1M 0s
  2250K .......... .......... .......... .......... .......... 58%  133M 0s
  2300K .......... .......... .......... .......... .......... 60%  114M 0s
  2350K .......... .......... .......... .......... .......... 61% 82.7M 0s
  2400K .......... .......... .......... .......... .......... 62%  129M 0s
  2450K .......... .......... .......... .......... .......... 63%  120M 0s
  2500K .......... .......... .......... .......... .......... 65%  113M 0s
  2550K .......... .......... .......... .......... .......... 66%  123M 0s
  2600K .......... .......... .......... .......... .......... 67% 67.7M 0s
  2650K .......... .......... .......... .......... .......... 68%  121M 0s
  2700K .......... .......... .......... .......... .......... 70%  110M 0s
  2750K .......... .......... .......... .......... .......... 71% 88.2M 0s
  2800K .......... .......... .......... .......... .......... 72%  125M 0s
  2850K .......... .......... .......... .......... .......... 74%  113M 0s
  2900K .......... .......... .......... .......... .......... 75% 25.4M 0s
  2950K .......... .......... .......... .......... .......... 76%  114M 0s
  3000K .......... .......... .......... .......... .......... 77%  119M 0s
  3050K .......... .......... .......... .......... .......... 79%  114M 0s
  3100K .......... .......... .......... .......... .......... 80%  107M 0s
  3150K .......... .......... .......... .......... .......... 81% 94.6M 0s
  3200K .......... .......... .......... .......... .......... 83%  103M 0s
  3250K .......... .......... .......... .......... .......... 84%  128M 0s
  3300K .......... .......... .......... .......... .......... 85%  119M 0s
  3350K .......... .......... .......... .......... .......... 86%  113M 0s
  3400K .......... .......... .......... .......... .......... 88%  116M 0s
  3450K .......... .......... .......... .......... .......... 89%  115M 0s
  3500K .......... .......... .......... .......... .......... 90%  124M 0s
  3550K .......... .......... .......... .......... .......... 91% 7.08M 0s
  3600K .......... .......... .......... .......... .......... 93%  277M 0s
  3650K .......... .......... .......... .......... .......... 94%  284M 0s
  3700K .......... .......... .......... .......... .......... 95%  266M 0s
  3750K .......... .......... .......... .......... .......... 97%  290M 0s
  3800K .......... .......... .......... .......... .......... 98%  292M 0s
  3850K .......... .......... .......... .......... .......... 99%  282M 0s
  3900K .......... ...                                        100%  262M=0.09s

2026-04-06 07:16:41 (44.3 MB/s) - ‘vala-0.56.19.tar.xz’ saved [4007612/4007612]

--2026-04-06 07:16:41--  https://gitlab.archlinux.org/archlinux/packaging/packages/vala/-/raw/main/0001-valadoc-Fix-gvRenderData-to-match-graphviz-13.0.0.patch
Resolving gitlab.archlinux.org (gitlab.archlinux.org)... 213.133.111.15, 2a01:4f8:222:174c::1
Connecting to gitlab.archlinux.org (gitlab.archlinux.org)|213.133.111.15|:443... connected.
HTTP request sent, awaiting response... 404 Not Found
2026-04-06 07:16:41 ERROR 404: Not Found.

