--2026-02-03 08:19:07--  https://www.openldap.org/software/download/OpenLDAP/openldap-release/openldap-2.6.12.tgz
Resolving www.openldap.org (www.openldap.org)... 45.79.47.170, 2600:3c00:e000:2d3::1
Connecting to www.openldap.org (www.openldap.org)|45.79.47.170|:443... connected.
HTTP request sent, awaiting response... 200 OK
Length: 6524579 (6.2M) [application/octet-stream]
Saving to: ‘openldap-2.6.12.tgz’

     0K .......... .......... .......... .......... ..........  0% 1.22M 5s
    50K .......... .......... .......... .......... ..........  1% 1.22M 5s
   100K .......... .......... .......... .......... ..........  2% 1.22M 5s
   150K .......... .......... .......... .......... ..........  3% 40.2M 4s
   200K .......... .......... .......... .......... ..........  3% 1.24M 4s
   250K .......... .......... .......... .......... ..........  4% 12.8M 3s
   300K .......... .......... .......... .......... ..........  5% 1.38M 3s
   350K .......... .......... .......... .......... ..........  6% 12.8M 3s
   400K .......... .......... .......... .......... ..........  7% 1.36M 3s
   450K .......... .......... .......... .......... ..........  7% 37.8M 3s
   500K .......... .......... .......... .......... ..........  8% 19.0M 3s
   550K .......... .......... .......... .......... ..........  9% 39.3M 2s
   600K .......... .......... .......... .......... .......... 10% 1.37M 2s
   650K .......... .......... .......... .......... .......... 10% 13.4M 2s
   700K .......... .......... .......... .......... .......... 11% 40.9M 2s
   750K .......... .......... .......... .......... .......... 12% 1.38M 2s
   800K .......... .......... .......... .......... .......... 13% 44.0M 2s
   850K .......... .......... .......... .......... .......... 14% 18.0M 2s
   900K .......... .......... .......... .......... .......... 14% 1.38M 2s
   950K .......... .......... .......... .......... .......... 15% 38.2M 2s
  1000K .......... .......... .......... .......... .......... 16% 16.5M 2s
  1050K .......... .......... .......... .......... .......... 17% 41.7M 2s
  1100K .......... .......... .......... .......... .......... 18% 1.41M 2s
  1150K .......... .......... .......... .......... .......... 18% 29.6M 2s
  1200K .......... .......... .......... .......... .......... 19% 16.8M 2s
  1250K .......... .......... .......... .......... .......... 20% 43.4M 2s
  1300K .......... .......... .......... .......... .......... 21% 1.39M 2s
  1350K .......... .......... .......... .......... .......... 21% 41.7M 2s
  1400K .......... .......... .......... .......... .......... 22% 44.8M 2s
  1450K .......... .......... .......... .......... .......... 23% 38.4M 1s
  1500K .......... .......... .......... .......... .......... 24% 42.4M 1s
  1550K .......... .......... .......... .......... .......... 25% 1.37M 1s
  1600K .......... .......... .......... .......... .......... 25% 13.2M 1s
  1650K .......... .......... .......... .......... .......... 26% 44.0M 1s
  1700K .......... .......... .......... .......... .......... 27% 1.44M 1s
  1750K .......... .......... .......... .......... .......... 28% 36.8M 1s
  1800K .......... .......... .......... .......... .......... 29% 41.9M 1s
  1850K .......... .......... .......... .......... .......... 29% 43.8M 1s
  1900K .......... .......... .......... .......... .......... 30% 42.1M 1s
  1950K .......... .......... .......... .......... .......... 31% 33.9M 1s
  2000K .......... .......... .......... .......... .......... 32% 45.0M 1s
  2050K .......... .......... .......... .......... .......... 32% 1.45M 1s
  2100K .......... .......... .......... .......... .......... 33% 43.4M 1s
  2150K .......... .......... .......... .......... .......... 34% 18.1M 1s
  2200K .......... .......... .......... .......... .......... 35% 41.1M 1s
  2250K .......... .......... .......... .......... .......... 36% 44.5M 1s
  2300K .......... .......... .......... .......... .......... 36% 44.7M 1s
  2350K .......... .......... .......... .......... .......... 37% 1.45M 1s
  2400K .......... .......... .......... .......... .......... 38% 41.2M 1s
  2450K .......... .......... .......... .......... .......... 39% 41.8M 1s
  2500K .......... .......... .......... .......... .......... 40% 41.7M 1s
  2550K .......... .......... .......... .......... .......... 40% 44.6M 1s
  2600K .......... .......... .......... .......... .......... 41% 43.1M 1s
  2650K .......... .......... .......... .......... .......... 42% 42.6M 1s
  2700K .......... .......... .......... .......... .......... 43% 44.1M 1s
  2750K .......... .......... .......... .......... .......... 43% 1.60M 1s
  2800K .......... .......... .......... .......... .......... 44% 38.7M 1s
  2850K .......... .......... .......... .......... .......... 45% 40.6M 1s
  2900K .......... .......... .......... .......... .......... 46% 32.8M 1s
  2950K .......... .......... .......... .......... .......... 47% 13.1M 1s
  3000K .......... .......... .......... .......... .......... 47% 36.6M 1s
  3050K .......... .......... .......... .......... .......... 48% 41.6M 1s
  3100K .......... .......... .......... .......... .......... 49% 42.9M 1s
  3150K .......... .......... .......... .......... .......... 50% 1.69M 1s
  3200K .......... .......... .......... .......... .......... 51% 39.2M 1s
  3250K .......... .......... .......... .......... .......... 51% 40.5M 1s
  3300K .......... .......... .......... .......... .......... 52% 41.1M 1s
  3350K .......... .......... .......... .......... .......... 53% 53.3M 1s
  3400K .......... .......... .......... .......... .......... 54%  292M 1s
  3450K .......... .......... .......... .......... .......... 54%  271M 1s
  3500K .......... .......... .......... .......... .......... 55%  259M 1s
  3550K .......... .......... .......... .......... .......... 56%  223M 1s
  3600K .......... .......... .......... .......... .......... 57%  298M 1s
  3650K .......... .......... .......... .......... .......... 58%  297M 0s
  3700K .......... .......... .......... .......... .......... 58% 42.4M 0s
  3750K .......... .......... .......... .......... .......... 59% 89.4M 0s
  3800K .......... .......... .......... .......... .......... 60% 1.52M 0s
  3850K .......... .......... .......... .......... .......... 61% 39.5M 0s
  3900K .......... .......... .......... .......... .......... 61% 42.9M 0s
  3950K .......... .......... .......... .......... .......... 62% 14.4M 0s
  4000K .......... .......... .......... .......... .......... 63% 42.7M 0s
  4050K .......... .......... .......... .......... .......... 64% 41.6M 0s
  4100K .......... .......... .......... .......... .......... 65% 40.7M 0s
  4150K .......... .......... .......... .......... .......... 65% 38.2M 0s
  4200K .......... .......... .......... .......... .......... 66% 40.3M 0s
  4250K .......... .......... .......... .......... .......... 67% 43.4M 0s
  4300K .......... .......... .......... .......... .......... 68% 44.3M 0s
  4350K .......... .......... .......... .......... .......... 69% 33.2M 0s
  4400K .......... .......... .......... .......... .......... 69% 43.6M 0s
  4450K .......... .......... .......... .......... .......... 70% 43.8M 0s
  4500K .......... .......... .......... .......... .......... 71% 44.2M 0s
  4550K .......... .......... .......... .......... .......... 72% 41.6M 0s
  4600K .......... .......... .......... .......... .......... 72% 2.44M 0s
  4650K .......... .......... .......... .......... .......... 73% 38.9M 0s
  4700K .......... .......... .......... .......... .......... 74% 40.0M 0s
  4750K .......... .......... .......... .......... .......... 75% 32.6M 0s
  4800K .......... .......... .......... .......... .......... 76% 41.1M 0s
  4850K .......... .......... .......... .......... .......... 76% 52.2M 0s
  4900K .......... .......... .......... .......... .......... 77%  291M 0s
  4950K .......... .......... .......... .......... .......... 78%  272M 0s
  5000K .......... .......... .......... .......... .......... 79%  278M 0s
  5050K .......... .......... .......... .......... .......... 80%  288M 0s
  5100K .......... .......... .......... .......... .......... 80%  288M 0s
  5150K .......... .......... .......... .......... .......... 81%  222M 0s
  5200K .......... .......... .......... .......... .......... 82%  105M 0s
  5250K .......... .......... .......... .......... .......... 83% 12.5M 0s
  5300K .......... .......... .......... .......... .......... 83%  130M 0s
  5350K .......... .......... .......... .......... .......... 84%  116M 0s
  5400K .......... .......... .......... .......... .......... 85%  119M 0s
  5450K .......... .......... .......... .......... .......... 86%  115M 0s
  5500K .......... .......... .......... .......... .......... 87% 1.85M 0s
  5550K .......... .......... .......... .......... .......... 87% 99.6M 0s
  5600K .......... .......... .......... .......... .......... 88%  122M 0s
  5650K .......... .......... .......... .......... .......... 89%  110M 0s
  5700K .......... .......... .......... .......... .......... 90%  140M 0s
  5750K .......... .......... .......... .......... .......... 91%  114M 0s
  5800K .......... .......... .......... .......... .......... 91%  113M 0s
  5850K .......... .......... .......... .......... .......... 92%  109M 0s
  5900K .......... .......... .......... .......... .......... 93%  123M 0s
  5950K .......... .......... .......... .......... .......... 94% 1.18M 0s
  6000K .......... .......... .......... .......... .......... 94%  167M 0s
  6050K .......... .......... .......... .......... .......... 95%  113M 0s
  6100K .......... .......... .......... .......... .......... 96%  210M 0s
  6150K .......... .......... .......... .......... .......... 97%  200M 0s
  6200K .......... .......... .......... .......... .......... 98%  207M 0s
  6250K .......... .......... .......... .......... .......... 98%  206M 0s
  6300K .......... .......... .......... .......... .......... 99%  287M 0s
  6350K .......... .......... .                               100%  227M=0.8s

2026-02-03 08:19:08 (7.36 MB/s) - ‘openldap-2.6.12.tgz’ saved [6524579/6524579]

--2026-02-03 08:19:08--  https://www.linuxfromscratch.org/patches/blfs/svn/openldap-2.6.12-consolidated-1.patch
Resolving www.linuxfromscratch.org (www.linuxfromscratch.org)... 208.118.68.85
Connecting to www.linuxfromscratch.org (www.linuxfromscratch.org)|208.118.68.85|:443... connected.
HTTP request sent, awaiting response... 404 Not Found
2026-02-03 08:19:09 ERROR 404: Not Found.

