--2025-10-31 11:16:58--  https://github.com/libunwind/libunwind/releases/download/v1.8.3/libunwind-1.8.3.tar.gz
Resolving github.com (github.com)... 140.82.114.3
Connecting to github.com (github.com)|140.82.114.3|:443... connected.
HTTP request sent, awaiting response... 302 Found
Location: https://release-assets.githubusercontent.com/github-production-release-asset/78870047/e3513ad0-5812-43a2-80b8-cd4ab3f700f0?sp=r&sv=2018-11-09&sr=b&spr=https&se=2025-10-31T11%3A55%3A07Z&rscd=attachment%3B+filename%3Dlibunwind-1.8.3.tar.gz&rsct=application%2Foctet-stream&skoid=96c2d410-5711-43a1-aedd-ab1947aa7ab0&sktid=398a6654-997b-47e9-b12b-9515b896b4de&skt=2025-10-31T10%3A54%3A36Z&ske=2025-10-31T11%3A55%3A07Z&sks=b&skv=2018-11-09&sig=yOpi%2FN9ShUjUQoLb9lLKh3FkcUxVQ4lgBCAxqjf091c%3D&jwt=eyJ0eXAiOiJKV1QiLCJhbGciOiJIUzI1NiJ9.eyJpc3MiOiJnaXRodWIuY29tIiwiYXVkIjoicmVsZWFzZS1hc3NldHMuZ2l0aHVidXNlcmNvbnRlbnQuY29tIiwia2V5Ijoia2V5MSIsImV4cCI6MTc2MTkwOTcxOCwibmJmIjoxNzYxOTA5NDE4LCJwYXRoIjoicmVsZWFzZWFzc2V0cHJvZHVjdGlvbi5ibG9iLmNvcmUud2luZG93cy5uZXQifQ.ejoAd9rnuJs-s96A5Jsct0DChPFAZREQsTY33ja-Vr8&response-content-disposition=attachment%3B%20filename%3Dlibunwind-1.8.3.tar.gz&response-content-type=application%2Foctet-stream [following]
--2025-10-31 11:16:58--  https://release-assets.githubusercontent.com/github-production-release-asset/78870047/e3513ad0-5812-43a2-80b8-cd4ab3f700f0?sp=r&sv=2018-11-09&sr=b&spr=https&se=2025-10-31T11%3A55%3A07Z&rscd=attachment%3B+filename%3Dlibunwind-1.8.3.tar.gz&rsct=application%2Foctet-stream&skoid=96c2d410-5711-43a1-aedd-ab1947aa7ab0&sktid=398a6654-997b-47e9-b12b-9515b896b4de&skt=2025-10-31T10%3A54%3A36Z&ske=2025-10-31T11%3A55%3A07Z&sks=b&skv=2018-11-09&sig=yOpi%2FN9ShUjUQoLb9lLKh3FkcUxVQ4lgBCAxqjf091c%3D&jwt=eyJ0eXAiOiJKV1QiLCJhbGciOiJIUzI1NiJ9.eyJpc3MiOiJnaXRodWIuY29tIiwiYXVkIjoicmVsZWFzZS1hc3NldHMuZ2l0aHVidXNlcmNvbnRlbnQuY29tIiwia2V5Ijoia2V5MSIsImV4cCI6MTc2MTkwOTcxOCwibmJmIjoxNzYxOTA5NDE4LCJwYXRoIjoicmVsZWFzZWFzc2V0cHJvZHVjdGlvbi5ibG9iLmNvcmUud2luZG93cy5uZXQifQ.ejoAd9rnuJs-s96A5Jsct0DChPFAZREQsTY33ja-Vr8&response-content-disposition=attachment%3B%20filename%3Dlibunwind-1.8.3.tar.gz&response-content-type=application%2Foctet-stream
Resolving release-assets.githubusercontent.com (release-assets.githubusercontent.com)... 185.199.109.133, 185.199.110.133, 185.199.108.133, ...
Connecting to release-assets.githubusercontent.com (release-assets.githubusercontent.com)|185.199.109.133|:443... connected.
HTTP request sent, awaiting response... 200 OK
Length: 981017 (958K) [application/octet-stream]
Saving to: ‘libunwind-1.8.3.tar.gz.1’

     0K .......... .......... .......... .......... ..........  5% 6.79M 0s
    50K .......... .......... .......... .......... .......... 10% 21.4M 0s
   100K .......... .......... .......... .......... .......... 15% 8.20M 0s
   150K .......... .......... .......... .......... .......... 20%  119M 0s
   200K .......... .......... .......... .......... .......... 26% 14.1M 0s
   250K .......... .......... .......... .......... .......... 31% 11.7M 0s
   300K .......... .......... .......... .......... .......... 36%  119M 0s
   350K .......... .......... .......... .......... .......... 41% 14.1M 0s
   400K .......... .......... .......... .......... .......... 46% 12.6M 0s
   450K .......... .......... .......... .......... .......... 52% 99.1M 0s
   500K .......... .......... .......... .......... .......... 57%  155M 0s
   550K .......... .......... .......... .......... .......... 62%  102M 0s
   600K .......... .......... .......... .......... .......... 67% 7.36M 0s
   650K .......... .......... .......... .......... .......... 73% 90.8M 0s
   700K .......... .......... .......... .......... .......... 78%  111M 0s
   750K .......... .......... .......... .......... .......... 83%  100M 0s
   800K .......... .......... .......... .......... .......... 88% 17.3M 0s
   850K .......... .......... .......... .......... .......... 93%  151M 0s
   900K .......... .......... .......... .......... .......... 99%  165M 0s
   950K ........                                              100%  130M=0.04s

2025-10-31 11:16:58 (21.2 MB/s) - ‘libunwind-1.8.3.tar.gz.1’ saved [981017/981017]

libunwind-1.8.3/
libunwind-1.8.3/TODO
libunwind-1.8.3/src/
libunwind-1.8.3/src/elfxx.h
libunwind-1.8.3/src/os-qnx.c
libunwind-1.8.3/src/ia64/
libunwind-1.8.3/src/ia64/Linit.c
libunwind-1.8.3/src/ia64/Grbs.c
libunwind-1.8.3/src/ia64/Gparser.c
libunwind-1.8.3/src/ia64/Lfind_unwind_table.c
libunwind-1.8.3/src/ia64/Linit_local.c
libunwind-1.8.3/src/ia64/Gtables.c
libunwind-1.8.3/src/ia64/Gglobal.c
libunwind-1.8.3/src/ia64/Lregs.c
libunwind-1.8.3/src/ia64/Ginit_remote.c
libunwind-1.8.3/src/ia64/Lget_save_loc.c
libunwind-1.8.3/src/ia64/Greg_states_iterate.c
libunwind-1.8.3/src/ia64/setjmp.S
libunwind-1.8.3/src/ia64/unwind_decoder.h
libunwind-1.8.3/src/ia64/sigsetjmp.S
libunwind-1.8.3/src/ia64/siglongjmp.S
libunwind-1.8.3/src/ia64/Lscript.c
libunwind-1.8.3/src/ia64/Lglobal.c
libunwind-1.8.3/src/ia64/longjmp.S
libunwind-1.8.3/src/ia64/Gstep.c
libunwind-1.8.3/src/ia64/dyn_info_list.S
libunwind-1.8.3/src/ia64/mk_cursor_i
libunwind-1.8.3/src/ia64/mk_Lcursor_i.c
libunwind-1.8.3/src/ia64/offsets.h
libunwind-1.8.3/src/ia64/Ginstall_cursor.S
libunwind-1.8.3/src/ia64/mk_Gcursor_i.c
libunwind-1.8.3/src/ia64/Ginit_local.c
libunwind-1.8.3/src/ia64/Gapply_reg_state.c
libunwind-1.8.3/src/ia64/getcontext.S
libunwind-1.8.3/src/ia64/regname.c
libunwind-1.8.3/src/ia64/Gresume.c
libunwind-1.8.3/src/ia64/Gscript.c
libunwind-1.8.3/src/ia64/Lrbs.c
libunwind-1.8.3/src/ia64/Lapply_reg_state.c
libunwind-1.8.3/src/ia64/Lis_signal_frame.c
libunwind-1.8.3/src/ia64/Lreg_states_iterate.c
libunwind-1.8.3/src/ia64/Linit_remote.c
libunwind-1.8.3/src/ia64/Lparser.c
libunwind-1.8.3/src/ia64/Gfind_unwind_table.c
libunwind-1.8.3/src/ia64/Lget_proc_info.c
libunwind-1.8.3/src/ia64/Gget_save_loc.c
libunwind-1.8.3/src/ia64/init.h
libunwind-1.8.3/src/ia64/Linstall_cursor.S
libunwind-1.8.3/src/ia64/regs.h
libunwind-1.8.3/src/ia64/Lresume.c
libunwind-1.8.3/src/ia64/Lcreate_addr_space.c
libunwind-1.8.3/src/ia64/Gregs.c
libunwind-1.8.3/src/ia64/Gget_proc_info.c
libunwind-1.8.3/src/ia64/Ltables.c
libunwind-1.8.3/src/ia64/Ginit.c
libunwind-1.8.3/src/ia64/Lstep.c
libunwind-1.8.3/src/ia64/unwind_i.h
libunwind-1.8.3/src/ia64/Gcreate_addr_space.c
libunwind-1.8.3/src/ia64/Gis_signal_frame.c
libunwind-1.8.3/src/ia64/ucontext_i.h
libunwind-1.8.3/src/os-solaris.c
libunwind-1.8.3/src/x86_64/
libunwind-1.8.3/src/x86_64/Linit.c
libunwind-1.8.3/src/x86_64/Linit_local.c
libunwind-1.8.3/src/x86_64/Gglobal.c
libunwind-1.8.3/src/x86_64/Gstash_frame.c
libunwind-1.8.3/src/x86_64/Lregs.c
libunwind-1.8.3/src/x86_64/Ginit_remote.c
libunwind-1.8.3/src/x86_64/Lget_save_loc.c
libunwind-1.8.3/src/x86_64/Greg_states_iterate.c
libunwind-1.8.3/src/x86_64/Lstash_frame.c
libunwind-1.8.3/src/x86_64/siglongjmp.S
libunwind-1.8.3/src/x86_64/Lglobal.c
libunwind-1.8.3/src/x86_64/longjmp.S
libunwind-1.8.3/src/x86_64/Ltrace.c
libunwind-1.8.3/src/x86_64/Gstep.c
libunwind-1.8.3/src/x86_64/setcontext.S
libunwind-1.8.3/src/x86_64/Los-qnx.c
libunwind-1.8.3/src/x86_64/Gtrace.c
libunwind-1.8.3/src/x86_64/Ginit_local.c
libunwind-1.8.3/src/x86_64/Gapply_reg_state.c
libunwind-1.8.3/src/x86_64/Gos-freebsd.c
libunwind-1.8.3/src/x86_64/getcontext.S
libunwind-1.8.3/src/x86_64/regname.c
libunwind-1.8.3/src/x86_64/Gresume.c
libunwind-1.8.3/src/x86_64/Lapply_reg_state.c
libunwind-1.8.3/src/x86_64/Los-freebsd.c
libunwind-1.8.3/src/x86_64/Lreg_states_iterate.c
libunwind-1.8.3/src/x86_64/Linit_remote.c
libunwind-1.8.3/src/x86_64/Lget_proc_info.c
libunwind-1.8.3/src/x86_64/Gget_save_loc.c
libunwind-1.8.3/src/x86_64/init.h
libunwind-1.8.3/src/x86_64/Los-linux.c
libunwind-1.8.3/src/x86_64/Lresume.c
libunwind-1.8.3/src/x86_64/Lcreate_addr_space.c
libunwind-1.8.3/src/x86_64/Gregs.c
libunwind-1.8.3/src/x86_64/Gget_proc_info.c
libunwind-1.8.3/src/x86_64/Ginit.c
libunwind-1.8.3/src/x86_64/Lstep.c
libunwind-1.8.3/src/x86_64/Los-solaris.c
libunwind-1.8.3/src/x86_64/unwind_i.h
libunwind-1.8.3/src/x86_64/Gos-qnx.c
libunwind-1.8.3/src/x86_64/Gos-solaris.c
libunwind-1.8.3/src/x86_64/Gos-linux.c
libunwind-1.8.3/src/x86_64/is_fpreg.c
libunwind-1.8.3/src/x86_64/Gcreate_addr_space.c
libunwind-1.8.3/src/x86_64/ucontext_i.h
libunwind-1.8.3/src/ppc/
libunwind-1.8.3/src/ppc/Linit_local.c
libunwind-1.8.3/src/ppc/Ginit_remote.c
libunwind-1.8.3/src/ppc/Lget_save_loc.c
libunwind-1.8.3/src/ppc/siglongjmp.S
libunwind-1.8.3/src/ppc/longjmp.S
libunwind-1.8.3/src/ppc/Ginit_local.c
libunwind-1.8.3/src/ppc/Lis_signal_frame.c
libunwind-1.8.3/src/ppc/Linit_remote.c
libunwind-1.8.3/src/ppc/Lget_proc_info.c
libunwind-1.8.3/src/ppc/Gget_save_loc.c
libunwind-1.8.3/src/ppc/Gget_proc_info.c
libunwind-1.8.3/src/ppc/Gis_signal_frame.c
libunwind-1.8.3/src/riscv/
libunwind-1.8.3/src/riscv/Linit.c
libunwind-1.8.3/src/riscv/Linit_local.c
libunwind-1.8.3/src/riscv/Gglobal.c
libunwind-1.8.3/src/riscv/Lregs.c
libunwind-1.8.3/src/riscv/Ginit_remote.c
libunwind-1.8.3/src/riscv/Lget_save_loc.c
libunwind-1.8.3/src/riscv/Greg_states_iterate.c
libunwind-1.8.3/src/riscv/siglongjmp.S
libunwind-1.8.3/src/riscv/Lglobal.c
libunwind-1.8.3/src/riscv/Gstep.c
libunwind-1.8.3/src/riscv/offsets.h
libunwind-1.8.3/src/riscv/setcontext.S
libunwind-1.8.3/src/riscv/Ginit_local.c
libunwind-1.8.3/src/riscv/Gapply_reg_state.c
libunwind-1.8.3/src/riscv/getcontext.S
libunwind-1.8.3/src/riscv/regname.c
libunwind-1.8.3/src/riscv/Gresume.c
libunwind-1.8.3/src/riscv/Lapply_reg_state.c
libunwind-1.8.3/src/riscv/Lis_signal_frame.c
libunwind-1.8.3/src/riscv/asm.h
libunwind-1.8.3/src/riscv/Lreg_states_iterate.c
libunwind-1.8.3/src/riscv/Linit_remote.c
libunwind-1.8.3/src/riscv/Lget_proc_info.c
libunwind-1.8.3/src/riscv/Gget_save_loc.c
libunwind-1.8.3/src/riscv/init.h
libunwind-1.8.3/src/riscv/Lresume.c
libunwind-1.8.3/src/riscv/Lcreate_addr_space.c
libunwind-1.8.3/src/riscv/Gregs.c
libunwind-1.8.3/src/riscv/Gget_proc_info.c
libunwind-1.8.3/src/riscv/Ginit.c
libunwind-1.8.3/src/riscv/Lstep.c
libunwind-1.8.3/src/riscv/unwind_i.h
libunwind-1.8.3/src/riscv/is_fpreg.c
libunwind-1.8.3/src/riscv/Gcreate_addr_space.c
libunwind-1.8.3/src/riscv/Gis_signal_frame.c
libunwind-1.8.3/src/nto/
libunwind-1.8.3/src/nto/unw_nto_get_elf_filename.c
libunwind-1.8.3/src/nto/unw_nto_get_proc_name.c
libunwind-1.8.3/src/nto/unw_nto_destroy.c
libunwind-1.8.3/src/nto/unw_nto_access_mem.c
libunwind-1.8.3/src/nto/unw_nto_access_reg.c
libunwind-1.8.3/src/nto/unw_nto_find_proc_info.c
libunwind-1.8.3/src/nto/unw_nto_resume.c
libunwind-1.8.3/src/nto/unw_nto_access_fpreg.c
libunwind-1.8.3/src/nto/unw_nto_internal.h
libunwind-1.8.3/src/nto/unw_nto_get_dyn_info_list_addr.c
libunwind-1.8.3/src/nto/unw_nto_create.c
libunwind-1.8.3/src/nto/unw_nto_accessors.c
libunwind-1.8.3/src/nto/unw_nto_put_unwind_info.c
libunwind-1.8.3/src/nto/unw_nto_elf.c
libunwind-1.8.3/src/os-freebsd.c
libunwind-1.8.3/src/arm/
libunwind-1.8.3/src/arm/Linit.c
libunwind-1.8.3/src/arm/Gex_tables.c
libunwind-1.8.3/src/arm/Linit_local.c
libunwind-1.8.3/src/arm/Gglobal.c
libunwind-1.8.3/src/arm/Gstash_frame.c
libunwind-1.8.3/src/arm/Lregs.c
libunwind-1.8.3/src/arm/Ginit_remote.c
libunwind-1.8.3/src/arm/Lget_save_loc.c
libunwind-1.8.3/src/arm/Greg_states_iterate.c
libunwind-1.8.3/src/arm/Lstash_frame.c
libunwind-1.8.3/src/arm/siglongjmp.S
libunwind-1.8.3/src/arm/Lglobal.c
libunwind-1.8.3/src/arm/Ltrace.c
libunwind-1.8.3/src/arm/Gstep.c
libunwind-1.8.3/src/arm/offsets.h
libunwind-1.8.3/src/arm/Gtrace.c
libunwind-1.8.3/src/arm/Ginit_local.c
libunwind-1.8.3/src/arm/Gapply_reg_state.c
libunwind-1.8.3/src/arm/Gos-freebsd.c
libunwind-1.8.3/src/arm/getcontext.S
libunwind-1.8.3/src/arm/regname.c
libunwind-1.8.3/src/arm/Gresume.c
libunwind-1.8.3/src/arm/Lapply_reg_state.c
libunwind-1.8.3/src/arm/Los-freebsd.c
libunwind-1.8.3/src/arm/Lreg_states_iterate.c
libunwind-1.8.3/src/arm/Linit_remote.c
libunwind-1.8.3/src/arm/Lget_proc_info.c
libunwind-1.8.3/src/arm/Gget_save_loc.c
libunwind-1.8.3/src/arm/init.h
libunwind-1.8.3/src/arm/Los-linux.c
libunwind-1.8.3/src/arm/Lresume.c
libunwind-1.8.3/src/arm/Lcreate_addr_space.c
libunwind-1.8.3/src/arm/Gregs.c
libunwind-1.8.3/src/arm/Gos-other.c
libunwind-1.8.3/src/arm/Gget_proc_info.c
libunwind-1.8.3/src/arm/Ginit.c
libunwind-1.8.3/src/arm/Lstep.c
libunwind-1.8.3/src/arm/Los-other.c
libunwind-1.8.3/src/arm/unwind_i.h
libunwind-1.8.3/src/arm/Lex_tables.c
libunwind-1.8.3/src/arm/Gos-linux.c
libunwind-1.8.3/src/arm/is_fpreg.c
libunwind-1.8.3/src/arm/Gcreate_addr_space.c
libunwind-1.8.3/src/mi/
libunwind-1.8.3/src/mi/dyn-cancel.c
libunwind-1.8.3/src/mi/Gset_iterate_phdr_function.c
libunwind-1.8.3/src/mi/_ReadULEB.c
libunwind-1.8.3/src/mi/Gdyn-extract.c
libunwind-1.8.3/src/mi/Gaddress_validator.c
libunwind-1.8.3/src/mi/_ReadSLEB.c
libunwind-1.8.3/src/mi/Gset_caching_policy.c
libunwind-1.8.3/src/mi/Ldyn-extract.c
libunwind-1.8.3/src/mi/Ldestroy_addr_space.c
libunwind-1.8.3/src/mi/init.c
libunwind-1.8.3/src/mi/Lis_plt_entry.c
libunwind-1.8.3/src/mi/strerror.c
libunwind-1.8.3/src/mi/Lget_proc_info_by_ip.c
libunwind-1.8.3/src/mi/dyn-register.c
libunwind-1.8.3/src/mi/Lset_reg.c
libunwind-1.8.3/src/mi/Gget_proc_name.c
libunwind-1.8.3/src/mi/mempool.c
libunwind-1.8.3/src/mi/Laddress_validator.c
libunwind-1.8.3/src/mi/flush_cache.c
libunwind-1.8.3/src/mi/Gget_elf_filename.c
libunwind-1.8.3/src/mi/Lget_fpreg.c
libunwind-1.8.3/src/mi/backtrace.c
libunwind-1.8.3/src/mi/Gget_proc_info_by_ip.c
libunwind-1.8.3/src/mi/Gset_cache_size.c
libunwind-1.8.3/src/mi/Lset_cache_size.c
libunwind-1.8.3/src/mi/Gset_reg.c
libunwind-1.8.3/src/mi/Gget_accessors.c
libunwind-1.8.3/src/mi/Lset_fpreg.c
libunwind-1.8.3/src/mi/Gdyn-remote.c
libunwind-1.8.3/src/mi/Lget_elf_filename.c
libunwind-1.8.3/src/mi/Gis_plt_entry.c
libunwind-1.8.3/src/mi/Gget_fpreg.c
libunwind-1.8.3/src/mi/Lset_iterate_phdr_function.c
libunwind-1.8.3/src/mi/dyn-info-list.c
libunwind-1.8.3/src/mi/Gput_dynamic_unwind_info.c
libunwind-1.8.3/src/mi/Lget_reg.c
libunwind-1.8.3/src/mi/Gget_reg.c
libunwind-1.8.3/src/mi/Lget_accessors.c
libunwind-1.8.3/src/mi/Lfind_dynamic_proc_info.c
libunwind-1.8.3/src/mi/Gset_fpreg.c
libunwind-1.8.3/src/mi/Gdestroy_addr_space.c
libunwind-1.8.3/src/mi/Gfind_dynamic_proc_info.c
libunwind-1.8.3/src/mi/Lput_dynamic_unwind_info.c
libunwind-1.8.3/src/mi/Lset_caching_policy.c
libunwind-1.8.3/src/mi/Lget_proc_name.c
libunwind-1.8.3/src/hppa/
libunwind-1.8.3/src/hppa/Linit.c
libunwind-1.8.3/src/hppa/Linit_local.c
libunwind-1.8.3/src/hppa/Gglobal.c
libunwind-1.8.3/src/hppa/Lregs.c
libunwind-1.8.3/src/hppa/Ginit_remote.c
libunwind-1.8.3/src/hppa/Lget_save_loc.c
libunwind-1.8.3/src/hppa/Greg_states_iterate.c
libunwind-1.8.3/src/hppa/siglongjmp.S
libunwind-1.8.3/src/hppa/Lglobal.c
libunwind-1.8.3/src/hppa/Gstep.c
libunwind-1.8.3/src/hppa/offsets.h
libunwind-1.8.3/src/hppa/setcontext.S
libunwind-1.8.3/src/hppa/Ginit_local.c
libunwind-1.8.3/src/hppa/Gapply_reg_state.c
libunwind-1.8.3/src/hppa/getcontext.S
libunwind-1.8.3/src/hppa/regname.c
libunwind-1.8.3/src/hppa/Gresume.c
libunwind-1.8.3/src/hppa/Lapply_reg_state.c
libunwind-1.8.3/src/hppa/Lis_signal_frame.c
libunwind-1.8.3/src/hppa/Lreg_states_iterate.c
libunwind-1.8.3/src/hppa/Linit_remote.c
libunwind-1.8.3/src/hppa/Lget_proc_info.c
libunwind-1.8.3/src/hppa/Gget_save_loc.c
libunwind-1.8.3/src/hppa/init.h
libunwind-1.8.3/src/hppa/Lresume.c
libunwind-1.8.3/src/hppa/Lcreate_addr_space.c
libunwind-1.8.3/src/hppa/Gregs.c
libunwind-1.8.3/src/hppa/Gget_proc_info.c
libunwind-1.8.3/src/hppa/Ginit.c
libunwind-1.8.3/src/hppa/Lstep.c
libunwind-1.8.3/src/hppa/unwind_i.h
libunwind-1.8.3/src/hppa/Gcreate_addr_space.c
libunwind-1.8.3/src/hppa/Gis_signal_frame.c
libunwind-1.8.3/src/ppc32/
libunwind-1.8.3/src/ppc32/Linit.c
libunwind-1.8.3/src/ppc32/Gglobal.c
libunwind-1.8.3/src/ppc32/Lregs.c
libunwind-1.8.3/src/ppc32/Greg_states_iterate.c
libunwind-1.8.3/src/ppc32/Lglobal.c
libunwind-1.8.3/src/ppc32/Gstep.c
libunwind-1.8.3/src/ppc32/Gapply_reg_state.c
libunwind-1.8.3/src/ppc32/regname.c
libunwind-1.8.3/src/ppc32/Gresume.c
libunwind-1.8.3/src/ppc32/Lapply_reg_state.c
libunwind-1.8.3/src/ppc32/Lreg_states_iterate.c
libunwind-1.8.3/src/ppc32/init.h
libunwind-1.8.3/src/ppc32/Lresume.c
libunwind-1.8.3/src/ppc32/Lcreate_addr_space.c
libunwind-1.8.3/src/ppc32/Gregs.c
libunwind-1.8.3/src/ppc32/Ginit.c
libunwind-1.8.3/src/ppc32/Lstep.c
libunwind-1.8.3/src/ppc32/unwind_i.h
libunwind-1.8.3/src/ppc32/get_func_addr.c
libunwind-1.8.3/src/ppc32/is_fpreg.c
libunwind-1.8.3/src/ppc32/Gcreate_addr_space.c
libunwind-1.8.3/src/ppc32/ucontext_i.h
libunwind-1.8.3/src/elf32.h
libunwind-1.8.3/src/os-linux.h
libunwind-1.8.3/src/elf64.h
libunwind-1.8.3/src/sh/
libunwind-1.8.3/src/sh/Linit.c
libunwind-1.8.3/src/sh/Linit_local.c
libunwind-1.8.3/src/sh/Gglobal.c
libunwind-1.8.3/src/sh/Lregs.c
libunwind-1.8.3/src/sh/Ginit_remote.c
libunwind-1.8.3/src/sh/Lget_save_loc.c
libunwind-1.8.3/src/sh/Greg_states_iterate.c
libunwind-1.8.3/src/sh/siglongjmp.S
libunwind-1.8.3/src/sh/Lglobal.c
libunwind-1.8.3/src/sh/Gstep.c
libunwind-1.8.3/src/sh/offsets.h
libunwind-1.8.3/src/sh/Ginit_local.c
libunwind-1.8.3/src/sh/Gapply_reg_state.c
libunwind-1.8.3/src/sh/regname.c
libunwind-1.8.3/src/sh/Gresume.c
libunwind-1.8.3/src/sh/Lapply_reg_state.c
libunwind-1.8.3/src/sh/Lis_signal_frame.c
libunwind-1.8.3/src/sh/Lreg_states_iterate.c
libunwind-1.8.3/src/sh/Linit_remote.c
libunwind-1.8.3/src/sh/Lget_proc_info.c
libunwind-1.8.3/src/sh/Gget_save_loc.c
libunwind-1.8.3/src/sh/init.h
libunwind-1.8.3/src/sh/Lresume.c
libunwind-1.8.3/src/sh/Lcreate_addr_space.c
libunwind-1.8.3/src/sh/Gregs.c
libunwind-1.8.3/src/sh/Gget_proc_info.c
libunwind-1.8.3/src/sh/Ginit.c
libunwind-1.8.3/src/sh/Lstep.c
libunwind-1.8.3/src/sh/unwind_i.h
libunwind-1.8.3/src/sh/is_fpreg.c
libunwind-1.8.3/src/sh/Gcreate_addr_space.c
libunwind-1.8.3/src/sh/Gis_signal_frame.c
libunwind-1.8.3/src/unwind/
libunwind-1.8.3/src/unwind/GetIP.c
libunwind-1.8.3/src/unwind/GetLanguageSpecificData.c
libunwind-1.8.3/src/unwind/GetIPInfo.c
libunwind-1.8.3/src/unwind/DeleteException.c
libunwind-1.8.3/src/unwind/GetCFA.c
libunwind-1.8.3/src/unwind/libunwind.pc.in
libunwind-1.8.3/src/unwind/SetIP.c
libunwind-1.8.3/src/unwind/GetTextRelBase.c
libunwind-1.8.3/src/unwind/unwind-internal.h
libunwind-1.8.3/src/unwind/GetBSP.c
libunwind-1.8.3/src/unwind/RaiseException.c
libunwind-1.8.3/src/unwind/FindEnclosingFunction.c
libunwind-1.8.3/src/unwind/SetGR.c
libunwind-1.8.3/src/unwind/ForcedUnwind.c
libunwind-1.8.3/src/unwind/GetDataRelBase.c
libunwind-1.8.3/src/unwind/GetGR.c
libunwind-1.8.3/src/unwind/Resume.c
libunwind-1.8.3/src/unwind/GetRegionStart.c
libunwind-1.8.3/src/unwind/Resume_or_Rethrow.c
libunwind-1.8.3/src/unwind/Backtrace.c
libunwind-1.8.3/src/Makefile.am
libunwind-1.8.3/src/loongarch64/
libunwind-1.8.3/src/loongarch64/Linit.c
libunwind-1.8.3/src/loongarch64/Linit_local.c
libunwind-1.8.3/src/loongarch64/Gglobal.c
libunwind-1.8.3/src/loongarch64/Lregs.c
libunwind-1.8.3/src/loongarch64/Ginit_remote.c
libunwind-1.8.3/src/loongarch64/Lget_save_loc.c
libunwind-1.8.3/src/loongarch64/Greg_states_iterate.c
libunwind-1.8.3/src/loongarch64/siglongjmp.S
libunwind-1.8.3/src/loongarch64/Lglobal.c
libunwind-1.8.3/src/loongarch64/Gstep.c
libunwind-1.8.3/src/loongarch64/offsets.h
libunwind-1.8.3/src/loongarch64/Ginit_local.c
libunwind-1.8.3/src/loongarch64/Gapply_reg_state.c
libunwind-1.8.3/src/loongarch64/getcontext.S
libunwind-1.8.3/src/loongarch64/regname.c
libunwind-1.8.3/src/loongarch64/Gresume.c
libunwind-1.8.3/src/loongarch64/Lapply_reg_state.c
libunwind-1.8.3/src/loongarch64/Lis_signal_frame.c
libunwind-1.8.3/src/loongarch64/Lreg_states_iterate.c
libunwind-1.8.3/src/loongarch64/Linit_remote.c
libunwind-1.8.3/src/loongarch64/Lget_proc_info.c
libunwind-1.8.3/src/loongarch64/Gget_save_loc.c
libunwind-1.8.3/src/loongarch64/init.h
libunwind-1.8.3/src/loongarch64/Lresume.c
libunwind-1.8.3/src/loongarch64/Lcreate_addr_space.c
libunwind-1.8.3/src/loongarch64/Gregs.c
libunwind-1.8.3/src/loongarch64/Gget_proc_info.c
libunwind-1.8.3/src/loongarch64/Ginit.c
libunwind-1.8.3/src/loongarch64/Lstep.c
libunwind-1.8.3/src/loongarch64/unwind_i.h
libunwind-1.8.3/src/loongarch64/is_fpreg.c
libunwind-1.8.3/src/loongarch64/Gcreate_addr_space.c
libunwind-1.8.3/src/loongarch64/Gis_signal_frame.c
libunwind-1.8.3/src/Makefile.in
libunwind-1.8.3/src/dl-iterate-phdr.c
libunwind-1.8.3/src/aarch64/
libunwind-1.8.3/src/aarch64/Linit.c
libunwind-1.8.3/src/aarch64/Linit_local.c
libunwind-1.8.3/src/aarch64/Gglobal.c
libunwind-1.8.3/src/aarch64/Gstash_frame.c
libunwind-1.8.3/src/aarch64/Lregs.c
libunwind-1.8.3/src/aarch64/Ginit_remote.c
libunwind-1.8.3/src/aarch64/Lget_save_loc.c
libunwind-1.8.3/src/aarch64/Greg_states_iterate.c
libunwind-1.8.3/src/aarch64/Lstrip_ptrauth_insn_mask.c
libunwind-1.8.3/src/aarch64/Lstash_frame.c
libunwind-1.8.3/src/aarch64/siglongjmp.S
libunwind-1.8.3/src/aarch64/Lglobal.c
libunwind-1.8.3/src/aarch64/longjmp.S
libunwind-1.8.3/src/aarch64/Ltrace.c
libunwind-1.8.3/src/aarch64/Gstep.c
libunwind-1.8.3/src/aarch64/setcontext.S
libunwind-1.8.3/src/aarch64/Los-qnx.c
libunwind-1.8.3/src/aarch64/Gstrip_ptrauth_insn_mask.c
libunwind-1.8.3/src/aarch64/Gtrace.c
libunwind-1.8.3/src/aarch64/Ginit_local.c
libunwind-1.8.3/src/aarch64/Gapply_reg_state.c
libunwind-1.8.3/src/aarch64/Gos-freebsd.c
libunwind-1.8.3/src/aarch64/getcontext.S
libunwind-1.8.3/src/aarch64/regname.c
libunwind-1.8.3/src/aarch64/Gresume.c
libunwind-1.8.3/src/aarch64/Lapply_reg_state.c
libunwind-1.8.3/src/aarch64/Lis_signal_frame.c
libunwind-1.8.3/src/aarch64/Los-freebsd.c
libunwind-1.8.3/src/aarch64/Lreg_states_iterate.c
libunwind-1.8.3/src/aarch64/Linit_remote.c
libunwind-1.8.3/src/aarch64/Lget_proc_info.c
libunwind-1.8.3/src/aarch64/Gget_save_loc.c
libunwind-1.8.3/src/aarch64/init.h
libunwind-1.8.3/src/aarch64/Los-linux.c
libunwind-1.8.3/src/aarch64/Lresume.c
libunwind-1.8.3/src/aarch64/Lcreate_addr_space.c
libunwind-1.8.3/src/aarch64/Gregs.c
libunwind-1.8.3/src/aarch64/Gget_proc_info.c
libunwind-1.8.3/src/aarch64/Ginit.c
libunwind-1.8.3/src/aarch64/Lstep.c
libunwind-1.8.3/src/aarch64/unwind_i.h
libunwind-1.8.3/src/aarch64/Gos-qnx.c
libunwind-1.8.3/src/aarch64/Gos-linux.c
libunwind-1.8.3/src/aarch64/is_fpreg.c
libunwind-1.8.3/src/aarch64/Gcreate_addr_space.c
libunwind-1.8.3/src/aarch64/Gis_signal_frame.c
libunwind-1.8.3/src/aarch64/ucontext_i.h
libunwind-1.8.3/src/libunwind-generic.pc.in
libunwind-1.8.3/src/mips/
libunwind-1.8.3/src/mips/Linit.c
libunwind-1.8.3/src/mips/Linit_local.c
libunwind-1.8.3/src/mips/Gglobal.c
libunwind-1.8.3/src/mips/Lregs.c
libunwind-1.8.3/src/mips/Ginit_remote.c
libunwind-1.8.3/src/mips/Lget_save_loc.c
libunwind-1.8.3/src/mips/Greg_states_iterate.c
libunwind-1.8.3/src/mips/siglongjmp.S
libunwind-1.8.3/src/mips/Lglobal.c
libunwind-1.8.3/src/mips/Gstep.c
libunwind-1.8.3/src/mips/offsets.h
libunwind-1.8.3/src/mips/Ginit_local.c
libunwind-1.8.3/src/mips/Gapply_reg_state.c
libunwind-1.8.3/src/mips/getcontext.S
libunwind-1.8.3/src/mips/regname.c
libunwind-1.8.3/src/mips/Gresume.c
libunwind-1.8.3/src/mips/Lapply_reg_state.c
libunwind-1.8.3/src/mips/Lis_signal_frame.c
libunwind-1.8.3/src/mips/Lreg_states_iterate.c
libunwind-1.8.3/src/mips/Linit_remote.c
libunwind-1.8.3/src/mips/Lget_proc_info.c
libunwind-1.8.3/src/mips/Gget_save_loc.c
libunwind-1.8.3/src/mips/init.h
libunwind-1.8.3/src/mips/Lresume.c
libunwind-1.8.3/src/mips/Lcreate_addr_space.c
libunwind-1.8.3/src/mips/Gregs.c
libunwind-1.8.3/src/mips/Gget_proc_info.c
libunwind-1.8.3/src/mips/Ginit.c
libunwind-1.8.3/src/mips/Lstep.c
libunwind-1.8.3/src/mips/unwind_i.h
libunwind-1.8.3/src/mips/is_fpreg.c
libunwind-1.8.3/src/mips/Gcreate_addr_space.c
libunwind-1.8.3/src/mips/Gis_signal_frame.c
libunwind-1.8.3/src/ptrace/
libunwind-1.8.3/src/ptrace/_UPT_get_proc_name.c
libunwind-1.8.3/src/ptrace/_UPT_accessors.c
libunwind-1.8.3/src/ptrace/_UPT_get_elf_filename.c
libunwind-1.8.3/src/ptrace/_UPT_put_unwind_info.c
libunwind-1.8.3/src/ptrace/_UPT_elf.c
libunwind-1.8.3/src/ptrace/_UPT_find_proc_info.c
libunwind-1.8.3/src/ptrace/_UPT_access_mem.c
libunwind-1.8.3/src/ptrace/_UPT_internal.h
libunwind-1.8.3/src/ptrace/_UPT_destroy.c
libunwind-1.8.3/src/ptrace/_UPT_access_fpreg.c
libunwind-1.8.3/src/ptrace/_UPT_create.c
libunwind-1.8.3/src/ptrace/libunwind-ptrace.pc.in
libunwind-1.8.3/src/ptrace/_UPT_reg_offset.c
libunwind-1.8.3/src/ptrace/_UPT_ptrauth_insn_mask.c
libunwind-1.8.3/src/ptrace/_UPT_get_dyn_info_list_addr.c
libunwind-1.8.3/src/ptrace/_UPT_access_reg.c
libunwind-1.8.3/src/ptrace/_UPT_resume.c
libunwind-1.8.3/src/elf32.c
libunwind-1.8.3/src/ppc64/
libunwind-1.8.3/src/ppc64/Linit.c
libunwind-1.8.3/src/ppc64/Gglobal.c
libunwind-1.8.3/src/ppc64/Lregs.c
libunwind-1.8.3/src/ppc64/Greg_states_iterate.c
libunwind-1.8.3/src/ppc64/Lglobal.c
libunwind-1.8.3/src/ppc64/Gstep.c
libunwind-1.8.3/src/ppc64/Gapply_reg_state.c
libunwind-1.8.3/src/ppc64/regname.c
libunwind-1.8.3/src/ppc64/Gresume.c
libunwind-1.8.3/src/ppc64/Lapply_reg_state.c
libunwind-1.8.3/src/ppc64/Lreg_states_iterate.c
libunwind-1.8.3/src/ppc64/init.h
libunwind-1.8.3/src/ppc64/Lresume.c
libunwind-1.8.3/src/ppc64/Lcreate_addr_space.c
libunwind-1.8.3/src/ppc64/Gregs.c
libunwind-1.8.3/src/ppc64/Ginit.c
libunwind-1.8.3/src/ppc64/Lstep.c
libunwind-1.8.3/src/ppc64/unwind_i.h
libunwind-1.8.3/src/ppc64/get_func_addr.c
libunwind-1.8.3/src/ppc64/is_fpreg.c
libunwind-1.8.3/src/ppc64/Gcreate_addr_space.c
libunwind-1.8.3/src/ppc64/ucontext_i.h
libunwind-1.8.3/src/elf64.c
libunwind-1.8.3/src/os-hpux.c
libunwind-1.8.3/src/elfxx.c
libunwind-1.8.3/src/x86/
libunwind-1.8.3/src/x86/Linit.c
libunwind-1.8.3/src/x86/Linit_local.c
libunwind-1.8.3/src/x86/Gglobal.c
libunwind-1.8.3/src/x86/Lregs.c
libunwind-1.8.3/src/x86/Ginit_remote.c
libunwind-1.8.3/src/x86/Lget_save_loc.c
libunwind-1.8.3/src/x86/Greg_states_iterate.c
libunwind-1.8.3/src/x86/siglongjmp.S
libunwind-1.8.3/src/x86/Lglobal.c
libunwind-1.8.3/src/x86/longjmp.S
libunwind-1.8.3/src/x86/getcontext-freebsd.S
libunwind-1.8.3/src/x86/Gstep.c
libunwind-1.8.3/src/x86/offsets.h
libunwind-1.8.3/src/x86/getcontext-linux.S
libunwind-1.8.3/src/x86/Ginit_local.c
libunwind-1.8.3/src/x86/Gapply_reg_state.c
libunwind-1.8.3/src/x86/Gos-freebsd.c
libunwind-1.8.3/src/x86/regname.c
libunwind-1.8.3/src/x86/Gresume.c
libunwind-1.8.3/src/x86/Lapply_reg_state.c
libunwind-1.8.3/src/x86/Los-freebsd.c
libunwind-1.8.3/src/x86/Lreg_states_iterate.c
libunwind-1.8.3/src/x86/Linit_remote.c
libunwind-1.8.3/src/x86/Lget_proc_info.c
libunwind-1.8.3/src/x86/Gget_save_loc.c
libunwind-1.8.3/src/x86/init.h
libunwind-1.8.3/src/x86/Los-linux.c
libunwind-1.8.3/src/x86/Lresume.c
libunwind-1.8.3/src/x86/Lcreate_addr_space.c
libunwind-1.8.3/src/x86/Gregs.c
libunwind-1.8.3/src/x86/Gget_proc_info.c
libunwind-1.8.3/src/x86/Ginit.c
libunwind-1.8.3/src/x86/Lstep.c
libunwind-1.8.3/src/x86/unwind_i.h
libunwind-1.8.3/src/x86/Gos-linux.c
libunwind-1.8.3/src/x86/is_fpreg.c
libunwind-1.8.3/src/x86/Gcreate_addr_space.c
libunwind-1.8.3/src/s390x/
libunwind-1.8.3/src/s390x/Linit.c
libunwind-1.8.3/src/s390x/Linit_local.c
libunwind-1.8.3/src/s390x/Gglobal.c
libunwind-1.8.3/src/s390x/Lregs.c
libunwind-1.8.3/src/s390x/Ginit_remote.c
libunwind-1.8.3/src/s390x/Lget_save_loc.c
libunwind-1.8.3/src/s390x/Greg_states_iterate.c
libunwind-1.8.3/src/s390x/Lglobal.c
libunwind-1.8.3/src/s390x/Gstep.c
libunwind-1.8.3/src/s390x/setcontext.S
libunwind-1.8.3/src/s390x/Ginit_local.c
libunwind-1.8.3/src/s390x/Gapply_reg_state.c
libunwind-1.8.3/src/s390x/getcontext.S
libunwind-1.8.3/src/s390x/regname.c
libunwind-1.8.3/src/s390x/Gresume.c
libunwind-1.8.3/src/s390x/Lapply_reg_state.c
libunwind-1.8.3/src/s390x/Lis_signal_frame.c
libunwind-1.8.3/src/s390x/Lreg_states_iterate.c
libunwind-1.8.3/src/s390x/Linit_remote.c
libunwind-1.8.3/src/s390x/Lget_proc_info.c
libunwind-1.8.3/src/s390x/Gget_save_loc.c
libunwind-1.8.3/src/s390x/init.h
libunwind-1.8.3/src/s390x/Lresume.c
libunwind-1.8.3/src/s390x/Lcreate_addr_space.c
libunwind-1.8.3/src/s390x/Gregs.c
libunwind-1.8.3/src/s390x/Gget_proc_info.c
libunwind-1.8.3/src/s390x/Ginit.c
libunwind-1.8.3/src/s390x/Lstep.c
libunwind-1.8.3/src/s390x/unwind_i.h
libunwind-1.8.3/src/s390x/is_fpreg.c
libunwind-1.8.3/src/s390x/Gcreate_addr_space.c
libunwind-1.8.3/src/s390x/Gis_signal_frame.c
libunwind-1.8.3/src/dwarf/
libunwind-1.8.3/src/dwarf/Lpe.c
libunwind-1.8.3/src/dwarf/Gparser.c
libunwind-1.8.3/src/dwarf/Lfind_unwind_table.c
libunwind-1.8.3/src/dwarf/Lfde.c
libunwind-1.8.3/src/dwarf/Gget_proc_info_in_range.c
libunwind-1.8.3/src/dwarf/Gfde.c
libunwind-1.8.3/src/dwarf/Lexpr.c
libunwind-1.8.3/src/dwarf/Gexpr.c
libunwind-1.8.3/src/dwarf/Gfind_proc_info-lsb.c
libunwind-1.8.3/src/dwarf/Lparser.c
libunwind-1.8.3/src/dwarf/Gfind_unwind_table.c
libunwind-1.8.3/src/dwarf/global.c
libunwind-1.8.3/src/dwarf/Lfind_proc_info-lsb.c
libunwind-1.8.3/src/dwarf/Gpe.c
libunwind-1.8.3/src/dwarf/Lget_proc_info_in_range.c
libunwind-1.8.3/src/coredump/
libunwind-1.8.3/src/coredump/_UCD_create.c
libunwind-1.8.3/src/coredump/_UCD_get_mapinfo_qnx.c
libunwind-1.8.3/src/coredump/_UCD_corefile_elf.c
libunwind-1.8.3/src/coredump/_UCD_elf_map_image.c
libunwind-1.8.3/src/coredump/_UCD_access_mem.c
libunwind-1.8.3/src/coredump/_UCD_find_proc_info.c
libunwind-1.8.3/src/coredump/_UPT_put_unwind_info.c
libunwind-1.8.3/src/coredump/_UPT_elf.c
libunwind-1.8.3/src/coredump/_UCD_accessors.c
libunwind-1.8.3/src/coredump/libunwind-coredump.pc.in
libunwind-1.8.3/src/coredump/_UCD_lib.h
libunwind-1.8.3/src/coredump/_UCD_internal.h
libunwind-1.8.3/src/coredump/_UCD_get_mapinfo_generic.c
libunwind-1.8.3/src/coredump/_UCD_access_reg_linux.c
libunwind-1.8.3/src/coredump/_UPT_access_fpreg.c
libunwind-1.8.3/src/coredump/_UCD_get_elf_filename.c
libunwind-1.8.3/src/coredump/ucd_file_table.c
libunwind-1.8.3/src/coredump/_UCD_destroy.c
libunwind-1.8.3/src/coredump/_UCD_access_reg_qnx.c
libunwind-1.8.3/src/coredump/_UCD_get_mapinfo_linux.c
libunwind-1.8.3/src/coredump/ucd_file_table.h
libunwind-1.8.3/src/coredump/_UCD_access_reg_freebsd.c
libunwind-1.8.3/src/coredump/_UCD_get_threadinfo_prstatus.c
libunwind-1.8.3/src/coredump/_UPT_get_dyn_info_list_addr.c
libunwind-1.8.3/src/coredump/_UPT_resume.c
libunwind-1.8.3/src/coredump/_UCD_get_proc_name.c
libunwind-1.8.3/src/os-linux.c
libunwind-1.8.3/src/setjmp/
libunwind-1.8.3/src/setjmp/setjmp_i.h
libunwind-1.8.3/src/setjmp/libunwind-setjmp.pc.in
libunwind-1.8.3/src/setjmp/longjmp.c
libunwind-1.8.3/src/setjmp/siglongjmp.c
libunwind-1.8.3/AUTHORS
libunwind-1.8.3/tests/
libunwind-1.8.3/tests/Lrs-race.c
libunwind-1.8.3/tests/forker.c
libunwind-1.8.3/tests/Ltest-concurrent.c
libunwind-1.8.3/tests/Lia64-test-readonly.c
libunwind-1.8.3/tests/ia64-test-readonly-asm.S
libunwind-1.8.3/tests/Gtest-concurrent.c
libunwind-1.8.3/tests/test-ptrace-misc.c
libunwind-1.8.3/tests/Lia64-test-rbs.c
libunwind-1.8.3/tests/Gtest-dyn1.c
libunwind-1.8.3/tests/run-coredump-unwind
libunwind-1.8.3/tests/Lia64-test-nat.c
libunwind-1.8.3/tests/Gtest-init.cxx
libunwind-1.8.3/tests/crasher.c
libunwind-1.8.3/tests/ident.h
libunwind-1.8.3/tests/Ltest-trace.c
libunwind-1.8.3/tests/Gperf-trace.c
libunwind-1.8.3/tests/test-async-sig.c
libunwind-1.8.3/tests/test-ptrace.c
libunwind-1.8.3/tests/ia64-test-stack-asm.S
libunwind-1.8.3/tests/Ltest-resume-sig.c
libunwind-1.8.3/tests/Gx64-test-dwarf-expressions.c
libunwind-1.8.3/tests/ia64-test-sig.c
libunwind-1.8.3/tests/Larm64-test-sve-signal.c
libunwind-1.8.3/tests/ia64-test-nat-asm.S
libunwind-1.8.3/tests/aarch64-test-frame-record.c
libunwind-1.8.3/tests/test-runner.in
libunwind-1.8.3/tests/test-mem.c
libunwind-1.8.3/tests/Ltest-exc.c
libunwind-1.8.3/tests/x64-test-dwarf-expressions.S
libunwind-1.8.3/tests/test-static-link-gen.c
libunwind-1.8.3/tests/Makefile.am
libunwind-1.8.3/tests/Gia64-test-nat.c
libunwind-1.8.3/tests/README.md
libunwind-1.8.3/tests/run-ia64-test-dyn1
libunwind-1.8.3/tests/ia64-test-rbs-asm.S
libunwind-1.8.3/tests/Gia64-test-stack.c
libunwind-1.8.3/tests/mapper.c
libunwind-1.8.3/tests/Makefile.in
libunwind-1.8.3/tests/Gtest-resume-sig-rt.c
libunwind-1.8.3/tests/Ltest-sig-context.c
libunwind-1.8.3/tests/test-flush-cache.c
libunwind-1.8.3/tests/Ltest-nocalloc.c
libunwind-1.8.3/tests/Gtest-exc.c
libunwind-1.8.3/tests/run-ptrace-mapper
libunwind-1.8.3/tests/Ltest-nomalloc.c
libunwind-1.8.3/tests/ia64-test-setjmp.c
libunwind-1.8.3/tests/test-init-remote.c
libunwind-1.8.3/tests/run-coredump-unwind-mdi
libunwind-1.8.3/tests/Gtest-bt.c
libunwind-1.8.3/tests/x64-unwind-badjmp-signal-frame.c
libunwind-1.8.3/tests/test-coredump-unwind.c
libunwind-1.8.3/tests/Ltest-dyn1.c
libunwind-1.8.3/tests/Ltest-init.cxx
libunwind-1.8.3/tests/test-static-link-loc.c
libunwind-1.8.3/tests/Lx64-test-dwarf-expressions.c
libunwind-1.8.3/tests/flush-cache.h
libunwind-1.8.3/tests/Ltest-cxx-exceptions.cxx
libunwind-1.8.3/tests/Ltest-mem-validate.c
libunwind-1.8.3/tests/test-setjmp.c
libunwind-1.8.3/tests/Gtest-sig-context.c
libunwind-1.8.3/tests/ia64-test-stack.h
libunwind-1.8.3/tests/run-ptrace-misc
libunwind-1.8.3/tests/flush-cache.S
libunwind-1.8.3/tests/ppc64-test-altivec.c
libunwind-1.8.3/tests/aarch64-test-plt.c
libunwind-1.8.3/tests/Gtest-nomalloc.c
libunwind-1.8.3/tests/Ltest-init-local-signal-lib.c
libunwind-1.8.3/tests/Gperf-simple.c
libunwind-1.8.3/tests/Ltest-bt.c
libunwind-1.8.3/tests/Lia64-test-stack.c
libunwind-1.8.3/tests/Lperf-trace.c
libunwind-1.8.3/tests/Ltest-varargs.c
libunwind-1.8.3/tests/Gtest-resume-sig.c
libunwind-1.8.3/tests/Ltest-init-local-signal.c
libunwind-1.8.3/tests/Gia64-test-rbs.c
libunwind-1.8.3/tests/Garm64-test-sve-signal.c
libunwind-1.8.3/tests/Lperf-simple.c
libunwind-1.8.3/tests/ia64-dyn-asm.S
libunwind-1.8.3/tests/ppc64-test-plt.c
libunwind-1.8.3/tests/Gtest-trace.c
libunwind-1.8.3/tests/ia64-test-rbs.h
libunwind-1.8.3/tests/ia64-test-dyn1.c
libunwind-1.8.3/tests/ident.c
libunwind-1.8.3/tests/check-namespace.sh.in
libunwind-1.8.3/tests/test-reg-state.c
libunwind-1.8.3/tests/test-proc-info.c
libunwind-1.8.3/tests/Ltest-resume-sig-rt.c
libunwind-1.8.3/tests/test-strerror.c
libunwind-1.8.3/tests/Gia64-test-readonly.c
libunwind-1.8.3/tests/ppc64-test-altivec-utils.c
libunwind-1.8.3/NEWS
libunwind-1.8.3/Makefile.am
libunwind-1.8.3/README
libunwind-1.8.3/Makefile.in
libunwind-1.8.3/ChangeLog
libunwind-1.8.3/aclocal.m4
libunwind-1.8.3/COPYING
libunwind-1.8.3/doc/
libunwind-1.8.3/doc/unw_set_caching_policy.tex
libunwind-1.8.3/doc/unw_flush_cache.tex
libunwind-1.8.3/doc/libunwind.trans
libunwind-1.8.3/doc/unw_strerror.tex
libunwind-1.8.3/doc/unw_apply_reg_state.man
libunwind-1.8.3/doc/libunwind-ia64.man
libunwind-1.8.3/doc/unw_is_signal_frame.tex
libunwind-1.8.3/doc/unw_get_proc_info_in_range.man
libunwind-1.8.3/doc/unw_set_cache_size.tex
libunwind-1.8.3/doc/unw_get_accessors.man
libunwind-1.8.3/doc/unw_backtrace.tex
libunwind-1.8.3/doc/libunwind-ptrace.man
libunwind-1.8.3/doc/unw_init_local.tex
libunwind-1.8.3/doc/unw_get_reg.tex
libunwind-1.8.3/doc/libunwind-coredump.tex
libunwind-1.8.3/doc/unw_init_local.man
libunwind-1.8.3/doc/unw_set_fpreg.tex
libunwind-1.8.3/doc/unw_is_fpreg.tex
libunwind-1.8.3/doc/unw_set_fpreg.man
libunwind-1.8.3/doc/unw_reg_states_iterate.tex
libunwind-1.8.3/doc/unw_set_reg.tex
libunwind-1.8.3/doc/unw_backtrace.man
libunwind-1.8.3/doc/unw_resume.tex
libunwind-1.8.3/doc/unw_get_proc_info_in_range.tex
libunwind-1.8.3/doc/libunwind.tex
libunwind-1.8.3/doc/unw_set_cache_size.man
libunwind-1.8.3/doc/unw_get_proc_info_by_ip.tex
libunwind-1.8.3/doc/libunwind-dynamic.tex
libunwind-1.8.3/doc/unw_set_iterate_phdr_function.tex
libunwind-1.8.3/doc/unw_get_proc_info_by_ip.man
libunwind-1.8.3/doc/unw_init_local2.man
libunwind-1.8.3/doc/libunwind.man
libunwind-1.8.3/doc/libunwind-ptrace.tex
libunwind-1.8.3/doc/unw_get_proc_name.man
libunwind-1.8.3/doc/unw_create_addr_space.tex
libunwind-1.8.3/doc/unw_get_fpreg.tex
libunwind-1.8.3/doc/_U_dyn_cancel.tex
libunwind-1.8.3/doc/unw_get_elf_filename.tex
libunwind-1.8.3/doc/unw_regname.man
libunwind-1.8.3/doc/unw_getcontext.man
libunwind-1.8.3/doc/unw_regname.tex
libunwind-1.8.3/doc/unw_get_elf_filename.man
libunwind-1.8.3/doc/unw_destroy_addr_space.tex
libunwind-1.8.3/doc/Makefile.am
libunwind-1.8.3/doc/unw_init_remote.tex
libunwind-1.8.3/doc/unw_set_iterate_phdr_function.man
libunwind-1.8.3/doc/libunwind-dynamic.man
libunwind-1.8.3/doc/unw_get_proc_name.tex
libunwind-1.8.3/doc/unw_is_fpreg.man
libunwind-1.8.3/doc/unw_get_proc_info.tex
libunwind-1.8.3/doc/Makefile.in
libunwind-1.8.3/doc/unw_strerror.man
libunwind-1.8.3/doc/unw_get_proc_name_by_ip.man
libunwind-1.8.3/doc/unw_is_signal_frame.man
libunwind-1.8.3/doc/unw_set_caching_policy.man
libunwind-1.8.3/doc/unw_get_accessors.tex
libunwind-1.8.3/doc/NOTES
libunwind-1.8.3/doc/_U_dyn_register.man
libunwind-1.8.3/doc/libunwind-coredump.man
libunwind-1.8.3/doc/_U_dyn_register.tex
libunwind-1.8.3/doc/unw_init_remote.man
libunwind-1.8.3/doc/common.tex.in
libunwind-1.8.3/doc/libunwind-setjmp.tex
libunwind-1.8.3/doc/unw_get_elf_filename_by_ip.man
libunwind-1.8.3/doc/libunwind-nto.tex
libunwind-1.8.3/doc/unw_resume.man
libunwind-1.8.3/doc/unw_destroy_addr_space.man
libunwind-1.8.3/doc/unw_reg_states_iterate.man
libunwind-1.8.3/doc/libunwind-setjmp.man
libunwind-1.8.3/doc/libunwind-ia64.tex
libunwind-1.8.3/doc/unw_step.tex
libunwind-1.8.3/doc/unw_flush_cache.man
libunwind-1.8.3/doc/unw_get_reg.man
libunwind-1.8.3/doc/unw_step.man
libunwind-1.8.3/doc/unw_get_proc_name_by_ip.tex
libunwind-1.8.3/doc/unw_get_fpreg.man
libunwind-1.8.3/doc/unw_get_proc_info.man
libunwind-1.8.3/doc/unw_apply_reg_state.tex
libunwind-1.8.3/doc/libunwind-nto.man
libunwind-1.8.3/doc/unw_create_addr_space.man
libunwind-1.8.3/doc/unw_set_reg.man
libunwind-1.8.3/doc/unw_getcontext.tex
libunwind-1.8.3/doc/unw_get_elf_filename_by_ip.tex
libunwind-1.8.3/doc/_U_dyn_cancel.man
libunwind-1.8.3/configure
libunwind-1.8.3/configure.ac
libunwind-1.8.3/include/
libunwind-1.8.3/include/tdep-ia64/
libunwind-1.8.3/include/tdep-ia64/libunwind_i.h
libunwind-1.8.3/include/tdep-ia64/jmpbuf.h
libunwind-1.8.3/include/tdep-ia64/rse.h
libunwind-1.8.3/include/tdep-ia64/script.h
libunwind-1.8.3/include/unwind.h
libunwind-1.8.3/include/tdep-mips/
libunwind-1.8.3/include/tdep-mips/libunwind_i.h
libunwind-1.8.3/include/tdep-mips/jmpbuf.h
libunwind-1.8.3/include/tdep-mips/dwarf-config.h
libunwind-1.8.3/include/dwarf.h
libunwind-1.8.3/include/libunwind-loongarch64.h
libunwind-1.8.3/include/libunwind-nto.h
libunwind-1.8.3/include/tdep-sh/
libunwind-1.8.3/include/tdep-sh/libunwind_i.h
libunwind-1.8.3/include/tdep-sh/jmpbuf.h
libunwind-1.8.3/include/tdep-sh/dwarf-config.h
libunwind-1.8.3/include/libunwind-riscv.h
libunwind-1.8.3/include/tdep-loongarch64/
libunwind-1.8.3/include/tdep-loongarch64/libunwind_i.h
libunwind-1.8.3/include/tdep-loongarch64/jmpbuf.h
libunwind-1.8.3/include/tdep-loongarch64/dwarf-config.h
libunwind-1.8.3/include/libunwind_i.h
libunwind-1.8.3/include/libunwind-coredump.h
libunwind-1.8.3/include/mempool.h
libunwind-1.8.3/include/libunwind-ia64.h
libunwind-1.8.3/include/tdep-arm/
libunwind-1.8.3/include/tdep-arm/libunwind_i.h
libunwind-1.8.3/include/tdep-arm/jmpbuf.h
libunwind-1.8.3/include/tdep-arm/dwarf-config.h
libunwind-1.8.3/include/tdep-arm/ex_tables.h
libunwind-1.8.3/include/libunwind-x86.h
libunwind-1.8.3/include/tdep-ppc32/
libunwind-1.8.3/include/tdep-ppc32/libunwind_i.h
libunwind-1.8.3/include/tdep-ppc32/jmpbuf.h
libunwind-1.8.3/include/tdep-ppc32/dwarf-config.h
libunwind-1.8.3/include/libunwind-ppc32.h
libunwind-1.8.3/include/libunwind-hppa.h
libunwind-1.8.3/include/libunwind.h
libunwind-1.8.3/include/libunwind-ptrace.h
libunwind-1.8.3/include/tdep-riscv/
libunwind-1.8.3/include/tdep-riscv/libunwind_i.h
libunwind-1.8.3/include/tdep-riscv/jmpbuf.h
libunwind-1.8.3/include/tdep-riscv/dwarf-config.h
libunwind-1.8.3/include/compiler.h
libunwind-1.8.3/include/libunwind-arm.h
libunwind-1.8.3/include/dwarf_i.h
libunwind-1.8.3/include/tdep/
libunwind-1.8.3/include/tdep/libunwind_i.h
libunwind-1.8.3/include/tdep/jmpbuf.h
libunwind-1.8.3/include/tdep/libunwind_i.h.in
libunwind-1.8.3/include/tdep/dwarf-config.h
libunwind-1.8.3/include/libunwind-ppc64.h
libunwind-1.8.3/include/tdep-s390x/
libunwind-1.8.3/include/tdep-s390x/libunwind_i.h
libunwind-1.8.3/include/tdep-s390x/jmpbuf.h
libunwind-1.8.3/include/tdep-s390x/dwarf-config.h
libunwind-1.8.3/include/libunwind.h.in
libunwind-1.8.3/include/tdep-x86/
libunwind-1.8.3/include/tdep-x86/libunwind_i.h
libunwind-1.8.3/include/tdep-x86/jmpbuf.h
libunwind-1.8.3/include/tdep-x86/dwarf-config.h
libunwind-1.8.3/include/tdep-aarch64/
libunwind-1.8.3/include/tdep-aarch64/libunwind_i.h
libunwind-1.8.3/include/tdep-aarch64/jmpbuf.h
libunwind-1.8.3/include/tdep-aarch64/dwarf-config.h
libunwind-1.8.3/include/tdep-x86_64/
libunwind-1.8.3/include/tdep-x86_64/libunwind_i.h
libunwind-1.8.3/include/tdep-x86_64/jmpbuf.h
libunwind-1.8.3/include/tdep-x86_64/dwarf-config.h
libunwind-1.8.3/include/libunwind-mips.h
libunwind-1.8.3/include/libunwind-x86_64.h
libunwind-1.8.3/include/dwarf-eh.h
libunwind-1.8.3/include/config.h.in
libunwind-1.8.3/include/libunwind-dynamic.h
libunwind-1.8.3/include/tdep-hppa/
libunwind-1.8.3/include/tdep-hppa/libunwind_i.h
libunwind-1.8.3/include/tdep-hppa/jmpbuf.h
libunwind-1.8.3/include/tdep-hppa/dwarf-config.h
libunwind-1.8.3/include/remote.h
libunwind-1.8.3/include/libunwind-sh.h
libunwind-1.8.3/include/tdep-ppc64/
libunwind-1.8.3/include/tdep-ppc64/libunwind_i.h
libunwind-1.8.3/include/tdep-ppc64/jmpbuf.h
libunwind-1.8.3/include/tdep-ppc64/dwarf-config.h
libunwind-1.8.3/include/libunwind-aarch64.h
libunwind-1.8.3/include/libunwind-common.h.in
libunwind-1.8.3/include/libunwind-s390x.h
libunwind-1.8.3/m4/
libunwind-1.8.3/m4/ltsugar.m4
libunwind-1.8.3/m4/ltoptions.m4
libunwind-1.8.3/m4/libtool.m4
libunwind-1.8.3/m4/lt~obsolete.m4
libunwind-1.8.3/m4/ltversion.m4
libunwind-1.8.3/INSTALL
libunwind-1.8.3/config/
libunwind-1.8.3/config/missing
libunwind-1.8.3/config/ltmain.sh
libunwind-1.8.3/config/install-sh
libunwind-1.8.3/config/config.sub
libunwind-1.8.3/config/ar-lib
libunwind-1.8.3/config/depcomp
libunwind-1.8.3/config/compile
libunwind-1.8.3/config/config.guess
libunwind-1.8.3/config/test-driver
checking build system type... x86_64-pc-linux-gnu
checking host system type... i686-pc-linux-gnu
checking target system type... i686-pc-linux-gnu
checking for a BSD-compatible install... /usr/bin/install -c
checking whether build environment is sane... yes
checking for i686-pc-linux-gnu-strip... no
checking for strip... strip
checking for a race-free mkdir -p... /usr/bin/mkdir -p
checking for gawk... gawk
checking whether make sets $(MAKE)... yes
checking whether make supports nested variables... yes
checking whether make supports nested variables... (cached) yes
checking whether to enable maintainer-specific portions of Makefiles... no
checking for i686-pc-linux-gnu-gcc... no
checking for gcc... gcc
checking whether the C compiler works... yes
checking for C compiler default output file name... a.out
checking for suffix of executables... 
checking whether we are cross compiling... no
checking for suffix of object files... o
checking whether the compiler supports GNU C... yes
checking whether gcc accepts -g... yes
checking for gcc option to enable C11 features... none needed
checking whether gcc understands -c and -o together... yes
checking whether make supports the include directive... yes (GNU style)
checking dependency style of gcc... gcc3
checking for i686-pc-linux-gnu-g++... no
checking for i686-pc-linux-gnu-c++... no
checking for i686-pc-linux-gnu-gpp... no
checking for i686-pc-linux-gnu-aCC... no
checking for i686-pc-linux-gnu-CC... no
checking for i686-pc-linux-gnu-cxx... no
checking for i686-pc-linux-gnu-cc++... no
checking for i686-pc-linux-gnu-cl.exe... no
checking for i686-pc-linux-gnu-FCC... no
checking for i686-pc-linux-gnu-KCC... no
checking for i686-pc-linux-gnu-RCC... no
checking for i686-pc-linux-gnu-xlC_r... no
checking for i686-pc-linux-gnu-xlC... no
checking for i686-pc-linux-gnu-clang++... no
checking for g++... g++
checking whether the compiler supports GNU C++... yes
checking whether g++ accepts -g... yes
checking for g++ option to enable C++11 features... none needed
checking dependency style of g++... gcc3
checking whether make sets $(MAKE)... (cached) yes
checking for i686-pc-linux-gnu-ar... no
checking for i686-pc-linux-gnu-lib... no
checking for i686-pc-linux-gnu-link... no
checking for ar... ar
checking the archiver (ar) interface... ar
checking how to print strings... printf
checking for a sed that does not truncate output... /usr/bin/sed
checking for grep that handles long lines and -e... /usr/bin/grep
checking for egrep... /usr/bin/grep -E
checking for fgrep... /usr/bin/grep -F
checking for ld used by gcc... /usr/bin/ld
checking if the linker (/usr/bin/ld) is GNU ld... yes
checking for BSD- or MS-compatible name lister (nm)... no
checking for i686-pc-linux-gnu-dumpbin... no
checking for i686-pc-linux-gnu-link... no
checking for dumpbin... no
checking for link... link -dump
checking the name lister (nm) interface... BSD nm
checking whether ln -s works... yes
checking the maximum length of command line arguments... 1572864
checking how to convert x86_64-pc-linux-gnu file names to i686-pc-linux-gnu format... func_convert_file_noop
checking how to convert x86_64-pc-linux-gnu file names to toolchain format... func_convert_file_noop
checking for /usr/bin/ld option to reload object files... -r
checking for file... file
checking for i686-pc-linux-gnu-objdump... no
checking for objdump... objdump
checking how to recognize dependent libraries... pass_all
checking for i686-pc-linux-gnu-dlltool... no
checking for dlltool... no
checking how to associate runtime and link libraries... printf %s\n
checking for i686-pc-linux-gnu-ranlib... no
checking for ranlib... ranlib
checking for i686-pc-linux-gnu-ar... ar
checking for archiver @FILE support... @
checking for i686-pc-linux-gnu-strip... strip
checking command to parse nm output from gcc object... ok
checking for sysroot... no
checking for a working dd... /usr/bin/dd
checking how to truncate binary pipes... /usr/bin/dd bs=4096 count=1
checking for i686-pc-linux-gnu-mt... no
checking for mt... mt
checking if mt is a manifest tool... no
checking for stdio.h... yes
checking for stdlib.h... yes
checking for string.h... yes
checking for inttypes.h... yes
checking for stdint.h... yes
checking for strings.h... yes
checking for sys/stat.h... yes
checking for sys/types.h... yes
checking for unistd.h... yes
checking for dlfcn.h... yes
checking for objdir... .libs
checking if gcc supports -fno-rtti -fno-exceptions... no
checking for gcc option to produce PIC... -fPIC -DPIC
checking if gcc PIC flag -fPIC -DPIC works... yes
checking if gcc static flag -static works... yes
checking if gcc supports -c -o file.o... yes
checking if gcc supports -c -o file.o... (cached) yes
checking whether the gcc linker (/usr/bin/ld) supports shared libraries... yes
checking whether -lc should be explicitly linked in... no
checking dynamic linker characteristics... GNU/Linux ld.so
checking how to hardcode library paths into programs... immediate
checking whether stripping libraries is possible... yes
checking if libtool supports shared libraries... yes
checking whether to build shared libraries... yes
checking whether to build static libraries... no
checking how to run the C++ preprocessor... g++ -E
checking for ld used by g++... /usr/bin/ld
checking if the linker (/usr/bin/ld) is GNU ld... yes
checking whether the g++ linker (/usr/bin/ld) supports shared libraries... yes
checking for g++ option to produce PIC... -fPIC -DPIC
checking if g++ PIC flag -fPIC -DPIC works... yes
checking if g++ static flag -static works... yes
checking if g++ supports -c -o file.o... yes
checking if g++ supports -c -o file.o... (cached) yes
checking whether the g++ linker (/usr/bin/ld) supports shared libraries... yes
checking dynamic linker characteristics... (cached) GNU/Linux ld.so
checking how to hardcode library paths into programs... immediate
checking dependency style of gcc... gcc3
checking for an ANSI C-conforming const... yes
checking for inline... inline
checking for size_t... yes
checking size of off_t... 4
configure: --- Checking for header files ---
checking for asm/ptrace_offsets.h... no
checking for asm/ptrace.h... yes
checking for asm/vsyscall.h... yes
checking for endian.h... yes
checking for sys/endian.h... no
checking for sys/param.h... yes
checking for execinfo.h... yes
checking for ia64intrin.h... no
checking for sys/uc_access.h... no
checking for unistd.h... (cached) yes
checking for signal.h... yes
checking for sys/types.h... (cached) yes
checking for sys/procfs.h... yes
checking for sys/ptrace.h... yes
checking for sys/syscall.h... yes
checking for byteswap.h... yes
checking for elf.h... yes
checking for sys/elf.h... yes
checking for link.h... yes
checking for sys/link.h... no
configure: --- Checking for available types ---
checking for struct dl_phdr_info.dlpi_subs... yes
checking for struct elf_prstatus... yes
checking for struct prstatus... no
checking for procfs_status... no
checking for elf_fpregset_t... yes
configure: --- Checking for libraries ---
checking for library containing __uc_get_grs... no
checking for dl_iterate_phdr... yes
checking for dl_phdr_removals_counter... no
checking for dlmodinfo... no
checking for getunwind... no
checking for ttrace... no
checking for mincore... yes
checking for pipe2... yes
checking for sigaltstack... yes
checking for execvpe... yes
checking if building with AltiVec... no
checking if libunwind-coredump should be built... yes
checking if libunwind-ptrace should be built... yes
checking for gcc options needed to detect all undeclared functions... none needed
configure: --- Checking for ptrace symbols ---
checking whether PTRACE_POKEUSER is declared... yes
checking whether PTRACE_POKEDATA is declared... yes
checking whether PTRACE_SETREGSET is declared... yes
checking whether PTRACE_TRACEME is declared... yes
checking whether PTRACE_CONT is declared... yes
checking whether PTRACE_SINGLESTEP is declared... yes
checking whether PTRACE_SYSCALL is declared... yes
checking whether PT_IO is declared... no
checking whether PT_GETREGS is declared... yes
checking whether PT_GETFPREGS is declared... yes
checking whether PT_CONTINUE is declared... yes
checking whether PT_TRACE_ME is declared... yes
checking whether PT_STEP is declared... yes
checking whether PT_SYSCALL is declared... yes
checking if libunwind-nto should be built... checking for sys/neutrino.h... no
no
checking if libunwind-setjmp should be built... yes
checking if weak-backtrace is enabled... yes
checking if unwind.h should be exported... yes
checking whether to support UNW_CACHE_PER_THREAD... no
checking if testsuite should be built... yes
configure: --- Checking for extra libraries linked to tests ---
checking for library containing dlopen... none required
checking for library containing pthread_create... none required
checking for library containing backtrace... none required
checking if debug support should be built... no
checking if C++ exception support should be built... no
checking if documentation should be built... yes
checking for latex2man... no
configure: WARNING: latex2man not found. Install latex2man. Disabling docs.
checking if we should enable unw_resume tests... yes
checking for build architecture... x86_64
checking for host architecture... x86
checking for target architecture... x86
checking for target operating system... linux-gnu
checking for ELF helper width... 32
checking whether to include DWARF support... yes
checking whether to restrict build to remote support... no
checking whether to load .debug_frame sections... no
checking whether to block signals during mutex ops... yes
checking whether to validate memory addresses before use... yes
checking whether to enable msabi support... 
checking whether to support LZMA-compressed symbol tables... auto
checking for lzma_mf_is_supported in -llzma... yes
checking whether to support ZLIB-compressed symbol tables... auto
checking for uncompress in -lz... yes
checking for Intel compiler... no
checking if building on Solaris then define __EXTENSIONS__ macro... yes
checking for QCC compiler... no
checking if compiler supports -march=armv8-a+sve... no
checking for __builtin___clear_cache... yes
checking for __builtin_unreachable... yes
checking that generated files are newer than configure... done
configure: creating ./config.status
config.status: creating tests/Makefile
config.status: creating tests/check-namespace.sh
config.status: creating Makefile
config.status: creating src/Makefile
config.status: creating include/libunwind-common.h
config.status: creating include/libunwind.h
config.status: creating include/tdep/libunwind_i.h
config.status: creating src/unwind/libunwind.pc
config.status: creating src/coredump/libunwind-coredump.pc
config.status: creating src/ptrace/libunwind-ptrace.pc
config.status: creating src/setjmp/libunwind-setjmp.pc
config.status: creating src/libunwind-generic.pc
config.status: creating include/config.h
config.status: executing depfiles commands
config.status: executing libtool commands
Making all in src
make[1]: Entering directory '/blfs/builds/libunwind-1.8.3/src'
make  all-am
make[2]: Entering directory '/blfs/builds/libunwind-1.8.3/src'
  CC       mi/init.lo
  CC       os-linux.lo
  CC       mi/flush_cache.lo
  CC       mi/mempool.lo
  CC       mi/strerror.lo
  CC       mi/backtrace.lo
  CC       mi/dyn-cancel.lo
  CC       mi/dyn-info-list.lo
  CC       mi/Laddress_validator.lo
  CC       mi/dyn-register.lo
  CC       mi/Ldestroy_addr_space.lo
  CC       mi/Ldyn-extract.lo
  CC       mi/Lfind_dynamic_proc_info.lo
  CC       mi/Lget_accessors.lo
  CC       mi/Lget_fpreg.lo
  CC       mi/Lset_fpreg.lo
  CC       mi/Lget_proc_info_by_ip.lo
  CC       mi/Lget_proc_name.lo
  CC       mi/Lget_reg.lo
  CC       mi/Lis_plt_entry.lo
  CC       mi/Lput_dynamic_unwind_info.lo
  CC       mi/Lset_cache_size.lo
  CC       mi/Lset_caching_policy.lo
  CC       mi/Lset_iterate_phdr_function.lo
  CC       mi/Lset_reg.lo
  CC       mi/Lget_elf_filename.lo
  CC       x86/Lapply_reg_state.lo
  CC       x86/Lcreate_addr_space.lo
  CC       x86/Lget_proc_info.lo
  CC       x86/Lget_save_loc.lo
  CC       x86/Lglobal.lo
  CC       x86/Linit.lo
  CC       x86/Linit_local.lo
  CC       x86/Linit_remote.lo
  CC       x86/Lregs.lo
  CC       x86/Lreg_states_iterate.lo
  CC       x86/Lresume.lo
  CC       x86/Lstep.lo
  CC       dwarf/Lexpr.lo
  CC       dwarf/Lfde.lo
  CC       dwarf/Lfind_proc_info-lsb.lo
  CC       dwarf/Lfind_unwind_table.lo
  CC       dwarf/Lget_proc_info_in_range.lo
  CC       dwarf/Lparser.lo
  CC       dwarf/Lpe.lo
  CC       dwarf/global.lo
  CC       elf32.lo
  CC       x86/Gos-linux.lo
In file included from dwarf/Gget_proc_info_in_range.c:22,
                 from dwarf/Lget_proc_info_in_range.c:4:
../include/libunwind_i.h:146:10: warning: 'unreachable' redefined
  146 | # define unreachable() __builtin_unreachable()
      |          ^~~~~~~~~~~
In file included from dwarf/Gget_proc_info_in_range.c:21:
/usr/lib/gcc/x86_64-pc-linux-gnu/15.2.0/include/stddef.h:468:9: note: this is the location of the previous definition
  468 | #define unreachable() (__builtin_unreachable ())
      |         ^~~~~~~~~~~
In file included from ../include/dwarf_i.h:10,
                 from dwarf/Gfind_proc_info-lsb.c:33,
                 from dwarf/Lfind_proc_info-lsb.c:4:
../include/libunwind_i.h:146:10: warning: 'unreachable' redefined
  146 | # define unreachable() __builtin_unreachable()
      |          ^~~~~~~~~~~
In file included from dwarf/Gfind_proc_info-lsb.c:29:
/usr/lib/gcc/x86_64-pc-linux-gnu/15.2.0/include/stddef.h:468:9: note: this is the location of the previous definition
  468 | #define unreachable() (__builtin_unreachable ())
      |         ^~~~~~~~~~~
  CC       mi/Gaddress_validator.lo
  CC       mi/Gdestroy_addr_space.lo
  CC       mi/Gdyn-extract.lo
  CC       mi/Gdyn-remote.lo
  CC       mi/Gfind_dynamic_proc_info.lo
  CC       mi/Gget_accessors.lo
  CC       mi/Gget_proc_info_by_ip.lo
  CC       mi/Gget_fpreg.lo
  CC       mi/Gget_proc_name.lo
  CC       mi/Gget_reg.lo
  CC       mi/Gis_plt_entry.lo
  CC       mi/Gput_dynamic_unwind_info.lo
  CC       mi/Gset_cache_size.lo
  CC       mi/Gset_caching_policy.lo
  CC       mi/Gset_fpreg.lo
  CC       mi/Gset_iterate_phdr_function.lo
  CC       mi/Gset_reg.lo
  CC       mi/Gget_elf_filename.lo
  CC       x86/Gapply_reg_state.lo
  CC       x86/Gcreate_addr_space.lo
  CC       x86/Gget_proc_info.lo
  CC       x86/Gget_save_loc.lo
  CC       x86/Gglobal.lo
  CC       x86/Ginit.lo
  CC       x86/Ginit_local.lo
  CC       x86/Ginit_remote.lo
  CC       x86/Gregs.lo
  CC       x86/Greg_states_iterate.lo
  CC       x86/Gstep.lo
  CC       x86/Gresume.lo
  CC       dwarf/Gexpr.lo
  CC       dwarf/Gfde.lo
  CC       dwarf/Gfind_proc_info-lsb.lo
  CC       dwarf/Gfind_unwind_table.lo
  CC       dwarf/Gget_proc_info_in_range.lo
  CC       dwarf/Gparser.lo
  CC       dwarf/Gpe.lo
  CC       coredump/_UCD_access_mem.lo
  CC       coredump/_UCD_accessors.lo
In file included from ../include/dwarf_i.h:10,
                 from dwarf/Gfind_proc_info-lsb.c:33:
../include/libunwind_i.h:146:10: warning: 'unreachable' redefined
  146 | # define unreachable() __builtin_unreachable()
      |          ^~~~~~~~~~~
In file included from dwarf/Gfind_proc_info-lsb.c:29:
/usr/lib/gcc/x86_64-pc-linux-gnu/15.2.0/include/stddef.h:468:9: note: this is the location of the previous definition
  468 | #define unreachable() (__builtin_unreachable ())
      |         ^~~~~~~~~~~
  CC       coredump/_UCD_corefile_elf.lo
In file included from dwarf/Gget_proc_info_in_range.c:22:
../include/libunwind_i.h:146:10: warning: 'unreachable' redefined
  146 | # define unreachable() __builtin_unreachable()
      |          ^~~~~~~~~~~
In file included from dwarf/Gget_proc_info_in_range.c:21:
/usr/lib/gcc/x86_64-pc-linux-gnu/15.2.0/include/stddef.h:468:9: note: this is the location of the previous definition
  468 | #define unreachable() (__builtin_unreachable ())
      |         ^~~~~~~~~~~
  CC       coredump/_UCD_create.lo
  CC       coredump/_UCD_destroy.lo
  CC       coredump/_UCD_elf_map_image.lo
  CC       coredump/ucd_file_table.lo
In file included from coredump/_UCD_internal.h:48,
                 from coredump/_UCD_access_mem.c:25:
../include/libunwind_i.h:146:10: warning: 'unreachable' redefined
  146 | # define unreachable() __builtin_unreachable()
      |          ^~~~~~~~~~~
In file included from coredump/_UCD_lib.h:38,
                 from coredump/_UCD_access_mem.c:24:
/usr/lib/gcc/x86_64-pc-linux-gnu/15.2.0/include/stddef.h:468:9: note: this is the location of the previous definition
  468 | #define unreachable() (__builtin_unreachable ())
      |         ^~~~~~~~~~~
  CC       coredump/_UCD_find_proc_info.lo
  CC       coredump/_UCD_get_proc_name.lo
  CC       coredump/_UCD_get_elf_filename.lo
In file included from coredump/_UCD_internal.h:48,
                 from coredump/_UCD_create.c:42:
../include/libunwind_i.h:146:10: warning: 'unreachable' redefined
  146 | # define unreachable() __builtin_unreachable()
      |          ^~~~~~~~~~~
In file included from coredump/_UCD_lib.h:38,
                 from coredump/_UCD_create.c:41:
/usr/lib/gcc/x86_64-pc-linux-gnu/15.2.0/include/stddef.h:468:9: note: this is the location of the previous definition
  468 | #define unreachable() (__builtin_unreachable ())
      |         ^~~~~~~~~~~
  CC       coredump/_UPT_elf.lo
In file included from coredump/_UCD_internal.h:48,
                 from coredump/_UCD_elf_map_image.c:31:
../include/libunwind_i.h:146:10: warning: 'unreachable' redefined
  146 | # define unreachable() __builtin_unreachable()
      |          ^~~~~~~~~~~
In file included from coredump/_UCD_lib.h:38,
                 from coredump/_UCD_elf_map_image.c:30:
/usr/lib/gcc/x86_64-pc-linux-gnu/15.2.0/include/stddef.h:468:9: note: this is the location of the previous definition
  468 | #define unreachable() (__builtin_unreachable ())
      |         ^~~~~~~~~~~
  CC       coredump/_UPT_access_fpreg.lo
  CC       coredump/_UPT_get_dyn_info_list_addr.lo
In file included from coredump/_UCD_internal.h:48,
                 from coredump/_UCD_find_proc_info.c:31:
../include/libunwind_i.h:146:10: warning: 'unreachable' redefined
  146 | # define unreachable() __builtin_unreachable()
      |          ^~~~~~~~~~~
In file included from coredump/_UCD_lib.h:38,
                 from coredump/_UCD_find_proc_info.c:30:
/usr/lib/gcc/x86_64-pc-linux-gnu/15.2.0/include/stddef.h:468:9: note: this is the location of the previous definition
  468 | #define unreachable() (__builtin_unreachable ())
      |         ^~~~~~~~~~~
  CC       coredump/_UPT_put_unwind_info.lo
  CC       coredump/_UPT_resume.lo
In file included from coredump/_UCD_internal.h:48,
                 from coredump/_UCD_get_elf_filename.c:23:
../include/libunwind_i.h:146:10: warning: 'unreachable' redefined
  146 | # define unreachable() __builtin_unreachable()
      |          ^~~~~~~~~~~
In file included from coredump/_UCD_lib.h:38,
                 from coredump/_UCD_get_elf_filename.c:22:
/usr/lib/gcc/x86_64-pc-linux-gnu/15.2.0/include/stddef.h:468:9: note: this is the location of the previous definition
  468 | #define unreachable() (__builtin_unreachable ())
      |         ^~~~~~~~~~~
  CC       coredump/_UCD_access_reg_linux.lo
  CC       coredump/_UCD_get_threadinfo_prstatus.lo
In file included from coredump/_UCD_internal.h:48,
                 from coredump/_UCD_get_proc_name.c:25:
../include/libunwind_i.h:146:10: warning: 'unreachable' redefined
  146 | # define unreachable() __builtin_unreachable()
      |          ^~~~~~~~~~~
In file included from coredump/_UCD_lib.h:38,
                 from coredump/_UCD_get_proc_name.c:24:
/usr/lib/gcc/x86_64-pc-linux-gnu/15.2.0/include/stddef.h:468:9: note: this is the location of the previous definition
  468 | #define unreachable() (__builtin_unreachable ())
      |         ^~~~~~~~~~~
In file included from coredump/_UCD_internal.h:48,
                 from coredump/_UPT_access_fpreg.c:25:
../include/libunwind_i.h:146:10: warning: 'unreachable' redefined
  146 | # define unreachable() __builtin_unreachable()
      |          ^~~~~~~~~~~
In file included from coredump/_UCD_lib.h:38,
                 from coredump/_UPT_access_fpreg.c:24:
/usr/lib/gcc/x86_64-pc-linux-gnu/15.2.0/include/stddef.h:468:9: note: this is the location of the previous definition
  468 | #define unreachable() (__builtin_unreachable ())
      |         ^~~~~~~~~~~
  CC       coredump/_UCD_get_mapinfo_linux.lo
  CC       ptrace/_UPT_access_fpreg.lo
In file included from coredump/_UCD_internal.h:48,
                 from coredump/_UPT_put_unwind_info.c:27:
../include/libunwind_i.h:146:10: warning: 'unreachable' redefined
  146 | # define unreachable() __builtin_unreachable()
      |          ^~~~~~~~~~~
In file included from coredump/_UCD_lib.h:38,
                 from coredump/_UPT_put_unwind_info.c:26:
/usr/lib/gcc/x86_64-pc-linux-gnu/15.2.0/include/stddef.h:468:9: note: this is the location of the previous definition
  468 | #define unreachable() (__builtin_unreachable ())
      |         ^~~~~~~~~~~
In file included from coredump/_UCD_internal.h:48,
                 from coredump/_UPT_resume.c:27:
../include/libunwind_i.h:146:10: warning: 'unreachable' redefined
  146 | # define unreachable() __builtin_unreachable()
      |          ^~~~~~~~~~~
In file included from coredump/_UCD_lib.h:38,
                 from coredump/_UPT_resume.c:26:
/usr/lib/gcc/x86_64-pc-linux-gnu/15.2.0/include/stddef.h:468:9: note: this is the location of the previous definition
  468 | #define unreachable() (__builtin_unreachable ())
      |         ^~~~~~~~~~~
In file included from coredump/_UCD_internal.h:48,
                 from coredump/_UPT_get_dyn_info_list_addr.c:27:
../include/libunwind_i.h:146:10: warning: 'unreachable' redefined
  146 | # define unreachable() __builtin_unreachable()
      |          ^~~~~~~~~~~
In file included from coredump/_UCD_lib.h:38,
                 from coredump/_UPT_get_dyn_info_list_addr.c:26:
/usr/lib/gcc/x86_64-pc-linux-gnu/15.2.0/include/stddef.h:468:9: note: this is the location of the previous definition
  468 | #define unreachable() (__builtin_unreachable ())
      |         ^~~~~~~~~~~
  CC       ptrace/_UPT_access_mem.lo
coredump/_UPT_get_dyn_info_list_addr.c: In function 'get_list_addr':
coredump/_UPT_get_dyn_info_list_addr.c:87:3: warning: #warning Implement get_list_addr(), please. [-Wcpp]
   87 | # warning Implement get_list_addr(), please.
      |   ^~~~~~~
  CC       ptrace/_UPT_accessors.lo
  CC       ptrace/_UPT_access_reg.lo
  CC       ptrace/_UPT_create.lo
  CC       ptrace/_UPT_destroy.lo
In file included from coredump/_UCD_internal.h:48,
                 from coredump/_UCD_access_reg_linux.c:27:
../include/libunwind_i.h:146:10: warning: 'unreachable' redefined
  146 | # define unreachable() __builtin_unreachable()
      |          ^~~~~~~~~~~
In file included from coredump/_UCD_lib.h:38,
                 from coredump/_UCD_access_reg_linux.c:25:
/usr/lib/gcc/x86_64-pc-linux-gnu/15.2.0/include/stddef.h:468:9: note: this is the location of the previous definition
  468 | #define unreachable() (__builtin_unreachable ())
      |         ^~~~~~~~~~~
  CC       ptrace/_UPT_elf.lo
  CC       ptrace/_UPT_find_proc_info.lo
ptrace/_UPT_access_mem.c: In function '_UPT_access_mem':
ptrace/_UPT_access_mem.c:60:42: warning: right shift count >= width of type [-Wshift-count-overflow]
   60 |           tmp_val = i == 0 ? *val : *val >> 32;
      |                                          ^~
  CC       ptrace/_UPT_get_dyn_info_list_addr.lo
  CC       ptrace/_UPT_get_proc_name.lo
  CC       ptrace/_UPT_get_elf_filename.lo
  CC       ptrace/_UPT_put_unwind_info.lo
  CC       ptrace/_UPT_reg_offset.lo
  CC       ptrace/_UPT_resume.lo
  CC       ptrace/_UPT_ptrauth_insn_mask.lo
  CC       setjmp/longjmp.lo
ptrace/_UPT_get_dyn_info_list_addr.c: In function 'get_list_addr':
ptrace/_UPT_get_dyn_info_list_addr.c:85:3: warning: #warning Implement get_list_addr(), please. [-Wcpp]
   85 | # warning Implement get_list_addr(), please.
      |   ^~~~~~~
  CC       setjmp/siglongjmp.lo
  CPPAS    x86/longjmp.lo
  CPPAS    x86/siglongjmp.lo
  CC       x86/is_fpreg.lo
  CC       x86/regname.lo
  CC       x86/Los-linux.lo
  CPPAS    x86/getcontext-linux.lo
  CCLD     libunwind-dwarf-common.la
  CCLD     libunwind-elf32.la
  CCLD     libunwind-dwarf-generic.la
  CCLD     libunwind-dwarf-local.la
  CCLD     libunwind.la
/usr/bin/ld: i386:x86-64 architecture of input file `.libs/dl-iterate-phdr.o' is incompatible with i386 output
collect2: error: ld returned 1 exit status
make[2]: *** [Makefile:4152: libunwind.la] Error 1
make[2]: Leaving directory '/blfs/builds/libunwind-1.8.3/src'
make[1]: *** [Makefile:2929: all] Error 2
make[1]: Leaving directory '/blfs/builds/libunwind-1.8.3/src'
make: *** [Makefile:620: all-recursive] Error 1
