--2025-10-31 10:19:14--  https://download.gnome.org/sources/libxml2/2.15/libxml2-2.15.1.tar.xz
Resolving download.gnome.org (download.gnome.org)... 2a02:6ea0:c400::54, 2a02:6ea0:c400::53, 79.127.206.234, ...
Connecting to download.gnome.org (download.gnome.org)|2a02:6ea0:c400::54|:443... connected.
HTTP request sent, awaiting response... 200 OK
Length: 2004588 (1.9M) [application/octet-stream]
Saving to: ‘libxml2-2.15.1.tar.xz’

     0K .......... .......... .......... .......... ..........  2% 4.11M 0s
    50K .......... .......... .......... .......... ..........  5% 11.2M 0s
   100K .......... .......... .......... .......... ..........  7% 10.3M 0s
   150K .......... .......... .......... .......... .......... 10% 13.2M 0s
   200K .......... .......... .......... .......... .......... 12% 13.4M 0s
   250K .......... .......... .......... .......... .......... 15% 36.9M 0s
   300K .......... .......... .......... .......... .......... 17% 19.5M 0s
   350K .......... .......... .......... .......... .......... 20% 12.7M 0s
   400K .......... .......... .......... .......... .......... 22% 58.6M 0s
   450K .......... .......... .......... .......... .......... 25% 80.7M 0s
   500K .......... .......... .......... .......... .......... 28% 17.1M 0s
   550K .......... .......... .......... .......... .......... 30% 13.8M 0s
   600K .......... .......... .......... .......... .......... 33%  136M 0s
   650K .......... .......... .......... .......... .......... 35% 70.6M 0s
   700K .......... .......... .......... .......... .......... 38% 89.1M 0s
   750K .......... .......... .......... .......... .......... 40% 63.0M 0s
   800K .......... .......... .......... .......... .......... 43% 26.2M 0s
   850K .......... .......... .......... .......... .......... 45% 53.3M 0s
   900K .......... .......... .......... .......... .......... 48% 16.0M 0s
   950K .......... .......... .......... .......... .......... 51%  112M 0s
  1000K .......... .......... .......... .......... .......... 53% 75.6M 0s
  1050K .......... .......... .......... .......... .......... 56% 35.6M 0s
  1100K .......... .......... .......... .......... .......... 58% 97.8M 0s
  1150K .......... .......... .......... .......... .......... 61% 75.6M 0s
  1200K .......... .......... .......... .......... .......... 63% 11.2M 0s
  1250K .......... .......... .......... .......... .......... 66%  144M 0s
  1300K .......... .......... .......... .......... .......... 68%  107M 0s
  1350K .......... .......... .......... .......... .......... 71% 10.2M 0s
  1400K .......... .......... .......... .......... .......... 74%  150M 0s
  1450K .......... .......... .......... .......... .......... 76%  130M 0s
  1500K .......... .......... .......... .......... .......... 79% 13.2M 0s
  1550K .......... .......... .......... .......... .......... 81% 98.0M 0s
  1600K .......... .......... .......... .......... .......... 84%  100M 0s
  1650K .......... .......... .......... .......... .......... 86% 10.5M 0s
  1700K .......... .......... .......... .......... .......... 89%  125M 0s
  1750K .......... .......... .......... .......... .......... 91% 89.3M 0s
  1800K .......... .......... .......... .......... .......... 94% 14.2M 0s
  1850K .......... .......... .......... .......... .......... 97%  114M 0s
  1900K .......... .......... .......... .......... .......... 99%  143M 0s
  1950K .......                                               100% 40.1M=0.08s

2025-10-31 10:19:14 (23.6 MB/s) - ‘libxml2-2.15.1.tar.xz’ saved [2004588/2004588]

--2025-10-31 10:19:14--  https://www.linuxfromscratch.org/patches/blfs/svn/libxml2-2.15.0-upstream_fix-1.patch
Resolving www.linuxfromscratch.org (www.linuxfromscratch.org)... 208.118.68.85
Connecting to www.linuxfromscratch.org (www.linuxfromscratch.org)|208.118.68.85|:443... connected.
HTTP request sent, awaiting response... 404 Not Found
2025-10-31 10:19:14 ERROR 404: Not Found.

