--2025-08-09 10:30:57--  https://download.gnome.org/sources/gjs/1.85/gjs-1.85.2.tar.xz
Resolving download.gnome.org (download.gnome.org)... 2a02:6ea0:c400::53, 2a02:6ea0:c400::54, 79.127.206.208, ...
Connecting to download.gnome.org (download.gnome.org)|2a02:6ea0:c400::53|:443... connected.
HTTP request sent, awaiting response... 200 OK
Length: 797652 (779K) [application/octet-stream]
Saving to: 'gjs-1.85.2.tar.xz'

     0K .......... .......... .......... .......... ..........  6% 4.01M 0s
    50K .......... .......... .......... .......... .......... 12% 6.73M 0s
   100K .......... .......... .......... .......... .......... 19% 13.4M 0s
   150K .......... .......... .......... .......... .......... 25% 20.1M 0s
   200K .......... .......... .......... .......... .......... 32% 18.2M 0s
   250K .......... .......... .......... .......... .......... 38% 24.4M 0s
   300K .......... .......... .......... .......... .......... 44% 26.7M 0s
   350K .......... .......... .......... .......... .......... 51% 25.4M 0s
   400K .......... .......... .......... .......... .......... 57% 47.7M 0s
   450K .......... .......... .......... .......... .......... 64% 48.5M 0s
   500K .......... .......... .......... .......... .......... 70% 55.0M 0s
   550K .......... .......... .......... .......... .......... 77% 60.0M 0s
   600K .......... .......... .......... .......... .......... 83% 45.4M 0s
   650K .......... .......... .......... .......... .......... 89%  115M 0s
   700K .......... .......... .......... .......... .......... 96% 65.4M 0s
   750K .......... .......... ........                        100% 77.0M=0.04s

2025-08-09 10:30:57 (18.9 MB/s) - 'gjs-1.85.2.tar.xz' saved [797652/797652]

gjs-1.85.2/
gjs-1.85.2/.clang-format
gjs-1.85.2/.clangd
gjs-1.85.2/.editorconfig
gjs-1.85.2/.eslintignore
gjs-1.85.2/.gitignore
gjs-1.85.2/.gitlab/
gjs-1.85.2/.gitlab/issue_templates/
gjs-1.85.2/.gitlab/issue_templates/bug.md
gjs-1.85.2/.gitlab/issue_templates/feature.md
gjs-1.85.2/.gitlab-ci.yml
gjs-1.85.2/.gitmodules
gjs-1.85.2/.reuse/
gjs-1.85.2/.reuse/dep5
gjs-1.85.2/CONTRIBUTING.md
gjs-1.85.2/COPYING
gjs-1.85.2/CPPLINT.cfg
gjs-1.85.2/LICENSES/
gjs-1.85.2/LICENSES/BSD-3-Clause.txt
gjs-1.85.2/LICENSES/CC-BY-3.0.txt
gjs-1.85.2/LICENSES/CC0-1.0.txt
gjs-1.85.2/LICENSES/GPL-2.0-or-later.txt
gjs-1.85.2/LICENSES/GPL-3.0-or-later.txt
gjs-1.85.2/LICENSES/LGPL-2.0-or-later.txt
gjs-1.85.2/LICENSES/LGPL-2.1-or-later.txt
gjs-1.85.2/LICENSES/MIT.txt
gjs-1.85.2/LICENSES/MPL-1.1.txt
gjs-1.85.2/LICENSES/MPL-2.0.txt
gjs-1.85.2/NEWS
gjs-1.85.2/README.MSVC.md
gjs-1.85.2/README.md
gjs-1.85.2/build/
gjs-1.85.2/build/choose-tests-locale.sh
gjs-1.85.2/build/flatpak/
gjs-1.85.2/build/flatpak/org.gnome.GjsConsole.json
gjs-1.85.2/build/maintainer-tag-release.sh
gjs-1.85.2/build/symlink-gjs.py
gjs-1.85.2/doc/
gjs-1.85.2/doc/ByteArray.md
gjs-1.85.2/doc/CPP_Style_Guide.md
gjs-1.85.2/doc/Console.md
gjs-1.85.2/doc/Custom-GSources.md
gjs-1.85.2/doc/ESModules.md
gjs-1.85.2/doc/Encoding.md
gjs-1.85.2/doc/Environment.md
gjs-1.85.2/doc/Format.md
gjs-1.85.2/doc/Gettext.md
gjs-1.85.2/doc/Hacking.md
gjs-1.85.2/doc/Home.md
gjs-1.85.2/doc/Internship-Getting-Started.md
gjs-1.85.2/doc/Lang.md
gjs-1.85.2/doc/Logging.md
gjs-1.85.2/doc/Mainloop.md
gjs-1.85.2/doc/Mapping.md
gjs-1.85.2/doc/Modules.md
gjs-1.85.2/doc/Overrides.md
gjs-1.85.2/doc/Package/
gjs-1.85.2/doc/Package/Specification.md
gjs-1.85.2/doc/Profiling.md
gjs-1.85.2/doc/README.md
gjs-1.85.2/doc/Signals.md
gjs-1.85.2/doc/SpiderMonkey_Memory.md
gjs-1.85.2/doc/Style_Guide.md
gjs-1.85.2/doc/System.md
gjs-1.85.2/doc/Testing.md
gjs-1.85.2/doc/Timers.md
gjs-1.85.2/doc/Understanding-SpiderMonkey-code.md
gjs-1.85.2/doc/cairo.md
gjs-1.85.2/eslint.config.js
gjs-1.85.2/examples/
gjs-1.85.2/examples/README
gjs-1.85.2/examples/calc.js
gjs-1.85.2/examples/dbus-client.js
gjs-1.85.2/examples/dbus-service.js
gjs-1.85.2/examples/gettext.js
gjs-1.85.2/examples/gio-cat.js
gjs-1.85.2/examples/glistmodel.js
gjs-1.85.2/examples/gtk-application.js
gjs-1.85.2/examples/gtk3-template.js
gjs-1.85.2/examples/gtk3-template.ui
gjs-1.85.2/examples/gtk3.js
gjs-1.85.2/examples/gtk4-frame-clock.js
gjs-1.85.2/examples/gtk4-template.js
gjs-1.85.2/examples/gtk4-template.ui
gjs-1.85.2/examples/gtk4.js
gjs-1.85.2/examples/http-client.js
gjs-1.85.2/examples/http-server.js
gjs-1.85.2/examples/test.jpg
gjs-1.85.2/examples/test.jpg.license
gjs-1.85.2/examples/timers.js
gjs-1.85.2/examples/webkit.js
gjs-1.85.2/examples/websocket-client.js
gjs-1.85.2/gi/
gjs-1.85.2/gi/arg-cache.cpp
gjs-1.85.2/gi/arg-cache.h
gjs-1.85.2/gi/arg-inl.h
gjs-1.85.2/gi/arg-types-inl.h
gjs-1.85.2/gi/arg.cpp
gjs-1.85.2/gi/arg.h
gjs-1.85.2/gi/boxed.cpp
gjs-1.85.2/gi/boxed.h
gjs-1.85.2/gi/closure.cpp
gjs-1.85.2/gi/closure.h
gjs-1.85.2/gi/cwrapper.cpp
gjs-1.85.2/gi/cwrapper.h
gjs-1.85.2/gi/enumeration.cpp
gjs-1.85.2/gi/enumeration.h
gjs-1.85.2/gi/foreign.cpp
gjs-1.85.2/gi/foreign.h
gjs-1.85.2/gi/function.cpp
gjs-1.85.2/gi/function.h
gjs-1.85.2/gi/fundamental.cpp
gjs-1.85.2/gi/fundamental.h
gjs-1.85.2/gi/gerror.cpp
gjs-1.85.2/gi/gerror.h
gjs-1.85.2/gi/gjs_gi_probes.d
gjs-1.85.2/gi/gjs_gi_trace.h
gjs-1.85.2/gi/gobject.cpp
gjs-1.85.2/gi/gobject.h
gjs-1.85.2/gi/gtype.cpp
gjs-1.85.2/gi/gtype.h
gjs-1.85.2/gi/info.h
gjs-1.85.2/gi/interface.cpp
gjs-1.85.2/gi/interface.h
gjs-1.85.2/gi/js-value-inl.h
gjs-1.85.2/gi/ns.cpp
gjs-1.85.2/gi/ns.h
gjs-1.85.2/gi/object.cpp
gjs-1.85.2/gi/object.h
gjs-1.85.2/gi/param.cpp
gjs-1.85.2/gi/param.h
gjs-1.85.2/gi/private.cpp
gjs-1.85.2/gi/private.h
gjs-1.85.2/gi/repo.cpp
gjs-1.85.2/gi/repo.h
gjs-1.85.2/gi/toggle.cpp
gjs-1.85.2/gi/toggle.h
gjs-1.85.2/gi/union.cpp
gjs-1.85.2/gi/union.h
gjs-1.85.2/gi/utils-inl.h
gjs-1.85.2/gi/value.cpp
gjs-1.85.2/gi/value.h
gjs-1.85.2/gi/wrapperutils.cpp
gjs-1.85.2/gi/wrapperutils.h
gjs-1.85.2/gjs/
gjs-1.85.2/gjs/atoms.cpp
gjs-1.85.2/gjs/atoms.h
gjs-1.85.2/gjs/auto.h
gjs-1.85.2/gjs/byteArray.cpp
gjs-1.85.2/gjs/byteArray.h
gjs-1.85.2/gjs/console.cpp
gjs-1.85.2/gjs/context-private.h
gjs-1.85.2/gjs/context.cpp
gjs-1.85.2/gjs/context.h
gjs-1.85.2/gjs/coverage.cpp
gjs-1.85.2/gjs/coverage.h
gjs-1.85.2/gjs/debugger.cpp
gjs-1.85.2/gjs/deprecation.cpp
gjs-1.85.2/gjs/deprecation.h
gjs-1.85.2/gjs/engine.cpp
gjs-1.85.2/gjs/engine.h
gjs-1.85.2/gjs/enum-utils.h
gjs-1.85.2/gjs/error-types.cpp
gjs-1.85.2/gjs/error-types.h
gjs-1.85.2/gjs/gerror-result.h
gjs-1.85.2/gjs/gjs.h
gjs-1.85.2/gjs/gjs.stp.in
gjs-1.85.2/gjs/gjs_pch.hh
gjs-1.85.2/gjs/global.cpp
gjs-1.85.2/gjs/global.h
gjs-1.85.2/gjs/importer.cpp
gjs-1.85.2/gjs/importer.h
gjs-1.85.2/gjs/internal.cpp
gjs-1.85.2/gjs/internal.h
gjs-1.85.2/gjs/jsapi-class.h
gjs-1.85.2/gjs/jsapi-dynamic-class.cpp
gjs-1.85.2/gjs/jsapi-util-args.h
gjs-1.85.2/gjs/jsapi-util-error.cpp
gjs-1.85.2/gjs/jsapi-util-root.h
gjs-1.85.2/gjs/jsapi-util-string.cpp
gjs-1.85.2/gjs/jsapi-util.cpp
gjs-1.85.2/gjs/jsapi-util.h
gjs-1.85.2/gjs/macros.h
gjs-1.85.2/gjs/mainloop.cpp
gjs-1.85.2/gjs/mainloop.h
gjs-1.85.2/gjs/mem-private.h
gjs-1.85.2/gjs/mem.cpp
gjs-1.85.2/gjs/mem.h
gjs-1.85.2/gjs/module.cpp
gjs-1.85.2/gjs/module.h
gjs-1.85.2/gjs/native.cpp
gjs-1.85.2/gjs/native.h
gjs-1.85.2/gjs/objectbox.cpp
gjs-1.85.2/gjs/objectbox.h
gjs-1.85.2/gjs/profiler-private.h
gjs-1.85.2/gjs/profiler.cpp
gjs-1.85.2/gjs/profiler.h
gjs-1.85.2/gjs/promise.cpp
gjs-1.85.2/gjs/promise.h
gjs-1.85.2/gjs/stack.cpp
gjs-1.85.2/gjs/text-encoding.cpp
gjs-1.85.2/gjs/text-encoding.h
gjs-1.85.2/gjs.doap
gjs-1.85.2/installed-tests/
gjs-1.85.2/installed-tests/debugger/
gjs-1.85.2/installed-tests/debugger/backtrace.debugger
gjs-1.85.2/installed-tests/debugger/backtrace.debugger.js
gjs-1.85.2/installed-tests/debugger/backtrace.debugger.output
gjs-1.85.2/installed-tests/debugger/breakpoint.debugger
gjs-1.85.2/installed-tests/debugger/breakpoint.debugger.js
gjs-1.85.2/installed-tests/debugger/breakpoint.debugger.output
gjs-1.85.2/installed-tests/debugger/continue.debugger
gjs-1.85.2/installed-tests/debugger/continue.debugger.js
gjs-1.85.2/installed-tests/debugger/continue.debugger.output
gjs-1.85.2/installed-tests/debugger/delete.debugger
gjs-1.85.2/installed-tests/debugger/delete.debugger.js
gjs-1.85.2/installed-tests/debugger/delete.debugger.output
gjs-1.85.2/installed-tests/debugger/detach.debugger
gjs-1.85.2/installed-tests/debugger/detach.debugger.js
gjs-1.85.2/installed-tests/debugger/detach.debugger.output
gjs-1.85.2/installed-tests/debugger/down-up.debugger
gjs-1.85.2/installed-tests/debugger/down-up.debugger.js
gjs-1.85.2/installed-tests/debugger/down-up.debugger.output
gjs-1.85.2/installed-tests/debugger/finish.debugger
gjs-1.85.2/installed-tests/debugger/finish.debugger.js
gjs-1.85.2/installed-tests/debugger/finish.debugger.output
gjs-1.85.2/installed-tests/debugger/frame.debugger
gjs-1.85.2/installed-tests/debugger/frame.debugger.js
gjs-1.85.2/installed-tests/debugger/frame.debugger.output
gjs-1.85.2/installed-tests/debugger/keys.debugger
gjs-1.85.2/installed-tests/debugger/keys.debugger.js
gjs-1.85.2/installed-tests/debugger/keys.debugger.output
gjs-1.85.2/installed-tests/debugger/lastvalues.debugger
gjs-1.85.2/installed-tests/debugger/lastvalues.debugger.js
gjs-1.85.2/installed-tests/debugger/lastvalues.debugger.output
gjs-1.85.2/installed-tests/debugger/list.debugger
gjs-1.85.2/installed-tests/debugger/list.debugger.js
gjs-1.85.2/installed-tests/debugger/list.debugger.output
gjs-1.85.2/installed-tests/debugger/next.debugger
gjs-1.85.2/installed-tests/debugger/next.debugger.js
gjs-1.85.2/installed-tests/debugger/next.debugger.output
gjs-1.85.2/installed-tests/debugger/noModule.js.map
gjs-1.85.2/installed-tests/debugger/noModule.js.map.license
gjs-1.85.2/installed-tests/debugger/number.js.map
gjs-1.85.2/installed-tests/debugger/number.js.map.license
gjs-1.85.2/installed-tests/debugger/numberWork.js.map
gjs-1.85.2/installed-tests/debugger/numberWork.js.map.license
gjs-1.85.2/installed-tests/debugger/print.debugger
gjs-1.85.2/installed-tests/debugger/print.debugger.js
gjs-1.85.2/installed-tests/debugger/print.debugger.output
gjs-1.85.2/installed-tests/debugger/quit.debugger
gjs-1.85.2/installed-tests/debugger/quit.debugger.js
gjs-1.85.2/installed-tests/debugger/quit.debugger.output
gjs-1.85.2/installed-tests/debugger/return.debugger
gjs-1.85.2/installed-tests/debugger/return.debugger.js
gjs-1.85.2/installed-tests/debugger/return.debugger.output
gjs-1.85.2/installed-tests/debugger/set.debugger
gjs-1.85.2/installed-tests/debugger/set.debugger.js
gjs-1.85.2/installed-tests/debugger/set.debugger.output
gjs-1.85.2/installed-tests/debugger/sourcemap-dynamic-module.debugger
gjs-1.85.2/installed-tests/debugger/sourcemap-dynamic-module.debugger.js
gjs-1.85.2/installed-tests/debugger/sourcemap-dynamic-module.debugger.output
gjs-1.85.2/installed-tests/debugger/sourcemap-inlined-module.debugger
gjs-1.85.2/installed-tests/debugger/sourcemap-inlined-module.debugger.js
gjs-1.85.2/installed-tests/debugger/sourcemap-inlined-module.debugger.js.license
gjs-1.85.2/installed-tests/debugger/sourcemap-inlined-module.debugger.output
gjs-1.85.2/installed-tests/debugger/sourcemap-inlined.debugger
gjs-1.85.2/installed-tests/debugger/sourcemap-inlined.debugger.js
gjs-1.85.2/installed-tests/debugger/sourcemap-inlined.debugger.js.license
gjs-1.85.2/installed-tests/debugger/sourcemap-inlined.debugger.output
gjs-1.85.2/installed-tests/debugger/sourcemap-number-module.js
gjs-1.85.2/installed-tests/debugger/sourcemap-number-module.js.license
gjs-1.85.2/installed-tests/debugger/sourcemap-separate-module.debugger
gjs-1.85.2/installed-tests/debugger/sourcemap-separate-module.debugger.js
gjs-1.85.2/installed-tests/debugger/sourcemap-separate-module.debugger.js.license
gjs-1.85.2/installed-tests/debugger/sourcemap-separate-module.debugger.output
gjs-1.85.2/installed-tests/debugger/sourcemap-separate.debugger
gjs-1.85.2/installed-tests/debugger/sourcemap-separate.debugger.js
gjs-1.85.2/installed-tests/debugger/sourcemap-separate.debugger.js.license
gjs-1.85.2/installed-tests/debugger/sourcemap-separate.debugger.output
gjs-1.85.2/installed-tests/debugger/step.debugger
gjs-1.85.2/installed-tests/debugger/step.debugger.js
gjs-1.85.2/installed-tests/debugger/step.debugger.output
gjs-1.85.2/installed-tests/debugger/throw-ignored.debugger
gjs-1.85.2/installed-tests/debugger/throw-ignored.debugger.js
gjs-1.85.2/installed-tests/debugger/throw-ignored.debugger.output
gjs-1.85.2/installed-tests/debugger/throw.debugger
gjs-1.85.2/installed-tests/debugger/throw.debugger.js
gjs-1.85.2/installed-tests/debugger/throw.debugger.output
gjs-1.85.2/installed-tests/debugger/until.debugger
gjs-1.85.2/installed-tests/debugger/until.debugger.js
gjs-1.85.2/installed-tests/debugger/until.debugger.output
gjs-1.85.2/installed-tests/debugger-test.sh
gjs-1.85.2/installed-tests/debugger.test.in
gjs-1.85.2/installed-tests/extra/
gjs-1.85.2/installed-tests/extra/gjs.supp
gjs-1.85.2/installed-tests/extra/lsan.supp
gjs-1.85.2/installed-tests/extra/tsan.supp
gjs-1.85.2/installed-tests/js/
gjs-1.85.2/installed-tests/js/complex3.ui
gjs-1.85.2/installed-tests/js/complex4.ui
gjs-1.85.2/installed-tests/js/jasmine.js
gjs-1.85.2/installed-tests/js/jsunit.gresources.xml
gjs-1.85.2/installed-tests/js/libgjstesttools/
gjs-1.85.2/installed-tests/js/libgjstesttools/gjs-test-tools.cpp
gjs-1.85.2/installed-tests/js/libgjstesttools/gjs-test-tools.h
gjs-1.85.2/installed-tests/js/libgjstesttools/meson.build
gjs-1.85.2/installed-tests/js/matchers.js
gjs-1.85.2/installed-tests/js/meson.build
gjs-1.85.2/installed-tests/js/minijasmine-executor.js
gjs-1.85.2/installed-tests/js/minijasmine.js
gjs-1.85.2/installed-tests/js/modules/
gjs-1.85.2/installed-tests/js/modules/alwaysThrows.js
gjs-1.85.2/installed-tests/js/modules/badOverrides/
gjs-1.85.2/installed-tests/js/modules/badOverrides/GIMarshallingTests.js
gjs-1.85.2/installed-tests/js/modules/badOverrides/Gio.js
gjs-1.85.2/installed-tests/js/modules/badOverrides/Regress.js
gjs-1.85.2/installed-tests/js/modules/badOverrides/WarnLib.js
gjs-1.85.2/installed-tests/js/modules/badOverrides2/
gjs-1.85.2/installed-tests/js/modules/badOverrides2/GIMarshallingTests.js
gjs-1.85.2/installed-tests/js/modules/badOverrides2/Gio.js
gjs-1.85.2/installed-tests/js/modules/badOverrides2/Regress.js
gjs-1.85.2/installed-tests/js/modules/badOverrides2/WarnLib.js
gjs-1.85.2/installed-tests/js/modules/data.txt
gjs-1.85.2/installed-tests/js/modules/dynamic.js
gjs-1.85.2/installed-tests/js/modules/encodings.json
gjs-1.85.2/installed-tests/js/modules/exports.js
gjs-1.85.2/installed-tests/js/modules/foobar.js
gjs-1.85.2/installed-tests/js/modules/greet.js
gjs-1.85.2/installed-tests/js/modules/importmeta.js
gjs-1.85.2/installed-tests/js/modules/lexicalScope.js
gjs-1.85.2/installed-tests/js/modules/modunicode.js
gjs-1.85.2/installed-tests/js/modules/mutualImport/
gjs-1.85.2/installed-tests/js/modules/mutualImport/a.js
gjs-1.85.2/installed-tests/js/modules/mutualImport/b.js
gjs-1.85.2/installed-tests/js/modules/networkURI.js
gjs-1.85.2/installed-tests/js/modules/overrides/
gjs-1.85.2/installed-tests/js/modules/overrides/GIMarshallingTests.js
gjs-1.85.2/installed-tests/js/modules/say.js
gjs-1.85.2/installed-tests/js/modules/scaryURI.js
gjs-1.85.2/installed-tests/js/modules/sideEffect.js
gjs-1.85.2/installed-tests/js/modules/sideEffect2.js
gjs-1.85.2/installed-tests/js/modules/sideEffect3.js
gjs-1.85.2/installed-tests/js/modules/sideEffect4.js
gjs-1.85.2/installed-tests/js/modules/subA/
gjs-1.85.2/installed-tests/js/modules/subA/subB/
gjs-1.85.2/installed-tests/js/modules/subA/subB/__init__.js
gjs-1.85.2/installed-tests/js/modules/subA/subB/baz.js
gjs-1.85.2/installed-tests/js/modules/subA/subB/foobar.js
gjs-1.85.2/installed-tests/js/modules/subBadInit/
gjs-1.85.2/installed-tests/js/modules/subBadInit/__init__.js
gjs-1.85.2/installed-tests/js/modules/subErrorInit/
gjs-1.85.2/installed-tests/js/modules/subErrorInit/__init__.js
gjs-1.85.2/installed-tests/js/org.gnome.GjsTest.gschema.xml
gjs-1.85.2/installed-tests/js/testAsync.js
gjs-1.85.2/installed-tests/js/testAsyncMainloop.js
gjs-1.85.2/installed-tests/js/testCairo.js
gjs-1.85.2/installed-tests/js/testCairoModule.js
gjs-1.85.2/installed-tests/js/testConsole.js
gjs-1.85.2/installed-tests/js/testESModules.js
gjs-1.85.2/installed-tests/js/testEncoding.js
gjs-1.85.2/installed-tests/js/testExceptions.js
gjs-1.85.2/installed-tests/js/testFormat.js
gjs-1.85.2/installed-tests/js/testFundamental.js
gjs-1.85.2/installed-tests/js/testGDBus.js
gjs-1.85.2/installed-tests/js/testGIMarshalling.js
gjs-1.85.2/installed-tests/js/testGLib.js
gjs-1.85.2/installed-tests/js/testGLibLogWriter.js
gjs-1.85.2/installed-tests/js/testGObject.js
gjs-1.85.2/installed-tests/js/testGObjectClass.js
gjs-1.85.2/installed-tests/js/testGObjectDestructionAccess.js
gjs-1.85.2/installed-tests/js/testGObjectInterface.js
gjs-1.85.2/installed-tests/js/testGObjectValue.js
gjs-1.85.2/installed-tests/js/testGTypeClass.js
gjs-1.85.2/installed-tests/js/testGettext.js
gjs-1.85.2/installed-tests/js/testGio.js
gjs-1.85.2/installed-tests/js/testGlobal.js
gjs-1.85.2/installed-tests/js/testGtk3.js
gjs-1.85.2/installed-tests/js/testGtk4.js
gjs-1.85.2/installed-tests/js/testImporter.js
gjs-1.85.2/installed-tests/js/testImporter2.js
gjs-1.85.2/installed-tests/js/testIntrospection.js
gjs-1.85.2/installed-tests/js/testLang.js
gjs-1.85.2/installed-tests/js/testLegacyByteArray.js
gjs-1.85.2/installed-tests/js/testLegacyClass.js
gjs-1.85.2/installed-tests/js/testLegacyGObject.js
gjs-1.85.2/installed-tests/js/testLegacyGtk.js
gjs-1.85.2/installed-tests/js/testMainloop.js
gjs-1.85.2/installed-tests/js/testNamespace.js
gjs-1.85.2/installed-tests/js/testPackage.js
gjs-1.85.2/installed-tests/js/testParamSpec.js
gjs-1.85.2/installed-tests/js/testPrint.js
gjs-1.85.2/installed-tests/js/testPromise.js
gjs-1.85.2/installed-tests/js/testRegress.js
gjs-1.85.2/installed-tests/js/testSignals.js
gjs-1.85.2/installed-tests/js/testSystem.js
gjs-1.85.2/installed-tests/js/testTimers.js
gjs-1.85.2/installed-tests/js/testTweener.js
gjs-1.85.2/installed-tests/js/testUtility.js
gjs-1.85.2/installed-tests/js/testWarnLib.js
gjs-1.85.2/installed-tests/js/testWeakRef.js
gjs-1.85.2/installed-tests/js/testself.js
gjs-1.85.2/installed-tests/meson.build
gjs-1.85.2/installed-tests/minijasmine-module.test.in
gjs-1.85.2/installed-tests/minijasmine.cpp
gjs-1.85.2/installed-tests/minijasmine.test.in
gjs-1.85.2/installed-tests/script.test.in
gjs-1.85.2/installed-tests/scripts/
gjs-1.85.2/installed-tests/scripts/common.sh
gjs-1.85.2/installed-tests/scripts/testCommandLine.sh
gjs-1.85.2/installed-tests/scripts/testCommandLineModules.sh
gjs-1.85.2/installed-tests/scripts/testExamples.sh
gjs-1.85.2/installed-tests/scripts/testGtk4Warnings.sh
gjs-1.85.2/installed-tests/scripts/testWarnings.sh
gjs-1.85.2/js.gresource.xml
gjs-1.85.2/libgjs-private/
gjs-1.85.2/libgjs-private/gjs-gdbus-wrapper.c
gjs-1.85.2/libgjs-private/gjs-gdbus-wrapper.h
gjs-1.85.2/libgjs-private/gjs-match-info.c
gjs-1.85.2/libgjs-private/gjs-match-info.h
gjs-1.85.2/libgjs-private/gjs-util.c
gjs-1.85.2/libgjs-private/gjs-util.h
gjs-1.85.2/libgjs.map
gjs-1.85.2/libgjs.symbols
gjs-1.85.2/meson.build
gjs-1.85.2/meson_options.txt
gjs-1.85.2/modules/
gjs-1.85.2/modules/cairo-context.cpp
gjs-1.85.2/modules/cairo-gradient.cpp
gjs-1.85.2/modules/cairo-image-surface.cpp
gjs-1.85.2/modules/cairo-linear-gradient.cpp
gjs-1.85.2/modules/cairo-module.h
gjs-1.85.2/modules/cairo-path.cpp
gjs-1.85.2/modules/cairo-pattern.cpp
gjs-1.85.2/modules/cairo-pdf-surface.cpp
gjs-1.85.2/modules/cairo-private.h
gjs-1.85.2/modules/cairo-ps-surface.cpp
gjs-1.85.2/modules/cairo-radial-gradient.cpp
gjs-1.85.2/modules/cairo-region.cpp
gjs-1.85.2/modules/cairo-solid-pattern.cpp
gjs-1.85.2/modules/cairo-surface-pattern.cpp
gjs-1.85.2/modules/cairo-surface.cpp
gjs-1.85.2/modules/cairo-svg-surface.cpp
gjs-1.85.2/modules/cairo.cpp
gjs-1.85.2/modules/console.cpp
gjs-1.85.2/modules/console.h
gjs-1.85.2/modules/core/
gjs-1.85.2/modules/core/_cairo.js
gjs-1.85.2/modules/core/_common.js
gjs-1.85.2/modules/core/_format.js
gjs-1.85.2/modules/core/_gettext.js
gjs-1.85.2/modules/core/_signals.js
gjs-1.85.2/modules/core/overrides/
gjs-1.85.2/modules/core/overrides/GLib.js
gjs-1.85.2/modules/core/overrides/GObject.js
gjs-1.85.2/modules/core/overrides/Gio.js
gjs-1.85.2/modules/core/overrides/Gtk.js
gjs-1.85.2/modules/core/overrides/cairo.js
gjs-1.85.2/modules/esm/
gjs-1.85.2/modules/esm/_bootstrap/
gjs-1.85.2/modules/esm/_bootstrap/default.js
gjs-1.85.2/modules/esm/_encoding/
gjs-1.85.2/modules/esm/_encoding/encoding.js
gjs-1.85.2/modules/esm/_encoding/encodingMap.js
gjs-1.85.2/modules/esm/_encoding/util.js
gjs-1.85.2/modules/esm/_timers.js
gjs-1.85.2/modules/esm/cairo.js
gjs-1.85.2/modules/esm/console.js
gjs-1.85.2/modules/esm/gettext.js
gjs-1.85.2/modules/esm/gi.js
gjs-1.85.2/modules/esm/system.js
gjs-1.85.2/modules/internal/
gjs-1.85.2/modules/internal/environment.d.ts
gjs-1.85.2/modules/internal/internalLoader.js
gjs-1.85.2/modules/internal/loader.js
gjs-1.85.2/modules/internal/source-map/
gjs-1.85.2/modules/internal/source-map/array-set.js
gjs-1.85.2/modules/internal/source-map/base64-vlq.js
gjs-1.85.2/modules/internal/source-map/base64.js
gjs-1.85.2/modules/internal/source-map/binary-search.js
gjs-1.85.2/modules/internal/source-map/extractUrl.js
gjs-1.85.2/modules/internal/source-map/source-map-consumer.js
gjs-1.85.2/modules/internal/source-map/util.js
gjs-1.85.2/modules/print.cpp
gjs-1.85.2/modules/print.h
gjs-1.85.2/modules/script/
gjs-1.85.2/modules/script/_bootstrap/
gjs-1.85.2/modules/script/_bootstrap/coverage.js
gjs-1.85.2/modules/script/_bootstrap/debugger.js
gjs-1.85.2/modules/script/_bootstrap/default.js
gjs-1.85.2/modules/script/_legacy.js
gjs-1.85.2/modules/script/byteArray.js
gjs-1.85.2/modules/script/cairo.js
gjs-1.85.2/modules/script/format.js
gjs-1.85.2/modules/script/gettext.js
gjs-1.85.2/modules/script/jsUnit.js
gjs-1.85.2/modules/script/lang.js
gjs-1.85.2/modules/script/mainloop.js
gjs-1.85.2/modules/script/package.js
gjs-1.85.2/modules/script/signals.js
gjs-1.85.2/modules/script/tweener/
gjs-1.85.2/modules/script/tweener/equations.js
gjs-1.85.2/modules/script/tweener/tweenList.js
gjs-1.85.2/modules/script/tweener/tweener.js
gjs-1.85.2/modules/system.cpp
gjs-1.85.2/modules/system.h
gjs-1.85.2/subprojects/
gjs-1.85.2/subprojects/.gitignore
gjs-1.85.2/subprojects/cairo.wrap
gjs-1.85.2/subprojects/glib.wrap
gjs-1.85.2/subprojects/gobject-introspection-tests/
gjs-1.85.2/subprojects/gobject-introspection-tests/.clang-format
gjs-1.85.2/subprojects/gobject-introspection-tests/.editorconfig
gjs-1.85.2/subprojects/gobject-introspection-tests/.gitlab-ci.yml
gjs-1.85.2/subprojects/gobject-introspection-tests/.reuse/
gjs-1.85.2/subprojects/gobject-introspection-tests/.reuse/dep5
gjs-1.85.2/subprojects/gobject-introspection-tests/LICENSES/
gjs-1.85.2/subprojects/gobject-introspection-tests/LICENSES/CC0-1.0.txt
gjs-1.85.2/subprojects/gobject-introspection-tests/LICENSES/GPL-2.0-or-later.txt
gjs-1.85.2/subprojects/gobject-introspection-tests/LICENSES/LGPL-2.0-or-later.txt
gjs-1.85.2/subprojects/gobject-introspection-tests/LICENSES/LGPL-2.1-or-later.txt
gjs-1.85.2/subprojects/gobject-introspection-tests/LICENSES/MIT.txt
gjs-1.85.2/subprojects/gobject-introspection-tests/README.md
gjs-1.85.2/subprojects/gobject-introspection-tests/annotation.c
gjs-1.85.2/subprojects/gobject-introspection-tests/annotation.h
gjs-1.85.2/subprojects/gobject-introspection-tests/docs/
gjs-1.85.2/subprojects/gobject-introspection-tests/docs/provenance.txt
gjs-1.85.2/subprojects/gobject-introspection-tests/drawable.c
gjs-1.85.2/subprojects/gobject-introspection-tests/drawable.h
gjs-1.85.2/subprojects/gobject-introspection-tests/foo.c
gjs-1.85.2/subprojects/gobject-introspection-tests/foo.h
gjs-1.85.2/subprojects/gobject-introspection-tests/gimarshallingtests.c
gjs-1.85.2/subprojects/gobject-introspection-tests/gimarshallingtests.h
gjs-1.85.2/subprojects/gobject-introspection-tests/gimarshallingtestsextra.c
gjs-1.85.2/subprojects/gobject-introspection-tests/gimarshallingtestsextra.h
gjs-1.85.2/subprojects/gobject-introspection-tests/gitestmacros.h
gjs-1.85.2/subprojects/gobject-introspection-tests/gobject-introspection-tests.doap
gjs-1.85.2/subprojects/gobject-introspection-tests/meson.build
gjs-1.85.2/subprojects/gobject-introspection-tests/meson_options.txt
gjs-1.85.2/subprojects/gobject-introspection-tests/regress-unix.c
gjs-1.85.2/subprojects/gobject-introspection-tests/regress-unix.h
gjs-1.85.2/subprojects/gobject-introspection-tests/regress.c
gjs-1.85.2/subprojects/gobject-introspection-tests/regress.h
gjs-1.85.2/subprojects/gobject-introspection-tests/regressextra.c
gjs-1.85.2/subprojects/gobject-introspection-tests/regressextra.h
gjs-1.85.2/subprojects/gobject-introspection-tests/tools/
gjs-1.85.2/subprojects/gobject-introspection-tests/tools/iwyu.imp
gjs-1.85.2/subprojects/gobject-introspection-tests/tools/run_clang_format.sh
gjs-1.85.2/subprojects/gobject-introspection-tests/tools/run_iwyu.sh
gjs-1.85.2/subprojects/gobject-introspection-tests/utility.c
gjs-1.85.2/subprojects/gobject-introspection-tests/utility.h
gjs-1.85.2/subprojects/gobject-introspection-tests/warnlib.c
gjs-1.85.2/subprojects/gobject-introspection-tests/warnlib.h
gjs-1.85.2/subprojects/gobject-introspection-tests.wrap
gjs-1.85.2/subprojects/gobject-introspection.wrap
gjs-1.85.2/subprojects/libffi.wrap
gjs-1.85.2/subprojects/proxy-libintl.wrap
gjs-1.85.2/subprojects/sysprof.wrap
gjs-1.85.2/subprojects/zlib.wrap
gjs-1.85.2/test/
gjs-1.85.2/test/check-headers.sh
gjs-1.85.2/test/check-pch.sh
gjs-1.85.2/test/extra/
gjs-1.85.2/test/extra/Dockerfile
gjs-1.85.2/test/extra/Dockerfile.debug
gjs-1.85.2/test/extra/do_environment.sh
gjs-1.85.2/test/gjs-test-call-args.cpp
gjs-1.85.2/test/gjs-test-common.cpp
gjs-1.85.2/test/gjs-test-common.h
gjs-1.85.2/test/gjs-test-coverage/
gjs-1.85.2/test/gjs-test-coverage/loadedJSFromResource.js
gjs-1.85.2/test/gjs-test-coverage.cpp
gjs-1.85.2/test/gjs-test-jsapi-utils.cpp
gjs-1.85.2/test/gjs-test-no-introspection-object.cpp
gjs-1.85.2/test/gjs-test-no-introspection-object.h
gjs-1.85.2/test/gjs-test-rooting.cpp
gjs-1.85.2/test/gjs-test-toggle-queue.cpp
gjs-1.85.2/test/gjs-test-utils.cpp
gjs-1.85.2/test/gjs-test-utils.h
gjs-1.85.2/test/gjs-tests-internal.cpp
gjs-1.85.2/test/gjs-tests.cpp
gjs-1.85.2/test/meson.build
gjs-1.85.2/test/mock-js-resources.gresource.xml
gjs-1.85.2/test/modules/
gjs-1.85.2/test/modules/default.js
gjs-1.85.2/test/modules/exit.js
gjs-1.85.2/test/modules/exit0.js
gjs-1.85.2/test/modules/import.js
gjs-1.85.2/test/modules/nothrows.js
gjs-1.85.2/test/modules/throws.js
gjs-1.85.2/test/source-maps/
gjs-1.85.2/test/source-maps/inlined/
gjs-1.85.2/test/source-maps/inlined/noModule.js
gjs-1.85.2/test/source-maps/inlined/noModule.js.license
gjs-1.85.2/test/source-maps/inlined/number.js
gjs-1.85.2/test/source-maps/inlined/number.js.license
gjs-1.85.2/test/source-maps/inlined/numberWork.js
gjs-1.85.2/test/source-maps/inlined/numberWork.js.license
gjs-1.85.2/test/source-maps/separate/
gjs-1.85.2/test/source-maps/separate/noModule.js
gjs-1.85.2/test/source-maps/separate/noModule.js.license
gjs-1.85.2/test/source-maps/separate/noModule.js.map
gjs-1.85.2/test/source-maps/separate/noModule.js.map.license
gjs-1.85.2/test/source-maps/separate/number.js
gjs-1.85.2/test/source-maps/separate/number.js.license
gjs-1.85.2/test/source-maps/separate/number.js.map
gjs-1.85.2/test/source-maps/separate/number.js.map.license
gjs-1.85.2/test/source-maps/separate/numberWork.js
gjs-1.85.2/test/source-maps/separate/numberWork.js.license
gjs-1.85.2/test/source-maps/separate/numberWork.js.map
gjs-1.85.2/test/source-maps/separate/numberWork.js.map.license
gjs-1.85.2/test/test-bus.conf
gjs-1.85.2/test/test-ci.sh
gjs-1.85.2/tools/
gjs-1.85.2/tools/apply-format
gjs-1.85.2/tools/cppcheck.cfg
gjs-1.85.2/tools/eslint.config.js
gjs-1.85.2/tools/git-pre-commit-format
gjs-1.85.2/tools/gjs-private-iwyu.imp
gjs-1.85.2/tools/gjs-public-iwyu.imp
gjs-1.85.2/tools/heapdot.py
gjs-1.85.2/tools/heapgraph.md
gjs-1.85.2/tools/heapgraph.py
gjs-1.85.2/tools/lcovrc
gjs-1.85.2/tools/package-lock.json
gjs-1.85.2/tools/package.json
gjs-1.85.2/tools/process_iwyu.py
gjs-1.85.2/tools/run_coverage.sh
gjs-1.85.2/tools/run_cppcheck.sh
gjs-1.85.2/tools/run_eslint.sh
gjs-1.85.2/tools/run_iwyu.sh
gjs-1.85.2/tools/run_typecheck.sh
gjs-1.85.2/tsconfig.json
gjs-1.85.2/util/
gjs-1.85.2/util/console.cpp
gjs-1.85.2/util/console.h
gjs-1.85.2/util/log.cpp
gjs-1.85.2/util/log.h
gjs-1.85.2/util/misc.cpp
gjs-1.85.2/util/misc.h
The Meson build system
Version: 1.7.0
Source dir: /blfs/builds/gjs-1.85.2
Build dir: /blfs/builds/gjs-1.85.2/gjs-build
Build type: native build
Project name: gjs
Project version: 1.85.2
C compiler for the host machine: cc (gcc 14.2.0 "cc (GCC) 14.2.0")
C linker for the host machine: cc ld.bfd 2.44
C++ compiler for the host machine: c++ (gcc 14.2.0 "c++ (GCC) 14.2.0")
C++ linker for the host machine: c++ ld.bfd 2.44
Host machine cpu family: x86_64
Host machine cpu: x86_64
Compiler for C++ supports arguments -fno-strict-aliasing: YES 
Compiler for C++ supports arguments -Wno-variadic-macros: YES 
Compiler for C++ supports arguments -Wno-missing-field-initializers: YES 
Compiler for C++ supports arguments -Wno-dangling-pointer: YES 
Compiler for C supports arguments -Wno-typedef-redefinition: NO 
Compiler for C++ supports link arguments -Bsymbolic-functions: YES 
Compiler for C supports arguments -fno-semantic-interposition: YES 
Compiler for C++ supports arguments -fno-semantic-interposition: YES 
Found pkg-config: YES (/usr/bin/pkg-config) 2.5.1
Dependency glib-2.0 found: NO. Found 2.84.4 but need: '>= 2.85.1'
Found CMake: /usr/bin/cmake (4.0.3)
Run-time dependency glib-2.0 found: NO (tried pkgconfig and cmake)
Not looking for a fallback subproject for the dependency glib-2.0 because:
Use of fallback dependencies is disabled.

../meson.build:129:7: ERROR: Dependency 'glib-2.0' is required but not found.

A full log can be found at /blfs/builds/gjs-1.85.2/gjs-build/meson-logs/meson-log.txt
