--2026-01-30 08:13:30--  https://download.gnome.org/sources/gdk-pixbuf/2.44/gdk-pixbuf-2.44.5.tar.xz
Resolving download.gnome.org (download.gnome.org)... 2a02:6ea0:c400::54, 2a02:6ea0:c400::53, 2a02:6ea0:c493::16, ...
Connecting to download.gnome.org (download.gnome.org)|2a02:6ea0:c400::54|:443... connected.
HTTP request sent, awaiting response... 200 OK
Length: 6032324 (5.8M) [application/octet-stream]
Saving to: ‘gdk-pixbuf-2.44.5.tar.xz.1’

     0K .......... .......... .......... .......... ..........  0% 3.46M 2s
    50K .......... .......... .......... .......... ..........  1% 11.8M 1s
   100K .......... .......... .......... .......... ..........  2% 6.68M 1s
   150K .......... .......... .......... .......... ..........  3% 25.5M 1s
   200K .......... .......... .......... .......... ..........  4% 24.5M 1s
   250K .......... .......... .......... .......... ..........  5% 16.0M 1s
   300K .......... .......... .......... .......... ..........  5% 15.5M 1s
   350K .......... .......... .......... .......... ..........  6% 12.2M 1s
   400K .......... .......... .......... .......... ..........  7% 49.1M 0s
   450K .......... .......... .......... .......... ..........  8% 33.8M 0s
   500K .......... .......... .......... .......... ..........  9% 32.9M 0s
   550K .......... .......... .......... .......... .......... 10% 12.7M 0s
   600K .......... .......... .......... .......... .......... 11% 62.4M 0s
   650K .......... .......... .......... .......... .......... 11% 99.8M 0s
   700K .......... .......... .......... .......... .......... 12% 76.9M 0s
   750K .......... .......... .......... .......... .......... 13% 19.5M 0s
   800K .......... .......... .......... .......... .......... 14% 80.3M 0s
   850K .......... .......... .......... .......... .......... 15% 67.4M 0s
   900K .......... .......... .......... .......... .......... 16% 19.8M 0s
   950K .......... .......... .......... .......... .......... 16% 81.9M 0s
  1000K .......... .......... .......... .......... .......... 17% 86.5M 0s
  1050K .......... .......... .......... .......... .......... 18%  109M 0s
  1100K .......... .......... .......... .......... .......... 19% 21.0M 0s
  1150K .......... .......... .......... .......... .......... 20% 64.6M 0s
  1200K .......... .......... .......... .......... .......... 21%  114M 0s
  1250K .......... .......... .......... .......... .......... 22%  111M 0s
  1300K .......... .......... .......... .......... .......... 22% 20.1M 0s
  1350K .......... .......... .......... .......... .......... 23%  123M 0s
  1400K .......... .......... .......... .......... .......... 24%  104M 0s
  1450K .......... .......... .......... .......... .......... 25%  133M 0s
  1500K .......... .......... .......... .......... .......... 26% 17.9M 0s
  1550K .......... .......... .......... .......... .......... 27% 92.5M 0s
  1600K .......... .......... .......... .......... .......... 28%  106M 0s
  1650K .......... .......... .......... .......... .......... 28%  130M 0s
  1700K .......... .......... .......... .......... .......... 29% 81.4M 0s
  1750K .......... .......... .......... .......... .......... 30% 27.1M 0s
  1800K .......... .......... .......... .......... .......... 31%  118M 0s
  1850K .......... .......... .......... .......... .......... 32% 99.6M 0s
  1900K .......... .......... .......... .......... .......... 33%  133M 0s
  1950K .......... .......... .......... .......... .......... 33% 91.7M 0s
  2000K .......... .......... .......... .......... .......... 34% 20.1M 0s
  2050K .......... .......... .......... .......... .......... 35%  118M 0s
  2100K .......... .......... .......... .......... .......... 36%  113M 0s
  2150K .......... .......... .......... .......... .......... 37%  113M 0s
  2200K .......... .......... .......... .......... .......... 38%  113M 0s
  2250K .......... .......... .......... .......... .......... 39%  121M 0s
  2300K .......... .......... .......... .......... .......... 39% 30.1M 0s
  2350K .......... .......... .......... .......... .......... 40% 85.5M 0s
  2400K .......... .......... .......... .......... .......... 41%  120M 0s
  2450K .......... .......... .......... .......... .......... 42%  114M 0s
  2500K .......... .......... .......... .......... .......... 43%  114M 0s
  2550K .......... .......... .......... .......... .......... 44%  114M 0s
  2600K .......... .......... .......... .......... .......... 44%  113M 0s
  2650K .......... .......... .......... .......... .......... 45%  119M 0s
  2700K .......... .......... .......... .......... .......... 46%  115M 0s
  2750K .......... .......... .......... .......... .......... 47% 53.8M 0s
  2800K .......... .......... .......... .......... .......... 48%  114M 0s
  2850K .......... .......... .......... .......... .......... 49%  119M 0s
  2900K .......... .......... .......... .......... .......... 50%  105M 0s
  2950K .......... .......... .......... .......... .......... 50%  113M 0s
  3000K .......... .......... .......... .......... .......... 51%  121M 0s
  3050K .......... .......... .......... .......... .......... 52% 31.9M 0s
  3100K .......... .......... .......... .......... .......... 53%  119M 0s
  3150K .......... .......... .......... .......... .......... 54% 92.6M 0s
  3200K .......... .......... .......... .......... .......... 55%  110M 0s
  3250K .......... .......... .......... .......... .......... 56%  114M 0s
  3300K .......... .......... .......... .......... .......... 56%  116M 0s
  3350K .......... .......... .......... .......... .......... 57%  115M 0s
  3400K .......... .......... .......... .......... .......... 58%  113M 0s
  3450K .......... .......... .......... .......... .......... 59%  116M 0s
  3500K .......... .......... .......... .......... .......... 60%  118M 0s
  3550K .......... .......... .......... .......... .......... 61% 79.5M 0s
  3600K .......... .......... .......... .......... .......... 61%  126M 0s
  3650K .......... .......... .......... .......... .......... 62%  115M 0s
  3700K .......... .......... .......... .......... .......... 63% 83.7M 0s
  3750K .......... .......... .......... .......... .......... 64% 5.75M 0s
  3800K .......... .......... .......... .......... .......... 65%  157M 0s
  3850K .......... .......... .......... .......... .......... 66%  259M 0s
  3900K .......... .......... .......... .......... .......... 67%  271M 0s
  3950K .......... .......... .......... .......... .......... 67%  204M 0s
  4000K .......... .......... .......... .......... .......... 68%  257M 0s
  4050K .......... .......... .......... .......... .......... 69%  250M 0s
  4100K .......... .......... .......... .......... .......... 70%  262M 0s
  4150K .......... .......... .......... .......... .......... 71%  276M 0s
  4200K .......... .......... .......... .......... .......... 72%  271M 0s
  4250K .......... .......... .......... .......... .......... 72%  269M 0s
  4300K .......... .......... .......... .......... .......... 73%  257M 0s
  4350K .......... .......... .......... .......... .......... 74%  196M 0s
  4400K .......... .......... .......... .......... .......... 75% 13.6M 0s
  4450K .......... .......... .......... .......... .......... 76%  240M 0s
  4500K .......... .......... .......... .......... .......... 77%  262M 0s
  4550K .......... .......... .......... .......... .......... 78%  263M 0s
  4600K .......... .......... .......... .......... .......... 78%  256M 0s
  4650K .......... .......... .......... .......... .......... 79%  271M 0s
  4700K .......... .......... .......... .......... .......... 80%  249M 0s
  4750K .......... .......... .......... .......... .......... 81%  200M 0s
  4800K .......... .......... .......... .......... .......... 82%  256M 0s
  4850K .......... .......... .......... .......... .......... 83%  262M 0s
  4900K .......... .......... .......... .......... .......... 84%  271M 0s
  4950K .......... .......... .......... .......... .......... 84%  241M 0s
  5000K .......... .......... .......... .......... .......... 85%  255M 0s
  5050K .......... .......... .......... .......... .......... 86%  260M 0s
  5100K .......... .......... .......... .......... .......... 87%  267M 0s
  5150K .......... .......... .......... .......... .......... 88%  207M 0s
  5200K .......... .......... .......... .......... .......... 89%  245M 0s
  5250K .......... .......... .......... .......... .......... 89%  256M 0s
  5300K .......... .......... .......... .......... .......... 90%  269M 0s
  5350K .......... .......... .......... .......... .......... 91%  275M 0s
  5400K .......... .......... .......... .......... .......... 92%  262M 0s
  5450K .......... .......... .......... .......... .......... 93%  246M 0s
  5500K .......... .......... .......... .......... .......... 94%  264M 0s
  5550K .......... .......... .......... .......... .......... 95%  204M 0s
  5600K .......... .......... .......... .......... .......... 95% 7.02M 0s
  5650K .......... .......... .......... .......... .......... 96%  147M 0s
  5700K .......... .......... .......... .......... .......... 97%  186M 0s
  5750K .......... .......... .......... .......... .......... 98%  248M 0s
  5800K .......... .......... .......... .......... .......... 99%  271M 0s
  5850K .......... .......... .......... ..........           100%  257M=0.1s

2026-01-30 08:13:30 (47.8 MB/s) - ‘gdk-pixbuf-2.44.5.tar.xz.1’ saved [6032324/6032324]

gdk-pixbuf-2.44.5/
gdk-pixbuf-2.44.5/.clang-format
gdk-pixbuf-2.44.5/.gitignore
gdk-pixbuf-2.44.5/.gitlab/
gdk-pixbuf-2.44.5/.gitlab/ci/
gdk-pixbuf-2.44.5/.gitlab/ci/test-msys2.sh
gdk-pixbuf-2.44.5/.gitlab/scripts/
gdk-pixbuf-2.44.5/.gitlab/scripts/clang-format-diff.py
gdk-pixbuf-2.44.5/.gitlab/scripts/run-style-check-diff.sh
gdk-pixbuf-2.44.5/.gitlab/scripts/run-tests.sh
gdk-pixbuf-2.44.5/.gitlab-ci.yml
gdk-pixbuf-2.44.5/CONTRIBUTING.md
gdk-pixbuf-2.44.5/COPYING
gdk-pixbuf-2.44.5/NEWS
gdk-pixbuf-2.44.5/README.md
gdk-pixbuf-2.44.5/README.msvc
gdk-pixbuf-2.44.5/build-aux/
gdk-pixbuf-2.44.5/build-aux/dist.py
gdk-pixbuf-2.44.5/build-aux/gen-color-table.pl
gdk-pixbuf-2.44.5/build-aux/gen-installed-test.py
gdk-pixbuf-2.44.5/build-aux/gen-resources.py
gdk-pixbuf-2.44.5/build-aux/gen-thumbnailer.py
gdk-pixbuf-2.44.5/build-aux/post-install.py
gdk-pixbuf-2.44.5/docs/
gdk-pixbuf-2.44.5/docs/apple-red-1a.png
gdk-pixbuf-2.44.5/docs/apple-red-2c.png
gdk-pixbuf-2.44.5/docs/composite.dia
gdk-pixbuf-2.44.5/docs/composite.png
gdk-pixbuf-2.44.5/docs/gdk-pixbuf-csource.rst
gdk-pixbuf-2.44.5/docs/gdk-pixbuf-query-loaders.rst
gdk-pixbuf-2.44.5/docs/gdk-pixbuf-sections.txt
gdk-pixbuf-2.44.5/docs/gdk-pixbuf.toml.in
gdk-pixbuf-2.44.5/docs/gdk-pixdata.toml.in
gdk-pixbuf-2.44.5/docs/gnome-gmush-1.png
gdk-pixbuf-2.44.5/docs/meson.build
gdk-pixbuf-2.44.5/docs/scaling-compositing.md
gdk-pixbuf-2.44.5/docs/urlmap.js
gdk-pixbuf-2.44.5/gdk-pixbuf/
gdk-pixbuf-2.44.5/gdk-pixbuf/fallback-c89.c
gdk-pixbuf-2.44.5/gdk-pixbuf/gdiplus.def
gdk-pixbuf-2.44.5/gdk-pixbuf/gdk-pixbuf-animation.c
gdk-pixbuf-2.44.5/gdk-pixbuf/gdk-pixbuf-animation.h
gdk-pixbuf-2.44.5/gdk-pixbuf/gdk-pixbuf-buffer-queue-private.h
gdk-pixbuf-2.44.5/gdk-pixbuf/gdk-pixbuf-buffer-queue.c
gdk-pixbuf-2.44.5/gdk-pixbuf/gdk-pixbuf-core.h
gdk-pixbuf-2.44.5/gdk-pixbuf/gdk-pixbuf-csource.c
gdk-pixbuf-2.44.5/gdk-pixbuf/gdk-pixbuf-data.c
gdk-pixbuf-2.44.5/gdk-pixbuf/gdk-pixbuf-enum-types.c.template
gdk-pixbuf-2.44.5/gdk-pixbuf/gdk-pixbuf-enum-types.h.template
gdk-pixbuf-2.44.5/gdk-pixbuf/gdk-pixbuf-features.h.in
gdk-pixbuf-2.44.5/gdk-pixbuf/gdk-pixbuf-io.c
gdk-pixbuf-2.44.5/gdk-pixbuf/gdk-pixbuf-io.h
gdk-pixbuf-2.44.5/gdk-pixbuf/gdk-pixbuf-loader.c
gdk-pixbuf-2.44.5/gdk-pixbuf/gdk-pixbuf-loader.h
gdk-pixbuf-2.44.5/gdk-pixbuf/gdk-pixbuf-macros.h
gdk-pixbuf-2.44.5/gdk-pixbuf/gdk-pixbuf-marshal.list
gdk-pixbuf-2.44.5/gdk-pixbuf/gdk-pixbuf-pixdata.c
gdk-pixbuf-2.44.5/gdk-pixbuf/gdk-pixbuf-private.h
gdk-pixbuf-2.44.5/gdk-pixbuf/gdk-pixbuf-scale.c
gdk-pixbuf-2.44.5/gdk-pixbuf/gdk-pixbuf-scaled-anim.c
gdk-pixbuf-2.44.5/gdk-pixbuf/gdk-pixbuf-scaled-anim.h
gdk-pixbuf-2.44.5/gdk-pixbuf/gdk-pixbuf-simple-anim.c
gdk-pixbuf-2.44.5/gdk-pixbuf/gdk-pixbuf-simple-anim.h
gdk-pixbuf-2.44.5/gdk-pixbuf/gdk-pixbuf-transform.h
gdk-pixbuf-2.44.5/gdk-pixbuf/gdk-pixbuf-util.c
gdk-pixbuf-2.44.5/gdk-pixbuf/gdk-pixbuf.c
gdk-pixbuf-2.44.5/gdk-pixbuf/gdk-pixbuf.h
gdk-pixbuf-2.44.5/gdk-pixbuf/gdk-pixdata.c
gdk-pixbuf-2.44.5/gdk-pixbuf/gdk-pixdata.h
gdk-pixbuf-2.44.5/gdk-pixbuf/gdk_pixbuf.rc.in
gdk-pixbuf-2.44.5/gdk-pixbuf/io-android-bmp.c
gdk-pixbuf-2.44.5/gdk-pixbuf/io-android-gif.c
gdk-pixbuf-2.44.5/gdk-pixbuf/io-android-heif.c
gdk-pixbuf-2.44.5/gdk-pixbuf/io-android-ico.c
gdk-pixbuf-2.44.5/gdk-pixbuf/io-android-jpeg.c
gdk-pixbuf-2.44.5/gdk-pixbuf/io-android-png.c
gdk-pixbuf-2.44.5/gdk-pixbuf/io-android-utils.c
gdk-pixbuf-2.44.5/gdk-pixbuf/io-android-utils.h
gdk-pixbuf-2.44.5/gdk-pixbuf/io-android-wbmp.c
gdk-pixbuf-2.44.5/gdk-pixbuf/io-android-webp.c
gdk-pixbuf-2.44.5/gdk-pixbuf/io-ani-animation.c
gdk-pixbuf-2.44.5/gdk-pixbuf/io-ani-animation.h
gdk-pixbuf-2.44.5/gdk-pixbuf/io-ani.c
gdk-pixbuf-2.44.5/gdk-pixbuf/io-bmp.c
gdk-pixbuf-2.44.5/gdk-pixbuf/io-gdip-animation.c
gdk-pixbuf-2.44.5/gdk-pixbuf/io-gdip-animation.h
gdk-pixbuf-2.44.5/gdk-pixbuf/io-gdip-bmp.c
gdk-pixbuf-2.44.5/gdk-pixbuf/io-gdip-emf.c
gdk-pixbuf-2.44.5/gdk-pixbuf/io-gdip-gif.c
gdk-pixbuf-2.44.5/gdk-pixbuf/io-gdip-ico.c
gdk-pixbuf-2.44.5/gdk-pixbuf/io-gdip-jpeg.c
gdk-pixbuf-2.44.5/gdk-pixbuf/io-gdip-native.h
gdk-pixbuf-2.44.5/gdk-pixbuf/io-gdip-png.c
gdk-pixbuf-2.44.5/gdk-pixbuf/io-gdip-propertytags.h
gdk-pixbuf-2.44.5/gdk-pixbuf/io-gdip-tiff.c
gdk-pixbuf-2.44.5/gdk-pixbuf/io-gdip-utils.c
gdk-pixbuf-2.44.5/gdk-pixbuf/io-gdip-utils.h
gdk-pixbuf-2.44.5/gdk-pixbuf/io-gdip-wmf.c
gdk-pixbuf-2.44.5/gdk-pixbuf/io-gif-animation.c
gdk-pixbuf-2.44.5/gdk-pixbuf/io-gif-animation.h
gdk-pixbuf-2.44.5/gdk-pixbuf/io-gif.c
gdk-pixbuf-2.44.5/gdk-pixbuf/io-glycin-avif.c
gdk-pixbuf-2.44.5/gdk-pixbuf/io-glycin-bmp.c
gdk-pixbuf-2.44.5/gdk-pixbuf/io-glycin-dds.c
gdk-pixbuf-2.44.5/gdk-pixbuf/io-glycin-gif.c
gdk-pixbuf-2.44.5/gdk-pixbuf/io-glycin-heic.c
gdk-pixbuf-2.44.5/gdk-pixbuf/io-glycin-ico.c
gdk-pixbuf-2.44.5/gdk-pixbuf/io-glycin-jpeg.c
gdk-pixbuf-2.44.5/gdk-pixbuf/io-glycin-jxl.c
gdk-pixbuf-2.44.5/gdk-pixbuf/io-glycin-openexr.c
gdk-pixbuf-2.44.5/gdk-pixbuf/io-glycin-png.c
gdk-pixbuf-2.44.5/gdk-pixbuf/io-glycin-pnm.c
gdk-pixbuf-2.44.5/gdk-pixbuf/io-glycin-qoi.c
gdk-pixbuf-2.44.5/gdk-pixbuf/io-glycin-raw.c
gdk-pixbuf-2.44.5/gdk-pixbuf/io-glycin-svg.c
gdk-pixbuf-2.44.5/gdk-pixbuf/io-glycin-tga.c
gdk-pixbuf-2.44.5/gdk-pixbuf/io-glycin-tiff.c
gdk-pixbuf-2.44.5/gdk-pixbuf/io-glycin-utils.c
gdk-pixbuf-2.44.5/gdk-pixbuf/io-glycin-utils.h
gdk-pixbuf-2.44.5/gdk-pixbuf/io-glycin-webp.c
gdk-pixbuf-2.44.5/gdk-pixbuf/io-glycin-xbm.c
gdk-pixbuf-2.44.5/gdk-pixbuf/io-glycin-xpm.c
gdk-pixbuf-2.44.5/gdk-pixbuf/io-icns.c
gdk-pixbuf-2.44.5/gdk-pixbuf/io-ico.c
gdk-pixbuf-2.44.5/gdk-pixbuf/io-jpeg.c
gdk-pixbuf-2.44.5/gdk-pixbuf/io-png.c
gdk-pixbuf-2.44.5/gdk-pixbuf/io-pnm.c
gdk-pixbuf-2.44.5/gdk-pixbuf/io-qtif.c
gdk-pixbuf-2.44.5/gdk-pixbuf/io-tga.c
gdk-pixbuf-2.44.5/gdk-pixbuf/io-tiff.c
gdk-pixbuf-2.44.5/gdk-pixbuf/io-xbm.c
gdk-pixbuf-2.44.5/gdk-pixbuf/io-xpm.c
gdk-pixbuf-2.44.5/gdk-pixbuf/lzw.c
gdk-pixbuf-2.44.5/gdk-pixbuf/lzw.h
gdk-pixbuf-2.44.5/gdk-pixbuf/make-inline-pixbuf.c
gdk-pixbuf-2.44.5/gdk-pixbuf/meson.build
gdk-pixbuf-2.44.5/gdk-pixbuf/pixops/
gdk-pixbuf-2.44.5/gdk-pixbuf/pixops/DETAILS
gdk-pixbuf-2.44.5/gdk-pixbuf/pixops/README
gdk-pixbuf-2.44.5/gdk-pixbuf/pixops/meson.build
gdk-pixbuf-2.44.5/gdk-pixbuf/pixops/pixbuf-transform-math.ltx
gdk-pixbuf-2.44.5/gdk-pixbuf/pixops/pixops.c
gdk-pixbuf-2.44.5/gdk-pixbuf/pixops/pixops.h
gdk-pixbuf-2.44.5/gdk-pixbuf/pixops/timescale.c
gdk-pixbuf-2.44.5/gdk-pixbuf/queryloaders.c
gdk-pixbuf-2.44.5/gdk-pixbuf/test-gdk-pixbuf.c
gdk-pixbuf-2.44.5/gdk-pixbuf/xpm-color-table.h
gdk-pixbuf-2.44.5/gdk-pixbuf.doap
gdk-pixbuf-2.44.5/meson.build
gdk-pixbuf-2.44.5/meson_options.txt
gdk-pixbuf-2.44.5/po/
gdk-pixbuf-2.44.5/po/.gitignore
gdk-pixbuf-2.44.5/po/LINGUAS
gdk-pixbuf-2.44.5/po/POTFILES.in
gdk-pixbuf-2.44.5/po/POTFILES.skip
gdk-pixbuf-2.44.5/po/ab.po
gdk-pixbuf-2.44.5/po/af.po
gdk-pixbuf-2.44.5/po/ang.po
gdk-pixbuf-2.44.5/po/ar.po
gdk-pixbuf-2.44.5/po/as.po
gdk-pixbuf-2.44.5/po/ast.po
gdk-pixbuf-2.44.5/po/az.po
gdk-pixbuf-2.44.5/po/be.po
gdk-pixbuf-2.44.5/po/be@latin.po
gdk-pixbuf-2.44.5/po/bg.po
gdk-pixbuf-2.44.5/po/bn.po
gdk-pixbuf-2.44.5/po/bn_IN.po
gdk-pixbuf-2.44.5/po/boldquot.sed
gdk-pixbuf-2.44.5/po/br.po
gdk-pixbuf-2.44.5/po/bs.po
gdk-pixbuf-2.44.5/po/ca.po
gdk-pixbuf-2.44.5/po/ca@valencia.po
gdk-pixbuf-2.44.5/po/crh.po
gdk-pixbuf-2.44.5/po/cs.po
gdk-pixbuf-2.44.5/po/csb.po
gdk-pixbuf-2.44.5/po/cy.po
gdk-pixbuf-2.44.5/po/da.po
gdk-pixbuf-2.44.5/po/de.po
gdk-pixbuf-2.44.5/po/dz.po
gdk-pixbuf-2.44.5/po/el.po
gdk-pixbuf-2.44.5/po/en@boldquot.header
gdk-pixbuf-2.44.5/po/en@quot.header
gdk-pixbuf-2.44.5/po/en@shaw.po
gdk-pixbuf-2.44.5/po/en_CA.po
gdk-pixbuf-2.44.5/po/en_GB.po
gdk-pixbuf-2.44.5/po/eo.po
gdk-pixbuf-2.44.5/po/es.po
gdk-pixbuf-2.44.5/po/et.po
gdk-pixbuf-2.44.5/po/eu.po
gdk-pixbuf-2.44.5/po/fa.po
gdk-pixbuf-2.44.5/po/fi.po
gdk-pixbuf-2.44.5/po/fr.po
gdk-pixbuf-2.44.5/po/fur.po
gdk-pixbuf-2.44.5/po/ga.po
gdk-pixbuf-2.44.5/po/gl.po
gdk-pixbuf-2.44.5/po/gu.po
gdk-pixbuf-2.44.5/po/he.po
gdk-pixbuf-2.44.5/po/hi.po
gdk-pixbuf-2.44.5/po/hr.po
gdk-pixbuf-2.44.5/po/hu.po
gdk-pixbuf-2.44.5/po/hy.po
gdk-pixbuf-2.44.5/po/ia.po
gdk-pixbuf-2.44.5/po/id.po
gdk-pixbuf-2.44.5/po/insert-header.sin
gdk-pixbuf-2.44.5/po/io.po
gdk-pixbuf-2.44.5/po/is.po
gdk-pixbuf-2.44.5/po/it.po
gdk-pixbuf-2.44.5/po/ja.po
gdk-pixbuf-2.44.5/po/ka.po
gdk-pixbuf-2.44.5/po/kab.po
gdk-pixbuf-2.44.5/po/kk.po
gdk-pixbuf-2.44.5/po/km.po
gdk-pixbuf-2.44.5/po/kn.po
gdk-pixbuf-2.44.5/po/ko.po
gdk-pixbuf-2.44.5/po/ku.po
gdk-pixbuf-2.44.5/po/li.po
gdk-pixbuf-2.44.5/po/lt.po
gdk-pixbuf-2.44.5/po/lv.po
gdk-pixbuf-2.44.5/po/mai.po
gdk-pixbuf-2.44.5/po/meson.build
gdk-pixbuf-2.44.5/po/mi.po
gdk-pixbuf-2.44.5/po/mk.po
gdk-pixbuf-2.44.5/po/ml.po
gdk-pixbuf-2.44.5/po/mn.po
gdk-pixbuf-2.44.5/po/mr.po
gdk-pixbuf-2.44.5/po/ms.po
gdk-pixbuf-2.44.5/po/my.po
gdk-pixbuf-2.44.5/po/nb.po
gdk-pixbuf-2.44.5/po/nds.po
gdk-pixbuf-2.44.5/po/ne.po
gdk-pixbuf-2.44.5/po/nl.po
gdk-pixbuf-2.44.5/po/nn.po
gdk-pixbuf-2.44.5/po/nso.po
gdk-pixbuf-2.44.5/po/oc.po
gdk-pixbuf-2.44.5/po/or.po
gdk-pixbuf-2.44.5/po/pa.po
gdk-pixbuf-2.44.5/po/pl.po
gdk-pixbuf-2.44.5/po/ps.po
gdk-pixbuf-2.44.5/po/pt.po
gdk-pixbuf-2.44.5/po/pt_BR.po
gdk-pixbuf-2.44.5/po/quot.sed
gdk-pixbuf-2.44.5/po/remove-potcdate.sin
gdk-pixbuf-2.44.5/po/ro.po
gdk-pixbuf-2.44.5/po/ru.po
gdk-pixbuf-2.44.5/po/si.po
gdk-pixbuf-2.44.5/po/sk.po
gdk-pixbuf-2.44.5/po/sl.po
gdk-pixbuf-2.44.5/po/sq.po
gdk-pixbuf-2.44.5/po/sr.po
gdk-pixbuf-2.44.5/po/sr@ije.po
gdk-pixbuf-2.44.5/po/sr@latin.po
gdk-pixbuf-2.44.5/po/sv.po
gdk-pixbuf-2.44.5/po/ta.po
gdk-pixbuf-2.44.5/po/te.po
gdk-pixbuf-2.44.5/po/tg.po
gdk-pixbuf-2.44.5/po/th.po
gdk-pixbuf-2.44.5/po/tk.po
gdk-pixbuf-2.44.5/po/tr.po
gdk-pixbuf-2.44.5/po/tt.po
gdk-pixbuf-2.44.5/po/ug.po
gdk-pixbuf-2.44.5/po/uk.po
gdk-pixbuf-2.44.5/po/uz.po
gdk-pixbuf-2.44.5/po/uz@cyrillic.po
gdk-pixbuf-2.44.5/po/vi.po
gdk-pixbuf-2.44.5/po/wa.po
gdk-pixbuf-2.44.5/po/xh.po
gdk-pixbuf-2.44.5/po/yi.po
gdk-pixbuf-2.44.5/po/zh_CN.po
gdk-pixbuf-2.44.5/po/zh_HK.po
gdk-pixbuf-2.44.5/po/zh_TW.po
gdk-pixbuf-2.44.5/subprojects/
gdk-pixbuf-2.44.5/subprojects/gi-docgen.wrap
gdk-pixbuf-2.44.5/subprojects/glib.wrap
gdk-pixbuf-2.44.5/subprojects/libjpeg-turbo.wrap
gdk-pixbuf-2.44.5/subprojects/libpng.wrap
gdk-pixbuf-2.44.5/tests/
gdk-pixbuf-2.44.5/tests/1_partyanimsm2.gif
gdk-pixbuf-2.44.5/tests/aero.gif
gdk-pixbuf-2.44.5/tests/animation.c
gdk-pixbuf-2.44.5/tests/animation.test.in
gdk-pixbuf-2.44.5/tests/bug143608-comment.jpg
gdk-pixbuf-2.44.5/tests/bug753605-atsize.jpg
gdk-pixbuf-2.44.5/tests/bug775218.jpg
gdk-pixbuf-2.44.5/tests/bug775229.pixdata
gdk-pixbuf-2.44.5/tests/bug775693.pixdata
gdk-pixbuf-2.44.5/tests/circular-table.gif
gdk-pixbuf-2.44.5/tests/cve-2015-4491.bmp
gdk-pixbuf-2.44.5/tests/cve-2015-4491.c
gdk-pixbuf-2.44.5/tests/dpi.jpeg
gdk-pixbuf-2.44.5/tests/dpi.png
gdk-pixbuf-2.44.5/tests/dpi.tiff
gdk-pixbuf-2.44.5/tests/icc-profile.jpeg
gdk-pixbuf-2.44.5/tests/icc-profile.png
gdk-pixbuf-2.44.5/tests/issue205.jpg
gdk-pixbuf-2.44.5/tests/issue70.jpg
gdk-pixbuf-2.44.5/tests/large.jpg
gdk-pixbuf-2.44.5/tests/large.png
gdk-pixbuf-2.44.5/tests/meson.build
gdk-pixbuf-2.44.5/tests/pixbuf-area-updated.c
gdk-pixbuf-2.44.5/tests/pixbuf-composite.c
gdk-pixbuf-2.44.5/tests/pixbuf-construction.c
gdk-pixbuf-2.44.5/tests/pixbuf-dpi.c
gdk-pixbuf-2.44.5/tests/pixbuf-fail.c
gdk-pixbuf-2.44.5/tests/pixbuf-gif-circular-table.c
gdk-pixbuf-2.44.5/tests/pixbuf-gif.c
gdk-pixbuf-2.44.5/tests/pixbuf-icc.c
gdk-pixbuf-2.44.5/tests/pixbuf-icon-serialize.c
gdk-pixbuf-2.44.5/tests/pixbuf-icon-serialize.test.in
gdk-pixbuf-2.44.5/tests/pixbuf-jpeg.c
gdk-pixbuf-2.44.5/tests/pixbuf-lowmem.c
gdk-pixbuf-2.44.5/tests/pixbuf-pixdata.c
gdk-pixbuf-2.44.5/tests/pixbuf-random.c
gdk-pixbuf-2.44.5/tests/pixbuf-randomly-modified.c
gdk-pixbuf-2.44.5/tests/pixbuf-read.c
gdk-pixbuf-2.44.5/tests/pixbuf-readonly-to-mutable.c
gdk-pixbuf-2.44.5/tests/pixbuf-reftest.c
gdk-pixbuf-2.44.5/tests/pixbuf-resource.c
gdk-pixbuf-2.44.5/tests/pixbuf-save-ref.c
gdk-pixbuf-2.44.5/tests/pixbuf-save.c
gdk-pixbuf-2.44.5/tests/pixbuf-scale-two-step.c
gdk-pixbuf-2.44.5/tests/pixbuf-scale.c
gdk-pixbuf-2.44.5/tests/pixbuf-short-gif-write.c
gdk-pixbuf-2.44.5/tests/pixbuf-stream.c
gdk-pixbuf-2.44.5/tests/pixbuf-threads.c
gdk-pixbuf-2.44.5/tests/premature-end.jpg
gdk-pixbuf-2.44.5/tests/premature-end.png
gdk-pixbuf-2.44.5/tests/resources.gresource.xml
gdk-pixbuf-2.44.5/tests/test-animation.ani
gdk-pixbuf-2.44.5/tests/test-animation.gif
gdk-pixbuf-2.44.5/tests/test-common.c
gdk-pixbuf-2.44.5/tests/test-common.h
gdk-pixbuf-2.44.5/tests/test-image-rle.pixdata
gdk-pixbuf-2.44.5/tests/test-image.pixdata
gdk-pixbuf-2.44.5/tests/test-image.png
gdk-pixbuf-2.44.5/tests/test-images/
gdk-pixbuf-2.44.5/tests/test-images/fail/
gdk-pixbuf-2.44.5/tests/test-images/fail/CVE-2017-2862.jpg
gdk-pixbuf-2.44.5/tests/test-images/fail/CVE-2022-48622.ani
gdk-pixbuf-2.44.5/tests/test-images/fail/DoS.tga
gdk-pixbuf-2.44.5/tests/test-images/fail/androstanRezeptor.tga
gdk-pixbuf-2.44.5/tests/test-images/fail/bug776694.bmp
gdk-pixbuf-2.44.5/tests/test-images/fail/bug777315.bmp
gdk-pixbuf-2.44.5/tests/test-images/fail/bug778204.ico
gdk-pixbuf-2.44.5/tests/test-images/fail/bug778584.gif
gdk-pixbuf-2.44.5/tests/test-images/fail/bug779012.ico
gdk-pixbuf-2.44.5/tests/test-images/fail/bug779016-infinite.icns
gdk-pixbuf-2.44.5/tests/test-images/fail/bug780269.tif
gdk-pixbuf-2.44.5/tests/test-images/fail/bug784903-overflow-dimensions.tiff
gdk-pixbuf-2.44.5/tests/test-images/fail/bug785973.gif.disabled
gdk-pixbuf-2.44.5/tests/test-images/fail/bug793470-crasher.png
gdk-pixbuf-2.44.5/tests/test-images/fail/colormap-image-without-colormap.tga
gdk-pixbuf-2.44.5/tests/test-images/fail/empty-file.tga
gdk-pixbuf-2.44.5/tests/test-images/fail/hang_114.gif
gdk-pixbuf-2.44.5/tests/test-images/fail/invalid.1.bmp
gdk-pixbuf-2.44.5/tests/test-images/fail/invalid.1.gif
gdk-pixbuf-2.44.5/tests/test-images/fail/invalid.1.ico
gdk-pixbuf-2.44.5/tests/test-images/fail/invalid.1.png
gdk-pixbuf-2.44.5/tests/test-images/fail/invalid.1.ppm
gdk-pixbuf-2.44.5/tests/test-images/fail/invalid.2.gif.disabled
gdk-pixbuf-2.44.5/tests/test-images/fail/invalid.2.png
gdk-pixbuf-2.44.5/tests/test-images/fail/invalid.2.ppm
gdk-pixbuf-2.44.5/tests/test-images/fail/invalid.3.gif.disabled
gdk-pixbuf-2.44.5/tests/test-images/fail/invalid.3.ico
gdk-pixbuf-2.44.5/tests/test-images/fail/invalid.3.png
gdk-pixbuf-2.44.5/tests/test-images/fail/invalid.3.ppm
gdk-pixbuf-2.44.5/tests/test-images/fail/invalid.4.gif
gdk-pixbuf-2.44.5/tests/test-images/fail/invalid.4.png
gdk-pixbuf-2.44.5/tests/test-images/fail/invalid.5.ppm
gdk-pixbuf-2.44.5/tests/test-images/fail/invalid.6.ppm
gdk-pixbuf-2.44.5/tests/test-images/fail/invalid.7.ppm
gdk-pixbuf-2.44.5/tests/test-images/fail/invalid.8.ppm
gdk-pixbuf-2.44.5/tests/test-images/fail/issue-95-too-narrow.xpm
gdk-pixbuf-2.44.5/tests/test-images/fail/issue-95-too-short.xpm
gdk-pixbuf-2.44.5/tests/test-images/fail/issue-95.xpm
gdk-pixbuf-2.44.5/tests/test-images/fail/overflow-codes-max.gif
gdk-pixbuf-2.44.5/tests/test-images/fail/overflow-codes.gif
gdk-pixbuf-2.44.5/tests/test-images/fail/overflow.tga
gdk-pixbuf-2.44.5/tests/test-images/gif-test-suite/
gdk-pixbuf-2.44.5/tests/test-images/gif-test-suite/255-codes.conf
gdk-pixbuf-2.44.5/tests/test-images/gif-test-suite/255-codes.gif
gdk-pixbuf-2.44.5/tests/test-images/gif-test-suite/4095-codes-clear.conf
gdk-pixbuf-2.44.5/tests/test-images/gif-test-suite/4095-codes-clear.gif
gdk-pixbuf-2.44.5/tests/test-images/gif-test-suite/4095-codes.conf
gdk-pixbuf-2.44.5/tests/test-images/gif-test-suite/4095-codes.gif
gdk-pixbuf-2.44.5/tests/test-images/gif-test-suite/TESTS
gdk-pixbuf-2.44.5/tests/test-images/gif-test-suite/all-blues.conf
gdk-pixbuf-2.44.5/tests/test-images/gif-test-suite/all-blues.gif
gdk-pixbuf-2.44.5/tests/test-images/gif-test-suite/all-blues.png
gdk-pixbuf-2.44.5/tests/test-images/gif-test-suite/all-blues.rgba
gdk-pixbuf-2.44.5/tests/test-images/gif-test-suite/all-greens.conf
gdk-pixbuf-2.44.5/tests/test-images/gif-test-suite/all-greens.gif
gdk-pixbuf-2.44.5/tests/test-images/gif-test-suite/all-greens.png
gdk-pixbuf-2.44.5/tests/test-images/gif-test-suite/all-greens.rgba
gdk-pixbuf-2.44.5/tests/test-images/gif-test-suite/all-reds.conf
gdk-pixbuf-2.44.5/tests/test-images/gif-test-suite/all-reds.gif
gdk-pixbuf-2.44.5/tests/test-images/gif-test-suite/all-reds.png
gdk-pixbuf-2.44.5/tests/test-images/gif-test-suite/all-reds.rgba
gdk-pixbuf-2.44.5/tests/test-images/gif-test-suite/animation-erase.0.png
gdk-pixbuf-2.44.5/tests/test-images/gif-test-suite/animation-erase.0.rgba
gdk-pixbuf-2.44.5/tests/test-images/gif-test-suite/animation-erase.1.png
gdk-pixbuf-2.44.5/tests/test-images/gif-test-suite/animation-erase.1.rgba
gdk-pixbuf-2.44.5/tests/test-images/gif-test-suite/animation-erase.2.png
gdk-pixbuf-2.44.5/tests/test-images/gif-test-suite/animation-erase.2.rgba
gdk-pixbuf-2.44.5/tests/test-images/gif-test-suite/animation-erase.3.png
gdk-pixbuf-2.44.5/tests/test-images/gif-test-suite/animation-erase.3.rgba
gdk-pixbuf-2.44.5/tests/test-images/gif-test-suite/animation-fill.0.png
gdk-pixbuf-2.44.5/tests/test-images/gif-test-suite/animation-fill.0.rgba
gdk-pixbuf-2.44.5/tests/test-images/gif-test-suite/animation-fill.1.png
gdk-pixbuf-2.44.5/tests/test-images/gif-test-suite/animation-fill.1.rgba
gdk-pixbuf-2.44.5/tests/test-images/gif-test-suite/animation-fill.2.png
gdk-pixbuf-2.44.5/tests/test-images/gif-test-suite/animation-fill.2.rgba
gdk-pixbuf-2.44.5/tests/test-images/gif-test-suite/animation-fill.3.png
gdk-pixbuf-2.44.5/tests/test-images/gif-test-suite/animation-fill.3.rgba
gdk-pixbuf-2.44.5/tests/test-images/gif-test-suite/animation-multi-image-explicit-zero-delay.conf
gdk-pixbuf-2.44.5/tests/test-images/gif-test-suite/animation-multi-image-explicit-zero-delay.gif
gdk-pixbuf-2.44.5/tests/test-images/gif-test-suite/animation-multi-image.conf
gdk-pixbuf-2.44.5/tests/test-images/gif-test-suite/animation-multi-image.gif
gdk-pixbuf-2.44.5/tests/test-images/gif-test-suite/animation-no-delays.conf
gdk-pixbuf-2.44.5/tests/test-images/gif-test-suite/animation-no-delays.gif
gdk-pixbuf-2.44.5/tests/test-images/gif-test-suite/animation-speed.conf
gdk-pixbuf-2.44.5/tests/test-images/gif-test-suite/animation-speed.gif
gdk-pixbuf-2.44.5/tests/test-images/gif-test-suite/animation-zero-delays.conf
gdk-pixbuf-2.44.5/tests/test-images/gif-test-suite/animation-zero-delays.gif
gdk-pixbuf-2.44.5/tests/test-images/gif-test-suite/animation.0.png
gdk-pixbuf-2.44.5/tests/test-images/gif-test-suite/animation.0.rgba
gdk-pixbuf-2.44.5/tests/test-images/gif-test-suite/animation.1.png
gdk-pixbuf-2.44.5/tests/test-images/gif-test-suite/animation.1.rgba
gdk-pixbuf-2.44.5/tests/test-images/gif-test-suite/animation.2.png
gdk-pixbuf-2.44.5/tests/test-images/gif-test-suite/animation.2.rgba
gdk-pixbuf-2.44.5/tests/test-images/gif-test-suite/animation.3.png
gdk-pixbuf-2.44.5/tests/test-images/gif-test-suite/animation.3.rgba
gdk-pixbuf-2.44.5/tests/test-images/gif-test-suite/animation.conf
gdk-pixbuf-2.44.5/tests/test-images/gif-test-suite/animation.gif
gdk-pixbuf-2.44.5/tests/test-images/gif-test-suite/checkerboard.png
gdk-pixbuf-2.44.5/tests/test-images/gif-test-suite/checkerboard.rgba
gdk-pixbuf-2.44.5/tests/test-images/gif-test-suite/comment.conf
gdk-pixbuf-2.44.5/tests/test-images/gif-test-suite/comment.gif
gdk-pixbuf-2.44.5/tests/test-images/gif-test-suite/depth1.conf
gdk-pixbuf-2.44.5/tests/test-images/gif-test-suite/depth1.gif
gdk-pixbuf-2.44.5/tests/test-images/gif-test-suite/depth2.conf
gdk-pixbuf-2.44.5/tests/test-images/gif-test-suite/depth2.gif
gdk-pixbuf-2.44.5/tests/test-images/gif-test-suite/depth3.conf
gdk-pixbuf-2.44.5/tests/test-images/gif-test-suite/depth3.gif
gdk-pixbuf-2.44.5/tests/test-images/gif-test-suite/depth4.conf
gdk-pixbuf-2.44.5/tests/test-images/gif-test-suite/depth4.gif
gdk-pixbuf-2.44.5/tests/test-images/gif-test-suite/depth5.conf
gdk-pixbuf-2.44.5/tests/test-images/gif-test-suite/depth5.gif
gdk-pixbuf-2.44.5/tests/test-images/gif-test-suite/depth6.conf
gdk-pixbuf-2.44.5/tests/test-images/gif-test-suite/depth6.gif
gdk-pixbuf-2.44.5/tests/test-images/gif-test-suite/depth7.conf
gdk-pixbuf-2.44.5/tests/test-images/gif-test-suite/depth7.gif
gdk-pixbuf-2.44.5/tests/test-images/gif-test-suite/depth8.conf
gdk-pixbuf-2.44.5/tests/test-images/gif-test-suite/depth8.gif
gdk-pixbuf-2.44.5/tests/test-images/gif-test-suite/disabled-transparent.conf
gdk-pixbuf-2.44.5/tests/test-images/gif-test-suite/disabled-transparent.gif
gdk-pixbuf-2.44.5/tests/test-images/gif-test-suite/dispose-keep.conf
gdk-pixbuf-2.44.5/tests/test-images/gif-test-suite/dispose-keep.gif
gdk-pixbuf-2.44.5/tests/test-images/gif-test-suite/dispose-none.conf
gdk-pixbuf-2.44.5/tests/test-images/gif-test-suite/dispose-none.gif
gdk-pixbuf-2.44.5/tests/test-images/gif-test-suite/dispose-restore-background.conf
gdk-pixbuf-2.44.5/tests/test-images/gif-test-suite/dispose-restore-background.gif
gdk-pixbuf-2.44.5/tests/test-images/gif-test-suite/dispose-restore-previous.conf
gdk-pixbuf-2.44.5/tests/test-images/gif-test-suite/dispose-restore-previous.gif
gdk-pixbuf-2.44.5/tests/test-images/gif-test-suite/double-clears.conf
gdk-pixbuf-2.44.5/tests/test-images/gif-test-suite/double-clears.gif
gdk-pixbuf-2.44.5/tests/test-images/gif-test-suite/empty.icc
gdk-pixbuf-2.44.5/tests/test-images/gif-test-suite/empty.xmp
gdk-pixbuf-2.44.5/tests/test-images/gif-test-suite/extra-data.conf
gdk-pixbuf-2.44.5/tests/test-images/gif-test-suite/extra-data.gif
gdk-pixbuf-2.44.5/tests/test-images/gif-test-suite/extra-pixels.conf
gdk-pixbuf-2.44.5/tests/test-images/gif-test-suite/extra-pixels.gif
gdk-pixbuf-2.44.5/tests/test-images/gif-test-suite/four-colors-transparent.png
gdk-pixbuf-2.44.5/tests/test-images/gif-test-suite/four-colors-transparent.rgba
gdk-pixbuf-2.44.5/tests/test-images/gif-test-suite/four-colors.conf
gdk-pixbuf-2.44.5/tests/test-images/gif-test-suite/four-colors.gif
gdk-pixbuf-2.44.5/tests/test-images/gif-test-suite/four-colors.png
gdk-pixbuf-2.44.5/tests/test-images/gif-test-suite/four-colors.rgba
gdk-pixbuf-2.44.5/tests/test-images/gif-test-suite/gif87a-animation.conf
gdk-pixbuf-2.44.5/tests/test-images/gif-test-suite/gif87a-animation.gif
gdk-pixbuf-2.44.5/tests/test-images/gif-test-suite/gif87a.conf
gdk-pixbuf-2.44.5/tests/test-images/gif-test-suite/gif87a.gif
gdk-pixbuf-2.44.5/tests/test-images/gif-test-suite/high-color.conf
gdk-pixbuf-2.44.5/tests/test-images/gif-test-suite/high-color.gif
gdk-pixbuf-2.44.5/tests/test-images/gif-test-suite/high-color.png
gdk-pixbuf-2.44.5/tests/test-images/gif-test-suite/high-color.rgba
gdk-pixbuf-2.44.5/tests/test-images/gif-test-suite/icc-color-profile-empty.conf
gdk-pixbuf-2.44.5/tests/test-images/gif-test-suite/icc-color-profile-empty.gif
gdk-pixbuf-2.44.5/tests/test-images/gif-test-suite/icc-color-profile.conf
gdk-pixbuf-2.44.5/tests/test-images/gif-test-suite/icc-color-profile.gif
gdk-pixbuf-2.44.5/tests/test-images/gif-test-suite/image-inside-bg.conf
gdk-pixbuf-2.44.5/tests/test-images/gif-test-suite/image-inside-bg.gif
gdk-pixbuf-2.44.5/tests/test-images/gif-test-suite/image-inside-bg.png
gdk-pixbuf-2.44.5/tests/test-images/gif-test-suite/image-inside-bg.rgba
gdk-pixbuf-2.44.5/tests/test-images/gif-test-suite/image-outside-bg.conf
gdk-pixbuf-2.44.5/tests/test-images/gif-test-suite/image-outside-bg.gif
gdk-pixbuf-2.44.5/tests/test-images/gif-test-suite/image-outside-bg.png
gdk-pixbuf-2.44.5/tests/test-images/gif-test-suite/image-outside-bg.rgba
gdk-pixbuf-2.44.5/tests/test-images/gif-test-suite/image-overlap-bg.conf
gdk-pixbuf-2.44.5/tests/test-images/gif-test-suite/image-overlap-bg.gif
gdk-pixbuf-2.44.5/tests/test-images/gif-test-suite/image-overlap-bg.png
gdk-pixbuf-2.44.5/tests/test-images/gif-test-suite/image-overlap-bg.rgba
gdk-pixbuf-2.44.5/tests/test-images/gif-test-suite/image-zero-height.conf
gdk-pixbuf-2.44.5/tests/test-images/gif-test-suite/image-zero-height.gif
gdk-pixbuf-2.44.5/tests/test-images/gif-test-suite/image-zero-size.conf
gdk-pixbuf-2.44.5/tests/test-images/gif-test-suite/image-zero-size.gif
gdk-pixbuf-2.44.5/tests/test-images/gif-test-suite/image-zero-width.conf
gdk-pixbuf-2.44.5/tests/test-images/gif-test-suite/image-zero-width.gif
gdk-pixbuf-2.44.5/tests/test-images/gif-test-suite/images-combine.conf
gdk-pixbuf-2.44.5/tests/test-images/gif-test-suite/images-combine.gif
gdk-pixbuf-2.44.5/tests/test-images/gif-test-suite/images-overlap.conf
gdk-pixbuf-2.44.5/tests/test-images/gif-test-suite/images-overlap.gif
gdk-pixbuf-2.44.5/tests/test-images/gif-test-suite/interlace.conf
gdk-pixbuf-2.44.5/tests/test-images/gif-test-suite/interlace.gif
gdk-pixbuf-2.44.5/tests/test-images/gif-test-suite/invalid-ascii-comment.conf
gdk-pixbuf-2.44.5/tests/test-images/gif-test-suite/invalid-ascii-comment.gif
gdk-pixbuf-2.44.5/tests/test-images/gif-test-suite/invalid-background.conf
gdk-pixbuf-2.44.5/tests/test-images/gif-test-suite/invalid-background.gif
gdk-pixbuf-2.44.5/tests/test-images/gif-test-suite/invalid-code.conf
gdk-pixbuf-2.44.5/tests/test-images/gif-test-suite/invalid-code.gif
gdk-pixbuf-2.44.5/tests/test-images/gif-test-suite/invalid-colors.conf
gdk-pixbuf-2.44.5/tests/test-images/gif-test-suite/invalid-colors.gif
gdk-pixbuf-2.44.5/tests/test-images/gif-test-suite/invalid-transparent.conf
gdk-pixbuf-2.44.5/tests/test-images/gif-test-suite/invalid-transparent.gif
gdk-pixbuf-2.44.5/tests/test-images/gif-test-suite/invalid-utf8-comment.conf
gdk-pixbuf-2.44.5/tests/test-images/gif-test-suite/invalid-utf8-comment.gif
gdk-pixbuf-2.44.5/tests/test-images/gif-test-suite/large-codes.conf
gdk-pixbuf-2.44.5/tests/test-images/gif-test-suite/large-codes.gif
gdk-pixbuf-2.44.5/tests/test-images/gif-test-suite/large-comment.conf
gdk-pixbuf-2.44.5/tests/test-images/gif-test-suite/large-comment.gif
gdk-pixbuf-2.44.5/tests/test-images/gif-test-suite/local-color-table.conf
gdk-pixbuf-2.44.5/tests/test-images/gif-test-suite/local-color-table.gif
gdk-pixbuf-2.44.5/tests/test-images/gif-test-suite/loop-animexts.conf
gdk-pixbuf-2.44.5/tests/test-images/gif-test-suite/loop-animexts.gif
gdk-pixbuf-2.44.5/tests/test-images/gif-test-suite/loop-buffer.conf
gdk-pixbuf-2.44.5/tests/test-images/gif-test-suite/loop-buffer.gif
gdk-pixbuf-2.44.5/tests/test-images/gif-test-suite/loop-buffer_max.conf
gdk-pixbuf-2.44.5/tests/test-images/gif-test-suite/loop-buffer_max.gif
gdk-pixbuf-2.44.5/tests/test-images/gif-test-suite/loop-infinite.conf
gdk-pixbuf-2.44.5/tests/test-images/gif-test-suite/loop-infinite.gif
gdk-pixbuf-2.44.5/tests/test-images/gif-test-suite/loop-max.conf
gdk-pixbuf-2.44.5/tests/test-images/gif-test-suite/loop-max.gif
gdk-pixbuf-2.44.5/tests/test-images/gif-test-suite/loop-once.conf
gdk-pixbuf-2.44.5/tests/test-images/gif-test-suite/loop-once.gif
gdk-pixbuf-2.44.5/tests/test-images/gif-test-suite/many-clears.conf
gdk-pixbuf-2.44.5/tests/test-images/gif-test-suite/many-clears.gif
gdk-pixbuf-2.44.5/tests/test-images/gif-test-suite/max-codes.conf
gdk-pixbuf-2.44.5/tests/test-images/gif-test-suite/max-codes.gif
gdk-pixbuf-2.44.5/tests/test-images/gif-test-suite/max-height.conf
gdk-pixbuf-2.44.5/tests/test-images/gif-test-suite/max-height.gif
gdk-pixbuf-2.44.5/tests/test-images/gif-test-suite/max-height.png
gdk-pixbuf-2.44.5/tests/test-images/gif-test-suite/max-height.rgba
gdk-pixbuf-2.44.5/tests/test-images/gif-test-suite/max-size.conf
gdk-pixbuf-2.44.5/tests/test-images/gif-test-suite/max-size.gif
gdk-pixbuf-2.44.5/tests/test-images/gif-test-suite/max-width.conf
gdk-pixbuf-2.44.5/tests/test-images/gif-test-suite/max-width.gif
gdk-pixbuf-2.44.5/tests/test-images/gif-test-suite/max-width.png
gdk-pixbuf-2.44.5/tests/test-images/gif-test-suite/max-width.rgba
gdk-pixbuf-2.44.5/tests/test-images/gif-test-suite/missing-pixels.conf
gdk-pixbuf-2.44.5/tests/test-images/gif-test-suite/missing-pixels.gif
gdk-pixbuf-2.44.5/tests/test-images/gif-test-suite/missing-pixels.png
gdk-pixbuf-2.44.5/tests/test-images/gif-test-suite/missing-pixels.rgba
gdk-pixbuf-2.44.5/tests/test-images/gif-test-suite/no-clear-and-eoi.conf
gdk-pixbuf-2.44.5/tests/test-images/gif-test-suite/no-clear-and-eoi.gif
gdk-pixbuf-2.44.5/tests/test-images/gif-test-suite/no-clear.conf
gdk-pixbuf-2.44.5/tests/test-images/gif-test-suite/no-clear.gif
gdk-pixbuf-2.44.5/tests/test-images/gif-test-suite/no-data.conf
gdk-pixbuf-2.44.5/tests/test-images/gif-test-suite/no-data.gif
gdk-pixbuf-2.44.5/tests/test-images/gif-test-suite/no-eoi.conf
gdk-pixbuf-2.44.5/tests/test-images/gif-test-suite/no-eoi.gif
gdk-pixbuf-2.44.5/tests/test-images/gif-test-suite/no-global-color-table.conf
gdk-pixbuf-2.44.5/tests/test-images/gif-test-suite/no-global-color-table.gif
gdk-pixbuf-2.44.5/tests/test-images/gif-test-suite/nul-application-extension.conf
gdk-pixbuf-2.44.5/tests/test-images/gif-test-suite/nul-application-extension.gif
gdk-pixbuf-2.44.5/tests/test-images/gif-test-suite/nul-comment.conf
gdk-pixbuf-2.44.5/tests/test-images/gif-test-suite/nul-comment.gif
gdk-pixbuf-2.44.5/tests/test-images/gif-test-suite/overflow-codes-max.conf
gdk-pixbuf-2.44.5/tests/test-images/gif-test-suite/overflow-codes-max.gif
gdk-pixbuf-2.44.5/tests/test-images/gif-test-suite/overflow-codes.conf
gdk-pixbuf-2.44.5/tests/test-images/gif-test-suite/overflow-codes.gif
gdk-pixbuf-2.44.5/tests/test-images/gif-test-suite/plain-text.conf
gdk-pixbuf-2.44.5/tests/test-images/gif-test-suite/plain-text.gif
gdk-pixbuf-2.44.5/tests/test-images/gif-test-suite/random-image.png
gdk-pixbuf-2.44.5/tests/test-images/gif-test-suite/random-image.rgba
gdk-pixbuf-2.44.5/tests/test-images/gif-test-suite/random_image.png
gdk-pixbuf-2.44.5/tests/test-images/gif-test-suite/sRGB.icc
gdk-pixbuf-2.44.5/tests/test-images/gif-test-suite/test.xmp
gdk-pixbuf-2.44.5/tests/test-images/gif-test-suite/transparent-dot.png
gdk-pixbuf-2.44.5/tests/test-images/gif-test-suite/transparent-dot.rgba
gdk-pixbuf-2.44.5/tests/test-images/gif-test-suite/transparent.conf
gdk-pixbuf-2.44.5/tests/test-images/gif-test-suite/transparent.gif
gdk-pixbuf-2.44.5/tests/test-images/gif-test-suite/unknown-application-extension.conf
gdk-pixbuf-2.44.5/tests/test-images/gif-test-suite/unknown-application-extension.gif
gdk-pixbuf-2.44.5/tests/test-images/gif-test-suite/unknown-extension.conf
gdk-pixbuf-2.44.5/tests/test-images/gif-test-suite/unknown-extension.gif
gdk-pixbuf-2.44.5/tests/test-images/gif-test-suite/white-dot.png
gdk-pixbuf-2.44.5/tests/test-images/gif-test-suite/white-dot.rgba
gdk-pixbuf-2.44.5/tests/test-images/gif-test-suite/white-hline2.png
gdk-pixbuf-2.44.5/tests/test-images/gif-test-suite/white-hline2.rgba
gdk-pixbuf-2.44.5/tests/test-images/gif-test-suite/xmp-data-empty.conf
gdk-pixbuf-2.44.5/tests/test-images/gif-test-suite/xmp-data-empty.gif
gdk-pixbuf-2.44.5/tests/test-images/gif-test-suite/xmp-data.conf
gdk-pixbuf-2.44.5/tests/test-images/gif-test-suite/xmp-data.gif
gdk-pixbuf-2.44.5/tests/test-images/gif-test-suite/zero-height.conf
gdk-pixbuf-2.44.5/tests/test-images/gif-test-suite/zero-height.gif
gdk-pixbuf-2.44.5/tests/test-images/gif-test-suite/zero-size.conf
gdk-pixbuf-2.44.5/tests/test-images/gif-test-suite/zero-size.gif
gdk-pixbuf-2.44.5/tests/test-images/gif-test-suite/zero-width.conf
gdk-pixbuf-2.44.5/tests/test-images/gif-test-suite/zero-width.gif
gdk-pixbuf-2.44.5/tests/test-images/randomly-modified/
gdk-pixbuf-2.44.5/tests/test-images/randomly-modified/bad-header.ico
gdk-pixbuf-2.44.5/tests/test-images/randomly-modified/bmp-line-overflow.bmp
gdk-pixbuf-2.44.5/tests/test-images/randomly-modified/bug775232.pnm
gdk-pixbuf-2.44.5/tests/test-images/randomly-modified/bug775242.bmp
gdk-pixbuf-2.44.5/tests/test-images/randomly-modified/bug775648.qtif
gdk-pixbuf-2.44.5/tests/test-images/randomly-modified/bug775697.jpg
gdk-pixbuf-2.44.5/tests/test-images/randomly-modified/bug776040.ico
gdk-pixbuf-2.44.5/tests/test-images/randomly-modified/crash.ico
gdk-pixbuf-2.44.5/tests/test-images/randomly-modified/decodecolormap.bmp
gdk-pixbuf-2.44.5/tests/test-images/randomly-modified/invalid.1.xpm
gdk-pixbuf-2.44.5/tests/test-images/randomly-modified/invalid.2.ico
gdk-pixbuf-2.44.5/tests/test-images/randomly-modified/invalid.4.ppm
gdk-pixbuf-2.44.5/tests/test-images/randomly-modified/valid.1.bmp
gdk-pixbuf-2.44.5/tests/test-images/randomly-modified/valid.1.gif
gdk-pixbuf-2.44.5/tests/test-images/randomly-modified/valid.1.jpeg
gdk-pixbuf-2.44.5/tests/test-images/randomly-modified/valid.1.png
gdk-pixbuf-2.44.5/tests/test-images/randomly-modified/valid.1.ppm
gdk-pixbuf-2.44.5/tests/test-images/randomly-modified/valid.1.tga
gdk-pixbuf-2.44.5/tests/test-images/randomly-modified/valid.1.tiff
gdk-pixbuf-2.44.5/tests/test-images/randomly-modified/valid.1.xbm
gdk-pixbuf-2.44.5/tests/test-images/randomly-modified/valid.1.xpm
gdk-pixbuf-2.44.5/tests/test-images/randomly-modified/valid.2.jpeg
gdk-pixbuf-2.44.5/tests/test-images/randomly-modified/valid.2.ppm
gdk-pixbuf-2.44.5/tests/test-images/randomly-modified/valid.2.tga
gdk-pixbuf-2.44.5/tests/test-images/randomly-modified/valid.3.ppm
gdk-pixbuf-2.44.5/tests/test-images/randomly-modified/valid.4.ppm
gdk-pixbuf-2.44.5/tests/test-images/reftests/
gdk-pixbuf-2.44.5/tests/test-images/reftests/bug696331.png.disabled
gdk-pixbuf-2.44.5/tests/test-images/reftests/bug696331.png.ref.png
gdk-pixbuf-2.44.5/tests/test-images/reftests/bug785447.ico
gdk-pixbuf-2.44.5/tests/test-images/reftests/bug785447.ico.ref.png
gdk-pixbuf-2.44.5/tests/test-images/reftests/cat.jpg
gdk-pixbuf-2.44.5/tests/test-images/reftests/cat.jpg.ref.png
gdk-pixbuf-2.44.5/tests/test-images/reftests/colormap-too-small.tga.disabled
gdk-pixbuf-2.44.5/tests/test-images/reftests/colormap-too-small.tga.ref.png
gdk-pixbuf-2.44.5/tests/test-images/reftests/mandatory-bitmasks.bmp
gdk-pixbuf-2.44.5/tests/test-images/reftests/mandatory-bitmasks.bmp.ref.png
gdk-pixbuf-2.44.5/tests/test-images/reftests/rle-too-many-pixels-2.tga.disabled
gdk-pixbuf-2.44.5/tests/test-images/reftests/rle-too-many-pixels-2.tga.ref.png
gdk-pixbuf-2.44.5/tests/test-images/reftests/rle-too-many-pixels.tga.disabled
gdk-pixbuf-2.44.5/tests/test-images/reftests/rle-too-many-pixels.tga.ref.png
gdk-pixbuf-2.44.5/tests/test-images/reftests/squares.ico
gdk-pixbuf-2.44.5/tests/test-images/reftests/squares.ico.ref.png
gdk-pixbuf-2.44.5/tests/test-images/reftests/tga/
gdk-pixbuf-2.44.5/tests/test-images/reftests/tga/gtk-logo-16bpp-bottom-left.tga.disabled
gdk-pixbuf-2.44.5/tests/test-images/reftests/tga/gtk-logo-16bpp-bottom-left.tga.ref.png
gdk-pixbuf-2.44.5/tests/test-images/reftests/tga/gtk-logo-16bpp-bottom-right.tga.disabled
gdk-pixbuf-2.44.5/tests/test-images/reftests/tga/gtk-logo-16bpp-bottom-right.tga.ref.png
gdk-pixbuf-2.44.5/tests/test-images/reftests/tga/gtk-logo-16bpp-top-left.tga.disabled
gdk-pixbuf-2.44.5/tests/test-images/reftests/tga/gtk-logo-16bpp-top-left.tga.ref.png
gdk-pixbuf-2.44.5/tests/test-images/reftests/tga/gtk-logo-16bpp-top-right.tga.disabled
gdk-pixbuf-2.44.5/tests/test-images/reftests/tga/gtk-logo-16bpp-top-right.tga.ref.png
gdk-pixbuf-2.44.5/tests/test-images/reftests/tga/gtk-logo-16bpp.ref.png
gdk-pixbuf-2.44.5/tests/test-images/reftests/tga/gtk-logo-24bpp-bottom-left.tga
gdk-pixbuf-2.44.5/tests/test-images/reftests/tga/gtk-logo-24bpp-bottom-left.tga.ref.png
gdk-pixbuf-2.44.5/tests/test-images/reftests/tga/gtk-logo-24bpp-bottom-right.tga
gdk-pixbuf-2.44.5/tests/test-images/reftests/tga/gtk-logo-24bpp-bottom-right.tga.ref.png
gdk-pixbuf-2.44.5/tests/test-images/reftests/tga/gtk-logo-24bpp-top-left.tga
gdk-pixbuf-2.44.5/tests/test-images/reftests/tga/gtk-logo-24bpp-top-left.tga.ref.png
gdk-pixbuf-2.44.5/tests/test-images/reftests/tga/gtk-logo-24bpp-top-right.tga
gdk-pixbuf-2.44.5/tests/test-images/reftests/tga/gtk-logo-24bpp-top-right.tga.ref.png
gdk-pixbuf-2.44.5/tests/test-images/reftests/tga/gtk-logo-32bpp-bottom-left.tga
gdk-pixbuf-2.44.5/tests/test-images/reftests/tga/gtk-logo-32bpp-bottom-left.tga.ref.png
gdk-pixbuf-2.44.5/tests/test-images/reftests/tga/gtk-logo-32bpp-bottom-right.tga
gdk-pixbuf-2.44.5/tests/test-images/reftests/tga/gtk-logo-32bpp-bottom-right.tga.ref.png
gdk-pixbuf-2.44.5/tests/test-images/reftests/tga/gtk-logo-32bpp-top-left.tga
gdk-pixbuf-2.44.5/tests/test-images/reftests/tga/gtk-logo-32bpp-top-left.tga.ref.png
gdk-pixbuf-2.44.5/tests/test-images/reftests/tga/gtk-logo-32bpp-top-right.tga
gdk-pixbuf-2.44.5/tests/test-images/reftests/tga/gtk-logo-32bpp-top-right.tga.ref.png
gdk-pixbuf-2.44.5/tests/test-images/reftests/tga/gtk-logo-cmap-8bpp-bottom-left.tga.disabled
gdk-pixbuf-2.44.5/tests/test-images/reftests/tga/gtk-logo-cmap-8bpp-bottom-left.tga.ref.png
gdk-pixbuf-2.44.5/tests/test-images/reftests/tga/gtk-logo-cmap-8bpp-bottom-right.tga.disabled
gdk-pixbuf-2.44.5/tests/test-images/reftests/tga/gtk-logo-cmap-8bpp-bottom-right.tga.ref.png
gdk-pixbuf-2.44.5/tests/test-images/reftests/tga/gtk-logo-cmap-8bpp-top-left.tga
gdk-pixbuf-2.44.5/tests/test-images/reftests/tga/gtk-logo-cmap-8bpp-top-left.tga.ref.png
gdk-pixbuf-2.44.5/tests/test-images/reftests/tga/gtk-logo-cmap-8bpp-top-right.tga
gdk-pixbuf-2.44.5/tests/test-images/reftests/tga/gtk-logo-cmap-8bpp-top-right.tga.ref.png
gdk-pixbuf-2.44.5/tests/test-images/reftests/tga/gtk-logo-cmap-rle-8bpp-bottom-left.tga.disabled
gdk-pixbuf-2.44.5/tests/test-images/reftests/tga/gtk-logo-cmap-rle-8bpp-bottom-left.tga.ref.png
gdk-pixbuf-2.44.5/tests/test-images/reftests/tga/gtk-logo-cmap-rle-8bpp-bottom-right.tga.disabled
gdk-pixbuf-2.44.5/tests/test-images/reftests/tga/gtk-logo-cmap-rle-8bpp-bottom-right.tga.ref.png
gdk-pixbuf-2.44.5/tests/test-images/reftests/tga/gtk-logo-cmap-rle-8bpp-top-left.tga
gdk-pixbuf-2.44.5/tests/test-images/reftests/tga/gtk-logo-cmap-rle-8bpp-top-left.tga.ref.png
gdk-pixbuf-2.44.5/tests/test-images/reftests/tga/gtk-logo-cmap-rle-8bpp-top-right.tga
gdk-pixbuf-2.44.5/tests/test-images/reftests/tga/gtk-logo-cmap-rle-8bpp-top-right.tga.ref.png
gdk-pixbuf-2.44.5/tests/test-images/reftests/tga/gtk-logo-cmap.ref.png
gdk-pixbuf-2.44.5/tests/test-images/reftests/tga/gtk-logo-gray-16bpp-bottom-left.tga
gdk-pixbuf-2.44.5/tests/test-images/reftests/tga/gtk-logo-gray-16bpp-bottom-left.tga.ref.png
gdk-pixbuf-2.44.5/tests/test-images/reftests/tga/gtk-logo-gray-16bpp-bottom-right.tga
gdk-pixbuf-2.44.5/tests/test-images/reftests/tga/gtk-logo-gray-16bpp-bottom-right.tga.ref.png
gdk-pixbuf-2.44.5/tests/test-images/reftests/tga/gtk-logo-gray-16bpp-top-left.tga
gdk-pixbuf-2.44.5/tests/test-images/reftests/tga/gtk-logo-gray-16bpp-top-left.tga.ref.png
gdk-pixbuf-2.44.5/tests/test-images/reftests/tga/gtk-logo-gray-16bpp-top-right.tga
gdk-pixbuf-2.44.5/tests/test-images/reftests/tga/gtk-logo-gray-16bpp-top-right.tga.ref.png
gdk-pixbuf-2.44.5/tests/test-images/reftests/tga/gtk-logo-gray-8bpp-bottom-left.tga
gdk-pixbuf-2.44.5/tests/test-images/reftests/tga/gtk-logo-gray-8bpp-bottom-left.tga.ref.png
gdk-pixbuf-2.44.5/tests/test-images/reftests/tga/gtk-logo-gray-8bpp-bottom-right.tga
gdk-pixbuf-2.44.5/tests/test-images/reftests/tga/gtk-logo-gray-8bpp-bottom-right.tga.ref.png
gdk-pixbuf-2.44.5/tests/test-images/reftests/tga/gtk-logo-gray-8bpp-top-left.tga
gdk-pixbuf-2.44.5/tests/test-images/reftests/tga/gtk-logo-gray-8bpp-top-left.tga.ref.png
gdk-pixbuf-2.44.5/tests/test-images/reftests/tga/gtk-logo-gray-8bpp-top-right.tga
gdk-pixbuf-2.44.5/tests/test-images/reftests/tga/gtk-logo-gray-8bpp-top-right.tga.ref.png
gdk-pixbuf-2.44.5/tests/test-images/reftests/tga/gtk-logo-gray-opaque.ref.png
gdk-pixbuf-2.44.5/tests/test-images/reftests/tga/gtk-logo-gray-rle-16bpp-bottom-left.tga
gdk-pixbuf-2.44.5/tests/test-images/reftests/tga/gtk-logo-gray-rle-16bpp-bottom-left.tga.ref.png
gdk-pixbuf-2.44.5/tests/test-images/reftests/tga/gtk-logo-gray-rle-16bpp-bottom-right.tga
gdk-pixbuf-2.44.5/tests/test-images/reftests/tga/gtk-logo-gray-rle-16bpp-bottom-right.tga.ref.png
gdk-pixbuf-2.44.5/tests/test-images/reftests/tga/gtk-logo-gray-rle-16bpp-top-left.tga
gdk-pixbuf-2.44.5/tests/test-images/reftests/tga/gtk-logo-gray-rle-16bpp-top-left.tga.ref.png
gdk-pixbuf-2.44.5/tests/test-images/reftests/tga/gtk-logo-gray-rle-16bpp-top-right.tga
gdk-pixbuf-2.44.5/tests/test-images/reftests/tga/gtk-logo-gray-rle-16bpp-top-right.tga.ref.png
gdk-pixbuf-2.44.5/tests/test-images/reftests/tga/gtk-logo-gray-rle-8bpp-bottom-left.tga
gdk-pixbuf-2.44.5/tests/test-images/reftests/tga/gtk-logo-gray-rle-8bpp-bottom-left.tga.ref.png
gdk-pixbuf-2.44.5/tests/test-images/reftests/tga/gtk-logo-gray-rle-8bpp-bottom-right.tga
gdk-pixbuf-2.44.5/tests/test-images/reftests/tga/gtk-logo-gray-rle-8bpp-bottom-right.tga.ref.png
gdk-pixbuf-2.44.5/tests/test-images/reftests/tga/gtk-logo-gray-rle-8bpp-top-left.tga
gdk-pixbuf-2.44.5/tests/test-images/reftests/tga/gtk-logo-gray-rle-8bpp-top-left.tga.ref.png
gdk-pixbuf-2.44.5/tests/test-images/reftests/tga/gtk-logo-gray-rle-8bpp-top-right.tga
gdk-pixbuf-2.44.5/tests/test-images/reftests/tga/gtk-logo-gray-rle-8bpp-top-right.tga.ref.png
gdk-pixbuf-2.44.5/tests/test-images/reftests/tga/gtk-logo-gray.ref.png
gdk-pixbuf-2.44.5/tests/test-images/reftests/tga/gtk-logo-opaque.ref.png
gdk-pixbuf-2.44.5/tests/test-images/reftests/tga/gtk-logo-rle-24bpp-bottom-left.tga
gdk-pixbuf-2.44.5/tests/test-images/reftests/tga/gtk-logo-rle-24bpp-bottom-left.tga.ref.png
gdk-pixbuf-2.44.5/tests/test-images/reftests/tga/gtk-logo-rle-24bpp-bottom-right.tga
gdk-pixbuf-2.44.5/tests/test-images/reftests/tga/gtk-logo-rle-24bpp-bottom-right.tga.ref.png
gdk-pixbuf-2.44.5/tests/test-images/reftests/tga/gtk-logo-rle-24bpp-top-left.tga
gdk-pixbuf-2.44.5/tests/test-images/reftests/tga/gtk-logo-rle-24bpp-top-left.tga.ref.png
gdk-pixbuf-2.44.5/tests/test-images/reftests/tga/gtk-logo-rle-24bpp-top-right.tga
gdk-pixbuf-2.44.5/tests/test-images/reftests/tga/gtk-logo-rle-24bpp-top-right.tga.ref.png
gdk-pixbuf-2.44.5/tests/test-images/reftests/tga/gtk-logo-rle-32bpp-bottom-left.tga
gdk-pixbuf-2.44.5/tests/test-images/reftests/tga/gtk-logo-rle-32bpp-bottom-left.tga.ref.png
gdk-pixbuf-2.44.5/tests/test-images/reftests/tga/gtk-logo-rle-32bpp-bottom-right.tga
gdk-pixbuf-2.44.5/tests/test-images/reftests/tga/gtk-logo-rle-32bpp-bottom-right.tga.ref.png
gdk-pixbuf-2.44.5/tests/test-images/reftests/tga/gtk-logo-rle-32bpp-top-left.tga
gdk-pixbuf-2.44.5/tests/test-images/reftests/tga/gtk-logo-rle-32bpp-top-left.tga.ref.png
gdk-pixbuf-2.44.5/tests/test-images/reftests/tga/gtk-logo-rle-32bpp-top-right.tga
gdk-pixbuf-2.44.5/tests/test-images/reftests/tga/gtk-logo-rle-32bpp-top-right.tga.ref.png
gdk-pixbuf-2.44.5/tests/test-images/reftests/tga/gtk-logo.ref.png
gdk-pixbuf-2.44.5/thumbnailer/
gdk-pixbuf-2.44.5/thumbnailer/gdk-pixbuf-print-mime-types.c
gdk-pixbuf-2.44.5/thumbnailer/gdk-pixbuf-thumbnailer.c
gdk-pixbuf-2.44.5/thumbnailer/gdk-pixbuf-thumbnailer.thumbnailer.in
gdk-pixbuf-2.44.5/thumbnailer/gnome-thumbnailer-skeleton.c
gdk-pixbuf-2.44.5/thumbnailer/gnome-thumbnailer-skeleton.h
gdk-pixbuf-2.44.5/thumbnailer/meson.build
The Meson build system
Version: 1.10.1
Source dir: /blfs/builds/gdk-pixbuf-2.44.5
Build dir: /blfs/builds/gdk-pixbuf-2.44.5/build
Build type: native build
DEPRECATION: WrapDB v1 is deprecated, updated using `meson wrap update libpng`
Project name: gdk-pixbuf
Project version: 2.44.5
C compiler for the host machine: cc (gcc 15.2.0 "cc (GCC) 15.2.0")
C linker for the host machine: cc ld.bfd 2.45
Host machine cpu family: x86_64
Host machine cpu: x86_64
Found pkg-config: YES (/usr/bin/i686-pc-linux-gnu-pkg-config) 2.5.1
Run-time dependency glib-2.0 found: YES 2.86.3
Run-time dependency gobject-2.0 found: YES 2.86.3
Run-time dependency gmodule-no-export-2.0 found: YES 2.86.3
Run-time dependency gio-2.0 found: YES 2.86.3
Has header "unistd.h" : YES 
Has header "sys/resource.h" : YES 
Has header "sys/time.h" : YES 
Library m found: YES
Checking for function "round" with dependency -lm: YES 
Checking for function "lrint" with dependency -lm: YES 
Library intl found: NO
Checking for function "bind_textdomain_codeset" with dependency -lintl: YES 
Checking for function "setrlimit" : YES 
Checking for function "readlink" : YES 
Checking if "sigsetjmp" links: YES 
Compiler for C supports arguments -Wpointer-arith: YES 
Compiler for C supports arguments -Wformat=2: YES 
Compiler for C supports arguments -Wstrict-prototypes: YES 
Compiler for C supports arguments -Wnested-externs: YES 
Compiler for C supports arguments -Wold-style-definition: YES 
Compiler for C supports arguments -Wdeclaration-after-statement: YES 
Compiler for C supports arguments -Wunused: YES 
Compiler for C supports arguments -Wcast-align: YES 
Compiler for C supports arguments -Wmissing-noreturn: YES 
Compiler for C supports arguments -Wmissing-format-attribute: YES 
Compiler for C supports arguments -Wlogical-op: YES 
Compiler for C supports arguments -fno-strict-aliasing: YES 
Compiler for C supports arguments -Wno-int-conversion: YES 
Compiler for C supports arguments -Wno-uninitialized: YES 
Compiler for C supports arguments -Wno-discarded-qualifiers: YES 
Compiler for C supports arguments -Werror=undef: YES 
Compiler for C supports arguments -Werror=implicit: YES 
Compiler for C supports arguments -Werror=nonnull: YES 
Compiler for C supports arguments -Werror=init-self: YES 
Compiler for C supports arguments -Werror=main: YES 
Compiler for C supports arguments -Werror=missing-braces: YES 
Compiler for C supports arguments -Werror=sequence-point: YES 
Compiler for C supports arguments -Werror=return-type: YES 
Compiler for C supports arguments -Werror=trigraphs: YES 
Compiler for C supports arguments -Werror=array-bounds: YES 
Compiler for C supports arguments -Werror=write-strings: YES 
Compiler for C supports arguments -Werror=address: YES 
Compiler for C supports arguments -Werror=int-to-pointer-cast: YES 
Compiler for C supports arguments -Werror=pointer-to-int-cast: YES 
Compiler for C supports arguments -Werror=empty-body: YES 
Compiler for C supports arguments -Werror=tautological-unsigned-zero-compare: NO 
Compiler for C supports arguments -fvisibility=hidden: YES 
Compiler for C supports link arguments -Wl,-Bsymbolic: YES 
Compiler for C supports link arguments -Wl,-z,relro: YES 
Compiler for C supports link arguments -Wl,-z,now: YES 
Library jnigraphics skipped: feature android disabled
Run-time dependency shared-mime-info found: YES 2.4
Library mlib found: NO
Found CMake: /usr/bin/cmake (4.2.3)
Run-time dependency glycin-2 found: NO (tried pkgconfig and cmake)

../meson.build:263:15: ERROR: Dependency "glycin-2" not found, tried pkgconfig and cmake

A full log can be found at /blfs/builds/gdk-pixbuf-2.44.5/build/meson-logs/meson-log.txt
