--2026-04-08 10:01:28--  https://gitlab.gnome.org/GNOME/gucharmap/-/archive/17.0.2/gucharmap-17.0.2.tar.bz2
Resolving gitlab.gnome.org (gitlab.gnome.org)... 151.101.1.91, 151.101.65.91, 151.101.129.91, ...
Connecting to gitlab.gnome.org (gitlab.gnome.org)|151.101.1.91|:443... connected.
HTTP request sent, awaiting response... 200 OK
Length: 1514068 (1.4M) [application/octet-stream]
Saving to: ‘gucharmap-17.0.2.tar.bz2’

     0K .......... .......... .......... .......... ..........  3% 6.08M 0s
    50K .......... .......... .......... .......... ..........  6% 24.1M 0s
   100K .......... .......... .......... .......... .......... 10% 10.4M 0s
   150K .......... .......... .......... .......... .......... 13% 66.6M 0s
   200K .......... .......... .......... .......... .......... 16% 87.4M 0s
   250K .......... .......... .......... .......... .......... 20% 7.35M 0s
   300K .......... .......... .......... .......... .......... 23% 94.7M 0s
   350K .......... .......... .......... .......... .......... 27% 91.8M 0s
   400K .......... .......... .......... .......... .......... 30% 16.7M 0s
   450K .......... .......... .......... .......... .......... 33%  101M 0s
   500K .......... .......... .......... .......... .......... 37%  119M 0s
   550K .......... .......... .......... .......... .......... 40%  120M 0s
   600K .......... .......... .......... .......... .......... 43% 18.2M 0s
   650K .......... .......... .......... .......... .......... 47%  118M 0s
   700K .......... .......... .......... .......... .......... 50%  117M 0s
   750K .......... .......... .......... .......... .......... 54% 16.7M 0s
   800K .......... .......... .......... .......... .......... 57% 87.0M 0s
   850K .......... .......... .......... .......... .......... 60%  116M 0s
   900K .......... .......... .......... .......... .......... 64%  121M 0s
   950K .......... .......... .......... .......... .......... 67%  116M 0s
  1000K .......... .......... .......... .......... .......... 71%  117M 0s
  1050K .......... .......... .......... .......... .......... 74%  119M 0s
  1100K .......... .......... .......... .......... .......... 77% 36.0M 0s
  1150K .......... .......... .......... .......... .......... 81%  116M 0s
  1200K .......... .......... .......... .......... .......... 84% 85.6M 0s
  1250K .......... .......... .......... .......... .......... 87% 15.3M 0s
  1300K .......... .......... .......... .......... .......... 91%  114M 0s
  1350K .......... .......... .......... .......... .......... 94%  119M 0s
  1400K .......... .......... .......... .......... .......... 98%  103M 0s
  1450K .......... .......... ........                        100%  147M=0.04s

2026-04-08 10:01:29 (32.8 MB/s) - ‘gucharmap-17.0.2.tar.bz2’ saved [1514068/1514068]

--2026-04-08 10:01:29--  https://www.unicode.org/Public/7.0.2.0.0/ucd/UCD.zip
Resolving www.unicode.org (www.unicode.org)... 104.26.11.47, 172.67.74.23, 104.26.10.47, ...
Connecting to www.unicode.org (www.unicode.org)|104.26.11.47|:443... connected.
HTTP request sent, awaiting response... 404 Not Found
2026-04-08 10:01:29 ERROR 404: Not Found.

