--2026-03-22 07:30:49--  https://github.com/Mic92/iana-etc/releases/download/20260318/iana-etc-20260318.tar.gz
Resolving github.com (github.com)... 140.82.113.4
Connecting to github.com (github.com)|140.82.113.4|:443... connected.
HTTP request sent, awaiting response... 302 Found
Location: https://release-assets.githubusercontent.com/github-production-release-asset/84966990/2a489222-bf14-45f7-ba67-9dcd021a46ce?sp=r&sv=2018-11-09&sr=b&spr=https&se=2026-03-22T08%3A18%3A58Z&rscd=attachment%3B+filename%3Diana-etc-20260318.tar.gz&rsct=application%2Foctet-stream&skoid=96c2d410-5711-43a1-aedd-ab1947aa7ab0&sktid=398a6654-997b-47e9-b12b-9515b896b4de&skt=2026-03-22T07%3A18%3A34Z&ske=2026-03-22T08%3A18%3A58Z&sks=b&skv=2018-11-09&sig=Qk3wbcs1zOBu5%2FZatQhCZR4Bu0%2BxtIspM%2BN2ArzvTOw%3D&jwt=eyJ0eXAiOiJKV1QiLCJhbGciOiJIUzI1NiJ9.eyJpc3MiOiJnaXRodWIuY29tIiwiYXVkIjoicmVsZWFzZS1hc3NldHMuZ2l0aHVidXNlcmNvbnRlbnQuY29tIiwia2V5Ijoia2V5MSIsImV4cCI6MTc3NDE2NDk0OSwibmJmIjoxNzc0MTY0NjQ5LCJwYXRoIjoicmVsZWFzZWFzc2V0cHJvZHVjdGlvbi5ibG9iLmNvcmUud2luZG93cy5uZXQifQ.anuEKpBDT6OCpVheGvwIVZ-H6Gp4x7E-CIkm9ZhyIcU&response-content-disposition=attachment%3B%20filename%3Diana-etc-20260318.tar.gz&response-content-type=application%2Foctet-stream [following]
--2026-03-22 07:30:49--  https://release-assets.githubusercontent.com/github-production-release-asset/84966990/2a489222-bf14-45f7-ba67-9dcd021a46ce?sp=r&sv=2018-11-09&sr=b&spr=https&se=2026-03-22T08%3A18%3A58Z&rscd=attachment%3B+filename%3Diana-etc-20260318.tar.gz&rsct=application%2Foctet-stream&skoid=96c2d410-5711-43a1-aedd-ab1947aa7ab0&sktid=398a6654-997b-47e9-b12b-9515b896b4de&skt=2026-03-22T07%3A18%3A34Z&ske=2026-03-22T08%3A18%3A58Z&sks=b&skv=2018-11-09&sig=Qk3wbcs1zOBu5%2FZatQhCZR4Bu0%2BxtIspM%2BN2ArzvTOw%3D&jwt=eyJ0eXAiOiJKV1QiLCJhbGciOiJIUzI1NiJ9.eyJpc3MiOiJnaXRodWIuY29tIiwiYXVkIjoicmVsZWFzZS1hc3NldHMuZ2l0aHVidXNlcmNvbnRlbnQuY29tIiwia2V5Ijoia2V5MSIsImV4cCI6MTc3NDE2NDk0OSwibmJmIjoxNzc0MTY0NjQ5LCJwYXRoIjoicmVsZWFzZWFzc2V0cHJvZHVjdGlvbi5ibG9iLmNvcmUud2luZG93cy5uZXQifQ.anuEKpBDT6OCpVheGvwIVZ-H6Gp4x7E-CIkm9ZhyIcU&response-content-disposition=attachment%3B%20filename%3Diana-etc-20260318.tar.gz&response-content-type=application%2Foctet-stream
Resolving release-assets.githubusercontent.com (release-assets.githubusercontent.com)... 185.199.111.133, 185.199.108.133, 185.199.110.133, ...
Connecting to release-assets.githubusercontent.com (release-assets.githubusercontent.com)|185.199.111.133|:443... connected.
HTTP request sent, awaiting response... 200 OK
Length: 608446 (594K) [application/octet-stream]
Saving to: ‘iana-etc-20260318.tar.gz’

     0K .......... .......... .......... .......... ..........  8% 9.99M 0s
    50K .......... .......... .......... .......... .......... 16% 12.5M 0s
   100K .......... .......... .......... .......... .......... 25% 13.5M 0s
   150K .......... .......... .......... .......... .......... 33% 11.3M 0s
   200K .......... .......... .......... .......... .......... 42%  128M 0s
   250K .......... .......... .......... .......... .......... 50% 13.2M 0s
   300K .......... .......... .......... .......... .......... 58% 13.5M 0s
   350K .......... .......... .......... .......... .......... 67% 63.8M 0s
   400K .......... .......... .......... .......... .......... 75% 14.7M 0s
   450K .......... .......... .......... .......... .......... 84% 12.4M 0s
   500K .......... .......... .......... .......... .......... 92%  116M 0s
   550K .......... .......... .......... .......... ....      100%  133M=0.03s

2026-03-22 07:30:49 (17.5 MB/s) - ‘iana-etc-20260318.tar.gz’ saved [608446/608446]

iana-etc-20260318/service-names-port-numbers.xml
iana-etc-20260318/services
iana-etc-20260318/protocol-numbers.xml
iana-etc-20260318/protocols
iana-etc/
iana-etc/etc/
iana-etc/etc/protocols
iana-etc/etc/services
iana-etc/version
iana-etc/depends
iana-etc/make-depends
