--2026-03-22 07:28:19--  https://github.com/urllib3/urllib3/releases/download/2.6.3/urllib3-2.6.3.tar.gz
Resolving github.com (github.com)... 140.82.114.4
Connecting to github.com (github.com)|140.82.114.4|:443... connected.
HTTP request sent, awaiting response... 302 Found
Location: https://release-assets.githubusercontent.com/github-production-release-asset/2410676/894b4800-7ddb-4a9e-8794-21e19156ae10?sp=r&sv=2018-11-09&sr=b&spr=https&se=2026-03-22T08%3A09%3A19Z&rscd=attachment%3B+filename%3Durllib3-2.6.3.tar.gz&rsct=application%2Foctet-stream&skoid=96c2d410-5711-43a1-aedd-ab1947aa7ab0&sktid=398a6654-997b-47e9-b12b-9515b896b4de&skt=2026-03-22T07%3A08%3A38Z&ske=2026-03-22T08%3A09%3A19Z&sks=b&skv=2018-11-09&sig=nGkxro1ukg%2FGktaGotz%2BWBHf5zVOS1JZef5UvFCtJAk%3D&jwt=eyJ0eXAiOiJKV1QiLCJhbGciOiJIUzI1NiJ9.eyJpc3MiOiJnaXRodWIuY29tIiwiYXVkIjoicmVsZWFzZS1hc3NldHMuZ2l0aHVidXNlcmNvbnRlbnQuY29tIiwia2V5Ijoia2V5MSIsImV4cCI6MTc3NDE2NDc5OSwibmJmIjoxNzc0MTY0NDk5LCJwYXRoIjoicmVsZWFzZWFzc2V0cHJvZHVjdGlvbi5ibG9iLmNvcmUud2luZG93cy5uZXQifQ.ASyyR5D84WRHXU-SjwtBctPe3MyWRGNW2vQV4i6yHCE&response-content-disposition=attachment%3B%20filename%3Durllib3-2.6.3.tar.gz&response-content-type=application%2Foctet-stream [following]
--2026-03-22 07:28:19--  https://release-assets.githubusercontent.com/github-production-release-asset/2410676/894b4800-7ddb-4a9e-8794-21e19156ae10?sp=r&sv=2018-11-09&sr=b&spr=https&se=2026-03-22T08%3A09%3A19Z&rscd=attachment%3B+filename%3Durllib3-2.6.3.tar.gz&rsct=application%2Foctet-stream&skoid=96c2d410-5711-43a1-aedd-ab1947aa7ab0&sktid=398a6654-997b-47e9-b12b-9515b896b4de&skt=2026-03-22T07%3A08%3A38Z&ske=2026-03-22T08%3A09%3A19Z&sks=b&skv=2018-11-09&sig=nGkxro1ukg%2FGktaGotz%2BWBHf5zVOS1JZef5UvFCtJAk%3D&jwt=eyJ0eXAiOiJKV1QiLCJhbGciOiJIUzI1NiJ9.eyJpc3MiOiJnaXRodWIuY29tIiwiYXVkIjoicmVsZWFzZS1hc3NldHMuZ2l0aHVidXNlcmNvbnRlbnQuY29tIiwia2V5Ijoia2V5MSIsImV4cCI6MTc3NDE2NDc5OSwibmJmIjoxNzc0MTY0NDk5LCJwYXRoIjoicmVsZWFzZWFzc2V0cHJvZHVjdGlvbi5ibG9iLmNvcmUud2luZG93cy5uZXQifQ.ASyyR5D84WRHXU-SjwtBctPe3MyWRGNW2vQV4i6yHCE&response-content-disposition=attachment%3B%20filename%3Durllib3-2.6.3.tar.gz&response-content-type=application%2Foctet-stream
Resolving release-assets.githubusercontent.com (release-assets.githubusercontent.com)... 185.199.110.133, 185.199.109.133, 185.199.108.133, ...
Connecting to release-assets.githubusercontent.com (release-assets.githubusercontent.com)|185.199.110.133|:443... connected.
HTTP request sent, awaiting response... 200 OK
Length: 435556 (425K) [application/octet-stream]
Saving to: ‘urllib3-2.6.3.tar.gz’

     0K .......... .......... .......... .......... .......... 11% 7.37M 0s
    50K .......... .......... .......... .......... .......... 23% 24.8M 0s
   100K .......... .......... .......... .......... .......... 35% 8.47M 0s
   150K .......... .......... .......... .......... .......... 47% 94.5M 0s
   200K .......... .......... .......... .......... .......... 58%  111M 0s
   250K .......... .......... .......... .......... .......... 70% 91.0M 0s
   300K .......... .......... .......... .......... .......... 82% 15.9M 0s
   350K .......... .......... .......... .......... .......... 94% 12.9M 0s
   400K .......... .......... .....                           100%  390M=0.02s

2026-03-22 07:28:19 (18.2 MB/s) - ‘urllib3-2.6.3.tar.gz’ saved [435556/435556]

urllib3-2.6.3/CHANGES.rst
urllib3-2.6.3/uv.lock
urllib3-2.6.3/docs/Makefile
urllib3-2.6.3/docs/advanced-usage.rst
urllib3-2.6.3/docs/changelog.rst
urllib3-2.6.3/docs/conf.py
urllib3-2.6.3/docs/contributing.rst
urllib3-2.6.3/docs/index.rst
urllib3-2.6.3/docs/make.bat
urllib3-2.6.3/docs/sponsors.rst
urllib3-2.6.3/docs/user-guide.rst
urllib3-2.6.3/docs/v2-migration-guide.rst
urllib3-2.6.3/docs/_static/banner.svg
urllib3-2.6.3/docs/_static/banner_github.svg
urllib3-2.6.3/docs/_static/dark-logo.svg
urllib3-2.6.3/docs/images/demo-button.png
urllib3-2.6.3/docs/images/favicon.png
urllib3-2.6.3/docs/images/learn-more-button.png
urllib3-2.6.3/docs/images/logo.png
urllib3-2.6.3/docs/images/logo.svg
urllib3-2.6.3/docs/reference/index.rst
urllib3-2.6.3/docs/reference/urllib3.connection.rst
urllib3-2.6.3/docs/reference/urllib3.connectionpool.rst
urllib3-2.6.3/docs/reference/urllib3.exceptions.rst
urllib3-2.6.3/docs/reference/urllib3.fields.rst
urllib3-2.6.3/docs/reference/urllib3.poolmanager.rst
urllib3-2.6.3/docs/reference/urllib3.request.rst
urllib3-2.6.3/docs/reference/urllib3.response.rst
urllib3-2.6.3/docs/reference/urllib3.util.rst
urllib3-2.6.3/docs/reference/contrib/emscripten.rst
urllib3-2.6.3/docs/reference/contrib/index.rst
urllib3-2.6.3/docs/reference/contrib/pyopenssl.rst
urllib3-2.6.3/docs/reference/contrib/socks.rst
urllib3-2.6.3/dummyserver/__init__.py
urllib3-2.6.3/dummyserver/app.py
urllib3-2.6.3/dummyserver/asgi_proxy.py
urllib3-2.6.3/dummyserver/hypercornserver.py
urllib3-2.6.3/dummyserver/socketserver.py
urllib3-2.6.3/dummyserver/testcase.py
urllib3-2.6.3/dummyserver/certs/README.rst
urllib3-2.6.3/dummyserver/certs/cacert.key
urllib3-2.6.3/dummyserver/certs/cacert.pem
urllib3-2.6.3/dummyserver/certs/server.crt
urllib3-2.6.3/dummyserver/certs/server.key
urllib3-2.6.3/src/urllib3/__init__.py
urllib3-2.6.3/src/urllib3/_base_connection.py
urllib3-2.6.3/src/urllib3/_collections.py
urllib3-2.6.3/src/urllib3/_request_methods.py
urllib3-2.6.3/src/urllib3/_version.py
urllib3-2.6.3/src/urllib3/connection.py
urllib3-2.6.3/src/urllib3/connectionpool.py
urllib3-2.6.3/src/urllib3/exceptions.py
urllib3-2.6.3/src/urllib3/fields.py
urllib3-2.6.3/src/urllib3/filepost.py
urllib3-2.6.3/src/urllib3/poolmanager.py
urllib3-2.6.3/src/urllib3/py.typed
urllib3-2.6.3/src/urllib3/response.py
urllib3-2.6.3/src/urllib3/contrib/__init__.py
urllib3-2.6.3/src/urllib3/contrib/pyopenssl.py
urllib3-2.6.3/src/urllib3/contrib/socks.py
urllib3-2.6.3/src/urllib3/contrib/emscripten/__init__.py
urllib3-2.6.3/src/urllib3/contrib/emscripten/connection.py
urllib3-2.6.3/src/urllib3/contrib/emscripten/emscripten_fetch_worker.js
urllib3-2.6.3/src/urllib3/contrib/emscripten/fetch.py
urllib3-2.6.3/src/urllib3/contrib/emscripten/request.py
urllib3-2.6.3/src/urllib3/contrib/emscripten/response.py
urllib3-2.6.3/src/urllib3/http2/__init__.py
urllib3-2.6.3/src/urllib3/http2/connection.py
urllib3-2.6.3/src/urllib3/http2/probe.py
urllib3-2.6.3/src/urllib3/util/__init__.py
urllib3-2.6.3/src/urllib3/util/connection.py
urllib3-2.6.3/src/urllib3/util/proxy.py
urllib3-2.6.3/src/urllib3/util/request.py
urllib3-2.6.3/src/urllib3/util/response.py
urllib3-2.6.3/src/urllib3/util/retry.py
urllib3-2.6.3/src/urllib3/util/ssl_.py
urllib3-2.6.3/src/urllib3/util/ssl_match_hostname.py
urllib3-2.6.3/src/urllib3/util/ssltransport.py
urllib3-2.6.3/src/urllib3/util/timeout.py
urllib3-2.6.3/src/urllib3/util/url.py
urllib3-2.6.3/src/urllib3/util/util.py
urllib3-2.6.3/src/urllib3/util/wait.py
urllib3-2.6.3/test/__init__.py
urllib3-2.6.3/test/conftest.py
urllib3-2.6.3/test/port_helpers.py
urllib3-2.6.3/test/test_collections.py
urllib3-2.6.3/test/test_compatibility.py
urllib3-2.6.3/test/test_connection.py
urllib3-2.6.3/test/test_connectionpool.py
urllib3-2.6.3/test/test_exceptions.py
urllib3-2.6.3/test/test_fields.py
urllib3-2.6.3/test/test_filepost.py
urllib3-2.6.3/test/test_http2_connection.py
urllib3-2.6.3/test/test_no_ssl.py
urllib3-2.6.3/test/test_poolmanager.py
urllib3-2.6.3/test/test_proxymanager.py
urllib3-2.6.3/test/test_queue_monkeypatch.py
urllib3-2.6.3/test/test_response.py
urllib3-2.6.3/test/test_retry.py
urllib3-2.6.3/test/test_ssl.py
urllib3-2.6.3/test/test_ssltransport.py
urllib3-2.6.3/test/test_util.py
urllib3-2.6.3/test/test_wait.py
urllib3-2.6.3/test/tz_stub.py
urllib3-2.6.3/test/contrib/__init__.py
urllib3-2.6.3/test/contrib/duplicate_san.pem
urllib3-2.6.3/test/contrib/test_pyopenssl.py
urllib3-2.6.3/test/contrib/test_pyopenssl_dependencies.py
urllib3-2.6.3/test/contrib/test_socks.py
urllib3-2.6.3/test/contrib/emscripten/__init__.py
urllib3-2.6.3/test/contrib/emscripten/conftest.py
urllib3-2.6.3/test/contrib/emscripten/test_emscripten.py
urllib3-2.6.3/test/contrib/emscripten/templates/pyodide-console.html
urllib3-2.6.3/test/with_dummyserver/__init__.py
urllib3-2.6.3/test/with_dummyserver/test_chunked_transfer.py
urllib3-2.6.3/test/with_dummyserver/test_connection.py
urllib3-2.6.3/test/with_dummyserver/test_connectionpool.py
urllib3-2.6.3/test/with_dummyserver/test_https.py
urllib3-2.6.3/test/with_dummyserver/test_no_ssl.py
urllib3-2.6.3/test/with_dummyserver/test_poolmanager.py
urllib3-2.6.3/test/with_dummyserver/test_proxy_poolmanager.py
urllib3-2.6.3/test/with_dummyserver/test_socketlevel.py
urllib3-2.6.3/.gitignore
urllib3-2.6.3/LICENSE.txt
urllib3-2.6.3/README.md
urllib3-2.6.3/pyproject.toml
urllib3-2.6.3/PKG-INFO
* Building wheel...
Traceback (most recent call last):
  File "/usr/lib/python3.14/site-packages/pyproject_hooks/_in_process/_in_process.py", line 389, in <module>
    main()
    ~~~~^^
  File "/usr/lib/python3.14/site-packages/pyproject_hooks/_in_process/_in_process.py", line 373, in main
    json_out["return_val"] = hook(**hook_input["kwargs"])
                             ~~~~^^^^^^^^^^^^^^^^^^^^^^^^
  File "/usr/lib/python3.14/site-packages/pyproject_hooks/_in_process/_in_process.py", line 280, in build_wheel
    return _build_backend().build_wheel(
           ~~~~~~~~~~~~~~~~~~~~~~~~~~~~^
        wheel_directory, config_settings, metadata_directory
        ^^^^^^^^^^^^^^^^^^^^^^^^^^^^^^^^^^^^^^^^^^^^^^^^^^^^
    )
    ^
  File "/usr/lib/python3.14/site-packages/hatchling/build.py", line 58, in build_wheel
    return os.path.basename(next(builder.build(directory=wheel_directory, versions=['standard'])))
                            ~~~~^^^^^^^^^^^^^^^^^^^^^^^^^^^^^^^^^^^^^^^^^^^^^^^^^^^^^^^^^^^^^^^^^
  File "/usr/lib/python3.14/site-packages/hatchling/builders/plugin/interface.py", line 90, in build
    self.metadata.validate_fields()
    ~~~~~~~~~~~~~~~~~~~~~~~~~~~~~^^
  File "/usr/lib/python3.14/site-packages/hatchling/metadata/core.py", line 266, in validate_fields
    self.core.validate_fields()
    ~~~~~~~~~~~~~~~~~~~~~~~~~^^
  File "/usr/lib/python3.14/site-packages/hatchling/metadata/core.py", line 1366, in validate_fields
    getattr(self, attribute)
    ~~~~~~~^^^^^^^^^^^^^^^^^
  File "/usr/lib/python3.14/site-packages/hatchling/metadata/core.py", line 991, in classifiers
    raise ValueError(message)
ValueError: Unknown classifier in field `project.classifiers`: Programming Language :: Python :: 3.14

ERROR Backend subprocess exited when trying to invoke build_wheel
