--2025-10-05 10:20:35--  https://github.com/Mic92/iana-etc/releases/download/20250929/iana-etc-20250929.tar.gz
Resolving github.com (github.com)... 140.82.114.3
Connecting to github.com (github.com)|140.82.114.3|:443... connected.
HTTP request sent, awaiting response... 302 Found
Location: https://release-assets.githubusercontent.com/github-production-release-asset/84966990/9444a82a-ee47-49f0-82fd-e5e093c41522?sp=r&sv=2018-11-09&sr=b&spr=https&se=2025-10-05T11%3A06%3A40Z&rscd=attachment%3B+filename%3Diana-etc-20250929.tar.gz&rsct=application%2Foctet-stream&skoid=96c2d410-5711-43a1-aedd-ab1947aa7ab0&sktid=398a6654-997b-47e9-b12b-9515b896b4de&skt=2025-10-05T10%3A06%3A28Z&ske=2025-10-05T11%3A06%3A40Z&sks=b&skv=2018-11-09&sig=RePzgnk1U3PRzqaSeo3nxUcja9bWGFh4OgFtX%2B2Vblk%3D&jwt=eyJ0eXAiOiJKV1QiLCJhbGciOiJIUzI1NiJ9.eyJpc3MiOiJnaXRodWIuY29tIiwiYXVkIjoicmVsZWFzZS1hc3NldHMuZ2l0aHVidXNlcmNvbnRlbnQuY29tIiwia2V5Ijoia2V5MSIsImV4cCI6MTc1OTY1OTkzNiwibmJmIjoxNzU5NjU5NjM2LCJwYXRoIjoicmVsZWFzZWFzc2V0cHJvZHVjdGlvbi5ibG9iLmNvcmUud2luZG93cy5uZXQifQ.ObOohHtWQ0JNwGR3s0Z7FNYMnEt347exESQsEFMpT3c&response-content-disposition=attachment%3B%20filename%3Diana-etc-20250929.tar.gz&response-content-type=application%2Foctet-stream [following]
--2025-10-05 10:20:36--  https://release-assets.githubusercontent.com/github-production-release-asset/84966990/9444a82a-ee47-49f0-82fd-e5e093c41522?sp=r&sv=2018-11-09&sr=b&spr=https&se=2025-10-05T11%3A06%3A40Z&rscd=attachment%3B+filename%3Diana-etc-20250929.tar.gz&rsct=application%2Foctet-stream&skoid=96c2d410-5711-43a1-aedd-ab1947aa7ab0&sktid=398a6654-997b-47e9-b12b-9515b896b4de&skt=2025-10-05T10%3A06%3A28Z&ske=2025-10-05T11%3A06%3A40Z&sks=b&skv=2018-11-09&sig=RePzgnk1U3PRzqaSeo3nxUcja9bWGFh4OgFtX%2B2Vblk%3D&jwt=eyJ0eXAiOiJKV1QiLCJhbGciOiJIUzI1NiJ9.eyJpc3MiOiJnaXRodWIuY29tIiwiYXVkIjoicmVsZWFzZS1hc3NldHMuZ2l0aHVidXNlcmNvbnRlbnQuY29tIiwia2V5Ijoia2V5MSIsImV4cCI6MTc1OTY1OTkzNiwibmJmIjoxNzU5NjU5NjM2LCJwYXRoIjoicmVsZWFzZWFzc2V0cHJvZHVjdGlvbi5ibG9iLmNvcmUud2luZG93cy5uZXQifQ.ObOohHtWQ0JNwGR3s0Z7FNYMnEt347exESQsEFMpT3c&response-content-disposition=attachment%3B%20filename%3Diana-etc-20250929.tar.gz&response-content-type=application%2Foctet-stream
Resolving release-assets.githubusercontent.com (release-assets.githubusercontent.com)... 185.199.109.133, 185.199.111.133, 185.199.110.133, ...
Connecting to release-assets.githubusercontent.com (release-assets.githubusercontent.com)|185.199.109.133|:443... connected.
HTTP request sent, awaiting response... 200 OK
Length: 606865 (593K) [application/octet-stream]
Saving to: ‘iana-etc-20250929.tar.gz’

     0K .......... .......... .......... .......... ..........  8% 8.82M 0s
    50K .......... .......... .......... .......... .......... 16% 13.4M 0s
   100K .......... .......... .......... .......... .......... 25% 12.3M 0s
   150K .......... .......... .......... .......... .......... 33% 11.7M 0s
   200K .......... .......... .......... .......... .......... 42% 63.8M 0s
   250K .......... .......... .......... .......... .......... 50% 16.7M 0s
   300K .......... .......... .......... .......... .......... 59% 71.1M 0s
   350K .......... .......... .......... .......... .......... 67% 13.1M 0s
   400K .......... .......... .......... .......... .......... 75%  118M 0s
   450K .......... .......... .......... .......... .......... 84%  103M 0s
   500K .......... .......... .......... .......... .......... 92% 15.7M 0s
   550K .......... .......... .......... .......... ..        100%  117M=0.03s

2025-10-05 10:20:36 (19.4 MB/s) - ‘iana-etc-20250929.tar.gz’ saved [606865/606865]

iana-etc-20250929/service-names-port-numbers.xml
iana-etc-20250929/services
iana-etc-20250929/protocol-numbers.xml
iana-etc-20250929/protocols
iana-etc/
iana-etc/etc/
iana-etc/etc/protocols
iana-etc/etc/services
iana-etc/version
iana-etc/depends
iana-etc/make-depends
