--2025-12-10 08:23:36--  https://download.gnome.org/sources/libgsf/1.14/libgsf-1.14.54.tar.xz
Resolving download.gnome.org (download.gnome.org)... 2a02:6ea0:c400::53, 2a02:6ea0:c400::54, 79.127.206.207, ...
Connecting to download.gnome.org (download.gnome.org)|2a02:6ea0:c400::53|:443... connected.
HTTP request sent, awaiting response... 200 OK
Length: 705684 (689K) [application/octet-stream]
Saving to: ‘libgsf-1.14.54.tar.xz’

     0K .......... .......... .......... .......... ..........  7% 3.67M 0s
    50K .......... .......... .......... .......... .......... 14% 6.74M 0s
   100K .......... .......... .......... .......... .......... 21% 6.47M 0s
   150K .......... .......... .......... .......... .......... 29% 27.1M 0s
   200K .......... .......... .......... .......... .......... 36% 6.98M 0s
   250K .......... .......... .......... .......... .......... 43% 6.60M 0s
   300K .......... .......... .......... .......... .......... 50% 56.7M 0s
   350K .......... .......... .......... .......... .......... 58% 21.7M 0s
   400K .......... .......... .......... .......... .......... 65% 9.87M 0s
   450K .......... .......... .......... .......... .......... 72% 38.8M 0s
   500K .......... .......... .......... .......... .......... 79% 38.5M 0s
   550K .......... .......... .......... .......... .......... 87% 8.71M 0s
   600K .......... .......... .......... .......... .......... 94% 84.9M 0s
   650K .......... .......... .......... .........            100% 40.8M=0.06s

2025-12-10 08:23:36 (10.9 MB/s) - ‘libgsf-1.14.54.tar.xz’ saved [705684/705684]

libgsf-1.14.54/
libgsf-1.14.54/m4/
libgsf-1.14.54/m4/ax_is_release.m4
libgsf-1.14.54/m4/gettext.m4
libgsf-1.14.54/m4/gtk-doc.m4
libgsf-1.14.54/m4/host-cpu-c-abi.m4
libgsf-1.14.54/m4/iconv.m4
libgsf-1.14.54/m4/intlmacosx.m4
libgsf-1.14.54/m4/lib-ld.m4
libgsf-1.14.54/m4/lib-link.m4
libgsf-1.14.54/m4/lib-prefix.m4
libgsf-1.14.54/m4/libtool.m4
libgsf-1.14.54/m4/ltoptions.m4
libgsf-1.14.54/m4/ltsugar.m4
libgsf-1.14.54/m4/ltversion.m4
libgsf-1.14.54/m4/lt~obsolete.m4
libgsf-1.14.54/m4/nls.m4
libgsf-1.14.54/m4/pkg.m4
libgsf-1.14.54/m4/po.m4
libgsf-1.14.54/m4/progtest.m4
libgsf-1.14.54/msvc/
libgsf-1.14.54/msvc/dumpdef.pl
libgsf-1.14.54/Makefile.am
libgsf-1.14.54/configure
libgsf-1.14.54/acinclude.m4
libgsf-1.14.54/configure.ac
libgsf-1.14.54/aclocal.m4
libgsf-1.14.54/Makefile.in
libgsf-1.14.54/gsf-config.h.in
libgsf-1.14.54/libgsf-1.pc.in
libgsf-1.14.54/libgsf-win32-1.pc.in
libgsf-1.14.54/libgsf-zip.in
libgsf-1.14.54/ABOUT-NLS
libgsf-1.14.54/AUTHORS
libgsf-1.14.54/COPYING
libgsf-1.14.54/ChangeLog
libgsf-1.14.54/INSTALL
libgsf-1.14.54/NEWS
libgsf-1.14.54/README
libgsf-1.14.54/TODO
libgsf-1.14.54/compile
libgsf-1.14.54/config.guess
libgsf-1.14.54/config.rpath
libgsf-1.14.54/config.sub
libgsf-1.14.54/install-sh
libgsf-1.14.54/ltmain.sh
libgsf-1.14.54/missing
libgsf-1.14.54/BUGS
libgsf-1.14.54/HACKING
libgsf-1.14.54/po/
libgsf-1.14.54/po/Makefile.in.in
libgsf-1.14.54/po/remove-potcdate.sin
libgsf-1.14.54/po/quot.sed
libgsf-1.14.54/po/boldquot.sed
libgsf-1.14.54/po/en@quot.header
libgsf-1.14.54/po/en@boldquot.header
libgsf-1.14.54/po/insert-header.sin
libgsf-1.14.54/po/Rules-quot
libgsf-1.14.54/po/Makevars
libgsf-1.14.54/po/POTFILES.in
libgsf-1.14.54/po/as.po
libgsf-1.14.54/po/bs.po
libgsf-1.14.54/po/ca.po
libgsf-1.14.54/po/ca@valencia.po
libgsf-1.14.54/po/cs.po
libgsf-1.14.54/po/da.po
libgsf-1.14.54/po/de.po
libgsf-1.14.54/po/el.po
libgsf-1.14.54/po/en_GB.po
libgsf-1.14.54/po/eo.po
libgsf-1.14.54/po/es.po
libgsf-1.14.54/po/eu.po
libgsf-1.14.54/po/fi.po
libgsf-1.14.54/po/fr.po
libgsf-1.14.54/po/gl.po
libgsf-1.14.54/po/he.po
libgsf-1.14.54/po/hi.po
libgsf-1.14.54/po/hr.po
libgsf-1.14.54/po/hu.po
libgsf-1.14.54/po/id.po
libgsf-1.14.54/po/it.po
libgsf-1.14.54/po/ja.po
libgsf-1.14.54/po/ka.po
libgsf-1.14.54/po/ko.po
libgsf-1.14.54/po/lv.po
libgsf-1.14.54/po/lt.po
libgsf-1.14.54/po/ml.po
libgsf-1.14.54/po/nb.po
libgsf-1.14.54/po/nl.po
libgsf-1.14.54/po/nn.po
libgsf-1.14.54/po/oc.po
libgsf-1.14.54/po/pa.po
libgsf-1.14.54/po/pl.po
libgsf-1.14.54/po/pt.po
libgsf-1.14.54/po/pt_BR.po
libgsf-1.14.54/po/ro.po
libgsf-1.14.54/po/ru.po
libgsf-1.14.54/po/sk.po
libgsf-1.14.54/po/sl.po
libgsf-1.14.54/po/sr.po
libgsf-1.14.54/po/sr@latin.po
libgsf-1.14.54/po/sv.po
libgsf-1.14.54/po/ta.po
libgsf-1.14.54/po/tg.po
libgsf-1.14.54/po/th.po
libgsf-1.14.54/po/tr.po
libgsf-1.14.54/po/uk.po
libgsf-1.14.54/po/zh_CN.po
libgsf-1.14.54/po/zh_HK.po
libgsf-1.14.54/po/zh_TW.po
libgsf-1.14.54/po/as.gmo
libgsf-1.14.54/po/bs.gmo
libgsf-1.14.54/po/ca.gmo
libgsf-1.14.54/po/ca@valencia.gmo
libgsf-1.14.54/po/cs.gmo
libgsf-1.14.54/po/da.gmo
libgsf-1.14.54/po/de.gmo
libgsf-1.14.54/po/el.gmo
libgsf-1.14.54/po/en_GB.gmo
libgsf-1.14.54/po/eo.gmo
libgsf-1.14.54/po/es.gmo
libgsf-1.14.54/po/eu.gmo
libgsf-1.14.54/po/fi.gmo
libgsf-1.14.54/po/fr.gmo
libgsf-1.14.54/po/gl.gmo
libgsf-1.14.54/po/he.gmo
libgsf-1.14.54/po/hi.gmo
libgsf-1.14.54/po/hr.gmo
libgsf-1.14.54/po/hu.gmo
libgsf-1.14.54/po/id.gmo
libgsf-1.14.54/po/it.gmo
libgsf-1.14.54/po/ja.gmo
libgsf-1.14.54/po/ka.gmo
libgsf-1.14.54/po/ko.gmo
libgsf-1.14.54/po/lv.gmo
libgsf-1.14.54/po/lt.gmo
libgsf-1.14.54/po/ml.gmo
libgsf-1.14.54/po/nb.gmo
libgsf-1.14.54/po/nl.gmo
libgsf-1.14.54/po/nn.gmo
libgsf-1.14.54/po/oc.gmo
libgsf-1.14.54/po/pa.gmo
libgsf-1.14.54/po/pl.gmo
libgsf-1.14.54/po/pt.gmo
libgsf-1.14.54/po/pt_BR.gmo
libgsf-1.14.54/po/ro.gmo
libgsf-1.14.54/po/ru.gmo
libgsf-1.14.54/po/sk.gmo
libgsf-1.14.54/po/sl.gmo
libgsf-1.14.54/po/sr.gmo
libgsf-1.14.54/po/sr@latin.gmo
libgsf-1.14.54/po/sv.gmo
libgsf-1.14.54/po/ta.gmo
libgsf-1.14.54/po/tg.gmo
libgsf-1.14.54/po/th.gmo
libgsf-1.14.54/po/tr.gmo
libgsf-1.14.54/po/uk.gmo
libgsf-1.14.54/po/zh_CN.gmo
libgsf-1.14.54/po/zh_HK.gmo
libgsf-1.14.54/po/zh_TW.gmo
libgsf-1.14.54/po/libgsf.pot
libgsf-1.14.54/po/stamp-po
libgsf-1.14.54/po/ChangeLog
libgsf-1.14.54/po/LINGUAS
libgsf-1.14.54/gsf/
libgsf-1.14.54/gsf/Makefile.am
libgsf-1.14.54/gsf/gsf.h
libgsf-1.14.54/gsf/gsf-fwd.h
libgsf-1.14.54/gsf/gsf-utils.h
libgsf-1.14.54/gsf/gsf-libxml.h
libgsf-1.14.54/gsf/gsf-impl-utils.h
libgsf-1.14.54/gsf/gsf-doc-meta-data.h
libgsf-1.14.54/gsf/gsf-docprop-vector.h
libgsf-1.14.54/gsf/gsf-msole-utils.h
libgsf-1.14.54/gsf/gsf-open-pkg-utils.h
libgsf-1.14.54/gsf/gsf-opendoc-utils.h
libgsf-1.14.54/gsf/gsf-timestamp.h
libgsf-1.14.54/gsf/gsf-input.h
libgsf-1.14.54/gsf/gsf-input-impl.h
libgsf-1.14.54/gsf/gsf-input-bzip.h
libgsf-1.14.54/gsf/gsf-input-gzip.h
libgsf-1.14.54/gsf/gsf-input-http.h
libgsf-1.14.54/gsf/gsf-input-iochannel.h
libgsf-1.14.54/gsf/gsf-input-memory.h
libgsf-1.14.54/gsf/gsf-input-proxy.h
libgsf-1.14.54/gsf/gsf-input-stdio.h
libgsf-1.14.54/gsf/gsf-input-textline.h
libgsf-1.14.54/gsf/gsf-infile.h
libgsf-1.14.54/gsf/gsf-infile-impl.h
libgsf-1.14.54/gsf/gsf-infile-msole.h
libgsf-1.14.54/gsf/gsf-infile-msvba.h
libgsf-1.14.54/gsf/gsf-infile-stdio.h
libgsf-1.14.54/gsf/gsf-infile-tar.h
libgsf-1.14.54/gsf/gsf-infile-zip.h
libgsf-1.14.54/gsf/gsf-output.h
libgsf-1.14.54/gsf/gsf-output-impl.h
libgsf-1.14.54/gsf/gsf-output-bzip.h
libgsf-1.14.54/gsf/gsf-output-csv.h
libgsf-1.14.54/gsf/gsf-output-gzip.h
libgsf-1.14.54/gsf/gsf-output-iconv.h
libgsf-1.14.54/gsf/gsf-output-iochannel.h
libgsf-1.14.54/gsf/gsf-output-memory.h
libgsf-1.14.54/gsf/gsf-output-stdio.h
libgsf-1.14.54/gsf/gsf-outfile.h
libgsf-1.14.54/gsf/gsf-outfile-impl.h
libgsf-1.14.54/gsf/gsf-outfile-msole.h
libgsf-1.14.54/gsf/gsf-outfile-stdio.h
libgsf-1.14.54/gsf/gsf-outfile-zip.h
libgsf-1.14.54/gsf/gsf-shared-memory.h
libgsf-1.14.54/gsf/gsf-structured-blob.h
libgsf-1.14.54/gsf/gsf-meta-names.h
libgsf-1.14.54/gsf/gsf-blob.h
libgsf-1.14.54/gsf/gsf-clip-data.h
libgsf-1.14.54/gsf/gsf-input-gio.h
libgsf-1.14.54/gsf/gsf-output-gio.h
libgsf-1.14.54/gsf/gsf-msole-impl.h
libgsf-1.14.54/gsf/gsf-zip-impl.h
libgsf-1.14.54/gsf/gsf-priv.h
libgsf-1.14.54/gsf/Makefile.in
libgsf-1.14.54/gsf/version.c.in
libgsf-1.14.54/gsf/gsf-utils.c
libgsf-1.14.54/gsf/gsf-priv.c
libgsf-1.14.54/gsf/gsf-libxml.c
libgsf-1.14.54/gsf/gsf-doc-meta-data.c
libgsf-1.14.54/gsf/gsf-docprop-vector.c
libgsf-1.14.54/gsf/gsf-msole-utils.c
libgsf-1.14.54/gsf/gsf-open-pkg-utils.c
libgsf-1.14.54/gsf/gsf-opendoc-utils.c
libgsf-1.14.54/gsf/gsf-timestamp.c
libgsf-1.14.54/gsf/gsf-zip-utils.c
libgsf-1.14.54/gsf/gsf-input.c
libgsf-1.14.54/gsf/gsf-input-bzip.c
libgsf-1.14.54/gsf/gsf-input-gzip.c
libgsf-1.14.54/gsf/gsf-input-http.c
libgsf-1.14.54/gsf/gsf-input-iochannel.c
libgsf-1.14.54/gsf/gsf-input-memory.c
libgsf-1.14.54/gsf/gsf-input-proxy.c
libgsf-1.14.54/gsf/gsf-input-stdio.c
libgsf-1.14.54/gsf/gsf-input-textline.c
libgsf-1.14.54/gsf/gsf-infile.c
libgsf-1.14.54/gsf/gsf-infile-msole.c
libgsf-1.14.54/gsf/gsf-infile-msvba.c
libgsf-1.14.54/gsf/gsf-infile-stdio.c
libgsf-1.14.54/gsf/gsf-infile-tar.c
libgsf-1.14.54/gsf/gsf-infile-zip.c
libgsf-1.14.54/gsf/gsf-output.c
libgsf-1.14.54/gsf/gsf-output-bzip.c
libgsf-1.14.54/gsf/gsf-output-csv.c
libgsf-1.14.54/gsf/gsf-output-gzip.c
libgsf-1.14.54/gsf/gsf-output-iconv.c
libgsf-1.14.54/gsf/gsf-output-iochannel.c
libgsf-1.14.54/gsf/gsf-output-memory.c
libgsf-1.14.54/gsf/gsf-output-stdio.c
libgsf-1.14.54/gsf/gsf-outfile.c
libgsf-1.14.54/gsf/gsf-outfile-msole.c
libgsf-1.14.54/gsf/gsf-outfile-stdio.c
libgsf-1.14.54/gsf/gsf-outfile-zip.c
libgsf-1.14.54/gsf/gsf-shared-memory.c
libgsf-1.14.54/gsf/gsf-structured-blob.c
libgsf-1.14.54/gsf/gsf-blob.c
libgsf-1.14.54/gsf/gsf-clip-data.c
libgsf-1.14.54/gsf/gsf-input-gio.c
libgsf-1.14.54/gsf/gsf-output-gio.c
libgsf-1.14.54/gsf/version.c
libgsf-1.14.54/gsf/libgsf.syms
libgsf-1.14.54/depcomp
libgsf-1.14.54/gsf.mk
libgsf-1.14.54/gsf-win32/
libgsf-1.14.54/gsf-win32/Makefile.am
libgsf-1.14.54/gsf-win32/gsf-input-win32.h
libgsf-1.14.54/gsf-win32/gsf-output-win32.h
libgsf-1.14.54/gsf-win32/Makefile.in
libgsf-1.14.54/gsf-win32/gsf-input-win32.c
libgsf-1.14.54/gsf-win32/gsf-output-win32.c
libgsf-1.14.54/doc/
libgsf-1.14.54/doc/developer/
libgsf-1.14.54/doc/developer/blocksize.html
libgsf-1.14.54/doc/Makefile.am
libgsf-1.14.54/doc/Makefile.in
libgsf-1.14.54/doc/gsf-docs.xml
libgsf-1.14.54/doc/gsf-sections.txt
libgsf-1.14.54/doc/gsf-overrides.txt
libgsf-1.14.54/doc/gsf-vba-dump.1
libgsf-1.14.54/doc/gsf.1
libgsf-1.14.54/doc/gsf-office-thumbnailer.1
libgsf-1.14.54/doc/html/
libgsf-1.14.54/doc/html/io.html
libgsf-1.14.54/doc/html/misc.html
libgsf-1.14.54/doc/html/gsf.devhelp2
libgsf-1.14.54/doc/html/home.png
libgsf-1.14.54/doc/html/left-insensitive.png
libgsf-1.14.54/doc/html/left.png
libgsf-1.14.54/doc/html/right-insensitive.png
libgsf-1.14.54/doc/html/right.png
libgsf-1.14.54/doc/html/style.css
libgsf-1.14.54/doc/html/up-insensitive.png
libgsf-1.14.54/doc/html/up.png
libgsf-1.14.54/doc/html/annotation-glossary.html
libgsf-1.14.54/doc/html/api.html
libgsf-1.14.54/doc/html/gsf-Compression.html
libgsf-1.14.54/doc/html/gsf-GIO.html
libgsf-1.14.54/doc/html/gsf-GIOChannel.html
libgsf-1.14.54/doc/html/gsf-Infile-reading-structed-files.html
libgsf-1.14.54/doc/html/gsf-Input-from-unstructured-files.html
libgsf-1.14.54/doc/html/gsf-MS-OLE2.html
libgsf-1.14.54/doc/html/gsf-OASIS-Open-Document.html
libgsf-1.14.54/doc/html/gsf-Outfile-writing-structed-files.html
libgsf-1.14.54/doc/html/gsf-Output-to-unstructured-files.html
libgsf-1.14.54/doc/html/gsf-Reading-and-Writing-from-local-files-and-directories.html
libgsf-1.14.54/doc/html/gsf-Text.html
libgsf-1.14.54/doc/html/gsf-Utilities.html
libgsf-1.14.54/doc/html/gsf-XML-and-libxml.html
libgsf-1.14.54/doc/html/gsf-Zip.html
libgsf-1.14.54/doc/html/gsf-blobs.html
libgsf-1.14.54/doc/html/gsf-clip-data.html
libgsf-1.14.54/doc/html/gsf-index.html
libgsf-1.14.54/doc/html/gsf-memory.html
libgsf-1.14.54/doc/html/gsf-metadata.html
libgsf-1.14.54/doc/html/index.html
libgsf-1.14.54/doc/html/parsers.html
libgsf-1.14.54/doc/html/sources.html
libgsf-1.14.54/doc/gsf.types
libgsf-1.14.54/gtk-doc.make
libgsf-1.14.54/tools/
libgsf-1.14.54/tools/Makefile.am
libgsf-1.14.54/tools/Makefile.in
libgsf-1.14.54/tools/gsf.c
libgsf-1.14.54/tools/gsf-vba-dump.c
libgsf-1.14.54/tests/
libgsf-1.14.54/tests/Makefile.am
libgsf-1.14.54/tests/Makefile.in
libgsf-1.14.54/tests/test-bzip.c
libgsf-1.14.54/tests/test-cat-zip.c
libgsf-1.14.54/tests/test-cp.c
libgsf-1.14.54/tests/test-cp-msole.c
libgsf-1.14.54/tests/test-cp-zip.c
libgsf-1.14.54/tests/test-dump-msole.c
libgsf-1.14.54/tests/test-gio.c
libgsf-1.14.54/tests/test-gzip1.c
libgsf-1.14.54/tests/test-gzip2.c
libgsf-1.14.54/tests/test-http.c
libgsf-1.14.54/tests/test-input1.c
libgsf-1.14.54/tests/test-ls-zip.c
libgsf-1.14.54/tests/test-msole-dup.c
libgsf-1.14.54/tests/test-msole-printf.c
libgsf-1.14.54/tests/test-msole1.c
libgsf-1.14.54/tests/test-msole2.c
libgsf-1.14.54/tests/test-msvba.c
libgsf-1.14.54/tests/test-msvba-zip.c
libgsf-1.14.54/tests/test-out-bzip.c
libgsf-1.14.54/tests/test-out-gzip1.c
libgsf-1.14.54/tests/test-out-gzip2.c
libgsf-1.14.54/tests/test-out-printf.c
libgsf-1.14.54/tests/test-outmem-printf.c
libgsf-1.14.54/tests/test-restore-msole.c
libgsf-1.14.54/tests/test-textline.c
libgsf-1.14.54/tests/test-xml.c
libgsf-1.14.54/tests/test-zip-out.c
libgsf-1.14.54/tests/test-zip-out-subdirs.c
libgsf-1.14.54/tests/test-zip1.c
libgsf-1.14.54/tests/test-zip2.c
libgsf-1.14.54/tests/LibGsfTest.pm
libgsf-1.14.54/tests/common.supp
libgsf-1.14.54/tests/t1000-zip-single.pl
libgsf-1.14.54/tests/t1001-zip-multiple.pl
libgsf-1.14.54/tests/t1002-zip-aaaa.pl
libgsf-1.14.54/tests/t1003-zip-noise.pl
libgsf-1.14.54/tests/t1004-zip-zip64.pl
libgsf-1.14.54/tests/t1005-zip-nonseekable.pl
libgsf-1.14.54/tests/t8000-valgrind-zip.pl
libgsf-1.14.54/tests/t8020-valgrind-ole.pl
libgsf-1.14.54/tests/t9999-epilogue.pl
libgsf-1.14.54/test-driver
libgsf-1.14.54/thumbnailer/
libgsf-1.14.54/thumbnailer/Makefile.am
libgsf-1.14.54/thumbnailer/Makefile.in
libgsf-1.14.54/thumbnailer/main.c
libgsf-1.14.54/thumbnailer/gsf-office.thumbnailer
libgsf-1.14.54/python/
libgsf-1.14.54/python/Makefile.am
libgsf-1.14.54/python/Makefile.in
libgsf-1.14.54/python/test-cp-msole.py
autoreconf: export WARNINGS=
autoreconf: Entering directory '.'
autoreconf: running: autopoint --force
autopoint: using AM_GNU_GETTEXT_REQUIRE_VERSION instead of AM_GNU_GETTEXT_VERSION
Copying file config.rpath
Copying file m4/build-to-host.m4
Copying file m4/gettext.m4
Copying file m4/host-cpu-c-abi.m4
Copying file m4/iconv.m4
Copying file m4/intlmacosx.m4
Copying file m4/lib-ld.m4
Copying file m4/lib-link.m4
Copying file m4/lib-prefix.m4
Copying file m4/nls.m4
Copying file m4/po.m4
Copying file m4/progtest.m4
Copying file po/Makefile.in.in
Copying file po/Makevars.template
Copying file po/Rules-quot
Copying file po/boldquot.sed
Copying file po/en@boldquot.header
Copying file po/en@quot.header
Copying file po/insert-header.sed
Copying file po/quot.sed
Copying file po/remove-potcdate.sed
autoreconf: running: aclocal --force ${ACLOCAL_FLAGS}
configure.ac:56: warning: macro 'AM_GNU_GETTEXT_VERSION' not found in library
configure.ac:57: warning: macro 'AM_GNU_GETTEXT_REQUIRE_VERSION' not found in library
configure.ac:58: warning: macro 'AM_GNU_GETTEXT' not found in library
autoreconf: configure.ac: tracing
autoreconf: running: libtoolize --copy --force
libtoolize: putting auxiliary files in '.'.
libtoolize: copying file './ltmain.sh'
libtoolize: putting macros in AC_CONFIG_MACRO_DIRS, 'm4'.
libtoolize: copying file 'm4/libtool.m4'
libtoolize: copying file 'm4/ltoptions.m4'
libtoolize: copying file 'm4/ltsugar.m4'
libtoolize: copying file 'm4/ltversion.m4'
libtoolize: copying file 'm4/lt~obsolete.m4'
libtoolize: Consider adding '-I m4' to ACLOCAL_AMFLAGS in Makefile.am.
autoreconf: configure.ac: not using Intltool
autoreconf: running: gtkdocize --copy
autoreconf: running: aclocal --force ${ACLOCAL_FLAGS}
configure.ac:56: warning: macro 'AM_GNU_GETTEXT_VERSION' not found in library
configure.ac:57: warning: macro 'AM_GNU_GETTEXT_REQUIRE_VERSION' not found in library
configure.ac:58: warning: macro 'AM_GNU_GETTEXT' not found in library
autoreconf: running: /usr/bin/autoconf --force
autoreconf: running: /usr/bin/autoheader --force
autoreconf: running: automake --add-missing --copy --force-missing
configure.ac:45: installing './compile'
configure.ac:34: installing './missing'
gsf-win32/Makefile.am: installing './depcomp'
autoreconf: Leaving directory '.'
checking for a BSD-compatible install... /usr/bin/install -c
checking whether sleep supports fractional seconds... yes
checking filesystem timestamp resolution... 0.01
checking whether build environment is sane... yes
checking for a race-free mkdir -p... /usr/bin/mkdir -p
checking for gawk... gawk
checking whether make sets $(MAKE)... yes
checking whether make supports nested variables... yes
checking xargs -n works... yes
checking whether UID '0' is supported by ustar format... yes
checking whether GID '0' is supported by ustar format... yes
checking how to create a ustar tar archive... gnutar
checking whether to enable maintainer-specific portions of Makefiles... yes
checking for gcc... gcc
checking whether the C compiler works... yes
checking for C compiler default output file name... a.out
checking for suffix of executables... 
checking whether we are cross compiling... no
checking for suffix of object files... o
checking whether the compiler supports GNU C... yes
checking whether gcc accepts -g... yes
checking for gcc option to enable C11 features... none needed
checking whether gcc understands -c and -o together... yes
checking whether make supports the include directive... yes (GNU style)
checking dependency style of gcc... gcc3
checking whether make sets $(MAKE)... (cached) yes
checking build system type... x86_64-pc-linux-gnu
checking host system type... x86_64-pc-linux-gnu
checking how to print strings... printf
checking for a sed that does not truncate output... /usr/bin/sed
checking for grep that handles long lines and -e... /usr/bin/grep
checking for egrep... /usr/bin/grep -E
checking for fgrep... /usr/bin/grep -F
checking for ld used by gcc... /usr/bin/ld
checking if the linker (/usr/bin/ld) is GNU ld... yes
checking for BSD- or MS-compatible name lister (nm)... /usr/bin/nm -B
checking the name lister (/usr/bin/nm -B) interface... BSD nm
checking whether ln -s works... yes
checking the maximum length of command line arguments... 1572864
checking how to convert x86_64-pc-linux-gnu file names to x86_64-pc-linux-gnu format... func_convert_file_noop
checking how to convert x86_64-pc-linux-gnu file names to toolchain format... func_convert_file_noop
checking for /usr/bin/ld option to reload object files... -r
checking for file... file
checking for objdump... objdump
checking how to recognize dependent libraries... pass_all
checking for dlltool... no
checking how to associate runtime and link libraries... printf %s\n
checking for ranlib... ranlib
checking for ar... ar
checking for archiver @FILE support... @
checking for strip... strip
checking command to parse /usr/bin/nm -B output from gcc object... ok
checking for sysroot... no
checking for a working dd... /usr/bin/dd
checking how to truncate binary pipes... /usr/bin/dd bs=4096 count=1
checking for mt... mt
checking if mt is a manifest tool... no
checking for stdio.h... yes
checking for stdlib.h... yes
checking for string.h... yes
checking for inttypes.h... yes
checking for stdint.h... yes
checking for strings.h... yes
checking for sys/stat.h... yes
checking for sys/types.h... yes
checking for unistd.h... yes
checking for sys/param.h... yes
checking for dlfcn.h... yes
checking for objdir... .libs
checking if gcc supports -fno-rtti -fno-exceptions... no
checking for gcc option to produce PIC... -fPIC -DPIC
checking if gcc PIC flag -fPIC -DPIC works... yes
checking if gcc static flag -static works... yes
checking if gcc supports -c -o file.o... yes
checking if gcc supports -c -o file.o... (cached) yes
checking whether the gcc linker (/usr/bin/ld -m elf_x86_64) supports shared libraries... yes
checking whether -lc should be explicitly linked in... no
checking dynamic linker characteristics... GNU/Linux ld.so
checking how to hardcode library paths into programs... immediate
checking whether stripping libraries is possible... yes
checking if libtool supports shared libraries... yes
checking whether to build shared libraries... yes
checking whether to build static libraries... no
checking for declarations of fseeko and ftello... yes
checking for gcc option to enable large file support... none needed
checking for pkg-config... /usr/bin/pkg-config
checking whether NLS is requested... yes
checking for msgfmt... /usr/bin/msgfmt
checking for gmsgfmt... /usr/bin/msgfmt
checking for xgettext... /usr/bin/xgettext
checking for msgmerge... /usr/bin/msgmerge
checking for ld... /usr/bin/ld -m elf_x86_64
checking if the linker (/usr/bin/ld -m elf_x86_64) is GNU ld... yes
checking for shared library run path origin... done
checking 32-bit host C ABI... no
checking how to run the C preprocessor... gcc -E
checking for egrep -e... (cached) /usr/bin/grep -E
checking for ELF binary format... yes
checking for the common suffixes of directories in the library search path... lib,lib,lib
checking for CFPreferencesCopyAppValue... no
checking for CFLocaleCopyPreferredLanguages... no
checking for GNU gettext in libc... yes
checking whether to use NLS... yes
checking where the gettext function comes from... libc
checking pkg-config is at least version 0.9.0... yes
checking for 
    gobject-2.0 >= 2.62.0
    glib-2.0 >= 2.62.0
    gio-2.0 >= 2.62.0
    libxml-2.0 >= 2.4.16
... yes
checking for gobject-introspection... yes
checking whether gcc understands -Werror=unknown-warning-option... no
checking whether gcc understands -Wall... yes
checking whether gcc understands -Werror=init-self... yes
checking whether gcc understands -Werror=missing-include-dirs... yes
checking whether gcc understands -Wsign-compare... yes
checking whether gcc understands -Werror=pointer-arith... yes
checking whether gcc understands -Wchar-subscripts... yes
checking whether gcc understands -Wwrite-strings... yes
checking whether gcc understands -Wdeclaration-after-statement... yes
checking whether gcc understands -Wnested-externs... yes
checking whether gcc understands -Wmissing-noreturn... yes
checking whether gcc understands -Werror=missing-prototypes... yes
checking whether gcc understands -Werror=nested-externs... yes
checking whether gcc understands -Werror=implicit-function-declaration... yes
checking whether gcc understands -Wmissing-declarations... yes
checking whether gcc understands -Wno-pointer-sign... yes
checking whether gcc understands -Werror=format-security... yes
checking whether gcc understands -Wbitwise... no
checking whether gcc understands -Wcast-to-as... no
checking whether gcc understands -Wdefault-bitfield-sign... no
checking whether gcc understands -Wdo-while... no
checking whether gcc understands -Wparen-string... no
checking whether gcc understands -Wptr-subtraction-blows... no
checking whether gcc understands -Wreturn-void... no
checking whether gcc understands -Wtypesign... no
checking whether gcc understands -Wstrict-prototypes... yes
checking whether gcc understands -Wno-error=format-nonliteral... yes
checking for gcc options needed to detect all undeclared functions... none needed
checking whether fdopen is declared... yes
checking whether struct timeval is available... yes
checking for struct stat.st_mtimensec... no
checking for struct stat.st_mtim.tv_nsec... yes
checking whether -D_BSD_SOURCE is needed for caddr_t... no
checking whether -D_BSD_SOURCE is needed for lstat... no
checking for mode_t... yes
checking for fcntl.h... yes
checking for malloc.h... yes
checking for unistd.h... (cached) yes
checking for io.h... no
checking for sys/statfs.h... yes
checking for sys/param.h... (cached) yes
checking for sys/mount.h... yes
checking for utime.h... yes
checking for sys/utime.h... no
checking for getpagesize... yes
checking for working mmap... yes
checking form of statfs... 2-arg, linux-style
checking for chown... yes
checking for setrlimit... yes
checking for gmtime_r... yes
checking for gmtime... yes
checking for struct tm.tm_gmtoff... yes
checking for g_chown... no
checking for g_date_time_new_from_iso8601... yes
checking for g_date_time_format_iso8601... yes
checking for xmlNanoHTTPOpen... no
checking for xmlNanoHTTPClose... no
checking whether macro S_ISREG is available... yes
checking for Win32 platform... no
checking for gtk-doc... yes
checking for gtkdoc-check... gtkdoc-check.test
checking for gtkdoc-check... /usr/bin/gtkdoc-check
checking for gtkdoc-rebase... /usr/bin/gtkdoc-rebase
checking for gtkdoc-mkpdf... /usr/bin/gtkdoc-mkpdf
checking whether to build gtk-doc documentation... no
checking for glib-2.0 >= 2.10.0 gobject-2.0  >= 2.10.0... yes
checking for zlib.h... yes
checking for gzread in -lz... yes
checking usable libbz2... yes
checking for gdk-pixbuf-2.0... yes
checking that generated files are newer than configure... done
configure: creating ./config.status
config.status: creating Makefile
config.status: creating doc/Makefile
config.status: creating gsf/Makefile
config.status: creating gsf-win32/Makefile
config.status: creating python/Makefile
config.status: creating tests/Makefile
config.status: creating tools/Makefile
config.status: creating thumbnailer/Makefile
config.status: creating po/Makefile.in
config.status: creating gsf/version.c
config.status: creating libgsf-1.pc
config.status: creating libgsf-win32-1.pc
config.status: creating libgsf-zip
config.status: creating gsf-config.h
config.status: executing depfiles commands
config.status: executing libtool commands
config.status: executing po-directories commands
config.status: creating po/Makefile
Configured libgsf 1.14.54
make  all-recursive
make[1]: Entering directory '/blfs/builds/libgsf-1.14.54'
Making all in po
make[2]: Entering directory '/blfs/builds/libgsf-1.14.54/po'
make[2]: Nothing to be done for 'all'.
make[2]: Leaving directory '/blfs/builds/libgsf-1.14.54/po'
Making all in gsf
make[2]: Entering directory '/blfs/builds/libgsf-1.14.54/gsf'
  CC       gsf-utils.lo
  CC       gsf-msole-utils.lo
  CC       gsf-priv.lo
  CC       gsf-libxml.lo
  CC       gsf-open-pkg-utils.lo
  CC       gsf-doc-meta-data.lo
  CC       gsf-opendoc-utils.lo
  CC       gsf-docprop-vector.lo
  CC       gsf-timestamp.lo
  CC       gsf-zip-utils.lo
gsf-libxml.c: In function 'gsf_xml_parser_context_full':
gsf-libxml.c:324:17: warning: 'replaceEntities' is deprecated [-Wdeprecated-declarations]
  324 |                 res->replaceEntities = TRUE;
      |                 ^~~
In file included from ../gsf/gsf-libxml.h:26,
                 from gsf-libxml.c:23:
/usr/include/libxml2/libxml/parser.h:288:9: note: declared here
  288 |     int replaceEntities XML_DEPRECATED_MEMBER;
      |         ^~~~~~~~~~~~~~~
  CC       gsf-input.lo
  CC       gsf-input-bzip.lo
  CC       gsf-input-gzip.lo
  CC       gsf-input-http.lo
  CC       gsf-input-iochannel.lo
  CC       gsf-input-memory.lo
  CC       gsf-input-proxy.lo
  CC       gsf-input-stdio.lo
  CC       gsf-input-textline.lo
  CC       gsf-infile.lo
  CC       gsf-infile-msole.lo
  CC       gsf-infile-msvba.lo
  CC       gsf-infile-stdio.lo
  CC       gsf-infile-tar.lo
  CC       gsf-infile-zip.lo
  CC       gsf-output.lo
  CC       gsf-output-bzip.lo
  CC       gsf-output-csv.lo
  CC       gsf-output-iconv.lo
  CC       gsf-output-stdio.lo
  CC       gsf-output-gzip.lo
  CC       gsf-output-iochannel.lo
  CC       gsf-output-memory.lo
  CC       gsf-outfile.lo
  CC       gsf-outfile-msole.lo
  CC       gsf-outfile-stdio.lo
  CC       gsf-outfile-zip.lo
  CC       gsf-shared-memory.lo
  CC       gsf-structured-blob.lo
  CC       gsf-blob.lo
  CC       gsf-clip-data.lo
  CC       gsf-input-gio.lo
  CC       gsf-output-gio.lo
  CC       version.lo
  CCLD     libgsf-1.la
  GISCAN   Gsf-1.gir
/blfs/builds/libgsf-1.14.54/gsf/tmp-introspecttml42glb/Gsf-1.c: In function ‘dump_properties’:
/blfs/builds/libgsf-1.14.54/gsf/tmp-introspecttml42glb/Gsf-1.c:287:7: warning: ISO C90 forbids mixed declarations and code [-Wdeclaration-after-statement]
  287 |       const GValue *v = g_param_spec_get_default_value (prop);
      |       ^~~~~
/blfs/builds/libgsf-1.14.54/gsf/tmp-introspecttml42glb/Gsf-1.c: In function ‘dump_irepository’:
/blfs/builds/libgsf-1.14.54/gsf/tmp-introspecttml42glb/Gsf-1.c:654:3: warning: ISO C90 forbids mixed declarations and code [-Wdeclaration-after-statement]
  654 |   const char *input_filename = args[0];
      |   ^~~~~
  GICOMP   Gsf-1.gir
make[2]: Leaving directory '/blfs/builds/libgsf-1.14.54/gsf'
Making all in gsf-win32
make[2]: Entering directory '/blfs/builds/libgsf-1.14.54/gsf-win32'
make[2]: Nothing to be done for 'all'.
make[2]: Leaving directory '/blfs/builds/libgsf-1.14.54/gsf-win32'
Making all in doc
make[2]: Entering directory '/blfs/builds/libgsf-1.14.54/doc'
make[2]: Nothing to be done for 'all'.
make[2]: Leaving directory '/blfs/builds/libgsf-1.14.54/doc'
Making all in tools
make[2]: Entering directory '/blfs/builds/libgsf-1.14.54/tools'
  CC       gsf.o
  CC       gsf-vba-dump.o
  CCLD     gsf-vba-dump
  CCLD     gsf
make[2]: Leaving directory '/blfs/builds/libgsf-1.14.54/tools'
Making all in tests
make[2]: Entering directory '/blfs/builds/libgsf-1.14.54/tests'
make[2]: Nothing to be done for 'all'.
make[2]: Leaving directory '/blfs/builds/libgsf-1.14.54/tests'
Making all in thumbnailer
make[2]: Entering directory '/blfs/builds/libgsf-1.14.54/thumbnailer'
  CC       main.o
  CCLD     gsf-office-thumbnailer
make[2]: Leaving directory '/blfs/builds/libgsf-1.14.54/thumbnailer'
Making all in python
make[2]: Entering directory '/blfs/builds/libgsf-1.14.54/python'
make[2]: Nothing to be done for 'all'.
make[2]: Leaving directory '/blfs/builds/libgsf-1.14.54/python'
make[2]: Entering directory '/blfs/builds/libgsf-1.14.54'
make[2]: Leaving directory '/blfs/builds/libgsf-1.14.54'
make[1]: Leaving directory '/blfs/builds/libgsf-1.14.54'
Making install in po
make[1]: Entering directory '/blfs/builds/libgsf-1.14.54/po'
installing as.gmo as /pkgs/libgsf/usr/share/locale/as/LC_MESSAGES/libgsf.mo
installing bs.gmo as /pkgs/libgsf/usr/share/locale/bs/LC_MESSAGES/libgsf.mo
installing ca.gmo as /pkgs/libgsf/usr/share/locale/ca/LC_MESSAGES/libgsf.mo
installing ca@valencia.gmo as /pkgs/libgsf/usr/share/locale/ca@valencia/LC_MESSAGES/libgsf.mo
installing cs.gmo as /pkgs/libgsf/usr/share/locale/cs/LC_MESSAGES/libgsf.mo
installing da.gmo as /pkgs/libgsf/usr/share/locale/da/LC_MESSAGES/libgsf.mo
installing de.gmo as /pkgs/libgsf/usr/share/locale/de/LC_MESSAGES/libgsf.mo
installing el.gmo as /pkgs/libgsf/usr/share/locale/el/LC_MESSAGES/libgsf.mo
installing en_GB.gmo as /pkgs/libgsf/usr/share/locale/en_GB/LC_MESSAGES/libgsf.mo
installing eo.gmo as /pkgs/libgsf/usr/share/locale/eo/LC_MESSAGES/libgsf.mo
installing es.gmo as /pkgs/libgsf/usr/share/locale/es/LC_MESSAGES/libgsf.mo
installing eu.gmo as /pkgs/libgsf/usr/share/locale/eu/LC_MESSAGES/libgsf.mo
installing fi.gmo as /pkgs/libgsf/usr/share/locale/fi/LC_MESSAGES/libgsf.mo
installing fr.gmo as /pkgs/libgsf/usr/share/locale/fr/LC_MESSAGES/libgsf.mo
installing gl.gmo as /pkgs/libgsf/usr/share/locale/gl/LC_MESSAGES/libgsf.mo
installing he.gmo as /pkgs/libgsf/usr/share/locale/he/LC_MESSAGES/libgsf.mo
installing hi.gmo as /pkgs/libgsf/usr/share/locale/hi/LC_MESSAGES/libgsf.mo
installing hr.gmo as /pkgs/libgsf/usr/share/locale/hr/LC_MESSAGES/libgsf.mo
installing hu.gmo as /pkgs/libgsf/usr/share/locale/hu/LC_MESSAGES/libgsf.mo
installing id.gmo as /pkgs/libgsf/usr/share/locale/id/LC_MESSAGES/libgsf.mo
installing it.gmo as /pkgs/libgsf/usr/share/locale/it/LC_MESSAGES/libgsf.mo
installing ja.gmo as /pkgs/libgsf/usr/share/locale/ja/LC_MESSAGES/libgsf.mo
installing ka.gmo as /pkgs/libgsf/usr/share/locale/ka/LC_MESSAGES/libgsf.mo
installing ko.gmo as /pkgs/libgsf/usr/share/locale/ko/LC_MESSAGES/libgsf.mo
installing lv.gmo as /pkgs/libgsf/usr/share/locale/lv/LC_MESSAGES/libgsf.mo
installing lt.gmo as /pkgs/libgsf/usr/share/locale/lt/LC_MESSAGES/libgsf.mo
installing ml.gmo as /pkgs/libgsf/usr/share/locale/ml/LC_MESSAGES/libgsf.mo
installing nb.gmo as /pkgs/libgsf/usr/share/locale/nb/LC_MESSAGES/libgsf.mo
installing nl.gmo as /pkgs/libgsf/usr/share/locale/nl/LC_MESSAGES/libgsf.mo
installing nn.gmo as /pkgs/libgsf/usr/share/locale/nn/LC_MESSAGES/libgsf.mo
installing oc.gmo as /pkgs/libgsf/usr/share/locale/oc/LC_MESSAGES/libgsf.mo
installing pa.gmo as /pkgs/libgsf/usr/share/locale/pa/LC_MESSAGES/libgsf.mo
installing pl.gmo as /pkgs/libgsf/usr/share/locale/pl/LC_MESSAGES/libgsf.mo
installing pt.gmo as /pkgs/libgsf/usr/share/locale/pt/LC_MESSAGES/libgsf.mo
installing pt_BR.gmo as /pkgs/libgsf/usr/share/locale/pt_BR/LC_MESSAGES/libgsf.mo
installing ro.gmo as /pkgs/libgsf/usr/share/locale/ro/LC_MESSAGES/libgsf.mo
installing ru.gmo as /pkgs/libgsf/usr/share/locale/ru/LC_MESSAGES/libgsf.mo
installing sk.gmo as /pkgs/libgsf/usr/share/locale/sk/LC_MESSAGES/libgsf.mo
installing sl.gmo as /pkgs/libgsf/usr/share/locale/sl/LC_MESSAGES/libgsf.mo
installing sr.gmo as /pkgs/libgsf/usr/share/locale/sr/LC_MESSAGES/libgsf.mo
installing sr@latin.gmo as /pkgs/libgsf/usr/share/locale/sr@latin/LC_MESSAGES/libgsf.mo
installing sv.gmo as /pkgs/libgsf/usr/share/locale/sv/LC_MESSAGES/libgsf.mo
installing ta.gmo as /pkgs/libgsf/usr/share/locale/ta/LC_MESSAGES/libgsf.mo
installing tg.gmo as /pkgs/libgsf/usr/share/locale/tg/LC_MESSAGES/libgsf.mo
installing th.gmo as /pkgs/libgsf/usr/share/locale/th/LC_MESSAGES/libgsf.mo
installing tr.gmo as /pkgs/libgsf/usr/share/locale/tr/LC_MESSAGES/libgsf.mo
installing uk.gmo as /pkgs/libgsf/usr/share/locale/uk/LC_MESSAGES/libgsf.mo
installing zh_CN.gmo as /pkgs/libgsf/usr/share/locale/zh_CN/LC_MESSAGES/libgsf.mo
installing zh_HK.gmo as /pkgs/libgsf/usr/share/locale/zh_HK/LC_MESSAGES/libgsf.mo
installing zh_TW.gmo as /pkgs/libgsf/usr/share/locale/zh_TW/LC_MESSAGES/libgsf.mo
if test "libgsf" = "gettext-tools"; then \
  /usr/bin/mkdir -p /pkgs/libgsf/usr/share/gettext/po; \
  for file in Makefile.in.in remove-potcdate.sed quot.sed boldquot.sed en@quot.header en@boldquot.header insert-header.sed Rules-quot      Makevars.template; do \
    /usr/bin/install -c -m 644 ./$file \
		    /pkgs/libgsf/usr/share/gettext/po/$file; \
  done; \
  for file in Makevars; do \
    rm -f /pkgs/libgsf/usr/share/gettext/po/$file; \
  done; \
else \
  : ; \
fi
make[1]: Leaving directory '/blfs/builds/libgsf-1.14.54/po'
Making install in gsf
make[1]: Entering directory '/blfs/builds/libgsf-1.14.54/gsf'
make[2]: Entering directory '/blfs/builds/libgsf-1.14.54/gsf'
 /usr/bin/mkdir -p '/pkgs/libgsf/usr/lib'
 /bin/sh ../libtool   --mode=install /usr/bin/install -c   libgsf-1.la '/pkgs/libgsf/usr/lib'
libtool: install: /usr/bin/install -c .libs/libgsf-1.so.114.0.54 /pkgs/libgsf/usr/lib/libgsf-1.so.114.0.54
libtool: install: (cd /pkgs/libgsf/usr/lib && { ln -s -f libgsf-1.so.114.0.54 libgsf-1.so.114 || { rm -f libgsf-1.so.114 && ln -s libgsf-1.so.114.0.54 libgsf-1.so.114; }; })
libtool: install: (cd /pkgs/libgsf/usr/lib && { ln -s -f libgsf-1.so.114.0.54 libgsf-1.so || { rm -f libgsf-1.so && ln -s libgsf-1.so.114.0.54 libgsf-1.so; }; })
libtool: install: /usr/bin/install -c .libs/libgsf-1.lai /pkgs/libgsf/usr/lib/libgsf-1.la
libtool: warning: remember to run 'libtool --finish /usr/lib'
 /usr/bin/mkdir -p '/pkgs/libgsf/usr/share/gir-1.0'
 /usr/bin/install -c -m 644 Gsf-1.gir '/pkgs/libgsf/usr/share/gir-1.0'
 /usr/bin/mkdir -p '/pkgs/libgsf/usr/include/libgsf-1/gsf'
 /usr/bin/install -c -m 644 gsf.h gsf-fwd.h gsf-utils.h gsf-libxml.h gsf-impl-utils.h gsf-doc-meta-data.h gsf-docprop-vector.h gsf-msole-utils.h gsf-open-pkg-utils.h gsf-opendoc-utils.h gsf-timestamp.h gsf-input.h gsf-input-impl.h gsf-input-bzip.h gsf-input-gzip.h gsf-input-http.h gsf-input-iochannel.h gsf-input-memory.h gsf-input-proxy.h gsf-input-stdio.h gsf-input-textline.h gsf-infile.h gsf-infile-impl.h gsf-infile-msole.h gsf-infile-msvba.h gsf-infile-stdio.h gsf-infile-tar.h gsf-infile-zip.h gsf-output.h gsf-output-impl.h gsf-output-bzip.h gsf-output-csv.h gsf-output-gzip.h gsf-output-iconv.h gsf-output-iochannel.h gsf-output-memory.h gsf-output-stdio.h gsf-outfile.h gsf-outfile-impl.h gsf-outfile-msole.h '/pkgs/libgsf/usr/include/libgsf-1/gsf'
 /usr/bin/install -c -m 644 gsf-outfile-stdio.h gsf-outfile-zip.h gsf-shared-memory.h gsf-structured-blob.h gsf-meta-names.h gsf-blob.h gsf-clip-data.h gsf-input-gio.h gsf-output-gio.h '/pkgs/libgsf/usr/include/libgsf-1/gsf'
 /usr/bin/mkdir -p '/pkgs/libgsf/usr/lib/girepository-1.0'
 /usr/bin/install -c -m 644 Gsf-1.typelib '/pkgs/libgsf/usr/lib/girepository-1.0'
make[2]: Leaving directory '/blfs/builds/libgsf-1.14.54/gsf'
make[1]: Leaving directory '/blfs/builds/libgsf-1.14.54/gsf'
Making install in gsf-win32
make[1]: Entering directory '/blfs/builds/libgsf-1.14.54/gsf-win32'
make[2]: Entering directory '/blfs/builds/libgsf-1.14.54/gsf-win32'
make[2]: Leaving directory '/blfs/builds/libgsf-1.14.54/gsf-win32'
make[1]: Leaving directory '/blfs/builds/libgsf-1.14.54/gsf-win32'
Making install in doc
make[1]: Entering directory '/blfs/builds/libgsf-1.14.54/doc'
make[2]: Entering directory '/blfs/builds/libgsf-1.14.54/doc'
make[2]: Nothing to be done for 'install-exec-am'.
 /usr/bin/install -c -m 644 ./html/annotation-glossary.html
 /usr/bin/install -c -m 644 ./html/api.html
 /usr/bin/install -c -m 644 ./html/gsf-blobs.html
 /usr/bin/install -c -m 644 ./html/gsf-clip-data.html
 /usr/bin/install -c -m 644 ./html/gsf-Compression.html
 /usr/bin/install -c -m 644 ./html/gsf.devhelp2
 /usr/bin/install -c -m 644 ./html/gsf-GIOChannel.html
 /usr/bin/install -c -m 644 ./html/gsf-GIO.html
 /usr/bin/install -c -m 644 ./html/gsf-index.html
 /usr/bin/install -c -m 644 ./html/gsf-Infile-reading-structed-files.html
 /usr/bin/install -c -m 644 ./html/gsf-Input-from-unstructured-files.html
 /usr/bin/install -c -m 644 ./html/gsf-memory.html
 /usr/bin/install -c -m 644 ./html/gsf-metadata.html
 /usr/bin/install -c -m 644 ./html/gsf-MS-OLE2.html
 /usr/bin/install -c -m 644 ./html/gsf-OASIS-Open-Document.html
 /usr/bin/install -c -m 644 ./html/gsf-Outfile-writing-structed-files.html
 /usr/bin/install -c -m 644 ./html/gsf-Output-to-unstructured-files.html
 /usr/bin/install -c -m 644 ./html/gsf-Reading-and-Writing-from-local-files-and-directories.html
 /usr/bin/install -c -m 644 ./html/gsf-Text.html
 /usr/bin/install -c -m 644 ./html/gsf-Utilities.html
 /usr/bin/install -c -m 644 ./html/gsf-XML-and-libxml.html
 /usr/bin/install -c -m 644 ./html/gsf-Zip.html
 /usr/bin/install -c -m 644 ./html/home.png
 /usr/bin/install -c -m 644 ./html/index.html
 /usr/bin/install -c -m 644 ./html/io.html
 /usr/bin/install -c -m 644 ./html/left-insensitive.png
 /usr/bin/install -c -m 644 ./html/left.png
 /usr/bin/install -c -m 644 ./html/misc.html
 /usr/bin/install -c -m 644 ./html/parsers.html
 /usr/bin/install -c -m 644 ./html/right-insensitive.png
 /usr/bin/install -c -m 644 ./html/right.png
 /usr/bin/install -c -m 644 ./html/sources.html
 /usr/bin/install -c -m 644 ./html/style.css
 /usr/bin/install -c -m 644 ./html/up-insensitive.png
 /usr/bin/install -c -m 644 ./html/up.png
 /usr/bin/mkdir -p '/pkgs/libgsf/usr/share/man/man1'
 /usr/bin/install -c -m 644 gsf-vba-dump.1 gsf.1 gsf-office-thumbnailer.1 '/pkgs/libgsf/usr/share/man/man1'
make[2]: Leaving directory '/blfs/builds/libgsf-1.14.54/doc'
make[1]: Leaving directory '/blfs/builds/libgsf-1.14.54/doc'
Making install in tools
make[1]: Entering directory '/blfs/builds/libgsf-1.14.54/tools'
make[2]: Entering directory '/blfs/builds/libgsf-1.14.54/tools'
 /usr/bin/mkdir -p '/pkgs/libgsf/usr/bin'
  /bin/sh ../libtool   --mode=install /usr/bin/install -c gsf gsf-vba-dump '/pkgs/libgsf/usr/bin'
libtool: install: /usr/bin/install -c .libs/gsf /pkgs/libgsf/usr/bin/gsf
libtool: install: /usr/bin/install -c .libs/gsf-vba-dump /pkgs/libgsf/usr/bin/gsf-vba-dump
make[2]: Nothing to be done for 'install-data-am'.
make[2]: Leaving directory '/blfs/builds/libgsf-1.14.54/tools'
make[1]: Leaving directory '/blfs/builds/libgsf-1.14.54/tools'
Making install in tests
make[1]: Entering directory '/blfs/builds/libgsf-1.14.54/tests'
make[2]: Entering directory '/blfs/builds/libgsf-1.14.54/tests'
make[2]: Nothing to be done for 'install-exec-am'.
make[2]: Nothing to be done for 'install-data-am'.
make[2]: Leaving directory '/blfs/builds/libgsf-1.14.54/tests'
make[1]: Leaving directory '/blfs/builds/libgsf-1.14.54/tests'
Making install in thumbnailer
make[1]: Entering directory '/blfs/builds/libgsf-1.14.54/thumbnailer'
make[2]: Entering directory '/blfs/builds/libgsf-1.14.54/thumbnailer'
 /usr/bin/mkdir -p '/pkgs/libgsf/usr/bin'
  /bin/sh ../libtool   --mode=install /usr/bin/install -c gsf-office-thumbnailer '/pkgs/libgsf/usr/bin'
libtool: install: /usr/bin/install -c .libs/gsf-office-thumbnailer /pkgs/libgsf/usr/bin/gsf-office-thumbnailer
 /usr/bin/mkdir -p '/pkgs/libgsf/usr/share/thumbnailers'
 /usr/bin/install -c -m 644 gsf-office.thumbnailer '/pkgs/libgsf/usr/share/thumbnailers'
make[2]: Leaving directory '/blfs/builds/libgsf-1.14.54/thumbnailer'
make[1]: Leaving directory '/blfs/builds/libgsf-1.14.54/thumbnailer'
Making install in python
make[1]: Entering directory '/blfs/builds/libgsf-1.14.54/python'
make[2]: Entering directory '/blfs/builds/libgsf-1.14.54/python'
make[2]: Nothing to be done for 'install-exec-am'.
make[2]: Nothing to be done for 'install-data-am'.
make[2]: Leaving directory '/blfs/builds/libgsf-1.14.54/python'
make[1]: Leaving directory '/blfs/builds/libgsf-1.14.54/python'
make[1]: Entering directory '/blfs/builds/libgsf-1.14.54'
make[2]: Entering directory '/blfs/builds/libgsf-1.14.54'
make[2]: Nothing to be done for 'install-exec-am'.
 /usr/bin/mkdir -p '/pkgs/libgsf/usr/lib/pkgconfig'
 /usr/bin/install -c -m 644 libgsf-1.pc '/pkgs/libgsf/usr/lib/pkgconfig'
make[2]: Leaving directory '/blfs/builds/libgsf-1.14.54'
make[1]: Leaving directory '/blfs/builds/libgsf-1.14.54'
Making install in po
make[1]: Entering directory '/blfs/builds/libgsf-1.14.54/po'
installing as.gmo as /usr/share/locale/as/LC_MESSAGES/libgsf.mo
installing bs.gmo as /usr/share/locale/bs/LC_MESSAGES/libgsf.mo
installing ca.gmo as /usr/share/locale/ca/LC_MESSAGES/libgsf.mo
installing ca@valencia.gmo as /usr/share/locale/ca@valencia/LC_MESSAGES/libgsf.mo
installing cs.gmo as /usr/share/locale/cs/LC_MESSAGES/libgsf.mo
installing da.gmo as /usr/share/locale/da/LC_MESSAGES/libgsf.mo
installing de.gmo as /usr/share/locale/de/LC_MESSAGES/libgsf.mo
installing el.gmo as /usr/share/locale/el/LC_MESSAGES/libgsf.mo
installing en_GB.gmo as /usr/share/locale/en_GB/LC_MESSAGES/libgsf.mo
installing eo.gmo as /usr/share/locale/eo/LC_MESSAGES/libgsf.mo
installing es.gmo as /usr/share/locale/es/LC_MESSAGES/libgsf.mo
installing eu.gmo as /usr/share/locale/eu/LC_MESSAGES/libgsf.mo
installing fi.gmo as /usr/share/locale/fi/LC_MESSAGES/libgsf.mo
installing fr.gmo as /usr/share/locale/fr/LC_MESSAGES/libgsf.mo
installing gl.gmo as /usr/share/locale/gl/LC_MESSAGES/libgsf.mo
installing he.gmo as /usr/share/locale/he/LC_MESSAGES/libgsf.mo
installing hi.gmo as /usr/share/locale/hi/LC_MESSAGES/libgsf.mo
installing hr.gmo as /usr/share/locale/hr/LC_MESSAGES/libgsf.mo
installing hu.gmo as /usr/share/locale/hu/LC_MESSAGES/libgsf.mo
installing id.gmo as /usr/share/locale/id/LC_MESSAGES/libgsf.mo
installing it.gmo as /usr/share/locale/it/LC_MESSAGES/libgsf.mo
installing ja.gmo as /usr/share/locale/ja/LC_MESSAGES/libgsf.mo
installing ka.gmo as /usr/share/locale/ka/LC_MESSAGES/libgsf.mo
installing ko.gmo as /usr/share/locale/ko/LC_MESSAGES/libgsf.mo
installing lv.gmo as /usr/share/locale/lv/LC_MESSAGES/libgsf.mo
installing lt.gmo as /usr/share/locale/lt/LC_MESSAGES/libgsf.mo
installing ml.gmo as /usr/share/locale/ml/LC_MESSAGES/libgsf.mo
installing nb.gmo as /usr/share/locale/nb/LC_MESSAGES/libgsf.mo
installing nl.gmo as /usr/share/locale/nl/LC_MESSAGES/libgsf.mo
installing nn.gmo as /usr/share/locale/nn/LC_MESSAGES/libgsf.mo
installing oc.gmo as /usr/share/locale/oc/LC_MESSAGES/libgsf.mo
installing pa.gmo as /usr/share/locale/pa/LC_MESSAGES/libgsf.mo
installing pl.gmo as /usr/share/locale/pl/LC_MESSAGES/libgsf.mo
installing pt.gmo as /usr/share/locale/pt/LC_MESSAGES/libgsf.mo
installing pt_BR.gmo as /usr/share/locale/pt_BR/LC_MESSAGES/libgsf.mo
installing ro.gmo as /usr/share/locale/ro/LC_MESSAGES/libgsf.mo
installing ru.gmo as /usr/share/locale/ru/LC_MESSAGES/libgsf.mo
installing sk.gmo as /usr/share/locale/sk/LC_MESSAGES/libgsf.mo
installing sl.gmo as /usr/share/locale/sl/LC_MESSAGES/libgsf.mo
installing sr.gmo as /usr/share/locale/sr/LC_MESSAGES/libgsf.mo
installing sr@latin.gmo as /usr/share/locale/sr@latin/LC_MESSAGES/libgsf.mo
installing sv.gmo as /usr/share/locale/sv/LC_MESSAGES/libgsf.mo
installing ta.gmo as /usr/share/locale/ta/LC_MESSAGES/libgsf.mo
installing tg.gmo as /usr/share/locale/tg/LC_MESSAGES/libgsf.mo
installing th.gmo as /usr/share/locale/th/LC_MESSAGES/libgsf.mo
installing tr.gmo as /usr/share/locale/tr/LC_MESSAGES/libgsf.mo
installing uk.gmo as /usr/share/locale/uk/LC_MESSAGES/libgsf.mo
installing zh_CN.gmo as /usr/share/locale/zh_CN/LC_MESSAGES/libgsf.mo
installing zh_HK.gmo as /usr/share/locale/zh_HK/LC_MESSAGES/libgsf.mo
installing zh_TW.gmo as /usr/share/locale/zh_TW/LC_MESSAGES/libgsf.mo
if test "libgsf" = "gettext-tools"; then \
  /usr/bin/mkdir -p /usr/share/gettext/po; \
  for file in Makefile.in.in remove-potcdate.sed quot.sed boldquot.sed en@quot.header en@boldquot.header insert-header.sed Rules-quot      Makevars.template; do \
    /usr/bin/install -c -m 644 ./$file \
		    /usr/share/gettext/po/$file; \
  done; \
  for file in Makevars; do \
    rm -f /usr/share/gettext/po/$file; \
  done; \
else \
  : ; \
fi
make[1]: Leaving directory '/blfs/builds/libgsf-1.14.54/po'
Making install in gsf
make[1]: Entering directory '/blfs/builds/libgsf-1.14.54/gsf'
make[2]: Entering directory '/blfs/builds/libgsf-1.14.54/gsf'
 /usr/bin/mkdir -p '/usr/lib'
 /bin/sh ../libtool   --mode=install /usr/bin/install -c   libgsf-1.la '/usr/lib'
libtool: install: /usr/bin/install -c .libs/libgsf-1.so.114.0.54 /usr/lib/libgsf-1.so.114.0.54
libtool: install: (cd /usr/lib && { ln -s -f libgsf-1.so.114.0.54 libgsf-1.so.114 || { rm -f libgsf-1.so.114 && ln -s libgsf-1.so.114.0.54 libgsf-1.so.114; }; })
libtool: install: (cd /usr/lib && { ln -s -f libgsf-1.so.114.0.54 libgsf-1.so || { rm -f libgsf-1.so && ln -s libgsf-1.so.114.0.54 libgsf-1.so; }; })
libtool: install: /usr/bin/install -c .libs/libgsf-1.lai /usr/lib/libgsf-1.la
libtool: finish: PATH="/usr/sbin:/usr/bin:/sbin" ldconfig -n /usr/lib
----------------------------------------------------------------------
Libraries have been installed in:
   /usr/lib

If you ever happen to want to link against installed libraries
in a given directory, LIBDIR, you must either use libtool, and
specify the full pathname of the library, or use the '-LLIBDIR'
flag during linking and do at least one of the following:
   - add LIBDIR to the 'LD_LIBRARY_PATH' environment variable
     during execution
   - add LIBDIR to the 'LD_RUN_PATH' environment variable
     during linking
   - use the '-Wl,-rpath -Wl,LIBDIR' linker flag
   - have your system administrator add LIBDIR to '/etc/ld.so.conf'

See any operating system documentation about shared libraries for
more information, such as the ld(1) and ld.so(8) manual pages.
----------------------------------------------------------------------
 /usr/bin/mkdir -p '/usr/share/gir-1.0'
 /usr/bin/install -c -m 644 Gsf-1.gir '/usr/share/gir-1.0'
 /usr/bin/mkdir -p '/usr/include/libgsf-1/gsf'
 /usr/bin/install -c -m 644 gsf.h gsf-fwd.h gsf-utils.h gsf-libxml.h gsf-impl-utils.h gsf-doc-meta-data.h gsf-docprop-vector.h gsf-msole-utils.h gsf-open-pkg-utils.h gsf-opendoc-utils.h gsf-timestamp.h gsf-input.h gsf-input-impl.h gsf-input-bzip.h gsf-input-gzip.h gsf-input-http.h gsf-input-iochannel.h gsf-input-memory.h gsf-input-proxy.h gsf-input-stdio.h gsf-input-textline.h gsf-infile.h gsf-infile-impl.h gsf-infile-msole.h gsf-infile-msvba.h gsf-infile-stdio.h gsf-infile-tar.h gsf-infile-zip.h gsf-output.h gsf-output-impl.h gsf-output-bzip.h gsf-output-csv.h gsf-output-gzip.h gsf-output-iconv.h gsf-output-iochannel.h gsf-output-memory.h gsf-output-stdio.h gsf-outfile.h gsf-outfile-impl.h gsf-outfile-msole.h '/usr/include/libgsf-1/gsf'
 /usr/bin/install -c -m 644 gsf-outfile-stdio.h gsf-outfile-zip.h gsf-shared-memory.h gsf-structured-blob.h gsf-meta-names.h gsf-blob.h gsf-clip-data.h gsf-input-gio.h gsf-output-gio.h '/usr/include/libgsf-1/gsf'
 /usr/bin/mkdir -p '/usr/lib/girepository-1.0'
 /usr/bin/install -c -m 644 Gsf-1.typelib '/usr/lib/girepository-1.0'
make[2]: Leaving directory '/blfs/builds/libgsf-1.14.54/gsf'
make[1]: Leaving directory '/blfs/builds/libgsf-1.14.54/gsf'
Making install in gsf-win32
make[1]: Entering directory '/blfs/builds/libgsf-1.14.54/gsf-win32'
make[2]: Entering directory '/blfs/builds/libgsf-1.14.54/gsf-win32'
make[2]: Leaving directory '/blfs/builds/libgsf-1.14.54/gsf-win32'
make[1]: Leaving directory '/blfs/builds/libgsf-1.14.54/gsf-win32'
Making install in doc
make[1]: Entering directory '/blfs/builds/libgsf-1.14.54/doc'
make[2]: Entering directory '/blfs/builds/libgsf-1.14.54/doc'
make[2]: Nothing to be done for 'install-exec-am'.
 /usr/bin/install -c -m 644 ./html/annotation-glossary.html
 /usr/bin/install -c -m 644 ./html/api.html
 /usr/bin/install -c -m 644 ./html/gsf-blobs.html
 /usr/bin/install -c -m 644 ./html/gsf-clip-data.html
 /usr/bin/install -c -m 644 ./html/gsf-Compression.html
 /usr/bin/install -c -m 644 ./html/gsf.devhelp2
 /usr/bin/install -c -m 644 ./html/gsf-GIOChannel.html
 /usr/bin/install -c -m 644 ./html/gsf-GIO.html
 /usr/bin/install -c -m 644 ./html/gsf-index.html
 /usr/bin/install -c -m 644 ./html/gsf-Infile-reading-structed-files.html
 /usr/bin/install -c -m 644 ./html/gsf-Input-from-unstructured-files.html
 /usr/bin/install -c -m 644 ./html/gsf-memory.html
 /usr/bin/install -c -m 644 ./html/gsf-metadata.html
 /usr/bin/install -c -m 644 ./html/gsf-MS-OLE2.html
 /usr/bin/install -c -m 644 ./html/gsf-OASIS-Open-Document.html
 /usr/bin/install -c -m 644 ./html/gsf-Outfile-writing-structed-files.html
 /usr/bin/install -c -m 644 ./html/gsf-Output-to-unstructured-files.html
 /usr/bin/install -c -m 644 ./html/gsf-Reading-and-Writing-from-local-files-and-directories.html
 /usr/bin/install -c -m 644 ./html/gsf-Text.html
 /usr/bin/install -c -m 644 ./html/gsf-Utilities.html
 /usr/bin/install -c -m 644 ./html/gsf-XML-and-libxml.html
 /usr/bin/install -c -m 644 ./html/gsf-Zip.html
 /usr/bin/install -c -m 644 ./html/home.png
 /usr/bin/install -c -m 644 ./html/index.html
 /usr/bin/install -c -m 644 ./html/io.html
 /usr/bin/install -c -m 644 ./html/left-insensitive.png
 /usr/bin/install -c -m 644 ./html/left.png
 /usr/bin/install -c -m 644 ./html/misc.html
 /usr/bin/install -c -m 644 ./html/parsers.html
 /usr/bin/install -c -m 644 ./html/right-insensitive.png
 /usr/bin/install -c -m 644 ./html/right.png
 /usr/bin/install -c -m 644 ./html/sources.html
 /usr/bin/install -c -m 644 ./html/style.css
 /usr/bin/install -c -m 644 ./html/up-insensitive.png
 /usr/bin/install -c -m 644 ./html/up.png
 /usr/bin/mkdir -p '/usr/share/man/man1'
 /usr/bin/install -c -m 644 gsf-vba-dump.1 gsf.1 gsf-office-thumbnailer.1 '/usr/share/man/man1'
make[2]: Leaving directory '/blfs/builds/libgsf-1.14.54/doc'
make[1]: Leaving directory '/blfs/builds/libgsf-1.14.54/doc'
Making install in tools
make[1]: Entering directory '/blfs/builds/libgsf-1.14.54/tools'
make[2]: Entering directory '/blfs/builds/libgsf-1.14.54/tools'
 /usr/bin/mkdir -p '/usr/bin'
  /bin/sh ../libtool   --mode=install /usr/bin/install -c gsf gsf-vba-dump '/usr/bin'
libtool: install: /usr/bin/install -c .libs/gsf /usr/bin/gsf
libtool: install: /usr/bin/install -c .libs/gsf-vba-dump /usr/bin/gsf-vba-dump
make[2]: Nothing to be done for 'install-data-am'.
make[2]: Leaving directory '/blfs/builds/libgsf-1.14.54/tools'
make[1]: Leaving directory '/blfs/builds/libgsf-1.14.54/tools'
Making install in tests
make[1]: Entering directory '/blfs/builds/libgsf-1.14.54/tests'
make[2]: Entering directory '/blfs/builds/libgsf-1.14.54/tests'
make[2]: Nothing to be done for 'install-exec-am'.
make[2]: Nothing to be done for 'install-data-am'.
make[2]: Leaving directory '/blfs/builds/libgsf-1.14.54/tests'
make[1]: Leaving directory '/blfs/builds/libgsf-1.14.54/tests'
Making install in thumbnailer
make[1]: Entering directory '/blfs/builds/libgsf-1.14.54/thumbnailer'
make[2]: Entering directory '/blfs/builds/libgsf-1.14.54/thumbnailer'
 /usr/bin/mkdir -p '/usr/bin'
  /bin/sh ../libtool   --mode=install /usr/bin/install -c gsf-office-thumbnailer '/usr/bin'
libtool: install: /usr/bin/install -c .libs/gsf-office-thumbnailer /usr/bin/gsf-office-thumbnailer
 /usr/bin/mkdir -p '/usr/share/thumbnailers'
 /usr/bin/install -c -m 644 gsf-office.thumbnailer '/usr/share/thumbnailers'
make[2]: Leaving directory '/blfs/builds/libgsf-1.14.54/thumbnailer'
make[1]: Leaving directory '/blfs/builds/libgsf-1.14.54/thumbnailer'
Making install in python
make[1]: Entering directory '/blfs/builds/libgsf-1.14.54/python'
make[2]: Entering directory '/blfs/builds/libgsf-1.14.54/python'
make[2]: Nothing to be done for 'install-exec-am'.
make[2]: Nothing to be done for 'install-data-am'.
make[2]: Leaving directory '/blfs/builds/libgsf-1.14.54/python'
make[1]: Leaving directory '/blfs/builds/libgsf-1.14.54/python'
make[1]: Entering directory '/blfs/builds/libgsf-1.14.54'
make[2]: Entering directory '/blfs/builds/libgsf-1.14.54'
make[2]: Nothing to be done for 'install-exec-am'.
 /usr/bin/mkdir -p '/usr/lib/pkgconfig'
 /usr/bin/install -c -m 644 libgsf-1.pc '/usr/lib/pkgconfig'
make[2]: Leaving directory '/blfs/builds/libgsf-1.14.54'
make[1]: Leaving directory '/blfs/builds/libgsf-1.14.54'
libgsf/
libgsf/usr/
libgsf/usr/include/
libgsf/usr/include/libgsf-1/
libgsf/usr/include/libgsf-1/gsf/
libgsf/usr/include/libgsf-1/gsf/gsf-open-pkg-utils.h
libgsf/usr/include/libgsf-1/gsf/gsf-opendoc-utils.h
libgsf/usr/include/libgsf-1/gsf/gsf-doc-meta-data.h
libgsf/usr/include/libgsf-1/gsf/gsf-outfile-zip.h
libgsf/usr/include/libgsf-1/gsf/gsf-infile-tar.h
libgsf/usr/include/libgsf-1/gsf/gsf-input-stdio.h
libgsf/usr/include/libgsf-1/gsf/gsf-outfile-stdio.h
libgsf/usr/include/libgsf-1/gsf/gsf-input-proxy.h
libgsf/usr/include/libgsf-1/gsf/gsf-input-gio.h
libgsf/usr/include/libgsf-1/gsf/gsf-input-bzip.h
libgsf/usr/include/libgsf-1/gsf/gsf-infile-impl.h
libgsf/usr/include/libgsf-1/gsf/gsf-input-iochannel.h
libgsf/usr/include/libgsf-1/gsf/gsf-outfile-impl.h
libgsf/usr/include/libgsf-1/gsf/gsf-output-gzip.h
libgsf/usr/include/libgsf-1/gsf/gsf-utils.h
libgsf/usr/include/libgsf-1/gsf/gsf-output-csv.h
libgsf/usr/include/libgsf-1/gsf/gsf-output.h
libgsf/usr/include/libgsf-1/gsf/gsf-output-stdio.h
libgsf/usr/include/libgsf-1/gsf/gsf-libxml.h
libgsf/usr/include/libgsf-1/gsf/gsf-output-memory.h
libgsf/usr/include/libgsf-1/gsf/gsf-structured-blob.h
libgsf/usr/include/libgsf-1/gsf/gsf-outfile-msole.h
libgsf/usr/include/libgsf-1/gsf/gsf-infile-msvba.h
libgsf/usr/include/libgsf-1/gsf/gsf.h
libgsf/usr/include/libgsf-1/gsf/gsf-docprop-vector.h
libgsf/usr/include/libgsf-1/gsf/gsf-clip-data.h
libgsf/usr/include/libgsf-1/gsf/gsf-shared-memory.h
libgsf/usr/include/libgsf-1/gsf/gsf-blob.h
libgsf/usr/include/libgsf-1/gsf/gsf-output-bzip.h
libgsf/usr/include/libgsf-1/gsf/gsf-timestamp.h
libgsf/usr/include/libgsf-1/gsf/gsf-input-impl.h
libgsf/usr/include/libgsf-1/gsf/gsf-infile-zip.h
libgsf/usr/include/libgsf-1/gsf/gsf-input.h
libgsf/usr/include/libgsf-1/gsf/gsf-infile.h
libgsf/usr/include/libgsf-1/gsf/gsf-output-iochannel.h
libgsf/usr/include/libgsf-1/gsf/gsf-impl-utils.h
libgsf/usr/include/libgsf-1/gsf/gsf-output-gio.h
libgsf/usr/include/libgsf-1/gsf/gsf-fwd.h
libgsf/usr/include/libgsf-1/gsf/gsf-input-textline.h
libgsf/usr/include/libgsf-1/gsf/gsf-infile-stdio.h
libgsf/usr/include/libgsf-1/gsf/gsf-outfile.h
libgsf/usr/include/libgsf-1/gsf/gsf-input-http.h
libgsf/usr/include/libgsf-1/gsf/gsf-msole-utils.h
libgsf/usr/include/libgsf-1/gsf/gsf-input-gzip.h
libgsf/usr/include/libgsf-1/gsf/gsf-input-memory.h
libgsf/usr/include/libgsf-1/gsf/gsf-output-impl.h
libgsf/usr/include/libgsf-1/gsf/gsf-infile-msole.h
libgsf/usr/include/libgsf-1/gsf/gsf-meta-names.h
libgsf/usr/include/libgsf-1/gsf/gsf-output-iconv.h
libgsf/usr/share/
libgsf/usr/share/locale/
libgsf/usr/share/locale/sr/
libgsf/usr/share/locale/sr/LC_MESSAGES/
libgsf/usr/share/locale/sr/LC_MESSAGES/libgsf.mo
libgsf/usr/share/locale/nl/
libgsf/usr/share/locale/nl/LC_MESSAGES/
libgsf/usr/share/locale/nl/LC_MESSAGES/libgsf.mo
libgsf/usr/share/locale/tg/
libgsf/usr/share/locale/tg/LC_MESSAGES/
libgsf/usr/share/locale/tg/LC_MESSAGES/libgsf.mo
libgsf/usr/share/locale/fi/
libgsf/usr/share/locale/fi/LC_MESSAGES/
libgsf/usr/share/locale/fi/LC_MESSAGES/libgsf.mo
libgsf/usr/share/locale/id/
libgsf/usr/share/locale/id/LC_MESSAGES/
libgsf/usr/share/locale/id/LC_MESSAGES/libgsf.mo
libgsf/usr/share/locale/ro/
libgsf/usr/share/locale/ro/LC_MESSAGES/
libgsf/usr/share/locale/ro/LC_MESSAGES/libgsf.mo
libgsf/usr/share/locale/ko/
libgsf/usr/share/locale/ko/LC_MESSAGES/
libgsf/usr/share/locale/ko/LC_MESSAGES/libgsf.mo
libgsf/usr/share/locale/sr@latin/
libgsf/usr/share/locale/sr@latin/LC_MESSAGES/
libgsf/usr/share/locale/sr@latin/LC_MESSAGES/libgsf.mo
libgsf/usr/share/locale/zh_TW/
libgsf/usr/share/locale/zh_TW/LC_MESSAGES/
libgsf/usr/share/locale/zh_TW/LC_MESSAGES/libgsf.mo
libgsf/usr/share/locale/hi/
libgsf/usr/share/locale/hi/LC_MESSAGES/
libgsf/usr/share/locale/hi/LC_MESSAGES/libgsf.mo
libgsf/usr/share/locale/nb/
libgsf/usr/share/locale/nb/LC_MESSAGES/
libgsf/usr/share/locale/nb/LC_MESSAGES/libgsf.mo
libgsf/usr/share/locale/as/
libgsf/usr/share/locale/as/LC_MESSAGES/
libgsf/usr/share/locale/as/LC_MESSAGES/libgsf.mo
libgsf/usr/share/locale/uk/
libgsf/usr/share/locale/uk/LC_MESSAGES/
libgsf/usr/share/locale/uk/LC_MESSAGES/libgsf.mo
libgsf/usr/share/locale/en_GB/
libgsf/usr/share/locale/en_GB/LC_MESSAGES/
libgsf/usr/share/locale/en_GB/LC_MESSAGES/libgsf.mo
libgsf/usr/share/locale/oc/
libgsf/usr/share/locale/oc/LC_MESSAGES/
libgsf/usr/share/locale/oc/LC_MESSAGES/libgsf.mo
libgsf/usr/share/locale/es/
libgsf/usr/share/locale/es/LC_MESSAGES/
libgsf/usr/share/locale/es/LC_MESSAGES/libgsf.mo
libgsf/usr/share/locale/th/
libgsf/usr/share/locale/th/LC_MESSAGES/
libgsf/usr/share/locale/th/LC_MESSAGES/libgsf.mo
libgsf/usr/share/locale/he/
libgsf/usr/share/locale/he/LC_MESSAGES/
libgsf/usr/share/locale/he/LC_MESSAGES/libgsf.mo
libgsf/usr/share/locale/nn/
libgsf/usr/share/locale/nn/LC_MESSAGES/
libgsf/usr/share/locale/nn/LC_MESSAGES/libgsf.mo
libgsf/usr/share/locale/fr/
libgsf/usr/share/locale/fr/LC_MESSAGES/
libgsf/usr/share/locale/fr/LC_MESSAGES/libgsf.mo
libgsf/usr/share/locale/ca/
libgsf/usr/share/locale/ca/LC_MESSAGES/
libgsf/usr/share/locale/ca/LC_MESSAGES/libgsf.mo
libgsf/usr/share/locale/ta/
libgsf/usr/share/locale/ta/LC_MESSAGES/
libgsf/usr/share/locale/ta/LC_MESSAGES/libgsf.mo
libgsf/usr/share/locale/pl/
libgsf/usr/share/locale/pl/LC_MESSAGES/
libgsf/usr/share/locale/pl/LC_MESSAGES/libgsf.mo
libgsf/usr/share/locale/da/
libgsf/usr/share/locale/da/LC_MESSAGES/
libgsf/usr/share/locale/da/LC_MESSAGES/libgsf.mo
libgsf/usr/share/locale/ru/
libgsf/usr/share/locale/ru/LC_MESSAGES/
libgsf/usr/share/locale/ru/LC_MESSAGES/libgsf.mo
libgsf/usr/share/locale/hr/
libgsf/usr/share/locale/hr/LC_MESSAGES/
libgsf/usr/share/locale/hr/LC_MESSAGES/libgsf.mo
libgsf/usr/share/locale/ja/
libgsf/usr/share/locale/ja/LC_MESSAGES/
libgsf/usr/share/locale/ja/LC_MESSAGES/libgsf.mo
libgsf/usr/share/locale/zh_CN/
libgsf/usr/share/locale/zh_CN/LC_MESSAGES/
libgsf/usr/share/locale/zh_CN/LC_MESSAGES/libgsf.mo
libgsf/usr/share/locale/cs/
libgsf/usr/share/locale/cs/LC_MESSAGES/
libgsf/usr/share/locale/cs/LC_MESSAGES/libgsf.mo
libgsf/usr/share/locale/lv/
libgsf/usr/share/locale/lv/LC_MESSAGES/
libgsf/usr/share/locale/lv/LC_MESSAGES/libgsf.mo
libgsf/usr/share/locale/pt_BR/
libgsf/usr/share/locale/pt_BR/LC_MESSAGES/
libgsf/usr/share/locale/pt_BR/LC_MESSAGES/libgsf.mo
libgsf/usr/share/locale/pt/
libgsf/usr/share/locale/pt/LC_MESSAGES/
libgsf/usr/share/locale/pt/LC_MESSAGES/libgsf.mo
libgsf/usr/share/locale/hu/
libgsf/usr/share/locale/hu/LC_MESSAGES/
libgsf/usr/share/locale/hu/LC_MESSAGES/libgsf.mo
libgsf/usr/share/locale/tr/
libgsf/usr/share/locale/tr/LC_MESSAGES/
libgsf/usr/share/locale/tr/LC_MESSAGES/libgsf.mo
libgsf/usr/share/locale/sl/
libgsf/usr/share/locale/sl/LC_MESSAGES/
libgsf/usr/share/locale/sl/LC_MESSAGES/libgsf.mo
libgsf/usr/share/locale/zh_HK/
libgsf/usr/share/locale/zh_HK/LC_MESSAGES/
libgsf/usr/share/locale/zh_HK/LC_MESSAGES/libgsf.mo
libgsf/usr/share/locale/eu/
libgsf/usr/share/locale/eu/LC_MESSAGES/
libgsf/usr/share/locale/eu/LC_MESSAGES/libgsf.mo
libgsf/usr/share/locale/el/
libgsf/usr/share/locale/el/LC_MESSAGES/
libgsf/usr/share/locale/el/LC_MESSAGES/libgsf.mo
libgsf/usr/share/locale/sv/
libgsf/usr/share/locale/sv/LC_MESSAGES/
libgsf/usr/share/locale/sv/LC_MESSAGES/libgsf.mo
libgsf/usr/share/locale/ml/
libgsf/usr/share/locale/ml/LC_MESSAGES/
libgsf/usr/share/locale/ml/LC_MESSAGES/libgsf.mo
libgsf/usr/share/locale/sk/
libgsf/usr/share/locale/sk/LC_MESSAGES/
libgsf/usr/share/locale/sk/LC_MESSAGES/libgsf.mo
libgsf/usr/share/locale/eo/
libgsf/usr/share/locale/eo/LC_MESSAGES/
libgsf/usr/share/locale/eo/LC_MESSAGES/libgsf.mo
libgsf/usr/share/locale/pa/
libgsf/usr/share/locale/pa/LC_MESSAGES/
libgsf/usr/share/locale/pa/LC_MESSAGES/libgsf.mo
libgsf/usr/share/locale/ka/
libgsf/usr/share/locale/ka/LC_MESSAGES/
libgsf/usr/share/locale/ka/LC_MESSAGES/libgsf.mo
libgsf/usr/share/locale/it/
libgsf/usr/share/locale/it/LC_MESSAGES/
libgsf/usr/share/locale/it/LC_MESSAGES/libgsf.mo
libgsf/usr/share/locale/de/
libgsf/usr/share/locale/de/LC_MESSAGES/
libgsf/usr/share/locale/de/LC_MESSAGES/libgsf.mo
libgsf/usr/share/locale/ca@valencia/
libgsf/usr/share/locale/ca@valencia/LC_MESSAGES/
libgsf/usr/share/locale/ca@valencia/LC_MESSAGES/libgsf.mo
libgsf/usr/share/locale/lt/
libgsf/usr/share/locale/lt/LC_MESSAGES/
libgsf/usr/share/locale/lt/LC_MESSAGES/libgsf.mo
libgsf/usr/share/locale/bs/
libgsf/usr/share/locale/bs/LC_MESSAGES/
libgsf/usr/share/locale/bs/LC_MESSAGES/libgsf.mo
libgsf/usr/share/locale/gl/
libgsf/usr/share/locale/gl/LC_MESSAGES/
libgsf/usr/share/locale/gl/LC_MESSAGES/libgsf.mo
libgsf/usr/share/gtk-doc/
libgsf/usr/share/gtk-doc/html/
libgsf/usr/share/gtk-doc/html/gsf/
libgsf/usr/share/gtk-doc/html/gsf/home.png
libgsf/usr/share/gtk-doc/html/gsf/up.png
libgsf/usr/share/gtk-doc/html/gsf/api.html
libgsf/usr/share/gtk-doc/html/gsf/right.png
libgsf/usr/share/gtk-doc/html/gsf/io.html
libgsf/usr/share/gtk-doc/html/gsf/gsf-blobs.html
libgsf/usr/share/gtk-doc/html/gsf/gsf-OASIS-Open-Document.html
libgsf/usr/share/gtk-doc/html/gsf/parsers.html
libgsf/usr/share/gtk-doc/html/gsf/left.png
libgsf/usr/share/gtk-doc/html/gsf/gsf-Zip.html
libgsf/usr/share/gtk-doc/html/gsf/gsf-memory.html
libgsf/usr/share/gtk-doc/html/gsf/gsf-Infile-reading-structed-files.html
libgsf/usr/share/gtk-doc/html/gsf/gsf-GIOChannel.html
libgsf/usr/share/gtk-doc/html/gsf/gsf-Compression.html
libgsf/usr/share/gtk-doc/html/gsf/gsf-Output-to-unstructured-files.html
libgsf/usr/share/gtk-doc/html/gsf/gsf-Outfile-writing-structed-files.html
libgsf/usr/share/gtk-doc/html/gsf/gsf-clip-data.html
libgsf/usr/share/gtk-doc/html/gsf/style.css
libgsf/usr/share/gtk-doc/html/gsf/gsf-metadata.html
libgsf/usr/share/gtk-doc/html/gsf/sources.html
libgsf/usr/share/gtk-doc/html/gsf/up-insensitive.png
libgsf/usr/share/gtk-doc/html/gsf/gsf-Utilities.html
libgsf/usr/share/gtk-doc/html/gsf/gsf-GIO.html
libgsf/usr/share/gtk-doc/html/gsf/gsf-Input-from-unstructured-files.html
libgsf/usr/share/gtk-doc/html/gsf/gsf.devhelp2
libgsf/usr/share/gtk-doc/html/gsf/left-insensitive.png
libgsf/usr/share/gtk-doc/html/gsf/gsf-Reading-and-Writing-from-local-files-and-directories.html
libgsf/usr/share/gtk-doc/html/gsf/annotation-glossary.html
libgsf/usr/share/gtk-doc/html/gsf/right-insensitive.png
libgsf/usr/share/gtk-doc/html/gsf/gsf-Text.html
libgsf/usr/share/gtk-doc/html/gsf/gsf-MS-OLE2.html
libgsf/usr/share/gtk-doc/html/gsf/gsf-index.html
libgsf/usr/share/gtk-doc/html/gsf/index.html
libgsf/usr/share/gtk-doc/html/gsf/gsf-XML-and-libxml.html
libgsf/usr/share/gtk-doc/html/gsf/misc.html
libgsf/usr/share/thumbnailers/
libgsf/usr/share/thumbnailers/gsf-office.thumbnailer
libgsf/usr/share/gir-1.0/
libgsf/usr/share/gir-1.0/Gsf-1.gir
libgsf/usr/share/man/
libgsf/usr/share/man/man1/
libgsf/usr/share/man/man1/gsf-vba-dump.1
libgsf/usr/share/man/man1/gsf-office-thumbnailer.1
libgsf/usr/share/man/man1/gsf.1
libgsf/usr/bin/
libgsf/usr/bin/gsf-vba-dump
libgsf/usr/bin/gsf-office-thumbnailer
libgsf/usr/bin/gsf
libgsf/usr/lib/
libgsf/usr/lib/libgsf-1.so.114
libgsf/usr/lib/libgsf-1.so
libgsf/usr/lib/girepository-1.0/
libgsf/usr/lib/girepository-1.0/Gsf-1.typelib
libgsf/usr/lib/pkgconfig/
libgsf/usr/lib/pkgconfig/libgsf-1.pc
libgsf/usr/lib/libgsf-1.so.114.0.54
libgsf/usr/lib/libgsf-1.la
libgsf/version
libgsf/depends
libgsf/make-depends
