--2025-12-10 08:16:50--  https://download.videolan.org/vlc/3.0.22/vlc-3.0.22.tar.xz
Resolving download.videolan.org (download.videolan.org)... 2a01:e0d:1:3:58bf:fa02:c0de:5, 213.36.253.2
Connecting to download.videolan.org (download.videolan.org)|2a01:e0d:1:3:58bf:fa02:c0de:5|:443... connected.
HTTP request sent, awaiting response... 200 OK
Length: 26427084 (25M) [application/octet-stream]
Saving to: ‘vlc-3.0.22.tar.xz’

     0K .......... .......... .......... .......... ..........  0%  569K 45s
    50K .......... .......... .......... .......... ..........  0%  391K 55s
   100K .......... .......... .......... .......... ..........  0%  566K 52s
   150K .......... .......... .......... .......... ..........  0% 1.02M 45s
   200K .......... .......... .......... .......... ..........  0% 1.18M 40s
   250K .......... .......... .......... .......... ..........  1% 1.06M 37s
   300K .......... .......... .......... .......... ..........  1% 1.19M 35s
   350K .......... .......... .......... .......... ..........  1% 1.03M 34s
   400K .......... .......... .......... .......... ..........  1% 1.23M 32s
   450K .......... .......... .......... .......... ..........  1% 95.3M 29s
   500K .......... .......... .......... .......... ..........  2% 1.03M 28s
   550K .......... .......... .......... .......... ..........  2% 82.1M 26s
   600K .......... .......... .......... .......... ..........  2% 1.25M 25s
   650K .......... .......... .......... .......... ..........  2% 87.4M 24s
   700K .......... .......... .......... .......... ..........  2% 83.9M 22s
   750K .......... .......... .......... .......... ..........  3% 1.01M 22s
   800K .......... .......... .......... .......... ..........  3%  112M 21s
   850K .......... .......... .......... .......... ..........  3% 54.1M 20s
   900K .......... .......... .......... .......... ..........  3% 1.30M 19s
   950K .......... .......... .......... .......... ..........  3%  108M 18s
  1000K .......... .......... .......... .......... ..........  4% 1.02M 19s
  1050K .......... .......... .......... .......... ..........  4% 54.8M 18s
  1100K .......... .......... .......... .......... ..........  4% 93.3M 17s
  1150K .......... .......... .......... .......... ..........  4% 85.3M 16s
  1200K .......... .......... .......... .......... ..........  4% 88.2M 16s
  1250K .......... .......... .......... .......... ..........  5% 92.2M 15s
  1300K .......... .......... .......... .......... ..........  5% 28.9M 14s
  1350K .......... .......... .......... .......... ..........  5% 1.38M 15s
  1400K .......... .......... .......... .......... ..........  5% 66.5M 14s
  1450K .......... .......... .......... .......... ..........  5% 1.04M 14s
  1500K .......... .......... .......... .......... ..........  6%  153M 14s
  1550K .......... .......... .......... .......... ..........  6% 65.1M 13s
  1600K .......... .......... .......... .......... ..........  6% 86.1M 13s
  1650K .......... .......... .......... .......... ..........  6% 54.4M 13s
  1700K .......... .......... .......... .......... ..........  6% 53.9M 12s
  1750K .......... .......... .......... .......... ..........  6% 56.6M 12s
  1800K .......... .......... .......... .......... ..........  7% 69.5M 11s
  1850K .......... .......... .......... .......... ..........  7% 1.40M 12s
  1900K .......... .......... .......... .......... ..........  7% 67.5M 11s
  1950K .......... .......... .......... .......... ..........  7% 1.04M 12s
  2000K .......... .......... .......... .......... ..........  7% 72.9M 11s
  2050K .......... .......... .......... .......... ..........  8% 67.8M 11s
  2100K .......... .......... .......... .......... ..........  8% 58.8M 11s
  2150K .......... .......... .......... .......... ..........  8% 64.4M 10s
  2200K .......... .......... .......... .......... ..........  8% 62.6M 10s
  2250K .......... .......... .......... .......... ..........  8% 60.4M 10s
  2300K .......... .......... .......... .......... ..........  9% 59.3M 10s
  2350K .......... .......... .......... .......... ..........  9% 59.0M 9s
  2400K .......... .......... .......... .......... ..........  9% 58.5M 9s
  2450K .......... .......... .......... .......... ..........  9% 55.8M 9s
  2500K .......... .......... .......... .......... ..........  9% 55.9M 9s
  2550K .......... .......... .......... .......... .......... 10% 37.0M 9s
  2600K .......... .......... .......... .......... .......... 10% 56.6M 9s
  2650K .......... .......... .......... .......... .......... 10% 59.6M 8s
  2700K .......... .......... .......... .......... .......... 10% 1.68M 8s
  2750K .......... .......... .......... .......... .......... 10% 58.3M 8s
  2800K .......... .......... .......... .......... .......... 11% 1.11M 8s
  2850K .......... .......... .......... .......... .......... 11% 80.2M 8s
  2900K .......... .......... .......... .......... .......... 11% 75.8M 8s
  2950K .......... .......... .......... .......... .......... 11% 26.8M 8s
  3000K .......... .......... .......... .......... .......... 11% 66.7M 8s
  3050K .......... .......... .......... .......... .......... 12% 53.7M 8s
  3100K .......... .......... .......... .......... .......... 12% 51.4M 8s
  3150K .......... .......... .......... .......... .......... 12% 56.4M 7s
  3200K .......... .......... .......... .......... .......... 12% 56.0M 7s
  3250K .......... .......... .......... .......... .......... 12% 29.8M 7s
  3300K .......... .......... .......... .......... .......... 12% 68.0M 7s
  3350K .......... .......... .......... .......... .......... 13% 57.5M 7s
  3400K .......... .......... .......... .......... .......... 13% 65.3M 7s
  3450K .......... .......... .......... .......... .......... 13% 48.6M 7s
  3500K .......... .......... .......... .......... .......... 13% 57.9M 7s
  3550K .......... .......... .......... .......... .......... 13% 39.7M 7s
  3600K .......... .......... .......... .......... .......... 14% 29.8M 6s
  3650K .......... .......... .......... .......... .......... 14% 64.5M 6s
  3700K .......... .......... .......... .......... .......... 14% 1.84M 6s
  3750K .......... .......... .......... .......... .......... 14% 71.1M 6s
  3800K .......... .......... .......... .......... .......... 14% 63.2M 6s
  3850K .......... .......... .......... .......... .......... 15% 56.9M 6s
  3900K .......... .......... .......... .......... .......... 15% 1.19M 6s
  3950K .......... .......... .......... .......... .......... 15% 49.6M 6s
  4000K .......... .......... .......... .......... .......... 15% 56.2M 6s
  4050K .......... .......... .......... .......... .......... 15% 60.3M 6s
  4100K .......... .......... .......... .......... .......... 16% 56.3M 6s
  4150K .......... .......... .......... .......... .......... 16% 56.2M 6s
  4200K .......... .......... .......... .......... .......... 16% 56.0M 6s
  4250K .......... .......... .......... .......... .......... 16% 59.2M 6s
  4300K .......... .......... .......... .......... .......... 16% 28.8M 6s
  4350K .......... .......... .......... .......... .......... 17% 43.0M 6s
  4400K .......... .......... .......... .......... .......... 17% 51.9M 6s
  4450K .......... .......... .......... .......... .......... 17% 58.9M 5s
  4500K .......... .......... .......... .......... .......... 17% 56.3M 5s
  4550K .......... .......... .......... .......... .......... 17% 72.9M 5s
  4600K .......... .......... .......... .......... .......... 18% 86.0M 5s
  4650K .......... .......... .......... .......... .......... 18% 69.0M 5s
  4700K .......... .......... .......... .......... .......... 18% 63.3M 5s
  4750K .......... .......... .......... .......... .......... 18% 44.0M 5s
  4800K .......... .......... .......... .......... .......... 18% 57.8M 5s
  4850K .......... .......... .......... .......... .......... 18% 37.0M 5s
  4900K .......... .......... .......... .......... .......... 19% 54.9M 5s
  4950K .......... .......... .......... .......... .......... 19% 61.6M 5s
  5000K .......... .......... .......... .......... .......... 19% 60.5M 5s
  5050K .......... .......... .......... .......... .......... 19% 36.4M 5s
  5100K .......... .......... .......... .......... .......... 19% 56.2M 5s
  5150K .......... .......... .......... .......... .......... 20% 43.6M 5s
  5200K .......... .......... .......... .......... .......... 20% 15.9M 5s
  5250K .......... .......... .......... .......... .......... 20%  110M 5s
  5300K .......... .......... .......... .......... .......... 20%  274M 4s
  5350K .......... .......... .......... .......... .......... 20% 2.88M 4s
  5400K .......... .......... .......... .......... .......... 21% 98.7M 4s
  5450K .......... .......... .......... .......... .......... 21%  123M 4s
  5500K .......... .......... .......... .......... .......... 21%  102M 4s
  5550K .......... .......... .......... .......... .......... 21% 1.14M 4s
  5600K .......... .......... .......... .......... .......... 21%  160M 4s
  5650K .......... .......... .......... .......... .......... 22% 94.2M 4s
  5700K .......... .......... .......... .......... .......... 22%  138M 4s
  5750K .......... .......... .......... .......... .......... 22%  105M 4s
  5800K .......... .......... .......... .......... .......... 22%  166M 4s
  5850K .......... .......... .......... .......... .......... 22% 95.0M 4s
  5900K .......... .......... .......... .......... .......... 23%  140M 4s
  5950K .......... .......... .......... .......... .......... 23% 57.7M 4s
  6000K .......... .......... .......... .......... .......... 23%  102M 4s
  6050K .......... .......... .......... .......... .......... 23%  141M 4s
  6100K .......... .......... .......... .......... .......... 23%  108M 4s
  6150K .......... .......... .......... .......... .......... 24%  143M 4s
  6200K .......... .......... .......... .......... .......... 24% 87.3M 4s
  6250K .......... .......... .......... .......... .......... 24%  101M 4s
  6300K .......... .......... .......... .......... .......... 24%  116M 4s
  6350K .......... .......... .......... .......... .......... 24% 99.0M 4s
  6400K .......... .......... .......... .......... .......... 24%  118M 4s
  6450K .......... .......... .......... .......... .......... 25% 72.1M 4s
  6500K .......... .......... .......... .......... .......... 25%  137M 4s
  6550K .......... .......... .......... .......... .......... 25%  111M 4s
  6600K .......... .......... .......... .......... .......... 25%  140M 4s
  6650K .......... .......... .......... .......... .......... 25% 26.7M 4s
  6700K .......... .......... .......... .......... .......... 26%  127M 3s
  6750K .......... .......... .......... .......... .......... 26% 83.3M 3s
  6800K .......... .......... .......... .......... .......... 26%  104M 3s
  6850K .......... .......... .......... .......... .......... 26%  120M 3s
  6900K .......... .......... .......... .......... .......... 26%  109M 3s
  6950K .......... .......... .......... .......... .......... 27% 24.6M 3s
  7000K .......... .......... .......... .......... .......... 27% 75.3M 3s
  7050K .......... .......... .......... .......... .......... 27% 99.4M 3s
  7100K .......... .......... .......... .......... .......... 27%  156M 3s
  7150K .......... .......... .......... .......... .......... 27% 18.3M 3s
  7200K .......... .......... .......... .......... .......... 28%  109M 3s
  7250K .......... .......... .......... .......... .......... 28%  136M 3s
  7300K .......... .......... .......... .......... .......... 28%  104M 3s
  7350K .......... .......... .......... .......... .......... 28% 19.4M 3s
  7400K .......... .......... .......... .......... .......... 28% 54.8M 3s
  7450K .......... .......... .......... .......... .......... 29% 80.8M 3s
  7500K .......... .......... .......... .......... .......... 29%  158M 3s
  7550K .......... .......... .......... .......... .......... 29% 91.0M 3s
  7600K .......... .......... .......... .......... .......... 29% 3.49M 3s
  7650K .......... .......... .......... .......... .......... 29% 12.0M 3s
  7700K .......... .......... .......... .......... .......... 30%  142M 3s
  7750K .......... .......... .......... .......... .......... 30%  110M 3s
  7800K .......... .......... .......... .......... .......... 30%  140M 3s
  7850K .......... .......... .......... .......... .......... 30% 1.15M 3s
  7900K .......... .......... .......... .......... .......... 30%  111M 3s
  7950K .......... .......... .......... .......... .......... 30% 85.8M 3s
  8000K .......... .......... .......... .......... .......... 31% 90.2M 3s
  8050K .......... .......... .......... .......... .......... 31%  179M 3s
  8100K .......... .......... .......... .......... .......... 31% 93.3M 3s
  8150K .......... .......... .......... .......... .......... 31%  145M 3s
  8200K .......... .......... .......... .......... .......... 31% 90.0M 3s
  8250K .......... .......... .......... .......... .......... 32%  146M 3s
  8300K .......... .......... .......... .......... .......... 32%  105M 3s
  8350K .......... .......... .......... .......... .......... 32% 86.0M 3s
  8400K .......... .......... .......... .......... .......... 32%  147M 3s
  8450K .......... .......... .......... .......... .......... 32% 96.0M 3s
  8500K .......... .......... .......... .......... .......... 33%  150M 3s
  8550K .......... .......... .......... .......... .......... 33%  105M 3s
  8600K .......... .......... .......... .......... .......... 33%  129M 3s
  8650K .......... .......... .......... .......... .......... 33%  105M 3s
  8700K .......... .......... .......... .......... .......... 33% 85.8M 3s
  8750K .......... .......... .......... .......... .......... 34% 58.1M 3s
  8800K .......... .......... .......... .......... .......... 34%  141M 3s
  8850K .......... .......... .......... .......... .......... 34% 98.5M 3s
  8900K .......... .......... .......... .......... .......... 34%  140M 2s
  8950K .......... .......... .......... .......... .......... 34%  110M 2s
  9000K .......... .......... .......... .......... .......... 35%  150M 2s
  9050K .......... .......... .......... .......... .......... 35% 94.6M 2s
  9100K .......... .......... .......... .......... .......... 35% 86.5M 2s
  9150K .......... .......... .......... .......... .......... 35% 85.6M 2s
  9200K .......... .......... .......... .......... .......... 35%  148M 2s
  9250K .......... .......... .......... .......... .......... 36%  103M 2s
  9300K .......... .......... .......... .......... .......... 36%  135M 2s
  9350K .......... .......... .......... .......... .......... 36%  101M 2s
  9400K .......... .......... .......... .......... .......... 36%  137M 2s
  9450K .......... .......... .......... .......... .......... 36% 98.2M 2s
  9500K .......... .......... .......... .......... .......... 37%  146M 2s
  9550K .......... .......... .......... .......... .......... 37% 91.7M 2s
  9600K .......... .......... .......... .......... .......... 37% 93.9M 2s
  9650K .......... .......... .......... .......... .......... 37% 35.6M 2s
  9700K .......... .......... .......... .......... .......... 37%  264M 2s
  9750K .......... .......... .......... .......... .......... 37%  274M 2s
  9800K .......... .......... .......... .......... .......... 38% 55.3M 2s
  9850K .......... .......... .......... .......... .......... 38% 77.6M 2s
  9900K .......... .......... .......... .......... .......... 38% 83.4M 2s
  9950K .......... .......... .......... .......... .......... 38% 92.7M 2s
 10000K .......... .......... .......... .......... .......... 38%  156M 2s
 10050K .......... .......... .......... .......... .......... 39% 83.3M 2s
 10100K .......... .......... .......... .......... .......... 39% 44.6M 2s
 10150K .......... .......... .......... .......... .......... 39%  144M 2s
 10200K .......... .......... .......... .......... .......... 39% 86.9M 2s
 10250K .......... .......... .......... .......... .......... 39% 99.4M 2s
 10300K .......... .......... .......... .......... .......... 40% 81.6M 2s
 10350K .......... .......... .......... .......... .......... 40% 66.9M 2s
 10400K .......... .......... .......... .......... .......... 40% 97.8M 2s
 10450K .......... .......... .......... .......... .......... 40%  137M 2s
 10500K .......... .......... .......... .......... .......... 40%  103M 2s
 10550K .......... .......... .......... .......... .......... 41% 81.2M 2s
 10600K .......... .......... .......... .......... .......... 41%  104M 2s
 10650K .......... .......... .......... .......... .......... 41%  133M 2s
 10700K .......... .......... .......... .......... .......... 41% 97.3M 2s
 10750K .......... .......... .......... .......... .......... 41% 4.22M 2s
 10800K .......... .......... .......... .......... .......... 42% 11.7M 2s
 10850K .......... .......... .......... .......... .......... 42% 91.4M 2s
 10900K .......... .......... .......... .......... .......... 42%  134M 2s
 10950K .......... .......... .......... .......... .......... 42%  108M 2s
 11000K .......... .......... .......... .......... .......... 42% 1.14M 2s
 11050K .......... .......... .......... .......... .......... 43%  154M 2s
 11100K .......... .......... .......... .......... .......... 43% 85.0M 2s
 11150K .......... .......... .......... .......... .......... 43%  108M 2s
 11200K .......... .......... .......... .......... .......... 43%  104M 2s
 11250K .......... .......... .......... .......... .......... 43%  135M 2s
 11300K .......... .......... .......... .......... .......... 43% 87.9M 2s
 11350K .......... .......... .......... .......... .......... 44% 92.8M 2s
 11400K .......... .......... .......... .......... .......... 44%  145M 2s
 11450K .......... .......... .......... .......... .......... 44% 97.5M 2s
 11500K .......... .......... .......... .......... .......... 44%  137M 2s
 11550K .......... .......... .......... .......... .......... 44% 92.7M 2s
 11600K .......... .......... .......... .......... .......... 45%  102M 2s
 11650K .......... .......... .......... .......... .......... 45%  120M 2s
 11700K .......... .......... .......... .......... .......... 45%  102M 2s
 11750K .......... .......... .......... .......... .......... 45%  148M 2s
 11800K .......... .......... .......... .......... .......... 45% 99.3M 2s
 11850K .......... .......... .......... .......... .......... 46%  148M 2s
 11900K .......... .......... .......... .......... .......... 46% 85.3M 2s
 11950K .......... .......... .......... .......... .......... 46% 91.7M 2s
 12000K .......... .......... .......... .......... .......... 46%  101M 2s
 12050K .......... .......... .......... .......... .......... 46%  156M 2s
 12100K .......... .......... .......... .......... .......... 47% 92.8M 2s
 12150K .......... .......... .......... .......... .......... 47%  155M 2s
 12200K .......... .......... .......... .......... .......... 47% 92.6M 2s
 12250K .......... .......... .......... .......... .......... 47% 87.3M 2s
 12300K .......... .......... .......... .......... .......... 47% 84.3M 2s
 12350K .......... .......... .......... .......... .......... 48% 54.0M 2s
 12400K .......... .......... .......... .......... .......... 48% 92.3M 2s
 12450K .......... .......... .......... .......... .......... 48% 83.9M 2s
 12500K .......... .......... .......... .......... .......... 48%  189M 1s
 12550K .......... .......... .......... .......... .......... 48% 97.3M 1s
 12600K .......... .......... .......... .......... .......... 49%  143M 1s
 12650K .......... .......... .......... .......... .......... 49%  107M 1s
 12700K .......... .......... .......... .......... .......... 49%  144M 1s
 12750K .......... .......... .......... .......... .......... 49% 83.1M 1s
 12800K .......... .......... .......... .......... .......... 49% 91.4M 1s
 12850K .......... .......... .......... .......... .......... 49% 97.6M 1s
 12900K .......... .......... .......... .......... .......... 50%  142M 1s
 12950K .......... .......... .......... .......... .......... 50%  105M 1s
 13000K .......... .......... .......... .......... .......... 50%  148M 1s
 13050K .......... .......... .......... .......... .......... 50%  101M 1s
 13100K .......... .......... .......... .......... .......... 50%  139M 1s
 13150K .......... .......... .......... .......... .......... 51% 66.5M 1s
 13200K .......... .......... .......... .......... .......... 51%  114M 1s
 13250K .......... .......... .......... .......... .......... 51% 99.2M 1s
 13300K .......... .......... .......... .......... .......... 51% 28.6M 1s
 13350K .......... .......... .......... .......... .......... 51% 73.3M 1s
 13400K .......... .......... .......... .......... .......... 52%  198M 1s
 13450K .......... .......... .......... .......... .......... 52%  107M 1s
 13500K .......... .......... .......... .......... .......... 52%  201M 1s
 13550K .......... .......... .......... .......... .......... 52% 60.7M 1s
 13600K .......... .......... .......... .......... .......... 52%  188M 1s
 13650K .......... .......... .......... .......... .......... 53% 98.3M 1s
 13700K .......... .......... .......... .......... .......... 53%  101M 1s
 13750K .......... .......... .......... .......... .......... 53% 97.4M 1s
 13800K .......... .......... .......... .......... .......... 53% 88.2M 1s
 13850K .......... .......... .......... .......... .......... 53%  160M 1s
 13900K .......... .......... .......... .......... .......... 54% 91.7M 1s
 13950K .......... .......... .......... .......... .......... 54%  111M 1s
 14000K .......... .......... .......... .......... .......... 54%  125M 1s
 14050K .......... .......... .......... .......... .......... 54%  110M 1s
 14100K .......... .......... .......... .......... .......... 54% 84.2M 1s
 14150K .......... .......... .......... .......... .......... 55%  135M 1s
 14200K .......... .......... .......... .......... .......... 55% 84.0M 1s
 14250K .......... .......... .......... .......... .......... 55% 68.2M 1s
 14300K .......... .......... .......... .......... .......... 55%  138M 1s
 14350K .......... .......... .......... .......... .......... 55% 82.2M 1s
 14400K .......... .......... .......... .......... .......... 55%  158M 1s
 14450K .......... .......... .......... .......... .......... 56%  106M 1s
 14500K .......... .......... .......... .......... .......... 56% 95.0M 1s
 14550K .......... .......... .......... .......... .......... 56%  114M 1s
 14600K .......... .......... .......... .......... .......... 56%  149M 1s
 14650K .......... .......... .......... .......... .......... 56%  109M 1s
 14700K .......... .......... .......... .......... .......... 57% 74.7M 1s
 14750K .......... .......... .......... .......... .......... 57% 91.7M 1s
 14800K .......... .......... .......... .......... .......... 57%  105M 1s
 14850K .......... .......... .......... .......... .......... 57% 93.3M 1s
 14900K .......... .......... .......... .......... .......... 57%  143M 1s
 14950K .......... .......... .......... .......... .......... 58%  112M 1s
 15000K .......... .......... .......... .......... .......... 58%  103M 1s
 15050K .......... .......... .......... .......... .......... 58%  131M 1s
 15100K .......... .......... .......... .......... .......... 58% 74.7M 1s
 15150K .......... .......... .......... .......... .......... 58% 74.1M 1s
 15200K .......... .......... .......... .......... .......... 59%  121M 1s
 15250K .......... .......... .......... .......... .......... 59% 87.2M 1s
 15300K .......... .......... .......... .......... .......... 59%  139M 1s
 15350K .......... .......... .......... .......... .......... 59% 25.3M 1s
 15400K .......... .......... .......... .......... .......... 59%  163M 1s
 15450K .......... .......... .......... .......... .......... 60% 43.7M 1s
 15500K .......... .......... .......... .......... .......... 60% 64.9M 1s
 15550K .......... .......... .......... .......... .......... 60% 50.9M 1s
 15600K .......... .......... .......... .......... .......... 60% 76.5M 1s
 15650K .......... .......... .......... .......... .......... 60%  108M 1s
 15700K .......... .......... .......... .......... .......... 61% 1.35M 1s
 15750K .......... .......... .......... .......... .......... 61% 13.2M 1s
 15800K .......... .......... .......... .......... .......... 61% 74.1M 1s
 15850K .......... .......... .......... .......... .......... 61%  106M 1s
 15900K .......... .......... .......... .......... .......... 61%  192M 1s
 15950K .......... .......... .......... .......... .......... 61% 65.0M 1s
 16000K .......... .......... .......... .......... .......... 62%  179M 1s
 16050K .......... .......... .......... .......... .......... 62%  105M 1s
 16100K .......... .......... .......... .......... .......... 62%  126M 1s
 16150K .......... .......... .......... .......... .......... 62% 84.1M 1s
 16200K .......... .......... .......... .......... .......... 62%  153M 1s
 16250K .......... .......... .......... .......... .......... 63% 99.3M 1s
 16300K .......... .......... .......... .......... .......... 63%  163M 1s
 16350K .......... .......... .......... .......... .......... 63% 81.9M 1s
 16400K .......... .......... .......... .......... .......... 63% 92.9M 1s
 16450K .......... .......... .......... .......... .......... 63%  141M 1s
 16500K .......... .......... .......... .......... .......... 64% 98.8M 1s
 16550K .......... .......... .......... .......... .......... 64%  126M 1s
 16600K .......... .......... .......... .......... .......... 64%  109M 1s
 16650K .......... .......... .......... .......... .......... 64%  121M 1s
 16700K .......... .......... .......... .......... .......... 64%  107M 1s
 16750K .......... .......... .......... .......... .......... 65% 81.3M 1s
 16800K .......... .......... .......... .......... .......... 65%  159M 1s
 16850K .......... .......... .......... .......... .......... 65%  108M 1s
 16900K .......... .......... .......... .......... .......... 65%  143M 1s
 16950K .......... .......... .......... .......... .......... 65% 92.0M 1s
 17000K .......... .......... .......... .......... .......... 66% 99.8M 1s
 17050K .......... .......... .......... .......... .......... 66%  136M 1s
 17100K .......... .......... .......... .......... .......... 66% 90.7M 1s
 17150K .......... .......... .......... .......... .......... 66% 96.3M 1s
 17200K .......... .......... .......... .......... .......... 66%  132M 1s
 17250K .......... .......... .......... .......... .......... 67%  105M 1s
 17300K .......... .......... .......... .......... .......... 67%  146M 1s
 17350K .......... .......... .......... .......... .......... 67% 90.9M 1s
 17400K .......... .......... .......... .......... .......... 67%  101M 1s
 17450K .......... .......... .......... .......... .......... 67%  137M 1s
 17500K .......... .......... .......... .......... .......... 68%  100M 1s
 17550K .......... .......... .......... .......... .......... 68% 83.9M 1s
 17600K .......... .......... .......... .......... .......... 68%  143M 1s
 17650K .......... .......... .......... .......... .......... 68% 94.5M 1s
 17700K .......... .......... .......... .......... .......... 68%  139M 1s
 17750K .......... .......... .......... .......... .......... 68%  111M 1s
 17800K .......... .......... .......... .......... .......... 69%  134M 1s
 17850K .......... .......... .......... .......... .......... 69%  102M 1s
 17900K .......... .......... .......... .......... .......... 69%  118M 1s
 17950K .......... .......... .......... .......... .......... 69% 30.2M 1s
 18000K .......... .......... .......... .......... .......... 69% 80.7M 1s
 18050K .......... .......... .......... .......... .......... 70% 89.7M 1s
 18100K .......... .......... .......... .......... .......... 70%  160M 1s
 18150K .......... .......... .......... .......... .......... 70% 93.3M 1s
 18200K .......... .......... .......... .......... .......... 70%  154M 1s
 18250K .......... .......... .......... .......... .......... 70% 82.7M 1s
 18300K .......... .......... .......... .......... .......... 71% 86.7M 1s
 18350K .......... .......... .......... .......... .......... 71% 88.0M 1s
 18400K .......... .......... .......... .......... .......... 71% 98.4M 1s
 18450K .......... .......... .......... .......... .......... 71%  158M 1s
 18500K .......... .......... .......... .......... .......... 71% 90.3M 1s
 18550K .......... .......... .......... .......... .......... 72%  162M 1s
 18600K .......... .......... .......... .......... .......... 72%  104M 1s
 18650K .......... .......... .......... .......... .......... 72% 88.4M 1s
 18700K .......... .......... .......... .......... .......... 72%  128M 1s
 18750K .......... .......... .......... .......... .......... 72% 89.6M 1s
 18800K .......... .......... .......... .......... .......... 73% 93.1M 1s
 18850K .......... .......... .......... .......... .......... 73% 93.7M 1s
 18900K .......... .......... .......... .......... .......... 73%  152M 1s
 18950K .......... .......... .......... .......... .......... 73% 98.6M 1s
 19000K .......... .......... .......... .......... .......... 73%  143M 1s
 19050K .......... .......... .......... .......... .......... 74% 98.8M 1s
 19100K .......... .......... .......... .......... .......... 74%  149M 1s
 19150K .......... .......... .......... .......... .......... 74% 89.3M 1s
 19200K .......... .......... .......... .......... .......... 74% 96.4M 1s
 19250K .......... .......... .......... .......... .......... 74%  154M 1s
 19300K .......... .......... .......... .......... .......... 74% 84.1M 1s
 19350K .......... .......... .......... .......... .......... 75%  123M 1s
 19400K .......... .......... .......... .......... .......... 75% 55.2M 0s
 19450K .......... .......... .......... .......... .......... 75% 77.1M 0s
 19500K .......... .......... .......... .......... .......... 75%  179M 0s
 19550K .......... .......... .......... .......... .......... 75% 79.5M 0s
 19600K .......... .......... .......... .......... .......... 76% 89.0M 0s
 19650K .......... .......... .......... .......... .......... 76% 65.9M 0s
 19700K .......... .......... .......... .......... .......... 76%  107M 0s
 19750K .......... .......... .......... .......... .......... 76%  138M 0s
 19800K .......... .......... .......... .......... .......... 76% 89.3M 0s
 19850K .......... .......... .......... .......... .......... 77%  150M 0s
 19900K .......... .......... .......... .......... .......... 77% 66.5M 0s
 19950K .......... .......... .......... .......... .......... 77% 72.6M 0s
 20000K .......... .......... .......... .......... .......... 77%  113M 0s
 20050K .......... .......... .......... .......... .......... 77% 76.1M 0s
 20100K .......... .......... .......... .......... .......... 78%  157M 0s
 20150K .......... .......... .......... .......... .......... 78% 47.1M 0s
 20200K .......... .......... .......... .......... .......... 78%  130M 0s
 20250K .......... .......... .......... .......... .......... 78% 98.5M 0s
 20300K .......... .......... .......... .......... .......... 78%  157M 0s
 20350K .......... .......... .......... .......... .......... 79% 87.4M 0s
 20400K .......... .......... .......... .......... .......... 79%  101M 0s
 20450K .......... .......... .......... .......... .......... 79%  150M 0s
 20500K .......... .......... .......... .......... .......... 79% 39.6M 0s
 20550K .......... .......... .......... .......... .......... 79% 98.3M 0s
 20600K .......... .......... .......... .......... .......... 80%  139M 0s
 20650K .......... .......... .......... .......... .......... 80% 87.3M 0s
 20700K .......... .......... .......... .......... .......... 80%  153M 0s
 20750K .......... .......... .......... .......... .......... 80% 91.1M 0s
 20800K .......... .......... .......... .......... .......... 80% 76.8M 0s
 20850K .......... .......... .......... .......... .......... 80%  104M 0s
 20900K .......... .......... .......... .......... .......... 81%  134M 0s
 20950K .......... .......... .......... .......... .......... 81% 25.6M 0s
 21000K .......... .......... .......... .......... .......... 81%  141M 0s
 21050K .......... .......... .......... .......... .......... 81%  107M 0s
 21100K .......... .......... .......... .......... .......... 81%  148M 0s
 21150K .......... .......... .......... .......... .......... 82% 1.53M 0s
 21200K .......... .......... .......... .......... .......... 82% 96.2M 0s
 21250K .......... .......... .......... .......... .......... 82%  131M 0s
 21300K .......... .......... .......... .......... .......... 82% 99.1M 0s
 21350K .......... .......... .......... .......... .......... 82%  159M 0s
 21400K .......... .......... .......... .......... .......... 83% 89.2M 0s
 21450K .......... .......... .......... .......... .......... 83%  131M 0s
 21500K .......... .......... .......... .......... .......... 83% 96.1M 0s
 21550K .......... .......... .......... .......... .......... 83% 84.5M 0s
 21600K .......... .......... .......... .......... .......... 83% 95.3M 0s
 21650K .......... .......... .......... .......... .......... 84%  129M 0s
 21700K .......... .......... .......... .......... .......... 84% 85.0M 0s
 21750K .......... .......... .......... .......... .......... 84%  150M 0s
 21800K .......... .......... .......... .......... .......... 84% 93.0M 0s
 21850K .......... .......... .......... .......... .......... 84%  136M 0s
 21900K .......... .......... .......... .......... .......... 85%  103M 0s
 21950K .......... .......... .......... .......... .......... 85% 88.8M 0s
 22000K .......... .......... .......... .......... .......... 85%  123M 0s
 22050K .......... .......... .......... .......... .......... 85%  102M 0s
 22100K .......... .......... .......... .......... .......... 85%  137M 0s
 22150K .......... .......... .......... .......... .......... 86%  108M 0s
 22200K .......... .......... .......... .......... .......... 86%  127M 0s
 22250K .......... .......... .......... .......... .......... 86% 93.5M 0s
 22300K .......... .......... .......... .......... .......... 86%  135M 0s
 22350K .......... .......... .......... .......... .......... 86% 93.0M 0s
 22400K .......... .......... .......... .......... .......... 86% 97.8M 0s
 22450K .......... .......... .......... .......... .......... 87% 90.6M 0s
 22500K .......... .......... .......... .......... .......... 87%  129M 0s
 22550K .......... .......... .......... .......... .......... 87%  109M 0s
 22600K .......... .......... .......... .......... .......... 87%  143M 0s
 22650K .......... .......... .......... .......... .......... 87% 89.3M 0s
 22700K .......... .......... .......... .......... .......... 88% 89.4M 0s
 22750K .......... .......... .......... .......... .......... 88% 56.8M 0s
 22800K .......... .......... .......... .......... .......... 88%  138M 0s
 22850K .......... .......... .......... .......... .......... 88% 95.3M 0s
 22900K .......... .......... .......... .......... .......... 88%  146M 0s
 22950K .......... .......... .......... .......... .......... 89%  102M 0s
 23000K .......... .......... .......... .......... .......... 89%  141M 0s
 23050K .......... .......... .......... .......... .......... 89% 89.6M 0s
 23100K .......... .......... .......... .......... .......... 89%  145M 0s
 23150K .......... .......... .......... .......... .......... 89% 65.0M 0s
 23200K .......... .......... .......... .......... .......... 90% 87.6M 0s
 23250K .......... .......... .......... .......... .......... 90% 83.2M 0s
 23300K .......... .......... .......... .......... .......... 90%  145M 0s
 23350K .......... .......... .......... .......... .......... 90%  102M 0s
 23400K .......... .......... .......... .......... .......... 90%  147M 0s
 23450K .......... .......... .......... .......... .......... 91% 99.5M 0s
 23500K .......... .......... .......... .......... .......... 91%  139M 0s
 23550K .......... .......... .......... .......... .......... 91% 59.7M 0s
 23600K .......... .......... .......... .......... .......... 91%  431K 0s
 23650K .......... .......... .......... .......... .......... 91%  167M 0s
 23700K .......... .......... .......... .......... .......... 92%  106M 0s
 23750K .......... .......... .......... .......... .......... 92% 80.1M 0s
 23800K .......... .......... .......... .......... .......... 92%  155M 0s
 23850K .......... .......... .......... .......... .......... 92%  102M 0s
 23900K .......... .......... .......... .......... .......... 92% 64.7M 0s
 23950K .......... .......... .......... .......... .......... 92%  101M 0s
 24000K .......... .......... .......... .......... .......... 93% 92.9M 0s
 24050K .......... .......... .......... .......... .......... 93%  153M 0s
 24100K .......... .......... .......... .......... .......... 93% 98.1M 0s
 24150K .......... .......... .......... .......... .......... 93%  123M 0s
 24200K .......... .......... .......... .......... .......... 93% 93.6M 0s
 24250K .......... .......... .......... .......... .......... 94%  152M 0s
 24300K .......... .......... .......... .......... .......... 94%  112M 0s
 24350K .......... .......... .......... .......... .......... 94% 80.0M 0s
 24400K .......... .......... .......... .......... .......... 94% 80.0M 0s
 24450K .......... .......... .......... .......... .......... 94% 83.8M 0s
 24500K .......... .......... .......... .......... .......... 95% 90.1M 0s
 24550K .......... .......... .......... .......... .......... 95%  168M 0s
 24600K .......... .......... .......... .......... .......... 95% 98.1M 0s
 24650K .......... .......... .......... .......... .......... 95%  125M 0s
 24700K .......... .......... .......... .......... .......... 95%  106M 0s
 24750K .......... .......... .......... .......... .......... 96% 84.7M 0s
 24800K .......... .......... .......... .......... .......... 96%  148M 0s
 24850K .......... .......... .......... .......... .......... 96% 83.2M 0s
 24900K .......... .......... .......... .......... .......... 96%  105M 0s
 24950K .......... .......... .......... .......... .......... 96%  143M 0s
 25000K .......... .......... .......... .......... .......... 97% 94.8M 0s
 25050K .......... .......... .......... .......... .......... 97%  146M 0s
 25100K .......... .......... .......... .......... .......... 97% 86.8M 0s
 25150K .......... .......... .......... .......... .......... 97% 71.7M 0s
 25200K .......... .......... .......... .......... .......... 97%  110M 0s
 25250K .......... .......... .......... .......... .......... 98% 91.0M 0s
 25300K .......... .......... .......... .......... .......... 98%  173M 0s
 25350K .......... .......... .......... .......... .......... 98% 88.9M 0s
 25400K .......... .......... .......... .......... .......... 98%  136M 0s
 25450K .......... .......... .......... .......... .......... 98%  117M 0s
 25500K .......... .......... .......... .......... .......... 99%  101M 0s
 25550K .......... .......... .......... .......... .......... 99% 74.9M 0s
 25600K .......... .......... .......... .......... .......... 99% 96.5M 0s
 25650K .......... .......... .......... .......... .......... 99% 1.67M 0s
 25700K .......... .......... .......... .......... .......... 99% 89.0M 0s
 25750K .......... .......... .......... .......... .......... 99% 89.3M 0s
 25800K .......                                               100% 14.3T=1.8s

2025-12-10 08:16:53 (14.3 MB/s) - ‘vlc-3.0.22.tar.xz’ saved [26427084/26427084]

--2025-12-10 08:16:53--  https://www.linuxfromscratch.org/patches/blfs/svn/vlc-3.0.21-taglib-1.patch
Resolving www.linuxfromscratch.org (www.linuxfromscratch.org)... 208.118.68.85
Connecting to www.linuxfromscratch.org (www.linuxfromscratch.org)|208.118.68.85|:443... connected.
HTTP request sent, awaiting response... 404 Not Found
2025-12-10 08:16:53 ERROR 404: Not Found.

