--2025-09-17 07:23:01--  https://download.gnome.org/sources/gnome-console/49/gnome-console-49.0.tar.xz
Resolving download.gnome.org (download.gnome.org)... 2a02:6ea0:c400::54, 2a02:6ea0:c400::53, 79.127.206.207, ...
Connecting to download.gnome.org (download.gnome.org)|2a02:6ea0:c400::54|:443... connected.
HTTP request sent, awaiting response... 200 OK
Length: 251868 (246K) [application/octet-stream]
Saving to: 'gnome-console-49.0.tar.xz'

     0K .......... .......... .......... .......... .......... 20% 4.10M 0s
    50K .......... .......... .......... .......... .......... 40% 11.3M 0s
   100K .......... .......... .......... .......... .......... 60% 12.1M 0s
   150K .......... .......... .......... .......... .......... 81% 25.5M 0s
   200K .......... .......... .......... .......... .....     100% 20.2M=0.02s

2025-09-17 07:23:01 (9.85 MB/s) - 'gnome-console-49.0.tar.xz' saved [251868/251868]

gnome-console-49.0/
gnome-console-49.0/.editorconfig
gnome-console-49.0/.gitignore
gnome-console-49.0/.gitlab-ci/
gnome-console-49.0/.gitlab-ci/ci-32-cross
gnome-console-49.0/.gitlab-ci.yml
gnome-console-49.0/COPYING
gnome-console-49.0/NEWS
gnome-console-49.0/README.md
gnome-console-49.0/build-aux/
gnome-console-49.0/build-aux/flatpak/
gnome-console-49.0/build-aux/flatpak/org.gnome.Console.Devel.json
gnome-console-49.0/console.doap
gnome-console-49.0/data/
gnome-console-49.0/data/meson.build
gnome-console-49.0/data/org.gnome.Console-symbolic.svg
gnome-console-49.0/data/org.gnome.Console.Devel.svg
gnome-console-49.0/data/org.gnome.Console.Source.svg
gnome-console-49.0/data/org.gnome.Console.desktop.in.in
gnome-console-49.0/data/org.gnome.Console.gschema.xml.in
gnome-console-49.0/data/org.gnome.Console.metainfo.xml.in.in
gnome-console-49.0/data/org.gnome.Console.service.in
gnome-console-49.0/data/org.gnome.Console.svg
gnome-console-49.0/data/screenshots/
gnome-console-49.0/data/screenshots/01-Terminal.png
gnome-console-49.0/gcovr.cfg
gnome-console-49.0/logo.png
gnome-console-49.0/meson.build
gnome-console-49.0/meson.format
gnome-console-49.0/meson.options
gnome-console-49.0/po/
gnome-console-49.0/po/LINGUAS
gnome-console-49.0/po/POTFILES.in
gnome-console-49.0/po/ab.po
gnome-console-49.0/po/ar.po
gnome-console-49.0/po/az.po
gnome-console-49.0/po/be.po
gnome-console-49.0/po/bg.po
gnome-console-49.0/po/ca.po
gnome-console-49.0/po/cs.po
gnome-console-49.0/po/da.po
gnome-console-49.0/po/de.po
gnome-console-49.0/po/el.po
gnome-console-49.0/po/en_GB.po
gnome-console-49.0/po/eo.po
gnome-console-49.0/po/es.po
gnome-console-49.0/po/eu.po
gnome-console-49.0/po/fa.po
gnome-console-49.0/po/fi.po
gnome-console-49.0/po/fr.po
gnome-console-49.0/po/fur.po
gnome-console-49.0/po/gl.po
gnome-console-49.0/po/he.po
gnome-console-49.0/po/hi.po
gnome-console-49.0/po/hr.po
gnome-console-49.0/po/hu.po
gnome-console-49.0/po/ia.po
gnome-console-49.0/po/id.po
gnome-console-49.0/po/ie.po
gnome-console-49.0/po/it.po
gnome-console-49.0/po/ja.po
gnome-console-49.0/po/ka.po
gnome-console-49.0/po/kab.po
gnome-console-49.0/po/kk.po
gnome-console-49.0/po/ko.po
gnome-console-49.0/po/lt.po
gnome-console-49.0/po/lv.po
gnome-console-49.0/po/meson.build
gnome-console-49.0/po/nb.po
gnome-console-49.0/po/ne.po
gnome-console-49.0/po/nl.po
gnome-console-49.0/po/oc.po
gnome-console-49.0/po/pa.po
gnome-console-49.0/po/pl.po
gnome-console-49.0/po/pt.po
gnome-console-49.0/po/pt_BR.po
gnome-console-49.0/po/ro.po
gnome-console-49.0/po/ru.po
gnome-console-49.0/po/sk.po
gnome-console-49.0/po/sl.po
gnome-console-49.0/po/sr.po
gnome-console-49.0/po/sr@latin.po
gnome-console-49.0/po/sv.po
gnome-console-49.0/po/th.po
gnome-console-49.0/po/tr.po
gnome-console-49.0/po/uk.po
gnome-console-49.0/po/uz.po
gnome-console-49.0/po/vi.po
gnome-console-49.0/po/zh_CN.po
gnome-console-49.0/po/zh_TW.po
gnome-console-49.0/src/
gnome-console-49.0/src/icons/
gnome-console-49.0/src/icons/scalable/
gnome-console-49.0/src/icons/scalable/status/
gnome-console-49.0/src/icons/scalable/status/bell-outline-symbolic.svg
gnome-console-49.0/src/icons/scalable/status/emblem-ok-symbolic.svg
gnome-console-49.0/src/icons/scalable/status/external-link-symbolic.svg
gnome-console-49.0/src/icons/scalable/status/status-privileged-symbolic.svg
gnome-console-49.0/src/icons/scalable/status/status-regular-symbolic.svg
gnome-console-49.0/src/icons/scalable/status/status-remote-symbolic.svg
gnome-console-49.0/src/icons/scalable/status/theme-check-symbolic.svg
gnome-console-49.0/src/kgx-about.c
gnome-console-49.0/src/kgx-about.h
gnome-console-49.0/src/kgx-application.c
gnome-console-49.0/src/kgx-application.h
gnome-console-49.0/src/kgx-close-dialog.c
gnome-console-49.0/src/kgx-close-dialog.h
gnome-console-49.0/src/kgx-colour-utils.c
gnome-console-49.0/src/kgx-colour-utils.h
gnome-console-49.0/src/kgx-depot.c
gnome-console-49.0/src/kgx-depot.h
gnome-console-49.0/src/kgx-despatcher.c
gnome-console-49.0/src/kgx-despatcher.h
gnome-console-49.0/src/kgx-drop-target.c
gnome-console-49.0/src/kgx-drop-target.h
gnome-console-49.0/src/kgx-empty.c
gnome-console-49.0/src/kgx-empty.h
gnome-console-49.0/src/kgx-empty.ui
gnome-console-49.0/src/kgx-file-closures.h
gnome-console-49.0/src/kgx-fullscreen-box.c
gnome-console-49.0/src/kgx-fullscreen-box.h
gnome-console-49.0/src/kgx-fullscreen-box.ui
gnome-console-49.0/src/kgx-git-tag.h.in
gnome-console-49.0/src/kgx-icon-closures.h
gnome-console-49.0/src/kgx-livery-manager.c
gnome-console-49.0/src/kgx-livery-manager.h
gnome-console-49.0/src/kgx-livery.c
gnome-console-49.0/src/kgx-livery.h
gnome-console-49.0/src/kgx-locale.h
gnome-console-49.0/src/kgx-marshals.list
gnome-console-49.0/src/kgx-page-expression.ui
gnome-console-49.0/src/kgx-pages.c
gnome-console-49.0/src/kgx-pages.h
gnome-console-49.0/src/kgx-pages.ui
gnome-console-49.0/src/kgx-palette.c
gnome-console-49.0/src/kgx-palette.h
gnome-console-49.0/src/kgx-paste-dialog.c
gnome-console-49.0/src/kgx-paste-dialog.h
gnome-console-49.0/src/kgx-process.c
gnome-console-49.0/src/kgx-process.h
gnome-console-49.0/src/kgx-proxy-info.c
gnome-console-49.0/src/kgx-proxy-info.h
gnome-console-49.0/src/kgx-settings.c
gnome-console-49.0/src/kgx-settings.h
gnome-console-49.0/src/kgx-settings.ui.in
gnome-console-49.0/src/kgx-shared-closures.h
gnome-console-49.0/src/kgx-simple-tab.c
gnome-console-49.0/src/kgx-simple-tab.h
gnome-console-49.0/src/kgx-simple-tab.ui
gnome-console-49.0/src/kgx-spad-source.c
gnome-console-49.0/src/kgx-spad-source.h
gnome-console-49.0/src/kgx-spad.c
gnome-console-49.0/src/kgx-spad.h
gnome-console-49.0/src/kgx-spad.ui
gnome-console-49.0/src/kgx-system-info.c
gnome-console-49.0/src/kgx-system-info.h
gnome-console-49.0/src/kgx-tab.c
gnome-console-49.0/src/kgx-tab.h
gnome-console-49.0/src/kgx-tab.ui
gnome-console-49.0/src/kgx-templated.c
gnome-console-49.0/src/kgx-templated.h
gnome-console-49.0/src/kgx-terminal.c
gnome-console-49.0/src/kgx-terminal.h
gnome-console-49.0/src/kgx-terminal.ui
gnome-console-49.0/src/kgx-theme-switcher.c
gnome-console-49.0/src/kgx-theme-switcher.h
gnome-console-49.0/src/kgx-theme-switcher.ui
gnome-console-49.0/src/kgx-train.c
gnome-console-49.0/src/kgx-train.h
gnome-console-49.0/src/kgx-utils.c
gnome-console-49.0/src/kgx-utils.h
gnome-console-49.0/src/kgx-watcher.c
gnome-console-49.0/src/kgx-watcher.h
gnome-console-49.0/src/kgx-window.c
gnome-console-49.0/src/kgx-window.h
gnome-console-49.0/src/kgx-window.ui
gnome-console-49.0/src/kgx.gresource.xml.in
gnome-console-49.0/src/logo.txt
gnome-console-49.0/src/main.c
gnome-console-49.0/src/meson.build
gnome-console-49.0/src/org.freedesktop.FileManager1.xml
gnome-console-49.0/src/pids/
gnome-console-49.0/src/pids/kgx-gtop.c
gnome-console-49.0/src/pids/kgx-gtop.h
gnome-console-49.0/src/pids/kgx-pids.c
gnome-console-49.0/src/pids/kgx-pids.h
gnome-console-49.0/src/pids/meson.build
gnome-console-49.0/src/preferences/
gnome-console-49.0/src/preferences/kgx-font-picker.c
gnome-console-49.0/src/preferences/kgx-font-picker.h
gnome-console-49.0/src/preferences/kgx-font-picker.ui
gnome-console-49.0/src/preferences/kgx-preferences-window.c
gnome-console-49.0/src/preferences/kgx-preferences-window.h
gnome-console-49.0/src/preferences/kgx-preferences-window.ui
gnome-console-49.0/src/rgba.h
gnome-console-49.0/src/shortcuts-dialog.ui
gnome-console-49.0/src/style-dark.css
gnome-console-49.0/src/style.css
gnome-console-49.0/subprojects/
gnome-console-49.0/subprojects/adwaita.wrap
gnome-console-49.0/subprojects/glib.wrap
gnome-console-49.0/subprojects/gtk.wrap
gnome-console-49.0/subprojects/pango.wrap
gnome-console-49.0/subprojects/vte.wrap
gnome-console-49.0/tests/
gnome-console-49.0/tests/kgx-test-utils.c
gnome-console-49.0/tests/kgx-test-utils.h
gnome-console-49.0/tests/kgx-test.gresource.xml.in
gnome-console-49.0/tests/lsan.supp
gnome-console-49.0/tests/meson.build
gnome-console-49.0/tests/test/
gnome-console-49.0/tests/test/also.ui
gnome-console-49.0/tests/test/base.ui
gnome-console-49.0/tests/test-colour-utils.c
gnome-console-49.0/tests/test-empty.c
gnome-console-49.0/tests/test-file-closures.c
gnome-console-49.0/tests/test-icon-closures.c
gnome-console-49.0/tests/test-livery.c
gnome-console-49.0/tests/test-locale.c
gnome-console-49.0/tests/test-pages.c
gnome-console-49.0/tests/test-palette.c
gnome-console-49.0/tests/test-proxy-info.c
gnome-console-49.0/tests/test-settings.c
gnome-console-49.0/tests/test-shared-closures.c
gnome-console-49.0/tests/test-spad-source.c
gnome-console-49.0/tests/test-spad.c
gnome-console-49.0/tests/test-system-info.c
gnome-console-49.0/tests/test-tab.c
gnome-console-49.0/tests/test-templated.c
gnome-console-49.0/tests/test-theme-switcher.c
gnome-console-49.0/tests/test-utils.c
The Meson build system
Version: 1.7.0
Source dir: /blfs/builds/gnome-console-49.0
Build dir: /blfs/builds/gnome-console-49.0/build
Build type: native build
Project name: gnome-console
Project version: 49.0
C compiler for the host machine: cc (gcc 15.2.0 "cc (GCC) 15.2.0")
C linker for the host machine: cc ld.bfd 2.45
Host machine cpu family: x86_64
Host machine cpu: x86_64
Program true found: YES (/usr/bin/true)
Compiler for C supports arguments -Wdeclaration-after-statement: YES 
Compiler for C supports arguments -Werror=format-security -Werror=format=2: YES 
Compiler for C supports arguments -Werror=missing-declarations: YES 
Compiler for C supports arguments -Wformat-nonliteral: YES 
Compiler for C supports arguments -Wformat-security: YES 
Compiler for C supports arguments -Werror=format: YES 
Compiler for C supports arguments -Winit-self: YES 
Compiler for C supports arguments -Wmaybe-uninitialized: YES 
Compiler for C supports arguments -Wno-strict-aliasing: YES 
Compiler for C supports arguments -Wno-unused-parameter: YES 
Compiler for C supports arguments -Wold-style-definition: YES 
Compiler for C supports arguments -Wshadow: YES 
Compiler for C supports arguments -Wstrict-prototypes: YES 
Compiler for C supports arguments -Wswitch-default: YES 
Compiler for C supports arguments -Wswitch-enum: YES 
Compiler for C supports arguments -Wunused-function: YES 
Compiler for C supports arguments -fstack-protector-strong: YES 
Compiler for C supports arguments -fno-omit-frame-pointer: YES 
Compiler for C supports arguments -mno-omit-leaf-frame-pointer: YES 
Compiler for C supports arguments -fasynchronous-unwind-tables: YES 
Found pkg-config: YES (/usr/bin/pkg-config) 2.5.1
Run-time dependency gio-2.0 found: YES 2.84.4
Run-time dependency gio-unix-2.0 found: YES 2.84.4
Run-time dependency vte-2.91-gtk4 found: YES 0.82.0
Run-time dependency gtk4 found: YES 4.20.1
Run-time dependency libadwaita-1 found: YES 1.8.0
Run-time dependency pango found: YES 1.56.4
Run-time dependency libgtop-2.0 found: YES 2.41.3
Run-time dependency libpcre2-8 found: YES 10.46
Run-time dependency gsettings-desktop-schemas found: YES 49.0
Program desktop-file-validate found: YES (/usr/bin/desktop-file-validate)
Program appstreamcli found: YES (/usr/bin/appstreamcli)
Program glib-compile-schemas found: YES (/usr/bin/glib-compile-schemas)
Configuring org.gnome.Console.desktop.in using configuration
Program msgfmt found: YES (/usr/bin/msgfmt)
Configuring org.gnome.Console.metainfo.xml.in using configuration
Configuring org.gnome.Console.gschema.xml using configuration
Configuring org.gnome.Console.service using configuration
Configuring kgx-config.h using configuration
Build-time dependency glib-2.0 found: YES 2.84.4
Program /usr/bin/glib-mkenums found: YES (/usr/bin/glib-mkenums)
Dependency glib-2.0 found: YES 2.84.4 (cached)
Program /usr/bin/glib-mkenums found: YES (/usr/bin/glib-mkenums)
Library m found: YES
Configuring kgx.gresource.xml using configuration
Configuring kgx-settings.ui using configuration
Dependency gio-2.0 found: YES 2.84.4 (cached)
Program /usr/bin/glib-compile-resources found: YES (/usr/bin/glib-compile-resources)
Dependency glib-2.0 found: YES 2.84.4 (cached)
Program /usr/bin/glib-genmarshal found: YES (/usr/bin/glib-genmarshal)
Dependency gio-2.0 found: YES 2.84.4 (cached)
Program /usr/bin/gdbus-codegen found: YES (/usr/bin/gdbus-codegen)
Dependency glib-2.0 found: YES 2.84.4 (cached)
Program /usr/bin/glib-mkenums found: YES (/usr/bin/glib-mkenums)
Dependency glib-2.0 found: YES 2.84.4 (cached)
Program /usr/bin/glib-mkenums found: YES (/usr/bin/glib-mkenums)
Program msginit found: YES (/usr/bin/msginit)
Program msgmerge found: YES (/usr/bin/msgmerge)
Program xgettext found: YES (/usr/bin/xgettext)
Configuring kgx-test.gresource.xml using configuration
Dependency gio-2.0 found: YES 2.84.4 (cached)
Program /usr/bin/glib-compile-resources found: YES (/usr/bin/glib-compile-resources)
Dependency gio-2.0 found: YES 2.84.4 (cached)
Program /usr/bin/glib-compile-schemas found: YES (/usr/bin/glib-compile-schemas)
Program gtk4-update-icon-cache found: YES (/usr/bin/gtk4-update-icon-cache)
Program update-desktop-database found: YES (/usr/bin/update-desktop-database)
Build targets in project: 96

gnome-console 49.0

  User defined options
    buildtype: release
    prefix   : /usr

Found ninja-1.13.1 at /usr/bin/ninja
[1/282] Generating data/kgx-schemas with a custom command
[2/282] Building translation po/ab/LC_MESSAGES/kgx-ab.mo
[3/282] Building translation po/ar/LC_MESSAGES/kgx-ar.mo
[4/282] Building translation po/be/LC_MESSAGES/kgx-be.mo
[5/282] Building translation po/az/LC_MESSAGES/kgx-az.mo
[6/282] Building translation po/bg/LC_MESSAGES/kgx-bg.mo
[7/282] Building translation po/ca/LC_MESSAGES/kgx-ca.mo
[8/282] Building translation po/cs/LC_MESSAGES/kgx-cs.mo
[9/282] Building translation po/da/LC_MESSAGES/kgx-da.mo
[10/282] Building translation po/de/LC_MESSAGES/kgx-de.mo
[11/282] Building translation po/el/LC_MESSAGES/kgx-el.mo
[12/282] Building translation po/en_GB/LC_MESSAGES/kgx-en_GB.mo
[13/282] Building translation po/eo/LC_MESSAGES/kgx-eo.mo
[14/282] Building translation po/es/LC_MESSAGES/kgx-es.mo
[15/282] Generating tests/kgx-test-resources_c with a custom command
[16/282] Generating tests/kgx-test-resources_h with a custom command
[17/282] Building translation po/fr/LC_MESSAGES/kgx-fr.mo
[18/282] Building translation po/eu/LC_MESSAGES/kgx-eu.mo
[19/282] Building translation po/fi/LC_MESSAGES/kgx-fi.mo
[20/282] Building translation po/fur/LC_MESSAGES/kgx-fur.mo
[21/282] Building translation po/fa/LC_MESSAGES/kgx-fa.mo
[22/282] Building translation po/hi/LC_MESSAGES/kgx-hi.mo
[23/282] Building translation po/hr/LC_MESSAGES/kgx-hr.mo
[24/282] Building translation po/gl/LC_MESSAGES/kgx-gl.mo
[25/282] Building translation po/ia/LC_MESSAGES/kgx-ia.mo
[26/282] Building translation po/id/LC_MESSAGES/kgx-id.mo
[27/282] Building translation po/ie/LC_MESSAGES/kgx-ie.mo
[28/282] Building translation po/he/LC_MESSAGES/kgx-he.mo
[29/282] Building translation po/it/LC_MESSAGES/kgx-it.mo
[30/282] Building translation po/ja/LC_MESSAGES/kgx-ja.mo
[31/282] Building translation po/hu/LC_MESSAGES/kgx-hu.mo
[32/282] Building translation po/ka/LC_MESSAGES/kgx-ka.mo
[33/282] Building translation po/kab/LC_MESSAGES/kgx-kab.mo
[34/282] Building translation po/kk/LC_MESSAGES/kgx-kk.mo
[35/282] Building translation po/ko/LC_MESSAGES/kgx-ko.mo
[36/282] Building translation po/lt/LC_MESSAGES/kgx-lt.mo
[37/282] Building translation po/lv/LC_MESSAGES/kgx-lv.mo
[38/282] Building translation po/ne/LC_MESSAGES/kgx-ne.mo
[39/282] Building translation po/nl/LC_MESSAGES/kgx-nl.mo
[40/282] Building translation po/oc/LC_MESSAGES/kgx-oc.mo
[41/282] Building translation po/pa/LC_MESSAGES/kgx-pa.mo
[42/282] Building translation po/nb/LC_MESSAGES/kgx-nb.mo
[43/282] Building translation po/pt/LC_MESSAGES/kgx-pt.mo
[44/282] Building translation po/pl/LC_MESSAGES/kgx-pl.mo
[45/282] Generating glib marshaller header src/kgx-marshals_h
[46/282] Building translation po/ro/LC_MESSAGES/kgx-ro.mo
[47/282] Building translation po/ru/LC_MESSAGES/kgx-ru.mo
[48/282] Building translation po/sk/LC_MESSAGES/kgx-sk.mo
[49/282] Building translation po/pt_BR/LC_MESSAGES/kgx-pt_BR.mo
[50/282] Building translation po/sr/LC_MESSAGES/kgx-sr.mo
[51/282] Building translation po/sr@latin/LC_MESSAGES/kgx-sr@latin.mo
[52/282] Generating gdbus source src/xdg-fm1.c
[53/282] Generating gdbus header src/xdg-fm1.h
[54/282] Building translation po/sv/LC_MESSAGES/kgx-sv.mo
[55/282] Building translation po/th/LC_MESSAGES/kgx-th.mo
[56/282] Building translation po/tr/LC_MESSAGES/kgx-tr.mo
[57/282] Building translation po/sl/LC_MESSAGES/kgx-sl.mo
[58/282] Building translation po/vi/LC_MESSAGES/kgx-vi.mo
[59/282] Building translation po/uz/LC_MESSAGES/kgx-uz.mo
[60/282] Building translation po/uk/LC_MESSAGES/kgx-uk.mo
[61/282] Building translation po/zh_TW/LC_MESSAGES/kgx-zh_TW.mo
[62/282] Building translation po/zh_CN/LC_MESSAGES/kgx-zh_CN.mo
[63/282] Generating src/kgx-resources_h with a custom command
[64/282] Generating src/kgx-resources_c with a custom command
[65/282] Generating glib marshaller source src/kgx-marshals_c
[66/282] Generating src/kgx-git-tag.h with a custom command
fatal: not a git repository (or any of the parent directories): .git
[67/282] Generating GObject enum file src/pids/kgx-pids-enums.c (wrapped by meson because command contains newlines, to capture output)
[68/282] Generating GObject enum file src/pids/kgx-pids-enums.h (wrapped by meson because command contains newlines, to capture output)
[69/282] Generating GObject enum file src/kgx-enums.h (wrapped by meson because command contains newlines, to capture output)
[70/282] Generating GObject enum file src/kgx-enums.c (wrapped by meson because command contains newlines, to capture output)
[71/282] Merging translations for data/org.gnome.Console.desktop
[72/282] Compiling C object src/pids/libkgx-pids.a.p/meson-generated_.._kgx-pids-enums.c.o
[73/282] Compiling C object src/pids/libkgx-pids.a.p/kgx-pids.c.o
[74/282] Compiling C object src/libkgx.a.p/meson-generated_.._pids_kgx-pids-enums.c.o
[75/282] Merging translations for data/org.gnome.Console.metainfo.xml
[76/282] Compiling C object src/pids/libkgx-pids.a.p/kgx-gtop.c.o
[77/282] Compiling C object src/libkgx.a.p/meson-generated_.._kgx-resources.c.o
[78/282] Compiling C object src/libkgx.a.p/meson-generated_.._kgx-marshals.c.o
[79/282] Compiling C object src/libkgx.a.p/kgx-colour-utils.c.o
[80/282] Compiling C object src/libkgx.a.p/kgx-process.c.o
[81/282] Compiling C object src/libkgx.a.p/kgx-livery.c.o
[82/282] Compiling C object src/libkgx.a.p/meson-generated_.._xdg-fm1.c.o
[83/282] Compiling C object src/libkgx.a.p/kgx-proxy-info.c.o
[84/282] Compiling C object src/libkgx.a.p/kgx-system-info.c.o
[85/282] Compiling C object src/libkgx.a.p/kgx-palette.c.o
[86/282] Compiling C object src/libkgx.a.p/kgx-empty.c.o
[87/282] Compiling C object src/libkgx.a.p/meson-generated_.._kgx-enums.c.o
[88/282] Compiling C object src/libkgx.a.p/kgx-depot.c.o
[89/282] Compiling C object src/libkgx.a.p/kgx-close-dialog.c.o
[90/282] Compiling C object src/libkgx.a.p/kgx-despatcher.c.o
[91/282] Linking static target src/pids/libkgx-pids.a
[92/282] Compiling C object src/libkgx.a.p/kgx-fullscreen-box.c.o
[93/282] Compiling C object src/libkgx.a.p/kgx-about.c.o
[94/282] Compiling C object src/libkgx.a.p/kgx-drop-target.c.o
[95/282] Compiling C object src/libkgx.a.p/kgx-paste-dialog.c.o
[96/282] Compiling C object src/kgx.p/meson-generated_.._kgx-resources.c.o
[97/282] Compiling C object src/libkgx.a.p/kgx-livery-manager.c.o
[98/282] Compiling C object src/libkgx.a.p/kgx-simple-tab.c.o
[99/282] Compiling C object src/libkgx.a.p/kgx-utils.c.o
[100/282] Compiling C object src/libkgx.a.p/kgx-train.c.o
[101/282] Compiling C object src/kgx.p/meson-generated_.._kgx-marshals.c.o
[102/282] Compiling C object src/libkgx.a.p/kgx-watcher.c.o
[103/282] Compiling C object src/kgx.p/meson-generated_.._pids_kgx-pids-enums.c.o
[104/282] Compiling C object src/libkgx.a.p/kgx-settings.c.o
[105/282] Compiling C object src/libkgx.a.p/kgx-application.c.o
[106/282] Compiling C object src/libkgx.a.p/kgx-pages.c.o
[107/282] Compiling C object src/libkgx.a.p/kgx-spad-source.c.o
[108/282] Compiling C object src/libkgx.a.p/kgx-spad.c.o
[109/282] Compiling C object tests/test-colour-utils.p/meson-generated_.._kgx-test-resources.c.o
[110/282] Compiling C object tests/test-colour-utils.p/meson-generated_.._.._src_pids_kgx-pids-enums.c.o
[111/282] Compiling C object tests/test-colour-utils.p/meson-generated_.._.._src_kgx-resources.c.o
[112/282] Compiling C object src/libkgx.a.p/kgx-templated.c.o
[113/282] Compiling C object tests/test-empty.p/meson-generated_.._.._src_kgx-resources.c.o
[114/282] Compiling C object tests/test-colour-utils.p/meson-generated_.._.._src_kgx-marshals.c.o
[115/282] Compiling C object tests/test-empty.p/meson-generated_.._.._src_pids_kgx-pids-enums.c.o
[116/282] Compiling C object src/libkgx.a.p/kgx-theme-switcher.c.o
[117/282] Compiling C object src/kgx.p/meson-generated_.._xdg-fm1.c.o
[118/282] Compiling C object tests/test-empty.p/meson-generated_.._kgx-test-resources.c.o
[119/282] Compiling C object tests/test-empty.p/meson-generated_.._.._src_kgx-marshals.c.o
[120/282] Compiling C object src/libkgx.a.p/preferences_kgx-preferences-window.c.o
[121/282] Compiling C object tests/test-colour-utils.p/test-colour-utils.c.o
[122/282] Compiling C object tests/test-file-closures.p/meson-generated_.._kgx-test-resources.c.o
[123/282] Compiling C object tests/test-colour-utils.p/meson-generated_.._.._src_xdg-fm1.c.o
[124/282] Compiling C object tests/test-colour-utils.p/kgx-test-utils.c.o
[125/282] Compiling C object src/libkgx.a.p/preferences_kgx-font-picker.c.o
[126/282] Compiling C object tests/test-file-closures.p/meson-generated_.._.._src_pids_kgx-pids-enums.c.o
[127/282] Compiling C object tests/test-file-closures.p/meson-generated_.._.._src_kgx-resources.c.o
[128/282] Compiling C object tests/test-file-closures.p/meson-generated_.._.._src_kgx-marshals.c.o
[129/282] Compiling C object tests/test-empty.p/meson-generated_.._.._src_xdg-fm1.c.o
[130/282] Compiling C object src/kgx.p/main.c.o
[131/282] Compiling C object tests/test-empty.p/kgx-test-utils.c.o
[132/282] Compiling C object src/libkgx.a.p/kgx-window.c.o
[133/282] Compiling C object src/libkgx.a.p/kgx-tab.c.o
[134/282] Compiling C object src/libkgx.a.p/kgx-terminal.c.o
[135/282] Linking static target src/libkgx.a
[136/282] Compiling C object src/kgx.p/meson-generated_.._kgx-enums.c.o
[137/282] Compiling C object tests/test-icon-closures.p/meson-generated_.._kgx-test-resources.c.o
[138/282] Compiling C object tests/test-icon-closures.p/meson-generated_.._.._src_pids_kgx-pids-enums.c.o
[139/282] Compiling C object tests/test-icon-closures.p/meson-generated_.._.._src_kgx-resources.c.o
[140/282] Compiling C object tests/test-colour-utils.p/meson-generated_.._.._src_kgx-enums.c.o
[141/282] Compiling C object tests/test-icon-closures.p/meson-generated_.._.._src_kgx-marshals.c.o
[142/282] Compiling C object tests/test-file-closures.p/kgx-test-utils.c.o
[143/282] Compiling C object tests/test-file-closures.p/meson-generated_.._.._src_xdg-fm1.c.o
[144/282] Compiling C object tests/test-file-closures.p/test-file-closures.c.o
[145/282] Compiling C object tests/test-livery.p/meson-generated_.._kgx-test-resources.c.o
[146/282] Compiling C object tests/test-livery.p/meson-generated_.._.._src_pids_kgx-pids-enums.c.o
[147/282] Compiling C object tests/test-icon-closures.p/test-icon-closures.c.o
[148/282] Compiling C object tests/test-livery.p/meson-generated_.._.._src_kgx-resources.c.o
[149/282] Compiling C object tests/test-empty.p/meson-generated_.._.._src_kgx-enums.c.o
[150/282] Compiling C object tests/test-livery.p/meson-generated_.._.._src_kgx-marshals.c.o
[151/282] Compiling C object tests/test-empty.p/test-empty.c.o
[152/282] Compiling C object tests/test-locale.p/meson-generated_.._kgx-test-resources.c.o
[153/282] Compiling C object tests/test-icon-closures.p/kgx-test-utils.c.o
[154/282] Compiling C object tests/test-locale.p/test-locale.c.o
[155/282] Compiling C object tests/test-locale.p/meson-generated_.._.._src_pids_kgx-pids-enums.c.o
[156/282] Compiling C object tests/test-locale.p/meson-generated_.._.._src_kgx-resources.c.o
[157/282] Compiling C object tests/test-locale.p/meson-generated_.._.._src_kgx-marshals.c.o
[158/282] Compiling C object tests/test-icon-closures.p/meson-generated_.._.._src_xdg-fm1.c.o
[159/282] Compiling C object tests/test-pages.p/meson-generated_.._.._src_kgx-resources.c.o
[160/282] Compiling C object tests/test-pages.p/meson-generated_.._.._src_pids_kgx-pids-enums.c.o
[161/282] Compiling C object tests/test-livery.p/kgx-test-utils.c.o
[162/282] Compiling C object tests/test-livery.p/meson-generated_.._.._src_xdg-fm1.c.o
[163/282] Compiling C object tests/test-file-closures.p/meson-generated_.._.._src_kgx-enums.c.o
[164/282] Compiling C object tests/test-livery.p/test-livery.c.o
[165/282] Compiling C object tests/test-pages.p/meson-generated_.._kgx-test-resources.c.o
[166/282] Compiling C object tests/test-locale.p/kgx-test-utils.c.o
[167/282] Compiling C object tests/test-pages.p/meson-generated_.._.._src_kgx-marshals.c.o
[168/282] Compiling C object tests/test-palette.p/meson-generated_.._.._src_kgx-resources.c.o
[169/282] Compiling C object tests/test-locale.p/meson-generated_.._.._src_xdg-fm1.c.o
[170/282] Compiling C object tests/test-palette.p/meson-generated_.._.._src_pids_kgx-pids-enums.c.o
[171/282] Compiling C object tests/test-icon-closures.p/meson-generated_.._.._src_kgx-enums.c.o
[172/282] Compiling C object tests/test-palette.p/meson-generated_.._kgx-test-resources.c.o
[173/282] Compiling C object tests/test-proxy-info.p/meson-generated_.._.._src_pids_kgx-pids-enums.c.o
[174/282] Compiling C object tests/test-proxy-info.p/meson-generated_.._.._src_kgx-resources.c.o
[175/282] Compiling C object tests/test-pages.p/kgx-test-utils.c.o
[176/282] Compiling C object tests/test-palette.p/meson-generated_.._.._src_kgx-marshals.c.o
[177/282] Compiling C object tests/test-pages.p/meson-generated_.._.._src_xdg-fm1.c.o
[178/282] Compiling C object tests/test-livery.p/meson-generated_.._.._src_kgx-enums.c.o
[179/282] Compiling C object tests/test-proxy-info.p/meson-generated_.._kgx-test-resources.c.o
[180/282] Compiling C object tests/test-proxy-info.p/meson-generated_.._.._src_kgx-marshals.c.o
[181/282] Compiling C object tests/test-palette.p/kgx-test-utils.c.o
[182/282] Compiling C object tests/test-settings.p/meson-generated_.._.._src_pids_kgx-pids-enums.c.o
[183/282] Compiling C object tests/test-settings.p/meson-generated_.._kgx-test-resources.c.o
[184/282] Compiling C object tests/test-palette.p/meson-generated_.._.._src_xdg-fm1.c.o
[185/282] Compiling C object tests/test-locale.p/meson-generated_.._.._src_kgx-enums.c.o
[186/282] Compiling C object tests/test-settings.p/meson-generated_.._.._src_kgx-resources.c.o
[187/282] Compiling C object tests/test-settings.p/meson-generated_.._.._src_kgx-marshals.c.o
[188/282] Compiling C object tests/test-pages.p/meson-generated_.._.._src_kgx-enums.c.o
[189/282] Compiling C object tests/test-shared-closures.p/meson-generated_.._.._src_pids_kgx-pids-enums.c.o
[190/282] Compiling C object tests/test-shared-closures.p/meson-generated_.._kgx-test-resources.c.o
[191/282] Compiling C object tests/test-proxy-info.p/test-proxy-info.c.o
[192/282] Compiling C object tests/test-shared-closures.p/meson-generated_.._.._src_kgx-resources.c.o
[193/282] Compiling C object tests/test-proxy-info.p/meson-generated_.._.._src_xdg-fm1.c.o
[194/282] Compiling C object tests/test-pages.p/test-pages.c.o
[195/282] Compiling C object tests/test-proxy-info.p/kgx-test-utils.c.o
[196/282] Compiling C object tests/test-settings.p/kgx-test-utils.c.o
[197/282] Compiling C object tests/test-palette.p/meson-generated_.._.._src_kgx-enums.c.o
[198/282] Compiling C object tests/test-shared-closures.p/meson-generated_.._.._src_kgx-marshals.c.o
[199/282] Compiling C object tests/test-spad-source.p/meson-generated_.._.._src_pids_kgx-pids-enums.c.o
[200/282] Compiling C object tests/test-spad-source.p/meson-generated_.._.._src_kgx-resources.c.o
[201/282] Compiling C object tests/test-spad-source.p/meson-generated_.._kgx-test-resources.c.o
[202/282] Compiling C object tests/test-settings.p/meson-generated_.._.._src_xdg-fm1.c.o
[203/282] Compiling C object tests/test-palette.p/test-palette.c.o
[204/282] Compiling C object tests/test-shared-closures.p/kgx-test-utils.c.o
[205/282] Compiling C object tests/test-shared-closures.p/meson-generated_.._.._src_xdg-fm1.c.o
[206/282] Compiling C object tests/test-spad.p/meson-generated_.._kgx-test-resources.c.o
[207/282] Compiling C object tests/test-spad-source.p/meson-generated_.._.._src_kgx-marshals.c.o
[208/282] Compiling C object tests/test-proxy-info.p/meson-generated_.._.._src_kgx-enums.c.o
[209/282] Compiling C object tests/test-spad.p/meson-generated_.._.._src_pids_kgx-pids-enums.c.o
[210/282] Compiling C object tests/test-spad.p/meson-generated_.._.._src_kgx-resources.c.o
[211/282] Compiling C object tests/test-spad.p/meson-generated_.._.._src_kgx-marshals.c.o
[212/282] Compiling C object tests/test-settings.p/test-settings.c.o
[213/282] Compiling C object tests/test-settings.p/meson-generated_.._.._src_kgx-enums.c.o
[214/282] Compiling C object tests/test-system-info.p/meson-generated_.._.._src_kgx-resources.c.o
[215/282] Compiling C object tests/test-spad-source.p/kgx-test-utils.c.o
[216/282] Compiling C object tests/test-spad-source.p/meson-generated_.._.._src_xdg-fm1.c.o
[217/282] Compiling C object tests/test-system-info.p/meson-generated_.._.._src_pids_kgx-pids-enums.c.o
[218/282] Compiling C object tests/test-system-info.p/meson-generated_.._kgx-test-resources.c.o
[219/282] Compiling C object tests/test-tab.p/meson-generated_.._kgx-test-resources.c.o
[220/282] Compiling C object tests/test-spad.p/kgx-test-utils.c.o
[221/282] Compiling C object tests/test-tab.p/meson-generated_.._.._src_kgx-resources.c.o
[222/282] Compiling C object tests/test-spad.p/meson-generated_.._.._src_xdg-fm1.c.o
[223/282] Compiling C object tests/test-system-info.p/meson-generated_.._.._src_kgx-marshals.c.o
[224/282] Compiling C object tests/test-system-info.p/test-system-info.c.o
[225/282] Compiling C object tests/test-tab.p/meson-generated_.._.._src_pids_kgx-pids-enums.c.o
[226/282] Compiling C object tests/test-shared-closures.p/meson-generated_.._.._src_kgx-enums.c.o
[227/282] Compiling C object tests/test-system-info.p/kgx-test-utils.c.o
[228/282] Compiling C object tests/test-tab.p/meson-generated_.._.._src_kgx-marshals.c.o
[229/282] Compiling C object tests/test-templated.p/meson-generated_.._kgx-test-resources.c.o
[230/282] Compiling C object tests/test-shared-closures.p/test-shared-closures.c.o
[231/282] Compiling C object tests/test-templated.p/meson-generated_.._.._src_kgx-resources.c.o
[232/282] Compiling C object tests/test-system-info.p/meson-generated_.._.._src_xdg-fm1.c.o
[233/282] Compiling C object tests/test-templated.p/meson-generated_.._.._src_pids_kgx-pids-enums.c.o
[234/282] Compiling C object tests/test-spad-source.p/meson-generated_.._.._src_kgx-enums.c.o
[235/282] Compiling C object tests/test-spad-source.p/test-spad-source.c.o
[236/282] Compiling C object tests/test-templated.p/meson-generated_.._.._src_kgx-marshals.c.o
[237/282] Compiling C object tests/test-theme-switcher.p/meson-generated_.._.._src_pids_kgx-pids-enums.c.o
[238/282] Compiling C object tests/test-theme-switcher.p/meson-generated_.._kgx-test-resources.c.o
[239/282] Compiling C object tests/test-tab.p/kgx-test-utils.c.o
[240/282] Compiling C object tests/test-spad.p/meson-generated_.._.._src_kgx-enums.c.o
[241/282] Compiling C object tests/test-theme-switcher.p/meson-generated_.._.._src_kgx-resources.c.o
[242/282] Compiling C object tests/test-theme-switcher.p/meson-generated_.._.._src_kgx-marshals.c.o
[243/282] Compiling C object tests/test-system-info.p/meson-generated_.._.._src_kgx-enums.c.o
[244/282] Compiling C object tests/test-tab.p/meson-generated_.._.._src_xdg-fm1.c.o
[245/282] Compiling C object tests/test-spad.p/test-spad.c.o
[246/282] Compiling C object tests/test-templated.p/kgx-test-utils.c.o
[247/282] Compiling C object tests/test-utils.p/meson-generated_.._.._src_pids_kgx-pids-enums.c.o
[248/282] Compiling C object tests/test-utils.p/meson-generated_.._kgx-test-resources.c.o
[249/282] Compiling C object tests/test-utils.p/meson-generated_.._.._src_kgx-resources.c.o
[250/282] Compiling C object tests/test-templated.p/meson-generated_.._.._src_xdg-fm1.c.o
[251/282] Linking target tests/test-colour-utils
[252/282] Linking target tests/test-file-closures
[253/282] Compiling C object tests/test-utils.p/meson-generated_.._.._src_kgx-marshals.c.o
[254/282] Linking target tests/test-livery
[255/282] Linking target tests/test-icon-closures
[256/282] Compiling C object tests/test-theme-switcher.p/kgx-test-utils.c.o
[257/282] Compiling C object tests/test-tab.p/meson-generated_.._.._src_kgx-enums.c.o
[258/282] Linking target tests/test-proxy-info
[259/282] Linking target tests/test-locale
[260/282] Linking target tests/test-palette
[261/282] Compiling C object tests/test-utils.p/kgx-test-utils.c.o
[262/282] Compiling C object tests/test-theme-switcher.p/meson-generated_.._.._src_xdg-fm1.c.o
[263/282] Linking target tests/test-shared-closures
[264/282] Linking target tests/test-system-info
[265/282] Compiling C object tests/test-utils.p/meson-generated_.._.._src_xdg-fm1.c.o
[266/282] Compiling C object tests/test-tab.p/test-tab.c.o
[267/282] Compiling C object tests/test-templated.p/meson-generated_.._.._src_kgx-enums.c.o
[268/282] Compiling C object tests/test-utils.p/test-utils.c.o
[269/282] Compiling C object tests/test-templated.p/test-templated.c.o
[270/282] Compiling C object tests/test-theme-switcher.p/test-theme-switcher.c.o
[271/282] Linking target tests/test-empty
[272/282] Compiling C object tests/test-theme-switcher.p/meson-generated_.._.._src_kgx-enums.c.o
[273/282] Linking target src/kgx
[274/282] Linking target tests/test-settings
[275/282] Linking target tests/test-spad-source
[276/282] Linking target tests/test-pages
[277/282] Linking target tests/test-spad
[278/282] Compiling C object tests/test-utils.p/meson-generated_.._.._src_kgx-enums.c.o
[279/282] Linking target tests/test-templated
[280/282] Linking target tests/test-tab
[281/282] Linking target tests/test-utils
[282/282] Linking target tests/test-theme-switcher
[1/23] Generating src/kgx-git-tag.h with a custom command
fatal: not a git repository (or any of the parent directories): .git
[1/2] Installing files
Installing data/org.gnome.Console.desktop to /usr/share/applications
Installing data/org.gnome.Console.metainfo.xml to /usr/share/metainfo
Installing src/kgx to /usr/bin
Installing po/ab/LC_MESSAGES/kgx.mo to /usr/share/locale/ab/LC_MESSAGES
Installing po/ar/LC_MESSAGES/kgx.mo to /usr/share/locale/ar/LC_MESSAGES
Installing po/az/LC_MESSAGES/kgx.mo to /usr/share/locale/az/LC_MESSAGES
Installing po/be/LC_MESSAGES/kgx.mo to /usr/share/locale/be/LC_MESSAGES
Installing po/bg/LC_MESSAGES/kgx.mo to /usr/share/locale/bg/LC_MESSAGES
Installing po/ca/LC_MESSAGES/kgx.mo to /usr/share/locale/ca/LC_MESSAGES
Installing po/cs/LC_MESSAGES/kgx.mo to /usr/share/locale/cs/LC_MESSAGES
Installing po/da/LC_MESSAGES/kgx.mo to /usr/share/locale/da/LC_MESSAGES
Installing po/de/LC_MESSAGES/kgx.mo to /usr/share/locale/de/LC_MESSAGES
Installing po/el/LC_MESSAGES/kgx.mo to /usr/share/locale/el/LC_MESSAGES
Installing po/en_GB/LC_MESSAGES/kgx.mo to /usr/share/locale/en_GB/LC_MESSAGES
Installing po/eo/LC_MESSAGES/kgx.mo to /usr/share/locale/eo/LC_MESSAGES
Installing po/es/LC_MESSAGES/kgx.mo to /usr/share/locale/es/LC_MESSAGES
Installing po/eu/LC_MESSAGES/kgx.mo to /usr/share/locale/eu/LC_MESSAGES
Installing po/fa/LC_MESSAGES/kgx.mo to /usr/share/locale/fa/LC_MESSAGES
Installing po/fi/LC_MESSAGES/kgx.mo to /usr/share/locale/fi/LC_MESSAGES
Installing po/fr/LC_MESSAGES/kgx.mo to /usr/share/locale/fr/LC_MESSAGES
Installing po/fur/LC_MESSAGES/kgx.mo to /usr/share/locale/fur/LC_MESSAGES
Installing po/gl/LC_MESSAGES/kgx.mo to /usr/share/locale/gl/LC_MESSAGES
Installing po/he/LC_MESSAGES/kgx.mo to /usr/share/locale/he/LC_MESSAGES
Installing po/hi/LC_MESSAGES/kgx.mo to /usr/share/locale/hi/LC_MESSAGES
Installing po/hr/LC_MESSAGES/kgx.mo to /usr/share/locale/hr/LC_MESSAGES
Installing po/hu/LC_MESSAGES/kgx.mo to /usr/share/locale/hu/LC_MESSAGES
Installing po/ia/LC_MESSAGES/kgx.mo to /usr/share/locale/ia/LC_MESSAGES
Installing po/id/LC_MESSAGES/kgx.mo to /usr/share/locale/id/LC_MESSAGES
Installing po/ie/LC_MESSAGES/kgx.mo to /usr/share/locale/ie/LC_MESSAGES
Installing po/it/LC_MESSAGES/kgx.mo to /usr/share/locale/it/LC_MESSAGES
Installing po/ja/LC_MESSAGES/kgx.mo to /usr/share/locale/ja/LC_MESSAGES
Installing po/ka/LC_MESSAGES/kgx.mo to /usr/share/locale/ka/LC_MESSAGES
Installing po/kab/LC_MESSAGES/kgx.mo to /usr/share/locale/kab/LC_MESSAGES
Installing po/kk/LC_MESSAGES/kgx.mo to /usr/share/locale/kk/LC_MESSAGES
Installing po/ko/LC_MESSAGES/kgx.mo to /usr/share/locale/ko/LC_MESSAGES
Installing po/lt/LC_MESSAGES/kgx.mo to /usr/share/locale/lt/LC_MESSAGES
Installing po/lv/LC_MESSAGES/kgx.mo to /usr/share/locale/lv/LC_MESSAGES
Installing po/nb/LC_MESSAGES/kgx.mo to /usr/share/locale/nb/LC_MESSAGES
Installing po/ne/LC_MESSAGES/kgx.mo to /usr/share/locale/ne/LC_MESSAGES
Installing po/nl/LC_MESSAGES/kgx.mo to /usr/share/locale/nl/LC_MESSAGES
Installing po/oc/LC_MESSAGES/kgx.mo to /usr/share/locale/oc/LC_MESSAGES
Installing po/pa/LC_MESSAGES/kgx.mo to /usr/share/locale/pa/LC_MESSAGES
Installing po/pl/LC_MESSAGES/kgx.mo to /usr/share/locale/pl/LC_MESSAGES
Installing po/pt/LC_MESSAGES/kgx.mo to /usr/share/locale/pt/LC_MESSAGES
Installing po/pt_BR/LC_MESSAGES/kgx.mo to /usr/share/locale/pt_BR/LC_MESSAGES
Installing po/ro/LC_MESSAGES/kgx.mo to /usr/share/locale/ro/LC_MESSAGES
Installing po/ru/LC_MESSAGES/kgx.mo to /usr/share/locale/ru/LC_MESSAGES
Installing po/sk/LC_MESSAGES/kgx.mo to /usr/share/locale/sk/LC_MESSAGES
Installing po/sl/LC_MESSAGES/kgx.mo to /usr/share/locale/sl/LC_MESSAGES
Installing po/sr/LC_MESSAGES/kgx.mo to /usr/share/locale/sr/LC_MESSAGES
Installing po/sr@latin/LC_MESSAGES/kgx.mo to /usr/share/locale/sr@latin/LC_MESSAGES
Installing po/sv/LC_MESSAGES/kgx.mo to /usr/share/locale/sv/LC_MESSAGES
Installing po/th/LC_MESSAGES/kgx.mo to /usr/share/locale/th/LC_MESSAGES
Installing po/tr/LC_MESSAGES/kgx.mo to /usr/share/locale/tr/LC_MESSAGES
Installing po/uk/LC_MESSAGES/kgx.mo to /usr/share/locale/uk/LC_MESSAGES
Installing po/uz/LC_MESSAGES/kgx.mo to /usr/share/locale/uz/LC_MESSAGES
Installing po/vi/LC_MESSAGES/kgx.mo to /usr/share/locale/vi/LC_MESSAGES
Installing po/zh_CN/LC_MESSAGES/kgx.mo to /usr/share/locale/zh_CN/LC_MESSAGES
Installing po/zh_TW/LC_MESSAGES/kgx.mo to /usr/share/locale/zh_TW/LC_MESSAGES
Installing /blfs/builds/gnome-console-49.0/build/data/org.gnome.Console.gschema.xml to /usr/share/glib-2.0/schemas
Installing /blfs/builds/gnome-console-49.0/build/data/org.gnome.Console.service to /usr/share/dbus-1/services
Installing /blfs/builds/gnome-console-49.0/data/org.gnome.Console.svg to /usr/share/icons/hicolor/scalable/apps
Installing /blfs/builds/gnome-console-49.0/data/org.gnome.Console-symbolic.svg to /usr/share/icons/hicolor/symbolic/apps
Running custom install script '/usr/bin/glib-compile-schemas /usr/share/glib-2.0/schemas'
Running custom install script '/usr/bin/gtk4-update-icon-cache -q -t -f /usr/share/icons/hicolor'
Running custom install script '/usr/bin/update-desktop-database -q /usr/share/applications'
[1/23] Generating src/kgx-git-tag.h with a custom command
fatal: not a git repository (or any of the parent directories): .git
[1/2] Installing files
Installing data/org.gnome.Console.desktop to /pkgs/gnome-console/usr/share/applications
Installing data/org.gnome.Console.metainfo.xml to /pkgs/gnome-console/usr/share/metainfo
Installing src/kgx to /pkgs/gnome-console/usr/bin
Installing po/ab/LC_MESSAGES/kgx.mo to /pkgs/gnome-console/usr/share/locale/ab/LC_MESSAGES
Installing po/ar/LC_MESSAGES/kgx.mo to /pkgs/gnome-console/usr/share/locale/ar/LC_MESSAGES
Installing po/az/LC_MESSAGES/kgx.mo to /pkgs/gnome-console/usr/share/locale/az/LC_MESSAGES
Installing po/be/LC_MESSAGES/kgx.mo to /pkgs/gnome-console/usr/share/locale/be/LC_MESSAGES
Installing po/bg/LC_MESSAGES/kgx.mo to /pkgs/gnome-console/usr/share/locale/bg/LC_MESSAGES
Installing po/ca/LC_MESSAGES/kgx.mo to /pkgs/gnome-console/usr/share/locale/ca/LC_MESSAGES
Installing po/cs/LC_MESSAGES/kgx.mo to /pkgs/gnome-console/usr/share/locale/cs/LC_MESSAGES
Installing po/da/LC_MESSAGES/kgx.mo to /pkgs/gnome-console/usr/share/locale/da/LC_MESSAGES
Installing po/de/LC_MESSAGES/kgx.mo to /pkgs/gnome-console/usr/share/locale/de/LC_MESSAGES
Installing po/el/LC_MESSAGES/kgx.mo to /pkgs/gnome-console/usr/share/locale/el/LC_MESSAGES
Installing po/en_GB/LC_MESSAGES/kgx.mo to /pkgs/gnome-console/usr/share/locale/en_GB/LC_MESSAGES
Installing po/eo/LC_MESSAGES/kgx.mo to /pkgs/gnome-console/usr/share/locale/eo/LC_MESSAGES
Installing po/es/LC_MESSAGES/kgx.mo to /pkgs/gnome-console/usr/share/locale/es/LC_MESSAGES
Installing po/eu/LC_MESSAGES/kgx.mo to /pkgs/gnome-console/usr/share/locale/eu/LC_MESSAGES
Installing po/fa/LC_MESSAGES/kgx.mo to /pkgs/gnome-console/usr/share/locale/fa/LC_MESSAGES
Installing po/fi/LC_MESSAGES/kgx.mo to /pkgs/gnome-console/usr/share/locale/fi/LC_MESSAGES
Installing po/fr/LC_MESSAGES/kgx.mo to /pkgs/gnome-console/usr/share/locale/fr/LC_MESSAGES
Installing po/fur/LC_MESSAGES/kgx.mo to /pkgs/gnome-console/usr/share/locale/fur/LC_MESSAGES
Installing po/gl/LC_MESSAGES/kgx.mo to /pkgs/gnome-console/usr/share/locale/gl/LC_MESSAGES
Installing po/he/LC_MESSAGES/kgx.mo to /pkgs/gnome-console/usr/share/locale/he/LC_MESSAGES
Installing po/hi/LC_MESSAGES/kgx.mo to /pkgs/gnome-console/usr/share/locale/hi/LC_MESSAGES
Installing po/hr/LC_MESSAGES/kgx.mo to /pkgs/gnome-console/usr/share/locale/hr/LC_MESSAGES
Installing po/hu/LC_MESSAGES/kgx.mo to /pkgs/gnome-console/usr/share/locale/hu/LC_MESSAGES
Installing po/ia/LC_MESSAGES/kgx.mo to /pkgs/gnome-console/usr/share/locale/ia/LC_MESSAGES
Installing po/id/LC_MESSAGES/kgx.mo to /pkgs/gnome-console/usr/share/locale/id/LC_MESSAGES
Installing po/ie/LC_MESSAGES/kgx.mo to /pkgs/gnome-console/usr/share/locale/ie/LC_MESSAGES
Installing po/it/LC_MESSAGES/kgx.mo to /pkgs/gnome-console/usr/share/locale/it/LC_MESSAGES
Installing po/ja/LC_MESSAGES/kgx.mo to /pkgs/gnome-console/usr/share/locale/ja/LC_MESSAGES
Installing po/ka/LC_MESSAGES/kgx.mo to /pkgs/gnome-console/usr/share/locale/ka/LC_MESSAGES
Installing po/kab/LC_MESSAGES/kgx.mo to /pkgs/gnome-console/usr/share/locale/kab/LC_MESSAGES
Installing po/kk/LC_MESSAGES/kgx.mo to /pkgs/gnome-console/usr/share/locale/kk/LC_MESSAGES
Installing po/ko/LC_MESSAGES/kgx.mo to /pkgs/gnome-console/usr/share/locale/ko/LC_MESSAGES
Installing po/lt/LC_MESSAGES/kgx.mo to /pkgs/gnome-console/usr/share/locale/lt/LC_MESSAGES
Installing po/lv/LC_MESSAGES/kgx.mo to /pkgs/gnome-console/usr/share/locale/lv/LC_MESSAGES
Installing po/nb/LC_MESSAGES/kgx.mo to /pkgs/gnome-console/usr/share/locale/nb/LC_MESSAGES
Installing po/ne/LC_MESSAGES/kgx.mo to /pkgs/gnome-console/usr/share/locale/ne/LC_MESSAGES
Installing po/nl/LC_MESSAGES/kgx.mo to /pkgs/gnome-console/usr/share/locale/nl/LC_MESSAGES
Installing po/oc/LC_MESSAGES/kgx.mo to /pkgs/gnome-console/usr/share/locale/oc/LC_MESSAGES
Installing po/pa/LC_MESSAGES/kgx.mo to /pkgs/gnome-console/usr/share/locale/pa/LC_MESSAGES
Installing po/pl/LC_MESSAGES/kgx.mo to /pkgs/gnome-console/usr/share/locale/pl/LC_MESSAGES
Installing po/pt/LC_MESSAGES/kgx.mo to /pkgs/gnome-console/usr/share/locale/pt/LC_MESSAGES
Installing po/pt_BR/LC_MESSAGES/kgx.mo to /pkgs/gnome-console/usr/share/locale/pt_BR/LC_MESSAGES
Installing po/ro/LC_MESSAGES/kgx.mo to /pkgs/gnome-console/usr/share/locale/ro/LC_MESSAGES
Installing po/ru/LC_MESSAGES/kgx.mo to /pkgs/gnome-console/usr/share/locale/ru/LC_MESSAGES
Installing po/sk/LC_MESSAGES/kgx.mo to /pkgs/gnome-console/usr/share/locale/sk/LC_MESSAGES
Installing po/sl/LC_MESSAGES/kgx.mo to /pkgs/gnome-console/usr/share/locale/sl/LC_MESSAGES
Installing po/sr/LC_MESSAGES/kgx.mo to /pkgs/gnome-console/usr/share/locale/sr/LC_MESSAGES
Installing po/sr@latin/LC_MESSAGES/kgx.mo to /pkgs/gnome-console/usr/share/locale/sr@latin/LC_MESSAGES
Installing po/sv/LC_MESSAGES/kgx.mo to /pkgs/gnome-console/usr/share/locale/sv/LC_MESSAGES
Installing po/th/LC_MESSAGES/kgx.mo to /pkgs/gnome-console/usr/share/locale/th/LC_MESSAGES
Installing po/tr/LC_MESSAGES/kgx.mo to /pkgs/gnome-console/usr/share/locale/tr/LC_MESSAGES
Installing po/uk/LC_MESSAGES/kgx.mo to /pkgs/gnome-console/usr/share/locale/uk/LC_MESSAGES
Installing po/uz/LC_MESSAGES/kgx.mo to /pkgs/gnome-console/usr/share/locale/uz/LC_MESSAGES
Installing po/vi/LC_MESSAGES/kgx.mo to /pkgs/gnome-console/usr/share/locale/vi/LC_MESSAGES
Installing po/zh_CN/LC_MESSAGES/kgx.mo to /pkgs/gnome-console/usr/share/locale/zh_CN/LC_MESSAGES
Installing po/zh_TW/LC_MESSAGES/kgx.mo to /pkgs/gnome-console/usr/share/locale/zh_TW/LC_MESSAGES
Installing /blfs/builds/gnome-console-49.0/build/data/org.gnome.Console.gschema.xml to /pkgs/gnome-console/usr/share/glib-2.0/schemas
Installing /blfs/builds/gnome-console-49.0/build/data/org.gnome.Console.service to /pkgs/gnome-console/usr/share/dbus-1/services
Installing /blfs/builds/gnome-console-49.0/data/org.gnome.Console.svg to /pkgs/gnome-console/usr/share/icons/hicolor/scalable/apps
Installing /blfs/builds/gnome-console-49.0/data/org.gnome.Console-symbolic.svg to /pkgs/gnome-console/usr/share/icons/hicolor/symbolic/apps
Skipping custom install script because DESTDIR is set '/usr/bin/glib-compile-schemas /usr/share/glib-2.0/schemas'
Skipping custom install script because DESTDIR is set '/usr/bin/gtk4-update-icon-cache -q -t -f /usr/share/icons/hicolor'
Skipping custom install script because DESTDIR is set '/usr/bin/update-desktop-database -q /usr/share/applications'
gnome-console/
gnome-console/usr/
gnome-console/usr/share/
gnome-console/usr/share/metainfo/
gnome-console/usr/share/metainfo/org.gnome.Console.metainfo.xml
gnome-console/usr/share/glib-2.0/
gnome-console/usr/share/glib-2.0/schemas/
gnome-console/usr/share/glib-2.0/schemas/org.gnome.Console.gschema.xml
gnome-console/usr/share/locale/
gnome-console/usr/share/locale/be/
gnome-console/usr/share/locale/be/LC_MESSAGES/
gnome-console/usr/share/locale/be/LC_MESSAGES/kgx.mo
gnome-console/usr/share/locale/ca/
gnome-console/usr/share/locale/ca/LC_MESSAGES/
gnome-console/usr/share/locale/ca/LC_MESSAGES/kgx.mo
gnome-console/usr/share/locale/eu/
gnome-console/usr/share/locale/eu/LC_MESSAGES/
gnome-console/usr/share/locale/eu/LC_MESSAGES/kgx.mo
gnome-console/usr/share/locale/en_GB/
gnome-console/usr/share/locale/en_GB/LC_MESSAGES/
gnome-console/usr/share/locale/en_GB/LC_MESSAGES/kgx.mo
gnome-console/usr/share/locale/uk/
gnome-console/usr/share/locale/uk/LC_MESSAGES/
gnome-console/usr/share/locale/uk/LC_MESSAGES/kgx.mo
gnome-console/usr/share/locale/it/
gnome-console/usr/share/locale/it/LC_MESSAGES/
gnome-console/usr/share/locale/it/LC_MESSAGES/kgx.mo
gnome-console/usr/share/locale/he/
gnome-console/usr/share/locale/he/LC_MESSAGES/
gnome-console/usr/share/locale/he/LC_MESSAGES/kgx.mo
gnome-console/usr/share/locale/de/
gnome-console/usr/share/locale/de/LC_MESSAGES/
gnome-console/usr/share/locale/de/LC_MESSAGES/kgx.mo
gnome-console/usr/share/locale/pt/
gnome-console/usr/share/locale/pt/LC_MESSAGES/
gnome-console/usr/share/locale/pt/LC_MESSAGES/kgx.mo
gnome-console/usr/share/locale/kk/
gnome-console/usr/share/locale/kk/LC_MESSAGES/
gnome-console/usr/share/locale/kk/LC_MESSAGES/kgx.mo
gnome-console/usr/share/locale/es/
gnome-console/usr/share/locale/es/LC_MESSAGES/
gnome-console/usr/share/locale/es/LC_MESSAGES/kgx.mo
gnome-console/usr/share/locale/vi/
gnome-console/usr/share/locale/vi/LC_MESSAGES/
gnome-console/usr/share/locale/vi/LC_MESSAGES/kgx.mo
gnome-console/usr/share/locale/fur/
gnome-console/usr/share/locale/fur/LC_MESSAGES/
gnome-console/usr/share/locale/fur/LC_MESSAGES/kgx.mo
gnome-console/usr/share/locale/ne/
gnome-console/usr/share/locale/ne/LC_MESSAGES/
gnome-console/usr/share/locale/ne/LC_MESSAGES/kgx.mo
gnome-console/usr/share/locale/da/
gnome-console/usr/share/locale/da/LC_MESSAGES/
gnome-console/usr/share/locale/da/LC_MESSAGES/kgx.mo
gnome-console/usr/share/locale/zh_CN/
gnome-console/usr/share/locale/zh_CN/LC_MESSAGES/
gnome-console/usr/share/locale/zh_CN/LC_MESSAGES/kgx.mo
gnome-console/usr/share/locale/ko/
gnome-console/usr/share/locale/ko/LC_MESSAGES/
gnome-console/usr/share/locale/ko/LC_MESSAGES/kgx.mo
gnome-console/usr/share/locale/pa/
gnome-console/usr/share/locale/pa/LC_MESSAGES/
gnome-console/usr/share/locale/pa/LC_MESSAGES/kgx.mo
gnome-console/usr/share/locale/kab/
gnome-console/usr/share/locale/kab/LC_MESSAGES/
gnome-console/usr/share/locale/kab/LC_MESSAGES/kgx.mo
gnome-console/usr/share/locale/nb/
gnome-console/usr/share/locale/nb/LC_MESSAGES/
gnome-console/usr/share/locale/nb/LC_MESSAGES/kgx.mo
gnome-console/usr/share/locale/hr/
gnome-console/usr/share/locale/hr/LC_MESSAGES/
gnome-console/usr/share/locale/hr/LC_MESSAGES/kgx.mo
gnome-console/usr/share/locale/sr/
gnome-console/usr/share/locale/sr/LC_MESSAGES/
gnome-console/usr/share/locale/sr/LC_MESSAGES/kgx.mo
gnome-console/usr/share/locale/uz/
gnome-console/usr/share/locale/uz/LC_MESSAGES/
gnome-console/usr/share/locale/uz/LC_MESSAGES/kgx.mo
gnome-console/usr/share/locale/pt_BR/
gnome-console/usr/share/locale/pt_BR/LC_MESSAGES/
gnome-console/usr/share/locale/pt_BR/LC_MESSAGES/kgx.mo
gnome-console/usr/share/locale/tr/
gnome-console/usr/share/locale/tr/LC_MESSAGES/
gnome-console/usr/share/locale/tr/LC_MESSAGES/kgx.mo
gnome-console/usr/share/locale/fa/
gnome-console/usr/share/locale/fa/LC_MESSAGES/
gnome-console/usr/share/locale/fa/LC_MESSAGES/kgx.mo
gnome-console/usr/share/locale/ie/
gnome-console/usr/share/locale/ie/LC_MESSAGES/
gnome-console/usr/share/locale/ie/LC_MESSAGES/kgx.mo
gnome-console/usr/share/locale/sk/
gnome-console/usr/share/locale/sk/LC_MESSAGES/
gnome-console/usr/share/locale/sk/LC_MESSAGES/kgx.mo
gnome-console/usr/share/locale/hi/
gnome-console/usr/share/locale/hi/LC_MESSAGES/
gnome-console/usr/share/locale/hi/LC_MESSAGES/kgx.mo
gnome-console/usr/share/locale/az/
gnome-console/usr/share/locale/az/LC_MESSAGES/
gnome-console/usr/share/locale/az/LC_MESSAGES/kgx.mo
gnome-console/usr/share/locale/gl/
gnome-console/usr/share/locale/gl/LC_MESSAGES/
gnome-console/usr/share/locale/gl/LC_MESSAGES/kgx.mo
gnome-console/usr/share/locale/pl/
gnome-console/usr/share/locale/pl/LC_MESSAGES/
gnome-console/usr/share/locale/pl/LC_MESSAGES/kgx.mo
gnome-console/usr/share/locale/sl/
gnome-console/usr/share/locale/sl/LC_MESSAGES/
gnome-console/usr/share/locale/sl/LC_MESSAGES/kgx.mo
gnome-console/usr/share/locale/fi/
gnome-console/usr/share/locale/fi/LC_MESSAGES/
gnome-console/usr/share/locale/fi/LC_MESSAGES/kgx.mo
gnome-console/usr/share/locale/ar/
gnome-console/usr/share/locale/ar/LC_MESSAGES/
gnome-console/usr/share/locale/ar/LC_MESSAGES/kgx.mo
gnome-console/usr/share/locale/zh_TW/
gnome-console/usr/share/locale/zh_TW/LC_MESSAGES/
gnome-console/usr/share/locale/zh_TW/LC_MESSAGES/kgx.mo
gnome-console/usr/share/locale/nl/
gnome-console/usr/share/locale/nl/LC_MESSAGES/
gnome-console/usr/share/locale/nl/LC_MESSAGES/kgx.mo
gnome-console/usr/share/locale/oc/
gnome-console/usr/share/locale/oc/LC_MESSAGES/
gnome-console/usr/share/locale/oc/LC_MESSAGES/kgx.mo
gnome-console/usr/share/locale/ka/
gnome-console/usr/share/locale/ka/LC_MESSAGES/
gnome-console/usr/share/locale/ka/LC_MESSAGES/kgx.mo
gnome-console/usr/share/locale/fr/
gnome-console/usr/share/locale/fr/LC_MESSAGES/
gnome-console/usr/share/locale/fr/LC_MESSAGES/kgx.mo
gnome-console/usr/share/locale/ia/
gnome-console/usr/share/locale/ia/LC_MESSAGES/
gnome-console/usr/share/locale/ia/LC_MESSAGES/kgx.mo
gnome-console/usr/share/locale/sr@latin/
gnome-console/usr/share/locale/sr@latin/LC_MESSAGES/
gnome-console/usr/share/locale/sr@latin/LC_MESSAGES/kgx.mo
gnome-console/usr/share/locale/eo/
gnome-console/usr/share/locale/eo/LC_MESSAGES/
gnome-console/usr/share/locale/eo/LC_MESSAGES/kgx.mo
gnome-console/usr/share/locale/ro/
gnome-console/usr/share/locale/ro/LC_MESSAGES/
gnome-console/usr/share/locale/ro/LC_MESSAGES/kgx.mo
gnome-console/usr/share/locale/lt/
gnome-console/usr/share/locale/lt/LC_MESSAGES/
gnome-console/usr/share/locale/lt/LC_MESSAGES/kgx.mo
gnome-console/usr/share/locale/cs/
gnome-console/usr/share/locale/cs/LC_MESSAGES/
gnome-console/usr/share/locale/cs/LC_MESSAGES/kgx.mo
gnome-console/usr/share/locale/sv/
gnome-console/usr/share/locale/sv/LC_MESSAGES/
gnome-console/usr/share/locale/sv/LC_MESSAGES/kgx.mo
gnome-console/usr/share/locale/el/
gnome-console/usr/share/locale/el/LC_MESSAGES/
gnome-console/usr/share/locale/el/LC_MESSAGES/kgx.mo
gnome-console/usr/share/locale/ja/
gnome-console/usr/share/locale/ja/LC_MESSAGES/
gnome-console/usr/share/locale/ja/LC_MESSAGES/kgx.mo
gnome-console/usr/share/locale/id/
gnome-console/usr/share/locale/id/LC_MESSAGES/
gnome-console/usr/share/locale/id/LC_MESSAGES/kgx.mo
gnome-console/usr/share/locale/hu/
gnome-console/usr/share/locale/hu/LC_MESSAGES/
gnome-console/usr/share/locale/hu/LC_MESSAGES/kgx.mo
gnome-console/usr/share/locale/bg/
gnome-console/usr/share/locale/bg/LC_MESSAGES/
gnome-console/usr/share/locale/bg/LC_MESSAGES/kgx.mo
gnome-console/usr/share/locale/ru/
gnome-console/usr/share/locale/ru/LC_MESSAGES/
gnome-console/usr/share/locale/ru/LC_MESSAGES/kgx.mo
gnome-console/usr/share/locale/lv/
gnome-console/usr/share/locale/lv/LC_MESSAGES/
gnome-console/usr/share/locale/lv/LC_MESSAGES/kgx.mo
gnome-console/usr/share/locale/ab/
gnome-console/usr/share/locale/ab/LC_MESSAGES/
gnome-console/usr/share/locale/ab/LC_MESSAGES/kgx.mo
gnome-console/usr/share/locale/th/
gnome-console/usr/share/locale/th/LC_MESSAGES/
gnome-console/usr/share/locale/th/LC_MESSAGES/kgx.mo
gnome-console/usr/share/applications/
gnome-console/usr/share/applications/org.gnome.Console.desktop
gnome-console/usr/share/dbus-1/
gnome-console/usr/share/dbus-1/services/
gnome-console/usr/share/dbus-1/services/org.gnome.Console.service
gnome-console/usr/share/icons/
gnome-console/usr/share/icons/hicolor/
gnome-console/usr/share/icons/hicolor/symbolic/
gnome-console/usr/share/icons/hicolor/symbolic/apps/
gnome-console/usr/share/icons/hicolor/symbolic/apps/org.gnome.Console-symbolic.svg
gnome-console/usr/share/icons/hicolor/scalable/
gnome-console/usr/share/icons/hicolor/scalable/apps/
gnome-console/usr/share/icons/hicolor/scalable/apps/org.gnome.Console.svg
gnome-console/usr/bin/
gnome-console/usr/bin/kgx
gnome-console/version
gnome-console/depends
gnome-console/postinst
