--2025-09-07 07:10:58--  https://github.com/davatorium/rofi/releases/download/2.0.0/rofi-2.0.0.tar.xz
Resolving github.com (github.com)... 140.82.113.3
Connecting to github.com (github.com)|140.82.113.3|:443... connected.
HTTP request sent, awaiting response... 302 Found
Location: https://release-assets.githubusercontent.com/github-production-release-asset/7715820/efc4ebf1-642f-4513-a0d3-0d07612389ca?sp=r&sv=2018-11-09&sr=b&spr=https&se=2025-09-07T08%3A08%3A05Z&rscd=attachment%3B+filename%3Drofi-2.0.0.tar.xz&rsct=application%2Foctet-stream&skoid=96c2d410-5711-43a1-aedd-ab1947aa7ab0&sktid=398a6654-997b-47e9-b12b-9515b896b4de&skt=2025-09-07T07%3A07%3A36Z&ske=2025-09-07T08%3A08%3A05Z&sks=b&skv=2018-11-09&sig=5Q%2FRruRswlQUXbDQRTrQ%2BqhfNksGJuQd0Onq8gUXRos%3D&jwt=eyJ0eXAiOiJKV1QiLCJhbGciOiJIUzI1NiJ9.eyJpc3MiOiJnaXRodWIuY29tIiwiYXVkIjoicmVsZWFzZS1hc3NldHMuZ2l0aHVidXNlcmNvbnRlbnQuY29tIiwia2V5Ijoia2V5MSIsImV4cCI6MTc1NzIyOTM1OCwibmJmIjoxNzU3MjI5MDU4LCJwYXRoIjoicmVsZWFzZWFzc2V0cHJvZHVjdGlvbi5ibG9iLmNvcmUud2luZG93cy5uZXQifQ.qQFP1Y8in6lCKYFOLpQu7e_MDSowbt-DrCf96tgqb24&response-content-disposition=attachment%3B%20filename%3Drofi-2.0.0.tar.xz&response-content-type=application%2Foctet-stream [following]
--2025-09-07 07:10:58--  https://release-assets.githubusercontent.com/github-production-release-asset/7715820/efc4ebf1-642f-4513-a0d3-0d07612389ca?sp=r&sv=2018-11-09&sr=b&spr=https&se=2025-09-07T08%3A08%3A05Z&rscd=attachment%3B+filename%3Drofi-2.0.0.tar.xz&rsct=application%2Foctet-stream&skoid=96c2d410-5711-43a1-aedd-ab1947aa7ab0&sktid=398a6654-997b-47e9-b12b-9515b896b4de&skt=2025-09-07T07%3A07%3A36Z&ske=2025-09-07T08%3A08%3A05Z&sks=b&skv=2018-11-09&sig=5Q%2FRruRswlQUXbDQRTrQ%2BqhfNksGJuQd0Onq8gUXRos%3D&jwt=eyJ0eXAiOiJKV1QiLCJhbGciOiJIUzI1NiJ9.eyJpc3MiOiJnaXRodWIuY29tIiwiYXVkIjoicmVsZWFzZS1hc3NldHMuZ2l0aHVidXNlcmNvbnRlbnQuY29tIiwia2V5Ijoia2V5MSIsImV4cCI6MTc1NzIyOTM1OCwibmJmIjoxNzU3MjI5MDU4LCJwYXRoIjoicmVsZWFzZWFzc2V0cHJvZHVjdGlvbi5ibG9iLmNvcmUud2luZG93cy5uZXQifQ.qQFP1Y8in6lCKYFOLpQu7e_MDSowbt-DrCf96tgqb24&response-content-disposition=attachment%3B%20filename%3Drofi-2.0.0.tar.xz&response-content-type=application%2Foctet-stream
Resolving release-assets.githubusercontent.com (release-assets.githubusercontent.com)... 185.199.109.133, 185.199.108.133, 185.199.110.133, ...
Connecting to release-assets.githubusercontent.com (release-assets.githubusercontent.com)|185.199.109.133|:443... connected.
HTTP request sent, awaiting response... 200 OK
Length: 682792 (667K) [application/octet-stream]
Saving to: 'rofi-2.0.0.tar.xz'

     0K .......... .......... .......... .......... ..........  7% 6.80M 0s
    50K .......... .......... .......... .......... .......... 14% 25.5M 0s
   100K .......... .......... .......... .......... .......... 22% 20.9M 0s
   150K .......... .......... .......... .......... .......... 29% 14.2M 0s
   200K .......... .......... .......... .......... .......... 37%  118M 0s
   250K .......... .......... .......... .......... .......... 44% 51.8M 0s
   300K .......... .......... .......... .......... .......... 52%  130M 0s
   350K .......... .......... .......... .......... .......... 59% 61.8M 0s
   400K .......... .......... .......... .......... .......... 67% 26.9M 0s
   450K .......... .......... .......... .......... .......... 74% 95.0M 0s
   500K .......... .......... .......... .......... .......... 82%  182M 0s
   550K .......... .......... .......... .......... .......... 89%  101M 0s
   600K .......... .......... .......... .......... .......... 97% 91.7M 0s
   650K .......... ......                                     100%  698M=0.02s

2025-09-07 07:10:58 (31.0 MB/s) - 'rofi-2.0.0.tar.xz' saved [682792/682792]

rofi-2.0.0/
rofi-2.0.0/AUTHORS
rofi-2.0.0/CODE_OF_CONDUCT.md
rofi-2.0.0/CONFIG.md
rofi-2.0.0/COPYING
rofi-2.0.0/Changelog
rofi-2.0.0/Examples/
rofi-2.0.0/Examples/i3_empty_workspace.sh
rofi-2.0.0/Examples/i3_switch_workspaces.sh
rofi-2.0.0/Examples/rofi-file-browser.sh
rofi-2.0.0/Examples/test_script_env.sh
rofi-2.0.0/Examples/test_script_mode.sh
rofi-2.0.0/Examples/test_script_mode_color.sh
rofi-2.0.0/Examples/test_script_mode_delim.sh
rofi-2.0.0/INSTALL.md
rofi-2.0.0/README.md
rofi-2.0.0/config/
rofi-2.0.0/config/config.c
rofi-2.0.0/data/
rofi-2.0.0/data/rofi-theme-selector.desktop
rofi-2.0.0/data/rofi.desktop
rofi-2.0.0/data/rofi.png
rofi-2.0.0/data/rofi.svg
rofi-2.0.0/doc/
rofi-2.0.0/doc/README.md
rofi-2.0.0/doc/default_configuration.rasi
rofi-2.0.0/doc/default_theme.rasi
rofi-2.0.0/doc/man_filter.lua
rofi-2.0.0/doc/meson.build
rofi-2.0.0/doc/rofi-actions.5
rofi-2.0.0/doc/rofi-actions.5.markdown
rofi-2.0.0/doc/rofi-debugging.5
rofi-2.0.0/doc/rofi-debugging.5.markdown
rofi-2.0.0/doc/rofi-dmenu.5
rofi-2.0.0/doc/rofi-dmenu.5.markdown
rofi-2.0.0/doc/rofi-keys.5
rofi-2.0.0/doc/rofi-keys.5.markdown
rofi-2.0.0/doc/rofi-script.5
rofi-2.0.0/doc/rofi-script.5.markdown
rofi-2.0.0/doc/rofi-sensible-terminal.1
rofi-2.0.0/doc/rofi-sensible-terminal.1.markdown
rofi-2.0.0/doc/rofi-theme-selector.1
rofi-2.0.0/doc/rofi-theme-selector.1.markdown
rofi-2.0.0/doc/rofi-theme.5
rofi-2.0.0/doc/rofi-theme.5.markdown
rofi-2.0.0/doc/rofi-thumbnails.5
rofi-2.0.0/doc/rofi-thumbnails.5.markdown
rofi-2.0.0/doc/rofi.1
rofi-2.0.0/doc/rofi.1.markdown
rofi-2.0.0/doc/rofi.doxy.in
rofi-2.0.0/include/
rofi-2.0.0/include/css-colors.h
rofi-2.0.0/include/display-internal.h
rofi-2.0.0/include/display.h
rofi-2.0.0/include/helper-theme.h
rofi-2.0.0/include/helper.h
rofi-2.0.0/include/history.h
rofi-2.0.0/include/input-codes.h
rofi-2.0.0/include/keyb.h
rofi-2.0.0/include/mode-private.h
rofi-2.0.0/include/mode.h
rofi-2.0.0/include/modes/
rofi-2.0.0/include/modes/combi.h
rofi-2.0.0/include/modes/dmenu.h
rofi-2.0.0/include/modes/dmenuscriptshared.h
rofi-2.0.0/include/modes/drun.h
rofi-2.0.0/include/modes/filebrowser.h
rofi-2.0.0/include/modes/help-keys.h
rofi-2.0.0/include/modes/modes.h
rofi-2.0.0/include/modes/recursivebrowser.h
rofi-2.0.0/include/modes/run.h
rofi-2.0.0/include/modes/script.h
rofi-2.0.0/include/modes/ssh.h
rofi-2.0.0/include/modes/wayland-window.h
rofi-2.0.0/include/modes/window.h
rofi-2.0.0/include/rofi-icon-fetcher.h
rofi-2.0.0/include/rofi-types.h
rofi-2.0.0/include/rofi.h
rofi-2.0.0/include/settings.h
rofi-2.0.0/include/theme.h
rofi-2.0.0/include/timings.h
rofi-2.0.0/include/view-internal.h
rofi-2.0.0/include/view.h
rofi-2.0.0/include/wayland-internal.h
rofi-2.0.0/include/wayland.h
rofi-2.0.0/include/widgets/
rofi-2.0.0/include/widgets/box.h
rofi-2.0.0/include/widgets/container.h
rofi-2.0.0/include/widgets/icon.h
rofi-2.0.0/include/widgets/listview.h
rofi-2.0.0/include/widgets/scrollbar.h
rofi-2.0.0/include/widgets/textbox.h
rofi-2.0.0/include/widgets/widget-internal.h
rofi-2.0.0/include/widgets/widget.h
rofi-2.0.0/include/xcb-dummy.h
rofi-2.0.0/include/xcb-internal.h
rofi-2.0.0/include/xcb.h
rofi-2.0.0/include/xrmoptions.h
rofi-2.0.0/lexer/
rofi-2.0.0/lexer/theme-lexer.l
rofi-2.0.0/lexer/theme-parser.y
rofi-2.0.0/meson-dist-script
rofi-2.0.0/meson.build
rofi-2.0.0/meson_options.txt
rofi-2.0.0/pkgconfig/
rofi-2.0.0/pkgconfig/rofi.pc.in
rofi-2.0.0/protocols/
rofi-2.0.0/protocols/wlr-foreign-toplevel-management-unstable-v1.xml
rofi-2.0.0/protocols/wlr-layer-shell-unstable-v1.xml
rofi-2.0.0/resources/
rofi-2.0.0/resources/resources.xml
rofi-2.0.0/script/
rofi-2.0.0/script/get_git_rev.sh
rofi-2.0.0/script/rofi-sensible-terminal
rofi-2.0.0/script/rofi-theme-selector
rofi-2.0.0/source/
rofi-2.0.0/source/css-colors.c
rofi-2.0.0/source/display.c
rofi-2.0.0/source/helper.c
rofi-2.0.0/source/history.c
rofi-2.0.0/source/keyb.c
rofi-2.0.0/source/mode.c
rofi-2.0.0/source/modes/
rofi-2.0.0/source/modes/combi.c
rofi-2.0.0/source/modes/dmenu.c
rofi-2.0.0/source/modes/drun.c
rofi-2.0.0/source/modes/filebrowser.c
rofi-2.0.0/source/modes/help-keys.c
rofi-2.0.0/source/modes/recursivebrowser.c
rofi-2.0.0/source/modes/run.c
rofi-2.0.0/source/modes/script.c
rofi-2.0.0/source/modes/ssh.c
rofi-2.0.0/source/modes/wayland-window.c
rofi-2.0.0/source/modes/window.c
rofi-2.0.0/source/rofi-icon-fetcher.c
rofi-2.0.0/source/rofi-types.c
rofi-2.0.0/source/rofi.c
rofi-2.0.0/source/theme.c
rofi-2.0.0/source/timings.c
rofi-2.0.0/source/view.c
rofi-2.0.0/source/wayland/
rofi-2.0.0/source/wayland/display.c
rofi-2.0.0/source/wayland/view.c
rofi-2.0.0/source/widgets/
rofi-2.0.0/source/widgets/box.c
rofi-2.0.0/source/widgets/container.c
rofi-2.0.0/source/widgets/icon.c
rofi-2.0.0/source/widgets/listview.c
rofi-2.0.0/source/widgets/scrollbar.c
rofi-2.0.0/source/widgets/textbox.c
rofi-2.0.0/source/widgets/widget.c
rofi-2.0.0/source/xcb/
rofi-2.0.0/source/xcb/display.c
rofi-2.0.0/source/xcb/view.c
rofi-2.0.0/source/xrmoptions.c
rofi-2.0.0/subprojects/
rofi-2.0.0/subprojects/libgwater/
rofi-2.0.0/subprojects/libgwater/README.md
rofi-2.0.0/subprojects/libgwater/alsa-mixer/
rofi-2.0.0/subprojects/libgwater/alsa-mixer/libgwater-alsa-mixer.c
rofi-2.0.0/subprojects/libgwater/alsa-mixer/libgwater-alsa-mixer.h
rofi-2.0.0/subprojects/libgwater/alsa-mixer/meson.build
rofi-2.0.0/subprojects/libgwater/alsa-mixer.mk
rofi-2.0.0/subprojects/libgwater/libgwater.m4
rofi-2.0.0/subprojects/libgwater/meson.build
rofi-2.0.0/subprojects/libgwater/mpd/
rofi-2.0.0/subprojects/libgwater/mpd/libgwater-mpd.c
rofi-2.0.0/subprojects/libgwater/mpd/libgwater-mpd.h
rofi-2.0.0/subprojects/libgwater/mpd/meson.build
rofi-2.0.0/subprojects/libgwater/mpd.mk
rofi-2.0.0/subprojects/libgwater/nl/
rofi-2.0.0/subprojects/libgwater/nl/libgwater-nl.c
rofi-2.0.0/subprojects/libgwater/nl/libgwater-nl.h
rofi-2.0.0/subprojects/libgwater/nl/meson.build
rofi-2.0.0/subprojects/libgwater/nl.mk
rofi-2.0.0/subprojects/libgwater/template.mk
rofi-2.0.0/subprojects/libgwater/wayland/
rofi-2.0.0/subprojects/libgwater/wayland/libgwater-wayland.c
rofi-2.0.0/subprojects/libgwater/wayland/libgwater-wayland.h
rofi-2.0.0/subprojects/libgwater/wayland/meson.build
rofi-2.0.0/subprojects/libgwater/wayland-server/
rofi-2.0.0/subprojects/libgwater/wayland-server/libgwater-wayland-server.c
rofi-2.0.0/subprojects/libgwater/wayland-server/libgwater-wayland-server.h
rofi-2.0.0/subprojects/libgwater/wayland-server/meson.build
rofi-2.0.0/subprojects/libgwater/wayland-server.mk
rofi-2.0.0/subprojects/libgwater/wayland.mk
rofi-2.0.0/subprojects/libgwater/win/
rofi-2.0.0/subprojects/libgwater/win/libgwater-win.c
rofi-2.0.0/subprojects/libgwater/win/libgwater-win.h
rofi-2.0.0/subprojects/libgwater/win/meson.build
rofi-2.0.0/subprojects/libgwater/win.mk
rofi-2.0.0/subprojects/libgwater/xcb/
rofi-2.0.0/subprojects/libgwater/xcb/libgwater-xcb.c
rofi-2.0.0/subprojects/libgwater/xcb/libgwater-xcb.h
rofi-2.0.0/subprojects/libgwater/xcb/meson.build
rofi-2.0.0/subprojects/libgwater/xcb.mk
rofi-2.0.0/subprojects/libgwater-wayland
rofi-2.0.0/subprojects/libgwater-xcb
rofi-2.0.0/subprojects/libnkutils/
rofi-2.0.0/subprojects/libnkutils/Makefile.am
rofi-2.0.0/subprojects/libnkutils/README.md
rofi-2.0.0/subprojects/libnkutils/bindings/
rofi-2.0.0/subprojects/libnkutils/bindings/include/
rofi-2.0.0/subprojects/libnkutils/bindings/include/nkutils-bindings.h
rofi-2.0.0/subprojects/libnkutils/bindings/meson.build
rofi-2.0.0/subprojects/libnkutils/bindings/src/
rofi-2.0.0/subprojects/libnkutils/bindings/src/bindings.c
rofi-2.0.0/subprojects/libnkutils/bindings/tests/
rofi-2.0.0/subprojects/libnkutils/bindings/tests/bindings.c
rofi-2.0.0/subprojects/libnkutils/configure.ac
rofi-2.0.0/subprojects/libnkutils/core/
rofi-2.0.0/subprojects/libnkutils/core/include/
rofi-2.0.0/subprojects/libnkutils/core/include/nkutils-colour.h
rofi-2.0.0/subprojects/libnkutils/core/include/nkutils-enum.h
rofi-2.0.0/subprojects/libnkutils/core/include/nkutils-format-string.h
rofi-2.0.0/subprojects/libnkutils/core/include/nkutils-gtk-settings.h
rofi-2.0.0/subprojects/libnkutils/core/include/nkutils-xdg-de.h
rofi-2.0.0/subprojects/libnkutils/core/include/nkutils-xdg-theme.h
rofi-2.0.0/subprojects/libnkutils/core/meson.build
rofi-2.0.0/subprojects/libnkutils/core/src/
rofi-2.0.0/subprojects/libnkutils/core/src/colour.c
rofi-2.0.0/subprojects/libnkutils/core/src/enum.c
rofi-2.0.0/subprojects/libnkutils/core/src/format-string-example.c
rofi-2.0.0/subprojects/libnkutils/core/src/format-string.c
rofi-2.0.0/subprojects/libnkutils/core/src/git-version.c
rofi-2.0.0/subprojects/libnkutils/core/src/gtk-settings.c
rofi-2.0.0/subprojects/libnkutils/core/src/xdg-de.c
rofi-2.0.0/subprojects/libnkutils/core/src/xdg-theme-example.c
rofi-2.0.0/subprojects/libnkutils/core/src/xdg-theme.c
rofi-2.0.0/subprojects/libnkutils/core/tests/
rofi-2.0.0/subprojects/libnkutils/core/tests/colour.c
rofi-2.0.0/subprojects/libnkutils/core/tests/enum.c
rofi-2.0.0/subprojects/libnkutils/core/tests/format-string.c
rofi-2.0.0/subprojects/libnkutils/core/tests/gtk-3.0/
rofi-2.0.0/subprojects/libnkutils/core/tests/gtk-3.0/settings.ini
rofi-2.0.0/subprojects/libnkutils/core/tests/gtk-4.0/
rofi-2.0.0/subprojects/libnkutils/core/tests/gtk-4.0/settings.ini
rofi-2.0.0/subprojects/libnkutils/core/tests/gtk-settings.c
rofi-2.0.0/subprojects/libnkutils/core/tests/home/
rofi-2.0.0/subprojects/libnkutils/core/tests/home/.icons/
rofi-2.0.0/subprojects/libnkutils/core/tests/home/.icons/test-icon-home-icons.png
rofi-2.0.0/subprojects/libnkutils/core/tests/icons/
rofi-2.0.0/subprojects/libnkutils/core/tests/icons/recursive-theme-test/
rofi-2.0.0/subprojects/libnkutils/core/tests/icons/recursive-theme-test/index.theme
rofi-2.0.0/subprojects/libnkutils/core/tests/icons/recursive-theme-test/test-dir/
rofi-2.0.0/subprojects/libnkutils/core/tests/icons/recursive-theme-test/test-dir/test-icon.svg
rofi-2.0.0/subprojects/libnkutils/core/tests/xdg-de.c
rofi-2.0.0/subprojects/libnkutils/core/tests/xdg-theme.c
rofi-2.0.0/subprojects/libnkutils/doc/
rofi-2.0.0/subprojects/libnkutils/doc/libnkutils-man.xml
rofi-2.0.0/subprojects/libnkutils/doc/meson.build
rofi-2.0.0/subprojects/libnkutils/libnkutils-common.mk
rofi-2.0.0/subprojects/libnkutils/libnkutils-nolibtool.mk
rofi-2.0.0/subprojects/libnkutils/libnkutils.m4
rofi-2.0.0/subprojects/libnkutils/libnkutils.mk
rofi-2.0.0/subprojects/libnkutils/meson.build
rofi-2.0.0/subprojects/libnkutils/meson_options.txt
rofi-2.0.0/subprojects/libnkutils/uuid/
rofi-2.0.0/subprojects/libnkutils/uuid/include/
rofi-2.0.0/subprojects/libnkutils/uuid/include/nkutils-uuid.h
rofi-2.0.0/subprojects/libnkutils/uuid/meson.build
rofi-2.0.0/subprojects/libnkutils/uuid/src/
rofi-2.0.0/subprojects/libnkutils/uuid/src/uuid-apr-util.c
rofi-2.0.0/subprojects/libnkutils/uuid/src/uuid-internal.h
rofi-2.0.0/subprojects/libnkutils/uuid/src/uuid-libsystemd.c
rofi-2.0.0/subprojects/libnkutils/uuid/src/uuid-libuuid.c
rofi-2.0.0/subprojects/libnkutils/uuid/src/uuid-nosystemd.c
rofi-2.0.0/subprojects/libnkutils/uuid/src/uuid.c
rofi-2.0.0/subprojects/libnkutils/uuid/tests/
rofi-2.0.0/subprojects/libnkutils/uuid/tests/uuid.c
rofi-2.0.0/test/
rofi-2.0.0/test/box-test.c
rofi-2.0.0/test/helper-config-cmdline-parser.c
rofi-2.0.0/test/helper-expand.c
rofi-2.0.0/test/helper-pidfile.c
rofi-2.0.0/test/helper-test.c
rofi-2.0.0/test/helper-tokenize.c
rofi-2.0.0/test/history-test.c
rofi-2.0.0/test/mode-test.c
rofi-2.0.0/test/scrollbar-test.c
rofi-2.0.0/test/textbox-test.c
rofi-2.0.0/test/theme-parser-test.c
rofi-2.0.0/test/widget-test.c
rofi-2.0.0/themes/
rofi-2.0.0/themes/Adapta-Nokto.rasi
rofi-2.0.0/themes/Arc-Dark.rasi
rofi-2.0.0/themes/Arc.rasi
rofi-2.0.0/themes/DarkBlue.rasi
rofi-2.0.0/themes/Indego.rasi
rofi-2.0.0/themes/Monokai.rasi
rofi-2.0.0/themes/Paper.rasi
rofi-2.0.0/themes/android_notification.rasi
rofi-2.0.0/themes/arthur.rasi
rofi-2.0.0/themes/blue.rasi
rofi-2.0.0/themes/breaking-themes/
rofi-2.0.0/themes/breaking-themes/2076.rasi
rofi-2.0.0/themes/breaking-themes/readme.md
rofi-2.0.0/themes/c64.rasi
rofi-2.0.0/themes/dmenu.rasi
rofi-2.0.0/themes/docu.rasi
rofi-2.0.0/themes/fancy.rasi
rofi-2.0.0/themes/fancy2.rasi
rofi-2.0.0/themes/fullscreen-preview.rasi
rofi-2.0.0/themes/glue_pro_blue.rasi
rofi-2.0.0/themes/gruvbox-common.rasinc
rofi-2.0.0/themes/gruvbox-dark-hard.rasi
rofi-2.0.0/themes/gruvbox-dark-soft.rasi
rofi-2.0.0/themes/gruvbox-dark.rasi
rofi-2.0.0/themes/gruvbox-light-hard.rasi
rofi-2.0.0/themes/gruvbox-light-soft.rasi
rofi-2.0.0/themes/gruvbox-light.rasi
rofi-2.0.0/themes/iggy.jpg
rofi-2.0.0/themes/iggy.rasi
rofi-2.0.0/themes/lb.rasi
rofi-2.0.0/themes/material.rasi
rofi-2.0.0/themes/paper-float.rasi
rofi-2.0.0/themes/purple.rasi
rofi-2.0.0/themes/sidebar-v2.rasi
rofi-2.0.0/themes/sidebar.rasi
rofi-2.0.0/themes/solarized.rasi
rofi-2.0.0/themes/solarized_alternate.rasi
/Tucana-Build-Scripts/rofi: line 20: ./configure: No such file or directory
