--2025-10-26 10:10:01--  https://github.com/Mic92/iana-etc/releases/download/20251022/iana-etc-20251022.tar.gz
Resolving github.com (github.com)... 140.82.112.3
Connecting to github.com (github.com)|140.82.112.3|:443... connected.
HTTP request sent, awaiting response... 302 Found
Location: https://release-assets.githubusercontent.com/github-production-release-asset/84966990/5d431f44-e08f-4ec7-b071-56020a8603c1?sp=r&sv=2018-11-09&sr=b&spr=https&se=2025-10-26T10%3A57%3A03Z&rscd=attachment%3B+filename%3Diana-etc-20251022.tar.gz&rsct=application%2Foctet-stream&skoid=96c2d410-5711-43a1-aedd-ab1947aa7ab0&sktid=398a6654-997b-47e9-b12b-9515b896b4de&skt=2025-10-26T09%3A56%3A25Z&ske=2025-10-26T10%3A57%3A03Z&sks=b&skv=2018-11-09&sig=7jVQ2616oftHiru1D9dj4mhNlU1DklwjPdSWlJ2D%2FGk%3D&jwt=eyJ0eXAiOiJKV1QiLCJhbGciOiJIUzI1NiJ9.eyJpc3MiOiJnaXRodWIuY29tIiwiYXVkIjoicmVsZWFzZS1hc3NldHMuZ2l0aHVidXNlcmNvbnRlbnQuY29tIiwia2V5Ijoia2V5MSIsImV4cCI6MTc2MTQ3MzcwMiwibmJmIjoxNzYxNDczNDAyLCJwYXRoIjoicmVsZWFzZWFzc2V0cHJvZHVjdGlvbi5ibG9iLmNvcmUud2luZG93cy5uZXQifQ.Iw-g2gaSKiGrL-aIl_KUkb-hBz2IXIaKCNT__nq5h9c&response-content-disposition=attachment%3B%20filename%3Diana-etc-20251022.tar.gz&response-content-type=application%2Foctet-stream [following]
--2025-10-26 10:10:02--  https://release-assets.githubusercontent.com/github-production-release-asset/84966990/5d431f44-e08f-4ec7-b071-56020a8603c1?sp=r&sv=2018-11-09&sr=b&spr=https&se=2025-10-26T10%3A57%3A03Z&rscd=attachment%3B+filename%3Diana-etc-20251022.tar.gz&rsct=application%2Foctet-stream&skoid=96c2d410-5711-43a1-aedd-ab1947aa7ab0&sktid=398a6654-997b-47e9-b12b-9515b896b4de&skt=2025-10-26T09%3A56%3A25Z&ske=2025-10-26T10%3A57%3A03Z&sks=b&skv=2018-11-09&sig=7jVQ2616oftHiru1D9dj4mhNlU1DklwjPdSWlJ2D%2FGk%3D&jwt=eyJ0eXAiOiJKV1QiLCJhbGciOiJIUzI1NiJ9.eyJpc3MiOiJnaXRodWIuY29tIiwiYXVkIjoicmVsZWFzZS1hc3NldHMuZ2l0aHVidXNlcmNvbnRlbnQuY29tIiwia2V5Ijoia2V5MSIsImV4cCI6MTc2MTQ3MzcwMiwibmJmIjoxNzYxNDczNDAyLCJwYXRoIjoicmVsZWFzZWFzc2V0cHJvZHVjdGlvbi5ibG9iLmNvcmUud2luZG93cy5uZXQifQ.Iw-g2gaSKiGrL-aIl_KUkb-hBz2IXIaKCNT__nq5h9c&response-content-disposition=attachment%3B%20filename%3Diana-etc-20251022.tar.gz&response-content-type=application%2Foctet-stream
Resolving release-assets.githubusercontent.com (release-assets.githubusercontent.com)... 185.199.109.133, 185.199.108.133, 185.199.110.133, ...
Connecting to release-assets.githubusercontent.com (release-assets.githubusercontent.com)|185.199.109.133|:443... connected.
HTTP request sent, awaiting response... 200 OK
Length: 607047 (593K) [application/octet-stream]
Saving to: ‘iana-etc-20251022.tar.gz’

     0K .......... .......... .......... .......... ..........  8% 7.12M 0s
    50K .......... .......... .......... .......... .......... 16% 10.7M 0s
   100K .......... .......... .......... .......... .......... 25% 12.4M 0s
   150K .......... .......... .......... .......... .......... 33% 14.0M 0s
   200K .......... .......... .......... .......... .......... 42% 87.8M 0s
   250K .......... .......... .......... .......... .......... 50% 13.9M 0s
   300K .......... .......... .......... .......... .......... 59%  117M 0s
   350K .......... .......... .......... .......... .......... 67% 12.9M 0s
   400K .......... .......... .......... .......... .......... 75%  135M 0s
   450K .......... .......... .......... .......... .......... 84% 14.6M 0s
   500K .......... .......... .......... .......... .......... 92%  148M 0s
   550K .......... .......... .......... .......... ..        100%  138M=0.03s

2025-10-26 10:10:02 (18.4 MB/s) - ‘iana-etc-20251022.tar.gz’ saved [607047/607047]

iana-etc-20251022/service-names-port-numbers.xml
iana-etc-20251022/services
iana-etc-20251022/protocol-numbers.xml
iana-etc-20251022/protocols
iana-etc/
iana-etc/etc/
iana-etc/etc/protocols
iana-etc/etc/services
iana-etc/version
iana-etc/depends
iana-etc/make-depends
