--2025-10-26 10:09:54--  https://www.greenwoodsoftware.com/less/less-685.tar.gz
Resolving www.greenwoodsoftware.com (www.greenwoodsoftware.com)... 104.200.21.227
Connecting to www.greenwoodsoftware.com (www.greenwoodsoftware.com)|104.200.21.227|:443... connected.
HTTP request sent, awaiting response... 200 OK
Length: 882560 (862K) [application/x-gzip]
Saving to: ‘less-685.tar.gz’

     0K .......... .......... .......... .......... ..........  5%  614K 1s
    50K .......... .......... .......... .......... .......... 11% 1.36M 1s
   100K .......... .......... .......... .......... .......... 17% 1.22M 1s
   150K .......... .......... .......... .......... .......... 23% 11.5M 1s
   200K .......... .......... .......... .......... .......... 29% 1.23M 0s
   250K .......... .......... .......... .......... .......... 34% 88.6M 0s
   300K .......... .......... .......... .......... .......... 40% 1.23M 0s
   350K .......... .......... .......... .......... .......... 46%  101M 0s
   400K .......... .......... .......... .......... .......... 52% 14.0M 0s
   450K .......... .......... .......... .......... .......... 58% 1.34M 0s
   500K .......... .......... .......... .......... .......... 63% 13.2M 0s
   550K .......... .......... .......... .......... .......... 69% 1.34M 0s
   600K .......... .......... .......... .......... .......... 75%  157M 0s
   650K .......... .......... .......... .......... .......... 81% 13.9M 0s
   700K .......... .......... .......... .......... .......... 87%  124M 0s
   750K .......... .......... .......... .......... .......... 92% 1.24M 0s
   800K .......... .......... .......... .......... .......... 98%  116M 0s
   850K .......... .                                          100%  192M=0.4s

2025-10-26 10:09:54 (2.30 MB/s) - ‘less-685.tar.gz’ saved [882560/882560]

less-685/
less-685/brac.c
less-685/ch.c
less-685/charset.c
less-685/charset.h
less-685/cmd.h
less-685/cmdbuf.c
less-685/command.c
less-685/compose.uni
less-685/configure
less-685/configure.ac
less-685/COPYING
less-685/cvt.c
less-685/decode.c
less-685/defines.ds
less-685/defines.h.in
less-685/defines.o2
less-685/defines.o9
less-685/defines.wn
less-685/edit.c
less-685/evar.c
less-685/filename.c
less-685/fmt.uni
less-685/forwback.c
less-685/funcs.h
less-685/help.c
less-685/ifile.c
less-685/input.c
less-685/INSTALL
less-685/install.sh
less-685/jump.c
less-685/lang.h
less-685/less.h
less-685/less.hlp
less-685/less.man
less-685/less.nro
less-685/lessecho.c
less-685/lessecho.man
less-685/lessecho.nro
less-685/lesskey.c
less-685/lesskey.h
less-685/lesskey.man
less-685/lesskey.nro
less-685/lesskey_parse.c
less-685/lesstest/
less-685/lesstest/display.c
less-685/lesstest/env.c
less-685/lesstest/extract
less-685/lesstest/lesstest.c
less-685/lesstest/lesstest.h
less-685/lesstest/log.c
less-685/lesstest/lt/
less-685/lesstest/lt/chinese1.lt
less-685/lesstest/lt/colorbars.lt
less-685/lesstest/lt/filter1.lt
less-685/lesstest/lt/github216.lt
less-685/lesstest/lt/github265.lt
less-685/lesstest/lt/github329.lt
less-685/lesstest/lt/hdr-unicode.lt
less-685/lesstest/lt/hdr-unicode1.lt
less-685/lesstest/lt/osc8.lt
less-685/lesstest/lt/proc-special.lt
less-685/lesstest/lt/search-hist.lt
less-685/lesstest/lt/seq200.lt
less-685/lesstest/lt/subsearch.lt
less-685/lesstest/lt/table-50x200.lt
less-685/lesstest/lt/utf8-2.txt.lt
less-685/lesstest/lt/utf8-cmds.txt.lt
less-685/lesstest/lt/version.c.lt
less-685/lesstest/ltview
less-685/lesstest/lt_screen.c
less-685/lesstest/lt_types.h
less-685/lesstest/Makefile
less-685/lesstest/maketest
less-685/lesstest/parse.c
less-685/lesstest/pipeline.c
less-685/lesstest/README
less-685/lesstest/run.c
less-685/lesstest/runtest
less-685/lesstest/term.c
less-685/lesstest/unicode.c
less-685/lesstest/wchar.c
less-685/lesstest/wchar.h
less-685/lglob.h
less-685/LICENSE
less-685/line.c
less-685/linenum.c
less-685/lsystem.c
less-685/main.c
less-685/Makefile.aut
less-685/Makefile.dsb
less-685/Makefile.dsg
less-685/Makefile.dsu
less-685/Makefile.in
less-685/Makefile.o2e
less-685/Makefile.o9c
less-685/Makefile.o9u
less-685/Makefile.wnb
less-685/Makefile.wng
less-685/Makefile.wnm
less-685/mark.c
less-685/mkhelp.pl
less-685/mkhelp.py
less-685/mkinstalldirs
less-685/mkutable
less-685/NEWS
less-685/omit.uni
less-685/optfunc.c
less-685/option.c
less-685/option.h
less-685/opttbl.c
less-685/os.c
less-685/output.c
less-685/pattern.c
less-685/pattern.h
less-685/pckeys.h
less-685/position.c
less-685/position.h
less-685/prompt.c
less-685/README
less-685/regexp.c
less-685/regexp.h
less-685/screen.c
less-685/scrsize.c
less-685/search.c
less-685/signal.c
less-685/tags.c
less-685/ttyin.c
less-685/ubin.uni
less-685/version.c
less-685/wide.uni
less-685/xbuf.c
less-685/xbuf.h
checking for gcc... no
checking for cc... no
checking for cl.exe... no
checking for clang... no
configure: error: in '/blfs/builds/less-685':
configure: error: no acceptable C compiler found in $PATH
See 'config.log' for more details
