--2025-10-26 10:05:39--  https://github.com/xkbcommon/libxkbcommon/archive/refs/tags/xkbcommon-1.12.2.tar.gz
Resolving github.com (github.com)... 140.82.114.3
Connecting to github.com (github.com)|140.82.114.3|:443... connected.
HTTP request sent, awaiting response... 302 Found
Location: https://codeload.github.com/xkbcommon/libxkbcommon/tar.gz/refs/tags/xkbcommon-1.12.2 [following]
--2025-10-26 10:05:39--  https://codeload.github.com/xkbcommon/libxkbcommon/tar.gz/refs/tags/xkbcommon-1.12.2
Resolving codeload.github.com (codeload.github.com)... 140.82.112.10
Connecting to codeload.github.com (codeload.github.com)|140.82.112.10|:443... connected.
HTTP request sent, awaiting response... 200 OK
Length: unspecified [application/x-gzip]
Saving to: ‘xkbcommon-1.12.2.tar.gz’

     0K .......... .......... .......... .......... .......... 2.05M
    50K .......... .......... .......... .......... .......... 4.00M
   100K .......... .......... .......... .......... .......... 67.1M
   150K .......... .......... .......... .......... .......... 4.34M
   200K .......... .......... .......... .......... ..........  100M
   250K .......... .......... .......... .......... .......... 4.20M
   300K .......... .......... .......... .......... .......... 4.14M
   350K .......... .......... .......... .......... ..........  103M
   400K .......... .......... .......... .......... .......... 4.26M
   450K .......... .......... .......... .......... .......... 94.5M
   500K .......... .......... .......... .......... .......... 4.20M
   550K .......... .......... .......... .......... .......... 4.22M
   600K .......... .......... .......... .......... .......... 93.8M
   650K .......... .......... .......... .......... .......... 4.26M
   700K .......... .......... .......... .......... .......... 79.4M
   750K .......... .......... .......... .......... .......... 4.33M
   800K .......... .......... .......... .......... .......... 70.2M
   850K .......... .......... .......... .......... ..........  111M
   900K .......... .......... .......... .......... .......... 4.28M
   950K .......... .......... .......... .......... ..........  107M
  1000K .......... .......... .......... .......... .......... 4.29M
  1050K .......... .......... .......... .......... .......... 96.4M
  1100K .......... .......... .......... .......... ..........  104M
  1150K .......... .......... .......... .......... ..         3.70M=0.2s

2025-10-26 10:05:40 (6.93 MB/s) - ‘xkbcommon-1.12.2.tar.gz’ saved [1221068]

libxkbcommon-xkbcommon-1.12.2/
libxkbcommon-xkbcommon-1.12.2/.clang-tidy
libxkbcommon-xkbcommon-1.12.2/.clangd
libxkbcommon-xkbcommon-1.12.2/.editorconfig
libxkbcommon-xkbcommon-1.12.2/.github/
libxkbcommon-xkbcommon-1.12.2/.github/dependabot.yml
libxkbcommon-xkbcommon-1.12.2/.github/workflows/
libxkbcommon-xkbcommon-1.12.2/.github/workflows/github-release.yml
libxkbcommon-xkbcommon-1.12.2/.github/workflows/linux.yml
libxkbcommon-xkbcommon-1.12.2/.github/workflows/macos.yml
libxkbcommon-xkbcommon-1.12.2/.github/workflows/pages.yml
libxkbcommon-xkbcommon-1.12.2/.github/workflows/windows.yml
libxkbcommon-xkbcommon-1.12.2/.pre-commit-config.yaml
libxkbcommon-xkbcommon-1.12.2/.uncrustify.cfg
libxkbcommon-xkbcommon-1.12.2/LICENSE
libxkbcommon-xkbcommon-1.12.2/NEWS.md
libxkbcommon-xkbcommon-1.12.2/PACKAGING
libxkbcommon-xkbcommon-1.12.2/README.md
libxkbcommon-xkbcommon-1.12.2/RELEASING.md
libxkbcommon-xkbcommon-1.12.2/bench/
libxkbcommon-xkbcommon-1.12.2/bench/atom.c
libxkbcommon-xkbcommon-1.12.2/bench/bench.c
libxkbcommon-xkbcommon-1.12.2/bench/bench.h
libxkbcommon-xkbcommon-1.12.2/bench/compile-keymap.c
libxkbcommon-xkbcommon-1.12.2/bench/compose-traversal.c
libxkbcommon-xkbcommon-1.12.2/bench/compose.c
libxkbcommon-xkbcommon-1.12.2/bench/custom-parsers.c
libxkbcommon-xkbcommon-1.12.2/bench/key-proc.c
libxkbcommon-xkbcommon-1.12.2/bench/keysym-case-mappings.c
libxkbcommon-xkbcommon-1.12.2/bench/rules.c
libxkbcommon-xkbcommon-1.12.2/bench/rulescomp.c
libxkbcommon-xkbcommon-1.12.2/bench/x11.c
libxkbcommon-xkbcommon-1.12.2/changes/
libxkbcommon-xkbcommon-1.12.2/changes/README.md
libxkbcommon-xkbcommon-1.12.2/changes/api/
libxkbcommon-xkbcommon-1.12.2/changes/api/.gitignore
libxkbcommon-xkbcommon-1.12.2/changes/build/
libxkbcommon-xkbcommon-1.12.2/changes/build/.gitignore
libxkbcommon-xkbcommon-1.12.2/changes/keymap-text-format/
libxkbcommon-xkbcommon-1.12.2/changes/keymap-text-format/.gitignore
libxkbcommon-xkbcommon-1.12.2/changes/rules-text-format/
libxkbcommon-xkbcommon-1.12.2/changes/rules-text-format/.gitignore
libxkbcommon-xkbcommon-1.12.2/changes/tools/
libxkbcommon-xkbcommon-1.12.2/changes/tools/.gitignore
libxkbcommon-xkbcommon-1.12.2/data/
libxkbcommon-xkbcommon-1.12.2/data/keysyms.yaml
libxkbcommon-xkbcommon-1.12.2/doc/
libxkbcommon-xkbcommon-1.12.2/doc/Doxyfile.in
libxkbcommon-xkbcommon-1.12.2/doc/compatibility.md
libxkbcommon-xkbcommon-1.12.2/doc/cool-uris.yaml
libxkbcommon-xkbcommon-1.12.2/doc/debugging.md
libxkbcommon-xkbcommon-1.12.2/doc/diagrams/
libxkbcommon-xkbcommon-1.12.2/doc/diagrams/xkb-configuration.dot
libxkbcommon-xkbcommon-1.12.2/doc/diagrams/xkb-keymap-components.dot
libxkbcommon-xkbcommon-1.12.2/doc/diagrams/xkb-types-explanation.dot
libxkbcommon-xkbcommon-1.12.2/doc/doxygen-extra.css
libxkbcommon-xkbcommon-1.12.2/doc/faq.md
libxkbcommon-xkbcommon-1.12.2/doc/introduction-to-xkb.md
libxkbcommon-xkbcommon-1.12.2/doc/introspection.md
libxkbcommon-xkbcommon-1.12.2/doc/keymap-text-format-v1-v2.md
libxkbcommon-xkbcommon-1.12.2/doc/license.md
libxkbcommon-xkbcommon-1.12.2/doc/message-registry.md
libxkbcommon-xkbcommon-1.12.2/doc/message-registry.md.jinja
libxkbcommon-xkbcommon-1.12.2/doc/message-registry.yaml
libxkbcommon-xkbcommon-1.12.2/doc/quick-guide.md
libxkbcommon-xkbcommon-1.12.2/doc/release-notes.md
libxkbcommon-xkbcommon-1.12.2/doc/rules-format.md
libxkbcommon-xkbcommon-1.12.2/doc/user-configuration.md
libxkbcommon-xkbcommon-1.12.2/fuzz/
libxkbcommon-xkbcommon-1.12.2/fuzz/compose/
libxkbcommon-xkbcommon-1.12.2/fuzz/compose/dict
libxkbcommon-xkbcommon-1.12.2/fuzz/compose/target.c
libxkbcommon-xkbcommon-1.12.2/fuzz/compose/testcases/
libxkbcommon-xkbcommon-1.12.2/fuzz/compose/testcases/Compose
libxkbcommon-xkbcommon-1.12.2/fuzz/fuzz.sh
libxkbcommon-xkbcommon-1.12.2/fuzz/keymap/
libxkbcommon-xkbcommon-1.12.2/fuzz/keymap/dict
libxkbcommon-xkbcommon-1.12.2/fuzz/keymap/target.c
libxkbcommon-xkbcommon-1.12.2/fuzz/keymap/testcases/
libxkbcommon-xkbcommon-1.12.2/fuzz/keymap/testcases/input.xkb
libxkbcommon-xkbcommon-1.12.2/include/
libxkbcommon-xkbcommon-1.12.2/include/xkbcommon/
libxkbcommon-xkbcommon-1.12.2/include/xkbcommon/xkbcommon-compat.h
libxkbcommon-xkbcommon-1.12.2/include/xkbcommon/xkbcommon-compose.h
libxkbcommon-xkbcommon-1.12.2/include/xkbcommon/xkbcommon-keysyms.h
libxkbcommon-xkbcommon-1.12.2/include/xkbcommon/xkbcommon-names.h
libxkbcommon-xkbcommon-1.12.2/include/xkbcommon/xkbcommon-x11.h
libxkbcommon-xkbcommon-1.12.2/include/xkbcommon/xkbcommon.h
libxkbcommon-xkbcommon-1.12.2/include/xkbcommon/xkbregistry.h
libxkbcommon-xkbcommon-1.12.2/meson.build
libxkbcommon-xkbcommon-1.12.2/meson_options.txt
libxkbcommon-xkbcommon-1.12.2/scripts/
libxkbcommon-xkbcommon-1.12.2/scripts/doxygen-wrapper
libxkbcommon-xkbcommon-1.12.2/scripts/ensure-stable-doc-urls.py
libxkbcommon-xkbcommon-1.12.2/scripts/map-to-def
libxkbcommon-xkbcommon-1.12.2/scripts/perfect_hash.py
libxkbcommon-xkbcommon-1.12.2/scripts/ucd.py
libxkbcommon-xkbcommon-1.12.2/scripts/update-keysyms
libxkbcommon-xkbcommon-1.12.2/scripts/update-keysyms-case-mappings.py
libxkbcommon-xkbcommon-1.12.2/scripts/update-keysyms-definitions.py
libxkbcommon-xkbcommon-1.12.2/scripts/update-keysyms-derived-headers.py
libxkbcommon-xkbcommon-1.12.2/scripts/update-keysyms-names-handling.py
libxkbcommon-xkbcommon-1.12.2/scripts/update-keywords
libxkbcommon-xkbcommon-1.12.2/scripts/update-merge-modes-tests.py
libxkbcommon-xkbcommon-1.12.2/scripts/update-message-registry.py
libxkbcommon-xkbcommon-1.12.2/src/
libxkbcommon-xkbcommon-1.12.2/src/atom.c
libxkbcommon-xkbcommon-1.12.2/src/atom.h
libxkbcommon-xkbcommon-1.12.2/src/compose/
libxkbcommon-xkbcommon-1.12.2/src/compose/constants.h
libxkbcommon-xkbcommon-1.12.2/src/compose/dump.c
libxkbcommon-xkbcommon-1.12.2/src/compose/dump.h
libxkbcommon-xkbcommon-1.12.2/src/compose/escape.h
libxkbcommon-xkbcommon-1.12.2/src/compose/parser.c
libxkbcommon-xkbcommon-1.12.2/src/compose/parser.h
libxkbcommon-xkbcommon-1.12.2/src/compose/paths.c
libxkbcommon-xkbcommon-1.12.2/src/compose/paths.h
libxkbcommon-xkbcommon-1.12.2/src/compose/state.c
libxkbcommon-xkbcommon-1.12.2/src/compose/table.c
libxkbcommon-xkbcommon-1.12.2/src/compose/table.h
libxkbcommon-xkbcommon-1.12.2/src/context-priv.c
libxkbcommon-xkbcommon-1.12.2/src/context.c
libxkbcommon-xkbcommon-1.12.2/src/context.h
libxkbcommon-xkbcommon-1.12.2/src/darray.h
libxkbcommon-xkbcommon-1.12.2/src/keymap-compare.c
libxkbcommon-xkbcommon-1.12.2/src/keymap-compare.h
libxkbcommon-xkbcommon-1.12.2/src/keymap-formats.c
libxkbcommon-xkbcommon-1.12.2/src/keymap-formats.h
libxkbcommon-xkbcommon-1.12.2/src/keymap-priv.c
libxkbcommon-xkbcommon-1.12.2/src/keymap.c
libxkbcommon-xkbcommon-1.12.2/src/keymap.h
libxkbcommon-xkbcommon-1.12.2/src/keysym-case-mappings.c
libxkbcommon-xkbcommon-1.12.2/src/keysym-utf.c
libxkbcommon-xkbcommon-1.12.2/src/keysym.c
libxkbcommon-xkbcommon-1.12.2/src/keysym.h
libxkbcommon-xkbcommon-1.12.2/src/keysym.h.jinja
libxkbcommon-xkbcommon-1.12.2/src/ks_tables.h
libxkbcommon-xkbcommon-1.12.2/src/messages-codes.h
libxkbcommon-xkbcommon-1.12.2/src/messages-codes.h.jinja
libxkbcommon-xkbcommon-1.12.2/src/registry.c
libxkbcommon-xkbcommon-1.12.2/src/rmlvo.c
libxkbcommon-xkbcommon-1.12.2/src/rmlvo.h
libxkbcommon-xkbcommon-1.12.2/src/scanner-utils.c
libxkbcommon-xkbcommon-1.12.2/src/scanner-utils.h
libxkbcommon-xkbcommon-1.12.2/src/state.c
libxkbcommon-xkbcommon-1.12.2/src/text.c
libxkbcommon-xkbcommon-1.12.2/src/text.h
libxkbcommon-xkbcommon-1.12.2/src/utf8-decoding.c
libxkbcommon-xkbcommon-1.12.2/src/utf8-decoding.h
libxkbcommon-xkbcommon-1.12.2/src/utf8.c
libxkbcommon-xkbcommon-1.12.2/src/utf8.h
libxkbcommon-xkbcommon-1.12.2/src/util-list.c
libxkbcommon-xkbcommon-1.12.2/src/util-list.h
libxkbcommon-xkbcommon-1.12.2/src/util-mem.h
libxkbcommon-xkbcommon-1.12.2/src/utils-checked-arithmetic.h
libxkbcommon-xkbcommon-1.12.2/src/utils-numbers.h
libxkbcommon-xkbcommon-1.12.2/src/utils-paths.c
libxkbcommon-xkbcommon-1.12.2/src/utils-paths.h
libxkbcommon-xkbcommon-1.12.2/src/utils.c
libxkbcommon-xkbcommon-1.12.2/src/utils.h
libxkbcommon-xkbcommon-1.12.2/src/x11/
libxkbcommon-xkbcommon-1.12.2/src/x11/keymap.c
libxkbcommon-xkbcommon-1.12.2/src/x11/state.c
libxkbcommon-xkbcommon-1.12.2/src/x11/util.c
libxkbcommon-xkbcommon-1.12.2/src/x11/x11-priv.h
libxkbcommon-xkbcommon-1.12.2/src/xkbcomp/
libxkbcommon-xkbcommon-1.12.2/src/xkbcomp/action.c
libxkbcommon-xkbcommon-1.12.2/src/xkbcomp/action.h
libxkbcommon-xkbcommon-1.12.2/src/xkbcomp/ast-build.c
libxkbcommon-xkbcommon-1.12.2/src/xkbcomp/ast-build.h
libxkbcommon-xkbcommon-1.12.2/src/xkbcomp/ast.h
libxkbcommon-xkbcommon-1.12.2/src/xkbcomp/compat.c
libxkbcommon-xkbcommon-1.12.2/src/xkbcomp/expr.c
libxkbcommon-xkbcommon-1.12.2/src/xkbcomp/expr.h
libxkbcommon-xkbcommon-1.12.2/src/xkbcomp/include.c
libxkbcommon-xkbcommon-1.12.2/src/xkbcomp/include.h
libxkbcommon-xkbcommon-1.12.2/src/xkbcomp/keycodes.c
libxkbcommon-xkbcommon-1.12.2/src/xkbcomp/keymap-dump.c
libxkbcommon-xkbcommon-1.12.2/src/xkbcomp/keymap-file-iterator.c
libxkbcommon-xkbcommon-1.12.2/src/xkbcomp/keymap-file-iterator.h
libxkbcommon-xkbcommon-1.12.2/src/xkbcomp/keymap.c
libxkbcommon-xkbcommon-1.12.2/src/xkbcomp/keywords.c
libxkbcommon-xkbcommon-1.12.2/src/xkbcomp/keywords.gperf
libxkbcommon-xkbcommon-1.12.2/src/xkbcomp/parser-priv.h
libxkbcommon-xkbcommon-1.12.2/src/xkbcomp/parser.y
libxkbcommon-xkbcommon-1.12.2/src/xkbcomp/rules.c
libxkbcommon-xkbcommon-1.12.2/src/xkbcomp/rules.h
libxkbcommon-xkbcommon-1.12.2/src/xkbcomp/scanner.c
libxkbcommon-xkbcommon-1.12.2/src/xkbcomp/symbols.c
libxkbcommon-xkbcommon-1.12.2/src/xkbcomp/types.c
libxkbcommon-xkbcommon-1.12.2/src/xkbcomp/vmod.c
libxkbcommon-xkbcommon-1.12.2/src/xkbcomp/vmod.h
libxkbcommon-xkbcommon-1.12.2/src/xkbcomp/xkbcomp-priv.h
libxkbcommon-xkbcommon-1.12.2/src/xkbcomp/xkbcomp.c
libxkbcommon-xkbcommon-1.12.2/test/
libxkbcommon-xkbcommon-1.12.2/test/atom.c
libxkbcommon-xkbcommon-1.12.2/test/buffercomp.c
libxkbcommon-xkbcommon-1.12.2/test/common.c
libxkbcommon-xkbcommon-1.12.2/test/compose-iter.c
libxkbcommon-xkbcommon-1.12.2/test/compose-iter.h
libxkbcommon-xkbcommon-1.12.2/test/compose.c
libxkbcommon-xkbcommon-1.12.2/test/context.c
libxkbcommon-xkbcommon-1.12.2/test/data/
libxkbcommon-xkbcommon-1.12.2/test/data/.editorconfig
libxkbcommon-xkbcommon-1.12.2/test/data/.gitattributes
libxkbcommon-xkbcommon-1.12.2/test/data/compat/
libxkbcommon-xkbcommon-1.12.2/test/data/compat/accessx
libxkbcommon-xkbcommon-1.12.2/test/data/compat/basic
libxkbcommon-xkbcommon-1.12.2/test/data/compat/caps
libxkbcommon-xkbcommon-1.12.2/test/data/compat/complete
libxkbcommon-xkbcommon-1.12.2/test/data/compat/iso9995
libxkbcommon-xkbcommon-1.12.2/test/data/compat/iso9995-v2
libxkbcommon-xkbcommon-1.12.2/test/data/compat/ledcaps
libxkbcommon-xkbcommon-1.12.2/test/data/compat/lednum
libxkbcommon-xkbcommon-1.12.2/test/data/compat/leds
libxkbcommon-xkbcommon-1.12.2/test/data/compat/ledscroll
libxkbcommon-xkbcommon-1.12.2/test/data/compat/level3-v2
libxkbcommon-xkbcommon-1.12.2/test/data/compat/level5
libxkbcommon-xkbcommon-1.12.2/test/data/compat/merge_modes
libxkbcommon-xkbcommon-1.12.2/test/data/compat/merge_modes_defaults
libxkbcommon-xkbcommon-1.12.2/test/data/compat/merge_modes_vmods
libxkbcommon-xkbcommon-1.12.2/test/data/compat/misc
libxkbcommon-xkbcommon-1.12.2/test/data/compat/mousekeys
libxkbcommon-xkbcommon-1.12.2/test/data/compat/pc
libxkbcommon-xkbcommon-1.12.2/test/data/compat/recursive
libxkbcommon-xkbcommon-1.12.2/test/data/compat/xfree86
libxkbcommon-xkbcommon-1.12.2/test/data/extra/
libxkbcommon-xkbcommon-1.12.2/test/data/extra/symbols/
libxkbcommon-xkbcommon-1.12.2/test/data/extra/symbols/banana
libxkbcommon-xkbcommon-1.12.2/test/data/extra/symbols/capslock
libxkbcommon-xkbcommon-1.12.2/test/data/extra/symbols/level3
libxkbcommon-xkbcommon-1.12.2/test/data/keycodes/
libxkbcommon-xkbcommon-1.12.2/test/data/keycodes/aliases
libxkbcommon-xkbcommon-1.12.2/test/data/keycodes/aliases-xkbcommon
libxkbcommon-xkbcommon-1.12.2/test/data/keycodes/empty
libxkbcommon-xkbcommon-1.12.2/test/data/keycodes/evdev
libxkbcommon-xkbcommon-1.12.2/test/data/keycodes/evdev-xkbcommon
libxkbcommon-xkbcommon-1.12.2/test/data/keycodes/high
libxkbcommon-xkbcommon-1.12.2/test/data/keycodes/merge_modes
libxkbcommon-xkbcommon-1.12.2/test/data/keycodes/recursive
libxkbcommon-xkbcommon-1.12.2/test/data/keycodes/xfree86
libxkbcommon-xkbcommon-1.12.2/test/data/keymaps/
libxkbcommon-xkbcommon-1.12.2/test/data/keymaps/basic.xkb
libxkbcommon-xkbcommon-1.12.2/test/data/keymaps/bidi.xkb
libxkbcommon-xkbcommon-1.12.2/test/data/keymaps/compat-interpret.xkb
libxkbcommon-xkbcommon-1.12.2/test/data/keymaps/comprehensive-plus-geom.xkb
libxkbcommon-xkbcommon-1.12.2/test/data/keymaps/digits.xkb
libxkbcommon-xkbcommon-1.12.2/test/data/keymaps/divide-by-zero.xkb
libxkbcommon-xkbcommon-1.12.2/test/data/keymaps/empty-compound-statements.xkb
libxkbcommon-xkbcommon-1.12.2/test/data/keymaps/empty-symbol-decl.xkb
libxkbcommon-xkbcommon-1.12.2/test/data/keymaps/escape-sequences.xkb
libxkbcommon-xkbcommon-1.12.2/test/data/keymaps/explicit-actions.xkb
libxkbcommon-xkbcommon-1.12.2/test/data/keymaps/extended-layout-indices-v1.xkb
libxkbcommon-xkbcommon-1.12.2/test/data/keymaps/extended-layout-indices-v2.xkb
libxkbcommon-xkbcommon-1.12.2/test/data/keymaps/group-index-names-1.xkb
libxkbcommon-xkbcommon-1.12.2/test/data/keymaps/group-index-names-2.xkb
libxkbcommon-xkbcommon-1.12.2/test/data/keymaps/high-keycodes-1.xkb
libxkbcommon-xkbcommon-1.12.2/test/data/keymaps/high-keycodes-2.xkb
libxkbcommon-xkbcommon-1.12.2/test/data/keymaps/high-keycodes-3.xkb
libxkbcommon-xkbcommon-1.12.2/test/data/keymaps/high-keycodes-4.xkb
libxkbcommon-xkbcommon-1.12.2/test/data/keymaps/host-no-pretty.xkb
libxkbcommon-xkbcommon-1.12.2/test/data/keymaps/host.xkb
libxkbcommon-xkbcommon-1.12.2/test/data/keymaps/include-banana-implicit-default.xkb
libxkbcommon-xkbcommon-1.12.2/test/data/keymaps/include-capslock-custom.xkb
libxkbcommon-xkbcommon-1.12.2/test/data/keymaps/include-capslock-system.xkb
libxkbcommon-xkbcommon-1.12.2/test/data/keymaps/include-level3-explicit-default.xkb
libxkbcommon-xkbcommon-1.12.2/test/data/keymaps/integers-overflow.xkb
libxkbcommon-xkbcommon-1.12.2/test/data/keymaps/integers.xkb
libxkbcommon-xkbcommon-1.12.2/test/data/keymaps/invalid-escape-sequence.xkb
libxkbcommon-xkbcommon-1.12.2/test/data/keymaps/invalid-qualified-symbols-field.xkb
libxkbcommon-xkbcommon-1.12.2/test/data/keymaps/invalid-qualified-type-field.xkb
libxkbcommon-xkbcommon-1.12.2/test/data/keymaps/keycodes-aliases-1.xkb
libxkbcommon-xkbcommon-1.12.2/test/data/keymaps/keycodes-aliases-2.xkb
libxkbcommon-xkbcommon-1.12.2/test/data/keymaps/keycodes-bounds-multiple-1.xkb
libxkbcommon-xkbcommon-1.12.2/test/data/keymaps/keycodes-bounds-multiple-2.xkb
libxkbcommon-xkbcommon-1.12.2/test/data/keymaps/keycodes-bounds-multiple-3.xkb
libxkbcommon-xkbcommon-1.12.2/test/data/keymaps/keycodes-bounds-single-1.xkb
libxkbcommon-xkbcommon-1.12.2/test/data/keymaps/keycodes-bounds-single-2.xkb
libxkbcommon-xkbcommon-1.12.2/test/data/keymaps/level-index-names.xkb
libxkbcommon-xkbcommon-1.12.2/test/data/keymaps/masks-extra-bits.xkb
libxkbcommon-xkbcommon-1.12.2/test/data/keymaps/masks.xkb
libxkbcommon-xkbcommon-1.12.2/test/data/keymaps/merge-modes/
libxkbcommon-xkbcommon-1.12.2/test/data/keymaps/merge-modes/augment.xkb
libxkbcommon-xkbcommon-1.12.2/test/data/keymaps/merge-modes/compat.xkb
libxkbcommon-xkbcommon-1.12.2/test/data/keymaps/merge-modes/default.xkb
libxkbcommon-xkbcommon-1.12.2/test/data/keymaps/merge-modes/defaults-include.xkb
libxkbcommon-xkbcommon-1.12.2/test/data/keymaps/merge-modes/defaults-plain.xkb
libxkbcommon-xkbcommon-1.12.2/test/data/keymaps/merge-modes/override.xkb
libxkbcommon-xkbcommon-1.12.2/test/data/keymaps/merge-modes/replace.xkb
libxkbcommon-xkbcommon-1.12.2/test/data/keymaps/merge-modes/vmods-other-component-direct.xkb
libxkbcommon-xkbcommon-1.12.2/test/data/keymaps/merge-modes/vmods-same-component-include-default-augment.xkb
libxkbcommon-xkbcommon-1.12.2/test/data/keymaps/merge-modes/vmods-same-component-include-default-override.xkb
libxkbcommon-xkbcommon-1.12.2/test/data/keymaps/modmap-none.xkb
libxkbcommon-xkbcommon-1.12.2/test/data/keymaps/no-aliases.xkb
libxkbcommon-xkbcommon-1.12.2/test/data/keymaps/no-types.xkb
libxkbcommon-xkbcommon-1.12.2/test/data/keymaps/no_void_action-v1.xkb
libxkbcommon-xkbcommon-1.12.2/test/data/keymaps/no_void_action-v2.xkb
libxkbcommon-xkbcommon-1.12.2/test/data/keymaps/optional-components-basic.xkb
libxkbcommon-xkbcommon-1.12.2/test/data/keymaps/optional-components-no-real-led.xkb
libxkbcommon-xkbcommon-1.12.2/test/data/keymaps/optional-components-none.xkb
libxkbcommon-xkbcommon-1.12.2/test/data/keymaps/pure-virtual-mods-explicit.xkb
libxkbcommon-xkbcommon-1.12.2/test/data/keymaps/pure-virtual-mods-implicit.xkb
libxkbcommon-xkbcommon-1.12.2/test/data/keymaps/quartz.xkb
libxkbcommon-xkbcommon-1.12.2/test/data/keymaps/string-as-keysyms.xkb
libxkbcommon-xkbcommon-1.12.2/test/data/keymaps/stringcomp-v1-no-flags.xkb
libxkbcommon-xkbcommon-1.12.2/test/data/keymaps/stringcomp-v1-no-prettyfied.xkb
libxkbcommon-xkbcommon-1.12.2/test/data/keymaps/stringcomp-v1.xkb
libxkbcommon-xkbcommon-1.12.2/test/data/keymaps/stringcomp-v2.xkb
libxkbcommon-xkbcommon-1.12.2/test/data/keymaps/symbols-modifier_map.xkb
libxkbcommon-xkbcommon-1.12.2/test/data/keymaps/symbols-multi-actions-v1.xkb
libxkbcommon-xkbcommon-1.12.2/test/data/keymaps/symbols-multi-actions.xkb
libxkbcommon-xkbcommon-1.12.2/test/data/keymaps/symbols-multi-keysyms-empty.xkb
libxkbcommon-xkbcommon-1.12.2/test/data/keymaps/symbols-multi-keysyms.xkb
libxkbcommon-xkbcommon-1.12.2/test/data/keymaps/syntax-error.xkb
libxkbcommon-xkbcommon-1.12.2/test/data/keymaps/syntax-error2.xkb
libxkbcommon-xkbcommon-1.12.2/test/data/keymaps/unbound-vmod.xkb
libxkbcommon-xkbcommon-1.12.2/test/data/keymaps/unicode-keysyms.xkb
libxkbcommon-xkbcommon-1.12.2/test/data/keymaps/unsupported-x11-actions
libxkbcommon-xkbcommon-1.12.2/test/data/locale/
libxkbcommon-xkbcommon-1.12.2/test/data/locale/compose.dir
libxkbcommon-xkbcommon-1.12.2/test/data/locale/en_US.UTF-8/
libxkbcommon-xkbcommon-1.12.2/test/data/locale/en_US.UTF-8/Compose
libxkbcommon-xkbcommon-1.12.2/test/data/locale/locale.alias
libxkbcommon-xkbcommon-1.12.2/test/data/locale/locale.dir
libxkbcommon-xkbcommon-1.12.2/test/data/rules/
libxkbcommon-xkbcommon-1.12.2/test/data/rules/all_qualifier
libxkbcommon-xkbcommon-1.12.2/test/data/rules/all_qualifier-limit
libxkbcommon-xkbcommon-1.12.2/test/data/rules/base
libxkbcommon-xkbcommon-1.12.2/test/data/rules/base.extras.xml
libxkbcommon-xkbcommon-1.12.2/test/data/rules/base.xml
libxkbcommon-xkbcommon-1.12.2/test/data/rules/evdev
libxkbcommon-xkbcommon-1.12.2/test/data/rules/evdev-modern
libxkbcommon-xkbcommon-1.12.2/test/data/rules/evdev-pure-virtual-mods
libxkbcommon-xkbcommon-1.12.2/test/data/rules/evdev-xkbcommon
libxkbcommon-xkbcommon-1.12.2/test/data/rules/evdev.extras.xml
libxkbcommon-xkbcommon-1.12.2/test/data/rules/evdev.xml
libxkbcommon-xkbcommon-1.12.2/test/data/rules/extended-wild-cards
libxkbcommon-xkbcommon-1.12.2/test/data/rules/groups
libxkbcommon-xkbcommon-1.12.2/test/data/rules/inc-dst-loop-twice
libxkbcommon-xkbcommon-1.12.2/test/data/rules/inc-dst-simple
libxkbcommon-xkbcommon-1.12.2/test/data/rules/inc-no-newline
libxkbcommon-xkbcommon-1.12.2/test/data/rules/inc-src-before-after
libxkbcommon-xkbcommon-1.12.2/test/data/rules/inc-src-loop-twice
libxkbcommon-xkbcommon-1.12.2/test/data/rules/inc-src-looped
libxkbcommon-xkbcommon-1.12.2/test/data/rules/inc-src-nested
libxkbcommon-xkbcommon-1.12.2/test/data/rules/inc-src-options
libxkbcommon-xkbcommon-1.12.2/test/data/rules/inc-src-relative-path
libxkbcommon-xkbcommon-1.12.2/test/data/rules/inc-src-simple
libxkbcommon-xkbcommon-1.12.2/test/data/rules/index
libxkbcommon-xkbcommon-1.12.2/test/data/rules/invalid-group-index
libxkbcommon-xkbcommon-1.12.2/test/data/rules/invalid-group-qualifier
libxkbcommon-xkbcommon-1.12.2/test/data/rules/layout-specific-options
libxkbcommon-xkbcommon-1.12.2/test/data/rules/merge-mode-replace
libxkbcommon-xkbcommon-1.12.2/test/data/rules/multiple-groups
libxkbcommon-xkbcommon-1.12.2/test/data/rules/multiple-options
libxkbcommon-xkbcommon-1.12.2/test/data/rules/simple
libxkbcommon-xkbcommon-1.12.2/test/data/rules/special_indices
libxkbcommon-xkbcommon-1.12.2/test/data/rules/special_indices-limit
libxkbcommon-xkbcommon-1.12.2/test/data/rules/utf-16be_with_bom
libxkbcommon-xkbcommon-1.12.2/test/data/rules/utf-16le_with_bom
libxkbcommon-xkbcommon-1.12.2/test/data/rules/utf-32be
libxkbcommon-xkbcommon-1.12.2/test/data/rules/utf-8_with_bom
libxkbcommon-xkbcommon-1.12.2/test/data/rules/wildcard
libxkbcommon-xkbcommon-1.12.2/test/data/rules/xkb.dtd
libxkbcommon-xkbcommon-1.12.2/test/data/symbols/
libxkbcommon-xkbcommon-1.12.2/test/data/symbols/altwin
libxkbcommon-xkbcommon-1.12.2/test/data/symbols/awesome
libxkbcommon-xkbcommon-1.12.2/test/data/symbols/banana
libxkbcommon-xkbcommon-1.12.2/test/data/symbols/ca
libxkbcommon-xkbcommon-1.12.2/test/data/symbols/capslock
libxkbcommon-xkbcommon-1.12.2/test/data/symbols/ch
libxkbcommon-xkbcommon-1.12.2/test/data/symbols/compose
libxkbcommon-xkbcommon-1.12.2/test/data/symbols/ctrl
libxkbcommon-xkbcommon-1.12.2/test/data/symbols/cz
libxkbcommon-xkbcommon-1.12.2/test/data/symbols/de
libxkbcommon-xkbcommon-1.12.2/test/data/symbols/empty
libxkbcommon-xkbcommon-1.12.2/test/data/symbols/eurosign
libxkbcommon-xkbcommon-1.12.2/test/data/symbols/garbage
libxkbcommon-xkbcommon-1.12.2/test/data/symbols/group
libxkbcommon-xkbcommon-1.12.2/test/data/symbols/il
libxkbcommon-xkbcommon-1.12.2/test/data/symbols/in
libxkbcommon-xkbcommon-1.12.2/test/data/symbols/inet
libxkbcommon-xkbcommon-1.12.2/test/data/symbols/keypad
libxkbcommon-xkbcommon-1.12.2/test/data/symbols/kpdl
libxkbcommon-xkbcommon-1.12.2/test/data/symbols/latch
libxkbcommon-xkbcommon-1.12.2/test/data/symbols/latin
libxkbcommon-xkbcommon-1.12.2/test/data/symbols/level3
libxkbcommon-xkbcommon-1.12.2/test/data/symbols/level5
libxkbcommon-xkbcommon-1.12.2/test/data/symbols/macintosh_vndr/
libxkbcommon-xkbcommon-1.12.2/test/data/symbols/macintosh_vndr/apple
libxkbcommon-xkbcommon-1.12.2/test/data/symbols/macintosh_vndr/us
libxkbcommon-xkbcommon-1.12.2/test/data/symbols/merge_modes
libxkbcommon-xkbcommon-1.12.2/test/data/symbols/merge_modes_defaults
libxkbcommon-xkbcommon-1.12.2/test/data/symbols/multiple-groups
libxkbcommon-xkbcommon-1.12.2/test/data/symbols/multiple_actions
libxkbcommon-xkbcommon-1.12.2/test/data/symbols/nbsp
libxkbcommon-xkbcommon-1.12.2/test/data/symbols/numeric_keysyms
libxkbcommon-xkbcommon-1.12.2/test/data/symbols/overlapping_modifiers
libxkbcommon-xkbcommon-1.12.2/test/data/symbols/pc
libxkbcommon-xkbcommon-1.12.2/test/data/symbols/recursive
libxkbcommon-xkbcommon-1.12.2/test/data/symbols/ru
libxkbcommon-xkbcommon-1.12.2/test/data/symbols/rupeesign
libxkbcommon-xkbcommon-1.12.2/test/data/symbols/shift
libxkbcommon-xkbcommon-1.12.2/test/data/symbols/shift-v2
libxkbcommon-xkbcommon-1.12.2/test/data/symbols/simultaneous-mods-latches
libxkbcommon-xkbcommon-1.12.2/test/data/symbols/srvr_ctrl
libxkbcommon-xkbcommon-1.12.2/test/data/symbols/terminate
libxkbcommon-xkbcommon-1.12.2/test/data/symbols/us
libxkbcommon-xkbcommon-1.12.2/test/data/sync.sh
libxkbcommon-xkbcommon-1.12.2/test/data/types/
libxkbcommon-xkbcommon-1.12.2/test/data/types/basic
libxkbcommon-xkbcommon-1.12.2/test/data/types/complete
libxkbcommon-xkbcommon-1.12.2/test/data/types/extra
libxkbcommon-xkbcommon-1.12.2/test/data/types/iso9995
libxkbcommon-xkbcommon-1.12.2/test/data/types/level5
libxkbcommon-xkbcommon-1.12.2/test/data/types/merge_modes
libxkbcommon-xkbcommon-1.12.2/test/data/types/merge_modes_vmods
libxkbcommon-xkbcommon-1.12.2/test/data/types/mousekeys
libxkbcommon-xkbcommon-1.12.2/test/data/types/numpad
libxkbcommon-xkbcommon-1.12.2/test/data/types/pc
libxkbcommon-xkbcommon-1.12.2/test/data/types/recursive
libxkbcommon-xkbcommon-1.12.2/test/data/types/virtual_modifiers
libxkbcommon-xkbcommon-1.12.2/test/evdev-scancodes.h
libxkbcommon-xkbcommon-1.12.2/test/external_xkb_compilers.h
libxkbcommon-xkbcommon-1.12.2/test/filecomp.c
libxkbcommon-xkbcommon-1.12.2/test/introspection.c
libxkbcommon-xkbcommon-1.12.2/test/keymap.c
libxkbcommon-xkbcommon-1.12.2/test/keyseq.c
libxkbcommon-xkbcommon-1.12.2/test/keysym-case-mapping.h
libxkbcommon-xkbcommon-1.12.2/test/keysym-case-mapping.h.jinja
libxkbcommon-xkbcommon-1.12.2/test/keysym-unicode.c
libxkbcommon-xkbcommon-1.12.2/test/keysym.c
libxkbcommon-xkbcommon-1.12.2/test/keysym.h
libxkbcommon-xkbcommon-1.12.2/test/keysym.h.jinja
libxkbcommon-xkbcommon-1.12.2/test/log.c
libxkbcommon-xkbcommon-1.12.2/test/merge_modes.c.jinja
libxkbcommon-xkbcommon-1.12.2/test/meson_test.map
libxkbcommon-xkbcommon-1.12.2/test/messages.c
libxkbcommon-xkbcommon-1.12.2/test/modifiers.c
libxkbcommon-xkbcommon-1.12.2/test/registry.c
libxkbcommon-xkbcommon-1.12.2/test/rules-file-includes.c
libxkbcommon-xkbcommon-1.12.2/test/rules-file.c
libxkbcommon-xkbcommon-1.12.2/test/rulescomp.c
libxkbcommon-xkbcommon-1.12.2/test/state.c
libxkbcommon-xkbcommon-1.12.2/test/stringcomp.c
libxkbcommon-xkbcommon-1.12.2/test/symbols-leak-test.py
libxkbcommon-xkbcommon-1.12.2/test/test-keysym.py
libxkbcommon-xkbcommon-1.12.2/test/test.h
libxkbcommon-xkbcommon-1.12.2/test/tool-option-parsing.py
libxkbcommon-xkbcommon-1.12.2/test/utf8.c
libxkbcommon-xkbcommon-1.12.2/test/utils-text.c
libxkbcommon-xkbcommon-1.12.2/test/utils-text.h
libxkbcommon-xkbcommon-1.12.2/test/utils.c
libxkbcommon-xkbcommon-1.12.2/test/x11.c
libxkbcommon-xkbcommon-1.12.2/test/x11comp.c
libxkbcommon-xkbcommon-1.12.2/test/xkeyboard-config-test.py.in
libxkbcommon-xkbcommon-1.12.2/test/xvfb-wrapper.c
libxkbcommon-xkbcommon-1.12.2/test/xvfb-wrapper.h
libxkbcommon-xkbcommon-1.12.2/tools/
libxkbcommon-xkbcommon-1.12.2/tools/check-messages.c
libxkbcommon-xkbcommon-1.12.2/tools/compile-compose.c
libxkbcommon-xkbcommon-1.12.2/tools/compile-keymap.c
libxkbcommon-xkbcommon-1.12.2/tools/export-keysyms.c
libxkbcommon-xkbcommon-1.12.2/tools/how-to-type.c
libxkbcommon-xkbcommon-1.12.2/tools/interactive-evdev.c
libxkbcommon-xkbcommon-1.12.2/tools/interactive-wayland.c
libxkbcommon-xkbcommon-1.12.2/tools/interactive-x11.c
libxkbcommon-xkbcommon-1.12.2/tools/interactive.c
libxkbcommon-xkbcommon-1.12.2/tools/introspection-query.py.in
libxkbcommon-xkbcommon-1.12.2/tools/introspection.c
libxkbcommon-xkbcommon-1.12.2/tools/messages.c
libxkbcommon-xkbcommon-1.12.2/tools/messages.c.jinja
libxkbcommon-xkbcommon-1.12.2/tools/messages.h
libxkbcommon-xkbcommon-1.12.2/tools/registry-list.c
libxkbcommon-xkbcommon-1.12.2/tools/tools-common.c
libxkbcommon-xkbcommon-1.12.2/tools/tools-common.h
libxkbcommon-xkbcommon-1.12.2/tools/xkbcli-bash-completion.sh
libxkbcommon-xkbcommon-1.12.2/tools/xkbcli-compile-compose.1
libxkbcommon-xkbcommon-1.12.2/tools/xkbcli-compile-keymap.1
libxkbcommon-xkbcommon-1.12.2/tools/xkbcli-dump-keymap-wayland.1
libxkbcommon-xkbcommon-1.12.2/tools/xkbcli-dump-keymap-x11.1
libxkbcommon-xkbcommon-1.12.2/tools/xkbcli-how-to-type.1
libxkbcommon-xkbcommon-1.12.2/tools/xkbcli-interactive-evdev.1
libxkbcommon-xkbcommon-1.12.2/tools/xkbcli-interactive-wayland.1
libxkbcommon-xkbcommon-1.12.2/tools/xkbcli-interactive-x11.1
libxkbcommon-xkbcommon-1.12.2/tools/xkbcli-list.1
libxkbcommon-xkbcommon-1.12.2/tools/xkbcli.1
libxkbcommon-xkbcommon-1.12.2/tools/xkbcli.c
libxkbcommon-xkbcommon-1.12.2/towncrier.toml
libxkbcommon-xkbcommon-1.12.2/xkbcommon-x11.map
libxkbcommon-xkbcommon-1.12.2/xkbcommon.map
libxkbcommon-xkbcommon-1.12.2/xkbregistry.map
/Tucana-Build-Scripts/xorg/libxkbcommon: line 25: meson: command not found
