--2026-03-07 10:42:45--  https://github.com/AOMediaCodec/libavif/archive/v1.4.0/libavif-1.4.0.tar.gz
Resolving github.com (github.com)... 140.82.113.3
Connecting to github.com (github.com)|140.82.113.3|:443... connected.
HTTP request sent, awaiting response... 302 Found
Location: https://codeload.github.com/AOMediaCodec/libavif/tar.gz/refs/tags/v1.4.0 [following]
--2026-03-07 10:42:45--  https://codeload.github.com/AOMediaCodec/libavif/tar.gz/refs/tags/v1.4.0
Resolving codeload.github.com (codeload.github.com)... 140.82.112.10
Connecting to codeload.github.com (codeload.github.com)|140.82.112.10|:443... connected.
HTTP request sent, awaiting response... 200 OK
Length: unspecified [application/x-gzip]
Saving to: ‘libavif-1.4.0.tar.gz’

     0K .......... .......... .......... .......... .......... 2.01M
    50K .......... .......... .......... .......... .......... 1.37M
   100K .......... .......... .......... .......... .......... 3.92M
   150K .......... .......... .......... .......... .......... 3.99M
   200K .......... .......... .......... .......... .......... 4.15M
   250K .......... .......... .......... .......... .......... 4.09M
   300K .......... .......... .......... .......... .......... 4.19M
   350K .......... .......... .......... .......... .......... 58.8M
   400K .......... .......... .......... .......... .......... 4.24M
   450K .......... .......... .......... .......... .......... 4.05M
   500K .......... .......... .......... .......... .......... 80.1M
   550K .......... .......... .......... .......... .......... 4.32M
   600K .......... .......... .......... .......... .......... 85.8M
   650K .......... .......... .......... .......... .......... 4.36M
   700K .......... .......... .......... .......... ..........  122M
   750K .......... .......... .......... .......... .......... 83.6M
   800K .......... .......... .......... .......... .......... 4.34M
   850K .......... .......... .......... .......... .......... 95.8M
   900K .......... .......... .......... .......... ..........  186M
   950K .......... .......... .......... .......... ..........  121M
  1000K .......... .......... .......... .......... .......... 4.48M
  1050K .......... .......... .......... .......... .......... 69.7M
  1100K .......... .......... .......... .......... ..........  141M
  1150K .......... .......... .......... .......... ..........  141M
  1200K .......... .......... .......... .......... .......... 4.58M
  1250K .......... .......... .......... .......... ..........  174M
  1300K .......... .......... .......... .......... ..........  103M
  1350K .......... .......... .......... .......... ..........  135M
  1400K .......... .......... .......... .......... ..........  138M
  1450K .......... .......... .......... .......... .......... 90.8M
  1500K .......... .......... .......... .......... ..........  119M
  1550K .......... .......... .......... .......... .......... 5.08M
  1600K .......... .......... .......... .......... ..........  112M
  1650K .......... .......... .......... .......... ..........  162M
  1700K .......... .......... .......... .......... ..........  176M
  1750K .......... .......... .......... .......... .......... 84.9M
  1800K .......... .......... .......... .......... ..........  181M
  1850K .......... .......... .......... .......... .......... 32.6M
  1900K .......... .......... .......... .......... .......... 5.83M
  1950K .......... .......... .......... .......... .......... 73.8M
  2000K .......... .......... .......... .......... .......... 82.8M
  2050K .......... .......... .......... .......... .......... 58.9M
  2100K .......... .......... .......... .......... .......... 63.5M
  2150K .......... .......... .......... .......... .......... 70.2M
  2200K .......... .......... .......... .......... ..........  116M
  2250K .......... .......... .......... .......... ..........  261M
  2300K .......... .......... .......... .......... ..........  118M
  2350K .......... .......... .......... .......... .......... 2.08M
  2400K .......... .......... .......... .......... .......... 2.06M
  2450K .......... .......... .......... .......... .......... 4.09M
  2500K .......... .......... .......... .......... .......... 96.0M
  2550K .......... .......... .......... .......... .......... 4.07M
  2600K .......... .......... .......... .......... .......... 83.5M
  2650K .......... .......... .......... .......... ..........  115M
  2700K .......... .......... .......... .......... ..........  101M
  2750K .......... .......... .......... .......... ..........  113M
  2800K .......... .......... .......... .......... .......... 97.0M
  2850K .......... .......... .......... .......... ..........  119M
  2900K .......... .......... .......... .......... ..........  106M
  2950K .......... .......... .......... .......... .......... 2.39M
  3000K .......... .......... .......... .......... ..........  114M
  3050K .......... .......... .......... .......... ..........  206M
  3100K .......... .......... .......... .......... ..........  126M
  3150K .......... .......... .......... .......... ..........  121M
  3200K .......... .......... .......... .......... .......... 19.7M
  3250K .......... .......... .......... .......... ..........  150M
  3300K .......... .......... .......... .......... ..........  108M
  3350K .......... .......... .......... .......... .......... 81.4M
  3400K .......... .......... .......... .......... .......... 7.88M
  3450K .......... .......... .......... .......... .......... 67.3M
  3500K .......... .......... .......... .......... .......... 91.2M
  3550K .......... .......... .......... .......... ..........  118M
  3600K .......... .......... .......... .......... ..........  101M
  3650K .......... .......... .......... .......... ..........  122M
  3700K .......... .......... .......... .......... ..........  107M
  3750K .......... .......... .......... .......... ..........  117M
  3800K .......... .......... .......... .......... ..........  115M
  3850K .......... .......... .......... .......... .......... 96.2M
  3900K .......... .......... .......... .......... ..........  108M
  3950K .......... .......... .......... .......... ..........  101M
  4000K .......... .......... .......... .......... ..........  115M
  4050K .......... .......... .......... .......... .......... 94.1M
  4100K .......... .......... .......... .......... ..........  113M
  4150K .......... .......... .......... .......... ..........  103M
  4200K .......... .......... .......... .......... .......... 8.77M
  4250K .......... .......... .......... .......... .......... 82.3M
  4300K .......... .......... .......... .......... ..........  105M
  4350K .......... .......... .......... .......... .......... 87.5M
  4400K .......... .......... .......... .......... .......... 87.4M
  4450K .......... .......... .......... .......... ..........  115M
  4500K .......... .......... .......... .......... ..........  115M
  4550K .......... .......... .......... .......... .......... 3.86M
  4600K .......... .......... .......... .......... .......... 68.8M
  4650K .......... .......... .......... .......... ..........  101M
  4700K .......... .......... .......... .......... ..........  101M
  4750K .......... .......... .......... .......... ..........  122M
  4800K .......... .......... .......... .......... ..........  106M
  4850K .......... .......... .......... .......... ..........  115M
  4900K .......... .......... .......... .......... ..........  115M
  4950K .......... .......... .......... .......... ..........  115M
  5000K .......... .......... .......... .......... ..........  118M
  5050K .......... .......... .......... .......... ..........  115M
  5100K .......... .......... .......... .......... ..........  117M
  5150K .......... .......... .......... .......... ..........  121M
  5200K .......... .......... .......... .......... ..........  114M
  5250K .......... .......... .......... .......... .......... 21.3M
  5300K .......... .......... .......... .......... ..........  123M
  5350K .......... .......... .......... .......... ..........  142M
  5400K .......... .......... .......... .......... ..........  105M
  5450K .......... .......... .......... .......... .......... 98.3M
  5500K .......... .......... .......... .......... .......... 21.1M
  5550K .......... .......... .......... .......... .......... 98.3M
  5600K .......... .......... .......... .......... ..........  115M
  5650K .......... .......... .......... .......... ..........  106M
  5700K .......... .......... .......... .......... .......... 7.53M
  5750K .......... .......... .......... .......... ..........  102M
  5800K .......... .......... .......... .......... ..........  103M
  5850K .......... .......... .......... .......... ..........  105M
  5900K .......... .......... .......... .......... ..........  112M
  5950K .......... .......... .......... .......... .......... 20.3M
  6000K .......... .......... .......... .......... .......... 88.1M
  6050K .......... .......... .......... .......... ..........  143M
  6100K .......... .......... .......... .......... ..........  135M
  6150K .......... .......... .......... .......... .......... 7.99M
  6200K .......... .......... .......... .......... .......... 70.2M
  6250K .......... .......... .......... .......... .......... 86.9M
  6300K .......... .......... .......... .......... ..........  106M
  6350K .......... .......... .......... .......... .......... 96.2M
  6400K .......... .......... .......... .......... .......... 24.7M
  6450K .......... .......... .......... .......... .......... 70.9M
  6500K .......... .......... .......... .......... ..........  105M
  6550K .......... .......... .......... .......... .......... 97.7M
  6600K .......... .......... .......... .......... ..........  108M
  6650K .......... .......... .......... .......... .......... 3.52M
  6700K .......... .......... .......... .......... .......... 60.0M
  6750K .......... .......... .......... .......... .......... 66.1M
  6800K .......... .......... .......... .......... ..........  169M
  6850K .......... .......... .......... .......... ..........  242M
  6900K .......... .......... .......... .......... .......... 3.28M
  6950K .......... .......... .......... .......... .......... 64.1M
  7000K .......... .......... .......... .......... .......... 81.7M
  7050K .......... .......... .......... .......... .......... 96.4M
  7100K .......... .......... .......... .......... ..........  116M
  7150K .......... .......... .......... .......... .......... 2.57M
  7200K .......... .......... .......... .......... ..........  103M
  7250K .......... .......... .......... .......... ..........  105M
  7300K .......... .......... .......... .......... .......... 92.2M
  7350K .......... .......... .......... .......... ..........  111M
  7400K .......... .......... .......... .......... .......... 5.85M
  7450K .......... .......... .......... .......... .......... 87.8M
  7500K .......... .......... .......... .......... ..........  107M
  7550K .......... .......... .......... .......... .......... 98.3M
  7600K .......... .......... .......... .......... ..........  114M
  7650K .......... .......... .......... .......... .......... 6.66M
  7700K .......... .......... .......... .......... .......... 98.5M
  7750K .......... .......... .......... .......... .......... 92.6M
  7800K .......... .......... .......... .......... ..........  111M
  7850K .......... .......... .......... .......... .......... 48.7M
  7900K .......... .......... .......... .......... .......... 6.82M
  7950K .......... .......... .......... .......... .......... 88.0M
  8000K .......... .......... .......... .......... ..........  107M
  8050K .......... .......... .......... .......... .......... 96.8M
  8100K .......... .......... .......... .......... ..........  111M
  8150K .......... .......... .......... .......... .......... 7.21M
  8200K .......... .......... .......... .......... .......... 91.6M
  8250K .......... .......... .......... .......... ..........  102M
  8300K .......... .......... .......... .......... ..........  105M
  8350K .......... .......... .......... .......... .......... 19.1M
  8400K .......... .......... .......... .......... .......... 10.6M
  8450K .......... .......... .......... .......... .......... 43.3M
  8500K .......... .......... .......... .......... ..........  112M
  8550K .......... .......... .......... .......... ..........  116M
  8600K .......... .......... .......... .......... .......... 33.9M
  8650K .......... .......... .......... .......... .......... 85.0M
  8700K .......... .......... .......... .......... .......... 6.74M
  8750K .......... .......... .......... .......... ..........  114M
  8800K .......... .......... .......... .......... .......... 95.8M
  8850K .......... .......... .......... .......... ..........  117M
  8900K .......... .......... .......... .......... .......... 99.8M
  8950K .......... .......... .......... .......... .......... 7.83M
  9000K .......... .......... .......... .......... .......... 99.4M
  9050K .......... .......... .......... .......... .......... 97.0M
  9100K .......... .......... .......... .......... ..........  115M
  9150K .......... .......... .......... .......... .......... 16.7M
  9200K .......... .......... .......... .......... .......... 2.49M
  9250K .......... .......... .......... .......... .......... 98.0M
  9300K .......... .......... .......... .......... .......... 85.7M
  9350K .......... .......... .......... .......... ..........  119M
  9400K .......... .......... .......... .......... .......... 99.5M
  9450K .......... .......... .......... .......... .......... 5.79M
  9500K .......... .......... .......... .......... .......... 73.0M
  9550K .......... .......... .......... .......... ..........  118M
  9600K .......... .......... .......... .......... ..........  102M
  9650K .......... .......... .......... .......... ..........  117M
  9700K .......... .......... .......... .......... .......... 4.96M
  9750K .......... .......... .......... .......... .......... 27.2M
  9800K .......... .......... .......... .......... ..........  105M
  9850K .......... .......... .......... .......... ..........  112M
  9900K .......... .......... .......... .......... ..........  115M
  9950K .......... .......... .......... .......... .......... 6.28M
 10000K .......... .......... .......... .......... .......... 75.4M
 10050K .......... .......... .......... .......... ..........  111M
 10100K .......... .......... .......... .......... ..........  108M
 10150K .......... .......... .......... .......... .......... 32.8M
 10200K .......... .......... .......... .......... .......... 5.57M
 10250K .......... .......... .......... .......... .......... 77.0M
 10300K .......... .......... .......... .......... .......... 84.4M
 10350K .......... .......... .......... .......... .......... 86.6M
 10400K .......... .......... .......... .......... ..........  112M
 10450K .......... .......... .......... .......... .......... 4.10M
 10500K .......... .......... .......... .......... .......... 77.9M
 10550K .......... .......... .......... .......... .......... 91.4M
 10600K .......... .......... .......... .......... ..........  104M
 10650K .......... .......... .......... .......... ..........  113M
 10700K .......... .......... .......... .......... ..........  117M
 10750K .......... .......... .......... .......... .......... 8.29M
 10800K .......... .......... .......... .......... .......... 70.5M
 10850K .......... .......... .......... .......... .......... 92.4M
 10900K .......... .......... .......... .......... ..........  101M
 10950K .......... .......... .......... .......... .......... 14.9M
 11000K .......... .......... .......... .......... .......... 14.2M
 11050K .......... .......... .......... .......... ..........  116M
 11100K .......... .......... .......... .......... ..........  102M
 11150K .......... .......... .......... .......... .......... 15.6M
 11200K .......... .......... .......... .......... .......... 80.9M
 11250K .......... .......... .......... .......... .......... 19.3M
 11300K .......... .......... .......... .......... ..........  237M
 11350K .......... .......... .......... .......... ..........  101M
 11400K .......... .......... .......... .......... .......... 92.5M
 11450K .......... .......... .......... .......... .......... 12.1M
 11500K .......... .......... .......... .......... .......... 19.5M
 11550K .......... .......... .......... .......... ..........  113M
 11600K .......... .......... .......... .......... ..........  103M
 11650K .......... .......... .......... .......... ..........  103M
 11700K .......... .......... .......... .......... ..........  114M
 11750K .......... .......... .......... .......... .......... 8.59M
 11800K .......... .......... .......... .......... .......... 89.7M
 11850K .......... .......... .......... .......... .......... 95.8M
 11900K .......... .......... .......... .......... .......... 55.9M
 11950K .......... .......... .......... .......... ..........  118M
 12000K .......... .......... .......... .......... .......... 9.43M
 12050K .......... .......... .......... .......... .......... 98.2M
 12100K .......... .......... .......... .......... .......... 74.0M
 12150K .......... .......... .......... .......... ..........  110M
 12200K .......... .......... .......... .......... .......... 49.1M
 12250K .......... .......... .......... .......... .......... 8.66M
 12300K .......... .......... .......... .......... .......... 85.1M
 12350K .......... .......... .......... .......... .......... 99.8M
 12400K .......... .......... .......... .......... ..........  114M
 12450K .......... .......... .......... .......... .......... 92.2M
 12500K .......... .......... .......... .......... .......... 9.34M
 12550K .......... .......... .......... .......... .......... 59.9M
 12600K .......... .......... .......... .......... ..........  116M
 12650K .......... .......... .......... .......... .......... 98.3M
 12700K .......... .......... .......... .......... ..........  115M
 12750K .......... .......... .......... .......... .......... 48.2M
 12800K .......... .......... .......... .......... .......... 9.76M
 12850K .......... .......... .......... .......... .......... 94.4M
 12900K .......... .......... .......... .......... .......... 87.3M
 12950K .......... .......... .......... .......... ..........  103M
 13000K .......... .......... .......... .......... .......... 37.9M
 13050K .......... .......... .......... .......... .......... 10.5M
 13100K .......... .......... .......... .......... .......... 97.8M
 13150K .......... .......... .......... .......... .......... 96.5M
 13200K .......... .......... .......... .......... ..........  102M
 13250K .......... .......... .......... .......... .......... 25.3M
 13300K .......... .......... .......... .......... .......... 12.3M
 13350K .......... .......... .......... .......... .......... 85.3M
 13400K .......... .......... .......... .......... ..........  113M
 13450K .......... .......... .......... .......... ..........  105M
 13500K .......... .......... .......... .......... .......... 20.1M
 13550K .......... .......... .......... .......... .......... 11.0M
 13600K .......... .......... .......... .......... .......... 71.6M
 13650K .......... .......... .......... .......... .......... 74.0M
 13700K .......... .......... .......... .......... .......... 99.4M
 13750K .......... .......... .......... .......... .......... 31.6M
 13800K .......... .......... .......... .......... .......... 2.85M
 13850K .......... .......... .......... .......... .......... 71.4M
 13900K .......... .......... .......... .......... ..........  108M
 13950K .......... .......... .......... .......... .......... 79.6M
 14000K .......... .......... .......... .......... .......... 91.5M
 14050K .......... .......... ..........                       83.4M=0.7s

2026-03-07 10:42:46 (19.0 MB/s) - ‘libavif-1.4.0.tar.gz’ saved [14418584]

libavif-1.4.0/
libavif-1.4.0/.clang-format
libavif-1.4.0/.cmake-format.py
libavif-1.4.0/.gitattributes
libavif-1.4.0/.github/
libavif-1.4.0/.github/actions/
libavif-1.4.0/.github/actions/cache/
libavif-1.4.0/.github/actions/cache/action.yml
libavif-1.4.0/.github/actions/setup-common/
libavif-1.4.0/.github/actions/setup-common/action.yml
libavif-1.4.0/.github/actions/setup-linux/
libavif-1.4.0/.github/actions/setup-linux/action.yml
libavif-1.4.0/.github/actions/setup-macos/
libavif-1.4.0/.github/actions/setup-macos/action.yml
libavif-1.4.0/.github/actions/setup-windows/
libavif-1.4.0/.github/actions/setup-windows/action.yml
libavif-1.4.0/.github/dependabot.yml
libavif-1.4.0/.github/workflows/
libavif-1.4.0/.github/workflows/ci-android-emulator-tests.yml
libavif-1.4.0/.github/workflows/ci-android-jni.yml
libavif-1.4.0/.github/workflows/ci-c-warnings.yml
libavif-1.4.0/.github/workflows/ci-disable-gtest.yml
libavif-1.4.0/.github/workflows/ci-format-check.yml
libavif-1.4.0/.github/workflows/ci-fuzztest.yml
libavif-1.4.0/.github/workflows/ci-linux-artifacts.yml
libavif-1.4.0/.github/workflows/ci-linux-coverage.yml
libavif-1.4.0/.github/workflows/ci-linux-golden-tests.yml
libavif-1.4.0/.github/workflows/ci-macos-artifacts.yml
libavif-1.4.0/.github/workflows/ci-mingw.yml
libavif-1.4.0/.github/workflows/ci-unix-shared-installed.yml
libavif-1.4.0/.github/workflows/ci-unix-shared-local.yml
libavif-1.4.0/.github/workflows/ci-unix-static-av2.yml
libavif-1.4.0/.github/workflows/ci-unix-static-sanitized-memory.yml
libavif-1.4.0/.github/workflows/ci-unix-static-sanitized.yml
libavif-1.4.0/.github/workflows/ci-unix-static.yml
libavif-1.4.0/.github/workflows/ci-windows-artifacts.yml
libavif-1.4.0/.github/workflows/ci-windows-installed.yml
libavif-1.4.0/.github/workflows/ci-windows-shared-local.yml
libavif-1.4.0/.github/workflows/ci-windows.yml
libavif-1.4.0/.github/workflows/scorecard.yml
libavif-1.4.0/.gitignore
libavif-1.4.0/CHANGELOG.md
libavif-1.4.0/CMakeLists.txt
libavif-1.4.0/LICENSE
libavif-1.4.0/README.md
libavif-1.4.0/SECURITY.md
libavif-1.4.0/android_jni/
libavif-1.4.0/android_jni/.gitignore
libavif-1.4.0/android_jni/README.md
libavif-1.4.0/android_jni/avifandroidjni/
libavif-1.4.0/android_jni/avifandroidjni/.gitignore
libavif-1.4.0/android_jni/avifandroidjni/build.gradle
libavif-1.4.0/android_jni/avifandroidjni/proguard-rules.pro
libavif-1.4.0/android_jni/avifandroidjni/src/
libavif-1.4.0/android_jni/avifandroidjni/src/androidTest/
libavif-1.4.0/android_jni/avifandroidjni/src/androidTest/AndroidManifest.xml
libavif-1.4.0/android_jni/avifandroidjni/src/androidTest/assets/
libavif-1.4.0/android_jni/avifandroidjni/src/androidTest/assets/README.md
libavif-1.4.0/android_jni/avifandroidjni/src/androidTest/assets/animated_avif/
libavif-1.4.0/android_jni/avifandroidjni/src/androidTest/assets/animated_avif/Chimera-AV1-10bit-480x270.avif
libavif-1.4.0/android_jni/avifandroidjni/src/androidTest/assets/animated_avif/alpha_video.avif
libavif-1.4.0/android_jni/avifandroidjni/src/androidTest/assets/avif/
libavif-1.4.0/android_jni/avifandroidjni/src/androidTest/assets/avif/blue-and-magenta-crop.avif
libavif-1.4.0/android_jni/avifandroidjni/src/androidTest/assets/avif/fox.profile0.10bpc.yuv420.avif
libavif-1.4.0/android_jni/avifandroidjni/src/androidTest/assets/avif/fox.profile0.10bpc.yuv420.monochrome.avif
libavif-1.4.0/android_jni/avifandroidjni/src/androidTest/assets/avif/fox.profile0.8bpc.yuv420.avif
libavif-1.4.0/android_jni/avifandroidjni/src/androidTest/assets/avif/fox.profile0.8bpc.yuv420.monochrome.avif
libavif-1.4.0/android_jni/avifandroidjni/src/androidTest/assets/avif/fox.profile1.10bpc.yuv444.avif
libavif-1.4.0/android_jni/avifandroidjni/src/androidTest/assets/avif/fox.profile1.8bpc.yuv444.avif
libavif-1.4.0/android_jni/avifandroidjni/src/androidTest/assets/avif/fox.profile2.10bpc.yuv422.avif
libavif-1.4.0/android_jni/avifandroidjni/src/androidTest/assets/avif/fox.profile2.12bpc.yuv420.avif
libavif-1.4.0/android_jni/avifandroidjni/src/androidTest/assets/avif/fox.profile2.12bpc.yuv420.monochrome.avif
libavif-1.4.0/android_jni/avifandroidjni/src/androidTest/assets/avif/fox.profile2.12bpc.yuv422.avif
libavif-1.4.0/android_jni/avifandroidjni/src/androidTest/assets/avif/fox.profile2.12bpc.yuv444.avif
libavif-1.4.0/android_jni/avifandroidjni/src/androidTest/assets/avif/fox.profile2.8bpc.yuv422.avif
libavif-1.4.0/android_jni/avifandroidjni/src/androidTest/java/
libavif-1.4.0/android_jni/avifandroidjni/src/androidTest/java/org/
libavif-1.4.0/android_jni/avifandroidjni/src/androidTest/java/org/aomedia/
libavif-1.4.0/android_jni/avifandroidjni/src/androidTest/java/org/aomedia/avif/
libavif-1.4.0/android_jni/avifandroidjni/src/androidTest/java/org/aomedia/avif/android/
libavif-1.4.0/android_jni/avifandroidjni/src/androidTest/java/org/aomedia/avif/android/AvifDecoderTest.java
libavif-1.4.0/android_jni/avifandroidjni/src/androidTest/proguard-rules.pro
libavif-1.4.0/android_jni/avifandroidjni/src/main/
libavif-1.4.0/android_jni/avifandroidjni/src/main/AndroidManifest.xml
libavif-1.4.0/android_jni/avifandroidjni/src/main/java/
libavif-1.4.0/android_jni/avifandroidjni/src/main/java/org/
libavif-1.4.0/android_jni/avifandroidjni/src/main/java/org/aomedia/
libavif-1.4.0/android_jni/avifandroidjni/src/main/java/org/aomedia/avif/
libavif-1.4.0/android_jni/avifandroidjni/src/main/java/org/aomedia/avif/android/
libavif-1.4.0/android_jni/avifandroidjni/src/main/java/org/aomedia/avif/android/AvifDecoder.java
libavif-1.4.0/android_jni/avifandroidjni/src/main/jni/
libavif-1.4.0/android_jni/avifandroidjni/src/main/jni/CMakeLists.txt
libavif-1.4.0/android_jni/avifandroidjni/src/main/jni/libavif_jni.cc
libavif-1.4.0/android_jni/build.gradle
libavif-1.4.0/android_jni/gradle.properties
libavif-1.4.0/android_jni/gradle/
libavif-1.4.0/android_jni/gradle/wrapper/
libavif-1.4.0/android_jni/gradle/wrapper/gradle-wrapper.jar
libavif-1.4.0/android_jni/gradle/wrapper/gradle-wrapper.properties
libavif-1.4.0/android_jni/gradlew
libavif-1.4.0/android_jni/gradlew.bat
libavif-1.4.0/android_jni/settings.gradle
libavif-1.4.0/apps/
libavif-1.4.0/apps/avifdec.c
libavif-1.4.0/apps/avifenc.c
libavif-1.4.0/apps/avifgainmaputil/
libavif-1.4.0/apps/avifgainmaputil/.clang-format
libavif-1.4.0/apps/avifgainmaputil/avifgainmaputil.cc
libavif-1.4.0/apps/avifgainmaputil/combine_command.cc
libavif-1.4.0/apps/avifgainmaputil/combine_command.h
libavif-1.4.0/apps/avifgainmaputil/convert_command.cc
libavif-1.4.0/apps/avifgainmaputil/convert_command.h
libavif-1.4.0/apps/avifgainmaputil/extractgainmap_command.cc
libavif-1.4.0/apps/avifgainmaputil/extractgainmap_command.h
libavif-1.4.0/apps/avifgainmaputil/imageio.cc
libavif-1.4.0/apps/avifgainmaputil/imageio.h
libavif-1.4.0/apps/avifgainmaputil/printmetadata_command.cc
libavif-1.4.0/apps/avifgainmaputil/printmetadata_command.h
libavif-1.4.0/apps/avifgainmaputil/program_command.cc
libavif-1.4.0/apps/avifgainmaputil/program_command.h
libavif-1.4.0/apps/avifgainmaputil/swapbase_command.cc
libavif-1.4.0/apps/avifgainmaputil/swapbase_command.h
libavif-1.4.0/apps/avifgainmaputil/tonemap_command.cc
libavif-1.4.0/apps/avifgainmaputil/tonemap_command.h
libavif-1.4.0/apps/shared/
libavif-1.4.0/apps/shared/avifexif.c
libavif-1.4.0/apps/shared/avifexif.h
libavif-1.4.0/apps/shared/avifjpeg.c
libavif-1.4.0/apps/shared/avifjpeg.h
libavif-1.4.0/apps/shared/avifpng.c
libavif-1.4.0/apps/shared/avifpng.h
libavif-1.4.0/apps/shared/avifutil.c
libavif-1.4.0/apps/shared/avifutil.h
libavif-1.4.0/apps/shared/iccmaker.c
libavif-1.4.0/apps/shared/iccmaker.h
libavif-1.4.0/apps/shared/y4m.c
libavif-1.4.0/apps/shared/y4m.h
libavif-1.4.0/apps/utf8.manifest
libavif-1.4.0/apps/utf8.rc
libavif-1.4.0/cmake/
libavif-1.4.0/cmake/Meson/
libavif-1.4.0/cmake/Meson/crossfile-apple.meson.in
libavif-1.4.0/cmake/Modules/
libavif-1.4.0/cmake/Modules/AvifExternalProjectUtils.cmake
libavif-1.4.0/cmake/Modules/Findaom.cmake
libavif-1.4.0/cmake/Modules/Finddav1d.cmake
libavif-1.4.0/cmake/Modules/Findlibgav1.cmake
libavif-1.4.0/cmake/Modules/Findlibsharpyuv.cmake
libavif-1.4.0/cmake/Modules/Findlibyuv.cmake
libavif-1.4.0/cmake/Modules/Findrav1e.cmake
libavif-1.4.0/cmake/Modules/Findsvt.cmake
libavif-1.4.0/cmake/Modules/LocalAom.cmake
libavif-1.4.0/cmake/Modules/LocalAvm.cmake
libavif-1.4.0/cmake/Modules/LocalAvm.diff
libavif-1.4.0/cmake/Modules/LocalDav1d.cmake
libavif-1.4.0/cmake/Modules/LocalFuzztest.cmake
libavif-1.4.0/cmake/Modules/LocalGTest.cmake
libavif-1.4.0/cmake/Modules/LocalJpeg.cmake
libavif-1.4.0/cmake/Modules/LocalLibXml2.cmake
libavif-1.4.0/cmake/Modules/LocalLibargparse.cmake
libavif-1.4.0/cmake/Modules/LocalLibgav1.cmake
libavif-1.4.0/cmake/Modules/LocalLibsharpyuv.cmake
libavif-1.4.0/cmake/Modules/LocalLibyuv.cmake
libavif-1.4.0/cmake/Modules/LocalRav1e.cmake
libavif-1.4.0/cmake/Modules/LocalSvt.cmake
libavif-1.4.0/cmake/Modules/LocalZlibpng.cmake
libavif-1.4.0/cmake/Modules/merge_static_libs.cmake
libavif-1.4.0/contrib/
libavif-1.4.0/contrib/CMakeLists.txt
libavif-1.4.0/contrib/README.md
libavif-1.4.0/contrib/gdk-pixbuf/
libavif-1.4.0/contrib/gdk-pixbuf/.clang-format
libavif-1.4.0/contrib/gdk-pixbuf/CMakeLists.txt
libavif-1.4.0/contrib/gdk-pixbuf/avif.thumbnailer.in
libavif-1.4.0/contrib/gdk-pixbuf/loader.c
libavif-1.4.0/contrib/irefmerge.coffee
libavif-1.4.0/doc/
libavif-1.4.0/doc/README.md
libavif-1.4.0/doc/avifdec.1.md
libavif-1.4.0/doc/avifenc.1.md
libavif-1.4.0/examples/
libavif-1.4.0/examples/avif_example_decode_file.c
libavif-1.4.0/examples/avif_example_decode_memory.c
libavif-1.4.0/examples/avif_example_decode_streaming.c
libavif-1.4.0/examples/avif_example_encode.c
libavif-1.4.0/ext/
libavif-1.4.0/ext/README.md
libavif-1.4.0/ext/aom.cmd
libavif-1.4.0/ext/compliance_warden.sh
libavif-1.4.0/ext/dav1d.cmd
libavif-1.4.0/ext/dav1d_android.sh
libavif-1.4.0/ext/fuzztest.cmd
libavif-1.4.0/ext/googletest.cmd
libavif-1.4.0/ext/libargparse.cmd
libavif-1.4.0/ext/libgav1.cmd
libavif-1.4.0/ext/libgav1_android.sh
libavif-1.4.0/ext/libjpeg.cmd
libavif-1.4.0/ext/libsharpyuv.cmd
libavif-1.4.0/ext/libxml2.cmd
libavif-1.4.0/ext/libyuv.cmd
libavif-1.4.0/ext/libyuv_android.sh
libavif-1.4.0/ext/mp4box.sh
libavif-1.4.0/ext/rav1e.cmd
libavif-1.4.0/ext/svt.cmd
libavif-1.4.0/ext/svt.sh
libavif-1.4.0/ext/zlibpng.cmd
libavif-1.4.0/include/
libavif-1.4.0/include/avif/
libavif-1.4.0/include/avif/avif.h
libavif-1.4.0/include/avif/avif_cxx.h
libavif-1.4.0/include/avif/internal.h
libavif-1.4.0/libavif.pc.cmake
libavif-1.4.0/src/
libavif-1.4.0/src/alpha.c
libavif-1.4.0/src/avif.c
libavif-1.4.0/src/codec_aom.c
libavif-1.4.0/src/codec_avm.c
libavif-1.4.0/src/codec_dav1d.c
libavif-1.4.0/src/codec_libgav1.c
libavif-1.4.0/src/codec_rav1e.c
libavif-1.4.0/src/codec_svt.c
libavif-1.4.0/src/colr.c
libavif-1.4.0/src/colrconvert.c
libavif-1.4.0/src/compliance.cc
libavif-1.4.0/src/diag.c
libavif-1.4.0/src/exif.c
libavif-1.4.0/src/gainmap.c
libavif-1.4.0/src/io.c
libavif-1.4.0/src/mem.c
libavif-1.4.0/src/obu.c
libavif-1.4.0/src/properties.c
libavif-1.4.0/src/rawdata.c
libavif-1.4.0/src/read.c
libavif-1.4.0/src/reformat.c
libavif-1.4.0/src/reformat_libsharpyuv.c
libavif-1.4.0/src/reformat_libyuv.c
libavif-1.4.0/src/sampletransform.c
libavif-1.4.0/src/scale.c
libavif-1.4.0/src/stream.c
libavif-1.4.0/src/utils.c
libavif-1.4.0/src/write.c
libavif-1.4.0/tests/
libavif-1.4.0/tests/CMakeLists.txt
libavif-1.4.0/tests/CTestCustom.cmake
libavif-1.4.0/tests/aviftest.c
libavif-1.4.0/tests/avifyuv.c
libavif-1.4.0/tests/cmd_test_common.sh
libavif-1.4.0/tests/data/
libavif-1.4.0/tests/data/ArcTriomphe-cHRM-orig.png
libavif-1.4.0/tests/data/ArcTriomphe-cHRM-red-green-swap-reference.png
libavif-1.4.0/tests/data/ArcTriomphe-cHRM-red-green-swap.png
libavif-1.4.0/tests/data/README.md
libavif-1.4.0/tests/data/abc.png
libavif-1.4.0/tests/data/abc_color_irot_alpha_NOirot.avif
libavif-1.4.0/tests/data/abc_color_irot_alpha_irot.avif
libavif-1.4.0/tests/data/alpha_noispe.avif
libavif-1.4.0/tests/data/apple_gainmap_new.jpg
libavif-1.4.0/tests/data/apple_gainmap_old.jpg
libavif-1.4.0/tests/data/arc_triomphe_extent1000_nullbyte_extent1310.avif
libavif-1.4.0/tests/data/circle-trns-after-plte.png
libavif-1.4.0/tests/data/circle-trns-before-plte.png
libavif-1.4.0/tests/data/circle_custom_properties.avif
libavif-1.4.0/tests/data/clap_irot_imir_non_essential.avif
libavif-1.4.0/tests/data/clop_irot_imor.avif
libavif-1.4.0/tests/data/color_grid_alpha_grid_gainmap_nogrid.avif
libavif-1.4.0/tests/data/color_grid_alpha_grid_tile_shared_in_dimg.avif
libavif-1.4.0/tests/data/color_grid_alpha_nogrid.avif
libavif-1.4.0/tests/data/color_grid_gainmap_different_grid.avif
libavif-1.4.0/tests/data/color_nogrid_alpha_nogrid_gainmap_grid.avif
libavif-1.4.0/tests/data/colors-animated-12bpc-keyframes-0-2-3.avif
libavif-1.4.0/tests/data/colors-animated-8bpc-alpha-exif-xmp.avif
libavif-1.4.0/tests/data/colors-animated-8bpc-audio.avif
libavif-1.4.0/tests/data/colors-animated-8bpc-depth-exif-xmp.avif
libavif-1.4.0/tests/data/colors-animated-8bpc.avif
libavif-1.4.0/tests/data/colors_hdr_p3.avif
libavif-1.4.0/tests/data/colors_hdr_rec2020.avif
libavif-1.4.0/tests/data/colors_hdr_srgb.avif
libavif-1.4.0/tests/data/colors_sdr_srgb.avif
libavif-1.4.0/tests/data/colors_text_hdr_p3.avif
libavif-1.4.0/tests/data/colors_text_hdr_rec2020.avif
libavif-1.4.0/tests/data/colors_text_hdr_srgb.avif
libavif-1.4.0/tests/data/colors_text_sdr_srgb.avif
libavif-1.4.0/tests/data/colors_text_wcg_hdr_rec2020.avif
libavif-1.4.0/tests/data/colors_text_wcg_sdr_rec2020.avif
libavif-1.4.0/tests/data/colors_wcg_hdr_rec2020.avif
libavif-1.4.0/tests/data/cosmos1650_yuv444_10bpc_p3pq.y4m
libavif-1.4.0/tests/data/dog_exif_extended_xmp_icc.jpg
libavif-1.4.0/tests/data/draw_points.png
libavif-1.4.0/tests/data/draw_points_idat.avif
libavif-1.4.0/tests/data/draw_points_idat_metasize0.avif
libavif-1.4.0/tests/data/draw_points_idat_progressive.avif
libavif-1.4.0/tests/data/draw_points_idat_progressive_metasize0.avif
libavif-1.4.0/tests/data/extended_pixi.avif
libavif-1.4.0/tests/data/ffffcc-gamma1.6.png
libavif-1.4.0/tests/data/ffffcc-gamma2.2.png
libavif-1.4.0/tests/data/ffffcc-srgb.png
libavif-1.4.0/tests/data/ffffff-gamma1.6.png
libavif-1.4.0/tests/data/ffffff-gamma2.2.png
libavif-1.4.0/tests/data/goldens/
libavif-1.4.0/tests/data/goldens/apple_gainmap_new.jpg.avif.xml
libavif-1.4.0/tests/data/goldens/apple_gainmap_old.jpg.avif.xml
libavif-1.4.0/tests/data/goldens/circle-trns-after-plte.png.avif.xml
libavif-1.4.0/tests/data/goldens/dog_exif_extended_xmp_icc.jpg.avif.xml
libavif-1.4.0/tests/data/goldens/kodim03_23_animation.avif.xml
libavif-1.4.0/tests/data/goldens/kodim03_23_animation_keyframes.avif.xml
libavif-1.4.0/tests/data/goldens/kodim03_yuv420_8bpc.y4m.avif.xml
libavif-1.4.0/tests/data/goldens/paris_exif_xmp_gainmap_bigendian.jpg.avif.xml
libavif-1.4.0/tests/data/goldens/paris_exif_xmp_gainmap_bigendian_grid.avif.xml
libavif-1.4.0/tests/data/goldens/paris_exif_xmp_gainmap_bigendian_ignore.jpg.avif.xml
libavif-1.4.0/tests/data/goldens/paris_exif_xmp_gainmap_littleendian.jpg.avif.xml
libavif-1.4.0/tests/data/goldens/paris_exif_xmp_icc_gainmap_bigendian.jpg.avif.xml
libavif-1.4.0/tests/data/goldens/paris_icc_exif_xmp.png.avif.xml
libavif-1.4.0/tests/data/io/
libavif-1.4.0/tests/data/io/cosmos1650_yuv444_10bpc_p3pq.avif
libavif-1.4.0/tests/data/io/kodim03_yuv420_8bpc.avif
libavif-1.4.0/tests/data/io/kodim23_yuv420_8bpc.avif
libavif-1.4.0/tests/data/kodim03_grayscale_cicp.png
libavif-1.4.0/tests/data/kodim03_grayscale_gamma1.6-reference.png
libavif-1.4.0/tests/data/kodim03_grayscale_gamma1.6.png
libavif-1.4.0/tests/data/kodim03_yuv420_8bpc.y4m
libavif-1.4.0/tests/data/kodim23_yuv420_8bpc.y4m
libavif-1.4.0/tests/data/paris_exif_orientation_5.jpg
libavif-1.4.0/tests/data/paris_exif_xmp_gainmap_bigendian.jpg
libavif-1.4.0/tests/data/paris_exif_xmp_gainmap_littleendian.jpg
libavif-1.4.0/tests/data/paris_exif_xmp_icc.jpg
libavif-1.4.0/tests/data/paris_exif_xmp_icc_gainmap_bigendian.jpg
libavif-1.4.0/tests/data/paris_exif_xmp_modified_icc.jpg
libavif-1.4.0/tests/data/paris_extended_xmp.jpg
libavif-1.4.0/tests/data/paris_icc_exif_xmp.avif
libavif-1.4.0/tests/data/paris_icc_exif_xmp.png
libavif-1.4.0/tests/data/paris_icc_exif_xmp_at_end.png
libavif-1.4.0/tests/data/paris_xmp_trailing_null.jpg
libavif-1.4.0/tests/data/sRGB2014.icc
libavif-1.4.0/tests/data/seine_hdr_gainmap_small_srgb.avif
libavif-1.4.0/tests/data/seine_hdr_gainmap_srgb.avif
libavif-1.4.0/tests/data/seine_hdr_gainmap_wrongaltr.avif
libavif-1.4.0/tests/data/seine_hdr_rec2020.avif
libavif-1.4.0/tests/data/seine_hdr_srgb.avif
libavif-1.4.0/tests/data/seine_sdr_gainmap_big_srgb.avif
libavif-1.4.0/tests/data/seine_sdr_gainmap_gammazero.avif
libavif-1.4.0/tests/data/seine_sdr_gainmap_notmapbrand.avif
libavif-1.4.0/tests/data/seine_sdr_gainmap_srgb.avif
libavif-1.4.0/tests/data/seine_sdr_gainmap_srgb.jpg
libavif-1.4.0/tests/data/sofa_grid1x5_420.avif
libavif-1.4.0/tests/data/sofa_grid1x5_420_dimg_repeat.avif
libavif-1.4.0/tests/data/sofa_grid1x5_420_reversed_dimg_order.avif
libavif-1.4.0/tests/data/sources/
libavif-1.4.0/tests/data/sources/colors.psd
libavif-1.4.0/tests/data/sources/seine.psd
libavif-1.4.0/tests/data/supported_gainmap_writer_version_with_extra_bytes.avif
libavif-1.4.0/tests/data/unsupported_gainmap_minimum_version.avif
libavif-1.4.0/tests/data/unsupported_gainmap_version.avif
libavif-1.4.0/tests/data/unsupported_gainmap_writer_version_with_extra_bytes.avif
libavif-1.4.0/tests/data/webp_logo_animated.y4m
libavif-1.4.0/tests/data/weld_16bit.png
libavif-1.4.0/tests/data/weld_sato_12B_8B_q0.avif
libavif-1.4.0/tests/data/white_1x1.avif
libavif-1.4.0/tests/golden_test_common.sh
libavif-1.4.0/tests/gtest/
libavif-1.4.0/tests/gtest/.clang-format
libavif-1.4.0/tests/gtest/are_images_equal.cc
libavif-1.4.0/tests/gtest/avif16bittest.cc
libavif-1.4.0/tests/gtest/avif_fuzztest_dec.cc
libavif-1.4.0/tests/gtest/avif_fuzztest_dec_incr.cc
libavif-1.4.0/tests/gtest/avif_fuzztest_enc_dec.cc
libavif-1.4.0/tests/gtest/avif_fuzztest_enc_dec_anim.cc
libavif-1.4.0/tests/gtest/avif_fuzztest_enc_dec_incr.cc
libavif-1.4.0/tests/gtest/avif_fuzztest_helpers.cc
libavif-1.4.0/tests/gtest/avif_fuzztest_helpers.h
libavif-1.4.0/tests/gtest/avif_fuzztest_properties.cc
libavif-1.4.0/tests/gtest/avif_fuzztest_read_image.cc
libavif-1.4.0/tests/gtest/avif_fuzztest_yuvrgb.cc
libavif-1.4.0/tests/gtest/avifallocationtest.cc
libavif-1.4.0/tests/gtest/avifalphanoispetest.cc
libavif-1.4.0/tests/gtest/avifalphapremtest.cc
libavif-1.4.0/tests/gtest/avifaltrtest.cc
libavif-1.4.0/tests/gtest/avifanimationtest.cc
libavif-1.4.0/tests/gtest/avifavmminitest.cc
libavif-1.4.0/tests/gtest/avifavmtest.cc
libavif-1.4.0/tests/gtest/avifbasictest.cc
libavif-1.4.0/tests/gtest/avifchangesettingtest.cc
libavif-1.4.0/tests/gtest/avifcicptest.cc
libavif-1.4.0/tests/gtest/avifclaptest.cc
libavif-1.4.0/tests/gtest/avifcllitest.cc
libavif-1.4.0/tests/gtest/avifcodectest.cc
libavif-1.4.0/tests/gtest/avifcolrconverttest.cc
libavif-1.4.0/tests/gtest/avifcolrtest.cc
libavif-1.4.0/tests/gtest/avifdecodetest.cc
libavif-1.4.0/tests/gtest/avifdimgtest.cc
libavif-1.4.0/tests/gtest/avifencodetest.cc
libavif-1.4.0/tests/gtest/avifgainmaptest.cc
libavif-1.4.0/tests/gtest/avifgridapitest.cc
libavif-1.4.0/tests/gtest/avifheadertest.cc
libavif-1.4.0/tests/gtest/avifilocextenttest.cc
libavif-1.4.0/tests/gtest/avifimagetest.cc
libavif-1.4.0/tests/gtest/avifincrtest.cc
libavif-1.4.0/tests/gtest/avifincrtest_helpers.cc
libavif-1.4.0/tests/gtest/avifincrtest_helpers.h
libavif-1.4.0/tests/gtest/avifiostatstest.cc
libavif-1.4.0/tests/gtest/avifjpeggainmaptest.cc
libavif-1.4.0/tests/gtest/avifkeyframetest.cc
libavif-1.4.0/tests/gtest/aviflosslesstest.cc
libavif-1.4.0/tests/gtest/avifmetadatatest.cc
libavif-1.4.0/tests/gtest/avifminitest.cc
libavif-1.4.0/tests/gtest/avifopaquetest.cc
libavif-1.4.0/tests/gtest/avifpixitest.cc
libavif-1.4.0/tests/gtest/avifpng16bittest.cc
libavif-1.4.0/tests/gtest/avifprogressivetest.cc
libavif-1.4.0/tests/gtest/avifpropertytest.cc
libavif-1.4.0/tests/gtest/avifpropinternaltest.cc
libavif-1.4.0/tests/gtest/avifrangetest.cc
libavif-1.4.0/tests/gtest/avifreadimagetest.cc
libavif-1.4.0/tests/gtest/avifrgbtest.cc
libavif-1.4.0/tests/gtest/avifrgbtoyuvtest.cc
libavif-1.4.0/tests/gtest/avifrgbtoyuvthreadingtest.cc
libavif-1.4.0/tests/gtest/avifsampletransformtest.cc
libavif-1.4.0/tests/gtest/avifscaletest.cc
libavif-1.4.0/tests/gtest/avifsize0test.cc
libavif-1.4.0/tests/gtest/avifstreamtest.cc
libavif-1.4.0/tests/gtest/avifsvttest.cc
libavif-1.4.0/tests/gtest/aviftest_helpers.cc
libavif-1.4.0/tests/gtest/aviftest_helpers.h
libavif-1.4.0/tests/gtest/aviftilingtest.cc
libavif-1.4.0/tests/gtest/aviftransformtest.cc
libavif-1.4.0/tests/gtest/aviftunetest.cc
libavif-1.4.0/tests/gtest/avifutilstest.cc
libavif-1.4.0/tests/gtest/avify4mtest.cc
libavif-1.4.0/tests/oss-fuzz/
libavif-1.4.0/tests/oss-fuzz/README.md
libavif-1.4.0/tests/oss-fuzz/build.sh
libavif-1.4.0/tests/test_all_configurations.sh
libavif-1.4.0/tests/test_cmd.sh
libavif-1.4.0/tests/test_cmd_animation.sh
libavif-1.4.0/tests/test_cmd_avifgainmaputil.sh
libavif-1.4.0/tests/test_cmd_avm.sh
libavif-1.4.0/tests/test_cmd_avm_lossless.sh
libavif-1.4.0/tests/test_cmd_depth_extension.sh
libavif-1.4.0/tests/test_cmd_enc_boxes_golden.sh
libavif-1.4.0/tests/test_cmd_enc_gainmap_boxes_golden.sh
libavif-1.4.0/tests/test_cmd_gainmap.sh
libavif-1.4.0/tests/test_cmd_grid.sh
libavif-1.4.0/tests/test_cmd_icc_profile.sh
libavif-1.4.0/tests/test_cmd_lossless.sh
libavif-1.4.0/tests/test_cmd_metadata.sh
libavif-1.4.0/tests/test_cmd_progressive.sh
libavif-1.4.0/tests/test_cmd_stdin.sh
libavif-1.4.0/tests/test_cmd_targetsize.sh
libavif-1.4.0/tests/test_cmd_transform.sh
libavif-1.4.0/third_party/
libavif-1.4.0/third_party/README.md
libavif-1.4.0/third_party/iccjpeg/
libavif-1.4.0/third_party/iccjpeg/iccjpeg.c
libavif-1.4.0/third_party/iccjpeg/iccjpeg.h
libavif-1.4.0/third_party/libyuv/
libavif-1.4.0/third_party/libyuv/AUTHORS
libavif-1.4.0/third_party/libyuv/include/
libavif-1.4.0/third_party/libyuv/include/libyuv.h
libavif-1.4.0/third_party/libyuv/include/libyuv/
libavif-1.4.0/third_party/libyuv/include/libyuv/basic_types.h
libavif-1.4.0/third_party/libyuv/include/libyuv/planar_functions.h
libavif-1.4.0/third_party/libyuv/include/libyuv/row.h
libavif-1.4.0/third_party/libyuv/include/libyuv/scale.h
libavif-1.4.0/third_party/libyuv/include/libyuv/scale_row.h
libavif-1.4.0/third_party/libyuv/include/libyuv/version.h
libavif-1.4.0/third_party/libyuv/source/
libavif-1.4.0/third_party/libyuv/source/planar_functions.c
libavif-1.4.0/third_party/libyuv/source/row_common.c
libavif-1.4.0/third_party/libyuv/source/scale.c
libavif-1.4.0/third_party/libyuv/source/scale_any.c
libavif-1.4.0/third_party/libyuv/source/scale_common.c
-- The C compiler identification is GNU 15.2.0
-- Detecting C compiler ABI info
-- Detecting C compiler ABI info - done
-- Check for working C compiler: /usr/bin/cc - skipped
-- Detecting C compile features
-- Detecting C compile features - done
-- Found PkgConfig: /usr/bin/pkg-config (found version "2.5.1")
-- libavif: Enabling warnings for GCC
-- Performing Test CMAKE_HAVE_LIBC_PTHREAD
-- Performing Test CMAKE_HAVE_LIBC_PTHREAD - Success
-- Found Threads: TRUE
CMake Warning at CMakeLists.txt:572 (message):
  libavif: No decoding library is enabled.


-- Checking for one of the modules 'gdk-pixbuf-2.0'
-- Configuring done (1.5s)
-- Generating done (0.1s)
-- Build files have been written to: /blfs/builds/libavif-1.4.0/build
[1/31] Building C object CMakeFiles/avif_obj.dir/src/mem.c.o
[2/31] Building C object CMakeFiles/avif_obj.dir/src/diag.c.o
[3/31] Building C object CMakeFiles/avif_obj.dir/src/properties.c.o
[4/31] Building C object CMakeFiles/avif_obj.dir/src/rawdata.c.o
[5/31] Building C object CMakeFiles/avif_obj.dir/src/exif.c.o
[6/31] Building C object CMakeFiles/avif_obj.dir/src/reformat_libyuv.c.o
[7/31] Building C object CMakeFiles/avif_obj.dir/src/io.c.o
[8/31] Building C object CMakeFiles/avif_obj.dir/src/reformat_libsharpyuv.c.o
[9/31] Building C object CMakeFiles/avif_obj.dir/src/colrconvert.c.o
[10/31] Building C object CMakeFiles/avif_obj.dir/src/scale.c.o
[11/31] Building C object CMakeFiles/avif_obj.dir/src/colr.c.o
[12/31] Building C object CMakeFiles/avif_obj.dir/src/alpha.c.o
[13/31] Building C object CMakeFiles/avif_obj.dir/third_party/libyuv/source/scale_any.c.o
[14/31] Building C object CMakeFiles/avif_obj.dir/src/sampletransform.c.o
[15/31] Building C object CMakeFiles/avif_obj.dir/src/utils.c.o
[16/31] Building C object CMakeFiles/avif_obj.dir/third_party/libyuv/source/planar_functions.c.o
[17/31] Building C object CMakeFiles/avif_obj.dir/src/avif.c.o
[18/31] Building C object CMakeFiles/avif_obj.dir/src/stream.c.o
[19/31] Building C object CMakeFiles/avif_obj.dir/third_party/libyuv/source/row_common.c.o
[20/31] Building C object CMakeFiles/avif_obj.dir/src/gainmap.c.o
[21/31] Building C object CMakeFiles/avif_obj.dir/third_party/libyuv/source/scale.c.o
[22/31] Building C object CMakeFiles/avif_obj.dir/src/obu.c.o
[23/31] Building C object CMakeFiles/avif_obj.dir/third_party/libyuv/source/scale_common.c.o
[24/31] Building C object contrib/gdk-pixbuf/CMakeFiles/pixbufloader-avif.dir/loader.c.o
[25/31] Building C object CMakeFiles/avif_obj.dir/src/write.c.o
[26/31] Building C object CMakeFiles/avif_obj.dir/src/reformat.c.o
[27/31] Building C object CMakeFiles/avif_obj.dir/src/read.c.o
[28/31] Linking C shared library libavif.so.16.4.0
[29/31] Creating library symlink libavif.so.16 libavif.so
[30/31] Linking C static library libavif_internal.a
[31/31] Linking C shared module contrib/gdk-pixbuf/libpixbufloader-avif.so
[0/1] Install the project...
-- Install configuration: "Release"
-- Installing: /pkgs/libavif/usr/lib/libavif.so.16.4.0
-- Installing: /pkgs/libavif/usr/lib/libavif.so.16
-- Installing: /pkgs/libavif/usr/lib/libavif.so
-- Installing: /pkgs/libavif/usr/lib/cmake/libavif/libavif-config.cmake
-- Installing: /pkgs/libavif/usr/lib/cmake/libavif/libavif-config-release.cmake
-- Installing: /pkgs/libavif/usr/lib/cmake/libavif/libavif-config-version.cmake
-- Installing: /pkgs/libavif/usr/lib/pkgconfig/libavif.pc
-- Installing: /pkgs/libavif/usr/include/avif/avif.h
-- Installing: /pkgs/libavif/usr/include/avif/avif_cxx.h
-- Installing: /pkgs/libavif/usr/lib/gdk-pixbuf-2.0/2.10.0/loaders/libpixbufloader-avif.so
-- Set non-toolchain portion of runtime path of "/pkgs/libavif/usr/lib/gdk-pixbuf-2.0/2.10.0/loaders/libpixbufloader-avif.so" to ""
-- Installing: /pkgs/libavif/usr/share/thumbnailers/avif.thumbnailer
[0/1] Install the project...
-- Install configuration: "Release"
-- Installing: /usr/lib/libavif.so.16.4.0
-- Installing: /usr/lib/libavif.so.16
-- Up-to-date: /usr/lib/libavif.so
-- Old export file "/usr/lib/cmake/libavif/libavif-config.cmake" will be replaced.  Removing files [/usr/lib/cmake/libavif/libavif-config-release.cmake, /usr/lib/cmake/libavif/libavif-config-version.cmake].
-- Installing: /usr/lib/cmake/libavif/libavif-config.cmake
-- Installing: /usr/lib/cmake/libavif/libavif-config-release.cmake
-- Installing: /usr/lib/cmake/libavif/libavif-config-version.cmake
-- Installing: /usr/lib/pkgconfig/libavif.pc
-- Installing: /usr/include/avif/avif.h
-- Installing: /usr/include/avif/avif_cxx.h
-- Installing: /usr/lib/gdk-pixbuf-2.0/2.10.0/loaders/libpixbufloader-avif.so
-- Set non-toolchain portion of runtime path of "/usr/lib/gdk-pixbuf-2.0/2.10.0/loaders/libpixbufloader-avif.so" to ""
-- Installing: /usr/share/thumbnailers/avif.thumbnailer
libavif/
libavif/usr/
libavif/usr/include/
libavif/usr/include/avif/
libavif/usr/include/avif/avif.h
libavif/usr/include/avif/avif_cxx.h
libavif/usr/share/
libavif/usr/share/thumbnailers/
libavif/usr/share/thumbnailers/avif.thumbnailer
libavif/usr/lib/
libavif/usr/lib/libavif.so.16.4.0
libavif/usr/lib/gdk-pixbuf-2.0/
libavif/usr/lib/gdk-pixbuf-2.0/2.10.0/
libavif/usr/lib/gdk-pixbuf-2.0/2.10.0/loaders/
libavif/usr/lib/gdk-pixbuf-2.0/2.10.0/loaders/libpixbufloader-avif.so
libavif/usr/lib/pkgconfig/
libavif/usr/lib/pkgconfig/libavif.pc
libavif/usr/lib/libavif.so.16
libavif/usr/lib/libavif.so
libavif/usr/lib/cmake/
libavif/usr/lib/cmake/libavif/
libavif/usr/lib/cmake/libavif/libavif-config.cmake
libavif/usr/lib/cmake/libavif/libavif-config-version.cmake
libavif/usr/lib/cmake/libavif/libavif-config-release.cmake
libavif/version
libavif/postinst
libavif/depends
